
[1m[46m RUN [49m[22m [36mv4.0.18 [39m[90mC:/Users/Administrator/Documents/mihasv3[39m

 [32mΓ£ô[39m tests/property/stateVerifier.property.test.ts[2m > [22mProperty 7: State Handling Verification[2m > [22mLoading state handling detection[2m > [22mPROPERTY: Pages with useQuery that have isLoading conditionals are detected[33m 14905[2mms[22m[39m
 [32mΓ£ô[39m tests/property/stateVerifier.property.test.ts[2m > [22mProperty 7: State Handling Verification[2m > [22mLoading state handling detection[2m > [22mPROPERTY: Pages with isPending conditionals are detected (React Query v5)[33m 301[2mms[22m[39m
 [32mΓ£ô[39m tests/property/stateVerifier.property.test.ts[2m > [22mProperty 7: State Handling Verification[2m > [22mLoading state handling detection[2m > [22mPROPERTY: Pages with Skeleton components are detected as having loading handling[33m 7501[2mms[22m[39m
 [32mΓ£ô[39m tests/property/stateVerifier.property.test.ts[2m > [22mProperty 7: State Handling Verification[2m > [22mLoading state handling detection[2m > [22mPROPERTY: Pages with Spinner components are detected as having loading handling[32m 101[2mms[22m[39m
 [32mΓ£ô[39m tests/property/stateVerifier.property.test.ts[2m > [22mProperty 7: State Handling Verification[2m > [22mLoading state handling detection[2m > [22mPROPERTY: Pages with LoadingSpinner components are detected[32m 212[2mms[22m[39m
 [32mΓ£ô[39m tests/property/stateVerifier.property.test.ts[2m > [22mProperty 7: State Handling Verification[2m > [22mLoading state handling detection[2m > [22mPROPERTY: Pages with Suspense fallback are detected as having loading handling[32m 294[2mms[22m[39m
 [32mΓ£ô[39m tests/property/stateVerifier.property.test.ts[2m > [22mProperty 7: State Handling Verification[2m > [22mEmpty state handling detection[2m > [22mPROPERTY: Pages with isEmpty or length === 0 checks are detected as having empty handling[33m 8098[2mms[22m[39m
 [32mΓ£ô[39m tests/property/stateVerifier.property.test.ts[2m > [22mProperty 7: State Handling Verification[2m > [22mEmpty state handling detection[2m > [22mPROPERTY: Pages with !data?.length checks are detected[32m 2[2mms[22m[39m
 [32mΓ£ô[39m tests/property/stateVerifier.property.test.ts[2m > [22mProperty 7: State Handling Verification[2m > [22mEmpty state handling detection[2m > [22mPROPERTY: Pages with nullish checks (!data) are detected[32m 3[2mms[22m[39m
 [32mΓ£ô[39m tests/property/stateVerifier.property.test.ts[2m > [22mProperty 7: State Handling Verification[2m > [22mEmpty state handling detection[2m > [22mPROPERTY: Pages with EmptyState components are detected[32m 2[2mms[22m[39m
 [32mΓ£ô[39m tests/property/stateVerifier.property.test.ts[2m > [22mProperty 7: State Handling Verification[2m > [22mEmpty state handling detection[2m > [22mPROPERTY: Pages with "No data" messages are detected[33m 3593[2mms[22m[39m
 [32mΓ£ô[39m tests/property/raceDetector.property.test.ts[2m > [22mProperty 8: Race Condition Detection[2m > [22museEffect without dependency array detection[2m > [22mPROPERTY: useEffect without dependency array is flagged as high severity risk[33m 8099[2mms[22m[39m
 [32mΓ£ô[39m tests/property/stateVerifier.property.test.ts[2m > [22mProperty 7: State Handling Verification[2m > [22mMissing state handling detection[2m > [22mPROPERTY: Pages with data fetching but no loading state handling are flagged[33m 5396[2mms[22m[39m
 [32mΓ£ô[39m tests/property/raceDetector.property.test.ts[2m > [22mProperty 8: Race Condition Detection[2m > [22mEmpty dependency array with external variables detection[2m > [22mPROPERTY: useEffect with empty dependency array using external variables is flagged[33m 4591[2mms[22m[39m
 [32mΓ£ô[39m tests/property/stateVerifier.property.test.ts[2m > [22mProperty 7: State Handling Verification[2m > [22mMissing state handling detection[2m > [22mPROPERTY: Pages with data fetching but no empty state handling are flagged[33m 5214[2mms[22m[39m
 [32mΓ£ô[39m tests/property/stateVerifier.property.test.ts[2m > [22mProperty 7: State Handling Verification[2m > [22mMissing state handling detection[2m > [22mPROPERTY: isLoading destructured but not used in conditional generates issues[32m 287[2mms[22m[39m
 [32mΓ£ô[39m tests/property/stateVerifier.property.test.ts[2m > [22mProperty 7: State Handling Verification[2m > [22mMultiple state handling types detection[2m > [22mPROPERTY: Multiple loading/empty handling types in same file are all detected[32m 106[2mms[22m[39m
 [32mΓ£ô[39m tests/property/raceDetector.property.test.ts[2m > [22mProperty 8: Race Condition Detection[2m > [22mAsync useEffect without cleanup detection[2m > [22mPROPERTY: Async useEffect with state updates but no cleanup is flagged[33m 5802[2mms[22m[39m
 [32mΓ£ô[39m tests/property/raceDetector.property.test.ts[2m > [22mProperty 8: Race Condition Detection[2m > [22mAsync useEffect without cleanup detection[2m > [22mPROPERTY: Async useEffect WITH cleanup is not flagged for missing cleanup[32m 102[2mms[22m[39m
 [32mΓ£ô[39m tests/property/stateVerifier.property.test.ts[2m > [22mProperty 7: State Handling Verification[2m > [22mMultiple state handling types detection[2m > [22mPROPERTY: Loading handling types are unique (no duplicates)[33m 4595[2mms[22m[39m
 [32mΓ£ô[39m tests/property/raceDetector.property.test.ts[2m > [22mProperty 8: Race Condition Detection[2m > [22mConcurrent data fetches detection[2m > [22mPROPERTY: Multiple concurrent useQuery hooks are detected[33m 5397[2mms[22m[39m
 [32mΓ£ô[39m tests/property/raceDetector.property.test.ts[2m > [22mProperty 8: Race Condition Detection[2m > [22mConcurrent data fetches detection[2m > [22mPROPERTY: Multiple async useEffects are detected as concurrent fetches[32m 196[2mms[22m[39m
 [32mΓ£ô[39m tests/property/stateVerifier.property.test.ts[2m > [22mProperty 7: State Handling Verification[2m > [22mResult structure validation[2m > [22mPROPERTY: verifyStateHandling always returns valid StateHandlingResult[33m 7302[2mms[22m[39m
 [32mΓ£ô[39m tests/property/raceDetector.property.test.ts[2m > [22mProperty 8: Race Condition Detection[2m > [22mState updates in async callbacks detection[2m > [22mPROPERTY: State updates in async callbacks are detected[33m 7405[2mms[22m[39m
 [32mΓ£ô[39m tests/property/raceDetector.property.test.ts[2m > [22mProperty 8: Race Condition Detection[2m > [22mState updates in async callbacks detection[2m > [22mPROPERTY: State updates in promise chains are detected[33m 496[2mms[22m[39m
 [32mΓ£ô[39m tests/property/stateVerifier.property.test.ts[2m > [22mProperty 7: State Handling Verification[2m > [22mResult structure validation[2m > [22mPROPERTY: verifyStateHandlingExtended returns valid ExtendedStateHandlingResult[33m 17004[2mms[22m[39m
 [32mΓ£ô[39m tests/property/raceDetector.property.test.ts[2m > [22mProperty 8: Race Condition Detection[2m > [22mStale closure risks detection[2m > [22mPROPERTY: Stale closure risks are identified when variables used but not in deps[33m 17302[2mms[22m[39m
 [32mΓ£ô[39m tests/property/stateVerifier.property.test.ts[2m > [22mProperty 7: State Handling Verification[2m > [22mResult structure validation[2m > [22mPROPERTY: hasDataFetching is true iff dataFetchingPatterns is non-empty[33m 11586[2mms[22m[39m
 [32mΓ£ô[39m tests/property/stateVerifier.property.test.ts[2m > [22mProperty 7: State Handling Verification[2m > [22mEdge cases[2m > [22mPROPERTY: Non-existent file returns error in issues[32m 210[2mms[22m[39m
 [32mΓ£ô[39m tests/property/stateVerifier.property.test.ts[2m > [22mProperty 7: State Handling Verification[2m > [22mEdge cases[2m > [22mPROPERTY: Empty file returns true for state handling (no data fetching = not required)[32m 196[2mms[22m[39m
 [32mΓ£ô[39m tests/property/stateVerifier.property.test.ts[2m > [22mProperty 7: State Handling Verification[2m > [22mEdge cases[2m > [22mPROPERTY: File without data fetching returns no issues about missing state handling[32m 292[2mms[22m[39m
 [32mΓ£ô[39m tests/property/stateVerifier.property.test.ts[2m > [22mProperty 7: State Handling Verification[2m > [22mEdge cases[2m > [22mPROPERTY: File with only comments returns true for state handling (no data fetching = not required)[32m 206[2mms[22m[39m
 [32mΓ£ô[39m tests/property/stateVerifier.property.test.ts[2m > [22mProperty 7: State Handling Verification[2m > [22mEdge cases[2m > [22mPROPERTY: File with useEffect fetch is detected as data fetching[33m 498[2mms[22m[39m
 [32mΓ£ô[39m tests/property/raceDetector.property.test.ts[2m > [22mProperty 8: Race Condition Detection[2m > [22mResult structure validation[2m > [22mPROPERTY: detectRaceConditions always returns valid RaceConditionResult[33m 12096[2mms[22m[39m
 [32mΓ£ô[39m tests/property/stateVerifier.property.test.ts[2m > [22mProperty 7: State Handling Verification[2m > [22mEdge cases[2m > [22mPROPERTY: Custom data hooks are detected[33m 7908[2mms[22m[39m
 [32mΓ£ô[39m tests/property/raceDetector.property.test.ts[2m > [22mProperty 8: Race Condition Detection[2m > [22mResult structure validation[2m > [22mPROPERTY: detectRaceConditionsExtended returns valid ExtendedRaceConditionResult[33m 8304[2mms[22m[39m
 [32mΓ£ô[39m tests/property/raceDetector.property.test.ts[2m > [22mProperty 8: Race Condition Detection[2m > [22mEdge cases[2m > [22mPROPERTY: Non-existent file returns empty result with no errors[32m 100[2mms[22m[39m
 [32mΓ£ô[39m tests/property/raceDetector.property.test.ts[2m > [22mProperty 8: Race Condition Detection[2m > [22mEdge cases[2m > [22mPROPERTY: Non-existent file extended returns issues array with error[32m 95[2mms[22m[39m
 [32mΓ£ô[39m tests/property/raceDetector.property.test.ts[2m > [22mProperty 8: Race Condition Detection[2m > [22mEdge cases[2m > [22mPROPERTY: Empty file returns empty result[32m 206[2mms[22m[39m
 [32mΓ£ô[39m tests/property/raceDetector.property.test.ts[2m > [22mProperty 8: Race Condition Detection[2m > [22mEdge cases[2m > [22mPROPERTY: File without hooks returns empty result[32m 102[2mms[22m[39m
 [32mΓ£ô[39m tests/property/bundleAnalyzer.property.test.ts[2m > [22mProperty 21: Bundle Size Threshold[2m > [22mBundle analysis returns valid structure with required fields[2m > [22mPROPERTY: analyzeBundle returns all required fields[33m 8202[2mms[22m[39m
 [32mΓ£ô[39m tests/property/raceDetector.property.test.ts[2m > [22mProperty 8: Race Condition Detection[2m > [22mEdge cases[2m > [22mPROPERTY: File with only comments returns empty result[32m 100[2mms[22m[39m
 [32mΓ£ô[39m tests/property/raceDetector.property.test.ts[2m > [22mProperty 8: Race Condition Detection[2m > [22mEdge cases[2m > [22mPROPERTY: File with useState but no useEffect returns no race conditions[33m 419[2mms[22m[39m
 [32mΓ£ô[39m tests/property/stateVerifier.property.test.ts[2m > [22mProperty 7: State Handling Verification[2m > [22mConsistency properties[2m > [22mPROPERTY: hasLoadingStateHandling is true iff loadingHandlingTypes is non-empty OR no data fetching[33m 5697[2mms[22m[39m
 [32mΓ£ô[39m tests/property/raceDetector.property.test.ts[2m > [22mProperty 8: Race Condition Detection[2m > [22mConsistency properties[2m > [22mPROPERTY: totalRisks equals raceConditions.length[33m 5816[2mms[22m[39m
 [32mΓ£ô[39m tests/property/stateVerifier.property.test.ts[2m > [22mProperty 7: State Handling Verification[2m > [22mConsistency properties[2m > [22mPROPERTY: hasEmptyStateHandling is true iff emptyHandlingTypes is non-empty OR no data fetching[33m 5200[2mms[22m[39m
 [32mΓ£ô[39m tests/property/stateVerifier.property.test.ts[2m > [22mProperty 7: State Handling Verification[2m > [22mConsistency properties[2m > [22mPROPERTY: Deterministic results for same input[32m 194[2mms[22m[39m
 [32mΓ£ô[39m tests/property/bundleAnalyzer.property.test.ts[2m > [22mProperty 21: Bundle Size Threshold[2m > [22mBundle analysis returns valid structure with required fields[2m > [22mPROPERTY: totalSize is a non-negative number[33m 9704[2mms[22m[39m
 [32mΓ£ô[39m tests/property/raceDetector.property.test.ts[2m > [22mProperty 8: Race Condition Detection[2m > [22mConsistency properties[2m > [22mPROPERTY: hasConcurrentFetches is true when multiple data fetch hooks exist[33m 7390[2mms[22m[39m
 [32mΓ£ô[39m tests/property/raceDetector.property.test.ts[2m > [22mProperty 8: Race Condition Detection[2m > [22mConsistency properties[2m > [22mPROPERTY: Result structure is consistent across calls[32m 103[2mms[22m[39m
 [32mΓ£ô[39m tests/property/stateVerifier.property.test.ts[2m > [22mProperty 7: State Handling Verification[2m > [22mConsistency properties[2m > [22mPROPERTY: Loading patterns line numbers are positive integers[33m 10997[2mms[22m[39m
 [32mΓ£ô[39m tests/property/bundleAnalyzer.property.test.ts[2m > [22mProperty 21: Bundle Size Threshold[2m > [22mBundle analysis returns valid structure with required fields[2m > [22mPROPERTY: totalSizeKB equals totalSize / 1024 (rounded)[33m 18103[2mms[22m[39m
 [32mΓ£ô[39m tests/property/raceDetector.property.test.ts[2m > [22mProperty 8: Race Condition Detection[2m > [22mConsistency properties[2m > [22mPROPERTY: Line numbers in evidence are positive integers[33m 14897[2mms[22m[39m
 [32mΓ£ô[39m tests/property/stateVerifier.property.test.ts[2m > [22mProperty 7: State Handling Verification[2m > [22mConsistency properties[2m > [22mPROPERTY: Empty patterns line numbers are positive integers[33m 11904[2mms[22m[39m
 [32mΓ£ô[39m tests/property/bundleAnalyzer.property.test.ts[2m > [22mProperty 21: Bundle Size Threshold[2m > [22mBundle analysis returns valid structure with required fields[2m > [22mPROPERTY: chunks array contains ChunkInfo objects with required fields[33m 4302[2mms[22m[39m
 [32mΓ£ô[39m tests/property/raceDetector.property.test.ts[2m > [22mProperty 8: Race Condition Detection[2m > [22museEffect detection[2m > [22mPROPERTY: useEffect hooks are detected with correct properties[33m 3800[2mms[22m[39m
 [32mΓ£ô[39m tests/property/raceDetector.property.test.ts[2m > [22mProperty 8: Race Condition Detection[2m > [22museEffect detection[2m > [22mPROPERTY: useEffect without deps is correctly identified[32m 98[2mms[22m[39m
 [32mΓ£ô[39m tests/property/raceDetector.property.test.ts[2m > [22mProperty 8: Race Condition Detection[2m > [22museEffect detection[2m > [22mPROPERTY: useEffect with empty deps is correctly identified[32m 109[2mms[22m[39m
 [32mΓ£ô[39m tests/property/stateVerifier.property.test.ts[2m > [22mProperty 7: State Handling Verification[2m > [22mData fetching pattern detection[2m > [22mPROPERTY: useQuery hooks are detected as data fetching[33m 4494[2mms[22m[39m
 [32mΓ£ô[39m tests/property/stateVerifier.property.test.ts[2m > [22mProperty 7: State Handling Verification[2m > [22mData fetching pattern detection[2m > [22mPROPERTY: useMutation hooks are detected as data fetching[32m 11[2mms[22m[39m
 [32mΓ£ô[39m tests/property/stateVerifier.property.test.ts[2m > [22mProperty 7: State Handling Verification[2m > [22mData fetching pattern detection[2m > [22mPROPERTY: useInfiniteQuery hooks are detected as data fetching[32m 98[2mms[22m[39m
 [32mΓ£ô[39m tests/property/stateVerifier.property.test.ts[2m > [22mProperty 7: State Handling Verification[2m > [22mData fetching pattern detection[2m > [22mPROPERTY: Destructured variables from hooks are captured[32m 96[2mms[22m[39m
 [32mΓ£ô[39m tests/property/bundleAnalyzer.property.test.ts[2m > [22mProperty 21: Bundle Size Threshold[2m > [22mTotal size calculation is accurate (sum of all JS chunks)[2m > [22mPROPERTY: totalSize equals sum of all JS chunk sizes[33m 3802[2mms[22m[39m
 [32mΓ£ô[39m tests/property/raceDetector.property.test.ts[2m > [22mProperty 8: Race Condition Detection[2m > [22mData fetch hook detection[2m > [22mPROPERTY: useQuery hooks are detected[33m 4391[2mms[22m[39m
 [32mΓ£ô[39m tests/property/raceDetector.property.test.ts[2m > [22mProperty 8: Race Condition Detection[2m > [22mData fetch hook detection[2m > [22mPROPERTY: useMutation hooks are detected[32m 6[2mms[22m[39m
 [32mΓ£ô[39m tests/property/raceDetector.property.test.ts[2m > [22mProperty 8: Race Condition Detection[2m > [22mData fetch hook detection[2m > [22mPROPERTY: useInfiniteQuery hooks are detected[32m 6[2mms[22m[39m
 [32mΓ£ô[39m tests/property/bundleAnalyzer.property.test.ts[2m > [22mProperty 21: Bundle Size Threshold[2m > [22mTotal size calculation is accurate (sum of all JS chunks)[2m > [22mPROPERTY: totalCSSSize equals sum of all CSS chunk sizes[33m 2795[2mms[22m[39m
 [32mΓ£ô[39m tests/property/raceDetector.property.test.ts[2m > [22mProperty 8: Race Condition Detection[2m > [22mData fetch hook detection[2m > [22mPROPERTY: Custom data hooks are detected[33m 2596[2mms[22m[39m
 [32mΓ£ô[39m tests/property/bundleAnalyzer.property.test.ts[2m > [22mProperty 21: Bundle Size Threshold[2m > [22mTotal size calculation is accurate (sum of all JS chunks)[2m > [22mPROPERTY: largestChunks are sorted by size descending[33m 2396[2mms[22m[39m
 [32mΓ£ô[39m tests/property/bundleAnalyzer.property.test.ts[2m > [22mProperty 21: Bundle Size Threshold[2m > [22mChunks exceeding thresholds are flagged[2m > [22mPROPERTY: exceedsTotalThreshold is true when totalSize > threshold[33m 6311[2mms[22m[39m
 [32mΓ£ô[39m tests/property/bundleAnalyzer.property.test.ts[2m > [22mProperty 21: Bundle Size Threshold[2m > [22mChunks exceeding thresholds are flagged[2m > [22mPROPERTY: exceedsTotalThreshold is false when totalSize <= threshold[33m 7593[2mms[22m[39m
 [32mΓ£ô[39m tests/property/bundleAnalyzer.property.test.ts[2m > [22mProperty 21: Bundle Size Threshold[2m > [22mChunks exceeding thresholds are flagged[2m > [22mPROPERTY: oversizedChunks contains only chunks where exceedsThreshold is true[33m 5804[2mms[22m[39m
 [32mΓ£ô[39m tests/property/bundleAnalyzer.property.test.ts[2m > [22mProperty 21: Bundle Size Threshold[2m > [22mPerformance issues are generated for oversized chunks[2m > [22mPROPERTY: LARGE_BUNDLE issue generated when total exceeds threshold[33m 5896[2mms[22m[39m
 [32mΓ£ô[39m tests/property/bundleAnalyzer.property.test.ts[2m > [22mProperty 21: Bundle Size Threshold[2m > [22mPerformance issues are generated for oversized chunks[2m > [22mPROPERTY: Each performance issue has required fields[33m 3404[2mms[22m[39m
 [32mΓ£ô[39m tests/property/redirectAnalyzer.property.test.ts[2m > [22mProperty 14: Redirect Correctness[2m > [22mRedirect type detection[2m > [22mPROPERTY: All redirect types are detected (Navigate, useNavigate, window.location)[33m 1408[2mms[22m[39m
 [32mΓ£ô[39m tests/property/redirectAnalyzer.property.test.ts[2m > [22mProperty 14: Redirect Correctness[2m > [22mRedirect type detection[2m > [22mPROPERTY: scanFileForRedirects extracts correct redirect type[32m 203[2mms[22m[39m
 [32mΓ£ô[39m tests/property/redirectAnalyzer.property.test.ts[2m > [22mProperty 14: Redirect Correctness[2m > [22mUser state context inference[2m > [22mPROPERTY: Unauthenticated users are correctly identified from !user checks[32m 112[2mms[22m[39m
 [32mΓ£ô[39m tests/property/redirectAnalyzer.property.test.ts[2m > [22mProperty 14: Redirect Correctness[2m > [22mUser state context inference[2m > [22mPROPERTY: Admin users are correctly identified from isAdmin checks[32m 97[2mms[22m[39m
 [32mΓ£ô[39m tests/property/redirectAnalyzer.property.test.ts[2m > [22mProperty 14: Redirect Correctness[2m > [22mUser state context inference[2m > [22mPROPERTY: Student users are correctly identified from !isAdmin checks[32m 0[2mms[22m[39m
 [32mΓ£ô[39m tests/property/redirectAnalyzer.property.test.ts[2m > [22mProperty 14: Redirect Correctness[2m > [22mUser state context inference[2m > [22mPROPERTY: Admin route files are identified as admin context[32m 100[2mms[22m[39m
 [32mΓ£ô[39m tests/property/redirectAnalyzer.property.test.ts[2m > [22mProperty 14: Redirect Correctness[2m > [22mUser state context inference[2m > [22mPROPERTY: Student route files are identified as student context[32m 99[2mms[22m[39m
 [32mΓ£ô[39m tests/property/redirectAnalyzer.property.test.ts[2m > [22mProperty 14: Redirect Correctness[2m > [22mUser state context inference[2m > [22mPROPERTY: Unknown state is returned when context cannot be determined[32m 0[2mms[22m[39m
 [32mΓ£ô[39m tests/property/redirectAnalyzer.property.test.ts[2m > [22mProperty 14: Redirect Correctness[2m > [22mRedirect appropriateness validation[2m > [22mPROPERTY: Unauthenticated users redirected to login/public pages are appropriate[33m 302[2mms[22m[39m
 [32mΓ£ô[39m tests/property/redirectAnalyzer.property.test.ts[2m > [22mProperty 14: Redirect Correctness[2m > [22mRedirect appropriateness validation[2m > [22mPROPERTY: Students redirected to student pages are appropriate[32m 100[2mms[22m[39m
 [32mΓ£ô[39m tests/property/redirectAnalyzer.property.test.ts[2m > [22mProperty 14: Redirect Correctness[2m > [22mRedirect appropriateness validation[2m > [22mPROPERTY: Admins redirected to admin pages are appropriate[32m 92[2mms[22m[39m
 [32mΓ£ô[39m tests/property/redirectAnalyzer.property.test.ts[2m > [22mProperty 14: Redirect Correctness[2m > [22mRedirect appropriateness validation[2m > [22mPROPERTY: Inappropriate redirects are flagged (student to admin page)[32m 198[2mms[22m[39m
 [32mΓ£ô[39m tests/property/bundleAnalyzer.property.test.ts[2m > [22mProperty 21: Bundle Size Threshold[2m > [22mPerformance issues are generated for oversized chunks[2m > [22mPROPERTY: Performance issues have non-empty evidence strings[33m 2298[2mms[22m[39m
 [32mΓ£ô[39m tests/property/redirectAnalyzer.property.test.ts[2m > [22mProperty 14: Redirect Correctness[2m > [22mRedirect appropriateness validation[2m > [22mPROPERTY: Inappropriate redirects are flagged (unauthenticated to admin page)[32m 94[2mms[22m[39m
 [32mΓ£ô[39m tests/property/redirectAnalyzer.property.test.ts[2m > [22mProperty 14: Redirect Correctness[2m > [22mRedirect appropriateness validation[2m > [22mPROPERTY: Unknown user state does not flag issues (cannot validate)[32m 14[2mms[22m[39m
 [32mΓ£ô[39m tests/property/redirectAnalyzer.property.test.ts[2m > [22mProperty 14: Redirect Correctness[2m > [22mRedirect appropriateness validation[2m > [22mPROPERTY: Query parameters are handled correctly in target paths[32m 94[2mms[22m[39m
 [32mΓ£ô[39m tests/property/redirectAnalyzer.property.test.ts[2m > [22mProperty 14: Redirect Correctness[2m > [22mRedirect loop detection[2m > [22mPROPERTY: Simple redirect loops are detected[33m 302[2mms[22m[39m
 [32mΓ£ô[39m tests/property/redirectAnalyzer.property.test.ts[2m > [22mProperty 14: Redirect Correctness[2m > [22mRedirect loop detection[2m > [22mPROPERTY: detectRedirectLoops identifies cycles in redirect graph[32m 1[2mms[22m[39m
 [32mΓ£ô[39m tests/property/redirectAnalyzer.property.test.ts[2m > [22mProperty 14: Redirect Correctness[2m > [22mRedirect loop detection[2m > [22mPROPERTY: Redirect loops have proper severity levels[32m 0[2mms[22m[39m
 [32mΓ£ô[39m tests/property/redirectAnalyzer.property.test.ts[2m > [22mProperty 14: Redirect Correctness[2m > [22mExpected redirects configuration[2m > [22mPROPERTY: EXPECTED_REDIRECTS covers all user states[32m 1[2mms[22m[39m
 [32mΓ£ô[39m tests/property/redirectAnalyzer.property.test.ts[2m > [22mProperty 14: Redirect Correctness[2m > [22mExpected redirects configuration[2m > [22mPROPERTY: Each user state has valid expected targets[32m 92[2mms[22m[39m
 [32mΓ£ô[39m tests/property/redirectAnalyzer.property.test.ts[2m > [22mProperty 14: Redirect Correctness[2m > [22mExpected redirects configuration[2m > [22mPROPERTY: Unauthenticated targets include login paths[32m 0[2mms[22m[39m
 [32mΓ£ô[39m tests/property/redirectAnalyzer.property.test.ts[2m > [22mProperty 14: Redirect Correctness[2m > [22mExpected redirects configuration[2m > [22mPROPERTY: Student targets include student dashboard[32m 0[2mms[22m[39m
 [32mΓ£ô[39m tests/property/redirectAnalyzer.property.test.ts[2m > [22mProperty 14: Redirect Correctness[2m > [22mExpected redirects configuration[2m > [22mPROPERTY: Admin targets include admin dashboard[32m 0[2mms[22m[39m
 [32mΓ£ô[39m tests/property/redirectAnalyzer.property.test.ts[2m > [22mProperty 14: Redirect Correctness[2m > [22mFile scanning and redirect extraction[2m > [22mPROPERTY: scanFileForRedirects extracts all redirects from a file[32m 106[2mms[22m[39m
 [32mΓ£ô[39m tests/property/redirectAnalyzer.property.test.ts[2m > [22mProperty 14: Redirect Correctness[2m > [22mFile scanning and redirect extraction[2m > [22mPROPERTY: Each redirect has valid evidence[32m 201[2mms[22m[39m
 [32mΓ£ô[39m tests/property/redirectAnalyzer.property.test.ts[2m > [22mProperty 14: Redirect Correctness[2m > [22mFile scanning and redirect extraction[2m > [22mPROPERTY: Non-existent files return empty array[32m 1[2mms[22m[39m
 [32mΓ£ô[39m tests/property/redirectAnalyzer.property.test.ts[2m > [22mProperty 14: Redirect Correctness[2m > [22mFile scanning and redirect extraction[2m > [22mPROPERTY: Files without redirects return empty array[32m 185[2mms[22m[39m
 [32mΓ£ô[39m tests/property/redirectAnalyzer.property.test.ts[2m > [22mProperty 14: Redirect Correctness[2m > [22mFull redirect analysis[2m > [22mPROPERTY: analyzeRedirects returns valid RedirectAnalysisResult structure[32m 105[2mms[22m[39m
 [32mΓ£ô[39m tests/property/redirectAnalyzer.property.test.ts[2m > [22mProperty 14: Redirect Correctness[2m > [22mFull redirect analysis[2m > [22mPROPERTY: Summary counts match actual redirect arrays[33m 1004[2mms[22m[39m
 [32mΓ£ô[39m tests/property/redirectAnalyzer.property.test.ts[2m > [22mProperty 14: Redirect Correctness[2m > [22mFull redirect analysis[2m > [22mPROPERTY: Inappropriate redirects are subset of all redirects[33m 893[2mms[22m[39m
 [32mΓ£ô[39m tests/property/redirectAnalyzer.property.test.ts[2m > [22mProperty 14: Redirect Correctness[2m > [22mSecurity issue generation[2m > [22mPROPERTY: Inappropriate redirects generate security issues[32m 293[2mms[22m[39m
 [32mΓ£ô[39m tests/property/redirectAnalyzer.property.test.ts[2m > [22mProperty 14: Redirect Correctness[2m > [22mSecurity issue generation[2m > [22mPROPERTY: Security issues have valid severity levels[33m 404[2mms[22m[39m
 [32mΓ£ô[39m tests/property/bundleAnalyzer.property.test.ts[2m > [22mProperty 21: Bundle Size Threshold[2m > [22mRecommendations are provided when issues exist[2m > [22mPROPERTY: recommendations array is never empty[33m 3791[2mms[22m[39m
 [32mΓ£ô[39m tests/property/redirectAnalyzer.property.test.ts[2m > [22mProperty 14: Redirect Correctness[2m > [22mSecurity issue generation[2m > [22mPROPERTY: Unauthenticated to admin redirect is critical severity[32m 0[2mms[22m[39m
 [32mΓ£ô[39m tests/property/redirectAnalyzer.property.test.ts[2m > [22mProperty 14: Redirect Correctness[2m > [22mRedirectInstance structure validation[2m > [22mPROPERTY: Every RedirectInstance has all required fields[33m 698[2mms[22m[39m
 [32mΓ£ô[39m tests/property/redirectAnalyzer.property.test.ts[2m > [22mProperty 14: Redirect Correctness[2m > [22mEdge cases and special scenarios[2m > [22mPROPERTY: Dynamic redirect paths are handled[32m 105[2mms[22m[39m
 [32mΓ£ô[39m tests/property/redirectAnalyzer.property.test.ts[2m > [22mProperty 14: Redirect Correctness[2m > [22mEdge cases and special scenarios[2m > [22mPROPERTY: Empty directory returns empty results[32m 195[2mms[22m[39m
 [32mΓ£ô[39m tests/property/redirectAnalyzer.property.test.ts[2m > [22mProperty 14: Redirect Correctness[2m > [22mEdge cases and special scenarios[2m > [22mPROPERTY: Protected route components are recognized[32m 102[2mms[22m[39m
 [32mΓ£ô[39m tests/property/redirectAnalyzer.property.test.ts[2m > [22mProperty 14: Redirect Correctness[2m > [22mEdge cases and special scenarios[2m > [22mPROPERTY: Dashboard redirect component handles role-based routing[32m 103[2mms[22m[39m
 [32mΓ£ô[39m tests/property/redirectAnalyzer.property.test.ts[2m > [22mProperty 14: Redirect Correctness[2m > [22mEdge cases and special scenarios[2m > [22mPROPERTY: Auth callback redirects are handled[32m 101[2mms[22m[39m
 [32mΓ£ô[39m tests/property/bundleAnalyzer.property.test.ts[2m > [22mProperty 21: Bundle Size Threshold[2m > [22mRecommendations are provided when issues exist[2m > [22mPROPERTY: recommendations are non-empty strings[33m 2809[2mms[22m[39m
 [32mΓ£ô[39m tests/property/bundleAnalyzer.property.test.ts[2m > [22mProperty 21: Bundle Size Threshold[2m > [22mRecommendations are provided when issues exist[2m > [22mPROPERTY: oversized bundles get specific recommendations[33m 2195[2mms[22m[39m
 [32mΓ£ô[39m tests/property/bundleAnalyzer.property.test.ts[2m > [22mProperty 21: Bundle Size Threshold[2m > [22mCustom thresholds are respected[2m > [22mPROPERTY: analyzeBundle uses provided custom thresholds[33m 1795[2mms[22m[39m
 [32mΓ£ô[39m tests/property/bundleAnalyzer.property.test.ts[2m > [22mProperty 21: Bundle Size Threshold[2m > [22mCustom thresholds are respected[2m > [22mPROPERTY: isBundleWithinThreshold respects custom maxSize[33m 1696[2mms[22m[39m
 [32mΓ£ô[39m tests/property/bundleAnalyzer.property.test.ts[2m > [22mProperty 21: Bundle Size Threshold[2m > [22mSummary statistics are accurate[2m > [22mPROPERTY: summary.totalChunks equals chunks.length[33m 1403[2mms[22m[39m
 [32mΓ£ô[39m tests/property/bundleAnalyzer.property.test.ts[2m > [22mProperty 21: Bundle Size Threshold[2m > [22mSummary statistics are accurate[2m > [22mPROPERTY: chunk type counts in summary are accurate[33m 1601[2mms[22m[39m
 [32mΓ£ô[39m tests/property/bundleAnalyzer.property.test.ts[2m > [22mProperty 21: Bundle Size Threshold[2m > [22mgetBundleAnalysisForReport returns correct format[2m > [22mPROPERTY: returns object with totalSize and largestChunks[33m 1505[2mms[22m[39m
 [32mΓ£ô[39m tests/property/bundleAnalyzer.property.test.ts[2m > [22mProperty 21: Bundle Size Threshold[2m > [22mgetBundleAnalysisForReport returns correct format[2m > [22mPROPERTY: largestChunks items have name and size[33m 1597[2mms[22m[39m
 [32mΓ£ô[39m tests/property/bundleAnalyzer.property.test.ts[2m > [22mProperty 21: Bundle Size Threshold[2m > [22mgetBundleSummary returns human-readable output[2m > [22mPROPERTY: returns non-empty string[33m 2100[2mms[22m[39m
 [32mΓ£ô[39m tests/property/bundleAnalyzer.property.test.ts[2m > [22mProperty 21: Bundle Size Threshold[2m > [22mgetBundleSummary returns human-readable output[2m > [22mPROPERTY: summary contains status indicator[33m 5204[2mms[22m[39m
 [32mΓ£ô[39m tests/property/bundleAnalyzer.property.test.ts[2m > [22mProperty 21: Bundle Size Threshold[2m > [22mgetBundleSummary returns human-readable output[2m > [22mPROPERTY: summary includes total size information[33m 1497[2mms[22m[39m
 [32mΓ£ô[39m tests/property/bundleAnalyzer.property.test.ts[2m > [22mProperty 21: Bundle Size Threshold[2m > [22mEdge cases and error handling[2m > [22mPROPERTY: Non-existent dist directory returns appropriate result[32m 3[2mms[22m[39m
 [32mΓ£ô[39m tests/property/bundleAnalyzer.property.test.ts[2m > [22mProperty 21: Bundle Size Threshold[2m > [22mEdge cases and error handling[2m > [22mPROPERTY: Empty dist directory returns zero totals[33m 700[2mms[22m[39m
 [32mΓ£ô[39m tests/property/bundleAnalyzer.property.test.ts[2m > [22mProperty 21: Bundle Size Threshold[2m > [22mEdge cases and error handling[2m > [22mPROPERTY: isBundleWithinThreshold returns true for empty directory[33m 896[2mms[22m[39m
 [32mΓ£ô[39m tests/property/bundleAnalyzer.property.test.ts[2m > [22mProperty 21: Bundle Size Threshold[2m > [22mChunk type classification is correct[2m > [22mPROPERTY: Entry chunks are identified by name pattern[33m 1587[2mms[22m[39m
 [32mΓ£ô[39m tests/property/bundleAnalyzer.property.test.ts[2m > [22mProperty 21: Bundle Size Threshold[2m > [22mChunk type classification is correct[2m > [22mPROPERTY: Vendor chunks are identified by name pattern[33m 1612[2mms[22m[39m
 [32mΓ£ô[39m tests/property/bundleAnalyzer.property.test.ts[2m > [22mProperty 21: Bundle Size Threshold[2m > [22mChunk type classification is correct[2m > [22mPROPERTY: CSS files are identified correctly[33m 1887[2mms[22m[39m
 [32mΓ£ô[39m tests/property/bundleAnalyzer.property.test.ts[2m > [22mProperty 21: Bundle Size Threshold[2m > [22mDefault thresholds match requirements[2m > [22mPROPERTY: DEFAULT_THRESHOLDS.totalBundleSize is 500KB[32m 0[2mms[22m[39m
 [32mΓ£ô[39m tests/property/bundleAnalyzer.property.test.ts[2m > [22mProperty 21: Bundle Size Threshold[2m > [22mDefault thresholds match requirements[2m > [22mPROPERTY: All default thresholds are positive numbers[32m 0[2mms[22m[39m
 [32mΓ£ô[39m tests/property/bundleAnalyzer.property.test.ts[2m > [22mProperty 21: Bundle Size Threshold[2m > [22mDefault thresholds match requirements[2m > [22mPROPERTY: Entry threshold is larger than lazy threshold[32m 0[2mms[22m[39m
 [32mΓ£ô[39m tests/property/notificationAuditor.property.test.ts[2m > [22mProperty 18: Notification Trigger Identification[2m > [22mAll notification triggers have required fields[2m > [22mPROPERTY: Every NotificationTrigger has event (non-empty string)[33m 11387[2mms[22m[39m
 [32mΓ£ô[39m tests/property/notificationAuditor.property.test.ts[2m > [22mProperty 18: Notification Trigger Identification[2m > [22mAll notification triggers have required fields[2m > [22mPROPERTY: Every NotificationTrigger has filePath (non-empty string)[33m 8414[2mms[22m[39m
 [32mΓ£ô[39m tests/property/notificationAuditor.property.test.ts[2m > [22mProperty 18: Notification Trigger Identification[2m > [22mAll notification triggers have required fields[2m > [22mPROPERTY: Every NotificationTrigger has lineNumber (positive integer)[33m 12595[2mms[22m[39m
 [32mΓ£ô[39m tests/property/notificationAuditor.property.test.ts[2m > [22mProperty 18: Notification Trigger Identification[2m > [22mAll notification triggers have required fields[2m > [22mPROPERTY: Every NotificationTrigger has valid deliveryMechanism[33m 6900[2mms[22m[39m
 [32mΓ£ô[39m tests/property/notificationAuditor.property.test.ts[2m > [22mProperty 18: Notification Trigger Identification[2m > [22mAll notification triggers have required fields[2m > [22mPROPERTY: Every NotificationTrigger has hasIdempotencyKey (boolean)[33m 5803[2mms[22m[39m
 [32mΓ£ô[39m tests/property/notificationAuditor.property.test.ts[2m > [22mProperty 18: Notification Trigger Identification[2m > [22mAll email dispatch points have required fields[2m > [22mPROPERTY: Every EmailDispatchPoint has filePath (non-empty string)[33m 8503[2mms[22m[39m
 [32mΓ£ô[39m tests/property/notificationAuditor.property.test.ts[2m > [22mProperty 18: Notification Trigger Identification[2m > [22mAll email dispatch points have required fields[2m > [22mPROPERTY: Every EmailDispatchPoint has lineNumber (positive integer)[33m 19294[2mms[22m[39m
 [32mΓ£ô[39m tests/property/notificationAuditor.property.test.ts[2m > [22mProperty 18: Notification Trigger Identification[2m > [22mAll email dispatch points have required fields[2m > [22mPROPERTY: Every EmailDispatchPoint has template (string)[33m 19309[2mms[22m[39m
 [32mΓ£ô[39m tests/property/notificationAuditor.property.test.ts[2m > [22mProperty 18: Notification Trigger Identification[2m > [22mAll email dispatch points have required fields[2m > [22mPROPERTY: Every EmailDispatchPoint has hasRetry (boolean)[33m 13195[2mms[22m[39m
 [32mΓ£ô[39m tests/property/notificationAuditor.property.test.ts[2m > [22mProperty 18: Notification Trigger Identification[2m > [22mAll email dispatch points have required fields[2m > [22mPROPERTY: Every EmailDispatchPoint has hasDeduplication (boolean)[33m 13198[2mms[22m[39m
 [32mΓ£ô[39m tests/property/notificationAuditor.property.test.ts[2m > [22mProperty 18: Notification Trigger Identification[2m > [22mDelivery mechanisms are correctly classified[2m > [22mPROPERTY: Resend email calls are classified as email delivery[33m 4702[2mms[22m[39m
 [32mΓ£ô[39m tests/property/notificationAuditor.property.test.ts[2m > [22mProperty 18: Notification Trigger Identification[2m > [22mDelivery mechanisms are correctly classified[2m > [22mPROPERTY: Toast notifications are classified as realtime delivery[33m 6395[2mms[22m[39m
 [32mΓ£ô[39m tests/property/notificationAuditor.property.test.ts[2m > [22mProperty 18: Notification Trigger Identification[2m > [22mDelivery mechanisms are correctly classified[2m > [22mPROPERTY: SSE broadcast calls are classified as realtime delivery[33m 17297[2mms[22m[39m
 [32mΓ£ô[39m tests/property/notificationAuditor.property.test.ts[2m > [22mProperty 18: Notification Trigger Identification[2m > [22mDelivery mechanisms are correctly classified[2m > [22mPROPERTY: Delivery mechanism is always one of the valid values[33m 19499[2mms[22m[39m
 [32mΓ£ô[39m tests/property/notificationAuditor.property.test.ts[2m > [22mProperty 18: Notification Trigger Identification[2m > [22mSummary statistics are accurate[2m > [22mPROPERTY: Summary totalTriggers matches triggers array length[33m 23713[2mms[22m[39m
 [32mΓ£ô[39m tests/property/notificationAuditor.property.test.ts[2m > [22mProperty 18: Notification Trigger Identification[2m > [22mSummary statistics are accurate[2m > [22mPROPERTY: Summary byMechanism counts sum to totalTriggers[33m 21499[2mms[22m[39m
 [31m├ù[39m tests/property/notificationAuditor.property.test.ts[2m > [22mProperty 18: Notification Trigger Identification[2m > [22mSummary statistics are accurate[2m > [22mPROPERTY: Email dispatch summary totalDispatchPoints matches array length[33m 30193[2mms[22m[39m
[31m   ΓåÆ Test timed out in 30000ms.
If this is a long-running test, pass a timeout value as the last argument or configure it globally with "testTimeout".[39m
 [32mΓ£ô[39m tests/property/pageAuditor.property.test.ts[2m > [22mProperty 4: Page Data Load Path Tracing[2m > [22museQuery patterns are correctly identified[2m > [22mPROPERTY: Every useQuery call is detected and produces a DataLoadStep[33m 6503[2mms[22m[39m
 [32mΓ£ô[39m tests/property/pageAuditor.property.test.ts[2m > [22mProperty 4: Page Data Load Path Tracing[2m > [22museQuery patterns are correctly identified[2m > [22mPROPERTY: useQuery endpoints are correctly extracted[33m 2293[2mms[22m[39m
 [32mΓ£ô[39m tests/property/notificationAuditor.property.test.ts[2m > [22mProperty 18: Notification Trigger Identification[2m > [22mSummary statistics are accurate[2m > [22mPROPERTY: Email retry stats sum to totalDispatchPoints[33m 10494[2mms[22m[39m
 [32mΓ£ô[39m tests/property/pageAuditor.property.test.ts[2m > [22mProperty 4: Page Data Load Path Tracing[2m > [22museQuery patterns are correctly identified[2m > [22mPROPERTY: useQuery cache strategies are parsed[33m 1806[2mms[22m[39m
 [32mΓ£ô[39m tests/property/pageAuditor.property.test.ts[2m > [22mProperty 4: Page Data Load Path Tracing[2m > [22museEffect data fetches are detected[2m > [22mPROPERTY: Every useEffect with fetch is detected[33m 16002[2mms[22m[39m
 [32mΓ£ô[39m tests/property/pageAuditor.property.test.ts[2m > [22mProperty 4: Page Data Load Path Tracing[2m > [22museEffect data fetches are detected[2m > [22mPROPERTY: useEffect dependencies are extracted[33m 7086[2mms[22m[39m
 [32mΓ£ô[39m tests/property/loaderAuditor.property.test.ts[2m > [22mProperty 11: Loader Identification and Redundancy Detection[2m > [22mRequirement 3.1: Loader Identification[2m > [22mPROPERTY: LoaderInstance has all required fields[33m 399[2mms[22m[39m
 [32mΓ£ô[39m tests/property/loaderAuditor.property.test.ts[2m > [22mProperty 11: Loader Identification and Redundancy Detection[2m > [22mRequirement 3.1: Loader Identification[2m > [22mPROPERTY: getLoaderTypeSummary returns counts for all loader types[33m 1104[2mms[22m[39m
 [32mΓ£ô[39m tests/property/pageAuditor.property.test.ts[2m > [22mProperty 4: Page Data Load Path Tracing[2m > [22mCustom hooks are recognized[2m > [22mPROPERTY: Every custom hook usage is detected[33m 5814[2mms[22m[39m
 [31m├ù[39m tests/property/notificationAuditor.property.test.ts[2m > [22mProperty 18: Notification Trigger Identification[2m > [22mSummary statistics are accurate[2m > [22mPROPERTY: Email deduplication stats sum to totalDispatchPoints[33m 30011[2mms[22m[39m
[31m   ΓåÆ Test timed out in 30000ms.
If this is a long-running test, pass a timeout value as the last argument or configure it globally with "testTimeout".[39m
 [32mΓ£ô[39m tests/property/loaderAuditor.property.test.ts[2m > [22mProperty 11: Loader Identification and Redundancy Detection[2m > [22mRequirement 3.1: Loader Identification[2m > [22mPROPERTY: getUniqueLoaderNames returns deduplicated sorted names[33m 498[2mms[22m[39m
 [32mΓ£ô[39m tests/property/loaderAuditor.property.test.ts[2m > [22mProperty 11: Loader Identification and Redundancy Detection[2m > [22mRequirement 3.1: Loader Identification[2m > [22mPROPERTY: LoaderDefinition has file path, line number, and component name[32m 295[2mms[22m[39m
 [32mΓ£ô[39m tests/property/loaderAuditor.property.test.ts[2m > [22mProperty 11: Loader Identification and Redundancy Detection[2m > [22mRequirement 3.1: Loader Identification[2m > [22mPROPERTY: LoaderScanResult structure is valid[32m 296[2mms[22m[39m
 [32mΓ£ô[39m tests/property/loaderAuditor.property.test.ts[2m > [22mProperty 11: Loader Identification and Redundancy Detection[2m > [22mRequirement 3.1: Loader Identification[2m > [22mPROPERTY: Each loader in scan result has valid type[33m 809[2mms[22m[39m
 [32mΓ£ô[39m tests/property/loaderAuditor.property.test.ts[2m > [22mProperty 11: Loader Identification and Redundancy Detection[2m > [22mRequirement 3.2: Redundancy Detection[2m > [22mPROPERTY: Similar loaders with same type are flagged as redundant[32m 112[2mms[22m[39m
 [32mΓ£ô[39m tests/property/loaderAuditor.property.test.ts[2m > [22mProperty 11: Loader Identification and Redundancy Detection[2m > [22mRequirement 3.2: Redundancy Detection[2m > [22mPROPERTY: Redundant loaders have proper evidence with file path and reason[33m 1191[2mms[22m[39m
 [32mΓ£ô[39m tests/property/loaderAuditor.property.test.ts[2m > [22mProperty 11: Loader Identification and Redundancy Detection[2m > [22mRequirement 3.2: Redundancy Detection[2m > [22mPROPERTY: Each redundant group has a primary loader and redundant loaders[33m 599[2mms[22m[39m
 [32mΓ£ô[39m tests/property/loaderAuditor.property.test.ts[2m > [22mProperty 11: Loader Identification and Redundancy Detection[2m > [22mRequirement 3.2: Redundancy Detection[2m > [22mPROPERTY: Similarity score is between 0 and 1[32m 102[2mms[22m[39m
 [32mΓ£ô[39m tests/property/loaderAuditor.property.test.ts[2m > [22mProperty 11: Loader Identification and Redundancy Detection[2m > [22mRequirement 3.2: Redundancy Detection[2m > [22mPROPERTY: Identical loaders have maximum name and type similarity[32m 94[2mms[22m[39m
 [32mΓ£ô[39m tests/property/loaderAuditor.property.test.ts[2m > [22mProperty 11: Loader Identification and Redundancy Detection[2m > [22mRequirement 3.2: Redundancy Detection[2m > [22mPROPERTY: RedundancyDetectionResult has valid structure[33m 498[2mms[22m[39m
 [32mΓ£ô[39m tests/property/loaderAuditor.property.test.ts[2m > [22mProperty 11: Loader Identification and Redundancy Detection[2m > [22mRequirement 3.2: Redundancy Detection[2m > [22mPROPERTY: Total redundant count matches sum of redundant loaders in groups[33m 304[2mms[22m[39m
 [32mΓ£ô[39m tests/property/loaderAuditor.property.test.ts[2m > [22mProperty 11: Loader Identification and Redundancy Detection[2m > [22mRequirement 3.2: Redundancy Detection[2m > [22mPROPERTY: generateUnificationPlan produces valid markdown[33m 398[2mms[22m[39m
 [32mΓ£ô[39m tests/property/loaderAuditor.property.test.ts[2m > [22mProperty 11: Loader Identification and Redundancy Detection[2m > [22mRequirement 3.2: Redundancy Detection[2m > [22mPROPERTY: Loaders with different types have lower type similarity[32m 96[2mms[22m[39m
 [32mΓ£ô[39m tests/property/loaderAuditor.property.test.ts[2m > [22mProperty 11: Loader Identification and Redundancy Detection[2m > [22mEdge Cases[2m > [22mPROPERTY: Empty loader list returns empty results[32m 2[2mms[22m[39m
 [32mΓ£ô[39m tests/property/pageAuditor.property.test.ts[2m > [22mProperty 4: Page Data Load Path Tracing[2m > [22mCustom hooks are recognized[2m > [22mPROPERTY: Known data hooks have their endpoints mapped[33m 5600[2mms[22m[39m
 [32mΓ£ô[39m tests/property/loaderAuditor.property.test.ts[2m > [22mProperty 11: Loader Identification and Redundancy Detection[2m > [22mEdge Cases[2m > [22mPROPERTY: Single loader is never redundant[32m 8[2mms[22m[39m
 [32mΓ£ô[39m tests/property/loaderAuditor.property.test.ts[2m > [22mProperty 11: Loader Identification and Redundancy Detection[2m > [22mEdge Cases[2m > [22mPROPERTY: Completely different loaders are not flagged as redundant with high threshold[32m 201[2mms[22m[39m
 [32mΓ£ô[39m tests/property/loaderAuditor.property.test.ts[2m > [22mProperty 11: Loader Identification and Redundancy Detection[2m > [22mEdge Cases[2m > [22mPROPERTY: Higher threshold results in fewer or equal redundant loaders[33m 594[2mms[22m[39m
 [32mΓ£ô[39m tests/property/loaderAuditor.property.test.ts[2m > [22mProperty 11: Loader Identification and Redundancy Detection[2m > [22mEdge Cases[2m > [22mPROPERTY: Variant prefixes increase similarity score[32m 3[2mms[22m[39m
 [32mΓ£ô[39m tests/property/loaderAuditor.property.test.ts[2m > [22mProperty 11: Loader Identification and Redundancy Detection[2m > [22mEdge Cases[2m > [22mPROPERTY: Redundant group has valid groupId[33m 303[2mms[22m[39m
 [32mΓ£ô[39m tests/property/loaderAuditor.property.test.ts[2m > [22mProperty 11: Loader Identification and Redundancy Detection[2m > [22mEdge Cases[2m > [22mPROPERTY: Redundant group has valid similarity score[33m 310[2mms[22m[39m
 [32mΓ£ô[39m tests/property/loaderAuditor.property.test.ts[2m > [22mProperty 11: Loader Identification and Redundancy Detection[2m > [22mEdge Cases[2m > [22mPROPERTY: Summary by type has total and redundant counts[33m 905[2mms[22m[39m
 [32mΓ£ô[39m tests/property/loaderAuditor.property.test.ts[2m > [22mProperty 11: Loader Identification and Redundancy Detection[2m > [22mEdge Cases[2m > [22mPROPERTY: compareLoaders returns reasons array[32m 99[2mms[22m[39m
 [32mΓ£ô[39m tests/property/pageAuditor.property.test.ts[2m > [22mProperty 4: Page Data Load Path Tracing[2m > [22mDependencies are correctly extracted[2m > [22mPROPERTY: useQuery enabled condition is captured as dependency[33m 3587[2mms[22m[39m
 [32mΓ£ô[39m tests/property/pageAuditor.property.test.ts[2m > [22mProperty 4: Page Data Load Path Tracing[2m > [22mDependencies are correctly extracted[2m > [22mPROPERTY: analyzeHookDependencies returns hooks in dependency order[33m 510[2mms[22m[39m
 [32mΓ£ô[39m tests/property/pageAuditor.property.test.ts[2m > [22mProperty 4: Page Data Load Path Tracing[2m > [22mDataLoadTraceResult structure is valid[2m > [22mPROPERTY: traceDataLoadPath always returns valid DataLoadTraceResult[33m 2089[2mms[22m[39m
 [32mΓ£ô[39m tests/property/notificationAuditor.property.test.ts[2m > [22mProperty 18: Notification Trigger Identification[2m > [22mRisk identification functions work correctly[2m > [22mPROPERTY: identifyDuplicateRisks returns subset of triggers[33m 13290[2mms[22m[39m
 [32mΓ£ô[39m tests/property/pageAuditor.property.test.ts[2m > [22mProperty 4: Page Data Load Path Tracing[2m > [22mDataLoadTraceResult structure is valid[2m > [22mPROPERTY: Every DataLoadStep has required fields[33m 2407[2mms[22m[39m
 [32mΓ£ô[39m tests/property/pageAuditor.property.test.ts[2m > [22mProperty 4: Page Data Load Path Tracing[2m > [22mEdge cases[2m > [22mPROPERTY: Empty file returns empty steps with no errors[32m 101[2mms[22m[39m
 [32mΓ£ô[39m tests/property/pageAuditor.property.test.ts[2m > [22mProperty 4: Page Data Load Path Tracing[2m > [22mEdge cases[2m > [22mPROPERTY: File with no data loading returns empty steps[32m 96[2mms[22m[39m
 [32mΓ£ô[39m tests/property/pageAuditor.property.test.ts[2m > [22mProperty 4: Page Data Load Path Tracing[2m > [22mEdge cases[2m > [22mPROPERTY: Non-existent file returns error[32m 105[2mms[22m[39m
 [32mΓ£ô[39m tests/property/pageAuditor.property.test.ts[2m > [22mProperty 4: Page Data Load Path Tracing[2m > [22mEdge cases[2m > [22mPROPERTY: Multiple data loading patterns in same file are all detected[33m 1702[2mms[22m[39m
 [32mΓ£ô[39m tests/property/pageAuditor.property.test.ts[2m > [22mProperty 4: Page Data Load Path Tracing[2m > [22mEdge cases[2m > [22mPROPERTY: Steps are sorted by line number[33m 1692[2mms[22m[39m
 [32mΓ£ô[39m tests/property/notificationAuditor.property.test.ts[2m > [22mProperty 18: Notification Trigger Identification[2m > [22mRisk identification functions work correctly[2m > [22mPROPERTY: identifyMissingIdempotency returns triggers without idempotency[33m 5910[2mms[22m[39m
 [32mΓ£ô[39m tests/property/pageAuditor.property.test.ts[2m > [22mProperty 4: Page Data Load Path Tracing[2m > [22mRaw pattern detection[2m > [22mPROPERTY: Raw patterns include type information[33m 1708[2mms[22m[39m
 [32mΓ£ô[39m tests/property/notificationAuditor.property.test.ts[2m > [22mProperty 18: Notification Trigger Identification[2m > [22mRisk identification functions work correctly[2m > [22mPROPERTY: identifyMissingRetry returns dispatches without retry[33m 8696[2mms[22m[39m
 [32mΓ£ô[39m tests/property/notificationAuditor.property.test.ts[2m > [22mProperty 18: Notification Trigger Identification[2m > [22mRisk identification functions work correctly[2m > [22mPROPERTY: identifyMissingDeduplication returns dispatches without dedup[33m 11900[2mms[22m[39m
 [32mΓ£ô[39m tests/property/notificationAuditor.property.test.ts[2m > [22mProperty 18: Notification Trigger Identification[2m > [22mRisk identification functions work correctly[2m > [22mPROPERTY: identifyHighRiskDispatches returns dispatches missing both[33m 16589[2mms[22m[39m
 [32mΓ£ô[39m tests/property/notificationAuditor.property.test.ts[2m > [22mProperty 18: Notification Trigger Identification[2m > [22mEdge cases[2m > [22mPROPERTY: Empty directory returns empty results[32m 102[2mms[22m[39m
 [32mΓ£ô[39m tests/property/notificationAuditor.property.test.ts[2m > [22mProperty 18: Notification Trigger Identification[2m > [22mEdge cases[2m > [22mPROPERTY: File with no notification triggers returns empty for that file[32m 106[2mms[22m[39m
 [32mΓ£ô[39m tests/property/notificationAuditor.property.test.ts[2m > [22mProperty 18: Notification Trigger Identification[2m > [22mEdge cases[2m > [22mPROPERTY: File with no email dispatches returns empty for that file[32m 98[2mms[22m[39m
 [32mΓ£ô[39m tests/property/notificationAuditor.property.test.ts[2m > [22mProperty 18: Notification Trigger Identification[2m > [22mEdge cases[2m > [22mPROPERTY: Multiple files are all scanned[33m 18099[2mms[22m[39m
 [32mΓ£ô[39m tests/property/notificationAuditor.property.test.ts[2m > [22mProperty 18: Notification Trigger Identification[2m > [22mEdge cases[2m > [22mPROPERTY: Results are sorted by file path and line number[33m 9504[2mms[22m[39m
 [32mΓ£ô[39m tests/property/rbac.property.test.ts[2m > [22mProperty 6: Permission determinism[2m > [22mCore Determinism Property[2m > [22mPROPERTY: For any valid role, calling getPermissionsForRole() multiple times returns identical results[33m 396[2mms[22m[39m
 [32mΓ£ô[39m tests/property/rbac.property.test.ts[2m > [22mProperty 6: Permission determinism[2m > [22mCore Determinism Property[2m > [22mPROPERTY: Permissions for each role are deterministic across test runs[32m 1[2mms[22m[39m
 [32mΓ£ô[39m tests/property/rbac.property.test.ts[2m > [22mProperty 6: Permission determinism[2m > [22mCore Determinism Property[2m > [22mPROPERTY: Permission order is consistent across invocations[32m 103[2mms[22m[39m
 [32mΓ£ô[39m tests/property/rbac.property.test.ts[2m > [22mProperty 6: Permission determinism[2m > [22mImmutability Property[2m > [22mPROPERTY: Modifying returned permissions array does not affect future calls[32m 100[2mms[22m[39m
 [32mΓ£ô[39m tests/property/rbac.property.test.ts[2m > [22mProperty 6: Permission determinism[2m > [22mImmutability Property[2m > [22mPROPERTY: Clearing returned permissions array does not affect future calls[32m 90[2mms[22m[39m
 [32mΓ£ô[39m tests/property/rbac.property.test.ts[2m > [22mProperty 6: Permission determinism[2m > [22mImmutability Property[2m > [22mPROPERTY: Each call returns a new array instance[32m 95[2mms[22m[39m
 [32mΓ£ô[39m tests/property/rbac.property.test.ts[2m > [22mProperty 6: Permission determinism[2m > [22mNo Database Access Property[2m > [22mPROPERTY: ROLE_PERMISSIONS is a static constant with all valid roles[32m 0[2mms[22m[39m
 [32mΓ£ô[39m tests/property/rbac.property.test.ts[2m > [22mProperty 6: Permission determinism[2m > [22mNo Database Access Property[2m > [22mPROPERTY: getPermissionsForRole returns data from static ROLE_PERMISSIONS[32m 3[2mms[22m[39m
 [32mΓ£ô[39m tests/property/rbac.property.test.ts[2m > [22mProperty 6: Permission determinism[2m > [22mNo Database Access Property[2m > [22mPROPERTY: Permission lookup is synchronous (no async/await needed)[32m 93[2mms[22m[39m
 [32mΓ£ô[39m tests/property/rbac.property.test.ts[2m > [22mPermission Check Determinism[2m > [22mhasPermission Determinism[2m > [22mPROPERTY: hasPermission returns consistent results for same inputs[32m 213[2mms[22m[39m
 [32mΓ£ô[39m tests/property/rbac.property.test.ts[2m > [22mPermission Check Determinism[2m > [22mhasPermission Determinism[2m > [22mPROPERTY: hasPermission returns true iff permission is in array[32m 198[2mms[22m[39m
 [32mΓ£ô[39m tests/property/rbac.property.test.ts[2m > [22mPermission Check Determinism[2m > [22mhasAllPermissions Determinism[2m > [22mPROPERTY: hasAllPermissions returns consistent results for same inputs[32m 199[2mms[22m[39m
 [32mΓ£ô[39m tests/property/rbac.property.test.ts[2m > [22mPermission Check Determinism[2m > [22mhasAllPermissions Determinism[2m > [22mPROPERTY: hasAllPermissions returns true iff all permissions are present[32m 192[2mms[22m[39m
 [32mΓ£ô[39m tests/property/rbac.property.test.ts[2m > [22mPermission Check Determinism[2m > [22mhasAnyPermission Determinism[2m > [22mPROPERTY: hasAnyPermission returns consistent results for same inputs[33m 308[2mms[22m[39m
 [32mΓ£ô[39m tests/property/rbac.property.test.ts[2m > [22mPermission Check Determinism[2m > [22mhasAnyPermission Determinism[2m > [22mPROPERTY: hasAnyPermission returns true iff at least one permission is present[32m 94[2mms[22m[39m
 [32mΓ£ô[39m tests/property/rbac.property.test.ts[2m > [22mPermission Check Determinism[2m > [22mroleHasPermission Determinism[2m > [22mPROPERTY: roleHasPermission returns consistent results for same inputs[32m 101[2mms[22m[39m
 [32mΓ£ô[39m tests/property/rbac.property.test.ts[2m > [22mPermission Check Determinism[2m > [22mroleHasPermission Determinism[2m > [22mPROPERTY: roleHasPermission matches getPermissionsForRole().includes()[32m 2[2mms[22m[39m
 [32mΓ£ô[39m tests/property/rbac.property.test.ts[2m > [22mRole Validation Determinism[2m > [22misValidRole Determinism[2m > [22mPROPERTY: isValidRole returns consistent results for same input[33m 794[2mms[22m[39m
 [32mΓ£ô[39m tests/property/rbac.property.test.ts[2m > [22mRole Validation Determinism[2m > [22misValidRole Determinism[2m > [22mPROPERTY: isValidRole returns true for all valid roles[32m 0[2mms[22m[39m
 [32mΓ£ô[39m tests/property/rbac.property.test.ts[2m > [22mRole Validation Determinism[2m > [22misValidRole Determinism[2m > [22mPROPERTY: isValidRole returns false for invalid roles[33m 400[2mms[22m[39m
bunx : 
[90mstderr[2m | t
ests/property/rbac.
property.test.ts[2
m > [22m[2mEdge 
Cases[2m > 
[22m[2mInvalid 
Role Handling[2m 
> 
[22m[2mPROPERTY: 
getPermissionsForRo
le returns empty 
array for invalid 
roles
At line:1 char:1
+ bunx vitest run 
--reporter=verbose 
2>&1 | Out-File 
-FilePath test-res 
...
+ ~~~~~~~~~~~~~~~~~
~~~~~~~~~~~~~~~~~~~
~~~
    + CategoryInfo 
             : No  
  tSpecified: (   
 [90mstderr[2m    
...r invalid r    
oles:String) [    
], RemoteExcep    
tion
    + FullyQualifi 
   edErrorId : Na  
  tiveCommandErr   
 or
 
[22m[39m[PERMISSI
ONS] Unknown role 
requested: aE
[PERMISSIONS] 
Unknown role 
requested: r>17
[PERMISSIONS] 
Unknown role 
requested: __lookup
[PERMISSIONS] 
Unknown role 
requested: %L
[PERMISSIONS] 
Unknown role 
requested: Y-L3F
[PERMISSIONS] 
Unknown role 
requested: 
}vSx_`,*oH|T
[PERMISSIONS] 
Unknown role 
requested: 
AR7{[S|aH(%(
[PERMISSIONS] 
Unknown role 
requested: H_"~
[PERMISSIONS] 
Unknown role 
requested: $9xMyfY
[PERMISSIONS] 
Unknown role 
requested: ref
[PERMISSIONS] 
Unknown role 
requested: 
9V4in8ctS%3
[PERMISSIONS] 
Unknown role 
requested: |)<JESW
[PERMISSIONS] 
Unknown role 
requested: ER=Jz@>s
[PERMISSIONS] 
Unknown role 
requested: Xo:o-
[PERMISSIONS] 
Unknown role 
requested: E>o
[PERMISSIONS] 
Unknown role 
requested: A
[PERMISSIONS] 
Unknown role 
requested: 
RiL&|Go<y.Z
[PERMISSIONS] 
Unknown role 
requested: 
:*f%Xo0`"9]
[PERMISSIONS] 
Unknown role 
requested: r&&p+L"a
[PERMISSIONS] 
Unknown role 
requested: S`
[PERMISSIONS] 
Unknown role 
requested: ^B];GQ
[PERMISSIONS] 
Unknown role 
requested: V,1
[PERMISSIONS] 
Unknown role 
requested: 
/'P}\[mU/6
[PERMISSIONS] 
Unknown role 
requested: /"^
[PERMISSIONS] 
Unknown role 
requested:  Oe+}spf
[PERMISSIONS] 
Unknown role 
requested: x\J
[PERMISSIONS] 
Unknown role 
requested: 0o%e
[PERMISSIONS] 
Unknown role 
requested: |N)<
[PERMISSIONS] 
Unknown role 
requested: \8D
[PERMISSIONS] 
Unknown role 
requested: %8
[PERMISSIONS] 
Unknown role 
requested: 26fW
[PERMISSIONS] 
Unknown role 
requested: EQ]@
[PERMISSIONS] 
Unknown role 
requested: 
rT5e=8$eh
[PERMISSIONS] 
Unknown role 
requested: 
g\^5Cd>Y_|8.
[PERMISSIONS] 
Unknown role 
requested: 
sZapply|~
[PERMISSIONS] 
Unknown role 
requested: "<.M($
[PERMISSIONS] 
Unknown role 
requested: q
[PERMISSIONS] 
Unknown role 
requested: fTn9a~F
[PERMISSIONS] 
Unknown role 
requested: %o
[PERMISSIONS] 
Unknown role 
requested: zChGgH
[PERMISSIONS] 
Unknown role 
requested: 'X
[PERMISSIONS] 
Unknown role 
requested: {t_jY
[PERMISSIONS] 
Unknown role 
requested: 
j3Gz5V:$/vi
[PERMISSIONS] 
Unknown role 
requested: >t
[PERMISSIONS] 
Unknown role 
requested: 
_VI*4PoxCh+
[PERMISSIONS] 
Unknown role 
requested: k!}
[PERMISSIONS] 
Unknown role 
requested: -vl#n
[PERMISSIONS] 
Unknown role 
requested: 
ki:vs"x,`(F%
[PERMISSIONS] 
Unknown role 
requested: 
pGH1>=;FS
[PERMISSIONS] 
Unknown role 
requested: 
_t^2F&Z(cM
[PERMISSIONS] 
Unknown role 
requested: i+QI&0pH
[PERMISSIONS] 
Unknown role 
requested: x*'
[PERMISSIONS] 
Unknown role 
requested: o}0Qan9
[PERMISSIONS] 
Unknown role 
requested: NHm8OA
[PERMISSIONS] 
Unknown role 
requested: 
S!^cRaB#/etv
[PERMISSIONS] 
Unknown role 
requested: T
[PERMISSIONS] 
Unknown role 
requested: M;\"E
[PERMISSIONS] 
Unknown role 
requested: }
[PERMISSIONS] 
Unknown role 
requested: 9.}w
[PERMISSIONS] 
Unknown role 
requested: -~.F!
[PERMISSIONS] 
Unknown role 
requested: _Z_:TDZ
[PERMISSIONS] 
Unknown role 
requested: $]e
[PERMISSIONS] 
Unknown role 
requested: K[A8}Z|E
[PERMISSIONS] 
Unknown role 
requested: Q FX
[PERMISSIONS] 
Unknown role 
requested: 4IuXy4&
[PERMISSIONS] 
Unknown role 
requested: "syy~$ ~
[PERMISSIONS] 
Unknown role 
requested: 
$p@q#"s.}Qi8
[PERMISSIONS] 
Unknown role 
requested: Bq5
[PERMISSIONS] 
Unknown role 
requested: aG6#
[PERMISSIONS] 
Unknown role 
requested: x
[PERMISSIONS] 
Unknown role 
requested: 
j"!)7%a*!y!
[PERMISSIONS] 
Unknown role 
requested: 
#<"!a_;h^""
[PERMISSIONS] 
Unknown role 
requested: 
;|gy@BOrfos
[PERMISSIONS] 
Unknown role 
requested: l=
[PERMISSIONS] 
Unknown role 
requested: D!
[PERMISSIONS] 
Unknown role 
requested: reC&
[PERMISSIONS] 
Unknown role 
requested: 55}Wk
[PERMISSIONS] 
Unknown role 
requested: l
[PERMISSIONS] 
Unknown role 
requested: mQ~vx8M
[PERMISSIONS] 
Unknown role 
requested: #
[PERMISSIONS] 
Unknown role 
requested: q5t
[PERMISSIONS] 
Unknown role 
requested: >vXC>
[PERMISSIONS] 
Unknown role 
requested: 
nt)!argument
[PERMISSIONS] 
Unknown role 
requested: %ca
[PERMISSIONS] 
Unknown role 
requested: IR
[PERMISSIONS] 
Unknown role 
requested: !
[PERMISSIONS] 
Unknown role 
requested: re
[PERMISSIONS] 
Unknown role 
requested: ! 
KF{l^ku  V
[PERMISSIONS] 
Unknown role 
requested: 
gTuE7Y~I&xHs
[PERMISSIONS] 
Unknown role 
requested: eF
[PERMISSIONS] 
Unknown role 
requested: i
[PERMISSIONS] 
Unknown role 
requested: 
a;MN46h\\lno
[PERMISSIONS] 
Unknown role 
requested: %*d
[PERMISSIONS] 
Unknown role 
requested: /$rjC#n
[PERMISSIONS] 
Unknown role 
requested: G
[PERMISSIONS] 
Unknown role 
requested: 
prototype
[PERMISSIONS] 
Unknown role 
requested: 481
[PERMISSIONS] 
Unknown role 
requested: 4~AK
[PERMISSIONS] 
Unknown role 
requested: =cW7*?p
[PERMISSIONS] 
Unknown role 
requested: 
}JJai,Rxhli+

 [32mΓ£ô[39m tests/property/rbac.property.test.ts[2m > [22mEdge Cases[2m > [22mInvalid Role Handling[2m > [22mPROPERTY: getPermissionsForRole returns empty array for invalid roles[32m 189[2mms[22m[39m
[90mstderr[2m | t
ests/property/rbac.
property.test.ts[2
m > [22m[2mEdge 
Cases[2m > 
[22m[2mInvalid 
Role Handling[2m 
> 
[22m[2mPROPERTY: 
Invalid role 
handling is 
deterministic
[22m[39m[PERMISSI
ONS] Unknown role 
requested: 
O3~51&~.ifD
[PERMISSIONS] 
Unknown role 
requested: 
O3~51&~.ifD
[PERMISSIONS] 
Unknown role 
requested: 
O3~51&~.ifD
[PERMISSIONS] 
Unknown role 
requested: 
O3~51&~.ifD
[PERMISSIONS] 
Unknown role 
requested: 
O3~51&~.ifD
[PERMISSIONS] 
Unknown role 
requested: 
O3~51&~.ifD
[PERMISSIONS] 
Unknown role 
requested: 
O3~51&~.ifD
[PERMISSIONS] 
Unknown role 
requested: 
O3~51&~.ifD
[PERMISSIONS] 
Unknown role 
requested: 
O3~51&~.ifD
[PERMISSIONS] 
Unknown role 
requested: 
O3~51&~.ifD
[PERMISSIONS] 
Unknown role 
requested: %Y$
[PERMISSIONS] 
Unknown role 
requested: %Y$
[PERMISSIONS] 
Unknown role 
requested: %Y$
[PERMISSIONS] 
Unknown role 
requested: %Y$
[PERMISSIONS] 
Unknown role 
requested: %Y$
[PERMISSIONS] 
Unknown role 
requested: %Y$
[PERMISSIONS] 
Unknown role 
requested: %Y$
[PERMISSIONS] 
Unknown role 
requested: %Y$
[PERMISSIONS] 
Unknown role 
requested: %Y$
[PERMISSIONS] 
Unknown role 
requested: %Y$
[PERMISSIONS] 
Unknown role 
requested: 
EQ7l1Y\<]n!"
[PERMISSIONS] 
Unknown role 
requested: 
EQ7l1Y\<]n!"
[PERMISSIONS] 
Unknown role 
requested: 
EQ7l1Y\<]n!"
[PERMISSIONS] 
Unknown role 
requested: 
EQ7l1Y\<]n!"
[PERMISSIONS] 
Unknown role 
requested: 
EQ7l1Y\<]n!"
[PERMISSIONS] 
Unknown role 
requested: 
EQ7l1Y\<]n!"
[PERMISSIONS] 
Unknown role 
requested: 
EQ7l1Y\<]n!"
[PERMISSIONS] 
Unknown role 
requested: 
EQ7l1Y\<]n!"
[PERMISSIONS] 
Unknown role 
requested: 
EQ7l1Y\<]n!"
[PERMISSIONS] 
Unknown role 
requested: 
EQ7l1Y\<]n!"
[PERMISSIONS] 
Unknown role 
requested: 
TxN<!"[+,F>5
[PERMISSIONS] 
Unknown role 
requested: 
TxN<!"[+,F>5
[PERMISSIONS] 
Unknown role 
requested: 
TxN<!"[+,F>5
[PERMISSIONS] 
Unknown role 
requested: 
TxN<!"[+,F>5
[PERMISSIONS] 
Unknown role 
requested: 
TxN<!"[+,F>5
[PERMISSIONS] 
Unknown role 
requested: 
TxN<!"[+,F>5
[PERMISSIONS] 
Unknown role 
requested: 
TxN<!"[+,F>5
[PERMISSIONS] 
Unknown role 
requested: 
TxN<!"[+,F>5
[PERMISSIONS] 
Unknown role 
requested: 
TxN<!"[+,F>5
[PERMISSIONS] 
Unknown role 
requested: 
TxN<!"[+,F>5
[PERMISSIONS] 
Unknown role 
requested: $Bxh
[PERMISSIONS] 
Unknown role 
requested: $Bxh
[PERMISSIONS] 
Unknown role 
requested: $Bxh
[PERMISSIONS] 
Unknown role 
requested: $Bxh
[PERMISSIONS] 
Unknown role 
requested: $Bxh
[PERMISSIONS] 
Unknown role 
requested: $Bxh
[PERMISSIONS] 
Unknown role 
requested: $Bxh
[PERMISSIONS] 
Unknown role 
requested: $Bxh
[PERMISSIONS] 
Unknown role 
requested: $Bxh
[PERMISSIONS] 
Unknown role 
requested: $Bxh
[PERMISSIONS] 
Unknown role 
requested: 
jw#X1O~8S
[PERMISSIONS] 
Unknown role 
requested: 
jw#X1O~8S
[PERMISSIONS] 
Unknown role 
requested: 
jw#X1O~8S
[PERMISSIONS] 
Unknown role 
requested: 
jw#X1O~8S
[PERMISSIONS] 
Unknown role 
requested: 
jw#X1O~8S
[PERMISSIONS] 
Unknown role 
requested: 
jw#X1O~8S
[PERMISSIONS] 
Unknown role 
requested: 
jw#X1O~8S
[PERMISSIONS] 
Unknown role 
requested: 
jw#X1O~8S
[PERMISSIONS] 
Unknown role 
requested: 
jw#X1O~8S
[PERMISSIONS] 
Unknown role 
requested: 
jw#X1O~8S
[PERMISSIONS] 
Unknown role 
requested: &"
[PERMISSIONS] 
Unknown role 
requested: &"
[PERMISSIONS] 
Unknown role 
requested: &"
[PERMISSIONS] 
Unknown role 
requested: &"
[PERMISSIONS] 
Unknown role 
requested: &"
[PERMISSIONS] 
Unknown role 
requested: &"
[PERMISSIONS] 
Unknown role 
requested: &"
[PERMISSIONS] 
Unknown role 
requested: &"
[PERMISSIONS] 
Unknown role 
requested: &"
[PERMISSIONS] 
Unknown role 
requested: &"
[PERMISSIONS] 
Unknown role 
requested: b
[PERMISSIONS] 
Unknown role 
requested: b
[PERMISSIONS] 
Unknown role 
requested: b
[PERMISSIONS] 
Unknown role 
requested: b
[PERMISSIONS] 
Unknown role 
requested: b
[PERMISSIONS] 
Unknown role 
requested: b
[PERMISSIONS] 
Unknown role 
requested: b
[PERMISSIONS] 
Unknown role 
requested: b
[PERMISSIONS] 
Unknown role 
requested: b
[PERMISSIONS] 
Unknown role 
requested: b
[PERMISSIONS] 
Unknown role 
requested: 
VoiN+>3cMq)Z
[PERMISSIONS] 
Unknown role 
requested: 
VoiN+>3cMq)Z
[PERMISSIONS] 
Unknown role 
requested: 
VoiN+>3cMq)Z
[PERMISSIONS] 
Unknown role 
requested: 
VoiN+>3cMq)Z
[PERMISSIONS] 
Unknown role 
requested: 
VoiN+>3cMq)Z
[PERMISSIONS] 
Unknown role 
requested: 
VoiN+>3cMq)Z
[PERMISSIONS] 
Unknown role 
requested: 
VoiN+>3cMq)Z
[PERMISSIONS] 
Unknown role 
requested: 
VoiN+>3cMq)Z
[PERMISSIONS] 
Unknown role 
requested: 
VoiN+>3cMq)Z
[PERMISSIONS] 
Unknown role 
requested: 
VoiN+>3cMq)Z
[PERMISSIONS] 
Unknown role 
requested: (Uh[
[PERMISSIONS] 
Unknown role 
requested: (Uh[
[PERMISSIONS] 
Unknown role 
requested: (Uh[
[PERMISSIONS] 
Unknown role 
requested: (Uh[
[PERMISSIONS] 
Unknown role 
requested: (Uh[
[PERMISSIONS] 
Unknown role 
requested: (Uh[
[PERMISSIONS] 
Unknown role 
requested: (Uh[
[PERMISSIONS] 
Unknown role 
requested: (Uh[
[PERMISSIONS] 
Unknown role 
requested: (Uh[
[PERMISSIONS] 
Unknown role 
requested: (Uh[
[PERMISSIONS] 
Unknown role 
requested: gbo2YeZP
[PERMISSIONS] 
Unknown role 
requested: gbo2YeZP
[PERMISSIONS] 
Unknown role 
requested: gbo2YeZP
[PERMISSIONS] 
Unknown role 
requested: gbo2YeZP
[PERMISSIONS] 
Unknown role 
requested: gbo2YeZP
[PERMISSIONS] 
Unknown role 
requested: gbo2YeZP
[PERMISSIONS] 
Unknown role 
requested: gbo2YeZP
[PERMISSIONS] 
Unknown role 
requested: gbo2YeZP
[PERMISSIONS] 
Unknown role 
requested: gbo2YeZP
[PERMISSIONS] 
Unknown role 
requested: gbo2YeZP
[PERMISSIONS] 
Unknown role 
requested: "h&
[PERMISSIONS] 
Unknown role 
requested: "h&
[PERMISSIONS] 
Unknown role 
requested: "h&
[PERMISSIONS] 
Unknown role 
requested: "h&
[PERMISSIONS] 
Unknown role 
requested: "h&
[PERMISSIONS] 
Unknown role 
requested: "h&
[PERMISSIONS] 
Unknown role 
requested: "h&
[PERMISSIONS] 
Unknown role 
requested: "h&
[PERMISSIONS] 
Unknown role 
requested: "h&
[PERMISSIONS] 
Unknown role 
requested: "h&
[PERMISSIONS] 
Unknown role 
requested:  
:8Aq<"Gl0UO
[PERMISSIONS] 
Unknown role 
requested:  
:8Aq<"Gl0UO
[PERMISSIONS] 
Unknown role 
requested:  
:8Aq<"Gl0UO
[PERMISSIONS] 
Unknown role 
requested:  
:8Aq<"Gl0UO
[PERMISSIONS] 
Unknown role 
requested:  
:8Aq<"Gl0UO
[PERMISSIONS] 
Unknown role 
requested:  
:8Aq<"Gl0UO
[PERMISSIONS] 
Unknown role 
requested:  
:8Aq<"Gl0UO
[PERMISSIONS] 
Unknown role 
requested:  
:8Aq<"Gl0UO
[PERMISSIONS] 
Unknown role 
requested:  
:8Aq<"Gl0UO
[PERMISSIONS] 
Unknown role 
requested:  
:8Aq<"Gl0UO
[PERMISSIONS] 
Unknown role 
requested: @{i
[PERMISSIONS] 
Unknown role 
requested: @{i
[PERMISSIONS] 
Unknown role 
requested: @{i
[PERMISSIONS] 
Unknown role 
requested: @{i
[PERMISSIONS] 
Unknown role 
requested: @{i
[PERMISSIONS] 
Unknown role 
requested: @{i
[PERMISSIONS] 
Unknown role 
requested: @{i
[PERMISSIONS] 
Unknown role 
requested: @{i
[PERMISSIONS] 
Unknown role 
requested: @{i
[PERMISSIONS] 
Unknown role 
requested: @{i
[PERMISSIONS] 
Unknown role 
requested: p-G
[PERMISSIONS] 
Unknown role 
requested: p-G
[PERMISSIONS] 
Unknown role 
requested: p-G
[PERMISSIONS] 
Unknown role 
requested: p-G
[PERMISSIONS] 
Unknown role 
requested: p-G
[PERMISSIONS] 
Unknown role 
requested: p-G
[PERMISSIONS] 
Unknown role 
requested: p-G
[PERMISSIONS] 
Unknown role 
requested: p-G
[PERMISSIONS] 
Unknown role 
requested: p-G
[PERMISSIONS] 
Unknown role 
requested: p-G
[PERMISSIONS] 
Unknown role 
requested: i
[PERMISSIONS] 
Unknown role 
requested: i
[PERMISSIONS] 
Unknown role 
requested: i
[PERMISSIONS] 
Unknown role 
requested: i
[PERMISSIONS] 
Unknown role 
requested: i
[PERMISSIONS] 
Unknown role 
requested: i
[PERMISSIONS] 
Unknown role 
requested: i
[PERMISSIONS] 
Unknown role 
requested: i
[PERMISSIONS] 
Unknown role 
requested: i
[PERMISSIONS] 
Unknown role 
requested: i
[PERMISSIONS] 
Unknown role 
requested:  
[PERMISSIONS] 
Unknown role 
requested:  
[PERMISSIONS] 
Unknown role 
requested:  
[PERMISSIONS] 
Unknown role 
requested:  
[PERMISSIONS] 
Unknown role 
requested:  
[PERMISSIONS] 
Unknown role 
requested:  
[PERMISSIONS] 
Unknown role 
requested:  
[PERMISSIONS] 
Unknown role 
requested:  
[PERMISSIONS] 
Unknown role 
requested:  
[PERMISSIONS] 
Unknown role 
requested:  
[PERMISSIONS] 
Unknown role 
requested: 27#;0g>\
[PERMISSIONS] 
Unknown role 
requested: 27#;0g>\
[PERMISSIONS] 
Unknown role 
requested: 27#;0g>\
[PERMISSIONS] 
Unknown role 
requested: 27#;0g>\
[PERMISSIONS] 
Unknown role 
requested: 27#;0g>\
[PERMISSIONS] 
Unknown role 
requested: 27#;0g>\
[PERMISSIONS] 
Unknown role 
requested: 27#;0g>\
[PERMISSIONS] 
Unknown role 
requested: 27#;0g>\
[PERMISSIONS] 
Unknown role 
requested: 27#;0g>\
[PERMISSIONS] 
Unknown role 
requested: 27#;0g>\
[PERMISSIONS] 
Unknown role 
requested: in
[PERMISSIONS] 
Unknown role 
requested: in
[PERMISSIONS] 
Unknown role 
requested: in
[PERMISSIONS] 
Unknown role 
requested: in
[PERMISSIONS] 
Unknown role 
requested: in
[PERMISSIONS] 
Unknown role 
requested: in
[PERMISSIONS] 
Unknown role 
requested: in
[PERMISSIONS] 
Unknown role 
requested: in
[PERMISSIONS] 
Unknown role 
requested: in
[PERMISSIONS] 
Unknown role 
requested: in
[PERMISSIONS] 
Unknown role 
requested: |"n)
[PERMISSIONS] 
Unknown role 
requested: |"n)
[PERMISSIONS] 
Unknown role 
requested: |"n)
[PERMISSIONS] 
Unknown role 
requested: |"n)
[PERMISSIONS] 
Unknown role 
requested: |"n)
[PERMISSIONS] 
Unknown role 
requested: |"n)
[PERMISSIONS] 
Unknown role 
requested: |"n)
[PERMISSIONS] 
Unknown role 
requested: |"n)
[PERMISSIONS] 
Unknown role 
requested: |"n)
[PERMISSIONS] 
Unknown role 
requested: |"n)
[PERMISSIONS] 
Unknown role 
requested: 
ezitconstr
[PERMISSIONS] 
Unknown role 
requested: 
ezitconstr
[PERMISSIONS] 
Unknown role 
requested: 
ezitconstr
[PERMISSIONS] 
Unknown role 
requested: 
ezitconstr
[PERMISSIONS] 
Unknown role 
requested: 
ezitconstr
[PERMISSIONS] 
Unknown role 
requested: 
ezitconstr
[PERMISSIONS] 
Unknown role 
requested: 
ezitconstr
[PERMISSIONS] 
Unknown role 
requested: 
ezitconstr
[PERMISSIONS] 
Unknown role 
requested: 
ezitconstr
[PERMISSIONS] 
Unknown role 
requested: 
ezitconstr
[PERMISSIONS] 
Unknown role 
requested: 
Fzto_%yll&;O
[PERMISSIONS] 
Unknown role 
requested: 
Fzto_%yll&;O
[PERMISSIONS] 
Unknown role 
requested: 
Fzto_%yll&;O
[PERMISSIONS] 
Unknown role 
requested: 
Fzto_%yll&;O
[PERMISSIONS] 
Unknown role 
requested: 
Fzto_%yll&;O
[PERMISSIONS] 
Unknown role 
requested: 
Fzto_%yll&;O
[PERMISSIONS] 
Unknown role 
requested: 
Fzto_%yll&;O
[PERMISSIONS] 
Unknown role 
requested: 
Fzto_%yll&;O
[PERMISSIONS] 
Unknown role 
requested: 
Fzto_%yll&;O
[PERMISSIONS] 
Unknown role 
requested: 
Fzto_%yll&;O
[PERMISSIONS] 
Unknown role 
requested: '81
[PERMISSIONS] 
Unknown role 
requested: '81
[PERMISSIONS] 
Unknown role 
requested: '81
[PERMISSIONS] 
Unknown role 
requested: '81
[PERMISSIONS] 
Unknown role 
requested: '81
[PERMISSIONS] 
Unknown role 
requested: '81
[PERMISSIONS] 
Unknown role 
requested: '81
[PERMISSIONS] 
Unknown role 
requested: '81
[PERMISSIONS] 
Unknown role 
requested: '81
[PERMISSIONS] 
Unknown role 
requested: '81
[PERMISSIONS] 
Unknown role 
requested: ^9<UW
[PERMISSIONS] 
Unknown role 
requested: ^9<UW
[PERMISSIONS] 
Unknown role 
requested: ^9<UW
[PERMISSIONS] 
Unknown role 
requested: ^9<UW
[PERMISSIONS] 
Unknown role 
requested: ^9<UW
[PERMISSIONS] 
Unknown role 
requested: ^9<UW
[PERMISSIONS] 
Unknown role 
requested: ^9<UW
[PERMISSIONS] 
Unknown role 
requested: ^9<UW
[PERMISSIONS] 
Unknown role 
requested: ^9<UW
[PERMISSIONS] 
Unknown role 
requested: ^9<UW
[PERMISSIONS] 
Unknown role 
requested: %~\X#
[PERMISSIONS] 
Unknown role 
requested: %~\X#
[PERMISSIONS] 
Unknown role 
requested: %~\X#
[PERMISSIONS] 
Unknown role 
requested: %~\X#
[PERMISSIONS] 
Unknown role 
requested: %~\X#
[PERMISSIONS] 
Unknown role 
requested: %~\X#
[PERMISSIONS] 
Unknown role 
requested: %~\X#
[PERMISSIONS] 
Unknown role 
requested: %~\X#
[PERMISSIONS] 
Unknown role 
requested: %~\X#
[PERMISSIONS] 
Unknown role 
requested: %~\X#
[PERMISSIONS] 
Unknown role 
requested: XaCi
[PERMISSIONS] 
Unknown role 
requested: XaCi
[PERMISSIONS] 
Unknown role 
requested: XaCi
[PERMISSIONS] 
Unknown role 
requested: XaCi
[PERMISSIONS] 
Unknown role 
requested: XaCi
[PERMISSIONS] 
Unknown role 
requested: XaCi
[PERMISSIONS] 
Unknown role 
requested: XaCi
[PERMISSIONS] 
Unknown role 
requested: XaCi
[PERMISSIONS] 
Unknown role 
requested: XaCi
[PERMISSIONS] 
Unknown role 
requested: XaCi
[PERMISSIONS] 
Unknown role 
requested: $<g
[PERMISSIONS] 
Unknown role 
requested: $<g
[PERMISSIONS] 
Unknown role 
requested: $<g
[PERMISSIONS] 
Unknown role 
requested: $<g
[PERMISSIONS] 
Unknown role 
requested: $<g
[PERMISSIONS] 
Unknown role 
requested: $<g
[PERMISSIONS] 
Unknown role 
requested: $<g
[PERMISSIONS] 
Unknown role 
requested: $<g
[PERMISSIONS] 
Unknown role 
requested: $<g
[PERMISSIONS] 
Unknown role 
requested: $<g
[PERMISSIONS] 
Unknown role 
requested: qE@
[PERMISSIONS] 
Unknown role 
requested: qE@
[PERMISSIONS] 
Unknown role 
requested: qE@
[PERMISSIONS] 
Unknown role 
requested: qE@
[PERMISSIONS] 
Unknown role 
requested: qE@
[PERMISSIONS] 
Unknown role 
requested: qE@
[PERMISSIONS] 
Unknown role 
requested: qE@
[PERMISSIONS] 
Unknown role 
requested: qE@
[PERMISSIONS] 
Unknown role 
requested: qE@
[PERMISSIONS] 
Unknown role 
requested: qE@
[PERMISSIONS] 
Unknown role 
requested: T
[PERMISSIONS] 
Unknown role 
requested: T
[PERMISSIONS] 
Unknown role 
requested: T
[PERMISSIONS] 
Unknown role 
requested: T
[PERMISSIONS] 
Unknown role 
requested: T
[PERMISSIONS] 
Unknown role 
requested: T
[PERMISSIONS] 
Unknown role 
requested: T
[PERMISSIONS] 
Unknown role 
requested: T
[PERMISSIONS] 
Unknown role 
requested: T
[PERMISSIONS] 
Unknown role 
requested: T
[PERMISSIONS] 
Unknown role 
requested: 
JW,4=jEQp
[PERMISSIONS] 
Unknown role 
requested: 
JW,4=jEQp
[PERMISSIONS] 
Unknown role 
requested: 
JW,4=jEQp
[PERMISSIONS] 
Unknown role 
requested: 
JW,4=jEQp
[PERMISSIONS] 
Unknown role 
requested: 
JW,4=jEQp
[PERMISSIONS] 
Unknown role 
requested: 
JW,4=jEQp
[PERMISSIONS] 
Unknown role 
requested: 
JW,4=jEQp
[PERMISSIONS] 
Unknown role 
requested: 
JW,4=jEQp
[PERMISSIONS] 
Unknown role 
requested: 
JW,4=jEQp
[PERMISSIONS] 
Unknown role 
requested: 
JW,4=jEQp
[PERMISSIONS] 
Unknown role 
requested: =8fX?O:
[PERMISSIONS] 
Unknown role 
requested: =8fX?O:
[PERMISSIONS] 
Unknown role 
requested: =8fX?O:
[PERMISSIONS] 
Unknown role 
requested: =8fX?O:
[PERMISSIONS] 
Unknown role 
requested: =8fX?O:
[PERMISSIONS] 
Unknown role 
requested: =8fX?O:
[PERMISSIONS] 
Unknown role 
requested: =8fX?O:
[PERMISSIONS] 
Unknown role 
requested: =8fX?O:
[PERMISSIONS] 
Unknown role 
requested: =8fX?O:
[PERMISSIONS] 
Unknown role 
requested: =8fX?O:
[PERMISSIONS] 
Unknown role 
requested: .u'!$"'
[PERMISSIONS] 
Unknown role 
requested: .u'!$"'
[PERMISSIONS] 
Unknown role 
requested: .u'!$"'
[PERMISSIONS] 
Unknown role 
requested: .u'!$"'
[PERMISSIONS] 
Unknown role 
requested: .u'!$"'
[PERMISSIONS] 
Unknown role 
requested: .u'!$"'
[PERMISSIONS] 
Unknown role 
requested: .u'!$"'
[PERMISSIONS] 
Unknown role 
requested: .u'!$"'
[PERMISSIONS] 
Unknown role 
requested: .u'!$"'
[PERMISSIONS] 
Unknown role 
requested: .u'!$"'
[PERMISSIONS] 
Unknown role 
requested: 2a6UL,`C
[PERMISSIONS] 
Unknown role 
requested: 2a6UL,`C
[PERMISSIONS] 
Unknown role 
requested: 2a6UL,`C
[PERMISSIONS] 
Unknown role 
requested: 2a6UL,`C
[PERMISSIONS] 
Unknown role 
requested: 2a6UL,`C
[PERMISSIONS] 
Unknown role 
requested: 2a6UL,`C
[PERMISSIONS] 
Unknown role 
requested: 2a6UL,`C
[PERMISSIONS] 
Unknown role 
requested: 2a6UL,`C
[PERMISSIONS] 
Unknown role 
requested: 2a6UL,`C
[PERMISSIONS] 
Unknown role 
requested: 2a6UL,`C
[PERMISSIONS] 
Unknown role 
requested:  
dJx-6InOG
[PERMISSIONS] 
Unknown role 
requested:  
dJx-6InOG
[PERMISSIONS] 
Unknown role 
requested:  
dJx-6InOG
[PERMISSIONS] 
Unknown role 
requested:  
dJx-6InOG
[PERMISSIONS] 
Unknown role 
requested:  
dJx-6InOG
[PERMISSIONS] 
Unknown role 
requested:  
dJx-6InOG
[PERMISSIONS] 
Unknown role 
requested:  
dJx-6InOG
[PERMISSIONS] 
Unknown role 
requested:  
dJx-6InOG
[PERMISSIONS] 
Unknown role 
requested:  
dJx-6InOG
[PERMISSIONS] 
Unknown role 
requested:  
dJx-6InOG
[PERMISSIONS] 
Unknown role 
requested: d
[PERMISSIONS] 
Unknown role 
requested: d
[PERMISSIONS] 
Unknown role 
requested: d
[PERMISSIONS] 
Unknown role 
requested: d
[PERMISSIONS] 
Unknown role 
requested: d
[PERMISSIONS] 
Unknown role 
requested: d
[PERMISSIONS] 
Unknown role 
requested: d
[PERMISSIONS] 
Unknown role 
requested: d
[PERMISSIONS] 
Unknown role 
requested: d
[PERMISSIONS] 
Unknown role 
requested: d
[PERMISSIONS] 
Unknown role 
requested: gNyp!%"
[PERMISSIONS] 
Unknown role 
requested: gNyp!%"
[PERMISSIONS] 
Unknown role 
requested: gNyp!%"
[PERMISSIONS] 
Unknown role 
requested: gNyp!%"
[PERMISSIONS] 
Unknown role 
requested: gNyp!%"
[PERMISSIONS] 
Unknown role 
requested: gNyp!%"
[PERMISSIONS] 
Unknown role 
requested: gNyp!%"
[PERMISSIONS] 
Unknown role 
requested: gNyp!%"
[PERMISSIONS] 
Unknown role 
requested: gNyp!%"
[PERMISSIONS] 
Unknown role 
requested: gNyp!%"
[PERMISSIONS] 
Unknown role 
requested:  F,+Q1P5
[PERMISSIONS] 
Unknown role 
requested:  F,+Q1P5
[PERMISSIONS] 
Unknown role 
requested:  F,+Q1P5
[PERMISSIONS] 
Unknown role 
requested:  F,+Q1P5
[PERMISSIONS] 
Unknown role 
requested:  F,+Q1P5
[PERMISSIONS] 
Unknown role 
requested:  F,+Q1P5
[PERMISSIONS] 
Unknown role 
requested:  F,+Q1P5
[PERMISSIONS] 
Unknown role 
requested:  F,+Q1P5
[PERMISSIONS] 
Unknown role 
requested:  F,+Q1P5
[PERMISSIONS] 
Unknown role 
requested:  F,+Q1P5
[PERMISSIONS] 
Unknown role 
requested: 5>'
[PERMISSIONS] 
Unknown role 
requested: 5>'
[PERMISSIONS] 
Unknown role 
requested: 5>'
[PERMISSIONS] 
Unknown role 
requested: 5>'
[PERMISSIONS] 
Unknown role 
requested: 5>'
[PERMISSIONS] 
Unknown role 
requested: 5>'
[PERMISSIONS] 
Unknown role 
requested: 5>'
[PERMISSIONS] 
Unknown role 
requested: 5>'
[PERMISSIONS] 
Unknown role 
requested: 5>'
[PERMISSIONS] 
Unknown role 
requested: 5>'
[PERMISSIONS] 
Unknown role 
requested: @`>I>a
[PERMISSIONS] 
Unknown role 
requested: @`>I>a
[PERMISSIONS] 
Unknown role 
requested: @`>I>a
[PERMISSIONS] 
Unknown role 
requested: @`>I>a
[PERMISSIONS] 
Unknown role 
requested: @`>I>a
[PERMISSIONS] 
Unknown role 
requested: @`>I>a
[PERMISSIONS] 
Unknown role 
requested: @`>I>a
[PERMISSIONS] 
Unknown role 
requested: @`>I>a
[PERMISSIONS] 
Unknown role 
requested: @`>I>a
[PERMISSIONS] 
Unknown role 
requested: @`>I>a
[PERMISSIONS] 
Unknown role 
requested: 
&7reZr+9W6$ 
[PERMISSIONS] 
Unknown role 
requested: 
&7reZr+9W6$ 
[PERMISSIONS] 
Unknown role 
requested: 
&7reZr+9W6$ 
[PERMISSIONS] 
Unknown role 
requested: 
&7reZr+9W6$ 
[PERMISSIONS] 
Unknown role 
requested: 
&7reZr+9W6$ 
[PERMISSIONS] 
Unknown role 
requested: 
&7reZr+9W6$ 
[PERMISSIONS] 
Unknown role 
requested: 
&7reZr+9W6$ 
[PERMISSIONS] 
Unknown role 
requested: 
&7reZr+9W6$ 
[PERMISSIONS] 
Unknown role 
requested: 
&7reZr+9W6$ 
[PERMISSIONS] 
Unknown role 
requested: 
&7reZr+9W6$ 
[PERMISSIONS] 
Unknown role 
requested: \Y5/
[PERMISSIONS] 
Unknown role 
requested: \Y5/
[PERMISSIONS] 
Unknown role 
requested: \Y5/
[PERMISSIONS] 
Unknown role 
requested: \Y5/
[PERMISSIONS] 
Unknown role 
requested: \Y5/
[PERMISSIONS] 
Unknown role 
requested: \Y5/
[PERMISSIONS] 
Unknown role 
requested: \Y5/
[PERMISSIONS] 
Unknown role 
requested: \Y5/
[PERMISSIONS] 
Unknown role 
requested: \Y5/
[PERMISSIONS] 
Unknown role 
requested: \Y5/
[PERMISSIONS] 
Unknown role 
requested: }
[PERMISSIONS] 
Unknown role 
requested: }
[PERMISSIONS] 
Unknown role 
requested: }
[PERMISSIONS] 
Unknown role 
requested: }
[PERMISSIONS] 
Unknown role 
requested: }
[PERMISSIONS] 
Unknown role 
requested: }
[PERMISSIONS] 
Unknown role 
requested: }
[PERMISSIONS] 
Unknown role 
requested: }
[PERMISSIONS] 
Unknown role 
requested: }
[PERMISSIONS] 
Unknown role 
requested: }
[PERMISSIONS] 
Unknown role 
requested:  
[#a!5%$!
[PERMISSIONS] 
Unknown role 
requested:  
[#a!5%$!
[PERMISSIONS] 
Unknown role 
requested:  
[#a!5%$!
[PERMISSIONS] 
Unknown role 
requested:  
[#a!5%$!
[PERMISSIONS] 
Unknown role 
requested:  
[#a!5%$!
[PERMISSIONS] 
Unknown role 
requested:  
[#a!5%$!
[PERMISSIONS] 
Unknown role 
requested:  
[#a!5%$!
[PERMISSIONS] 
Unknown role 
requested:  
[#a!5%$!
[PERMISSIONS] 
Unknown role 
requested:  
[#a!5%$!
[PERMISSIONS] 
Unknown role 
requested:  
[#a!5%$!
[PERMISSIONS] 
Unknown role 
requested: [fiBm*H
[PERMISSIONS] 
Unknown role 
requested: [fiBm*H
[PERMISSIONS] 
Unknown role 
requested: [fiBm*H
[PERMISSIONS] 
Unknown role 
requested: [fiBm*H
[PERMISSIONS] 
Unknown role 
requested: [fiBm*H
[PERMISSIONS] 
Unknown role 
requested: [fiBm*H
[PERMISSIONS] 
Unknown role 
requested: [fiBm*H
[PERMISSIONS] 
Unknown role 
requested: [fiBm*H
[PERMISSIONS] 
Unknown role 
requested: [fiBm*H
[PERMISSIONS] 
Unknown role 
requested: [fiBm*H
[PERMISSIONS] 
Unknown role 
requested: s+GS
[PERMISSIONS] 
Unknown role 
requested: s+GS
[PERMISSIONS] 
Unknown role 
requested: s+GS
[PERMISSIONS] 
Unknown role 
requested: s+GS
[PERMISSIONS] 
Unknown role 
requested: s+GS
[PERMISSIONS] 
Unknown role 
requested: s+GS
[PERMISSIONS] 
Unknown role 
requested: s+GS
[PERMISSIONS] 
Unknown role 
requested: s+GS
[PERMISSIONS] 
Unknown role 
requested: s+GS
[PERMISSIONS] 
Unknown role 
requested: s+GS
[PERMISSIONS] 
Unknown role 
requested: %pF9I;j 
Ve
[PERMISSIONS] 
Unknown role 
requested: %pF9I;j 
Ve
[PERMISSIONS] 
Unknown role 
requested: %pF9I;j 
Ve
[PERMISSIONS] 
Unknown role 
requested: %pF9I;j 
Ve
[PERMISSIONS] 
Unknown role 
requested: %pF9I;j 
Ve
[PERMISSIONS] 
Unknown role 
requested: %pF9I;j 
Ve
[PERMISSIONS] 
Unknown role 
requested: %pF9I;j 
Ve
[PERMISSIONS] 
Unknown role 
requested: %pF9I;j 
Ve
[PERMISSIONS] 
Unknown role 
requested: %pF9I;j 
Ve
[PERMISSIONS] 
Unknown role 
requested: %pF9I;j 
Ve
[PERMISSIONS] 
Unknown role 
requested: name
[PERMISSIONS] 
Unknown role 
requested: name
[PERMISSIONS] 
Unknown role 
requested: name
[PERMISSIONS] 
Unknown role 
requested: name
[PERMISSIONS] 
Unknown role 
requested: name
[PERMISSIONS] 
Unknown role 
requested: name
[PERMISSIONS] 
Unknown role 
requested: name
[PERMISSIONS] 
Unknown role 
requested: name
[PERMISSIONS] 
Unknown role 
requested: name
[PERMISSIONS] 
Unknown role 
requested: name
[PERMISSIONS] 
Unknown role 
requested: 
>-H{>p:F!
[PERMISSIONS] 
Unknown role 
requested: 
>-H{>p:F!
[PERMISSIONS] 
Unknown role 
requested: 
>-H{>p:F!
[PERMISSIONS] 
Unknown role 
requested: 
>-H{>p:F!
[PERMISSIONS] 
Unknown role 
requested: 
>-H{>p:F!
[PERMISSIONS] 
Unknown role 
requested: 
>-H{>p:F!
[PERMISSIONS] 
Unknown role 
requested: 
>-H{>p:F!
[PERMISSIONS] 
Unknown role 
requested: 
>-H{>p:F!
[PERMISSIONS] 
Unknown role 
requested: 
>-H{>p:F!
[PERMISSIONS] 
Unknown role 
requested: 
>-H{>p:F!
[PERMISSIONS] 
Unknown role 
requested: 
X<P5iQE;-2
[PERMISSIONS] 
Unknown role 
requested: 
X<P5iQE;-2
[PERMISSIONS] 
Unknown role 
requested: 
X<P5iQE;-2
[PERMISSIONS] 
Unknown role 
requested: 
X<P5iQE;-2
[PERMISSIONS] 
Unknown role 
requested: 
X<P5iQE;-2
[PERMISSIONS] 
Unknown role 
requested: 
X<P5iQE;-2
[PERMISSIONS] 
Unknown role 
requested: 
X<P5iQE;-2
[PERMISSIONS] 
Unknown role 
requested: 
X<P5iQE;-2
[PERMISSIONS] 
Unknown role 
requested: 
X<P5iQE;-2
[PERMISSIONS] 
Unknown role 
requested: 
X<P5iQE;-2
[PERMISSIONS] 
Unknown role 
requested: 
;ZjQ9Is9t oM
[PERMISSIONS] 
Unknown role 
requested: 
;ZjQ9Is9t oM
[PERMISSIONS] 
Unknown role 
requested: 
;ZjQ9Is9t oM
[PERMISSIONS] 
Unknown role 
requested: 
;ZjQ9Is9t oM
[PERMISSIONS] 
Unknown role 
requested: 
;ZjQ9Is9t oM
[PERMISSIONS] 
Unknown role 
requested: 
;ZjQ9Is9t oM
[PERMISSIONS] 
Unknown role 
requested: 
;ZjQ9Is9t oM
[PERMISSIONS] 
Unknown role 
requested: 
;ZjQ9Is9t oM
[PERMISSIONS] 
Unknown role 
requested: 
;ZjQ9Is9t oM
[PERMISSIONS] 
Unknown role 
requested: 
;ZjQ9Is9t oM
[PERMISSIONS] 
Unknown role 
requested: _73<m
[PERMISSIONS] 
Unknown role 
requested: _73<m
[PERMISSIONS] 
Unknown role 
requested: _73<m
[PERMISSIONS] 
Unknown role 
requested: _73<m
[PERMISSIONS] 
Unknown role 
requested: _73<m
[PERMISSIONS] 
Unknown role 
requested: _73<m
[PERMISSIONS] 
Unknown role 
requested: _73<m
[PERMISSIONS] 
Unknown role 
requested: _73<m
[PERMISSIONS] 
Unknown role 
requested: _73<m
[PERMISSIONS] 
Unknown role 
requested: _73<m
[PERMISSIONS] 
Unknown role 
requested: ?
[PERMISSIONS] 
Unknown role 
requested: ?
[PERMISSIONS] 
Unknown role 
requested: ?
[PERMISSIONS] 
Unknown role 
requested: ?
[PERMISSIONS] 
Unknown role 
requested: ?
[PERMISSIONS] 
Unknown role 
requested: ?
[PERMISSIONS] 
Unknown role 
requested: ?
[PERMISSIONS] 
Unknown role 
requested: ?
[PERMISSIONS] 
Unknown role 
requested: ?
[PERMISSIONS] 
Unknown role 
requested: ?
[PERMISSIONS] 
Unknown role 
requested: 6&
[PERMISSIONS] 
Unknown role 
requested: 6&
[PERMISSIONS] 
Unknown role 
requested: 6&
[PERMISSIONS] 
Unknown role 
requested: 6&
[PERMISSIONS] 
Unknown role 
requested: 6&
[PERMISSIONS] 
Unknown role 
requested: 6&
[PERMISSIONS] 
Unknown role 
requested: 6&
[PERMISSIONS] 
Unknown role 
requested: 6&
[PERMISSIONS] 
Unknown role 
requested: 6&
[PERMISSIONS] 
Unknown role 
requested: 6&
[PERMISSIONS] 
Unknown role 
requested: _-r
[PERMISSIONS] 
Unknown role 
requested: _-r
[PERMISSIONS] 
Unknown role 
requested: _-r
[PERMISSIONS] 
Unknown role 
requested: _-r
[PERMISSIONS] 
Unknown role 
requested: _-r
[PERMISSIONS] 
Unknown role 
requested: _-r
[PERMISSIONS] 
Unknown role 
requested: _-r
[PERMISSIONS] 
Unknown role 
requested: _-r
[PERMISSIONS] 
Unknown role 
requested: _-r
[PERMISSIONS] 
Unknown role 
requested: _-r
[PERMISSIONS] 
Unknown role 
requested: 
aU`{lk"?x!>*
[PERMISSIONS] 
Unknown role 
requested: 
aU`{lk"?x!>*
[PERMISSIONS] 
Unknown role 
requested: 
aU`{lk"?x!>*
[PERMISSIONS] 
Unknown role 
requested: 
aU`{lk"?x!>*
[PERMISSIONS] 
Unknown role 
requested: 
aU`{lk"?x!>*
[PERMISSIONS] 
Unknown role 
requested: 
aU`{lk"?x!>*
[PERMISSIONS] 
Unknown role 
requested: 
aU`{lk"?x!>*
[PERMISSIONS] 
Unknown role 
requested: 
aU`{lk"?x!>*
[PERMISSIONS] 
Unknown role 
requested: 
aU`{lk"?x!>*
[PERMISSIONS] 
Unknown role 
requested: 
aU`{lk"?x!>*
[PERMISSIONS] 
Unknown role 
requested: e
[PERMISSIONS] 
Unknown role 
requested: e
[PERMISSIONS] 
Unknown role 
requested: e
[PERMISSIONS] 
Unknown role 
requested: e
[PERMISSIONS] 
Unknown role 
requested: e
[PERMISSIONS] 
Unknown role 
requested: e
[PERMISSIONS] 
Unknown role 
requested: e
[PERMISSIONS] 
Unknown role 
requested: e
[PERMISSIONS] 
Unknown role 
requested: e
[PERMISSIONS] 
Unknown role 
requested: e
[PERMISSIONS] 
Unknown role 
requested: t
[PERMISSIONS] 
Unknown role 
requested: t
[PERMISSIONS] 
Unknown role 
requested: t
[PERMISSIONS] 
Unknown role 
requested: t
[PERMISSIONS] 
Unknown role 
requested: t
[PERMISSIONS] 
Unknown role 
requested: t
[PERMISSIONS] 
Unknown role 
requested: t
[PERMISSIONS] 
Unknown role 
requested: t
[PERMISSIONS] 
Unknown role 
requested: t
[PERMISSIONS] 
Unknown role 
requested: t
[PERMISSIONS] 
Unknown role 
requested: !
[PERMISSIONS] 
Unknown role 
requested: !
[PERMISSIONS] 
Unknown role 
requested: !
[PERMISSIONS] 
Unknown role 
requested: !
[PERMISSIONS] 
Unknown role 
requested: !
[PERMISSIONS] 
Unknown role 
requested: !
[PERMISSIONS] 
Unknown role 
requested: !
[PERMISSIONS] 
Unknown role 
requested: !
[PERMISSIONS] 
Unknown role 
requested: !
[PERMISSIONS] 
Unknown role 
requested: !
[PERMISSIONS] 
Unknown role 
requested: <6v:1
[PERMISSIONS] 
Unknown role 
requested: <6v:1
[PERMISSIONS] 
Unknown role 
requested: <6v:1
[PERMISSIONS] 
Unknown role 
requested: <6v:1
[PERMISSIONS] 
Unknown role 
requested: <6v:1
[PERMISSIONS] 
Unknown role 
requested: <6v:1
[PERMISSIONS] 
Unknown role 
requested: <6v:1
[PERMISSIONS] 
Unknown role 
requested: <6v:1
[PERMISSIONS] 
Unknown role 
requested: <6v:1
[PERMISSIONS] 
Unknown role 
requested: <6v:1
[PERMISSIONS] 
Unknown role 
requested: &<
[PERMISSIONS] 
Unknown role 
requested: &<
[PERMISSIONS] 
Unknown role 
requested: &<
[PERMISSIONS] 
Unknown role 
requested: &<
[PERMISSIONS] 
Unknown role 
requested: &<
[PERMISSIONS] 
Unknown role 
requested: &<
[PERMISSIONS] 
Unknown role 
requested: &<
[PERMISSIONS] 
Unknown role 
requested: &<
[PERMISSIONS] 
Unknown role 
requested: &<
[PERMISSIONS] 
Unknown role 
requested: &<
[PERMISSIONS] 
Unknown role 
requested: W
[PERMISSIONS] 
Unknown role 
requested: W
[PERMISSIONS] 
Unknown role 
requested: W
[PERMISSIONS] 
Unknown role 
requested: W
[PERMISSIONS] 
Unknown role 
requested: W
[PERMISSIONS] 
Unknown role 
requested: W
[PERMISSIONS] 
Unknown role 
requested: W
[PERMISSIONS] 
Unknown role 
requested: W
[PERMISSIONS] 
Unknown role 
requested: W
[PERMISSIONS] 
Unknown role 
requested: W
[PERMISSIONS] 
Unknown role 
requested: }];
[PERMISSIONS] 
Unknown role 
requested: }];
[PERMISSIONS] 
Unknown role 
requested: }];
[PERMISSIONS] 
Unknown role 
requested: }];
[PERMISSIONS] 
Unknown role 
requested: }];
[PERMISSIONS] 
Unknown role 
requested: }];
[PERMISSIONS] 
Unknown role 
requested: }];
[PERMISSIONS] 
Unknown role 
requested: }];
[PERMISSIONS] 
Unknown role 
requested: }];
[PERMISSIONS] 
Unknown role 
requested: }];
[PERMISSIONS] 
Unknown role 
requested: B
[PERMISSIONS] 
Unknown role 
requested: B
[PERMISSIONS] 
Unknown role 
requested: B
[PERMISSIONS] 
Unknown role 
requested: B
[PERMISSIONS] 
Unknown role 
requested: B
[PERMISSIONS] 
Unknown role 
requested: B
[PERMISSIONS] 
Unknown role 
requested: B
[PERMISSIONS] 
Unknown role 
requested: B
[PERMISSIONS] 
Unknown role 
requested: B
[PERMISSIONS] 
Unknown role 
requested: B
[PERMISSIONS] 
Unknown role 
requested: 
{qnIBL2ibD&:
[PERMISSIONS] 
Unknown role 
requested: 
{qnIBL2ibD&:
[PERMISSIONS] 
Unknown role 
requested: 
{qnIBL2ibD&:
[PERMISSIONS] 
Unknown role 
requested: 
{qnIBL2ibD&:
[PERMISSIONS] 
Unknown role 
requested: 
{qnIBL2ibD&:
[PERMISSIONS] 
Unknown role 
requested: 
{qnIBL2ibD&:
[PERMISSIONS] 
Unknown role 
requested: 
{qnIBL2ibD&:
[PERMISSIONS] 
Unknown role 
requested: 
{qnIBL2ibD&:
[PERMISSIONS] 
Unknown role 
requested: 
{qnIBL2ibD&:
[PERMISSIONS] 
Unknown role 
requested: 
{qnIBL2ibD&:
[PERMISSIONS] 
Unknown role 
requested: &!a
[PERMISSIONS] 
Unknown role 
requested: &!a
[PERMISSIONS] 
Unknown role 
requested: &!a
[PERMISSIONS] 
Unknown role 
requested: &!a
[PERMISSIONS] 
Unknown role 
requested: &!a
[PERMISSIONS] 
Unknown role 
requested: &!a
[PERMISSIONS] 
Unknown role 
requested: &!a
[PERMISSIONS] 
Unknown role 
requested: &!a
[PERMISSIONS] 
Unknown role 
requested: &!a
[PERMISSIONS] 
Unknown role 
requested: &!a
[PERMISSIONS] 
Unknown role 
requested: F@(
[PERMISSIONS] 
Unknown role 
requested: F@(
[PERMISSIONS] 
Unknown role 
requested: F@(
[PERMISSIONS] 
Unknown role 
requested: F@(
[PERMISSIONS] 
Unknown role 
requested: F@(
[PERMISSIONS] 
Unknown role 
requested: F@(
[PERMISSIONS] 
Unknown role 
requested: F@(
[PERMISSIONS] 
Unknown role 
requested: F@(
[PERMISSIONS] 
Unknown role 
requested: F@(
[PERMISSIONS] 
Unknown role 
requested: F@(
[PERMISSIONS] 
Unknown role 
requested: 
|h)2~SiN>yM
[PERMISSIONS] 
Unknown role 
requested: 
|h)2~SiN>yM
[PERMISSIONS] 
Unknown role 
requested: 
|h)2~SiN>yM
[PERMISSIONS] 
Unknown role 
requested: 
|h)2~SiN>yM
[PERMISSIONS] 
Unknown role 
requested: 
|h)2~SiN>yM
[PERMISSIONS] 
Unknown role 
requested: 
|h)2~SiN>yM
[PERMISSIONS] 
Unknown role 
requested: 
|h)2~SiN>yM
[PERMISSIONS] 
Unknown role 
requested: 
|h)2~SiN>yM
[PERMISSIONS] 
Unknown role 
requested: 
|h)2~SiN>yM
[PERMISSIONS] 
Unknown role 
requested: 
|h)2~SiN>yM
[PERMISSIONS] 
Unknown role 
requested: 
gL@oo/Zlv|
[PERMISSIONS] 
Unknown role 
requested: 
gL@oo/Zlv|
[PERMISSIONS] 
Unknown role 
requested: 
gL@oo/Zlv|
[PERMISSIONS] 
Unknown role 
requested: 
gL@oo/Zlv|
[PERMISSIONS] 
Unknown role 
requested: 
gL@oo/Zlv|
[PERMISSIONS] 
Unknown role 
requested: 
gL@oo/Zlv|
[PERMISSIONS] 
Unknown role 
requested: 
gL@oo/Zlv|
[PERMISSIONS] 
Unknown role 
requested: 
gL@oo/Zlv|
[PERMISSIONS] 
Unknown role 
requested: 
gL@oo/Zlv|
[PERMISSIONS] 
Unknown role 
requested: 
gL@oo/Zlv|
[PERMISSIONS] 
Unknown role 
requested: VRv#l
[PERMISSIONS] 
Unknown role 
requested: VRv#l
[PERMISSIONS] 
Unknown role 
requested: VRv#l
[PERMISSIONS] 
Unknown role 
requested: VRv#l
[PERMISSIONS] 
Unknown role 
requested: VRv#l
[PERMISSIONS] 
Unknown role 
requested: VRv#l
[PERMISSIONS] 
Unknown role 
requested: VRv#l
[PERMISSIONS] 
Unknown role 
requested: VRv#l
[PERMISSIONS] 
Unknown role 
requested: VRv#l
[PERMISSIONS] 
Unknown role 
requested: VRv#l
[PERMISSIONS] 
Unknown role 
requested: =GP.Pr=
[PERMISSIONS] 
Unknown role 
requested: =GP.Pr=
[PERMISSIONS] 
Unknown role 
requested: =GP.Pr=
[PERMISSIONS] 
Unknown role 
requested: =GP.Pr=
[PERMISSIONS] 
Unknown role 
requested: =GP.Pr=
[PERMISSIONS] 
Unknown role 
requested: =GP.Pr=
[PERMISSIONS] 
Unknown role 
requested: =GP.Pr=
[PERMISSIONS] 
Unknown role 
requested: =GP.Pr=
[PERMISSIONS] 
Unknown role 
requested: =GP.Pr=
[PERMISSIONS] 
Unknown role 
requested: =GP.Pr=
[PERMISSIONS] 
Unknown role 
requested: n7p @
[PERMISSIONS] 
Unknown role 
requested: n7p @
[PERMISSIONS] 
Unknown role 
requested: n7p @
[PERMISSIONS] 
Unknown role 
requested: n7p @
[PERMISSIONS] 
Unknown role 
requested: n7p @
[PERMISSIONS] 
Unknown role 
requested: n7p @
[PERMISSIONS] 
Unknown role 
requested: n7p @
[PERMISSIONS] 
Unknown role 
requested: n7p @
[PERMISSIONS] 
Unknown role 
requested: n7p @
[PERMISSIONS] 
Unknown role 
requested: n7p @
[PERMISSIONS] 
Unknown role 
requested: C+Kzn}\
[PERMISSIONS] 
Unknown role 
requested: C+Kzn}\
[PERMISSIONS] 
Unknown role 
requested: C+Kzn}\
[PERMISSIONS] 
Unknown role 
requested: C+Kzn}\
[PERMISSIONS] 
Unknown role 
requested: C+Kzn}\
[PERMISSIONS] 
Unknown role 
requested: C+Kzn}\
[PERMISSIONS] 
Unknown role 
requested: C+Kzn}\
[PERMISSIONS] 
Unknown role 
requested: C+Kzn}\
[PERMISSIONS] 
Unknown role 
requested: C+Kzn}\
[PERMISSIONS] 
Unknown role 
requested: C+Kzn}\
[PERMISSIONS] 
Unknown role 
requested: 
L{1&XI,2T
[PERMISSIONS] 
Unknown role 
requested: 
L{1&XI,2T
[PERMISSIONS] 
Unknown role 
requested: 
L{1&XI,2T
[PERMISSIONS] 
Unknown role 
requested: 
L{1&XI,2T
[PERMISSIONS] 
Unknown role 
requested: 
L{1&XI,2T
[PERMISSIONS] 
Unknown role 
requested: 
L{1&XI,2T
[PERMISSIONS] 
Unknown role 
requested: 
L{1&XI,2T
[PERMISSIONS] 
Unknown role 
requested: 
L{1&XI,2T
[PERMISSIONS] 
Unknown role 
requested: 
L{1&XI,2T
[PERMISSIONS] 
Unknown role 
requested: 
L{1&XI,2T
[PERMISSIONS] 
Unknown role 
requested: pcZf#
[PERMISSIONS] 
Unknown role 
requested: pcZf#
[PERMISSIONS] 
Unknown role 
requested: pcZf#
[PERMISSIONS] 
Unknown role 
requested: pcZf#
[PERMISSIONS] 
Unknown role 
requested: pcZf#
[PERMISSIONS] 
Unknown role 
requested: pcZf#
[PERMISSIONS] 
Unknown role 
requested: pcZf#
[PERMISSIONS] 
Unknown role 
requested: pcZf#
[PERMISSIONS] 
Unknown role 
requested: pcZf#
[PERMISSIONS] 
Unknown role 
requested: pcZf#
[PERMISSIONS] 
Unknown role 
requested: HV0Y;h1
[PERMISSIONS] 
Unknown role 
requested: HV0Y;h1
[PERMISSIONS] 
Unknown role 
requested: HV0Y;h1
[PERMISSIONS] 
Unknown role 
requested: HV0Y;h1
[PERMISSIONS] 
Unknown role 
requested: HV0Y;h1
[PERMISSIONS] 
Unknown role 
requested: HV0Y;h1
[PERMISSIONS] 
Unknown role 
requested: HV0Y;h1
[PERMISSIONS] 
Unknown role 
requested: HV0Y;h1
[PERMISSIONS] 
Unknown role 
requested: HV0Y;h1
[PERMISSIONS] 
Unknown role 
requested: HV0Y;h1
[PERMISSIONS] 
Unknown role 
requested: N{d3f
[PERMISSIONS] 
Unknown role 
requested: N{d3f
[PERMISSIONS] 
Unknown role 
requested: N{d3f
[PERMISSIONS] 
Unknown role 
requested: N{d3f
[PERMISSIONS] 
Unknown role 
requested: N{d3f
[PERMISSIONS] 
Unknown role 
requested: N{d3f
[PERMISSIONS] 
Unknown role 
requested: N{d3f
[PERMISSIONS] 
Unknown role 
requested: N{d3f
[PERMISSIONS] 
Unknown role 
requested: N{d3f
[PERMISSIONS] 
Unknown role 
requested: N{d3f
[PERMISSIONS] 
Unknown role 
requested: ~V
[PERMISSIONS] 
Unknown role 
requested: ~V
[PERMISSIONS] 
Unknown role 
requested: ~V
[PERMISSIONS] 
Unknown role 
requested: ~V
[PERMISSIONS] 
Unknown role 
requested: ~V
[PERMISSIONS] 
Unknown role 
requested: ~V
[PERMISSIONS] 
Unknown role 
requested: ~V
[PERMISSIONS] 
Unknown role 
requested: ~V
[PERMISSIONS] 
Unknown role 
requested: ~V
[PERMISSIONS] 
Unknown role 
requested: ~V
[PERMISSIONS] 
Unknown role 
requested: 
ut~5(SeXo
[PERMISSIONS] 
Unknown role 
requested: 
ut~5(SeXo
[PERMISSIONS] 
Unknown role 
requested: 
ut~5(SeXo
[PERMISSIONS] 
Unknown role 
requested: 
ut~5(SeXo
[PERMISSIONS] 
Unknown role 
requested: 
ut~5(SeXo
[PERMISSIONS] 
Unknown role 
requested: 
ut~5(SeXo
[PERMISSIONS] 
Unknown role 
requested: 
ut~5(SeXo
[PERMISSIONS] 
Unknown role 
requested: 
ut~5(SeXo
[PERMISSIONS] 
Unknown role 
requested: 
ut~5(SeXo
[PERMISSIONS] 
Unknown role 
requested: 
ut~5(SeXo
[PERMISSIONS] 
Unknown role 
requested: y
[PERMISSIONS] 
Unknown role 
requested: y
[PERMISSIONS] 
Unknown role 
requested: y
[PERMISSIONS] 
Unknown role 
requested: y
[PERMISSIONS] 
Unknown role 
requested: y
[PERMISSIONS] 
Unknown role 
requested: y
[PERMISSIONS] 
Unknown role 
requested: y
[PERMISSIONS] 
Unknown role 
requested: y
[PERMISSIONS] 
Unknown role 
requested: y
[PERMISSIONS] 
Unknown role 
requested: y
[PERMISSIONS] 
Unknown role 
requested: k7v@uB
[PERMISSIONS] 
Unknown role 
requested: k7v@uB
[PERMISSIONS] 
Unknown role 
requested: k7v@uB
[PERMISSIONS] 
Unknown role 
requested: k7v@uB
[PERMISSIONS] 
Unknown role 
requested: k7v@uB
[PERMISSIONS] 
Unknown role 
requested: k7v@uB
[PERMISSIONS] 
Unknown role 
requested: k7v@uB
[PERMISSIONS] 
Unknown role 
requested: k7v@uB
[PERMISSIONS] 
Unknown role 
requested: k7v@uB
[PERMISSIONS] 
Unknown role 
requested: k7v@uB
[PERMISSIONS] 
Unknown role 
requested: 9
[PERMISSIONS] 
Unknown role 
requested: 9
[PERMISSIONS] 
Unknown role 
requested: 9
[PERMISSIONS] 
Unknown role 
requested: 9
[PERMISSIONS] 
Unknown role 
requested: 9
[PERMISSIONS] 
Unknown role 
requested: 9
[PERMISSIONS] 
Unknown role 
requested: 9
[PERMISSIONS] 
Unknown role 
requested: 9
[PERMISSIONS] 
Unknown role 
requested: 9
[PERMISSIONS] 
Unknown role 
requested: 9
[PERMISSIONS] 
Unknown role 
requested: t*]
[PERMISSIONS] 
Unknown role 
requested: t*]
[PERMISSIONS] 
Unknown role 
requested: t*]
[PERMISSIONS] 
Unknown role 
requested: t*]
[PERMISSIONS] 
Unknown role 
requested: t*]
[PERMISSIONS] 
Unknown role 
requested: t*]
[PERMISSIONS] 
Unknown role 
requested: t*]
[PERMISSIONS] 
Unknown role 
requested: t*]
[PERMISSIONS] 
Unknown role 
requested: t*]
[PERMISSIONS] 
Unknown role 
requested: t*]
[PERMISSIONS] 
Unknown role 
requested: 
6&>7:0Vtv
[PERMISSIONS] 
Unknown role 
requested: 
6&>7:0Vtv
[PERMISSIONS] 
Unknown role 
requested: 
6&>7:0Vtv
[PERMISSIONS] 
Unknown role 
requested: 
6&>7:0Vtv
[PERMISSIONS] 
Unknown role 
requested: 
6&>7:0Vtv
[PERMISSIONS] 
Unknown role 
requested: 
6&>7:0Vtv
[PERMISSIONS] 
Unknown role 
requested: 
6&>7:0Vtv
[PERMISSIONS] 
Unknown role 
requested: 
6&>7:0Vtv
[PERMISSIONS] 
Unknown role 
requested: 
6&>7:0Vtv
[PERMISSIONS] 
Unknown role 
requested: 
6&>7:0Vtv
[PERMISSIONS] 
Unknown role 
requested: Qm} 
o)"^l
[PERMISSIONS] 
Unknown role 
requested: Qm} 
o)"^l
[PERMISSIONS] 
Unknown role 
requested: Qm} 
o)"^l
[PERMISSIONS] 
Unknown role 
requested: Qm} 
o)"^l
[PERMISSIONS] 
Unknown role 
requested: Qm} 
o)"^l
[PERMISSIONS] 
Unknown role 
requested: Qm} 
o)"^l
[PERMISSIONS] 
Unknown role 
requested: Qm} 
o)"^l
[PERMISSIONS] 
Unknown role 
requested: Qm} 
o)"^l
[PERMISSIONS] 
Unknown role 
requested: Qm} 
o)"^l
[PERMISSIONS] 
Unknown role 
requested: Qm} 
o)"^l
[PERMISSIONS] 
Unknown role 
requested: \df4=
[PERMISSIONS] 
Unknown role 
requested: \df4=
[PERMISSIONS] 
Unknown role 
requested: \df4=
[PERMISSIONS] 
Unknown role 
requested: \df4=
[PERMISSIONS] 
Unknown role 
requested: \df4=
[PERMISSIONS] 
Unknown role 
requested: \df4=
[PERMISSIONS] 
Unknown role 
requested: \df4=
[PERMISSIONS] 
Unknown role 
requested: \df4=
[PERMISSIONS] 
Unknown role 
requested: \df4=
[PERMISSIONS] 
Unknown role 
requested: \df4=
[PERMISSIONS] 
Unknown role 
requested: B-k
[PERMISSIONS] 
Unknown role 
requested: B-k
[PERMISSIONS] 
Unknown role 
requested: B-k
[PERMISSIONS] 
Unknown role 
requested: B-k
[PERMISSIONS] 
Unknown role 
requested: B-k
[PERMISSIONS] 
Unknown role 
requested: B-k
[PERMISSIONS] 
Unknown role 
requested: B-k
[PERMISSIONS] 
Unknown role 
requested: B-k
[PERMISSIONS] 
Unknown role 
requested: B-k
[PERMISSIONS] 
Unknown role 
requested: B-k
[PERMISSIONS] 
Unknown role 
requested: 
D#baoL~(%Gb0
 [32mΓ£ô[39m tests/property/rbac.property.test.ts[2m > [22mEdge Cases[2m > [22mInvalid Role Handling[2m > [22mPROPERTY: Invalid role handling is deterministic[33m 1704[2mms[22m[39m
 [32mΓ£ô[39m tests/property/rbac.property.test.ts[2m > [22mEdge Cases[2m > [22mEmpty Input Handling[2m > [22mPROPERTY: hasPermission returns false for empty permissions array[32m 3[2mms[22m[39m
 [32mΓ£ô[39m tests/property/rbac.property.test.ts[2m > [22mEdge Cases[2m > [22mEmpty Input Handling[2m > [22mPROPERTY: hasAllPermissions returns true for empty required permissions[32m 2[2mms[22m[39m
 [32mΓ£ô[39m tests/property/rbac.property.test.ts[2m > [22mEdge Cases[2m > [22mEmpty Input Handling[2m > [22mPROPERTY: hasAnyPermission returns false for empty required permissions[32m 3[2mms[22m[39m
 [32mΓ£ô[39m tests/property/rbac.property.test.ts[2m > [22mEdge Cases[2m > [22mInvalid Input Handling[2m > [22mhasPermission returns false for non-array permissions[32m 0[2mms[22m[39m
 [32mΓ£ô[39m tests/property/rbac.property.test.ts[2m > [22mEdge Cases[2m > [22mInvalid Input Handling[2m > [22mhasAllPermissions returns false for non-array inputs[32m 0[2mms[22m[39m
 [32mΓ£ô[39m tests/property/rbac.property.test.ts[2m > [22mEdge Cases[2m > [22mInvalid Input Handling[2m > [22mhasAnyPermission returns false for non-array inputs[32m 0[2mms[22m[39m
 [32mΓ£ô[39m tests/property/rbac.property.test.ts[2m > [22mRole Permission Completeness[2m > [22mPROPERTY: All defined roles have non-empty permission sets[32m 0[2mms[22m[39m
 [32mΓ£ô[39m tests/property/rbac.property.test.ts[2m > [22mRole Permission Completeness[2m > [22mPROPERTY: super_admin has the most permissions[32m 0[2mms[22m[39m
 [32mΓ£ô[39m tests/property/rbac.property.test.ts[2m > [22mRole Permission Completeness[2m > [22mPROPERTY: Permission hierarchy is consistent (admin >= reviewer)[32m 0[2mms[22m[39m
 [32mΓ£ô[39m tests/property/rbac.property.test.ts[2m > [22mRole Permission Completeness[2m > [22mPROPERTY: USER_ROLES constant matches ALL_USER_ROLES array[32m 1[2mms[22m[39m
 [32mΓ£ô[39m tests/property/rbac.property.test.ts[2m > [22mPermission Format Validation[2m > [22mPROPERTY: All permissions follow resource:action format[32m 90[2mms[22m[39m
 [32mΓ£ô[39m tests/property/rbac.property.test.ts[2m > [22mPermission Format Validation[2m > [22mPROPERTY: No duplicate permissions within a role[32m 0[2mms[22m[39m
[PERMISSIONS] 
Unknown role 
requested: 
D#baoL~(%Gb0
[PERMISSIONS] 
Unknown role 
requested: 
D#baoL~(%Gb0
[PERMISSIONS] 
Unknown role 
requested: 
D#baoL~(%Gb0
[PERMISSIONS] 
Unknown role 
requested: 
D#baoL~(%Gb0
[PERMISSIONS] 
Unknown role 
requested: 
D#baoL~(%Gb0
[PERMISSIONS] 
Unknown role 
requested: 
D#baoL~(%Gb0
[PERMISSIONS] 
Unknown role 
requested: 
D#baoL~(%Gb0
[PERMISSIONS] 
Unknown role 
requested: 
D#baoL~(%Gb0
[PERMISSIONS] 
Unknown role 
requested: 
D#baoL~(%Gb0
[PERMISSIONS] 
Unknown role 
requested: 
W7]V]V7~UWw)
[PERMISSIONS] 
Unknown role 
requested: 
W7]V]V7~UWw)
[PERMISSIONS] 
Unknown role 
requested: 
W7]V]V7~UWw)
[PERMISSIONS] 
Unknown role 
requested: 
W7]V]V7~UWw)
[PERMISSIONS] 
Unknown role 
requested: 
W7]V]V7~UWw)
[PERMISSIONS] 
Unknown role 
requested: 
W7]V]V7~UWw)
[PERMISSIONS] 
Unknown role 
requested: 
W7]V]V7~UWw)
[PERMISSIONS] 
Unknown role 
requested: 
W7]V]V7~UWw)
[PERMISSIONS] 
Unknown role 
requested: 
W7]V]V7~UWw)
[PERMISSIONS] 
Unknown role 
requested: 
W7]V]V7~UWw)
[PERMISSIONS] 
Unknown role 
requested: 8BS7>go
[PERMISSIONS] 
Unknown role 
requested: 8BS7>go
[PERMISSIONS] 
Unknown role 
requested: 8BS7>go
[PERMISSIONS] 
Unknown role 
requested: 8BS7>go
[PERMISSIONS] 
Unknown role 
requested: 8BS7>go
[PERMISSIONS] 
Unknown role 
requested: 8BS7>go
[PERMISSIONS] 
Unknown role 
requested: 8BS7>go
[PERMISSIONS] 
Unknown role 
requested: 8BS7>go
[PERMISSIONS] 
Unknown role 
requested: 8BS7>go
[PERMISSIONS] 
Unknown role 
requested: 8BS7>go
[PERMISSIONS] 
Unknown role 
requested: 
JWRp[Hqw-
[PERMISSIONS] 
Unknown role 
requested: 
JWRp[Hqw-
[PERMISSIONS] 
Unknown role 
requested: 
JWRp[Hqw-
[PERMISSIONS] 
Unknown role 
requested: 
JWRp[Hqw-
[PERMISSIONS] 
Unknown role 
requested: 
JWRp[Hqw-
[PERMISSIONS] 
Unknown role 
requested: 
JWRp[Hqw-
[PERMISSIONS] 
Unknown role 
requested: 
JWRp[Hqw-
[PERMISSIONS] 
Unknown role 
requested: 
JWRp[Hqw-
[PERMISSIONS] 
Unknown role 
requested: 
JWRp[Hqw-
[PERMISSIONS] 
Unknown role 
requested: 
JWRp[Hqw-
[PERMISSIONS] 
Unknown role 
requested: )tb~I3<
[PERMISSIONS] 
Unknown role 
requested: )tb~I3<
[PERMISSIONS] 
Unknown role 
requested: )tb~I3<
[PERMISSIONS] 
Unknown role 
requested: )tb~I3<
[PERMISSIONS] 
Unknown role 
requested: )tb~I3<
[PERMISSIONS] 
Unknown role 
requested: )tb~I3<
[PERMISSIONS] 
Unknown role 
requested: )tb~I3<
[PERMISSIONS] 
Unknown role 
requested: )tb~I3<
[PERMISSIONS] 
Unknown role 
requested: )tb~I3<
[PERMISSIONS] 
Unknown role 
requested: )tb~I3<
[PERMISSIONS] 
Unknown role 
requested: 
20'0#{%0kT
[PERMISSIONS] 
Unknown role 
requested: 
20'0#{%0kT
[PERMISSIONS] 
Unknown role 
requested: 
20'0#{%0kT
[PERMISSIONS] 
Unknown role 
requested: 
20'0#{%0kT
[PERMISSIONS] 
Unknown role 
requested: 
20'0#{%0kT
[PERMISSIONS] 
Unknown role 
requested: 
20'0#{%0kT
[PERMISSIONS] 
Unknown role 
requested: 
20'0#{%0kT
[PERMISSIONS] 
Unknown role 
requested: 
20'0#{%0kT
[PERMISSIONS] 
Unknown role 
requested: 
20'0#{%0kT
[PERMISSIONS] 
Unknown role 
requested: 
20'0#{%0kT
[PERMISSIONS] 
Unknown role 
requested: 
0(fJ`'}PXg
[PERMISSIONS] 
Unknown role 
requested: 
0(fJ`'}PXg
[PERMISSIONS] 
Unknown role 
requested: 
0(fJ`'}PXg
[PERMISSIONS] 
Unknown role 
requested: 
0(fJ`'}PXg
[PERMISSIONS] 
Unknown role 
requested: 
0(fJ`'}PXg
[PERMISSIONS] 
Unknown role 
requested: 
0(fJ`'}PXg
[PERMISSIONS] 
Unknown role 
requested: 
0(fJ`'}PXg
[PERMISSIONS] 
Unknown role 
requested: 
0(fJ`'}PXg
[PERMISSIONS] 
Unknown role 
requested: 
0(fJ`'}PXg
[PERMISSIONS] 
Unknown role 
requested: 
0(fJ`'}PXg
[PERMISSIONS] 
Unknown role 
requested: key
[PERMISSIONS] 
Unknown role 
requested: key
[PERMISSIONS] 
Unknown role 
requested: key
[PERMISSIONS] 
Unknown role 
requested: key
[PERMISSIONS] 
Unknown role 
requested: key
[PERMISSIONS] 
Unknown role 
requested: key
[PERMISSIONS] 
Unknown role 
requested: key
[PERMISSIONS] 
Unknown role 
requested: key
[PERMISSIONS] 
Unknown role 
requested: key
[PERMISSIONS] 
Unknown role 
requested: key
[PERMISSIONS] 
Unknown role 
requested: t1
[PERMISSIONS] 
Unknown role 
requested: t1
[PERMISSIONS] 
Unknown role 
requested: t1
[PERMISSIONS] 
Unknown role 
requested: t1
[PERMISSIONS] 
Unknown role 
requested: t1
[PERMISSIONS] 
Unknown role 
requested: t1
[PERMISSIONS] 
Unknown role 
requested: t1
[PERMISSIONS] 
Unknown role 
requested: t1
[PERMISSIONS] 
Unknown role 
requested: t1
[PERMISSIONS] 
Unknown role 
requested: t1
[PERMISSIONS] 
Unknown role 
requested: (R8
[PERMISSIONS] 
Unknown role 
requested: (R8
[PERMISSIONS] 
Unknown role 
requested: (R8
[PERMISSIONS] 
Unknown role 
requested: (R8
[PERMISSIONS] 
Unknown role 
requested: (R8
[PERMISSIONS] 
Unknown role 
requested: (R8
[PERMISSIONS] 
Unknown role 
requested: (R8
[PERMISSIONS] 
Unknown role 
requested: (R8
[PERMISSIONS] 
Unknown role 
requested: (R8
[PERMISSIONS] 
Unknown role 
requested: (R8
[PERMISSIONS] 
Unknown role 
requested: 7"`P
[PERMISSIONS] 
Unknown role 
requested: 7"`P
[PERMISSIONS] 
Unknown role 
requested: 7"`P
[PERMISSIONS] 
Unknown role 
requested: 7"`P
[PERMISSIONS] 
Unknown role 
requested: 7"`P
[PERMISSIONS] 
Unknown role 
requested: 7"`P
[PERMISSIONS] 
Unknown role 
requested: 7"`P
[PERMISSIONS] 
Unknown role 
requested: 7"`P
[PERMISSIONS] 
Unknown role 
requested: 7"`P
[PERMISSIONS] 
Unknown role 
requested: 7"`P
[PERMISSIONS] 
Unknown role 
requested: y
[PERMISSIONS] 
Unknown role 
requested: y
[PERMISSIONS] 
Unknown role 
requested: y
[PERMISSIONS] 
Unknown role 
requested: y
[PERMISSIONS] 
Unknown role 
requested: y
[PERMISSIONS] 
Unknown role 
requested: y
[PERMISSIONS] 
Unknown role 
requested: y
[PERMISSIONS] 
Unknown role 
requested: y
[PERMISSIONS] 
Unknown role 
requested: y
[PERMISSIONS] 
Unknown role 
requested: y
[PERMISSIONS] 
Unknown role 
requested: 
R[IP[Ch|r<y8
[PERMISSIONS] 
Unknown role 
requested: 
R[IP[Ch|r<y8
[PERMISSIONS] 
Unknown role 
requested: 
R[IP[Ch|r<y8
[PERMISSIONS] 
Unknown role 
requested: 
R[IP[Ch|r<y8
[PERMISSIONS] 
Unknown role 
requested: 
R[IP[Ch|r<y8
[PERMISSIONS] 
Unknown role 
requested: 
R[IP[Ch|r<y8
[PERMISSIONS] 
Unknown role 
requested: 
R[IP[Ch|r<y8
[PERMISSIONS] 
Unknown role 
requested: 
R[IP[Ch|r<y8
[PERMISSIONS] 
Unknown role 
requested: 
R[IP[Ch|r<y8
[PERMISSIONS] 
Unknown role 
requested: 
R[IP[Ch|r<y8
[PERMISSIONS] 
Unknown role 
requested: $p2%z+6 
*
[PERMISSIONS] 
Unknown role 
requested: $p2%z+6 
*
[PERMISSIONS] 
Unknown role 
requested: $p2%z+6 
*
[PERMISSIONS] 
Unknown role 
requested: $p2%z+6 
*
[PERMISSIONS] 
Unknown role 
requested: $p2%z+6 
*
[PERMISSIONS] 
Unknown role 
requested: $p2%z+6 
*
[PERMISSIONS] 
Unknown role 
requested: $p2%z+6 
*
[PERMISSIONS] 
Unknown role 
requested: $p2%z+6 
*
[PERMISSIONS] 
Unknown role 
requested: $p2%z+6 
*
[PERMISSIONS] 
Unknown role 
requested: $p2%z+6 
*

 [32mΓ£ô[39m tests/property/db.property.test.ts[2m > [22mProperty 1: Parameterized queries prevent SQL injection[2m > [22mUserQueries - SQL Injection Prevention[2m > [22mPROPERTY: findByEmail parameterizes email input containing injection patterns[32m 213[2mms[22m[39m
 [32mΓ£ô[39m tests/property/db.property.test.ts[2m > [22mProperty 1: Parameterized queries prevent SQL injection[2m > [22mUserQueries - SQL Injection Prevention[2m > [22mPROPERTY: findById parameterizes ID input containing injection patterns[32m 93[2mms[22m[39m
 [32mΓ£ô[39m tests/property/db.property.test.ts[2m > [22mProperty 1: Parameterized queries prevent SQL injection[2m > [22mUserQueries - SQL Injection Prevention[2m > [22mPROPERTY: create parameterizes all user input fields[32m 299[2mms[22m[39m
 [32mΓ£ô[39m tests/property/db.property.test.ts[2m > [22mProperty 1: Parameterized queries prevent SQL injection[2m > [22mUserQueries - SQL Injection Prevention[2m > [22mPROPERTY: updatePassword parameterizes password hash input[32m 8[2mms[22m[39m
 [32mΓ£ô[39m tests/property/db.property.test.ts[2m > [22mProperty 1: Parameterized queries prevent SQL injection[2m > [22mUserQueries - SQL Injection Prevention[2m > [22mPROPERTY: updateRefreshToken parameterizes token hash input[33m 899[2mms[22m[39m
 [32mΓ£ô[39m tests/property/db.property.test.ts[2m > [22mProperty 1: Parameterized queries prevent SQL injection[2m > [22mUserQueries - SQL Injection Prevention[2m > [22mPROPERTY: findByRefreshToken parameterizes token hash input[33m 1291[2mms[22m[39m
 [32mΓ£ô[39m tests/property/db.property.test.ts[2m > [22mProperty 1: Parameterized queries prevent SQL injection[2m > [22mSessionQueries - SQL Injection Prevention[2m > [22mPROPERTY: create parameterizes all session input fields[33m 499[2mms[22m[39m
 [32mΓ£ô[39m tests/property/db.property.test.ts[2m > [22mProperty 1: Parameterized queries prevent SQL injection[2m > [22mSessionQueries - SQL Injection Prevention[2m > [22mPROPERTY: findById parameterizes session ID input[32m 9[2mms[22m[39m
 [32mΓ£ô[39m tests/property/db.property.test.ts[2m > [22mProperty 1: Parameterized queries prevent SQL injection[2m > [22mSessionQueries - SQL Injection Prevention[2m > [22mPROPERTY: deactivate parameterizes session ID input[33m 800[2mms[22m[39m
 [32mΓ£ô[39m tests/property/db.property.test.ts[2m > [22mProperty 1: Parameterized queries prevent SQL injection[2m > [22mSessionQueries - SQL Injection Prevention[2m > [22mPROPERTY: deactivateAllForUser parameterizes user ID input[33m 388[2mms[22m[39m
 [32mΓ£ô[39m tests/property/db.property.test.ts[2m > [22mProperty 1: Parameterized queries prevent SQL injection[2m > [22mSessionQueries - SQL Injection Prevention[2m > [22mPROPERTY: getActiveForUser parameterizes user ID input[32m 109[2mms[22m[39m
 [32mΓ£ô[39m tests/property/db.property.test.ts[2m > [22mProperty 1: Parameterized queries prevent SQL injection[2m > [22mAuditQueries - SQL Injection Prevention[2m > [22mPROPERTY: log parameterizes all audit input fields[33m 508[2mms[22m[39m
 [32mΓ£ô[39m tests/property/db.property.test.ts[2m > [22mProperty 1: Parameterized queries prevent SQL injection[2m > [22mAuditQueries - SQL Injection Prevention[2m > [22mPROPERTY: logAuthEvent parameterizes actor ID and IP address[32m 101[2mms[22m[39m
 [32mΓ£ô[39m tests/property/db.property.test.ts[2m > [22mProperty 1: Parameterized queries prevent SQL injection[2m > [22mAuditQueries - SQL Injection Prevention[2m > [22mPROPERTY: getForEntity parameterizes entity ID input[32m 99[2mms[22m[39m
 [32mΓ£ô[39m tests/property/db.property.test.ts[2m > [22mProperty 1: Parameterized queries prevent SQL injection[2m > [22mAuditQueries - SQL Injection Prevention[2m > [22mPROPERTY: getByActor parameterizes actor ID input[33m 598[2mms[22m[39m
 [32mΓ£ô[39m tests/property/db.property.test.ts[2m > [22mProperty 1: Parameterized queries prevent SQL injection[2m > [22mEdge Cases - SQL Injection Prevention[2m > [22mPROPERTY: Empty strings are safely parameterized[32m 0[2mms[22m[39m
 [32mΓ£ô[39m tests/property/db.property.test.ts[2m > [22mProperty 1: Parameterized queries prevent SQL injection[2m > [22mEdge Cases - SQL Injection Prevention[2m > [22mPROPERTY: Very long strings are safely parameterized[32m 0[2mms[22m[39m
 [32mΓ£ô[39m tests/property/db.property.test.ts[2m > [22mProperty 1: Parameterized queries prevent SQL injection[2m > [22mEdge Cases - SQL Injection Prevention[2m > [22mPROPERTY: Special characters are safely parameterized[32m 200[2mms[22m[39m
 [32mΓ£ô[39m tests/property/db.property.test.ts[2m > [22mProperty 1: Parameterized queries prevent SQL injection[2m > [22mEdge Cases - SQL Injection Prevention[2m > [22mPROPERTY: Null values for optional parameters are handled[32m 0[2mms[22m[39m
 [32mΓ£ô[39m tests/property/db.property.test.ts[2m > [22mProperty 1: Parameterized queries prevent SQL injection[2m > [22mEdge Cases - SQL Injection Prevention[2m > [22mPROPERTY: Unicode injection attempts are safely parameterized[32m 89[2mms[22m[39m
 [32mΓ£ô[39m tests/property/db.property.test.ts[2m > [22mProperty 1: Parameterized queries prevent SQL injection[2m > [22mQueryConfig Structure Validation[2m > [22mPROPERTY: All query configs have text and values properties[32m 6[2mms[22m[39m
 [32mΓ£ô[39m tests/property/db.property.test.ts[2m > [22mProperty 1: Parameterized queries prevent SQL injection[2m > [22mQueryConfig Structure Validation[2m > [22mPROPERTY: Values array length matches parameter count in query[32m 2[2mms[22m[39m
 [32mΓ£ô[39m tests/property/db.property.test.ts[2m > [22mProperty 1: Parameterized queries prevent SQL injection[2m > [22mQueryConfig Structure Validation[2m > [22mPROPERTY: Query text does not contain string concatenation with user input[32m 190[2mms[22m[39m
 [32mΓ£ô[39m tests/property/db.property.test.ts[2m > [22mProperty 1: Parameterized queries prevent SQL injection[2m > [22mArbitrary String Generation - Comprehensive Testing[2m > [22mPROPERTY: Any arbitrary string is safely parameterized in findByEmail[33m 1210[2mms[22m[39m
 [32mΓ£ô[39m tests/property/db.property.test.ts[2m > [22mProperty 1: Parameterized queries prevent SQL injection[2m > [22mArbitrary String Generation - Comprehensive Testing[2m > [22mPROPERTY: Any arbitrary string is safely parameterized in create[33m 1095[2mms[22m[39m
 [32mΓ£ô[39m tests/property/db.property.test.ts[2m > [22mProperty 1: Parameterized queries prevent SQL injection[2m > [22mArbitrary String Generation - Comprehensive Testing[2m > [22mPROPERTY: Strings with SQL keywords are safely parameterized[32m 294[2mms[22m[39m
 [32mΓ£ô[39m tests/property/vercel-production-fixes/error-response.property.test.ts[2m > [22mFeature: vercel-production-fixes, Property 4: API Error Responses Are Consistent and Safe[2m > [22mProperty: Invalid action returns 400 with consistent format (Requirement 6.1, 6.4)[2m > [22mshould return HTTP 400 for any invalid action error message[32m 103[2mms[22m[39m
 [32mΓ£ô[39m tests/property/vercel-production-fixes/error-response.property.test.ts[2m > [22mFeature: vercel-production-fixes, Property 4: API Error Responses Are Consistent and Safe[2m > [22mProperty: Invalid action returns 400 with consistent format (Requirement 6.1, 6.4)[2m > [22mshould return consistent error format for any invalid action message[33m 495[2mms[22m[39m
 [32mΓ£ô[39m tests/property/vercel-production-fixes/error-response.property.test.ts[2m > [22mFeature: vercel-production-fixes, Property 4: API Error Responses Are Consistent and Safe[2m > [22mProperty: Wrong HTTP method returns 405 with consistent format (Requirement 6.3, 6.4)[2m > [22mshould return HTTP 405 for method not allowed errors[32m 100[2mms[22m[39m
 [32mΓ£ô[39m tests/property/vercel-production-fixes/error-response.property.test.ts[2m > [22mFeature: vercel-production-fixes, Property 4: API Error Responses Are Consistent and Safe[2m > [22mProperty: Wrong HTTP method returns 405 with consistent format (Requirement 6.3, 6.4)[2m > [22mshould return consistent error format for any method not allowed error[32m 9[2mms[22m[39m
 [32mΓ£ô[39m tests/property/vercel-production-fixes/error-response.property.test.ts[2m > [22mFeature: vercel-production-fixes, Property 4: API Error Responses Are Consistent and Safe[2m > [22mProperty: Error responses do not expose internal details (Requirement 6.5)[2m > [22mshould sanitize internal details from error messages with known patterns[32m 95[2mms[22m[39m
[90mstderr[2m | t
ests/property/verce
l-production-fixes/
error-response.prop
erty.test.ts[2m > 
[22m[2mFeature: v
ercel-production-fi
xes, Property 4: 
API Error 
Responses Are 
Consistent and 
Safe[2m > 
[22m[2mProperty: 
Error responses do 
not expose 
internal details 
(Requirement 
6.5)[2m > 
[22m[2mshould 
not expose stack 
traces in error 
responses via 
handleError
[22m[39m[test] 
Error: _deftoStrin
[test] Error: ~xp!$
[test] Error: 
,#8Z(uhv%
[test] Error: 
mkdUHx_,5
[test] Error: Ff${.
[test] Error: 
_zx%%B.
[test] Error: 
toString
[test] Error: |s&
[test] Error: *m^N
[test] Error: 
f/6<d+}L
[test] Error: |l
[test] Error: 
&EvNM]]
[test] Error: i[]qw
[test] Error: 
Lf-L'B!)T
[test] Error: 
}#9+S!- 
[test] Error: pr
[test] Error: 7t
[test] Error: 
/7q4V5
[test] Error: 
arguments
[test] Error: KzYJ!
[test] Error: {
[test] Error: 
HR|B>*
[test] Error: vx
[test] Error: t
[test] Error: 
7.7t}?e
[test] Error: 
R/:x!yz
[test] Error: kd 
\AO+v
[test] Error: r6?|"
[test] Error: O]t)
[test] Error: O
[test] Error: c
[test] Error: 
r^l#=%YB
[test] Error: apply
[test] Error: a;
[test] Error: `K.! 
VTyZ
[test] Error: 
|<wTTJnYW
[test] Error: ?ck,
[test] Error: (%n%
[test] Error: 
4"&weh~YfA#
[test] Error: toS
[test] Error: 
:.@}=C;4I
[test] Error: S]*t
[test] Error: 
L:proper
[test] Error: 
E+%7*{{)7g
[test] Error: 
*2WzIV<^(M_
[test] Error: 
fe"o>]~4eFS
[test] Error: 
y;aPpP6
[test] Error: ck"43
[test] Error: 
bPx&3&g
[test] Error: b=#%\
[test] Error: bind
[test] Error: 
|C3"I+!sf$%"
[test] Error: 
prototype
[test] Error: 
J]~e@({'3jko
[test] Error: 
H|Jj'Ki[@3
[test] Error: 
bindG \_
[test] Error: call
[test] Error: 03]
[test] Error: ^</
[test] Error: K5L
[test] Error: :R[8C
[test] Error: @
[test] Error: 
+~**\|C1x
[test] Error: 
callapplynam
[test] Error: 
.au$]F=
[test] Error: 
'o;p]m
[test] Error: 
rAN$mo
[test] Error: 
Ue-AsdZI3
[test] Error: N
[test] Error: 
^t;8J%g+
[test] Error: |W 
[test] Error: FZ'
[test] Error: X.>}n
[test] Error: qYVe"
[test] Error: pRZy
[test] Error: uf4
[test] Error: u#tE
[test] Error: 
"4~XU8H`#.
[test] Error: 
argumen
[test] Error: iNQ
[test] Error: r
[test] Error: 
SCASs~K
[test] Error: 
tu9$nM[
[test] Error: 
:|k@###\$[":
[test] Error: 
I0z8L|u{1`
[test] Error: x;7kz
[test] Error: 
N|)ApZJ+!
[test] Error: 
__defineSet
[test] Error: >
[test] Error: "
[test] Error: lBq
[test] Error: 
@~!O?8
[test] Error: 
d3.|V2.5
[test] Error: 
x5T}fO
[test] Error: 
y%SUUpL~MxF
[test] Error: _]W 
}%7.]G
[test] Error: 
KA]OZQ"2},C
[test] Error: 2Yeuo
[test] Error: J
[test] Error: -#!

 [32mΓ£ô[39m tests/property/vercel-production-fixes/error-response.property.test.ts[2m > [22mFeature: vercel-production-fixes, Property 4: API Error Responses Are Consistent and Safe[2m > [22mProperty: Error responses do not expose internal details (Requirement 6.5)[2m > [22mshould not expose stack traces in error responses via handleError[32m 299[2mms[22m[39m
[90mstderr[2m | t
ests/property/verce
l-production-fixes/
error-response.prop
erty.test.ts[2m > 
[22m[2mFeature: v
ercel-production-fi
xes, Property 4: 
API Error 
Responses Are 
Consistent and 
Safe[2m > 
[22m[2mProperty: 
Error responses do 
not expose 
internal details 
(Requirement 
6.5)[2m > 
[22m[2mshould 
not expose file 
paths in error 
responses via 
handleError
[22m[39m[test] 
Error: Error in 
[PATH]
[test] Error: 
Error in [PATH]
[test] Error: 
Error in 
/api/auth.ts
[test] Error: 
Error in [PATH]
[test] Error: 
Error in [PATH]
[test] Error: 
Error in [PATH]
[test] Error: 
Error in 
/api/auth.ts
[test] Error: 
Error in [PATH]
[test] Error: 
Error in [PATH]
[test] Error: 
Error in 
/api/auth.ts
[test] Error: 
Error in /api/_lib/
errorHandler.ts
[test] Error: 
Error in [PATH]
[test] Error: 
Error in /api/_lib/
errorHandler.ts
[test] Error: 
Error in [PATH]
[test] Error: 
Error in [PATH]
[test] Error: 
Error in [PATH]
[test] Error: 
Error in 
/api/auth.ts
[test] Error: 
Error in /api/_lib/
errorHandler.ts
[test] Error: 
Error in 
/api/auth.ts
[test] Error: 
Error in /api/_lib/
errorHandler.ts
[test] Error: 
Error in /api/_lib/
errorHandler.ts
[test] Error: 
Error in [PATH]
[test] Error: 
Error in 
/api/auth.ts
[test] Error: 
Error in [PATH]
[test] Error: 
Error in 
/api/auth.ts
[test] Error: 
Error in /api/_lib/
errorHandler.ts
[test] Error: 
Error in [PATH]
[test] Error: 
Error in [PATH]
[test] Error: 
Error in [PATH]
[test] Error: 
Error in [PATH]
[test] Error: 
Error in [PATH]
[test] Error: 
Error in [PATH]
[test] Error: 
Error in /api/_lib/
errorHandler.ts
[test] Error: 
Error in /api/_lib/
errorHandler.ts
[test] Error: 
Error in [PATH]
[test] Error: 
Error in /api/_lib/
errorHandler.ts
[test] Error: 
Error in 
/api/auth.ts
[test] Error: 
Error in [PATH]
[test] Error: 
Error in [PATH]
[test] Error: 
Error in 
/api/auth.ts
[test] Error: 
Error in 
/api/auth.ts
[test] Error: 
Error in /api/_lib/
errorHandler.ts
[test] Error: 
Error in 
/api/auth.ts
[test] Error: 
Error in [PATH]
[test] Error: 
Error in 
/api/auth.ts
[test] Error: 
Error in /api/_lib/
errorHandler.ts
[test] Error: 
Error in 
/api/auth.ts
[test] Error: 
Error in [PATH]
[test] Error: 
Error in /api/_lib/
errorHandler.ts
[test] Error: 
Error in /api/_lib/
errorHandler.ts
[test] Error: 
Error in [PATH]
[test] Error: 
Error in [PATH]
[test] Error: 
Error in [PATH]
[test] Error: 
Error in [PATH]
[test] Error: 
Error in 
/api/auth.ts
[test] Error: 
Error in [PATH]
[test] Error: 
Error in [PATH]
[test] Error: 
Error in /api/_lib/
errorHandler.ts
[test] Error: 
Error in 
/api/auth.ts
[test] Error: 
Error in 
/api/auth.ts
[test] Error: 
Error in /api/_lib/
errorHandler.ts
[test] Error: 
Error in [PATH]
[test] Error: 
Error in 
/api/auth.ts
[test] Error: 
Error in [PATH]
[test] Error: 
Error in [PATH]
[test] Error: 
Error in 
/api/auth.ts
[test] Error: 
Error in [PATH]
[test] Error: 
Error in 
/api/auth.ts
[test] Error: 
Error in [PATH]
[test] Error: 
Error in 
/api/auth.ts
[test] Error: 
Error in [PATH]
[test] Error: 
Error in /api/_lib/
errorHandler.ts
[test] Error: 
Error in /api/_lib/
errorHandler.ts
[test] Error: 
Error in [PATH]
[test] Error: 
Error in [PATH]
[test] Error: 
Error in [PATH]
[test] Error: 
Error in [PATH]
[test] Error: 
Error in [PATH]
[test] Error: 
Error in /api/_lib/
errorHandler.ts
[test] Error: 
Error in [PATH]
[test] Error: 
Error in [PATH]
[test] Error: 
Error in [PATH]
[test] Error: 
Error in /api/_lib/
errorHandler.ts
[test] Error: 
Error in [PATH]
[test] Error: 
Error in [PATH]
[test] Error: 
Error in 
/api/auth.ts
[test] Error: 
Error in /api/_lib/
errorHandler.ts
[test] Error: 
Error in /api/_lib/
errorHandler.ts
[test] Error: 
Error in 
/api/auth.ts
[test] Error: 
Error in 
/api/auth.ts
[test] Error: 
Error in /api/_lib/
errorHandler.ts
[test] Error: 
Error in 
/api/auth.ts
[test] Error: 
Error in [PATH]
[test] Error: 
Error in [PATH]
[test] Error: 
Error in /api/_lib/
errorHandler.ts
[test] Error: 
Error in [PATH]
[test] Error: 
Error in /api/_lib/
errorHandler.ts
[test] Error: 
Error in /api/_lib/
errorHandler.ts
[test] Error: 
Error in /api/_lib/
errorHandler.ts
[test] Error: 
Error in [PATH]

 [32mΓ£ô[39m tests/property/vercel-production-fixes/error-response.property.test.ts[2m > [22mFeature: vercel-production-fixes, Property 4: API Error Responses Are Consistent and Safe[2m > [22mProperty: Error responses do not expose internal details (Requirement 6.5)[2m > [22mshould not expose file paths in error responses via handleError[32m 194[2mms[22m[39m
 [32mΓ£ô[39m tests/property/vercel-production-fixes/error-response.property.test.ts[2m > [22mFeature: vercel-production-fixes, Property 4: API Error Responses Are Consistent and Safe[2m > [22mProperty: Error response format is always consistent (Requirement 6.4)[2m > [22mshould always return { success: false, error: string } for any error status[32m 101[2mms[22m[39m
 [32mΓ£ô[39m tests/property/vercel-production-fixes/error-response.property.test.ts[2m > [22mFeature: vercel-production-fixes, Property 4: API Error Responses Are Consistent and Safe[2m > [22mProperty: Error response format is always consistent (Requirement 6.4)[2m > [22mshould always include code field when provided[32m 4[2mms[22m[39m
 [32mΓ£ô[39m tests/property/vercel-production-fixes/error-response.property.test.ts[2m > [22mFeature: vercel-production-fixes, Property 4: API Error Responses Are Consistent and Safe[2m > [22mProperty: Error response format is always consistent (Requirement 6.4)[2m > [22mshould set correct HTTP status code for any error[32m 4[2mms[22m[39m
 [32mΓ£ô[39m tests/property/vercel-production-fixes/error-response.property.test.ts[2m > [22mFeature: vercel-production-fixes, Property 4: API Error Responses Are Consistent and Safe[2m > [22mProperty: Error response format is always consistent (Requirement 6.4)[2m > [22mshould never return success: true for error responses[32m 90[2mms[22m[39m
 [32mΓ£ô[39m tests/property/vercel-production-fixes/error-response.property.test.ts[2m > [22mFeature: vercel-production-fixes, Property 4: API Error Responses Are Consistent and Safe[2m > [22mProperty: PII is sanitized from error messages (Requirement 6.5)[2m > [22mshould sanitize email addresses from error messages[32m 103[2mms[22m[39m
 [32mΓ£ô[39m tests/property/vercel-production-fixes/error-response.property.test.ts[2m > [22mFeature: vercel-production-fixes, Property 4: API Error Responses Are Consistent and Safe[2m > [22mProperty: PII is sanitized from error messages (Requirement 6.5)[2m > [22mshould sanitize phone numbers from error messages[32m 97[2mms[22m[39m
 [32mΓ£ô[39m tests/property/vercel-production-fixes/error-response.property.test.ts[2m > [22mFeature: vercel-production-fixes, Property 4: API Error Responses Are Consistent and Safe[2m > [22mProperty: PII is sanitized from error messages (Requirement 6.5)[2m > [22mshould sanitize UUIDs from error messages[32m 102[2mms[22m[39m
 [32mΓ£ô[39m tests/property/vercel-production-fixes/error-response.property.test.ts[2m > [22mFeature: vercel-production-fixes, Property 4: API Error Responses Are Consistent and Safe[2m > [22mProperty: PII is sanitized from error messages (Requirement 6.5)[2m > [22mshould sanitize multiple PII types in a single error message[32m 190[2mms[22m[39m
[90mstderr[2m | t
ests/property/verce
l-production-fixes/
error-response.prop
erty.test.ts[2m > 
[22m[2mFeature: v
ercel-production-fi
xes, Property 4: 
API Error 
Responses Are 
Consistent and 
Safe[2m > 
[22m[2mProperty: 
handleError maps 
error types to 
correct status 
codes[2m > 
[22m[2mshould 
return 401 for 
unauthorized errors
[22m[39m[test] 
Error: Request 
Unauthorized access
[test] Error: 
Request 
Unauthorized access
[test] Error: 
Request 
Unauthorized access
[test] Error: 
Request 
unauthorized
[test] Error: 
Request 
Unauthorized access
[test] Error: 
Request no 
authorization
[test] Error: 
Request 
unauthorized
[test] Error: 
Request 
unauthorized
[test] Error: 
Request 
Unauthorized access
[test] Error: 
Request 
Unauthorized access
[test] Error: 
Request 
unauthorized
[test] Error: 
Request 
Unauthorized access
[test] Error: 
Request no 
authorization
[test] Error: 
Request no 
authorization
[test] Error: 
Request 
Unauthorized access
[test] Error: 
Request 
unauthorized
[test] Error: 
Request 
unauthorized
[test] Error: 
Request 
Unauthorized access
[test] Error: 
Request 
unauthorized
[test] Error: 
Request 
Unauthorized access
[test] Error: 
Request 
unauthorized
[test] Error: 
Request 
unauthorized
[test] Error: 
Request 
unauthorized
[test] Error: 
Request 
unauthorized
[test] Error: 
Request 
unauthorized
[test] Error: 
Request 
Unauthorized access
[test] Error: 
Request no 
authorization
[test] Error: 
Request 
unauthorized
[test] Error: 
Request no 
authorization
[test] Error: 
Request 
unauthorized
[test] Error: 
Request 
unauthorized
[test] Error: 
Request 
unauthorized
[test] Error: 
Request 
Unauthorized access
[test] Error: 
Request no 
authorization
[test] Error: 
Request 
unauthorized
[test] Error: 
Request 
Unauthorized access
[test] Error: 
Request no 
authorization
[test] Error: 
Request 
unauthorized
[test] Error: 
Request 
Unauthorized access
[test] Error: 
Request 
Unauthorized access
[test] Error: 
Request no 
authorization
[test] Error: 
Request 
Unauthorized access
[test] Error: 
Request no 
authorization
[test] Error: 
Request 
Unauthorized access
[test] Error: 
Request no 
authorization
[test] Error: 
Request 
unauthorized
[test] Error: 
Request no 
authorization
[test] Error: 
Request no 
authorization
[test] Error: 
Request 
unauthorized
[test] Error: 
Request 
Unauthorized access
[test] Error: 
Request 
unauthorized
[test] Error: 
Request 
unauthorized
[test] Error: 
Request 
Unauthorized access
[test] Error: 
Request 
Unauthorized access
[test] Error: 
Request 
unauthorized
[test] Error: 
Request 
unauthorized
[test] Error: 
Request 
Unauthorized access
[test] Error: 
Request 
unauthorized
[test] Error: 
Request 
unauthorized
[test] Error: 
Request no 
authorization
[test] Error: 
Request 
Unauthorized access
[test] Error: 
Request no 
authorization
[test] Error: 
Request 
unauthorized
[test] Error: 
Request 
unauthorized
[test] Error: 
Request 
Unauthorized access
[test] Error: 
Request 
Unauthorized access
[test] Error: 
Request 
Unauthorized access
[test] Error: 
Request 
Unauthorized access
[test] Error: 
Request no 
authorization
[test] Error: 
Request 
Unauthorized access
[test] Error: 
Request 
Unauthorized access
[test] Error: 
Request 
Unauthorized access
[test] Error: 
Request 
unauthorized
[test] Error: 
Request 
unauthorized
[test] Error: 
Request no 
authorization
[test] Error: 
Request 
unauthorized
[test] Error: 
Request 
Unauthorized access
[test] Error: 
Request 
Unauthorized access
[test] Error: 
Request 
Unauthorized access
[test] Error: 
Request 
Unauthorized access
[test] Error: 
Request 
unauthorized
[test] Error: 
Request 
Unauthorized access
[test] Error: 
Request 
unauthorized
[test] Error: 
Request no 
authorization
[test] Error: 
Request 
unauthorized
[test] Error: 
Request 
Unauthorized access
[test] Error: 
Request 
Unauthorized access
[test] Error: 
Request 
Unauthorized access
[test] Error: 
Request 
unauthorized
[test] Error: 
Request 
Unauthorized access
[test] Error: 
Request 
Unauthorized access
[test] Error: 
Request 
Unauthorized access
[test] Error: 
Request 
unauthorized
[test] Error: 
Request 
unauthorized
[test] Error: 
Request 
Unauthorized access
[test] Error: 
Request no 
authorization
[test] Error: 
Request 
unauthorized
[test] Error: 
Request 
Unauthorized access
[test] Error: 
Request 
Unauthorized access
[test] Error: 
Request 
Unauthorized access

[90mstderr[2m | t
ests/property/verce
l-production-fixes/
error-response.prop
erty.test.ts[2m > 
[22m[2mFeature: v
ercel-production-fi
xes, Property 4: 
API Error 
Responses Are 
Consistent and 
Safe[2m > 
[22m[2mProperty: 
handleError maps 
error types to 
correct status 
codes[2m > 
[22m[2mshould 
return 403 for 
forbidden errors
[22m[39m[test] 
Error: Request 
permission denied
[test] Error: 
Request access 
denied
[test] Error: 
Request forbidden
[test] Error: 
Request permission 
denied
[test] Error: 
Request forbidden
[test] Error: 
Request access 
denied
[test] Error: 
Request forbidden
[test] Error: 
Request forbidden
[test] Error: 
Request access 
denied
[test] Error: 
Request forbidden
[test] Error: 
Request permission 
denied
[test] Error: 
Request forbidden
[test] Error: 
Request forbidden
[test] Error: 
Request forbidden
[test] Error: 
Request permission 
denied
[test] Error: 
Request permission 
denied
[test] Error: 
Request access 
denied
[test] Error: 
Request forbidden
[test] Error: 
Request permission 
denied
[test] Error: 
Request access 
denied
[test] Error: 
Request forbidden
[test] Error: 
Request permission 
denied
[test] Error: 
Request permission 
denied
[test] Error: 
Request permission 
denied
[test] Error: 
Request access 
denied
[test] Error: 
Request forbidden
[test] Error: 
Request forbidden
[test] Error: 
Request access 
denied
[test] Error: 
Request access 
denied
[test] Error: 
Request access 
denied
[test] Error: 
Request forbidden
[test] Error: 
Request permission 
denied
[test] Error: 
Request forbidden
[test] Error: 
Request access 
denied
[test] Error: 
Request access 
denied
[test] Error: 
Request permission 
denied
[test] Error: 
Request access 
denied
[test] Error: 
Request access 
denied
[test] Error: 
Request forbidden
[test] Error: 
Request permission 
denied
[test] Error: 
Request permission 
denied
[test] Error: 
Request access 
denied
[test] Error: 
Request forbidden
[test] Error: 
Request access 
denied
[test] Error: 
Request permission 
denied
[test] Error: 
Request permission 
denied
[test] Error: 
Request permission 
denied
[test] Error: 
Request access 
denied
[test] Error: 
Request access 
denied
[test] Error: 
Request access 
denied
[test] Error: 
Request permission 
denied
[test] Error: 
Request forbidden
[test] Error: 
Request access 
denied
[test] Error: 
Request forbidden
[test] Error: 
Request forbidden
[test] Error: 
Request permission 
denied
[test] Error: 
Request permission 
denied
[test] Error: 
Request permission 
denied
[test] Error: 
Request permission 
denied
[test] Error: 
Request access 
denied
[test] Error: 
Request permission 
denied
[test] Error: 
Request access 
denied
[test] Error: 
Request permission 
denied
[test] Error: 
Request permission 
denied
[test] Error: 
Request access 
denied
[test] Error: 
Request permission 
denied
[test] Error: 
Request forbidden
[test] Error: 
Request forbidden
[test] Error: 
Request permission 
denied
[test] Error: 
Request forbidden
[test] Error: 
Request access 
denied
[test] Error: 
Request permission 
denied
[test] Error: 
Request forbidden
[test] Error: 
Request access 
denied
[test] Error: 
Request access 
denied
[test] Error: 
Request forbidden
[test] Error: 
Request access 
denied
[test] Error: 
Request access 
denied
[test] Error: 
Request forbidden
[test] Error: 
Request access 
denied
[test] Error: 
Request access 
denied
[test] Error: 
Request access 
denied
[test] Error: 
Request permission 
denied
[test] Error: 
Request access 
denied
[test] Error: 
Request permission 
denied
[test] Error: 
Request permission 
denied
[test] Error: 
Request forbidden
[test] Error: 
Request access 
denied
[test] Error: 
Request access 
denied
[test] Error: 
Request access 
denied
[test] Error: 
Request permission 
denied
[test] Error: 
Request permission 
denied
[test] Error: 
Request access 
denied
[test] Error: 
Request permission 
denied
[test] Error: 
Request access 
denied
[test] Error: 
Request permission 
denied
[test] Error: 
Request access 
denied
[test] Error: 
Request access 
denied
[test] Error: 
Request access 
denied
[test] Error: 
Request access 
denied

 [32mΓ£ô[39m tests/property/vercel-production-fixes/error-response.property.test.ts[2m > [22mFeature: vercel-production-fixes, Property 4: API Error Responses Are Consistent and Safe[2m > [22mProperty: handleError maps error types to correct status codes[2m > [22mshould return 401 for unauthorized errors[32m 10[2mms[22m[39m
 [32mΓ£ô[39m tests/property/vercel-production-fixes/error-response.property.test.ts[2m > [22mFeature: vercel-production-fixes, Property 4: API Error Responses Are Consistent and Safe[2m > [22mProperty: handleError maps error types to correct status codes[2m > [22mshould return 403 for forbidden errors[32m 98[2mms[22m[39m
[90mstderr[2m | t
ests/property/verce
l-production-fixes/
error-response.prop
erty.test.ts[2m > 
[22m[2mFeature: v
ercel-production-fi
xes, Property 4: 
API Error 
Responses Are 
Consistent and 
Safe[2m > 
[22m[2mProperty: 
handleError maps 
error types to 
correct status 
codes[2m > 
[22m[2mshould 
return 404 for not 
found errors
[22m[39m[test] 
Error: Resource 
Not Found
[test] Error: 
Resource resource 
not found
[test] Error: 
Resource resource 
not found
[test] Error: 
Resource resource 
not found
[test] Error: 
Resource not found
[test] Error: 
Resource Not Found
[test] Error: 
Resource Not Found
[test] Error: 
Resource Not Found
[test] Error: 
Resource not found
[test] Error: 
Resource Not Found
[test] Error: 
Resource Not Found
[test] Error: 
Resource not found
[test] Error: 
Resource not found
[test] Error: 
Resource not found
[test] Error: 
Resource not found
[test] Error: 
Resource not found
[test] Error: 
Resource not found
[test] Error: 
Resource not found
[test] Error: 
Resource Not Found
[test] Error: 
Resource Not Found
[test] Error: 
Resource resource 
not found
[test] Error: 
Resource resource 
not found
[test] Error: 
Resource resource 
not found
[test] Error: 
Resource Not Found
[test] Error: 
Resource not found
[test] Error: 
Resource Not Found
[test] Error: 
Resource Not Found
[test] Error: 
Resource not found
[test] Error: 
Resource resource 
not found
[test] Error: 
Resource Not Found
[test] Error: 
Resource not found
[test] Error: 
Resource not found
[test] Error: 
Resource Not Found
[test] Error: 
Resource not found
[test] Error: 
Resource not found
[test] Error: 
Resource Not Found
[test] Error: 
Resource Not Found
[test] Error: 
Resource resource 
not found
[test] Error: 
Resource resource 
not found
[test] Error: 
Resource resource 
not found
[test] Error: 
Resource Not Found
[test] Error: 
Resource Not Found
[test] Error: 
Resource not found
[test] Error: 
Resource Not Found
[test] Error: 
Resource not found
[test] Error: 
Resource not found
[test] Error: 
Resource Not Found
[test] Error: 
Resource resource 
not found
[test] Error: 
Resource resource 
not found
[test] Error: 
Resource Not Found
[test] Error: 
Resource Not Found
[test] Error: 
Resource resource 
not found
[test] Error: 
Resource Not Found
[test] Error: 
Resource Not Found
[test] Error: 
Resource resource 
not found
[test] Error: 
Resource not found
[test] Error: 
Resource Not Found
[test] Error: 
Resource Not Found
[test] Error: 
Resource not found
[test] Error: 
Resource resource 
not found
[test] Error: 
Resource resource 
not found
[test] Error: 
Resource resource 
not found
[test] Error: 
Resource resource 
not found
[test] Error: 
Resource resource 
not found
[test] Error: 
Resource not found
[test] Error: 
Resource resource 
not found
[test] Error: 
Resource resource 
not found
[test] Error: 
Resource Not Found
[test] Error: 
Resource not found
[test] Error: 
Resource Not Found
[test] Error: 
Resource not found
[test] Error: 
Resource Not Found
[test] Error: 
Resource Not Found
[test] Error: 
Resource not found
[test] Error: 
Resource Not Found
[test] Error: 
Resource resource 
not found
[test] Error: 
Resource Not Found
[test] Error: 
Resource not found
[test] Error: 
Resource not found
[test] Error: 
Resource resource 
not found
[test] Error: 
Resource resource 
not found
[test] Error: 
Resource resource 
not found
[test] Error: 
Resource resource 
not found
[test] Error: 
Resource not found
[test] Error: 
Resource resource 
not found
[test] Error: 
Resource not found
[test] Error: 
Resource not found
[test] Error: 
Resource not found
[test] Error: 
Resource not found
[test] Error: 
Resource not found
[test] Error: 
Resource Not Found
[test] Error: 
Resource not found
[test] Error: 
Resource Not Found
[test] Error: 
Resource not found
[test] Error: 
Resource not found
[test] Error: 
Resource not found
[test] Error: 
Resource Not Found
[test] Error: 
Resource Not Found
[test] Error: 
Resource resource 
not found
[test] Error: 
Resource resource 
not found

 [32mΓ£ô[39m tests/property/vercel-production-fixes/error-response.property.test.ts[2m > [22mFeature: vercel-production-fixes, Property 4: API Error Responses Are Consistent and Safe[2m > [22mProperty: handleError maps error types to correct status codes[2m > [22mshould return 404 for not found errors[33m 304[2mms[22m[39m
[90mstderr[2m | t
ests/property/verce
l-production-fixes/
error-response.prop
erty.test.ts[2m > 
[22m[2mFeature: v
ercel-production-fi
xes, Property 4: 
API Error 
Responses Are 
Consistent and 
Safe[2m > 
[22m[2mProperty: 
handleError maps 
error types to 
correct status 
codes[2m > 
[22m[2mshould 
return 400 for 
validation errors
[22m[39m[test] 
Error: Request 
Invalid parameter
[test] Error: 
Request Invalid 
parameter
[test] Error: 
Request validation 
failed
[test] Error: 
Request Invalid 
parameter
[test] Error: 
Request Invalid 
parameter
[test] Error: 
Request Invalid 
parameter
[test] Error: 
Request validation 
failed
[test] Error: 
Request invalid 
input
[test] Error: 
Request invalid 
input
[test] Error: 
Request Invalid 
parameter
[test] Error: 
Request validation 
failed
[test] Error: 
Request invalid 
input
[test] Error: 
Request validation 
failed
[test] Error: 
Request Invalid 
parameter
[test] Error: 
Request Invalid 
parameter
[test] Error: 
Request validation 
failed
[test] Error: 
Request validation 
failed
[test] Error: 
Request validation 
failed
[test] Error: 
Request Invalid 
parameter
[test] Error: 
Request validation 
failed
[test] Error: 
Request invalid 
input
[test] Error: 
Request validation 
failed
[test] Error: 
Request validation 
failed
[test] Error: 
Request invalid 
input
[test] Error: 
Request Invalid 
parameter
[test] Error: 
Request Invalid 
parameter
[test] Error: 
Request invalid 
input
[test] Error: 
Request validation 
failed
[test] Error: 
Request validation 
failed
[test] Error: 
Request validation 
failed
[test] Error: 
Request invalid 
input
[test] Error: 
Request invalid 
input
[test] Error: 
Request invalid 
input
[test] Error: 
Request Invalid 
parameter
[test] Error: 
Request Invalid 
parameter
[test] Error: 
Request validation 
failed
[test] Error: 
Request Invalid 
parameter
[test] Error: 
Request validation 
failed
[test] Error: 
Request invalid 
input
[test] Error: 
Request invalid 
input
[test] Error: 
Request validation 
failed
[test] Error: 
Request validation 
failed
[test] Error: 
Request validation 
failed
[test] Error: 
Request invalid 
input
[test] Error: 
Request validation 
failed
[test] Error: 
Request invalid 
input
[test] Error: 
Request validation 
failed
[test] Error: 
Request validation 
failed
[test] Error: 
Request invalid 
input
[test] Error: 
Request invalid 
input
[test] Error: 
Request Invalid 
parameter
[test] Error: 
Request validation 
failed
[test] Error: 
Request invalid 
input
[test] Error: 
Request invalid 
input
[test] Error: 
Request Invalid 
parameter
[test] Error: 
Request Invalid 
parameter
[test] Error: 
Request validation 
failed
[test] Error: 
Request Invalid 
parameter
[test] Error: 
Request invalid 
input
[test] Error: 
Request Invalid 
parameter
[test] Error: 
Request Invalid 
parameter
[test] Error: 
Request Invalid 
parameter
[test] Error: 
Request validation 
failed
[test] Error: 
Request validation 
failed
[test] Error: 
Request Invalid 
parameter
[test] Error: 
Request invalid 
input
[test] Error: 
Request Invalid 
parameter
[test] Error: 
Request validation 
failed
[test] Error: 
Request validation 
failed
[test] Error: 
Request invalid 
input
[test] Error: 
Request Invalid 
parameter
[test] Error: 
Request invalid 
input
[test] Error: 
Request Invalid 
parameter
[test] Error: 
Request validation 
failed
[test] Error: 
Request invalid 
input
[test] Error: 
Request validation 
failed
[test] Error: 
Request invalid 
input
[test] Error: 
Request validation 
failed
[test] Error: 
Request Invalid 
parameter
[test] Error: 
Request invalid 
input
[test] Error: 
Request validation 
failed
[test] Error: 
Request invalid 
input
[test] Error: 
Request Invalid 
parameter
[test] Error: 
Request Invalid 
parameter
[test] Error: 
Request Invalid 
parameter
[test] Error: 
Request Invalid 
parameter
[test] Error: 
Request Invalid 
parameter
[test] Error: 
Request Invalid 
parameter
[test] Error: 
Request Invalid 
parameter
[test] Error: 
Request Invalid 
parameter
[test] Error: 
Request Invalid 
parameter
[test] Error: 
Request validation 
failed
[test] Error: 
Request Invalid 
parameter
[test] Error: 
Request invalid 
input
[test] Error: 
Request validation 
failed
[test] Error: 
Request validation 
failed
[test] Error: 
Request Invalid 
parameter
[test] Error: 
Request validation 
failed
[test] Error: 
Request validation 
failed
[test] Error: 
Request Invalid 
parameter

 [32mΓ£ô[39m tests/property/vercel-production-fixes/error-response.property.test.ts[2m > [22mFeature: vercel-production-fixes, Property 4: API Error Responses Are Consistent and Safe[2m > [22mProperty: handleError maps error types to correct status codes[2m > [22mshould return 400 for validation errors[33m 301[2mms[22m[39m
[90mstderr[2m | t
ests/property/verce
l-production-fixes/
error-response.prop
erty.test.ts[2m > 
[22m[2mFeature: v
ercel-production-fi
xes, Property 4: 
API Error 
Responses Are 
Consistent and 
Safe[2m > 
[22m[2mProperty: 
handleError maps 
error types to 
correct status 
codes[2m > 
[22m[2mshould 
return 429 for 
rate limit errors
[22m[39m[test] 
Error: Request 
rate limit exceeded
[test] Error: 
Request rate limit 
exceeded
[test] Error: 
Request too many 
requests
[test] Error: 
Request Rate 
Limited
[test] Error: 
Request too many 
requests
[test] Error: 
Request too many 
requests
[test] Error: 
Request rate limit 
exceeded
[test] Error: 
Request rate limit 
exceeded
[test] Error: 
Request too many 
requests
[test] Error: 
Request Rate 
Limited
[test] Error: 
Request rate limit 
exceeded
[test] Error: 
Request rate limit 
exceeded
[test] Error: 
Request too many 
requests
[test] Error: 
Request rate limit 
exceeded
[test] Error: 
Request rate limit 
exceeded
[test] Error: 
Request too many 
requests
[test] Error: 
Request rate limit 
exceeded
[test] Error: 
Request rate limit 
exceeded
[test] Error: 
Request rate limit 
exceeded
[test] Error: 
Request rate limit 
exceeded
[test] Error: 
Request rate limit 
exceeded
[test] Error: 
Request too many 
requests
[test] Error: 
Request too many 
requests
[test] Error: 
Request too many 
requests
[test] Error: 
Request too many 
requests
[test] Error: 
Request too many 
requests
[test] Error: 
Request too many 
requests
[test] Error: 
Request rate limit 
exceeded
[test] Error: 
Request too many 
requests
[test] Error: 
Request too many 
requests
[test] Error: 
Request rate limit 
exceeded
[test] Error: 
Request too many 
requests
[test] Error: 
Request Rate 
Limited
[test] Error: 
Request Rate 
Limited
[test] Error: 
Request Rate 
Limited
[test] Error: 
Request too many 
requests
[test] Error: 
Request too many 
requests
[test] Error: 
Request Rate 
Limited
[test] Error: 
Request rate limit 
exceeded
[test] Error: 
Request Rate 
Limited
[test] Error: 
Request rate limit 
exceeded
[test] Error: 
Request rate limit 
exceeded
[test] Error: 
Request rate limit 
exceeded
[test] Error: 
Request rate limit 
exceeded
[test] Error: 
Request too many 
requests
[test] Error: 
Request too many 
requests
[test] Error: 
Request rate limit 
exceeded
[test] Error: 
Request Rate 
Limited
[test] Error: 
Request rate limit 
exceeded
[test] Error: 
Request Rate 
Limited
[test] Error: 
Request too many 
requests
[test] Error: 
Request rate limit 
exceeded
[test] Error: 
Request too many 
requests
[test] Error: 
Request Rate 
Limited
[test] Error: 
Request rate limit 
exceeded
[test] Error: 
Request rate limit 
exceeded
[test] Error: 
Request rate limit 
exceeded
[test] Error: 
Request rate limit 
exceeded
[test] Error: 
Request Rate 
Limited
[test] Error: 
Request too many 
requests
[test] Error: 
Request rate limit 
exceeded
[test] Error: 
Request Rate 
Limited
[test] Error: 
Request rate limit 
exceeded
[test] Error: 
Request too many 
requests
[test] Error: 
Request rate limit 
exceeded
[test] Error: 
Request Rate 
Limited
[test] Error: 
Request too many 
requests
[test] Error: 
Request rate limit 
exceeded
[test] Error: 
Request Rate 
Limited
[test] Error: 
Request Rate 
Limited
[test] Error: 
Request Rate 
Limited
[test] Error: 
Request rate limit 
exceeded
[test] Error: 
Request rate limit 
exceeded
[test] Error: 
Request Rate 
Limited
[test] Error: 
Request too many 
requests
[test] Error: 
Request too many 
requests
[test] Error: 
Request too many 
requests
[test] Error: 
Request rate limit 
exceeded
[test] Error: 
Request too many 
requests
[test] Error: 
Request too many 
requests
[test] Error: 
Request too many 
requests
[test] Error: 
Request Rate 
Limited
[test] Error: 
Request Rate 
Limited
[test] Error: 
Request too many 
requests
[test] Error: 
Request rate limit 
exceeded
[test] Error: 
Request Rate 
Limited
[test] Error: 
Request rate limit 
exceeded
[test] Error: 
Request rate limit 
exceeded
[test] Error: 
Request too many 
requests
[test] Error: 
Request Rate 
Limited
[test] Error: 
Request Rate 
Limited
[test] Error: 
Request Rate 
Limited
[test] Error: 
Request rate limit 
exceeded
[test] Error: 
Request too many 
requests
[test] Error: 
Request rate limit 
exceeded
[test] Error: 
Request too many 
requests
[test] Error: 
Request too many 
requests
[test] Error: 
Request Rate 
Limited
[test] Error: 
Request Rate 
Limited
[test] Error: 
Request too many 
requests

[90mstderr[2m | t
ests/property/verce
l-production-fixes/
error-response.prop
erty.test.ts[2m > 
[22m[2mFeature: v
ercel-production-fi
xes, Property 4: 
API Error 
Responses Are 
Consistent and 
Safe[2m > 
[22m[2mProperty: 
handleError maps 
error types to 
correct status 
codes[2m > 
[22m[2mshould 
return 500 for 
unknown errors
[22m[39m[test] 
Error: |nam
[test] Error: 
&6D{F,}!B
[test] Error: k
[test] Error: -9C4
[test] Error: 
ezas_HT
[test] Error: hE:.
[test] Error: 
y^LVlI9
[test] Error: z"ke
[test] Error: 
*7N3LFv8l[T7
[test] Error: _
[test] Error: 
wBO6O(gpx1
[test] Error: 
L\^*o{]j(+
[test] Error: name
[test] Error: 
ZO<A!oR
[test] Error: ,J
[test] Error: 
u|"%btk[f
[test] Error: yqJA
[test] Error: 
Ip9oOu-="63z
[test] Error: 
sK#-/0fN
[test] Error: 
wwO^PppQ_J
[test] Error: 
l{~i%"J
[test] Error: W6&<
[test] Error: 
i^ab>Lv*^R
[test] Error: 
#)suuK
[test] Error: 
pVwK;o
[test] Error: ~Uu
[test] Error: 
#8"]z={!
[test] Error: zvvp
[test] Error: Ay"#
[test] Error: 
L7fNKP
[test] Error: D 
Db-@=
[test] Error: 
Avl9]|3bex
[test] Error: kVFYA
[test] Error: LAi!
[test] Error: c
[test] Error: w
[test] Error: 
/"t"<X
[test] Error: s0t
[test] Error: 
#3{&l$.[
[test] Error: 
i>Vv?G\0ryE
[test] Error: -eg
[test] Error: U?w
[test] Error: 
Du'36d>ui
[test] Error: 
YwqkbGS'J}V7
[test] Error: [{
[test] Error: 
argument
[test] Error: pX>.g
[test] Error: y
[test] Error: 
i(Rmt+}Qq
[test] Error: S/]6 
[test] Error: TQ&Y
[test] Error: 
l:uMJM
[test] Error: lf;|
[test] Error: 
R/DzND
[test] Error: Fv$y(
[test] Error: 
*_anQL}Al
[test] Error: 8
[test] Error: 1"|4
[test] Error: 
`"4|f3Dzab!
[test] Error: 
}Q%\zIQ
[test] Error: 2j
[test] Error: 
^&Ny5K$
[test] Error: __l
[test] Error: ~~ 
[test] Error: GLm
[test] Error: 
]Lp@$czv&
[test] Error: 
constructor
[test] Error: i
[test] Error: 
x~K:vo^=a}
[test] Error: 
tzh=$bin
[test] Error: 
YL^j_hjCv1
[test] Error: ap
[test] Error: 
rc|T~q4
[test] Error: a
[test] Error: 7x
[test] Error: r
[test] Error: 
cVJA,g."mZ
[test] Error: Dq
[test] Error: 
y2N.[%_;(
[test] Error: \{
[test] Error: 
tB>I%.~y;&h 
[test] Error: 
zA%<z;u6(jC
[test] Error: 
(7NPuf?iSRX
[test] Error: 
3`x"hOG:(O 
[test] Error: 
C__tMgfO
[test] Error: 
k@=,w|fo0$u
[test] Error: XP}F%
[test] Error: h]Z,
[test] Error: 
b5nRTq<A
[test] Error: 
-F41XD.
[test] Error: 
h58.Yukf.ujU
[test] Error: 
6\\3eWkBV
[test] Error: }`
[test] Error: 
/iErE]6~Arh
[test] Error: 
Na-8DK|am_
[test] Error: _U
[test] Error: 
&}*##V3&
[test] Error: X>w] 
[test] Error: 70 ~
[test] Error: 
)}*~sQ

 [32mΓ£ô[39m tests/property/vercel-production-fixes/error-response.property.test.ts[2m > [22mFeature: vercel-production-fixes, Property 4: API Error Responses Are Consistent and Safe[2m > [22mProperty: handleError maps error types to correct status codes[2m > [22mshould return 429 for rate limit errors[32m 9[2mms[22m[39m
 [32mΓ£ô[39m tests/property/vercel-production-fixes/error-response.property.test.ts[2m > [22mFeature: vercel-production-fixes, Property 4: API Error Responses Are Consistent and Safe[2m > [22mProperty: handleError maps error types to correct status codes[2m > [22mshould return 500 for unknown errors[33m 402[2mms[22m[39m
 [32mΓ£ô[39m tests/property/error-handling.property.test.ts[2m > [22mError Handling Property Tests[2m > [22mProperty 10: PII Sanitization[2m > [22mshould sanitize email addresses from error messages[33m 997[2mms[22m[39m
 [32mΓ£ô[39m tests/property/error-handling.property.test.ts[2m > [22mError Handling Property Tests[2m > [22mProperty 10: PII Sanitization[2m > [22mshould sanitize UUIDs from error messages[33m 594[2mms[22m[39m
 [32mΓ£ô[39m tests/property/error-handling.property.test.ts[2m > [22mError Handling Property Tests[2m > [22mProperty 10: PII Sanitization[2m > [22mshould sanitize JWT tokens from error messages[33m 1508[2mms[22m[39m
 [32mΓ£ô[39m tests/property/error-handling.property.test.ts[2m > [22mError Handling Property Tests[2m > [22mProperty 10: PII Sanitization[2m > [22mshould sanitize bcrypt hashes from error messages[32m 194[2mms[22m[39m
 [32mΓ£ô[39m tests/property/error-handling.property.test.ts[2m > [22mError Handling Property Tests[2m > [22mProperty 10: PII Sanitization[2m > [22mshould sanitize SHA-256 hashes from error messages[32m 203[2mms[22m[39m
 [32mΓ£ô[39m tests/property/jwt.property.test.ts[2m > [22mProperty 3: Access token round-trip[2m > [22mCore Round-Trip Property[2m > [22mPROPERTY: For any valid user data, generating then verifying an access token returns the original claims[33m 3893[2mms[22m[39m
 [32mΓ£ô[39m tests/property/error-handling.property.test.ts[2m > [22mError Handling Property Tests[2m > [22mProperty 10: PII Sanitization[2m > [22mshould sanitize database connection strings from error messages[33m 1386[2mms[22m[39m
 [32mΓ£ô[39m tests/property/error-handling.property.test.ts[2m > [22mError Handling Property Tests[2m > [22mProperty 10: PII Sanitization[2m > [22mshould sanitize file paths from error messages[32m 206[2mms[22m[39m
 [32mΓ£ô[39m tests/property/error-handling.property.test.ts[2m > [22mError Handling Property Tests[2m > [22mProperty 10: PII Sanitization[2m > [22mshould sanitize IP addresses from error messages[32m 197[2mms[22m[39m
 [32mΓ£ô[39m tests/property/error-handling.property.test.ts[2m > [22mError Handling Property Tests[2m > [22mAudit Logger Context Sanitization[2m > [22mshould redact sensitive fields from context objects[32m 194[2mms[22m[39m
 [32mΓ£ô[39m tests/property/error-handling.property.test.ts[2m > [22mError Handling Property Tests[2m > [22mAudit Logger Context Sanitization[2m > [22mshould redact PII fields from context objects[33m 3003[2mms[22m[39m
 [32mΓ£ô[39m tests/property/error-handling.property.test.ts[2m > [22mError Handling Property Tests[2m > [22mAudit Logger Context Sanitization[2m > [22mshould recursively sanitize nested objects[33m 1694[2mms[22m[39m
 [32mΓ£ô[39m tests/property/error-handling.property.test.ts[2m > [22mError Handling Property Tests[2m > [22mAudit Logger Context Sanitization[2m > [22mshould handle null and undefined contexts[32m 0[2mms[22m[39m
 [32mΓ£ô[39m tests/property/error-handling.property.test.ts[2m > [22mError Handling Property Tests[2m > [22mAuthError Class Properties[2m > [22mshould sanitize messages in AuthError constructor[32m 194[2mms[22m[39m
 [32mΓ£ô[39m tests/property/error-handling.property.test.ts[2m > [22mError Handling Property Tests[2m > [22mAuthError Class Properties[2m > [22mshould produce consistent JSON format[33m 311[2mms[22m[39m
 [32mΓ£ô[39m tests/property/error-handling.property.test.ts[2m > [22mError Handling Property Tests[2m > [22mAuthError Class Properties[2m > [22mshould produce correct status codes from factory methods[32m 1[2mms[22m[39m
 [32mΓ£ô[39m tests/property/error-handling.property.test.ts[2m > [22mError Handling Property Tests[2m > [22mAuthError Class Properties[2m > [22mshould use generic message for invalid credentials[32m 0[2mms[22m[39m
 [32mΓ£ô[39m tests/property/error-handling.property.test.ts[2m > [22mError Handling Property Tests[2m > [22mEdge Cases[2m > [22mshould handle empty strings[32m 0[2mms[22m[39m
 [32mΓ£ô[39m tests/property/error-handling.property.test.ts[2m > [22mError Handling Property Tests[2m > [22mEdge Cases[2m > [22mshould handle non-string inputs[32m 0[2mms[22m[39m
 [32mΓ£ô[39m tests/property/error-handling.property.test.ts[2m > [22mError Handling Property Tests[2m > [22mEdge Cases[2m > [22mshould preserve safe messages[32m 106[2mms[22m[39m
 [32mΓ£ô[39m tests/property/jwt.property.test.ts[2m > [22mProperty 3: Access token round-trip[2m > [22mCore Round-Trip Property[2m > [22mPROPERTY: Access token contains required standard claims (iat, exp, iss, aud)[33m 7703[2mms[22m[39m
 [32mΓ£ô[39m tests/property/jwt.property.test.ts[2m > [22mProperty 3: Access token round-trip[2m > [22mCore Round-Trip Property[2m > [22mPROPERTY: Access token expiration is approximately 15 minutes from issuance[33m 809[2mms[22m[39m
 [32mΓ£ô[39m tests/property/jwt.property.test.ts[2m > [22mProperty 3: Access token round-trip[2m > [22mPermissions Preservation Property[2m > [22mPROPERTY: Empty permissions array is preserved in round-trip[33m 912[2mms[22m[39m
 [32mΓ£ô[39m tests/property/jwt.property.test.ts[2m > [22mProperty 3: Access token round-trip[2m > [22mPermissions Preservation Property[2m > [22mPROPERTY: Large permissions array is preserved in round-trip[33m 1198[2mms[22m[39m
 [32mΓ£ô[39m tests/property/jwt.property.test.ts[2m > [22mProperty 3: Access token round-trip[2m > [22mRole Preservation Property[2m > [22mPROPERTY: Each valid role is correctly preserved in round-trip[33m 1004[2mms[22m[39m
 [32mΓ£ô[39m tests/property/jwt.property.test.ts[2m > [22mProperty 4: Token type separation[2m > [22mAccess Token as Refresh Token Rejection[2m > [22mPROPERTY: For any access token, attempting to verify it as a refresh token SHALL fail[33m 4810[2mms[22m[39m
 [32mΓ£ô[39m tests/property/jwt.property.test.ts[2m > [22mProperty 4: Token type separation[2m > [22mAccess Token as Refresh Token Rejection[2m > [22mPROPERTY: Access token verified as refresh token fails with appropriate error message[33m 1799[2mms[22m[39m
 [32mΓ£ô[39m tests/property/jwt.property.test.ts[2m > [22mProperty 4: Token type separation[2m > [22mRefresh Token as Access Token Rejection[2m > [22mPROPERTY: For any refresh token, attempting to verify it as an access token SHALL fail[33m 3394[2mms[22m[39m
 [32mΓ£ô[39m tests/property/admin-system-health-fixes/user-roles-rls.property.test.ts[2m > [22mFeature: admin-system-health-fixes, Property 5: Super Admin Role Management[2m > [22mProperty: Super admin can perform INSERT operations (Requirement 4.3)[2m > [22mshould allow super_admin to INSERT any user role[33m 1409[2mms[22m[39m
 [32mΓ£ô[39m tests/property/admin-system-health-fixes/user-roles-rls.property.test.ts[2m > [22mFeature: admin-system-health-fixes, Property 5: Super Admin Role Management[2m > [22mProperty: Super admin can perform UPDATE operations (Requirements 4.1, 4.3)[2m > [22mshould allow super_admin to UPDATE any user role[33m 505[2mms[22m[39m
 [32mΓ£ô[39m tests/property/jwt.property.test.ts[2m > [22mProperty 4: Token type separation[2m > [22mRefresh Token as Access Token Rejection[2m > [22mPROPERTY: Refresh token verified as access token fails with appropriate error message[33m 1800[2mms[22m[39m
 [32mΓ£ô[39m tests/property/admin-system-health-fixes/user-roles-rls.property.test.ts[2m > [22mFeature: admin-system-health-fixes, Property 5: Super Admin Role Management[2m > [22mProperty: Super admin can perform UPDATE operations (Requirements 4.1, 4.3)[2m > [22mshould allow super_admin to UPDATE roles for any user_id[33m 500[2mms[22m[39m
 [32mΓ£ô[39m tests/property/admin-system-health-fixes/user-roles-rls.property.test.ts[2m > [22mFeature: admin-system-health-fixes, Property 5: Super Admin Role Management[2m > [22mProperty: Super admin can perform DELETE operations (Requirement 4.3)[2m > [22mshould allow super_admin to DELETE any user role[33m 411[2mms[22m[39m
 [32mΓ£ô[39m tests/property/admin-system-health-fixes/user-roles-rls.property.test.ts[2m > [22mFeature: admin-system-health-fixes, Property 5: Super Admin Role Management[2m > [22mProperty: Super admin can perform SELECT operations[2m > [22mshould allow super_admin to SELECT any user role[32m 289[2mms[22m[39m
 [32mΓ£ô[39m tests/property/admin-system-health-fixes/user-roles-rls.property.test.ts[2m > [22mFeature: admin-system-health-fixes, Property 5: Super Admin Role Management[2m > [22mProperty: Super admin can perform ALL operations (Requirement 4.3)[2m > [22mshould allow super_admin to perform any operation on any role[33m 302[2mms[22m[39m
 [32mΓ£ô[39m tests/property/admin-system-health-fixes/user-roles-rls.property.test.ts[2m > [22mFeature: admin-system-health-fixes, Property 5: Super Admin Role Management[2m > [22mProperty: Super admin batch operations succeed[2m > [22mshould allow super_admin to perform batch operations on multiple roles[32m 209[2mms[22m[39m
 [32mΓ£ô[39m tests/property/jwt.property.test.ts[2m > [22mProperty 4: Token type separation[2m > [22mBidirectional Token Type Isolation[2m > [22mPROPERTY: Access and refresh tokens for same user are not interchangeable[33m 2009[2mms[22m[39m
 [32mΓ£ô[39m tests/property/admin-system-health-fixes/user-roles-rls.property.test.ts[2m > [22mFeature: admin-system-health-fixes, Property 6: Non-Admin Role Management Rejection[2m > [22mProperty: Non-super_admin cannot INSERT roles (Requirement 4.2)[2m > [22mshould reject INSERT from student users[32m 298[2mms[22m[39m
 [32mΓ£ô[39m tests/property/jwt.property.test.ts[2m > [22mRefresh Token Round-Trip (Supporting Property)[2m > [22mPROPERTY: For any valid userId, generating then verifying a refresh token returns the original userId[33m 302[2mms[22m[39m
 [32mΓ£ô[39m tests/property/admin-system-health-fixes/user-roles-rls.property.test.ts[2m > [22mFeature: admin-system-health-fixes, Property 6: Non-Admin Role Management Rejection[2m > [22mProperty: Non-super_admin cannot INSERT roles (Requirement 4.2)[2m > [22mshould reject INSERT from admin users (only super_admin allowed)[32m 99[2mms[22m[39m
 [32mΓ£ô[39m tests/property/admin-system-health-fixes/user-roles-rls.property.test.ts[2m > [22mFeature: admin-system-health-fixes, Property 6: Non-Admin Role Management Rejection[2m > [22mProperty: Non-super_admin cannot UPDATE roles (Requirement 4.2)[2m > [22mshould reject UPDATE from non-super_admin users[32m 198[2mms[22m[39m
 [32mΓ£ô[39m tests/property/admin-system-health-fixes/user-roles-rls.property.test.ts[2m > [22mFeature: admin-system-health-fixes, Property 6: Non-Admin Role Management Rejection[2m > [22mProperty: Non-super_admin cannot UPDATE roles (Requirement 4.2)[2m > [22mshould reject UPDATE even for own role entry[32m 101[2mms[22m[39m
 [32mΓ£ô[39m tests/property/admin-system-health-fixes/user-roles-rls.property.test.ts[2m > [22mFeature: admin-system-health-fixes, Property 6: Non-Admin Role Management Rejection[2m > [22mProperty: Non-super_admin cannot DELETE roles (Requirement 4.2)[2m > [22mshould reject DELETE from non-super_admin users[32m 92[2mms[22m[39m
 [32mΓ£ô[39m tests/property/admin-system-health-fixes/user-roles-rls.property.test.ts[2m > [22mFeature: admin-system-health-fixes, Property 6: Non-Admin Role Management Rejection[2m > [22mProperty: Non-super_admin can only SELECT own roles[2m > [22mshould allow non-super_admin to SELECT their own roles[32m 104[2mms[22m[39m
 [32mΓ£ô[39m tests/property/admin-system-health-fixes/user-roles-rls.property.test.ts[2m > [22mFeature: admin-system-health-fixes, Property 6: Non-Admin Role Management Rejection[2m > [22mProperty: Non-super_admin can only SELECT own roles[2m > [22mshould reject non-super_admin from SELECT other users roles[32m 101[2mms[22m[39m
 [32mΓ£ô[39m tests/property/admin-system-health-fixes/user-roles-rls.property.test.ts[2m > [22mFeature: admin-system-health-fixes, Property 6: Non-Admin Role Management Rejection[2m > [22mProperty: Unauthenticated users are rejected (Requirement 4.2)[2m > [22mshould reject all operations from unauthenticated users[32m 6[2mms[22m[39m
 [32mΓ£ô[39m tests/property/admin-system-health-fixes/user-roles-rls.property.test.ts[2m > [22mFeature: admin-system-health-fixes, Property 6: Non-Admin Role Management Rejection[2m > [22mProperty: All write operations rejected for non-super_admin (Requirement 4.2)[2m > [22mshould reject all write operations from any non-super_admin user[32m 292[2mms[22m[39m
 [32mΓ£ô[39m tests/property/admin-system-health-fixes/user-roles-rls.property.test.ts[2m > [22mFeature: admin-system-health-fixes, Property 6: Non-Admin Role Management Rejection[2m > [22mProperty: Batch write operations rejected for non-super_admin[2m > [22mshould reject all batch write operations from non-super_admin[32m 199[2mms[22m[39m
 [32mΓ£ô[39m tests/property/admin-system-health-fixes/user-roles-rls.property.test.ts[2m > [22mFeature: admin-system-health-fixes, RLS Policy Edge Cases[2m > [22mProperty: Role hierarchy is correctly enforced[2m > [22mshould distinguish between admin and super_admin privileges[32m 100[2mms[22m[39m
 [32mΓ£ô[39m tests/property/admin-system-health-fixes/user-roles-rls.property.test.ts[2m > [22mFeature: admin-system-health-fixes, RLS Policy Edge Cases[2m > [22mProperty: Consistent error responses[2m > [22mshould return consistent error format for rejected operations[32m 116[2mms[22m[39m
 [32mΓ£ô[39m tests/property/jwt.property.test.ts[2m > [22mRefresh Token Round-Trip (Supporting Property)[2m > [22mPROPERTY: Refresh token expiration is approximately 7 days from issuance[33m 2007[2mms[22m[39m
 [32mΓ£ô[39m tests/property/jwt.property.test.ts[2m > [22mEdge Cases[2m > [22mPROPERTY: Tokens with special characters in email are handled correctly[32m 298[2mms[22m[39m
 [32mΓ£ô[39m tests/property/jwt.property.test.ts[2m > [22mEdge Cases[2m > [22mPROPERTY: Tokens with various permission formats are handled correctly[32m 291[2mms[22m[39m
 [32mΓ£ô[39m tests/property/jwt.property.test.ts[2m > [22mError Handling[2m > [22mshould throw error for empty userId in access token generation[32m 1[2mms[22m[39m
 [32mΓ£ô[39m tests/property/jwt.property.test.ts[2m > [22mError Handling[2m > [22mshould throw error for empty email in access token generation[32m 0[2mms[22m[39m
 [32mΓ£ô[39m tests/property/jwt.property.test.ts[2m > [22mError Handling[2m > [22mshould throw error for empty userId in refresh token generation[32m 1[2mms[22m[39m
 [32mΓ£ô[39m tests/property/jwt.property.test.ts[2m > [22mError Handling[2m > [22mshould throw error for empty token in access token verification[32m 2[2mms[22m[39m
 [32mΓ£ô[39m tests/property/jwt.property.test.ts[2m > [22mError Handling[2m > [22mshould throw error for empty token in refresh token verification[32m 0[2mms[22m[39m
 [32mΓ£ô[39m tests/property/jwt.property.test.ts[2m > [22mError Handling[2m > [22mshould throw error for malformed token in access token verification[32m 0[2mms[22m[39m
 [32mΓ£ô[39m tests/property/jwt.property.test.ts[2m > [22mError Handling[2m > [22mshould throw error for malformed token in refresh token verification[32m 0[2mms[22m[39m
 [32mΓ£ô[39m tests/property/pollingConfiguration.property.test.ts[2m > [22mFeature: bun-vercel-runtime-forensics, Property 4: Polling Configuration Prevents Infinite Loops[2m > [22mProperty: staleTime < refetchInterval invariant (Requirement 5.2)[2m > [22mshould have staleTime less than refetchInterval when polling is enabled[32m 95[2mms[22m[39m
 [32mΓ£ô[39m tests/property/pollingConfiguration.property.test.ts[2m > [22mFeature: bun-vercel-runtime-forensics, Property 4: Polling Configuration Prevents Infinite Loops[2m > [22mProperty: staleTime < refetchInterval invariant (Requirement 5.2)[2m > [22mshould validate that actual CACHE_CONFIG.auth has appropriate staleTime[32m 0[2mms[22m[39m
 [32mΓ£ô[39m tests/property/pollingConfiguration.property.test.ts[2m > [22mFeature: bun-vercel-runtime-forensics, Property 4: Polling Configuration Prevents Infinite Loops[2m > [22mProperty: staleTime < refetchInterval invariant (Requirement 5.2)[2m > [22mshould validate all CACHE_CONFIG categories have staleTime < gcTime[32m 0[2mms[22m[39m
 [32mΓ£ô[39m tests/property/pollingConfiguration.property.test.ts[2m > [22mFeature: bun-vercel-runtime-forensics, Property 4: Polling Configuration Prevents Infinite Loops[2m > [22mProperty: Retry count is bounded (Requirements 5.1, 5.3)[2m > [22mshould stop retrying after maximum retry count for non-auth errors[32m 100[2mms[22m[39m
 [32mΓ£ô[39m tests/property/pollingConfiguration.property.test.ts[2m > [22mFeature: bun-vercel-runtime-forensics, Property 4: Polling Configuration Prevents Infinite Loops[2m > [22mProperty: Retry count is bounded (Requirements 5.1, 5.3)[2m > [22mshould never exceed maximum retry bound regardless of error type[32m 199[2mms[22m[39m
 [32mΓ£ô[39m tests/property/pollingConfiguration.property.test.ts[2m > [22mFeature: bun-vercel-runtime-forensics, Property 4: Polling Configuration Prevents Infinite Loops[2m > [22mProperty: Retry count is bounded (Requirements 5.1, 5.3)[2m > [22mshould have a maximum of 2 total attempts (1 initial + 1 retry)[32m 2[2mms[22m[39m
 [32mΓ£ô[39m tests/property/pollingConfiguration.property.test.ts[2m > [22mFeature: bun-vercel-runtime-forensics, Property 4: Polling Configuration Prevents Infinite Loops[2m > [22mProperty: 401/403 errors stop retries immediately (Requirement 5.3)[2m > [22mshould never retry on 401 Unauthorized errors[32m 93[2mms[22m[39m
 [32mΓ£ô[39m tests/property/pollingConfiguration.property.test.ts[2m > [22mFeature: bun-vercel-runtime-forensics, Property 4: Polling Configuration Prevents Infinite Loops[2m > [22mProperty: 401/403 errors stop retries immediately (Requirement 5.3)[2m > [22mshould never retry on 403 Forbidden errors[32m 94[2mms[22m[39m
 [32mΓ£ô[39m tests/property/pollingConfiguration.property.test.ts[2m > [22mFeature: bun-vercel-runtime-forensics, Property 4: Polling Configuration Prevents Infinite Loops[2m > [22mProperty: 401/403 errors stop retries immediately (Requirement 5.3)[2m > [22mshould stop retries for any auth-related error message[32m 105[2mms[22m[39m
 [32mΓ£ô[39m tests/property/pollingConfiguration.property.test.ts[2m > [22mFeature: bun-vercel-runtime-forensics, Property 4: Polling Configuration Prevents Infinite Loops[2m > [22mProperty: 401/403 errors stop retries immediately (Requirement 5.3)[2m > [22mshould detect auth errors with supported case variants[32m 1[2mms[22m[39m
 [32mΓ£ô[39m tests/property/pollingConfiguration.property.test.ts[2m > [22mFeature: bun-vercel-runtime-forensics, Property 4: Polling Configuration Prevents Infinite Loops[2m > [22mProperty: Exponential backoff delay calculation (Requirement 5.4)[2m > [22mshould calculate exponential backoff correctly[32m 93[2mms[22m[39m
 [32mΓ£ô[39m tests/property/pollingConfiguration.property.test.ts[2m > [22mFeature: bun-vercel-runtime-forensics, Property 4: Polling Configuration Prevents Infinite Loops[2m > [22mProperty: Exponential backoff delay calculation (Requirement 5.4)[2m > [22mshould have delay that increases exponentially[32m 212[2mms[22m[39m
 [32mΓ£ô[39m tests/property/pollingConfiguration.property.test.ts[2m > [22mFeature: bun-vercel-runtime-forensics, Property 4: Polling Configuration Prevents Infinite Loops[2m > [22mProperty: Exponential backoff delay calculation (Requirement 5.4)[2m > [22mshould cap delay at maximum of 10 seconds[32m 93[2mms[22m[39m
 [32mΓ£ô[39m tests/property/pollingConfiguration.property.test.ts[2m > [22mFeature: bun-vercel-runtime-forensics, Property 4: Polling Configuration Prevents Infinite Loops[2m > [22mProperty: Exponential backoff delay calculation (Requirement 5.4)[2m > [22mshould have minimum delay of 1 second on first attempt[32m 0[2mms[22m[39m
 [32mΓ£ô[39m tests/property/pollingConfiguration.property.test.ts[2m > [22mFeature: bun-vercel-runtime-forensics, Property 4: Polling Configuration Prevents Infinite Loops[2m > [22mProperty: Exponential backoff delay calculation (Requirement 5.4)[2m > [22mshould follow the pattern: 1s, 2s, 4s, 8s, 10s (capped)[32m 0[2mms[22m[39m
 [32mΓ£ô[39m tests/property/pollingConfiguration.property.test.ts[2m > [22mFeature: bun-vercel-runtime-forensics, Property 4: Polling Configuration Prevents Infinite Loops[2m > [22mProperty: Exponential backoff delay calculation (Requirement 5.4)[2m > [22mshould have positive delay for any attempt index[32m 2[2mms[22m[39m
 [32mΓ£ô[39m tests/property/pollingConfiguration.property.test.ts[2m > [22mFeature: bun-vercel-runtime-forensics, Property 4: Polling Configuration Prevents Infinite Loops[2m > [22mProperty: Valid polling configurations prevent infinite loops[2m > [22mshould validate that valid configurations pass validation[32m 198[2mms[22m[39m
 [32mΓ£ô[39m tests/property/pollingConfiguration.property.test.ts[2m > [22mFeature: bun-vercel-runtime-forensics, Property 4: Polling Configuration Prevents Infinite Loops[2m > [22mProperty: Valid polling configurations prevent infinite loops[2m > [22mshould reject configurations where staleTime >= refetchInterval[32m 3[2mms[22m[39m
 [32mΓ£ô[39m tests/property/pollingConfiguration.property.test.ts[2m > [22mFeature: bun-vercel-runtime-forensics, Property 4: Polling Configuration Prevents Infinite Loops[2m > [22mProperty: Valid polling configurations prevent infinite loops[2m > [22mshould reject configurations with non-positive staleTime[32m 5[2mms[22m[39m
 [32mΓ£ô[39m tests/property/pollingConfiguration.property.test.ts[2m > [22mFeature: bun-vercel-runtime-forensics, Property 4: Polling Configuration Prevents Infinite Loops[2m > [22mProperty: Valid polling configurations prevent infinite loops[2m > [22mshould reject configurations where gcTime <= staleTime[32m 4[2mms[22m[39m
 [32mΓ£ô[39m tests/property/pollingConfiguration.property.test.ts[2m > [22mFeature: bun-vercel-runtime-forensics, Property 4: Polling Configuration Prevents Infinite Loops[2m > [22mProperty: Actual useOptimizedAuthState configuration is valid[2m > [22mshould have valid auth configuration that prevents infinite loops[32m 0[2mms[22m[39m
 [32mΓ£ô[39m tests/property/pollingConfiguration.property.test.ts[2m > [22mFeature: bun-vercel-runtime-forensics, Property 4: Polling Configuration Prevents Infinite Loops[2m > [22mProperty: Actual useOptimizedAuthState configuration is valid[2m > [22mshould have retry logic that stops on auth errors[32m 0[2mms[22m[39m
 [32mΓ£ô[39m tests/property/pollingConfiguration.property.test.ts[2m > [22mFeature: bun-vercel-runtime-forensics, Property 4: Polling Configuration Prevents Infinite Loops[2m > [22mProperty: Actual useOptimizedAuthState configuration is valid[2m > [22mshould have exponential backoff that caps at reasonable maximum[32m 1[2mms[22m[39m
 [32mΓ£ô[39m tests/property/pollingConfiguration.property.test.ts[2m > [22mFeature: bun-vercel-runtime-forensics, Property 4: Polling Configuration Prevents Infinite Loops[2m > [22mProperty: Combined retry and backoff behavior[2m > [22mshould have bounded total retry time[32m 98[2mms[22m[39m
 [32mΓ£ô[39m tests/property/pollingConfiguration.property.test.ts[2m > [22mFeature: bun-vercel-runtime-forensics, Property 4: Polling Configuration Prevents Infinite Loops[2m > [22mProperty: Combined retry and backoff behavior[2m > [22mshould have zero retries for auth errors[32m 7[2mms[22m[39m
 [32mΓ£ô[39m tests/property/supabase-complete-removal/response-structure.property.test.ts[2m > [22mFeature: supabase-complete-removal, Property 2: API Response Structure Validity[2m > [22mApplications List Response[2m > [22mPROPERTY: Applications list response SHALL contain valid Application objects[33m 6706[2mms[22m[39m
 [32mΓ£ô[39m tests/property/supabase-complete-removal/response-structure.property.test.ts[2m > [22mFeature: supabase-complete-removal, Property 2: API Response Structure Validity[2m > [22mApplications List Response[2m > [22mPROPERTY: Applications list response SHALL have success boolean[33m 5292[2mms[22m[39m
 [32mΓ£ô[39m tests/property/supabase-complete-removal/response-structure.property.test.ts[2m > [22mFeature: supabase-complete-removal, Property 2: API Response Structure Validity[2m > [22mInterviews Response[2m > [22mPROPERTY: Interviews response SHALL contain valid ApplicationInterview objects[33m 598[2mms[22m[39m
 [32mΓ£ô[39m tests/property/supabase-complete-removal/response-structure.property.test.ts[2m > [22mFeature: supabase-complete-removal, Property 2: API Response Structure Validity[2m > [22mInterviews Response[2m > [22mPROPERTY: Interview objects SHALL have required fields[33m 1187[2mms[22m[39m
 [32mΓ£ô[39m tests/property/supabase-complete-removal/response-structure.property.test.ts[2m > [22mFeature: supabase-complete-removal, Property 2: API Response Structure Validity[2m > [22mEmail Check Response[2m > [22mPROPERTY: Email check response SHALL contain only available boolean[33m 801[2mms[22m[39m
 [32mΓ£ô[39m tests/property/supabase-complete-removal/response-structure.property.test.ts[2m > [22mFeature: supabase-complete-removal, Property 2: API Response Structure Validity[2m > [22mEmail Check Response[2m > [22mPROPERTY: Email check SHALL return boolean available field[32m 5[2mms[22m[39m
 [32mΓ£ô[39m tests/property/supabase-complete-removal/response-structure.property.test.ts[2m > [22mFeature: supabase-complete-removal, Property 2: API Response Structure Validity[2m > [22mStats Response[2m > [22mPROPERTY: Stats response SHALL contain all required numeric fields[32m 200[2mms[22m[39m
 [32mΓ£ô[39m tests/property/supabase-complete-removal/response-structure.property.test.ts[2m > [22mFeature: supabase-complete-removal, Property 2: API Response Structure Validity[2m > [22mError Response[2m > [22mPROPERTY: Error response SHALL have success=false and error message[32m 91[2mms[22m[39m
 [32mΓ£ô[39m tests/property/supabase-complete-removal/response-structure.property.test.ts[2m > [22mFeature: supabase-complete-removal, Property 2: API Response Structure Validity[2m > [22mError Response[2m > [22mPROPERTY: Error response SHALL NOT leak sensitive data[32m 11[2mms[22m[39m
 [32mΓ£ô[39m tests/property/supabase-complete-removal/response-structure.property.test.ts[2m > [22mEdge Cases[2m > [22mPROPERTY: Empty arrays SHALL be valid responses[32m 1[2mms[22m[39m
 [32mΓ£ô[39m tests/property/supabase-complete-removal/response-structure.property.test.ts[2m > [22mEdge Cases[2m > [22mPROPERTY: Null optional fields SHALL be valid[32m 3[2mms[22m[39m
 [32mΓ£ô[39m tests/property/auth-api.property.test.ts[2m > [22mProperty 7: Token rotation on refresh[2m > [22mCore Token Rotation Property[2m > [22mPROPERTY: For any valid refresh operation, the new refresh token hash SHALL differ from the previous hash[33m 31596[2mms[22m[39m
[90mstderr[2m | t
ests/unit/auth-perm
issions.test.ts[2m
 > [22m[2mRole-Ba
sed Permissions 
Module[2m > [22m
[2mgetPermissionsFo
rRole()[2m > 
[22m[2mshould 
return empty array 
for invalid roles
[22m[39m[PERMISSI
ONS] Unknown role 
requested: 
invalid_role

 [32mΓ£ô[39m tests/unit/auth-permissions.test.ts[2m > [22mRole-Based Permissions Module[2m > [22mUSER_ROLES constant (Requirement 8.1)[2m > [22mshould define super_admin role[32m 2[2mms[22m[39m
 [32mΓ£ô[39m tests/unit/auth-permissions.test.ts[2m > [22mRole-Based Permissions Module[2m > [22mUSER_ROLES constant (Requirement 8.1)[2m > [22mshould define admin role[32m 0[2mms[22m[39m
 [32mΓ£ô[39m tests/unit/auth-permissions.test.ts[2m > [22mRole-Based Permissions Module[2m > [22mUSER_ROLES constant (Requirement 8.1)[2m > [22mshould define reviewer role[32m 0[2mms[22m[39m
 [32mΓ£ô[39m tests/unit/auth-permissions.test.ts[2m > [22mRole-Based Permissions Module[2m > [22mUSER_ROLES constant (Requirement 8.1)[2m > [22mshould define student role[32m 0[2mms[22m[39m
 [32mΓ£ô[39m tests/unit/auth-permissions.test.ts[2m > [22mRole-Based Permissions Module[2m > [22mUSER_ROLES constant (Requirement 8.1)[2m > [22mshould have exactly 4 roles[32m 2[2mms[22m[39m
 [32mΓ£ô[39m tests/unit/auth-permissions.test.ts[2m > [22mRole-Based Permissions Module[2m > [22mUSER_ROLES constant (Requirement 8.1)[2m > [22mshould have all roles in ALL_USER_ROLES array[32m 1[2mms[22m[39m
 [32mΓ£ô[39m tests/unit/auth-permissions.test.ts[2m > [22mRole-Based Permissions Module[2m > [22mROLE_PERMISSIONS mapping (Requirement 8.3)[2m > [22msuper_admin permissions[2m > [22mshould have user management permissions[32m 1[2mms[22m[39m
 [32mΓ£ô[39m tests/unit/auth-permissions.test.ts[2m > [22mRole-Based Permissions Module[2m > [22mROLE_PERMISSIONS mapping (Requirement 8.3)[2m > [22msuper_admin permissions[2m > [22mshould have application management permissions[32m 1[2mms[22m[39m
 [32mΓ£ô[39m tests/unit/auth-permissions.test.ts[2m > [22mRole-Based Permissions Module[2m > [22mROLE_PERMISSIONS mapping (Requirement 8.3)[2m > [22msuper_admin permissions[2m > [22mshould have program management permissions[32m 0[2mms[22m[39m
 [32mΓ£ô[39m tests/unit/auth-permissions.test.ts[2m > [22mRole-Based Permissions Module[2m > [22mROLE_PERMISSIONS mapping (Requirement 8.3)[2m > [22msuper_admin permissions[2m > [22mshould have payment management permissions[32m 0[2mms[22m[39m
 [32mΓ£ô[39m tests/unit/auth-permissions.test.ts[2m > [22mRole-Based Permissions Module[2m > [22mROLE_PERMISSIONS mapping (Requirement 8.3)[2m > [22msuper_admin permissions[2m > [22mshould have document management permissions[32m 0[2mms[22m[39m
 [32mΓ£ô[39m tests/unit/auth-permissions.test.ts[2m > [22mRole-Based Permissions Module[2m > [22mROLE_PERMISSIONS mapping (Requirement 8.3)[2m > [22msuper_admin permissions[2m > [22mshould have analytics access[32m 0[2mms[22m[39m
 [32mΓ£ô[39m tests/unit/auth-permissions.test.ts[2m > [22mRole-Based Permissions Module[2m > [22mROLE_PERMISSIONS mapping (Requirement 8.3)[2m > [22msuper_admin permissions[2m > [22mshould have settings management permissions[32m 0[2mms[22m[39m
 [32mΓ£ô[39m tests/unit/auth-permissions.test.ts[2m > [22mRole-Based Permissions Module[2m > [22mROLE_PERMISSIONS mapping (Requirement 8.3)[2m > [22madmin permissions[2m > [22mshould have read-only user access[32m 0[2mms[22m[39m
 [32mΓ£ô[39m tests/unit/auth-permissions.test.ts[2m > [22mRole-Based Permissions Module[2m > [22mROLE_PERMISSIONS mapping (Requirement 8.3)[2m > [22madmin permissions[2m > [22mshould have application management permissions[32m 0[2mms[22m[39m
 [32mΓ£ô[39m tests/unit/auth-permissions.test.ts[2m > [22mRole-Based Permissions Module[2m > [22mROLE_PERMISSIONS mapping (Requirement 8.3)[2m > [22madmin permissions[2m > [22mshould have read-only program access[32m 0[2mms[22m[39m
 [32mΓ£ô[39m tests/unit/auth-permissions.test.ts[2m > [22mRole-Based Permissions Module[2m > [22mROLE_PERMISSIONS mapping (Requirement 8.3)[2m > [22madmin permissions[2m > [22mshould have payment verification permissions[32m 0[2mms[22m[39m
 [32mΓ£ô[39m tests/unit/auth-permissions.test.ts[2m > [22mRole-Based Permissions Module[2m > [22mROLE_PERMISSIONS mapping (Requirement 8.3)[2m > [22madmin permissions[2m > [22mshould have document verification permissions[32m 0[2mms[22m[39m
 [32mΓ£ô[39m tests/unit/auth-permissions.test.ts[2m > [22mRole-Based Permissions Module[2m > [22mROLE_PERMISSIONS mapping (Requirement 8.3)[2m > [22madmin permissions[2m > [22mshould have analytics access[32m 0[2mms[22m[39m
 [32mΓ£ô[39m tests/unit/auth-permissions.test.ts[2m > [22mRole-Based Permissions Module[2m > [22mROLE_PERMISSIONS mapping (Requirement 8.3)[2m > [22madmin permissions[2m > [22mshould NOT have settings management permissions[32m 0[2mms[22m[39m
 [32mΓ£ô[39m tests/unit/auth-permissions.test.ts[2m > [22mRole-Based Permissions Module[2m > [22mROLE_PERMISSIONS mapping (Requirement 8.3)[2m > [22mreviewer permissions[2m > [22mshould have application read and review permissions[32m 0[2mms[22m[39m
 [32mΓ£ô[39m tests/unit/auth-permissions.test.ts[2m > [22mRole-Based Permissions Module[2m > [22mROLE_PERMISSIONS mapping (Requirement 8.3)[2m > [22mreviewer permissions[2m > [22mshould NOT have application write permissions[32m 0[2mms[22m[39m
 [32mΓ£ô[39m tests/unit/auth-permissions.test.ts[2m > [22mRole-Based Permissions Module[2m > [22mROLE_PERMISSIONS mapping (Requirement 8.3)[2m > [22mreviewer permissions[2m > [22mshould have document read permissions[32m 0[2mms[22m[39m
 [32mΓ£ô[39m tests/unit/auth-permissions.test.ts[2m > [22mRole-Based Permissions Module[2m > [22mROLE_PERMISSIONS mapping (Requirement 8.3)[2m > [22mreviewer permissions[2m > [22mshould NOT have document verify permissions[32m 0[2mms[22m[39m
 [32mΓ£ô[39m tests/unit/auth-permissions.test.ts[2m > [22mRole-Based Permissions Module[2m > [22mROLE_PERMISSIONS mapping (Requirement 8.3)[2m > [22mreviewer permissions[2m > [22mshould NOT have user permissions[32m 0[2mms[22m[39m
 [32mΓ£ô[39m tests/unit/auth-permissions.test.ts[2m > [22mRole-Based Permissions Module[2m > [22mROLE_PERMISSIONS mapping (Requirement 8.3)[2m > [22mreviewer permissions[2m > [22mshould NOT have payment permissions[32m 0[2mms[22m[39m
 [32mΓ£ô[39m tests/unit/auth-permissions.test.ts[2m > [22mRole-Based Permissions Module[2m > [22mROLE_PERMISSIONS mapping (Requirement 8.3)[2m > [22mreviewer permissions[2m > [22mshould have limited permissions (only 3)[32m 0[2mms[22m[39m
 [32mΓ£ô[39m tests/unit/auth-permissions.test.ts[2m > [22mRole-Based Permissions Module[2m > [22mROLE_PERMISSIONS mapping (Requirement 8.3)[2m > [22mstudent permissions[2m > [22mshould have own application permissions[32m 0[2mms[22m[39m
 [32mΓ£ô[39m tests/unit/auth-permissions.test.ts[2m > [22mRole-Based Permissions Module[2m > [22mROLE_PERMISSIONS mapping (Requirement 8.3)[2m > [22mstudent permissions[2m > [22mshould NOT have general application permissions[32m 0[2mms[22m[39m
 [32mΓ£ô[39m tests/unit/auth-permissions.test.ts[2m > [22mRole-Based Permissions Module[2m > [22mROLE_PERMISSIONS mapping (Requirement 8.3)[2m > [22mstudent permissions[2m > [22mshould have own document permissions[32m 0[2mms[22m[39m
 [32mΓ£ô[39m tests/unit/auth-permissions.test.ts[2m > [22mRole-Based Permissions Module[2m > [22mROLE_PERMISSIONS mapping (Requirement 8.3)[2m > [22mstudent permissions[2m > [22mshould NOT have general document permissions[32m 0[2mms[22m[39m
 [32mΓ£ô[39m tests/unit/auth-permissions.test.ts[2m > [22mRole-Based Permissions Module[2m > [22mROLE_PERMISSIONS mapping (Requirement 8.3)[2m > [22mstudent permissions[2m > [22mshould have own payment permissions[32m 0[2mms[22m[39m
 [32mΓ£ô[39m tests/unit/auth-permissions.test.ts[2m > [22mRole-Based Permissions Module[2m > [22mROLE_PERMISSIONS mapping (Requirement 8.3)[2m > [22mstudent permissions[2m > [22mshould NOT have general payment permissions[32m 0[2mms[22m[39m
 [32mΓ£ô[39m tests/unit/auth-permissions.test.ts[2m > [22mRole-Based Permissions Module[2m > [22mROLE_PERMISSIONS mapping (Requirement 8.3)[2m > [22mstudent permissions[2m > [22mshould have own profile permissions[32m 0[2mms[22m[39m
 [32mΓ£ô[39m tests/unit/auth-permissions.test.ts[2m > [22mRole-Based Permissions Module[2m > [22mROLE_PERMISSIONS mapping (Requirement 8.3)[2m > [22mstudent permissions[2m > [22mshould NOT have user management permissions[32m 0[2mms[22m[39m
 [32mΓ£ô[39m tests/unit/auth-permissions.test.ts[2m > [22mRole-Based Permissions Module[2m > [22mROLE_PERMISSIONS mapping (Requirement 8.3)[2m > [22mshould have permissions defined for all roles[32m 1[2mms[22m[39m
 [32mΓ£ô[39m tests/unit/auth-permissions.test.ts[2m > [22mRole-Based Permissions Module[2m > [22mgetPermissionsForRole()[2m > [22mshould return permissions for valid roles[32m 0[2mms[22m[39m
 [32mΓ£ô[39m tests/unit/auth-permissions.test.ts[2m > [22mRole-Based Permissions Module[2m > [22mgetPermissionsForRole()[2m > [22mshould return a copy of permissions (not the original array)[32m 83[2mms[22m[39m
 [32mΓ£ô[39m tests/unit/auth-permissions.test.ts[2m > [22mRole-Based Permissions Module[2m > [22mgetPermissionsForRole()[2m > [22mshould return empty array for invalid roles[32m 2[2mms[22m[39m
 [32mΓ£ô[39m tests/unit/auth-permissions.test.ts[2m > [22mRole-Based Permissions Module[2m > [22misValidRole()[2m > [22mshould return true for valid roles[32m 0[2mms[22m[39m
 [32mΓ£ô[39m tests/unit/auth-permissions.test.ts[2m > [22mRole-Based Permissions Module[2m > [22misValidRole()[2m > [22mshould return false for invalid roles[32m 0[2mms[22m[39m
 [32mΓ£ô[39m tests/unit/auth-permissions.test.ts[2m > [22mRole-Based Permissions Module[2m > [22mhasPermission() (Requirement 8.4)[2m > [22mshould return true when user has the permission[32m 0[2mms[22m[39m
 [32mΓ£ô[39m tests/unit/auth-permissions.test.ts[2m > [22mRole-Based Permissions Module[2m > [22mhasPermission() (Requirement 8.4)[2m > [22mshould return false when user lacks the permission[32m 0[2mms[22m[39m
 [32mΓ£ô[39m tests/unit/auth-permissions.test.ts[2m > [22mRole-Based Permissions Module[2m > [22mhasPermission() (Requirement 8.4)[2m > [22mshould return false for empty permissions array[32m 0[2mms[22m[39m
 [32mΓ£ô[39m tests/unit/auth-permissions.test.ts[2m > [22mRole-Based Permissions Module[2m > [22mhasPermission() (Requirement 8.4)[2m > [22mshould return false for invalid permissions input[32m 0[2mms[22m[39m
 [32mΓ£ô[39m tests/unit/auth-permissions.test.ts[2m > [22mRole-Based Permissions Module[2m > [22mhasPermission() (Requirement 8.4)[2m > [22mshould be case-sensitive[32m 0[2mms[22m[39m
 [32mΓ£ô[39m tests/unit/auth-permissions.test.ts[2m > [22mRole-Based Permissions Module[2m > [22mhasAllPermissions()[2m > [22mshould return true when user has all required permissions[32m 0[2mms[22m[39m
 [32mΓ£ô[39m tests/unit/auth-permissions.test.ts[2m > [22mRole-Based Permissions Module[2m > [22mhasAllPermissions()[2m > [22mshould return false when user lacks any required permission[32m 0[2mms[22m[39m
 [32mΓ£ô[39m tests/unit/auth-permissions.test.ts[2m > [22mRole-Based Permissions Module[2m > [22mhasAllPermissions()[2m > [22mshould return true for empty required permissions[32m 0[2mms[22m[39m
 [32mΓ£ô[39m tests/unit/auth-permissions.test.ts[2m > [22mRole-Based Permissions Module[2m > [22mhasAllPermissions()[2m > [22mshould return false for invalid inputs[32m 0[2mms[22m[39m
 [32mΓ£ô[39m tests/unit/auth-permissions.test.ts[2m > [22mRole-Based Permissions Module[2m > [22mhasAnyPermission()[2m > [22mshould return true when user has at least one required permission[32m 0[2mms[22m[39m
 [32mΓ£ô[39m tests/unit/auth-permissions.test.ts[2m > [22mRole-Based Permissions Module[2m > [22mhasAnyPermission()[2m > [22mshould return false when user has none of the required permissions[32m 0[2mms[22m[39m
 [32mΓ£ô[39m tests/unit/auth-permissions.test.ts[2m > [22mRole-Based Permissions Module[2m > [22mhasAnyPermission()[2m > [22mshould return false for empty required permissions[32m 0[2mms[22m[39m
 [32mΓ£ô[39m tests/unit/auth-permissions.test.ts[2m > [22mRole-Based Permissions Module[2m > [22mhasAnyPermission()[2m > [22mshould return false for invalid inputs[32m 0[2mms[22m[39m
 [32mΓ£ô[39m tests/unit/auth-permissions.test.ts[2m > [22mRole-Based Permissions Module[2m > [22mroleHasPermission()[2m > [22mshould return true when role has the permission[32m 0[2mms[22m[39m
 [32mΓ£ô[39m tests/unit/auth-permissions.test.ts[2m > [22mRole-Based Permissions Module[2m > [22mroleHasPermission()[2m > [22mshould return false when role lacks the permission[32m 0[2mms[22m[39m
 [32mΓ£ô[39m tests/unit/auth-permissions.test.ts[2m > [22mRole-Based Permissions Module[2m > [22mroleHasPermission()[2m > [22mshould return false for invalid roles[32m 0[2mms[22m[39m
 [32mΓ£ô[39m tests/unit/auth-permissions.test.ts[2m > [22mRole-Based Permissions Module[2m > [22mgetPermissionDescription()[2m > [22mshould return human-readable description[32m 0[2mms[22m[39m
 [32mΓ£ô[39m tests/unit/auth-permissions.test.ts[2m > [22mRole-Based Permissions Module[2m > [22mgetPermissionDescription()[2m > [22mshould handle _own suffix[32m 0[2mms[22m[39m
 [32mΓ£ô[39m tests/unit/auth-permissions.test.ts[2m > [22mRole-Based Permissions Module[2m > [22mgetPermissionDescription()[2m > [22mshould return original string for invalid format[32m 0[2mms[22m[39m
 [32mΓ£ô[39m tests/unit/auth-permissions.test.ts[2m > [22mRole-Based Permissions Module[2m > [22mgetAllPermissionsGrouped()[2m > [22mshould return permissions grouped by resource[32m 0[2mms[22m[39m
 [32mΓ£ô[39m tests/unit/auth-permissions.test.ts[2m > [22mRole-Based Permissions Module[2m > [22mgetAllPermissionsGrouped()[2m > [22mshould include all unique permissions[32m 0[2mms[22m[39m
 [32mΓ£ô[39m tests/unit/auth-permissions.test.ts[2m > [22mRole-Based Permissions Module[2m > [22mgetAllPermissionsGrouped()[2m > [22mshould sort permissions within each group[32m 0[2mms[22m[39m
 [32mΓ£ô[39m tests/unit/auth-permissions.test.ts[2m > [22mRole-Based Permissions Module[2m > [22mPermission determinism (Requirement 8.3)[2m > [22mshould return identical permissions across multiple invocations[32m 0[2mms[22m[39m
 [32mΓ£ô[39m tests/unit/auth-permissions.test.ts[2m > [22mRole-Based Permissions Module[2m > [22mPermission determinism (Requirement 8.3)[2m > [22mshould not require database access for permission checks[32m 1[2mms[22m[39m
 [32mΓ£ô[39m tests/unit/auth-permissions.test.ts[2m > [22mRole-Based Permissions Module[2m > [22mPermission determinism (Requirement 8.3)[2m > [22mshould have immutable role permissions[32m 0[2mms[22m[39m
 [32mΓ£ô[39m tests/integration/auth-flows.integration.test.ts[2m > [22mAuth Integration Tests (Custom JWT with HTTP-only Cookies)[2m > [22mRegistration Flow (Requirement 9.1)[2m > [22mshould complete registration flow with valid credentials[32m 89[2mms[22m[39m
 [32mΓ£ô[39m tests/integration/auth-flows.integration.test.ts[2m > [22mAuth Integration Tests (Custom JWT with HTTP-only Cookies)[2m > [22mRegistration Flow (Requirement 9.1)[2m > [22mshould handle registration with existing email[32m 1[2mms[22m[39m
 [32mΓ£ô[39m tests/integration/auth-flows.integration.test.ts[2m > [22mAuth Integration Tests (Custom JWT with HTTP-only Cookies)[2m > [22mRegistration Flow (Requirement 9.1)[2m > [22mshould handle registration with weak password[32m 0[2mms[22m[39m
 [32mΓ£ô[39m tests/integration/auth-flows.integration.test.ts[2m > [22mAuth Integration Tests (Custom JWT with HTTP-only Cookies)[2m > [22mLogin Flow (Requirement 9.2)[2m > [22mshould complete login flow with valid credentials[32m 1[2mms[22m[39m
 [32mΓ£ô[39m tests/integration/auth-flows.integration.test.ts[2m > [22mAuth Integration Tests (Custom JWT with HTTP-only Cookies)[2m > [22mLogin Flow (Requirement 9.2)[2m > [22mshould handle login with invalid credentials[32m 0[2mms[22m[39m
 [32mΓ£ô[39m tests/integration/auth-flows.integration.test.ts[2m > [22mAuth Integration Tests (Custom JWT with HTTP-only Cookies)[2m > [22mLogin Flow (Requirement 9.2)[2m > [22mshould not reveal whether email exists on login failure[32m 0[2mms[22m[39m
 [32mΓ£ô[39m tests/integration/auth-flows.integration.test.ts[2m > [22mAuth Integration Tests (Custom JWT with HTTP-only Cookies)[2m > [22mSession Management (Requirement 9.3)[2m > [22mshould retrieve active session from cookie[32m 0[2mms[22m[39m
 [32mΓ£ô[39m tests/integration/auth-flows.integration.test.ts[2m > [22mAuth Integration Tests (Custom JWT with HTTP-only Cookies)[2m > [22mSession Management (Requirement 9.3)[2m > [22mshould handle no active session (not authenticated)[32m 0[2mms[22m[39m
 [32mΓ£ô[39m tests/integration/auth-flows.integration.test.ts[2m > [22mAuth Integration Tests (Custom JWT with HTTP-only Cookies)[2m > [22mSession Management (Requirement 9.3)[2m > [22mshould handle logout correctly (clears cookies)[32m 0[2mms[22m[39m
 [32mΓ£ô[39m tests/integration/auth-flows.integration.test.ts[2m > [22mAuth Integration Tests (Custom JWT with HTTP-only Cookies)[2m > [22mSession Management (Requirement 9.3)[2m > [22mshould refresh session with valid refresh token[32m 0[2mms[22m[39m
 [32mΓ£ô[39m tests/integration/auth-flows.integration.test.ts[2m > [22mAuth Integration Tests (Custom JWT with HTTP-only Cookies)[2m > [22mRole-Based Access Control (Requirement 9.4)[2m > [22mshould return correct role structure for student[32m 1[2mms[22m[39m
 [32mΓ£ô[39m tests/integration/auth-flows.integration.test.ts[2m > [22mAuth Integration Tests (Custom JWT with HTTP-only Cookies)[2m > [22mRole-Based Access Control (Requirement 9.4)[2m > [22mshould return correct role structure for admin[32m 0[2mms[22m[39m
 [32mΓ£ô[39m tests/integration/auth-flows.integration.test.ts[2m > [22mAuth Integration Tests (Custom JWT with HTTP-only Cookies)[2m > [22mRole-Based Access Control (Requirement 9.4)[2m > [22mshould return correct role structure for super_admin[32m 0[2mms[22m[39m
 [32mΓ£ô[39m tests/integration/auth-flows.integration.test.ts[2m > [22mAuth Integration Tests (Custom JWT with HTTP-only Cookies)[2m > [22mPassword Reset Flow (Requirement 9.5)[2m > [22mshould request password reset successfully[32m 0[2mms[22m[39m
 [32mΓ£ô[39m tests/integration/auth-flows.integration.test.ts[2m > [22mAuth Integration Tests (Custom JWT with HTTP-only Cookies)[2m > [22mPassword Reset Flow (Requirement 9.5)[2m > [22mshould not reveal if email exists during password reset[32m 0[2mms[22m[39m
 [32mΓ£ô[39m tests/integration/auth-flows.integration.test.ts[2m > [22mAuth Integration Tests (Custom JWT with HTTP-only Cookies)[2m > [22mPassword Reset Flow (Requirement 9.5)[2m > [22mshould reset password with valid token[32m 0[2mms[22m[39m
 [32mΓ£ô[39m tests/integration/auth-flows.integration.test.ts[2m > [22mAuth Integration Tests (Custom JWT with HTTP-only Cookies)[2m > [22mPassword Reset Flow (Requirement 9.5)[2m > [22mshould reject invalid reset token[32m 0[2mms[22m[39m
 [32mΓ£ô[39m tests/integration/auth-flows.integration.test.ts[2m > [22mAuth Integration Tests (Custom JWT with HTTP-only Cookies)[2m > [22mError Response Format (Requirement 9.6)[2m > [22mshould return consistent error format for auth failures[32m 0[2mms[22m[39m
 [32mΓ£ô[39m tests/integration/auth-flows.integration.test.ts[2m > [22mAuth Integration Tests (Custom JWT with HTTP-only Cookies)[2m > [22mError Response Format (Requirement 9.6)[2m > [22mshould not expose sensitive data in error messages[32m 0[2mms[22m[39m
 [32mΓ£ô[39m tests/integration/auth-flows.integration.test.ts[2m > [22mAuth Integration Tests (Custom JWT with HTTP-only Cookies)[2m > [22mCookie-Based Auth Verification[2m > [22mshould always use credentials: include for auth requests[32m 1[2mms[22m[39m
 [32mΓ£ô[39m tests/integration/auth-flows.integration.test.ts[2m > [22mAuth Integration Tests (Custom JWT with HTTP-only Cookies)[2m > [22mCookie-Based Auth Verification[2m > [22mshould not use localStorage for token storage[32m 1[2mms[22m[39m
 [32mΓ£ô[39m tests/property/sseBackoff.property.test.ts[2m > [22mProperty 17: Exponential Backoff Implementation[2m > [22mExponential Growth[2m > [22mPROPERTY: Each delay is roughly double the previous (with tolerance for capping)[32m 218[2mms[22m[39m
 [32mΓ£ô[39m tests/property/sseBackoff.property.test.ts[2m > [22mProperty 17: Exponential Backoff Implementation[2m > [22mExponential Growth[2m > [22mPROPERTY: Backoff follows formula initialBackoff * 2^attempt[32m 107[2mms[22m[39m
 [32mΓ£ô[39m tests/property/sseBackoff.property.test.ts[2m > [22mProperty 17: Exponential Backoff Implementation[2m > [22mExponential Growth[2m > [22mPROPERTY: Delays form a non-decreasing sequence[32m 106[2mms[22m[39m
 [32mΓ£ô[39m tests/property/sseBackoff.property.test.ts[2m > [22mProperty 17: Exponential Backoff Implementation[2m > [22mMax Backoff Capping[2m > [22mPROPERTY: Backoff is always capped at maxBackoff[32m 189[2mms[22m[39m
 [32mΓ£ô[39m tests/property/sseBackoff.property.test.ts[2m > [22mProperty 17: Exponential Backoff Implementation[2m > [22mMax Backoff Capping[2m > [22mPROPERTY: Large attempt numbers result in maxBackoff[32m 4[2mms[22m[39m
 [32mΓ£ô[39m tests/property/sseBackoff.property.test.ts[2m > [22mProperty 17: Exponential Backoff Implementation[2m > [22mMax Backoff Capping[2m > [22mPROPERTY: Once maxBackoff is reached, subsequent attempts stay at maxBackoff[32m 195[2mms[22m[39m
 [32mΓ£ô[39m tests/property/sseBackoff.property.test.ts[2m > [22mProperty 17: Exponential Backoff Implementation[2m > [22mInitial Backoff Respect[2m > [22mPROPERTY: First attempt (attempt=0) returns initialBackoff[32m 3[2mms[22m[39m
 [32mΓ£ô[39m tests/property/sseBackoff.property.test.ts[2m > [22mProperty 17: Exponential Backoff Implementation[2m > [22mInitial Backoff Respect[2m > [22mPROPERTY: Backoff is always at least initialBackoff (for attempt >= 0)[32m 4[2mms[22m[39m
 [32mΓ£ô[39m tests/property/sseBackoff.property.test.ts[2m > [22mProperty 17: Exponential Backoff Implementation[2m > [22mInitial Backoff Respect[2m > [22mPROPERTY: Different initial backoffs produce proportionally different delays[32m 93[2mms[22m[39m
 [32mΓ£ô[39m tests/property/sseBackoff.property.test.ts[2m > [22mProperty 17: Exponential Backoff Implementation[2m > [22mEdge Cases[2m > [22mPROPERTY: Attempt 0 is handled correctly[32m 5[2mms[22m[39m
 [32mΓ£ô[39m tests/property/sseBackoff.property.test.ts[2m > [22mProperty 17: Exponential Backoff Implementation[2m > [22mEdge Cases[2m > [22mPROPERTY: Very large attempt numbers do not cause overflow[32m 101[2mms[22m[39m
 [32mΓ£ô[39m tests/property/sseBackoff.property.test.ts[2m > [22mProperty 17: Exponential Backoff Implementation[2m > [22mEdge Cases[2m > [22mPROPERTY: When initialBackoff equals maxBackoff, all attempts return that value[32m 3[2mms[22m[39m
 [32mΓ£ô[39m tests/property/sseBackoff.property.test.ts[2m > [22mProperty 17: Exponential Backoff Implementation[2m > [22mEdge Cases[2m > [22mPROPERTY: When initialBackoff > maxBackoff, result is capped at maxBackoff[32m 9[2mms[22m[39m
 [32mΓ£ô[39m tests/property/sseBackoff.property.test.ts[2m > [22mProperty 17: Exponential Backoff Implementation[2m > [22mEdge Cases[2m > [22mPROPERTY: Result is always a positive number[32m 89[2mms[22m[39m
 [32mΓ£ô[39m tests/property/sseBackoff.property.test.ts[2m > [22mProperty 17: Exponential Backoff Implementation[2m > [22mEdge Cases[2m > [22mPROPERTY: Result is always an integer (no fractional milliseconds)[32m 4[2mms[22m[39m
 [32mΓ£ô[39m tests/property/sseBackoff.property.test.ts[2m > [22mProperty 17: Exponential Backoff Implementation[2m > [22mDefault Configuration (1s initial, 30s max)[2m > [22mPROPERTY: Default config produces expected sequence[32m 0[2mms[22m[39m
 [32mΓ£ô[39m tests/property/sseBackoff.property.test.ts[2m > [22mProperty 17: Exponential Backoff Implementation[2m > [22mDefault Configuration (1s initial, 30s max)[2m > [22mPROPERTY: Default config caps at 30 seconds[32m 2[2mms[22m[39m
 [32mΓ£ô[39m tests/property/sseBackoff.property.test.ts[2m > [22mProperty 17: Exponential Backoff Implementation[2m > [22mDefault Configuration (1s initial, 30s max)[2m > [22mPROPERTY: Default config reaches max at attempt 5[32m 0[2mms[22m[39m
 [32mΓ£ô[39m tests/property/sseBackoff.property.test.ts[2m > [22mProperty 17: Exponential Backoff Implementation[2m > [22mMathematical Properties[2m > [22mPROPERTY: Backoff doubles with each attempt (before capping)[32m 5[2mms[22m[39m
 [32mΓ£ô[39m tests/property/sseBackoff.property.test.ts[2m > [22mProperty 17: Exponential Backoff Implementation[2m > [22mMathematical Properties[2m > [22mPROPERTY: Backoff at attempt N is initialBackoff * 2^N (before capping)[32m 2[2mms[22m[39m
 [32mΓ£ô[39m tests/property/sseBackoff.property.test.ts[2m > [22mProperty 17: Exponential Backoff Implementation[2m > [22mMathematical Properties[2m > [22mPROPERTY: Total wait time for N retries is predictable[32m 88[2mms[22m[39m
 [32mΓ£ô[39m tests/property/auth-api.property.test.ts[2m > [22mProperty 7: Token rotation on refresh[2m > [22mCore Token Rotation Property[2m > [22mPROPERTY: Token rotation produces tokens with different issuance times[33m 40015[2mms[22m[39m
 [32mΓ£ô[39m tests/property/auth-api.property.test.ts[2m > [22mProperty 7: Token rotation on refresh[2m > [22mHash Determinism Property[2m > [22mPROPERTY: Same token hashed twice produces identical hashes (SHA-256 determinism)[33m 990[2mms[22m[39m
 [32mΓ£ô[39m tests/property/supabase-complete-removal/sql-safety.property.test.ts[2m > [22mFeature: supabase-complete-removal, Property 4: SQL Parameterization Safety[2m > [22mSettings Operations[2m > [22mPROPERTY: Settings insert SHALL use parameterized query with $1-$6 placeholders[33m 903[2mms[22m[39m
 [32mΓ£ô[39m tests/property/supabase-complete-removal/sql-safety.property.test.ts[2m > [22mFeature: supabase-complete-removal, Property 4: SQL Parameterization Safety[2m > [22mSettings Operations[2m > [22mPROPERTY: SQL injection attempts in setting values SHALL be safely parameterized[32m 202[2mms[22m[39m
 [32mΓ£ô[39m tests/property/supabase-complete-removal/sql-safety.property.test.ts[2m > [22mFeature: supabase-complete-removal, Property 4: SQL Parameterization Safety[2m > [22mSettings Operations[2m > [22mPROPERTY: Delete operations SHALL use parameterized queries[32m 13[2mms[22m[39m
 [32mΓ£ô[39m tests/property/supabase-complete-removal/sql-safety.property.test.ts[2m > [22mFeature: supabase-complete-removal, Property 4: SQL Parameterization Safety[2m > [22mUser Operations[2m > [22mPROPERTY: User lookup SHALL use parameterized email query[33m 307[2mms[22m[39m
 [32mΓ£ô[39m tests/property/supabase-complete-removal/sql-safety.property.test.ts[2m > [22mFeature: supabase-complete-removal, Property 4: SQL Parameterization Safety[2m > [22mUser Operations[2m > [22mPROPERTY: SQL injection in email SHALL be safely parameterized[32m 8[2mms[22m[39m
 [32mΓ£ô[39m tests/property/supabase-complete-removal/sql-safety.property.test.ts[2m > [22mFeature: supabase-complete-removal, Property 4: SQL Parameterization Safety[2m > [22mQuery Validation[2m > [22mPROPERTY: Parameterized query SHALL have matching placeholder and param counts[32m 99[2mms[22m[39m
 [32mΓ£ô[39m tests/property/supabase-complete-removal/sql-safety.property.test.ts[2m > [22mFeature: supabase-complete-removal, Property 4: SQL Parameterization Safety[2m > [22mQuery Validation[2m > [22mPROPERTY: Query without placeholders SHALL be flagged as unsafe for user input[32m 294[2mms[22m[39m
 [32mΓ£ô[39m tests/property/supabase-complete-removal/sql-safety.property.test.ts[2m > [22mFeature: supabase-complete-removal, Property 4: SQL Parameterization Safety[2m > [22mPlaceholder Syntax[2m > [22mPROPERTY: Placeholders SHALL use $N syntax (PostgreSQL style)[32m 294[2mms[22m[39m
 [32mΓ£ô[39m tests/property/supabase-complete-removal/sql-safety.property.test.ts[2m > [22mFeature: supabase-complete-removal, Property 4: SQL Parameterization Safety[2m > [22mPlaceholder Syntax[2m > [22mPROPERTY: Placeholders SHALL be sequential starting from $1[32m 2[2mms[22m[39m
 [32mΓ£ô[39m tests/property/supabase-complete-removal/sql-safety.property.test.ts[2m > [22mEdge Cases[2m > [22mPROPERTY: Empty string values SHALL be safely parameterized[32m 0[2mms[22m[39m
 [32mΓ£ô[39m tests/property/supabase-complete-removal/sql-safety.property.test.ts[2m > [22mEdge Cases[2m > [22mPROPERTY: Very long values SHALL be safely parameterized[32m 293[2mms[22m[39m
 [32mΓ£ô[39m tests/property/supabase-complete-removal/sql-safety.property.test.ts[2m > [22mEdge Cases[2m > [22mPROPERTY: Special characters SHALL be safely parameterized[32m 1[2mms[22m[39m
 [32mΓ£ô[39m tests/property/supabase-complete-removal/sql-safety.property.test.ts[2m > [22mEdge Cases[2m > [22mPROPERTY: Unicode characters SHALL be safely parameterized[32m 11[2mms[22m[39m
 [32mΓ£ô[39m tests/property/auth-api.property.test.ts[2m > [22mProperty 8: Replay attack prevention[2m > [22mCore Replay Attack Prevention Property[2m > [22mPROPERTY: For any refresh token used once, subsequent use SHALL be rejected (hash mismatch)[33m 26797[2mms[22m[39m
 [32mΓ£ô[39m tests/property/auth-api.property.test.ts[2m > [22mProperty 8: Replay attack prevention[2m > [22mCore Replay Attack Prevention Property[2m > [22mPROPERTY: A token only verifies against its own hash[33m 22400[2mms[22m[39m
 [32mΓ£ô[39m tests/property/auth-api.property.test.ts[2m > [22mProperty 8: Replay attack prevention[2m > [22mMultiple Rotation Scenario[2m > [22mPROPERTY: After multiple rotations, all previous tokens fail verification[33m 20599[2mms[22m[39m
 [32mΓ£ô[39m tests/integration/schemaVerification.test.ts[2m > [22mSchema Verification ΓÇö Core Entity Tables[2m > [22mshould have all 9 Core_Entity migration files present[32m 2[2mms[22m[39m
 [32mΓ£ô[39m tests/integration/schemaVerification.test.ts[2m > [22mSchema Verification ΓÇö Core Entity Tables[2m > [22mTable existence in migration files[2m > [22mshould define CREATE TABLE for "profiles" in 002_core_schema.sql[32m 2[2mms[22m[39m
 [32mΓ£ô[39m tests/integration/schemaVerification.test.ts[2m > [22mSchema Verification ΓÇö Core Entity Tables[2m > [22mTable existence in migration files[2m > [22mshould define CREATE TABLE for "applications" in 002_core_schema.sql[32m 0[2mms[22m[39m
 [32mΓ£ô[39m tests/integration/schemaVerification.test.ts[2m > [22mSchema Verification ΓÇö Core Entity Tables[2m > [22mTable existence in migration files[2m > [22mshould define CREATE TABLE for "application_documents" in 002_core_schema.sql[32m 0[2mms[22m[39m
 [32mΓ£ô[39m tests/integration/schemaVerification.test.ts[2m > [22mSchema Verification ΓÇö Core Entity Tables[2m > [22mTable existence in migration files[2m > [22mshould define CREATE TABLE for "notifications" in 002_core_schema.sql[32m 0[2mms[22m[39m
 [32mΓ£ô[39m tests/integration/schemaVerification.test.ts[2m > [22mSchema Verification ΓÇö Core Entity Tables[2m > [22mTable existence in migration files[2m > [22mshould define CREATE TABLE for "user_notification_preferences" in 003_supporting_tables.sql[32m 1[2mms[22m[39m
 [32mΓ£ô[39m tests/integration/schemaVerification.test.ts[2m > [22mSchema Verification ΓÇö Core Entity Tables[2m > [22mTable existence in migration files[2m > [22mshould define CREATE TABLE for "programs" in 002_core_schema.sql[32m 0[2mms[22m[39m
 [32mΓ£ô[39m tests/integration/schemaVerification.test.ts[2m > [22mSchema Verification ΓÇö Core Entity Tables[2m > [22mTable existence in migration files[2m > [22mshould define CREATE TABLE for "intakes" in 002_core_schema.sql[32m 0[2mms[22m[39m
 [32mΓ£ô[39m tests/integration/schemaVerification.test.ts[2m > [22mSchema Verification ΓÇö Core Entity Tables[2m > [22mTable existence in migration files[2m > [22mshould define CREATE TABLE for "institutions" in 002_core_schema.sql[32m 0[2mms[22m[39m
 [32mΓ£ô[39m tests/integration/schemaVerification.test.ts[2m > [22mSchema Verification ΓÇö Core Entity Tables[2m > [22mTable existence in migration files[2m > [22mshould define CREATE TABLE for "audit_logs" in 002_core_schema.sql[32m 1[2mms[22m[39m
 [32mΓ£ô[39m tests/integration/schemaVerification.test.ts[2m > [22mSchema Verification ΓÇö Core Entity Tables[2m > [22mRequired columns with correct data types[2m > [22mprofiles[2m > [22mshould have column "id" with type UUID[32m 0[2mms[22m[39m
 [32mΓ£ô[39m tests/integration/schemaVerification.test.ts[2m > [22mSchema Verification ΓÇö Core Entity Tables[2m > [22mRequired columns with correct data types[2m > [22mprofiles[2m > [22mshould have column "email" with type VARCHAR[32m 0[2mms[22m[39m
 [32mΓ£ô[39m tests/integration/schemaVerification.test.ts[2m > [22mSchema Verification ΓÇö Core Entity Tables[2m > [22mRequired columns with correct data types[2m > [22mprofiles[2m > [22mshould have column "role" with type VARCHAR[32m 0[2mms[22m[39m
 [32mΓ£ô[39m tests/integration/schemaVerification.test.ts[2m > [22mSchema Verification ΓÇö Core Entity Tables[2m > [22mRequired columns with correct data types[2m > [22mprofiles[2m > [22mshould have column "first_name" with type VARCHAR[32m 0[2mms[22m[39m
 [32mΓ£ô[39m tests/integration/schemaVerification.test.ts[2m > [22mSchema Verification ΓÇö Core Entity Tables[2m > [22mRequired columns with correct data types[2m > [22mprofiles[2m > [22mshould have column "last_name" with type VARCHAR[32m 0[2mms[22m[39m
 [32mΓ£ô[39m tests/integration/schemaVerification.test.ts[2m > [22mSchema Verification ΓÇö Core Entity Tables[2m > [22mRequired columns with correct data types[2m > [22mprofiles[2m > [22mshould have column "phone" with type VARCHAR[32m 0[2mms[22m[39m
 [32mΓ£ô[39m tests/integration/schemaVerification.test.ts[2m > [22mSchema Verification ΓÇö Core Entity Tables[2m > [22mRequired columns with correct data types[2m > [22mprofiles[2m > [22mshould have column "is_active" with type BOOLEAN[32m 0[2mms[22m[39m
 [32mΓ£ô[39m tests/integration/schemaVerification.test.ts[2m > [22mSchema Verification ΓÇö Core Entity Tables[2m > [22mRequired columns with correct data types[2m > [22mprofiles[2m > [22mshould have column "password_hash" with type TEXT[32m 0[2mms[22m[39m
 [32mΓ£ô[39m tests/integration/schemaVerification.test.ts[2m > [22mSchema Verification ΓÇö Core Entity Tables[2m > [22mRequired columns with correct data types[2m > [22mprofiles[2m > [22mshould have column "refresh_token_hash" with type TEXT[32m 0[2mms[22m[39m
 [32mΓ£ô[39m tests/integration/schemaVerification.test.ts[2m > [22mSchema Verification ΓÇö Core Entity Tables[2m > [22mRequired columns with correct data types[2m > [22mprofiles[2m > [22mshould have column "failed_login_attempts" with type INTEGER[32m 0[2mms[22m[39m
 [32mΓ£ô[39m tests/integration/schemaVerification.test.ts[2m > [22mSchema Verification ΓÇö Core Entity Tables[2m > [22mRequired columns with correct data types[2m > [22mprofiles[2m > [22mshould have column "locked_until" with type TIMESTAMPTZ[32m 0[2mms[22m[39m
 [32mΓ£ô[39m tests/integration/schemaVerification.test.ts[2m > [22mSchema Verification ΓÇö Core Entity Tables[2m > [22mRequired columns with correct data types[2m > [22mprofiles[2m > [22mshould have column "password_changed_at" with type TIMESTAMPTZ[32m 0[2mms[22m[39m
 [32mΓ£ô[39m tests/integration/schemaVerification.test.ts[2m > [22mSchema Verification ΓÇö Core Entity Tables[2m > [22mRequired columns with correct data types[2m > [22mprofiles[2m > [22mshould have column "created_at" with type TIMESTAMPTZ[32m 0[2mms[22m[39m
 [32mΓ£ô[39m tests/integration/schemaVerification.test.ts[2m > [22mSchema Verification ΓÇö Core Entity Tables[2m > [22mRequired columns with correct data types[2m > [22mprofiles[2m > [22mshould have column "updated_at" with type TIMESTAMPTZ[32m 0[2mms[22m[39m
 [32mΓ£ô[39m tests/integration/schemaVerification.test.ts[2m > [22mSchema Verification ΓÇö Core Entity Tables[2m > [22mRequired columns with correct data types[2m > [22mapplications[2m > [22mshould have column "id" with type UUID[32m 0[2mms[22m[39m
 [32mΓ£ô[39m tests/integration/schemaVerification.test.ts[2m > [22mSchema Verification ΓÇö Core Entity Tables[2m > [22mRequired columns with correct data types[2m > [22mapplications[2m > [22mshould have column "application_number" with type VARCHAR[32m 0[2mms[22m[39m
 [32mΓ£ô[39m tests/integration/schemaVerification.test.ts[2m > [22mSchema Verification ΓÇö Core Entity Tables[2m > [22mRequired columns with correct data types[2m > [22mapplications[2m > [22mshould have column "user_id" with type UUID[32m 0[2mms[22m[39m
 [32mΓ£ô[39m tests/integration/schemaVerification.test.ts[2m > [22mSchema Verification ΓÇö Core Entity Tables[2m > [22mRequired columns with correct data types[2m > [22mapplications[2m > [22mshould have column "status" with type VARCHAR[32m 0[2mms[22m[39m
 [32mΓ£ô[39m tests/integration/schemaVerification.test.ts[2m > [22mSchema Verification ΓÇö Core Entity Tables[2m > [22mRequired columns with correct data types[2m > [22mapplications[2m > [22mshould have column "program" with type VARCHAR[32m 0[2mms[22m[39m
 [32mΓ£ô[39m tests/integration/schemaVerification.test.ts[2m > [22mSchema Verification ΓÇö Core Entity Tables[2m > [22mRequired columns with correct data types[2m > [22mapplications[2m > [22mshould have column "intake" with type VARCHAR[32m 0[2mms[22m[39m
 [32mΓ£ô[39m tests/integration/schemaVerification.test.ts[2m > [22mSchema Verification ΓÇö Core Entity Tables[2m > [22mRequired columns with correct data types[2m > [22mapplications[2m > [22mshould have column "institution" with type VARCHAR[32m 0[2mms[22m[39m
 [32mΓ£ô[39m tests/integration/schemaVerification.test.ts[2m > [22mSchema Verification ΓÇö Core Entity Tables[2m > [22mRequired columns with correct data types[2m > [22mapplications[2m > [22mshould have column "payment_status" with type VARCHAR[32m 0[2mms[22m[39m
 [32mΓ£ô[39m tests/integration/schemaVerification.test.ts[2m > [22mSchema Verification ΓÇö Core Entity Tables[2m > [22mRequired columns with correct data types[2m > [22mapplications[2m > [22mshould have column "created_at" with type TIMESTAMPTZ[32m 0[2mms[22m[39m
 [32mΓ£ô[39m tests/integration/schemaVerification.test.ts[2m > [22mSchema Verification ΓÇö Core Entity Tables[2m > [22mRequired columns with correct data types[2m > [22mapplications[2m > [22mshould have column "updated_at" with type TIMESTAMPTZ[32m 0[2mms[22m[39m
 [32mΓ£ô[39m tests/integration/schemaVerification.test.ts[2m > [22mSchema Verification ΓÇö Core Entity Tables[2m > [22mRequired columns with correct data types[2m > [22mapplication_documents[2m > [22mshould have column "id" with type UUID[32m 0[2mms[22m[39m
 [32mΓ£ô[39m tests/integration/schemaVerification.test.ts[2m > [22mSchema Verification ΓÇö Core Entity Tables[2m > [22mRequired columns with correct data types[2m > [22mapplication_documents[2m > [22mshould have column "application_id" with type UUID[32m 0[2mms[22m[39m
 [32mΓ£ô[39m tests/integration/schemaVerification.test.ts[2m > [22mSchema Verification ΓÇö Core Entity Tables[2m > [22mRequired columns with correct data types[2m > [22mapplication_documents[2m > [22mshould have column "document_type" with type VARCHAR[32m 0[2mms[22m[39m
 [32mΓ£ô[39m tests/integration/schemaVerification.test.ts[2m > [22mSchema Verification ΓÇö Core Entity Tables[2m > [22mRequired columns with correct data types[2m > [22mapplication_documents[2m > [22mshould have column "document_name" with type VARCHAR[32m 0[2mms[22m[39m
 [32mΓ£ô[39m tests/integration/schemaVerification.test.ts[2m > [22mSchema Verification ΓÇö Core Entity Tables[2m > [22mRequired columns with correct data types[2m > [22mapplication_documents[2m > [22mshould have column "file_url" with type TEXT[32m 0[2mms[22m[39m
 [32mΓ£ô[39m tests/integration/schemaVerification.test.ts[2m > [22mSchema Verification ΓÇö Core Entity Tables[2m > [22mRequired columns with correct data types[2m > [22mapplication_documents[2m > [22mshould have column "mime_type" with type VARCHAR[32m 0[2mms[22m[39m
 [32mΓ£ô[39m tests/integration/schemaVerification.test.ts[2m > [22mSchema Verification ΓÇö Core Entity Tables[2m > [22mRequired columns with correct data types[2m > [22mapplication_documents[2m > [22mshould have column "system_generated" with type BOOLEAN[32m 0[2mms[22m[39m
 [32mΓ£ô[39m tests/integration/schemaVerification.test.ts[2m > [22mSchema Verification ΓÇö Core Entity Tables[2m > [22mRequired columns with correct data types[2m > [22mapplication_documents[2m > [22mshould have column "verification_status" with type VARCHAR[32m 1[2mms[22m[39m
 [32mΓ£ô[39m tests/integration/schemaVerification.test.ts[2m > [22mSchema Verification ΓÇö Core Entity Tables[2m > [22mRequired columns with correct data types[2m > [22mapplication_documents[2m > [22mshould have column "created_at" with type TIMESTAMPTZ[32m 0[2mms[22m[39m
 [32mΓ£ô[39m tests/integration/schemaVerification.test.ts[2m > [22mSchema Verification ΓÇö Core Entity Tables[2m > [22mRequired columns with correct data types[2m > [22mapplication_documents[2m > [22mshould have column "updated_at" with type TIMESTAMPTZ[32m 0[2mms[22m[39m
 [32mΓ£ô[39m tests/integration/schemaVerification.test.ts[2m > [22mSchema Verification ΓÇö Core Entity Tables[2m > [22mRequired columns with correct data types[2m > [22mnotifications[2m > [22mshould have column "id" with type UUID[32m 0[2mms[22m[39m
 [32mΓ£ô[39m tests/integration/schemaVerification.test.ts[2m > [22mSchema Verification ΓÇö Core Entity Tables[2m > [22mRequired columns with correct data types[2m > [22mnotifications[2m > [22mshould have column "user_id" with type UUID[32m 0[2mms[22m[39m
 [32mΓ£ô[39m tests/integration/schemaVerification.test.ts[2m > [22mSchema Verification ΓÇö Core Entity Tables[2m > [22mRequired columns with correct data types[2m > [22mnotifications[2m > [22mshould have column "title" with type VARCHAR[32m 0[2mms[22m[39m
 [32mΓ£ô[39m tests/integration/schemaVerification.test.ts[2m > [22mSchema Verification ΓÇö Core Entity Tables[2m > [22mRequired columns with correct data types[2m > [22mnotifications[2m > [22mshould have column "message" with type TEXT[32m 0[2mms[22m[39m
 [32mΓ£ô[39m tests/integration/schemaVerification.test.ts[2m > [22mSchema Verification ΓÇö Core Entity Tables[2m > [22mRequired columns with correct data types[2m > [22mnotifications[2m > [22mshould have column "type" with type VARCHAR[32m 0[2mms[22m[39m
 [32mΓ£ô[39m tests/integration/schemaVerification.test.ts[2m > [22mSchema Verification ΓÇö Core Entity Tables[2m > [22mRequired columns with correct data types[2m > [22mnotifications[2m > [22mshould have column "is_read" with type BOOLEAN[32m 0[2mms[22m[39m
 [32mΓ£ô[39m tests/integration/schemaVerification.test.ts[2m > [22mSchema Verification ΓÇö Core Entity Tables[2m > [22mRequired columns with correct data types[2m > [22mnotifications[2m > [22mshould have column "created_at" with type TIMESTAMPTZ[32m 0[2mms[22m[39m
 [32mΓ£ô[39m tests/integration/schemaVerification.test.ts[2m > [22mSchema Verification ΓÇö Core Entity Tables[2m > [22mRequired columns with correct data types[2m > [22mnotifications[2m > [22mshould have column "updated_at" with type TIMESTAMPTZ[32m 0[2mms[22m[39m
 [32mΓ£ô[39m tests/integration/schemaVerification.test.ts[2m > [22mSchema Verification ΓÇö Core Entity Tables[2m > [22mRequired columns with correct data types[2m > [22muser_notification_preferences[2m > [22mshould have column "id" with type UUID[32m 0[2mms[22m[39m
 [32mΓ£ô[39m tests/integration/schemaVerification.test.ts[2m > [22mSchema Verification ΓÇö Core Entity Tables[2m > [22mRequired columns with correct data types[2m > [22muser_notification_preferences[2m > [22mshould have column "user_id" with type UUID[32m 0[2mms[22m[39m
 [32mΓ£ô[39m tests/integration/schemaVerification.test.ts[2m > [22mSchema Verification ΓÇö Core Entity Tables[2m > [22mRequired columns with correct data types[2m > [22muser_notification_preferences[2m > [22mshould have column "email_enabled" with type BOOLEAN[32m 0[2mms[22m[39m
 [32mΓ£ô[39m tests/integration/schemaVerification.test.ts[2m > [22mSchema Verification ΓÇö Core Entity Tables[2m > [22mRequired columns with correct data types[2m > [22muser_notification_preferences[2m > [22mshould have column "push_enabled" with type BOOLEAN[32m 0[2mms[22m[39m
 [32mΓ£ô[39m tests/integration/schemaVerification.test.ts[2m > [22mSchema Verification ΓÇö Core Entity Tables[2m > [22mRequired columns with correct data types[2m > [22muser_notification_preferences[2m > [22mshould have column "sms_enabled" with type BOOLEAN[32m 0[2mms[22m[39m
 [32mΓ£ô[39m tests/integration/schemaVerification.test.ts[2m > [22mSchema Verification ΓÇö Core Entity Tables[2m > [22mRequired columns with correct data types[2m > [22muser_notification_preferences[2m > [22mshould have column "created_at" with type TIMESTAMPTZ[32m 0[2mms[22m[39m
 [32mΓ£ô[39m tests/integration/schemaVerification.test.ts[2m > [22mSchema Verification ΓÇö Core Entity Tables[2m > [22mRequired columns with correct data types[2m > [22muser_notification_preferences[2m > [22mshould have column "updated_at" with type TIMESTAMPTZ[32m 0[2mms[22m[39m
 [32mΓ£ô[39m tests/integration/schemaVerification.test.ts[2m > [22mSchema Verification ΓÇö Core Entity Tables[2m > [22mRequired columns with correct data types[2m > [22mprograms[2m > [22mshould have column "id" with type UUID[32m 0[2mms[22m[39m
 [32mΓ£ô[39m tests/integration/schemaVerification.test.ts[2m > [22mSchema Verification ΓÇö Core Entity Tables[2m > [22mRequired columns with correct data types[2m > [22mprograms[2m > [22mshould have column "name" with type VARCHAR[32m 0[2mms[22m[39m
 [32mΓ£ô[39m tests/integration/schemaVerification.test.ts[2m > [22mSchema Verification ΓÇö Core Entity Tables[2m > [22mRequired columns with correct data types[2m > [22mprograms[2m > [22mshould have column "code" with type VARCHAR[32m 0[2mms[22m[39m
 [32mΓ£ô[39m tests/integration/schemaVerification.test.ts[2m > [22mSchema Verification ΓÇö Core Entity Tables[2m > [22mRequired columns with correct data types[2m > [22mprograms[2m > [22mshould have column "is_active" with type BOOLEAN[32m 0[2mms[22m[39m
 [32mΓ£ô[39m tests/integration/schemaVerification.test.ts[2m > [22mSchema Verification ΓÇö Core Entity Tables[2m > [22mRequired columns with correct data types[2m > [22mprograms[2m > [22mshould have column "created_at" with type TIMESTAMPTZ[32m 0[2mms[22m[39m
 [32mΓ£ô[39m tests/integration/schemaVerification.test.ts[2m > [22mSchema Verification ΓÇö Core Entity Tables[2m > [22mRequired columns with correct data types[2m > [22mprograms[2m > [22mshould have column "updated_at" with type TIMESTAMPTZ[32m 0[2mms[22m[39m
 [32mΓ£ô[39m tests/integration/schemaVerification.test.ts[2m > [22mSchema Verification ΓÇö Core Entity Tables[2m > [22mRequired columns with correct data types[2m > [22mintakes[2m > [22mshould have column "id" with type UUID[32m 0[2mms[22m[39m
 [32mΓ£ô[39m tests/integration/schemaVerification.test.ts[2m > [22mSchema Verification ΓÇö Core Entity Tables[2m > [22mRequired columns with correct data types[2m > [22mintakes[2m > [22mshould have column "name" with type VARCHAR[32m 0[2mms[22m[39m
 [32mΓ£ô[39m tests/integration/schemaVerification.test.ts[2m > [22mSchema Verification ΓÇö Core Entity Tables[2m > [22mRequired columns with correct data types[2m > [22mintakes[2m > [22mshould have column "application_deadline" with type DATE[32m 0[2mms[22m[39m
 [32mΓ£ô[39m tests/integration/schemaVerification.test.ts[2m > [22mSchema Verification ΓÇö Core Entity Tables[2m > [22mRequired columns with correct data types[2m > [22mintakes[2m > [22mshould have column "is_active" with type BOOLEAN[32m 1[2mms[22m[39m
 [32mΓ£ô[39m tests/integration/schemaVerification.test.ts[2m > [22mSchema Verification ΓÇö Core Entity Tables[2m > [22mRequired columns with correct data types[2m > [22mintakes[2m > [22mshould have column "created_at" with type TIMESTAMPTZ[32m 0[2mms[22m[39m
 [32mΓ£ô[39m tests/integration/schemaVerification.test.ts[2m > [22mSchema Verification ΓÇö Core Entity Tables[2m > [22mRequired columns with correct data types[2m > [22mintakes[2m > [22mshould have column "updated_at" with type TIMESTAMPTZ[32m 0[2mms[22m[39m
 [32mΓ£ô[39m tests/integration/schemaVerification.test.ts[2m > [22mSchema Verification ΓÇö Core Entity Tables[2m > [22mRequired columns with correct data types[2m > [22minstitutions[2m > [22mshould have column "id" with type UUID[32m 0[2mms[22m[39m
 [32mΓ£ô[39m tests/integration/schemaVerification.test.ts[2m > [22mSchema Verification ΓÇö Core Entity Tables[2m > [22mRequired columns with correct data types[2m > [22minstitutions[2m > [22mshould have column "name" with type VARCHAR[32m 0[2mms[22m[39m
 [32mΓ£ô[39m tests/integration/schemaVerification.test.ts[2m > [22mSchema Verification ΓÇö Core Entity Tables[2m > [22mRequired columns with correct data types[2m > [22minstitutions[2m > [22mshould have column "code" with type VARCHAR[32m 0[2mms[22m[39m
 [32mΓ£ô[39m tests/integration/schemaVerification.test.ts[2m > [22mSchema Verification ΓÇö Core Entity Tables[2m > [22mRequired columns with correct data types[2m > [22minstitutions[2m > [22mshould have column "is_active" with type BOOLEAN[32m 0[2mms[22m[39m
 [32mΓ£ô[39m tests/integration/schemaVerification.test.ts[2m > [22mSchema Verification ΓÇö Core Entity Tables[2m > [22mRequired columns with correct data types[2m > [22minstitutions[2m > [22mshould have column "created_at" with type TIMESTAMPTZ[32m 0[2mms[22m[39m
 [32mΓ£ô[39m tests/integration/schemaVerification.test.ts[2m > [22mSchema Verification ΓÇö Core Entity Tables[2m > [22mRequired columns with correct data types[2m > [22minstitutions[2m > [22mshould have column "updated_at" with type TIMESTAMPTZ[32m 0[2mms[22m[39m
 [32mΓ£ô[39m tests/integration/schemaVerification.test.ts[2m > [22mSchema Verification ΓÇö Core Entity Tables[2m > [22mRequired columns with correct data types[2m > [22maudit_logs[2m > [22mshould have column "id" with type UUID[32m 0[2mms[22m[39m
 [32mΓ£ô[39m tests/integration/schemaVerification.test.ts[2m > [22mSchema Verification ΓÇö Core Entity Tables[2m > [22mRequired columns with correct data types[2m > [22maudit_logs[2m > [22mshould have column "actor_id" with type UUID[32m 0[2mms[22m[39m
 [32mΓ£ô[39m tests/integration/schemaVerification.test.ts[2m > [22mSchema Verification ΓÇö Core Entity Tables[2m > [22mRequired columns with correct data types[2m > [22maudit_logs[2m > [22mshould have column "action" with type VARCHAR[32m 0[2mms[22m[39m
 [32mΓ£ô[39m tests/integration/schemaVerification.test.ts[2m > [22mSchema Verification ΓÇö Core Entity Tables[2m > [22mRequired columns with correct data types[2m > [22maudit_logs[2m > [22mshould have column "entity_type" with type VARCHAR[32m 0[2mms[22m[39m
 [32mΓ£ô[39m tests/integration/schemaVerification.test.ts[2m > [22mSchema Verification ΓÇö Core Entity Tables[2m > [22mRequired columns with correct data types[2m > [22maudit_logs[2m > [22mshould have column "entity_id" with type UUID[32m 1[2mms[22m[39m
 [32mΓ£ô[39m tests/integration/schemaVerification.test.ts[2m > [22mSchema Verification ΓÇö Core Entity Tables[2m > [22mRequired columns with correct data types[2m > [22maudit_logs[2m > [22mshould have column "changes" with type JSONB[32m 0[2mms[22m[39m
 [32mΓ£ô[39m tests/integration/schemaVerification.test.ts[2m > [22mSchema Verification ΓÇö Core Entity Tables[2m > [22mRequired columns with correct data types[2m > [22maudit_logs[2m > [22mshould have column "ip_address" with type INET[32m 0[2mms[22m[39m
 [32mΓ£ô[39m tests/integration/schemaVerification.test.ts[2m > [22mSchema Verification ΓÇö Core Entity Tables[2m > [22mRequired columns with correct data types[2m > [22maudit_logs[2m > [22mshould have column "created_at" with type TIMESTAMPTZ[32m 0[2mms[22m[39m
 [32mΓ£ô[39m tests/integration/schemaVerification.test.ts[2m > [22mSchema Verification ΓÇö Core Entity Tables[2m > [22mNOT NULL constraints on required columns[2m > [22mprofiles[2m > [22mshould enforce NOT NULL on "id"[32m 0[2mms[22m[39m
 [32mΓ£ô[39m tests/integration/schemaVerification.test.ts[2m > [22mSchema Verification ΓÇö Core Entity Tables[2m > [22mNOT NULL constraints on required columns[2m > [22mprofiles[2m > [22mshould enforce NOT NULL on "email"[32m 83[2mms[22m[39m
 [32mΓ£ô[39m tests/integration/schemaVerification.test.ts[2m > [22mSchema Verification ΓÇö Core Entity Tables[2m > [22mNOT NULL constraints on required columns[2m > [22mapplications[2m > [22mshould enforce NOT NULL on "id"[32m 0[2mms[22m[39m
 [32mΓ£ô[39m tests/integration/schemaVerification.test.ts[2m > [22mSchema Verification ΓÇö Core Entity Tables[2m > [22mNOT NULL constraints on required columns[2m > [22mapplications[2m > [22mshould enforce NOT NULL on "application_number"[32m 0[2mms[22m[39m
 [32mΓ£ô[39m tests/integration/schemaVerification.test.ts[2m > [22mSchema Verification ΓÇö Core Entity Tables[2m > [22mNOT NULL constraints on required columns[2m > [22mapplications[2m > [22mshould enforce NOT NULL on "user_id"[32m 0[2mms[22m[39m
 [32mΓ£ô[39m tests/integration/schemaVerification.test.ts[2m > [22mSchema Verification ΓÇö Core Entity Tables[2m > [22mNOT NULL constraints on required columns[2m > [22mapplications[2m > [22mshould enforce NOT NULL on "status"[32m 0[2mms[22m[39m
 [32mΓ£ô[39m tests/integration/schemaVerification.test.ts[2m > [22mSchema Verification ΓÇö Core Entity Tables[2m > [22mNOT NULL constraints on required columns[2m > [22mapplications[2m > [22mshould enforce NOT NULL on "program"[32m 0[2mms[22m[39m
 [32mΓ£ô[39m tests/integration/schemaVerification.test.ts[2m > [22mSchema Verification ΓÇö Core Entity Tables[2m > [22mNOT NULL constraints on required columns[2m > [22mapplications[2m > [22mshould enforce NOT NULL on "intake"[32m 0[2mms[22m[39m
 [32mΓ£ô[39m tests/integration/schemaVerification.test.ts[2m > [22mSchema Verification ΓÇö Core Entity Tables[2m > [22mNOT NULL constraints on required columns[2m > [22mapplications[2m > [22mshould enforce NOT NULL on "institution"[32m 0[2mms[22m[39m
 [32mΓ£ô[39m tests/integration/schemaVerification.test.ts[2m > [22mSchema Verification ΓÇö Core Entity Tables[2m > [22mNOT NULL constraints on required columns[2m > [22mapplication_documents[2m > [22mshould enforce NOT NULL on "id"[32m 0[2mms[22m[39m
 [32mΓ£ô[39m tests/integration/schemaVerification.test.ts[2m > [22mSchema Verification ΓÇö Core Entity Tables[2m > [22mNOT NULL constraints on required columns[2m > [22mapplication_documents[2m > [22mshould enforce NOT NULL on "application_id"[32m 3[2mms[22m[39m
 [32mΓ£ô[39m tests/integration/schemaVerification.test.ts[2m > [22mSchema Verification ΓÇö Core Entity Tables[2m > [22mNOT NULL constraints on required columns[2m > [22mapplication_documents[2m > [22mshould enforce NOT NULL on "document_type"[32m 0[2mms[22m[39m
 [32mΓ£ô[39m tests/integration/schemaVerification.test.ts[2m > [22mSchema Verification ΓÇö Core Entity Tables[2m > [22mNOT NULL constraints on required columns[2m > [22mapplication_documents[2m > [22mshould enforce NOT NULL on "document_name"[32m 0[2mms[22m[39m
 [32mΓ£ô[39m tests/integration/schemaVerification.test.ts[2m > [22mSchema Verification ΓÇö Core Entity Tables[2m > [22mNOT NULL constraints on required columns[2m > [22mnotifications[2m > [22mshould enforce NOT NULL on "id"[32m 0[2mms[22m[39m
 [32mΓ£ô[39m tests/integration/schemaVerification.test.ts[2m > [22mSchema Verification ΓÇö Core Entity Tables[2m > [22mNOT NULL constraints on required columns[2m > [22mnotifications[2m > [22mshould enforce NOT NULL on "user_id"[32m 0[2mms[22m[39m
 [32mΓ£ô[39m tests/integration/schemaVerification.test.ts[2m > [22mSchema Verification ΓÇö Core Entity Tables[2m > [22mNOT NULL constraints on required columns[2m > [22mnotifications[2m > [22mshould enforce NOT NULL on "title"[32m 0[2mms[22m[39m
 [32mΓ£ô[39m tests/integration/schemaVerification.test.ts[2m > [22mSchema Verification ΓÇö Core Entity Tables[2m > [22mNOT NULL constraints on required columns[2m > [22mnotifications[2m > [22mshould enforce NOT NULL on "message"[32m 0[2mms[22m[39m
 [32mΓ£ô[39m tests/integration/schemaVerification.test.ts[2m > [22mSchema Verification ΓÇö Core Entity Tables[2m > [22mNOT NULL constraints on required columns[2m > [22muser_notification_preferences[2m > [22mshould enforce NOT NULL on "id"[32m 0[2mms[22m[39m
 [32mΓ£ô[39m tests/integration/schemaVerification.test.ts[2m > [22mSchema Verification ΓÇö Core Entity Tables[2m > [22mNOT NULL constraints on required columns[2m > [22muser_notification_preferences[2m > [22mshould enforce NOT NULL on "user_id"[32m 0[2mms[22m[39m
 [32mΓ£ô[39m tests/integration/schemaVerification.test.ts[2m > [22mSchema Verification ΓÇö Core Entity Tables[2m > [22mNOT NULL constraints on required columns[2m > [22mprograms[2m > [22mshould enforce NOT NULL on "id"[32m 0[2mms[22m[39m
 [32mΓ£ô[39m tests/integration/schemaVerification.test.ts[2m > [22mSchema Verification ΓÇö Core Entity Tables[2m > [22mNOT NULL constraints on required columns[2m > [22mprograms[2m > [22mshould enforce NOT NULL on "name"[32m 0[2mms[22m[39m
 [32mΓ£ô[39m tests/integration/schemaVerification.test.ts[2m > [22mSchema Verification ΓÇö Core Entity Tables[2m > [22mNOT NULL constraints on required columns[2m > [22mprograms[2m > [22mshould enforce NOT NULL on "code"[32m 0[2mms[22m[39m
 [32mΓ£ô[39m tests/integration/schemaVerification.test.ts[2m > [22mSchema Verification ΓÇö Core Entity Tables[2m > [22mNOT NULL constraints on required columns[2m > [22mintakes[2m > [22mshould enforce NOT NULL on "id"[32m 0[2mms[22m[39m
 [32mΓ£ô[39m tests/integration/schemaVerification.test.ts[2m > [22mSchema Verification ΓÇö Core Entity Tables[2m > [22mNOT NULL constraints on required columns[2m > [22mintakes[2m > [22mshould enforce NOT NULL on "name"[32m 0[2mms[22m[39m
 [32mΓ£ô[39m tests/integration/schemaVerification.test.ts[2m > [22mSchema Verification ΓÇö Core Entity Tables[2m > [22mNOT NULL constraints on required columns[2m > [22minstitutions[2m > [22mshould enforce NOT NULL on "id"[32m 0[2mms[22m[39m
 [32mΓ£ô[39m tests/integration/schemaVerification.test.ts[2m > [22mSchema Verification ΓÇö Core Entity Tables[2m > [22mNOT NULL constraints on required columns[2m > [22minstitutions[2m > [22mshould enforce NOT NULL on "name"[32m 0[2mms[22m[39m
 [32mΓ£ô[39m tests/integration/schemaVerification.test.ts[2m > [22mSchema Verification ΓÇö Core Entity Tables[2m > [22mNOT NULL constraints on required columns[2m > [22minstitutions[2m > [22mshould enforce NOT NULL on "code"[32m 0[2mms[22m[39m
 [32mΓ£ô[39m tests/integration/schemaVerification.test.ts[2m > [22mSchema Verification ΓÇö Core Entity Tables[2m > [22mNOT NULL constraints on required columns[2m > [22maudit_logs[2m > [22mshould enforce NOT NULL on "id"[32m 0[2mms[22m[39m
 [32mΓ£ô[39m tests/integration/schemaVerification.test.ts[2m > [22mSchema Verification ΓÇö Core Entity Tables[2m > [22mNOT NULL constraints on required columns[2m > [22maudit_logs[2m > [22mshould enforce NOT NULL on "action"[32m 0[2mms[22m[39m
 [32mΓ£ô[39m tests/integration/schemaVerification.test.ts[2m > [22mSchema Verification ΓÇö Core Entity Tables[2m > [22mNOT NULL constraints on required columns[2m > [22maudit_logs[2m > [22mshould enforce NOT NULL on "entity_type"[32m 0[2mms[22m[39m
 [32mΓ£ô[39m tests/integration/schemaVerification.test.ts[2m > [22mSchema Verification ΓÇö Core Entity Tables[2m > [22mNOT NULL constraints on required columns[2m > [22maudit_logs[2m > [22mshould enforce NOT NULL on "entity_id"[32m 0[2mms[22m[39m
 [32mΓ£ô[39m tests/integration/schemaVerification.test.ts[2m > [22mSchema Verification ΓÇö Core Entity Tables[2m > [22mForeign key constraints[2m > [22mapplications[2m > [22mshould have FK "user_id" -> profiles(id)[32m 2[2mms[22m[39m
 [32mΓ£ô[39m tests/integration/schemaVerification.test.ts[2m > [22mSchema Verification ΓÇö Core Entity Tables[2m > [22mForeign key constraints[2m > [22mapplication_documents[2m > [22mshould have FK "application_id" -> applications(id)[32m 0[2mms[22m[39m
 [32mΓ£ô[39m tests/integration/schemaVerification.test.ts[2m > [22mSchema Verification ΓÇö Core Entity Tables[2m > [22mForeign key constraints[2m > [22mapplication_documents[2m > [22mshould have FK "verified_by" -> profiles(id)[32m 0[2mms[22m[39m
 [32mΓ£ô[39m tests/integration/schemaVerification.test.ts[2m > [22mSchema Verification ΓÇö Core Entity Tables[2m > [22mForeign key constraints[2m > [22mnotifications[2m > [22mshould have FK "user_id" -> profiles(id)[32m 0[2mms[22m[39m
 [32mΓ£ô[39m tests/integration/schemaVerification.test.ts[2m > [22mSchema Verification ΓÇö Core Entity Tables[2m > [22mForeign key constraints[2m > [22muser_notification_preferences[2m > [22mshould have FK "user_id" -> profiles(id)[32m 0[2mms[22m[39m
 [32mΓ£ô[39m tests/integration/schemaVerification.test.ts[2m > [22mSchema Verification ΓÇö Core Entity Tables[2m > [22mForeign key constraints[2m > [22maudit_logs[2m > [22mshould have FK "actor_id" -> profiles(id)[32m 0[2mms[22m[39m
 [32mΓ£ô[39m tests/integration/schemaVerification.test.ts[2m > [22mSchema Verification ΓÇö Core Entity Tables[2m > [22mLive schema alignment notes[2m > [22mapplications.program, .intake, .institution should be VARCHAR (not UUID FK)[32m 0[2mms[22m[39m
 [32mΓ£ô[39m tests/integration/schemaVerification.test.ts[2m > [22mSchema Verification ΓÇö Core Entity Tables[2m > [22mLive schema alignment notes[2m > [22mprograms.code and institutions.code should have UNIQUE constraint[32m 0[2mms[22m[39m
 [32mΓ£ô[39m tests/integration/schemaVerification.test.ts[2m > [22mSchema Verification ΓÇö Core Entity Tables[2m > [22mLive schema alignment notes[2m > [22muser_notification_preferences.user_id should have UNIQUE constraint[32m 0[2mms[22m[39m
 [32mΓ£ô[39m tests/property/supabase-complete-removal/data-isolation.property.test.ts[2m > [22mFeature: supabase-complete-removal, Property 3: User Data Isolation[2m > [22mInterview Data Isolation[2m > [22mPROPERTY: For any authenticated user, API SHALL return only their interviews[33m 1287[2mms[22m[39m
 [32mΓ£ô[39m tests/property/supabase-complete-removal/data-isolation.property.test.ts[2m > [22mFeature: supabase-complete-removal, Property 3: User Data Isolation[2m > [22mInterview Data Isolation[2m > [22mPROPERTY: No cross-user data leakage SHALL occur[33m 604[2mms[22m[39m
 [32mΓ£ô[39m tests/property/supabase-complete-removal/data-isolation.property.test.ts[2m > [22mFeature: supabase-complete-removal, Property 3: User Data Isolation[2m > [22mInterview Data Isolation[2m > [22mPROPERTY: User with no interviews SHALL receive empty array[32m 203[2mms[22m[39m
 [32mΓ£ô[39m tests/property/auth-api.property.test.ts[2m > [22mIntegration Scenarios[2m > [22mSCENARIO: Complete refresh flow with replay attack attempt[33m 18484[2mms[22m[39m
 [32mΓ£ô[39m tests/property/supabase-complete-removal/data-isolation.property.test.ts[2m > [22mFeature: supabase-complete-removal, Property 3: User Data Isolation[2m > [22mInterview Data Isolation[2m > [22mPROPERTY: User with multiple interviews SHALL receive all their interviews[32m 288[2mms[22m[39m
 [32mΓ£ô[39m tests/property/supabase-complete-removal/data-isolation.property.test.ts[2m > [22mFeature: supabase-complete-removal, Property 3: User Data Isolation[2m > [22mApplication Data Isolation[2m > [22mPROPERTY: Direct filtering by user_id SHALL isolate data correctly[32m 112[2mms[22m[39m
 [32mΓ£ô[39m tests/property/supabase-complete-removal/data-isolation.property.test.ts[2m > [22mEdge Cases[2m > [22mPROPERTY: Empty database SHALL return empty array for any user[32m 294[2mms[22m[39m
 [32mΓ£ô[39m tests/property/supabase-complete-removal/data-isolation.property.test.ts[2m > [22mEdge Cases[2m > [22mPROPERTY: Invalid user ID SHALL return empty array[32m 93[2mms[22m[39m
 [32mΓ£ô[39m tests/property/supabase-complete-removal/data-isolation.property.test.ts[2m > [22mEdge Cases[2m > [22mPROPERTY: User ID matching SHALL be exact string comparison[32m 6[2mms[22m[39m
 [32mΓ£ô[39m tests/property/auth-api.property.test.ts[2m > [22mIntegration Scenarios[2m > [22mSCENARIO: Token theft and rotation race condition[33m 11701[2mms[22m[39m
 [32mΓ£ô[39m tests/unit/contracts/actionAlignment.test.ts[2m > [22mFrontend-Backend Action Alignment[2m > [22mshould find frontend actions to verify[32m 3[2mms[22m[39m
 [32mΓ£ô[39m tests/unit/contracts/actionAlignment.test.ts[2m > [22mFrontend-Backend Action Alignment[2m > [22m/api/admin[2m > [22maction=users should have a matching backend case in api-src/admin.ts[32m 84[2mms[22m[39m
 [32mΓ£ô[39m tests/unit/contracts/actionAlignment.test.ts[2m > [22mFrontend-Backend Action Alignment[2m > [22m/api/admin[2m > [22maction=register should have a matching backend case in api-src/admin.ts[32m 0[2mms[22m[39m
 [31m├ù[39m tests/unit/contracts/actionAlignment.test.ts[2m > [22mFrontend-Backend Action Alignment[2m > [22m/api/admin[2m > [22maction=pathway-statistics should have a matching backend case in api-src/admin.ts[32m 8[2mms[22m[39m
[31m   ΓåÆ Frontend sends action="pathway-statistics" to /api/admin (from src\services\alternativePathwayService.ts), but no matching case found in api-src/admin.ts.
Available backend cases: [dashboard, users, settings, register, stats, errors, migrate, set-password, import-settings, reset-settings, eligibility-rules, update-role, eligibility-assessments, audit-log, appeals][39m
 [32mΓ£ô[39m tests/unit/contracts/actionAlignment.test.ts[2m > [22mFrontend-Backend Action Alignment[2m > [22m/api/admin[2m > [22maction=settings should have a matching backend case in api-src/admin.ts[32m 0[2mms[22m[39m
 [32mΓ£ô[39m tests/unit/contracts/actionAlignment.test.ts[2m > [22mFrontend-Backend Action Alignment[2m > [22m/api/admin[2m > [22maction=import-settings should have a matching backend case in api-src/admin.ts[32m 0[2mms[22m[39m
 [32mΓ£ô[39m tests/unit/contracts/actionAlignment.test.ts[2m > [22mFrontend-Backend Action Alignment[2m > [22m/api/admin[2m > [22maction=reset-settings should have a matching backend case in api-src/admin.ts[32m 0[2mms[22m[39m
 [32mΓ£ô[39m tests/unit/contracts/actionAlignment.test.ts[2m > [22mFrontend-Backend Action Alignment[2m > [22m/api/admin[2m > [22maction=eligibility-rules should have a matching backend case in api-src/admin.ts[32m 0[2mms[22m[39m
 [32mΓ£ô[39m tests/unit/contracts/actionAlignment.test.ts[2m > [22mFrontend-Backend Action Alignment[2m > [22m/api/admin[2m > [22maction=update-role should have a matching backend case in api-src/admin.ts[32m 0[2mms[22m[39m
 [32mΓ£ô[39m tests/unit/contracts/actionAlignment.test.ts[2m > [22mFrontend-Backend Action Alignment[2m > [22m/api/applications[2m > [22maction=improvement-plans is a KNOWN mismatch (no backend case in api-src/applications.ts)[32m 0[2mms[22m[39m
 [32mΓ£ô[39m tests/unit/contracts/actionAlignment.test.ts[2m > [22mFrontend-Backend Action Alignment[2m > [22m/api/applications[2m > [22maction=pathway-recommendations is a KNOWN mismatch (no backend case in api-src/applications.ts)[32m 0[2mms[22m[39m
 [32mΓ£ô[39m tests/unit/contracts/actionAlignment.test.ts[2m > [22mFrontend-Backend Action Alignment[2m > [22m/api/applications[2m > [22maction=update-plan-progress is a KNOWN mismatch (no backend case in api-src/applications.ts)[32m 0[2mms[22m[39m
 [32mΓ£ô[39m tests/unit/contracts/actionAlignment.test.ts[2m > [22mFrontend-Backend Action Alignment[2m > [22m/api/applications[2m > [22maction=store-pathway-recommendations is a KNOWN mismatch (no backend case in api-src/applications.ts)[32m 0[2mms[22m[39m
 [32mΓ£ô[39m tests/unit/contracts/actionAlignment.test.ts[2m > [22mFrontend-Backend Action Alignment[2m > [22m/api/applications[2m > [22maction=store-improvement-plan is a KNOWN mismatch (no backend case in api-src/applications.ts)[32m 0[2mms[22m[39m
 [32mΓ£ô[39m tests/unit/contracts/actionAlignment.test.ts[2m > [22mFrontend-Backend Action Alignment[2m > [22m/api/applications[2m > [22maction=eligibility-assessments is a KNOWN mismatch (no backend case in api-src/applications.ts)[32m 0[2mms[22m[39m
 [32mΓ£ô[39m tests/unit/contracts/actionAlignment.test.ts[2m > [22mFrontend-Backend Action Alignment[2m > [22m/api/applications[2m > [22maction=track-recommendation is a KNOWN mismatch (no backend case in api-src/applications.ts)[32m 0[2mms[22m[39m
 [32mΓ£ô[39m tests/unit/contracts/actionAlignment.test.ts[2m > [22mFrontend-Backend Action Alignment[2m > [22m/api/applications[2m > [22maction=recommendation-actions is a KNOWN mismatch (no backend case in api-src/applications.ts)[32m 0[2mms[22m[39m
 [32mΓ£ô[39m tests/unit/contracts/actionAlignment.test.ts[2m > [22mFrontend-Backend Action Alignment[2m > [22m/api/applications[2m > [22maction=save-eligibility-assessment is a KNOWN mismatch (no backend case in api-src/applications.ts)[32m 0[2mms[22m[39m
 [32mΓ£ô[39m tests/unit/contracts/actionAlignment.test.ts[2m > [22mFrontend-Backend Action Alignment[2m > [22m/api/applications[2m > [22maction=track-event is a KNOWN mismatch (no backend case in api-src/applications.ts)[32m 0[2mms[22m[39m
 [32mΓ£ô[39m tests/unit/contracts/actionAlignment.test.ts[2m > [22mFrontend-Backend Action Alignment[2m > [22m/api/auth[2m > [22maction=refresh should have a matching backend case in api-src/auth.ts[32m 0[2mms[22m[39m
 [32mΓ£ô[39m tests/unit/contracts/actionAlignment.test.ts[2m > [22mFrontend-Backend Action Alignment[2m > [22m/api/auth[2m > [22maction=logout should have a matching backend case in api-src/auth.ts[32m 0[2mms[22m[39m
 [32mΓ£ô[39m tests/unit/contracts/actionAlignment.test.ts[2m > [22mFrontend-Backend Action Alignment[2m > [22m/api/auth[2m > [22maction=roles should have a matching backend case in api-src/auth.ts[32m 0[2mms[22m[39m
 [32mΓ£ô[39m tests/unit/contracts/actionAlignment.test.ts[2m > [22mFrontend-Backend Action Alignment[2m > [22m/api/auth[2m > [22maction=login should have a matching backend case in api-src/auth.ts[32m 2[2mms[22m[39m
[90mstdout[2m | tests/unit/contracts/actionAlignment.test.ts[2m > [22m[2mFrontend-Backend Action Alignment[2m > [22m[2mshould report alignment summary
[22m[39m
=== Action Alignment Summary ===
Total frontend actions found: 48
Aligned (backend case exists): 34
Known mismatches (documented): 13
Unknown mismatches (NEW gaps): 1

Known mismatches (stub/removed features):
  - /api/applications?action=improvement-plans (from src\services\alternativePathwayService.ts)
  - /api/applications?action=pathway-recommendations (from src\services\alternativePathwayService.ts)
  - /api/applications?action=update-plan-progress (from src\services\alternativePathwayService.ts)
  - /api/applications?action=store-pathway-recommendations (from src\services\alternativePathwayService.ts)
  - /api/applications?action=store-improvement-plan (from src\services\alternativePathwayService.ts)
  - /api/applications?action=eligibility-assessments (from src\services\detailedEligibilityService.ts)
  - /api/applications?action=track-recommendation (from src\services\detailedEligibilityService.ts)
  - /api/applications?action=recommendation-actions (from src\services\detailedEligibilityService.ts)
  - /api/applications?action=save-eligibility-assessment (from src\services\detailedEligibilityService.ts)
  - /api/applications?action=track-event (from src\services\metricsTracking.ts)
  - /api/auth?action=verify-email (from src\lib\api\authApi.ts)
  - /api/documents?action=url (from src\lib\storage.ts)
  - /api/documents?action=info (from src\lib\storage.ts)

UNKNOWN mismatches (require investigation):
  - /api/admin?action=pathway-statistics (from src\services\alternativePathwayService.ts)

 [32mΓ£ô[39m tests/unit/contracts/actionAlignment.test.ts[2m > [22mFrontend-Backend Action Alignment[2m > [22m/api/auth[2m > [22maction=session should have a matching backend case in api-src/auth.ts[32m 0[2mms[22m[39m
 [32mΓ£ô[39m tests/unit/contracts/actionAlignment.test.ts[2m > [22mFrontend-Backend Action Alignment[2m > [22m/api/auth[2m > [22maction=register should have a matching backend case in api-src/auth.ts[32m 0[2mms[22m[39m
 [32mΓ£ô[39m tests/unit/contracts/actionAlignment.test.ts[2m > [22mFrontend-Backend Action Alignment[2m > [22m/api/auth[2m > [22maction=forgot-password should have a matching backend case in api-src/auth.ts[32m 0[2mms[22m[39m
 [32mΓ£ô[39m tests/unit/contracts/actionAlignment.test.ts[2m > [22mFrontend-Backend Action Alignment[2m > [22m/api/auth[2m > [22maction=reset-password should have a matching backend case in api-src/auth.ts[32m 0[2mms[22m[39m
 [32mΓ£ô[39m tests/unit/contracts/actionAlignment.test.ts[2m > [22mFrontend-Backend Action Alignment[2m > [22m/api/auth[2m > [22maction=verify-email is a KNOWN mismatch (no backend case in api-src/auth.ts)[32m 0[2mms[22m[39m
 [32mΓ£ô[39m tests/unit/contracts/actionAlignment.test.ts[2m > [22mFrontend-Backend Action Alignment[2m > [22m/api/auth[2m > [22maction=profile should have a matching backend case in api-src/auth.ts[32m 0[2mms[22m[39m
 [32mΓ£ô[39m tests/unit/contracts/actionAlignment.test.ts[2m > [22mFrontend-Backend Action Alignment[2m > [22m/api/documents[2m > [22maction=upload should have a matching backend case in api-src/documents.ts[32m 0[2mms[22m[39m
 [32mΓ£ô[39m tests/unit/contracts/actionAlignment.test.ts[2m > [22mFrontend-Backend Action Alignment[2m > [22m/api/documents[2m > [22maction=extract should have a matching backend case in api-src/documents.ts[32m 0[2mms[22m[39m
 [32mΓ£ô[39m tests/unit/contracts/actionAlignment.test.ts[2m > [22mFrontend-Backend Action Alignment[2m > [22m/api/documents[2m > [22maction=signed-url should have a matching backend case in api-src/documents.ts[32m 0[2mms[22m[39m
 [32mΓ£ô[39m tests/unit/contracts/actionAlignment.test.ts[2m > [22mFrontend-Backend Action Alignment[2m > [22m/api/documents[2m > [22maction=delete should have a matching backend case in api-src/documents.ts[32m 0[2mms[22m[39m
 [32mΓ£ô[39m tests/unit/contracts/actionAlignment.test.ts[2m > [22mFrontend-Backend Action Alignment[2m > [22m/api/documents[2m > [22maction=url is a KNOWN mismatch (no backend case in api-src/documents.ts)[32m 0[2mms[22m[39m
 [32mΓ£ô[39m tests/unit/contracts/actionAlignment.test.ts[2m > [22mFrontend-Backend Action Alignment[2m > [22m/api/documents[2m > [22maction=download should have a matching backend case in api-src/documents.ts[32m 0[2mms[22m[39m
 [32mΓ£ô[39m tests/unit/contracts/actionAlignment.test.ts[2m > [22mFrontend-Backend Action Alignment[2m > [22m/api/documents[2m > [22maction=info is a KNOWN mismatch (no backend case in api-src/documents.ts)[32m 0[2mms[22m[39m
 [32mΓ£ô[39m tests/unit/contracts/actionAlignment.test.ts[2m > [22mFrontend-Backend Action Alignment[2m > [22m/api/notifications[2m > [22maction=send should have a matching backend case in api-src/notifications.ts[32m 0[2mms[22m[39m
 [32mΓ£ô[39m tests/unit/contracts/actionAlignment.test.ts[2m > [22mFrontend-Backend Action Alignment[2m > [22m/api/notifications[2m > [22maction=preferences should have a matching backend case in api-src/notifications.ts[32m 0[2mms[22m[39m
 [32mΓ£ô[39m tests/unit/contracts/actionAlignment.test.ts[2m > [22mFrontend-Backend Action Alignment[2m > [22m/api/notifications[2m > [22maction=list should have a matching backend case in api-src/notifications.ts[32m 0[2mms[22m[39m
 [32mΓ£ô[39m tests/unit/contracts/actionAlignment.test.ts[2m > [22mFrontend-Backend Action Alignment[2m > [22m/api/notifications[2m > [22maction=mark-read should have a matching backend case in api-src/notifications.ts[32m 0[2mms[22m[39m
 [32mΓ£ô[39m tests/unit/contracts/actionAlignment.test.ts[2m > [22mFrontend-Backend Action Alignment[2m > [22m/api/notifications[2m > [22maction=mark-all-read should have a matching backend case in api-src/notifications.ts[32m 0[2mms[22m[39m
 [32mΓ£ô[39m tests/unit/contracts/actionAlignment.test.ts[2m > [22mFrontend-Backend Action Alignment[2m > [22m/api/notifications[2m > [22maction=delete should have a matching backend case in api-src/notifications.ts[32m 0[2mms[22m[39m
 [32mΓ£ô[39m tests/unit/contracts/actionAlignment.test.ts[2m > [22mFrontend-Backend Action Alignment[2m > [22m/api/notifications[2m > [22maction=push-subscribe should have a matching backend case in api-src/notifications.ts[32m 0[2mms[22m[39m
 [32mΓ£ô[39m tests/unit/contracts/actionAlignment.test.ts[2m > [22mFrontend-Backend Action Alignment[2m > [22m/api/notifications[2m > [22maction=check-duplicate should have a matching backend case in api-src/notifications.ts[32m 0[2mms[22m[39m
 [32mΓ£ô[39m tests/unit/contracts/actionAlignment.test.ts[2m > [22mFrontend-Backend Action Alignment[2m > [22m/api/notifications[2m > [22maction=create should have a matching backend case in api-src/notifications.ts[32m 0[2mms[22m[39m
 [32mΓ£ô[39m tests/unit/contracts/actionAlignment.test.ts[2m > [22mFrontend-Backend Action Alignment[2m > [22m/api/sessions[2m > [22maction=revoke-all should have a matching backend case in api-src/sessions.ts[32m 0[2mms[22m[39m
 [32mΓ£ô[39m tests/unit/contracts/actionAlignment.test.ts[2m > [22mFrontend-Backend Action Alignment[2m > [22m/api/sessions[2m > [22maction=connect should have a matching backend case in api-src/sessions.ts[32m 0[2mms[22m[39m
 [32mΓ£ô[39m tests/unit/contracts/actionAlignment.test.ts[2m > [22mFrontend-Backend Action Alignment[2m > [22m/api/sessions[2m > [22maction=poll should have a matching backend case in api-src/sessions.ts[32m 0[2mms[22m[39m
 [32mΓ£ô[39m tests/unit/contracts/actionAlignment.test.ts[2m > [22mFrontend-Backend Action Alignment[2m > [22m/api/payments[2m > [22maction=receipt should have a matching backend case in api-src/payments.ts[32m 0[2mms[22m[39m
 [31m├ù[39m tests/unit/contracts/actionAlignment.test.ts[2m > [22mFrontend-Backend Action Alignment[2m > [22mshould report alignment summary[33m 494[2mms[22m[39m
[31m   ΓåÆ expected [ { ΓÇª(6) } ] to deeply equal [][39m
 [32mΓ£ô[39m tests/property/auth-api.property.test.ts[2m > [22mIntegration Scenarios[2m > [22mSCENARIO: Different users have independent token rotation[33m 25207[2mms[22m[39m
 [32mΓ£ô[39m tests/property/auth-api.property.test.ts[2m > [22mEdge Cases[2m > [22mPROPERTY: Hash format is valid SHA-256 (64 hex characters)[32m 5[2mms[22m[39m
 [32mΓ£ô[39m tests/property/auth-api.property.test.ts[2m > [22mEdge Cases[2m > [22mshould return false for invalid hash format[32m 0[2mms[22m[39m
 [32mΓ£ô[39m tests/property/auth-api.property.test.ts[2m > [22mEdge Cases[2m > [22mshould throw error for empty token in hashToken[32m 1[2mms[22m[39m
[90mstderr[2m | t
ests/property/admin
-system-health-fixe
s/settings-auth.pro
perty.test.ts[2m 
> 
[22m[2mFeature: a
dmin-system-health-
fixes, Property 3: 
Settings 
Authentication 
Requirement[2m > 
[22m[2mProperty: 
Requests without 
valid auth are 
rejected with 401 
(Requirement 
2.6)[2m > 
[22m[2mshould 
reject GET 
requests without 
valid 
authentication
[22m[39m[ARCJET] 
FATAL: ARCJET_KEY 
environment 
variable not set
[ARCJET] Security 
layer DISABLED - 
set ARCJET_KEY 
immediately

[90mstderr[2m | t
ests/property/admin
-system-health-fixe
s/settings-auth.pro
perty.test.ts[2m 
> 
[22m[2mFeature: a
dmin-system-health-
fixes, Property 3: 
Settings 
Authentication 
Requirement[2m > 
[22m[2mProperty: 
Requests without 
valid auth are 
rejected with 401 
(Requirement 
2.6)[2m > 
[22m[2mshould 
reject GET 
requests without 
valid 
authentication
[22m[39m[ARCJET] 
WARNING: Running 
without Arcjet 
protection

[90mstdout[2m | tests/property/admin-system-health-fixes/settings-auth.property.test.ts[2m > [22m[2mFeature: admin-system-health-fixes, Property 3: Settings Authentication Requirement[2m > [22m[2mProperty: Requests without valid auth are rejected with 401 (Requirement 2.6)[2m > [22m[2mshould reject GET requests without valid authentication
[22m[39m[AUTH] Token verification failed: Access token verification failed

[90mstderr[2m | t
ests/property/admin
-system-health-fixe
s/settings-auth.pro
perty.test.ts[2m 
> 
[22m[2mFeature: a
dmin-system-health-
fixes, Property 3: 
Settings 
Authentication 
Requirement[2m > 
[22m[2mProperty: 
Requests without 
valid auth are 
rejected with 401 
(Requirement 
2.6)[2m > 
[22m[2mshould 
reject GET 
requests without 
valid 
authentication
[22m[39m[ARCJET] 
WARNING: Running 
without Arcjet 
protection

[90mstderr[2m | t
ests/property/admin
-system-health-fixe
s/settings-auth.pro
perty.test.ts[2m 
> 
[22m[2mFeature: a
dmin-system-health-
fixes, Property 3: 
Settings 
Authentication 
Requirement[2m > 
[22m[2mProperty: 
Requests without 
valid auth are 
rejected with 401 
(Requirement 
2.6)[2m > 
[22m[2mshould 
reject GET 
requests without 
valid 
authentication
[22m[39m[ARCJET] 
WARNING: Running 
without Arcjet 
protection

[90mstdout[2m | tests/property/admin-system-health-fixes/settings-auth.property.test.ts[2m > [22m[2mFeature: admin-system-health-fixes, Property 3: Settings Authentication Requirement[2m > [22m[2mProperty: Requests without valid auth are rejected with 401 (Requirement 2.6)[2m > [22m[2mshould reject GET requests without valid authentication
[22m[39m[AUTH] Token verification failed: Access token verification failed

[90mstderr[2m | t
ests/property/admin
-system-health-fixe
s/settings-auth.pro
perty.test.ts[2m 
> 
[22m[2mFeature: a
dmin-system-health-
fixes, Property 3: 
Settings 
Authentication 
Requirement[2m > 
[22m[2mProperty: 
Requests without 
valid auth are 
rejected with 401 
(Requirement 
2.6)[2m > 
[22m[2mshould 
reject GET 
requests without 
valid 
authentication
[22m[39m[ARCJET] 
WARNING: Running 
without Arcjet 
protection

[90mstderr[2m | t
ests/property/admin
-system-health-fixe
s/settings-auth.pro
perty.test.ts[2m 
> 
[22m[2mFeature: a
dmin-system-health-
fixes, Property 3: 
Settings 
Authentication 
Requirement[2m > 
[22m[2mProperty: 
Requests without 
valid auth are 
rejected with 401 
(Requirement 
2.6)[2m > 
[22m[2mshould 
reject GET 
requests without 
valid 
authentication
[22m[39m[ARCJET] 
WARNING: Running 
without Arcjet 
protection

[90mstderr[2m | t
ests/property/admin
-system-health-fixe
s/settings-auth.pro
perty.test.ts[2m 
> 
[22m[2mFeature: a
dmin-system-health-
fixes, Property 3: 
Settings 
Authentication 
Requirement[2m > 
[22m[2mProperty: 
Requests without 
valid auth are 
rejected with 401 
(Requirement 
2.6)[2m > 
[22m[2mshould 
reject GET 
requests without 
valid 
authentication
[22m[39m[ARCJET] 
WARNING: Running 
without Arcjet 
protection

[90mstderr[2m | t
ests/property/admin
-system-health-fixe
s/settings-auth.pro
perty.test.ts[2m 
> 
[22m[2mFeature: a
dmin-system-health-
fixes, Property 3: 
Settings 
Authentication 
Requirement[2m > 
[22m[2mProperty: 
Requests without 
valid auth are 
rejected with 401 
(Requirement 
2.6)[2m > 
[22m[2mshould 
reject GET 
requests without 
valid 
authentication
[22m[39m[ARCJET] 
WARNING: Running 
without Arcjet 
protection

[90mstdout[2m | tests/property/admin-system-health-fixes/settings-auth.property.test.ts[2m > [22m[2mFeature: admin-system-health-fixes, Property 3: Settings Authentication Requirement[2m > [22m[2mProperty: Requests without valid auth are rejected with 401 (Requirement 2.6)[2m > [22m[2mshould reject GET requests without valid authentication
[22m[39m[AUTH] Token verification failed: Access token verification failed

[90mstderr[2m | t
ests/property/admin
-system-health-fixe
s/settings-auth.pro
perty.test.ts[2m 
> 
[22m[2mFeature: a
dmin-system-health-
fixes, Property 3: 
Settings 
Authentication 
Requirement[2m > 
[22m[2mProperty: 
Requests without 
valid auth are 
rejected with 401 
(Requirement 
2.6)[2m > 
[22m[2mshould 
reject GET 
requests without 
valid 
authentication
[22m[39m[ARCJET] 
WARNING: Running 
without Arcjet 
protection

[90mstdout[2m | tests/property/admin-system-health-fixes/settings-auth.property.test.ts[2m > [22m[2mFeature: admin-system-health-fixes, Property 3: Settings Authentication Requirement[2m > [22m[2mProperty: Requests without valid auth are rejected with 401 (Requirement 2.6)[2m > [22m[2mshould reject GET requests without valid authentication
[22m[39m[AUTH] Token verification failed: Access token verification failed

[90mstderr[2m | t
ests/property/admin
-system-health-fixe
s/settings-auth.pro
perty.test.ts[2m 
> 
[22m[2mFeature: a
dmin-system-health-
fixes, Property 3: 
Settings 
Authentication 
Requirement[2m > 
[22m[2mProperty: 
Requests without 
valid auth are 
rejected with 401 
(Requirement 
2.6)[2m > 
[22m[2mshould 
reject GET 
requests without 
valid 
authentication
[22m[39m[ARCJET] 
WARNING: Running 
without Arcjet 
protection

[90mstderr[2m | t
ests/property/admin
-system-health-fixe
s/settings-auth.pro
perty.test.ts[2m 
> 
[22m[2mFeature: a
dmin-system-health-
fixes, Property 3: 
Settings 
Authentication 
Requirement[2m > 
[22m[2mProperty: 
Requests without 
valid auth are 
rejected with 401 
(Requirement 
2.6)[2m > 
[22m[2mshould 
reject GET 
requests without 
valid 
authentication
[22m[39m[ARCJET] 
WARNING: Running 
without Arcjet 
protection

[90mstderr[2m | t
ests/property/admin
-system-health-fixe
s/settings-auth.pro
perty.test.ts[2m 
> 
[22m[2mFeature: a
dmin-system-health-
fixes, Property 3: 
Settings 
Authentication 
Requirement[2m > 
[22m[2mProperty: 
Requests without 
valid auth are 
rejected with 401 
(Requirement 
2.6)[2m > 
[22m[2mshould 
reject GET 
requests without 
valid 
authentication
[22m[39m[ARCJET] 
WARNING: Running 
without Arcjet 
protection

[90mstderr[2m | t
ests/property/admin
-system-health-fixe
s/settings-auth.pro
perty.test.ts[2m 
> 
[22m[2mFeature: a
dmin-system-health-
fixes, Property 3: 
Settings 
Authentication 
Requirement[2m > 
[22m[2mProperty: 
Requests without 
valid auth are 
rejected with 401 
(Requirement 
2.6)[2m > 
[22m[2mshould 
reject GET 
requests without 
valid 
authentication
[22m[39m[ARCJET] 
WARNING: Running 
without Arcjet 
protection

[90mstdout[2m | tests/property/admin-system-health-fixes/settings-auth.property.test.ts[2m > [22m[2mFeature: admin-system-health-fixes, Property 3: Settings Authentication Requirement[2m > [22m[2mProperty: Requests without valid auth are rejected with 401 (Requirement 2.6)[2m > [22m[2mshould reject GET requests without valid authentication
[22m[39m[AUTH] Token verification failed: Access token verification failed

[90mstderr[2m | t
ests/property/admin
-system-health-fixe
s/settings-auth.pro
perty.test.ts[2m 
> 
[22m[2mFeature: a
dmin-system-health-
fixes, Property 3: 
Settings 
Authentication 
Requirement[2m > 
[22m[2mProperty: 
Requests without 
valid auth are 
rejected with 401 
(Requirement 
2.6)[2m > 
[22m[2mshould 
reject GET 
requests without 
valid 
authentication
[22m[39m[ARCJET] 
WARNING: Running 
without Arcjet 
protection

[90mstderr[2m | t
ests/property/admin
-system-health-fixe
s/settings-auth.pro
perty.test.ts[2m 
> 
[22m[2mFeature: a
dmin-system-health-
fixes, Property 3: 
Settings 
Authentication 
Requirement[2m > 
[22m[2mProperty: 
Requests without 
valid auth are 
rejected with 401 
(Requirement 
2.6)[2m > 
[22m[2mshould 
reject GET 
requests without 
valid 
authentication
[22m[39m[ARCJET] 
WARNING: Running 
without Arcjet 
protection

[90mstderr[2m | t
ests/property/admin
-system-health-fixe
s/settings-auth.pro
perty.test.ts[2m 
> 
[22m[2mFeature: a
dmin-system-health-
fixes, Property 3: 
Settings 
Authentication 
Requirement[2m > 
[22m[2mProperty: 
Requests without 
valid auth are 
rejected with 401 
(Requirement 
2.6)[2m > 
[22m[2mshould 
reject GET 
requests without 
valid 
authentication
[22m[39m[ARCJET] 
WARNING: Running 
without Arcjet 
protection

[90mstderr[2m | t
ests/property/admin
-system-health-fixe
s/settings-auth.pro
perty.test.ts[2m 
> 
[22m[2mFeature: a
dmin-system-health-
fixes, Property 3: 
Settings 
Authentication 
Requirement[2m > 
[22m[2mProperty: 
Requests without 
valid auth are 
rejected with 401 
(Requirement 
2.6)[2m > 
[22m[2mshould 
reject GET 
requests without 
valid 
authentication
[22m[39m[ARCJET] 
WARNING: Running 
without Arcjet 
protection

[90mstderr[2m | t
ests/property/admin
-system-health-fixe
s/settings-auth.pro
perty.test.ts[2m 
> 
[22m[2mFeature: a
dmin-system-health-
fixes, Property 3: 
Settings 
Authentication 
Requirement[2m > 
[22m[2mProperty: 
Requests without 
valid auth are 
rejected with 401 
(Requirement 
2.6)[2m > 
[22m[2mshould 
reject GET 
requests without 
valid 
authentication
[22m[39m[ARCJET] 
WARNING: Running 
without Arcjet 
protection

[90mstderr[2m | t
ests/property/admin
-system-health-fixe
s/settings-auth.pro
perty.test.ts[2m 
> 
[22m[2mFeature: a
dmin-system-health-
fixes, Property 3: 
Settings 
Authentication 
Requirement[2m > 
[22m[2mProperty: 
Requests without 
valid auth are 
rejected with 401 
(Requirement 
2.6)[2m > 
[22m[2mshould 
reject GET 
requests without 
valid 
authentication
[22m[39m[ARCJET] 
WARNING: Running 
without Arcjet 
protection

[90mstderr[2m | t
ests/property/admin
-system-health-fixe
s/settings-auth.pro
perty.test.ts[2m 
> 
[22m[2mFeature: a
dmin-system-health-
fixes, Property 3: 
Settings 
Authentication 
Requirement[2m > 
[22m[2mProperty: 
Requests without 
valid auth are 
rejected with 401 
(Requirement 
2.6)[2m > 
[22m[2mshould 
reject GET 
requests without 
valid 
authentication
[22m[39m[ARCJET] 
WARNING: Running 
without Arcjet 
protection

[90mstdout[2m | tests/property/admin-system-health-fixes/settings-auth.property.test.ts[2m > [22m[2mFeature: admin-system-health-fixes, Property 3: Settings Authentication Requirement[2m > [22m[2mProperty: Requests without valid auth are rejected with 401 (Requirement 2.6)[2m > [22m[2mshould reject GET requests without valid authentication
[22m[39m[AUTH] Token verification failed: Access token verification failed

[90mstderr[2m | t
ests/property/admin
-system-health-fixe
s/settings-auth.pro
perty.test.ts[2m 
> 
[22m[2mFeature: a
dmin-system-health-
fixes, Property 3: 
Settings 
Authentication 
Requirement[2m > 
[22m[2mProperty: 
Requests without 
valid auth are 
rejected with 401 
(Requirement 
2.6)[2m > 
[22m[2mshould 
reject GET 
requests without 
valid 
authentication
[22m[39m[ARCJET] 
WARNING: Running 
without Arcjet 
protection

[90mstderr[2m | t
ests/property/admin
-system-health-fixe
s/settings-auth.pro
perty.test.ts[2m 
> 
[22m[2mFeature: a
dmin-system-health-
fixes, Property 3: 
Settings 
Authentication 
Requirement[2m > 
[22m[2mProperty: 
Requests without 
valid auth are 
rejected with 401 
(Requirement 
2.6)[2m > 
[22m[2mshould 
reject GET 
requests without 
valid 
authentication
[22m[39m[ARCJET] 
WARNING: Running 
without Arcjet 
protection

[90mstderr[2m | t
ests/property/admin
-system-health-fixe
s/settings-auth.pro
perty.test.ts[2m 
> 
[22m[2mFeature: a
dmin-system-health-
fixes, Property 3: 
Settings 
Authentication 
Requirement[2m > 
[22m[2mProperty: 
Requests without 
valid auth are 
rejected with 401 
(Requirement 
2.6)[2m > 
[22m[2mshould 
reject GET 
requests without 
valid 
authentication
[22m[39m[ARCJET] 
WARNING: Running 
without Arcjet 
protection

[90mstdout[2m | tests/property/admin-system-health-fixes/settings-auth.property.test.ts[2m > [22m[2mFeature: admin-system-health-fixes, Property 3: Settings Authentication Requirement[2m > [22m[2mProperty: Requests without valid auth are rejected with 401 (Requirement 2.6)[2m > [22m[2mshould reject GET requests without valid authentication
[22m[39m[AUTH] Token verification failed: Access token verification failed

[90mstderr[2m | t
ests/property/admin
-system-health-fixe
s/settings-auth.pro
perty.test.ts[2m 
> 
[22m[2mFeature: a
dmin-system-health-
fixes, Property 3: 
Settings 
Authentication 
Requirement[2m > 
[22m[2mProperty: 
Requests without 
valid auth are 
rejected with 401 
(Requirement 
2.6)[2m > 
[22m[2mshould 
reject GET 
requests without 
valid 
authentication
[22m[39m[ARCJET] 
WARNING: Running 
without Arcjet 
protection

[90mstderr[2m | t
ests/property/admin
-system-health-fixe
s/settings-auth.pro
perty.test.ts[2m 
> 
[22m[2mFeature: a
dmin-system-health-
fixes, Property 3: 
Settings 
Authentication 
Requirement[2m > 
[22m[2mProperty: 
Requests without 
valid auth are 
rejected with 401 
(Requirement 
2.6)[2m > 
[22m[2mshould 
reject GET 
requests without 
valid 
authentication
[22m[39m[ARCJET] 
WARNING: Running 
without Arcjet 
protection

[90mstderr[2m | t
ests/property/admin
-system-health-fixe
s/settings-auth.pro
perty.test.ts[2m 
> 
[22m[2mFeature: a
dmin-system-health-
fixes, Property 3: 
Settings 
Authentication 
Requirement[2m > 
[22m[2mProperty: 
Requests without 
valid auth are 
rejected with 401 
(Requirement 
2.6)[2m > 
[22m[2mshould 
reject GET 
requests without 
valid 
authentication
[22m[39m[ARCJET] 
WARNING: Running 
without Arcjet 
protection

[90mstderr[2m | t
ests/property/admin
-system-health-fixe
s/settings-auth.pro
perty.test.ts[2m 
> 
[22m[2mFeature: a
dmin-system-health-
fixes, Property 3: 
Settings 
Authentication 
Requirement[2m > 
[22m[2mProperty: 
Requests without 
valid auth are 
rejected with 401 
(Requirement 
2.6)[2m > 
[22m[2mshould 
reject GET 
requests without 
valid 
authentication
[22m[39m[ARCJET] 
WARNING: Running 
without Arcjet 
protection

[90mstderr[2m | t
ests/property/admin
-system-health-fixe
s/settings-auth.pro
perty.test.ts[2m 
> 
[22m[2mFeature: a
dmin-system-health-
fixes, Property 3: 
Settings 
Authentication 
Requirement[2m > 
[22m[2mProperty: 
Requests without 
valid auth are 
rejected with 401 
(Requirement 
2.6)[2m > 
[22m[2mshould 
reject GET 
requests without 
valid 
authentication
[22m[39m[ARCJET] 
WARNING: Running 
without Arcjet 
protection

[90mstderr[2m | t
ests/property/admin
-system-health-fixe
s/settings-auth.pro
perty.test.ts[2m 
> 
[22m[2mFeature: a
dmin-system-health-
fixes, Property 3: 
Settings 
Authentication 
Requirement[2m > 
[22m[2mProperty: 
Requests without 
valid auth are 
rejected with 401 
(Requirement 
2.6)[2m > 
[22m[2mshould 
reject GET 
requests without 
valid 
authentication
[22m[39m[ARCJET] 
WARNING: Running 
without Arcjet 
protection

[90mstderr[2m | t
ests/property/admin
-system-health-fixe
s/settings-auth.pro
perty.test.ts[2m 
> 
[22m[2mFeature: a
dmin-system-health-
fixes, Property 3: 
Settings 
Authentication 
Requirement[2m > 
[22m[2mProperty: 
Requests without 
valid auth are 
rejected with 401 
(Requirement 
2.6)[2m > 
[22m[2mshould 
reject GET 
requests without 
valid 
authentication
[22m[39m[ARCJET] 
WARNING: Running 
without Arcjet 
protection

[90mstderr[2m | t
ests/property/admin
-system-health-fixe
s/settings-auth.pro
perty.test.ts[2m 
> 
[22m[2mFeature: a
dmin-system-health-
fixes, Property 3: 
Settings 
Authentication 
Requirement[2m > 
[22m[2mProperty: 
Requests without 
valid auth are 
rejected with 401 
(Requirement 
2.6)[2m > 
[22m[2mshould 
reject GET 
requests without 
valid 
authentication
[22m[39m[ARCJET] 
WARNING: Running 
without Arcjet 
protection

[90mstdout[2m | tests/property/admin-system-health-fixes/settings-auth.property.test.ts[2m > [22m[2mFeature: admin-system-health-fixes, Property 3: Settings Authentication Requirement[2m > [22m[2mProperty: Requests without valid auth are rejected with 401 (Requirement 2.6)[2m > [22m[2mshould reject GET requests without valid authentication
[22m[39m[AUTH] Token verification failed: Access token verification failed

[90mstderr[2m | t
ests/property/admin
-system-health-fixe
s/settings-auth.pro
perty.test.ts[2m 
> 
[22m[2mFeature: a
dmin-system-health-
fixes, Property 3: 
Settings 
Authentication 
Requirement[2m > 
[22m[2mProperty: 
Requests without 
valid auth are 
rejected with 401 
(Requirement 
2.6)[2m > 
[22m[2mshould 
reject GET 
requests without 
valid 
authentication
[22m[39m[ARCJET] 
WARNING: Running 
without Arcjet 
protection

[90mstdout[2m | tests/property/admin-system-health-fixes/settings-auth.property.test.ts[2m > [22m[2mFeature: admin-system-health-fixes, Property 3: Settings Authentication Requirement[2m > [22m[2mProperty: Requests without valid auth are rejected with 401 (Requirement 2.6)[2m > [22m[2mshould reject GET requests without valid authentication
[22m[39m[AUTH] Token verification failed: Access token verification failed

[90mstderr[2m | t
ests/property/admin
-system-health-fixe
s/settings-auth.pro
perty.test.ts[2m 
> 
[22m[2mFeature: a
dmin-system-health-
fixes, Property 3: 
Settings 
Authentication 
Requirement[2m > 
[22m[2mProperty: 
Requests without 
valid auth are 
rejected with 401 
(Requirement 
2.6)[2m > 
[22m[2mshould 
reject GET 
requests without 
valid 
authentication
[22m[39m[ARCJET] 
WARNING: Running 
without Arcjet 
protection

[90mstdout[2m | tests/property/admin-system-health-fixes/settings-auth.property.test.ts[2m > [22m[2mFeature: admin-system-health-fixes, Property 3: Settings Authentication Requirement[2m > [22m[2mProperty: Requests without valid auth are rejected with 401 (Requirement 2.6)[2m > [22m[2mshould reject GET requests without valid authentication
[22m[39m[AUTH] Token verification failed: Access token verification failed

[90mstderr[2m | t
ests/property/admin
-system-health-fixe
s/settings-auth.pro
perty.test.ts[2m 
> 
[22m[2mFeature: a
dmin-system-health-
fixes, Property 3: 
Settings 
Authentication 
Requirement[2m > 
[22m[2mProperty: 
Requests without 
valid auth are 
rejected with 401 
(Requirement 
2.6)[2m > 
[22m[2mshould 
reject GET 
requests without 
valid 
authentication
[22m[39m[ARCJET] 
WARNING: Running 
without Arcjet 
protection

[90mstdout[2m | tests/property/admin-system-health-fixes/settings-auth.property.test.ts[2m > [22m[2mFeature: admin-system-health-fixes, Property 3: Settings Authentication Requirement[2m > [22m[2mProperty: Requests without valid auth are rejected with 401 (Requirement 2.6)[2m > [22m[2mshould reject GET requests without valid authentication
[22m[39m[AUTH] Token verification failed: Access token verification failed

[90mstderr[2m | t
ests/property/admin
-system-health-fixe
s/settings-auth.pro
perty.test.ts[2m 
> 
[22m[2mFeature: a
dmin-system-health-
fixes, Property 3: 
Settings 
Authentication 
Requirement[2m > 
[22m[2mProperty: 
Requests without 
valid auth are 
rejected with 401 
(Requirement 
2.6)[2m > 
[22m[2mshould 
reject GET 
requests without 
valid 
authentication
[22m[39m[ARCJET] 
WARNING: Running 
without Arcjet 
protection

[90mstdout[2m | tests/property/admin-system-health-fixes/settings-auth.property.test.ts[2m > [22m[2mFeature: admin-system-health-fixes, Property 3: Settings Authentication Requirement[2m > [22m[2mProperty: Requests without valid auth are rejected with 401 (Requirement 2.6)[2m > [22m[2mshould reject GET requests without valid authentication
[22m[39m[AUTH] Token verification failed: Access token verification failed

[90mstderr[2m | t
ests/property/admin
-system-health-fixe
s/settings-auth.pro
perty.test.ts[2m 
> 
[22m[2mFeature: a
dmin-system-health-
fixes, Property 3: 
Settings 
Authentication 
Requirement[2m > 
[22m[2mProperty: 
Requests without 
valid auth are 
rejected with 401 
(Requirement 
2.6)[2m > 
[22m[2mshould 
reject GET 
requests without 
valid 
authentication
[22m[39m[ARCJET] 
WARNING: Running 
without Arcjet 
protection

[90mstderr[2m | t
ests/property/admin
-system-health-fixe
s/settings-auth.pro
perty.test.ts[2m 
> 
[22m[2mFeature: a
dmin-system-health-
fixes, Property 3: 
Settings 
Authentication 
Requirement[2m > 
[22m[2mProperty: 
Requests without 
valid auth are 
rejected with 401 
(Requirement 
2.6)[2m > 
[22m[2mshould 
reject GET 
requests without 
valid 
authentication
[22m[39m[ARCJET] 
WARNING: Running 
without Arcjet 
protection

[90mstderr[2m | t
ests/property/admin
-system-health-fixe
s/settings-auth.pro
perty.test.ts[2m 
> 
[22m[2mFeature: a
dmin-system-health-
fixes, Property 3: 
Settings 
Authentication 
Requirement[2m > 
[22m[2mProperty: 
Requests without 
valid auth are 
rejected with 401 
(Requirement 
2.6)[2m > 
[22m[2mshould 
reject GET 
requests without 
valid 
authentication
[22m[39m[ARCJET] 
WARNING: Running 
without Arcjet 
protection

[90mstderr[2m | t
ests/property/admin
-system-health-fixe
s/settings-auth.pro
perty.test.ts[2m 
> 
[22m[2mFeature: a
dmin-system-health-
fixes, Property 3: 
Settings 
Authentication 
Requirement[2m > 
[22m[2mProperty: 
Requests without 
valid auth are 
rejected with 401 
(Requirement 
2.6)[2m > 
[22m[2mshould 
reject GET 
requests without 
valid 
authentication
[22m[39m[ARCJET] 
WARNING: Running 
without Arcjet 
protection

[90mstderr[2m | t
ests/property/admin
-system-health-fixe
s/settings-auth.pro
perty.test.ts[2m 
> 
[22m[2mFeature: a
dmin-system-health-
fixes, Property 3: 
Settings 
Authentication 
Requirement[2m > 
[22m[2mProperty: 
Requests without 
valid auth are 
rejected with 401 
(Requirement 
2.6)[2m > 
[22m[2mshould 
reject GET 
requests without 
valid 
authentication
[22m[39m[ARCJET] 
WARNING: Running 
without Arcjet 
protection

[90mstderr[2m | t
ests/property/admin
-system-health-fixe
s/settings-auth.pro
perty.test.ts[2m 
> 
[22m[2mFeature: a
dmin-system-health-
fixes, Property 3: 
Settings 
Authentication 
Requirement[2m > 
[22m[2mProperty: 
Requests without 
valid auth are 
rejected with 401 
(Requirement 
2.6)[2m > 
[22m[2mshould 
reject GET 
requests without 
valid 
authentication
[22m[39m[ARCJET] 
WARNING: Running 
without Arcjet 
protection

[90mstderr[2m | t
ests/property/admin
-system-health-fixe
s/settings-auth.pro
perty.test.ts[2m 
> 
[22m[2mFeature: a
dmin-system-health-
fixes, Property 3: 
Settings 
Authentication 
Requirement[2m > 
[22m[2mProperty: 
Requests without 
valid auth are 
rejected with 401 
(Requirement 
2.6)[2m > 
[22m[2mshould 
reject GET 
requests without 
valid 
authentication
[22m[39m[ARCJET] 
WARNING: Running 
without Arcjet 
protection

[90mstderr[2m | t
ests/property/admin
-system-health-fixe
s/settings-auth.pro
perty.test.ts[2m 
> 
[22m[2mFeature: a
dmin-system-health-
fixes, Property 3: 
Settings 
Authentication 
Requirement[2m > 
[22m[2mProperty: 
Requests without 
valid auth are 
rejected with 401 
(Requirement 
2.6)[2m > 
[22m[2mshould 
reject GET 
requests without 
valid 
authentication
[22m[39m[ARCJET] 
WARNING: Running 
without Arcjet 
protection

[90mstdout[2m | tests/property/admin-system-health-fixes/settings-auth.property.test.ts[2m > [22m[2mFeature: admin-system-health-fixes, Property 3: Settings Authentication Requirement[2m > [22m[2mProperty: Requests without valid auth are rejected with 401 (Requirement 2.6)[2m > [22m[2mshould reject GET requests without valid authentication
[22m[39m[AUTH] Token verification failed: Access token verification failed

[90mstdout[2m | tests/property/admin-system-health-fixes/settings-auth.property.test.ts[2m > [22m[2mFeature: admin-system-health-fixes, Property 3: Settings Authentication Requirement[2m > [22m[2mProperty: Requests without valid auth are rejected with 401 (Requirement 2.6)[2m > [22m[2mshould reject GET requests without valid authentication
[22m[39m[AUTH] Token verification failed: Access token verification failed

[90mstdout[2m | tests/property/admin-system-health-fixes/settings-auth.property.test.ts[2m > [22m[2mFeature: admin-system-health-fixes, Property 3: Settings Authentication Requirement[2m > [22m[2mProperty: Requests without valid auth are rejected with 401 (Requirement 2.6)[2m > [22m[2mshould reject GET requests without valid authentication
[22m[39m[AUTH] Token verification failed: Access token verification failed

[90mstdout[2m | tests/property/admin-system-health-fixes/settings-auth.property.test.ts[2m > [22m[2mFeature: admin-system-health-fixes, Property 3: Settings Authentication Requirement[2m > [22m[2mProperty: Requests without valid auth are rejected with 401 (Requirement 2.6)[2m > [22m[2mshould reject GET requests without valid authentication
[22m[39m[AUTH] Token verification failed: Access token verification failed

[90mstderr[2m | t
ests/property/admin
-system-health-fixe
s/settings-auth.pro
perty.test.ts[2m 
> 
[22m[2mFeature: a
dmin-system-health-
fixes, Property 3: 
Settings 
Authentication 
Requirement[2m > 
[22m[2mProperty: 
Requests without 
valid auth are 
rejected with 401 
(Requirement 
2.6)[2m > 
[22m[2mshould 
reject GET 
requests without 
valid 
authentication
[22m[39m[ARCJET] 
WARNING: Running 
without Arcjet 
protection

[90mstderr[2m | t
ests/property/admin
-system-health-fixe
s/settings-auth.pro
perty.test.ts[2m 
> 
[22m[2mFeature: a
dmin-system-health-
fixes, Property 3: 
Settings 
Authentication 
Requirement[2m > 
[22m[2mProperty: 
Requests without 
valid auth are 
rejected with 401 
(Requirement 
2.6)[2m > 
[22m[2mshould 
reject GET 
requests without 
valid 
authentication
[22m[39m[ARCJET] 
WARNING: Running 
without Arcjet 
protection

[90mstderr[2m | t
ests/property/admin
-system-health-fixe
s/settings-auth.pro
perty.test.ts[2m 
> 
[22m[2mFeature: a
dmin-system-health-
fixes, Property 3: 
Settings 
Authentication 
Requirement[2m > 
[22m[2mProperty: 
Requests without 
valid auth are 
rejected with 401 
(Requirement 
2.6)[2m > 
[22m[2mshould 
reject GET 
requests without 
valid 
authentication
[22m[39m[ARCJET] 
WARNING: Running 
without Arcjet 
protection

[90mstderr[2m | t
ests/property/admin
-system-health-fixe
s/settings-auth.pro
perty.test.ts[2m 
> 
[22m[2mFeature: a
dmin-system-health-
fixes, Property 3: 
Settings 
Authentication 
Requirement[2m > 
[22m[2mProperty: 
Requests without 
valid auth are 
rejected with 401 
(Requirement 
2.6)[2m > 
[22m[2mshould 
reject GET 
requests without 
valid 
authentication
[22m[39m[ARCJET] 
WARNING: Running 
without Arcjet 
protection

[90mstderr[2m | t
ests/property/admin
-system-health-fixe
s/settings-auth.pro
perty.test.ts[2m 
> 
[22m[2mFeature: a
dmin-system-health-
fixes, Property 3: 
Settings 
Authentication 
Requirement[2m > 
[22m[2mProperty: 
Requests without 
valid auth are 
rejected with 401 
(Requirement 
2.6)[2m > 
[22m[2mshould 
reject GET 
requests without 
valid 
authentication
[22m[39m[ARCJET] 
WARNING: Running 
without Arcjet 
protection

[90mstderr[2m | t
ests/property/admin
-system-health-fixe
s/settings-auth.pro
perty.test.ts[2m 
> 
[22m[2mFeature: a
dmin-system-health-
fixes, Property 3: 
Settings 
Authentication 
Requirement[2m > 
[22m[2mProperty: 
Requests without 
valid auth are 
rejected with 401 
(Requirement 
2.6)[2m > 
[22m[2mshould 
reject GET 
requests without 
valid 
authentication
[22m[39m[ARCJET] 
WARNING: Running 
without Arcjet 
protection

[90mstderr[2m | t
ests/property/admin
-system-health-fixe
s/settings-auth.pro
perty.test.ts[2m 
> 
[22m[2mFeature: a
dmin-system-health-
fixes, Property 3: 
Settings 
Authentication 
Requirement[2m > 
[22m[2mProperty: 
Requests without 
valid auth are 
rejected with 401 
(Requirement 
2.6)[2m > 
[22m[2mshould 
reject GET 
requests without 
valid 
authentication
[22m[39m[ARCJET] 
WARNING: Running 
without Arcjet 
protection

[90mstderr[2m | t
ests/property/admin
-system-health-fixe
s/settings-auth.pro
perty.test.ts[2m 
> 
[22m[2mFeature: a
dmin-system-health-
fixes, Property 3: 
Settings 
Authentication 
Requirement[2m > 
[22m[2mProperty: 
Requests without 
valid auth are 
rejected with 401 
(Requirement 
2.6)[2m > 
[22m[2mshould 
reject GET 
requests without 
valid 
authentication
[22m[39m[ARCJET] 
WARNING: Running 
without Arcjet 
protection

[90mstderr[2m | t
ests/property/admin
-system-health-fixe
s/settings-auth.pro
perty.test.ts[2m 
> 
[22m[2mFeature: a
dmin-system-health-
fixes, Property 3: 
Settings 
Authentication 
Requirement[2m > 
[22m[2mProperty: 
Requests without 
valid auth are 
rejected with 401 
(Requirement 
2.6)[2m > 
[22m[2mshould 
reject GET 
requests without 
valid 
authentication
[22m[39m[ARCJET] 
WARNING: Running 
without Arcjet 
protection

[90mstderr[2m | t
ests/property/admin
-system-health-fixe
s/settings-auth.pro
perty.test.ts[2m 
> 
[22m[2mFeature: a
dmin-system-health-
fixes, Property 3: 
Settings 
Authentication 
Requirement[2m > 
[22m[2mProperty: 
Requests without 
valid auth are 
rejected with 401 
(Requirement 
2.6)[2m > 
[22m[2mshould 
reject GET 
requests without 
valid 
authentication
[22m[39m[ARCJET] 
WARNING: Running 
without Arcjet 
protection

[90mstderr[2m | t
ests/property/admin
-system-health-fixe
s/settings-auth.pro
perty.test.ts[2m 
> 
[22m[2mFeature: a
dmin-system-health-
fixes, Property 3: 
Settings 
Authentication 
Requirement[2m > 
[22m[2mProperty: 
Requests without 
valid auth are 
rejected with 401 
(Requirement 
2.6)[2m > 
[22m[2mshould 
reject GET 
requests without 
valid 
authentication
[22m[39m[ARCJET] 
WARNING: Running 
without Arcjet 
protection

[90mstderr[2m | t
ests/property/admin
-system-health-fixe
s/settings-auth.pro
perty.test.ts[2m 
> 
[22m[2mFeature: a
dmin-system-health-
fixes, Property 3: 
Settings 
Authentication 
Requirement[2m > 
[22m[2mProperty: 
Requests without 
valid auth are 
rejected with 401 
(Requirement 
2.6)[2m > 
[22m[2mshould 
reject GET 
requests without 
valid 
authentication
[22m[39m[ARCJET] 
WARNING: Running 
without Arcjet 
protection

[90mstderr[2m | t
ests/property/admin
-system-health-fixe
s/settings-auth.pro
perty.test.ts[2m 
> 
[22m[2mFeature: a
dmin-system-health-
fixes, Property 3: 
Settings 
Authentication 
Requirement[2m > 
[22m[2mProperty: 
Requests without 
valid auth are 
rejected with 401 
(Requirement 
2.6)[2m > 
[22m[2mshould 
reject GET 
requests without 
valid 
authentication
[22m[39m[ARCJET] 
WARNING: Running 
without Arcjet 
protection

[90mstderr[2m | t
ests/property/admin
-system-health-fixe
s/settings-auth.pro
perty.test.ts[2m 
> 
[22m[2mFeature: a
dmin-system-health-
fixes, Property 3: 
Settings 
Authentication 
Requirement[2m > 
[22m[2mProperty: 
Requests without 
valid auth are 
rejected with 401 
(Requirement 
2.6)[2m > 
[22m[2mshould 
reject GET 
requests without 
valid 
authentication
[22m[39m[ARCJET] 
WARNING: Running 
without Arcjet 
protection

[90mstderr[2m | t
ests/property/admin
-system-health-fixe
s/settings-auth.pro
perty.test.ts[2m 
> 
[22m[2mFeature: a
dmin-system-health-
fixes, Property 3: 
Settings 
Authentication 
Requirement[2m > 
[22m[2mProperty: 
Requests without 
valid auth are 
rejected with 401 
(Requirement 
2.6)[2m > 
[22m[2mshould 
reject GET 
requests without 
valid 
authentication
[22m[39m[ARCJET] 
WARNING: Running 
without Arcjet 
protection

[90mstderr[2m | t
ests/property/admin
-system-health-fixe
s/settings-auth.pro
perty.test.ts[2m 
> 
[22m[2mFeature: a
dmin-system-health-
fixes, Property 3: 
Settings 
Authentication 
Requirement[2m > 
[22m[2mProperty: 
Requests without 
valid auth are 
rejected with 401 
(Requirement 
2.6)[2m > 
[22m[2mshould 
reject GET 
requests without 
valid 
authentication
[22m[39m[ARCJET] 
WARNING: Running 
without Arcjet 
protection

[90mstdout[2m | tests/property/admin-system-health-fixes/settings-auth.property.test.ts[2m > [22m[2mFeature: admin-system-health-fixes, Property 3: Settings Authentication Requirement[2m > [22m[2mProperty: Requests without valid auth are rejected with 401 (Requirement 2.6)[2m > [22m[2mshould reject GET requests without valid authentication
[22m[39m[AUTH] Token verification failed: Access token verification failed

[90mstderr[2m | t
ests/property/admin
-system-health-fixe
s/settings-auth.pro
perty.test.ts[2m 
> 
[22m[2mFeature: a
dmin-system-health-
fixes, Property 3: 
Settings 
Authentication 
Requirement[2m > 
[22m[2mProperty: 
Requests without 
valid auth are 
rejected with 401 
(Requirement 
2.6)[2m > 
[22m[2mshould 
reject GET 
requests without 
valid 
authentication
[22m[39m[ARCJET] 
WARNING: Running 
without Arcjet 
protection

[90mstderr[2m | t
ests/property/admin
-system-health-fixe
s/settings-auth.pro
perty.test.ts[2m 
> 
[22m[2mFeature: a
dmin-system-health-
fixes, Property 3: 
Settings 
Authentication 
Requirement[2m > 
[22m[2mProperty: 
Requests without 
valid auth are 
rejected with 401 
(Requirement 
2.6)[2m > 
[22m[2mshould 
reject GET 
requests without 
valid 
authentication
[22m[39m[ARCJET] 
WARNING: Running 
without Arcjet 
protection

[90mstderr[2m | t
ests/property/admin
-system-health-fixe
s/settings-auth.pro
perty.test.ts[2m 
> 
[22m[2mFeature: a
dmin-system-health-
fixes, Property 3: 
Settings 
Authentication 
Requirement[2m > 
[22m[2mProperty: 
Requests without 
valid auth are 
rejected with 401 
(Requirement 
2.6)[2m > 
[22m[2mshould 
reject GET 
requests without 
valid 
authentication
[22m[39m[ARCJET] 
WARNING: Running 
without Arcjet 
protection

[90mstdout[2m | tests/property/admin-system-health-fixes/settings-auth.property.test.ts[2m > [22m[2mFeature: admin-system-health-fixes, Property 3: Settings Authentication Requirement[2m > [22m[2mProperty: Requests without valid auth are rejected with 401 (Requirement 2.6)[2m > [22m[2mshould reject GET requests without valid authentication
[22m[39m[AUTH] Token verification failed: Access token verification failed

[90mstderr[2m | t
ests/property/admin
-system-health-fixe
s/settings-auth.pro
perty.test.ts[2m 
> 
[22m[2mFeature: a
dmin-system-health-
fixes, Property 3: 
Settings 
Authentication 
Requirement[2m > 
[22m[2mProperty: 
Requests without 
valid auth are 
rejected with 401 
(Requirement 
2.6)[2m > 
[22m[2mshould 
reject GET 
requests without 
valid 
authentication
[22m[39m[ARCJET] 
WARNING: Running 
without Arcjet 
protection

[90mstdout[2m | tests/property/admin-system-health-fixes/settings-auth.property.test.ts[2m > [22m[2mFeature: admin-system-health-fixes, Property 3: Settings Authentication Requirement[2m > [22m[2mProperty: Requests without valid auth are rejected with 401 (Requirement 2.6)[2m > [22m[2mshould reject GET requests without valid authentication
[22m[39m[AUTH] Token verification failed: Access token verification failed

[90mstderr[2m | t
ests/property/admin
-system-health-fixe
s/settings-auth.pro
perty.test.ts[2m 
> 
[22m[2mFeature: a
dmin-system-health-
fixes, Property 3: 
Settings 
Authentication 
Requirement[2m > 
[22m[2mProperty: 
Requests without 
valid auth are 
rejected with 401 
(Requirement 
2.6)[2m > 
[22m[2mshould 
reject GET 
requests without 
valid 
authentication
[22m[39m[ARCJET] 
WARNING: Running 
without Arcjet 
protection

[90mstderr[2m | t
ests/property/admin
-system-health-fixe
s/settings-auth.pro
perty.test.ts[2m 
> 
[22m[2mFeature: a
dmin-system-health-
fixes, Property 3: 
Settings 
Authentication 
Requirement[2m > 
[22m[2mProperty: 
Requests without 
valid auth are 
rejected with 401 
(Requirement 
2.6)[2m > 
[22m[2mshould 
reject GET 
requests without 
valid 
authentication
[22m[39m[ARCJET] 
WARNING: Running 
without Arcjet 
protection

[90mstdout[2m | tests/property/admin-system-health-fixes/settings-auth.property.test.ts[2m > [22m[2mFeature: admin-system-health-fixes, Property 3: Settings Authentication Requirement[2m > [22m[2mProperty: Requests without valid auth are rejected with 401 (Requirement 2.6)[2m > [22m[2mshould reject GET requests without valid authentication
[22m[39m[AUTH] Token verification failed: Access token verification failed

[90mstderr[2m | t
ests/property/admin
-system-health-fixe
s/settings-auth.pro
perty.test.ts[2m 
> 
[22m[2mFeature: a
dmin-system-health-
fixes, Property 3: 
Settings 
Authentication 
Requirement[2m > 
[22m[2mProperty: 
Requests without 
valid auth are 
rejected with 401 
(Requirement 
2.6)[2m > 
[22m[2mshould 
reject GET 
requests without 
valid 
authentication
[22m[39m[ARCJET] 
WARNING: Running 
without Arcjet 
protection

[90mstderr[2m | t
ests/property/admin
-system-health-fixe
s/settings-auth.pro
perty.test.ts[2m 
> 
[22m[2mFeature: a
dmin-system-health-
fixes, Property 3: 
Settings 
Authentication 
Requirement[2m > 
[22m[2mProperty: 
Requests without 
valid auth are 
rejected with 401 
(Requirement 
2.6)[2m > 
[22m[2mshould 
reject GET 
requests without 
valid 
authentication
[22m[39m[ARCJET] 
WARNING: Running 
without Arcjet 
protection

[90mstderr[2m | t
ests/property/admin
-system-health-fixe
s/settings-auth.pro
perty.test.ts[2m 
> 
[22m[2mFeature: a
dmin-system-health-
fixes, Property 3: 
Settings 
Authentication 
Requirement[2m > 
[22m[2mProperty: 
Requests without 
valid auth are 
rejected with 401 
(Requirement 
2.6)[2m > 
[22m[2mshould 
reject GET 
requests without 
valid 
authentication
[22m[39m[ARCJET] 
WARNING: Running 
without Arcjet 
protection

[90mstdout[2m | tests/property/admin-system-health-fixes/settings-auth.property.test.ts[2m > [22m[2mFeature: admin-system-health-fixes, Property 3: Settings Authentication Requirement[2m > [22m[2mProperty: Requests without valid auth are rejected with 401 (Requirement 2.6)[2m > [22m[2mshould reject GET requests without valid authentication
[22m[39m[AUTH] Token verification failed: Access token verification failed

[90mstderr[2m | t
ests/property/admin
-system-health-fixe
s/settings-auth.pro
perty.test.ts[2m 
> 
[22m[2mFeature: a
dmin-system-health-
fixes, Property 3: 
Settings 
Authentication 
Requirement[2m > 
[22m[2mProperty: 
Requests without 
valid auth are 
rejected with 401 
(Requirement 
2.6)[2m > 
[22m[2mshould 
reject GET 
requests without 
valid 
authentication
[22m[39m[ARCJET] 
WARNING: Running 
without Arcjet 
protection

[90mstdout[2m | tests/property/admin-system-health-fixes/settings-auth.property.test.ts[2m > [22m[2mFeature: admin-system-health-fixes, Property 3: Settings Authentication Requirement[2m > [22m[2mProperty: Requests without valid auth are rejected with 401 (Requirement 2.6)[2m > [22m[2mshould reject GET requests without valid authentication
[22m[39m[AUTH] Token verification failed: Access token verification failed

[90mstderr[2m | t
ests/property/admin
-system-health-fixe
s/settings-auth.pro
perty.test.ts[2m 
> 
[22m[2mFeature: a
dmin-system-health-
fixes, Property 3: 
Settings 
Authentication 
Requirement[2m > 
[22m[2mProperty: 
Requests without 
valid auth are 
rejected with 401 
(Requirement 
2.6)[2m > 
[22m[2mshould 
reject GET 
requests without 
valid 
authentication
[22m[39m[ARCJET] 
WARNING: Running 
without Arcjet 
protection

[90mstderr[2m | t
ests/property/admin
-system-health-fixe
s/settings-auth.pro
perty.test.ts[2m 
> 
[22m[2mFeature: a
dmin-system-health-
fixes, Property 3: 
Settings 
Authentication 
Requirement[2m > 
[22m[2mProperty: 
Requests without 
valid auth are 
rejected with 401 
(Requirement 
2.6)[2m > 
[22m[2mshould 
reject GET 
requests without 
valid 
authentication
[22m[39m[ARCJET] 
WARNING: Running 
without Arcjet 
protection

[90mstderr[2m | t
ests/property/admin
-system-health-fixe
s/settings-auth.pro
perty.test.ts[2m 
> 
[22m[2mFeature: a
dmin-system-health-
fixes, Property 3: 
Settings 
Authentication 
Requirement[2m > 
[22m[2mProperty: 
Requests without 
valid auth are 
rejected with 401 
(Requirement 
2.6)[2m > 
[22m[2mshould 
reject GET 
requests without 
valid 
authentication
[22m[39m[ARCJET] 
WARNING: Running 
without Arcjet 
protection

[90mstdout[2m | tests/property/admin-system-health-fixes/settings-auth.property.test.ts[2m > [22m[2mFeature: admin-system-health-fixes, Property 3: Settings Authentication Requirement[2m > [22m[2mProperty: Requests without valid auth are rejected with 401 (Requirement 2.6)[2m > [22m[2mshould reject GET requests without valid authentication
[22m[39m[AUTH] Token verification failed: Access token verification failed

[90mstderr[2m | t
ests/property/admin
-system-health-fixe
s/settings-auth.pro
perty.test.ts[2m 
> 
[22m[2mFeature: a
dmin-system-health-
fixes, Property 3: 
Settings 
Authentication 
Requirement[2m > 
[22m[2mProperty: 
Requests without 
valid auth are 
rejected with 401 
(Requirement 
2.6)[2m > 
[22m[2mshould 
reject GET 
requests without 
valid 
authentication
[22m[39m[ARCJET] 
WARNING: Running 
without Arcjet 
protection

[90mstderr[2m | t
ests/property/admin
-system-health-fixe
s/settings-auth.pro
perty.test.ts[2m 
> 
[22m[2mFeature: a
dmin-system-health-
fixes, Property 3: 
Settings 
Authentication 
Requirement[2m > 
[22m[2mProperty: 
Requests without 
valid auth are 
rejected with 401 
(Requirement 
2.6)[2m > 
[22m[2mshould 
reject GET 
requests without 
valid 
authentication
[22m[39m[ARCJET] 
WARNING: Running 
without Arcjet 
protection

[90mstdout[2m | tests/property/admin-system-health-fixes/settings-auth.property.test.ts[2m > [22m[2mFeature: admin-system-health-fixes, Property 3: Settings Authentication Requirement[2m > [22m[2mProperty: Requests without valid auth are rejected with 401 (Requirement 2.6)[2m > [22m[2mshould reject GET requests without valid authentication
[22m[39m[AUTH] Token verification failed: Access token verification failed

[90mstderr[2m | t
ests/property/admin
-system-health-fixe
s/settings-auth.pro
perty.test.ts[2m 
> 
[22m[2mFeature: a
dmin-system-health-
fixes, Property 3: 
Settings 
Authentication 
Requirement[2m > 
[22m[2mProperty: 
Requests without 
valid auth are 
rejected with 401 
(Requirement 
2.6)[2m > 
[22m[2mshould 
reject GET 
requests without 
valid 
authentication
[22m[39m[ARCJET] 
WARNING: Running 
without Arcjet 
protection

[90mstderr[2m | t
ests/property/admin
-system-health-fixe
s/settings-auth.pro
perty.test.ts[2m 
> 
[22m[2mFeature: a
dmin-system-health-
fixes, Property 3: 
Settings 
Authentication 
Requirement[2m > 
[22m[2mProperty: 
Requests without 
valid auth are 
rejected with 401 
(Requirement 
2.6)[2m > 
[22m[2mshould 
reject GET 
requests without 
valid 
authentication
[22m[39m[ARCJET] 
WARNING: Running 
without Arcjet 
protection

[90mstderr[2m | t
ests/property/admin
-system-health-fixe
s/settings-auth.pro
perty.test.ts[2m 
> 
[22m[2mFeature: a
dmin-system-health-
fixes, Property 3: 
Settings 
Authentication 
Requirement[2m > 
[22m[2mProperty: 
Requests without 
valid auth are 
rejected with 401 
(Requirement 
2.6)[2m > 
[22m[2mshould 
reject GET 
requests without 
valid 
authentication
[22m[39m[ARCJET] 
WARNING: Running 
without Arcjet 
protection

[90mstdout[2m | tests/property/admin-system-health-fixes/settings-auth.property.test.ts[2m > [22m[2mFeature: admin-system-health-fixes, Property 3: Settings Authentication Requirement[2m > [22m[2mProperty: Requests without valid auth are rejected with 401 (Requirement 2.6)[2m > [22m[2mshould reject GET requests without valid authentication
[22m[39m[AUTH] Token verification failed: Access token verification failed

[90mstderr[2m | t
ests/property/admin
-system-health-fixe
s/settings-auth.pro
perty.test.ts[2m 
> 
[22m[2mFeature: a
dmin-system-health-
fixes, Property 3: 
Settings 
Authentication 
Requirement[2m > 
[22m[2mProperty: 
Requests without 
valid auth are 
rejected with 401 
(Requirement 
2.6)[2m > 
[22m[2mshould 
reject GET 
requests without 
valid 
authentication
[22m[39m[ARCJET] 
WARNING: Running 
without Arcjet 
protection

[90mstdout[2m | tests/property/admin-system-health-fixes/settings-auth.property.test.ts[2m > [22m[2mFeature: admin-system-health-fixes, Property 3: Settings Authentication Requirement[2m > [22m[2mProperty: Requests without valid auth are rejected with 401 (Requirement 2.6)[2m > [22m[2mshould reject GET requests without valid authentication
[22m[39m[AUTH] Token verification failed: Access token verification failed

[90mstderr[2m | t
ests/property/admin
-system-health-fixe
s/settings-auth.pro
perty.test.ts[2m 
> 
[22m[2mFeature: a
dmin-system-health-
fixes, Property 3: 
Settings 
Authentication 
Requirement[2m > 
[22m[2mProperty: 
Requests without 
valid auth are 
rejected with 401 
(Requirement 
2.6)[2m > 
[22m[2mshould 
reject GET 
requests without 
valid 
authentication
[22m[39m[ARCJET] 
WARNING: Running 
without Arcjet 
protection

[90mstderr[2m | t
ests/property/admin
-system-health-fixe
s/settings-auth.pro
perty.test.ts[2m 
> 
[22m[2mFeature: a
dmin-system-health-
fixes, Property 3: 
Settings 
Authentication 
Requirement[2m > 
[22m[2mProperty: 
Requests without 
valid auth are 
rejected with 401 
(Requirement 
2.6)[2m > 
[22m[2mshould 
reject GET 
requests without 
valid 
authentication
[22m[39m[ARCJET] 
WARNING: Running 
without Arcjet 
protection

[90mstderr[2m | t
ests/property/admin
-system-health-fixe
s/settings-auth.pro
perty.test.ts[2m 
> 
[22m[2mFeature: a
dmin-system-health-
fixes, Property 3: 
Settings 
Authentication 
Requirement[2m > 
[22m[2mProperty: 
Requests without 
valid auth are 
rejected with 401 
(Requirement 
2.6)[2m > 
[22m[2mshould 
reject GET 
requests without 
valid 
authentication
[22m[39m[ARCJET] 
WARNING: Running 
without Arcjet 
protection

[90mstderr[2m | t
ests/property/admin
-system-health-fixe
s/settings-auth.pro
perty.test.ts[2m 
> 
[22m[2mFeature: a
dmin-system-health-
fixes, Property 3: 
Settings 
Authentication 
Requirement[2m > 
[22m[2mProperty: 
Requests without 
valid auth are 
rejected with 401 
(Requirement 
2.6)[2m > 
[22m[2mshould 
reject GET 
requests without 
valid 
authentication
[22m[39m[ARCJET] 
WARNING: Running 
without Arcjet 
protection

[90mstderr[2m | t
ests/property/admin
-system-health-fixe
s/settings-auth.pro
perty.test.ts[2m 
> 
[22m[2mFeature: a
dmin-system-health-
fixes, Property 3: 
Settings 
Authentication 
Requirement[2m > 
[22m[2mProperty: 
Requests without 
valid auth are 
rejected with 401 
(Requirement 
2.6)[2m > 
[22m[2mshould 
reject GET 
requests without 
valid 
authentication
[22m[39m[ARCJET] 
WARNING: Running 
without Arcjet 
protection

[90mstderr[2m | t
ests/property/admin
-system-health-fixe
s/settings-auth.pro
perty.test.ts[2m 
> 
[22m[2mFeature: a
dmin-system-health-
fixes, Property 3: 
Settings 
Authentication 
Requirement[2m > 
[22m[2mProperty: 
Requests without 
valid auth are 
rejected with 401 
(Requirement 
2.6)[2m > 
[22m[2mshould 
reject GET 
requests without 
valid 
authentication
[22m[39m[ARCJET] 
WARNING: Running 
without Arcjet 
protection

[90mstderr[2m | t
ests/property/admin
-system-health-fixe
s/settings-auth.pro
perty.test.ts[2m 
> 
[22m[2mFeature: a
dmin-system-health-
fixes, Property 3: 
Settings 
Authentication 
Requirement[2m > 
[22m[2mProperty: 
Requests without 
valid auth are 
rejected with 401 
(Requirement 
2.6)[2m > 
[22m[2mshould 
reject GET 
requests without 
valid 
authentication
[22m[39m[ARCJET] 
WARNING: Running 
without Arcjet 
protection

[90mstderr[2m | t
ests/property/admin
-system-health-fixe
s/settings-auth.pro
perty.test.ts[2m 
> 
[22m[2mFeature: a
dmin-system-health-
fixes, Property 3: 
Settings 
Authentication 
Requirement[2m > 
[22m[2mProperty: 
Requests without 
valid auth are 
rejected with 401 
(Requirement 
2.6)[2m > 
[22m[2mshould 
reject GET 
requests without 
valid 
authentication
[22m[39m[ARCJET] 
WARNING: Running 
without Arcjet 
protection

[90mstderr[2m | t
ests/property/admin
-system-health-fixe
s/settings-auth.pro
perty.test.ts[2m 
> 
[22m[2mFeature: a
dmin-system-health-
fixes, Property 3: 
Settings 
Authentication 
Requirement[2m > 
[22m[2mProperty: 
Requests without 
valid auth are 
rejected with 401 
(Requirement 
2.6)[2m > 
[22m[2mshould 
reject GET 
requests without 
valid 
authentication
[22m[39m[ARCJET] 
WARNING: Running 
without Arcjet 
protection

[90mstderr[2m | t
ests/property/admin
-system-health-fixe
s/settings-auth.pro
perty.test.ts[2m 
> 
[22m[2mFeature: a
dmin-system-health-
fixes, Property 3: 
Settings 
Authentication 
Requirement[2m > 
[22m[2mProperty: 
Requests without 
valid auth are 
rejected with 401 
(Requirement 
2.6)[2m > 
[22m[2mshould 
reject GET 
requests without 
valid 
authentication
[22m[39m[ARCJET] 
WARNING: Running 
without Arcjet 
protection

[90mstderr[2m | t
ests/property/admin
-system-health-fixe
s/settings-auth.pro
perty.test.ts[2m 
> 
[22m[2mFeature: a
dmin-system-health-
fixes, Property 3: 
Settings 
Authentication 
Requirement[2m > 
[22m[2mProperty: 
Requests without 
valid auth are 
rejected with 401 
(Requirement 
2.6)[2m > 
[22m[2mshould 
reject GET 
requests without 
valid 
authentication
[22m[39m[ARCJET] 
WARNING: Running 
without Arcjet 
protection

[90mstderr[2m | t
ests/property/admin
-system-health-fixe
s/settings-auth.pro
perty.test.ts[2m 
> 
[22m[2mFeature: a
dmin-system-health-
fixes, Property 3: 
Settings 
Authentication 
Requirement[2m > 
[22m[2mProperty: 
Requests without 
valid auth are 
rejected with 401 
(Requirement 
2.6)[2m > 
[22m[2mshould 
reject GET 
requests without 
valid 
authentication
[22m[39m[ARCJET] 
WARNING: Running 
without Arcjet 
protection

[90mstderr[2m | t
ests/property/admin
-system-health-fixe
s/settings-auth.pro
perty.test.ts[2m 
> 
[22m[2mFeature: a
dmin-system-health-
fixes, Property 3: 
Settings 
Authentication 
Requirement[2m > 
[22m[2mProperty: 
Requests without 
valid auth are 
rejected with 401 
(Requirement 
2.6)[2m > 
[22m[2mshould 
reject GET 
requests without 
valid 
authentication
[22m[39m[ARCJET] 
WARNING: Running 
without Arcjet 
protection

[90mstderr[2m | t
ests/property/admin
-system-health-fixe
s/settings-auth.pro
perty.test.ts[2m 
> 
[22m[2mFeature: a
dmin-system-health-
fixes, Property 3: 
Settings 
Authentication 
Requirement[2m > 
[22m[2mProperty: 
Requests without 
valid auth are 
rejected with 401 
(Requirement 
2.6)[2m > 
[22m[2mshould 
reject GET 
requests without 
valid 
authentication
[22m[39m[ARCJET] 
WARNING: Running 
without Arcjet 
protection

[90mstderr[2m | t
ests/property/admin
-system-health-fixe
s/settings-auth.pro
perty.test.ts[2m 
> 
[22m[2mFeature: a
dmin-system-health-
fixes, Property 3: 
Settings 
Authentication 
Requirement[2m > 
[22m[2mProperty: 
Requests without 
valid auth are 
rejected with 401 
(Requirement 
2.6)[2m > 
[22m[2mshould 
reject GET 
requests without 
valid 
authentication
[22m[39m[ARCJET] 
WARNING: Running 
without Arcjet 
protection

[90mstderr[2m | t
ests/property/admin
-system-health-fixe
s/settings-auth.pro
perty.test.ts[2m 
> 
[22m[2mFeature: a
dmin-system-health-
fixes, Property 3: 
Settings 
Authentication 
Requirement[2m > 
[22m[2mProperty: 
Requests without 
valid auth are 
rejected with 401 
(Requirement 
2.6)[2m > 
[22m[2mshould 
reject GET 
requests without 
valid 
authentication
[22m[39m[ARCJET] 
WARNING: Running 
without Arcjet 
protection

[90mstderr[2m | t
ests/property/admin
-system-health-fixe
s/settings-auth.pro
perty.test.ts[2m 
> 
[22m[2mFeature: a
dmin-system-health-
fixes, Property 3: 
Settings 
Authentication 
Requirement[2m > 
[22m[2mProperty: 
Requests without 
valid auth are 
rejected with 401 
(Requirement 
2.6)[2m > 
[22m[2mshould 
reject GET 
requests without 
valid 
authentication
[22m[39m[ARCJET] 
WARNING: Running 
without Arcjet 
protection

[90mstderr[2m | t
ests/property/admin
-system-health-fixe
s/settings-auth.pro
perty.test.ts[2m 
> 
[22m[2mFeature: a
dmin-system-health-
fixes, Property 3: 
Settings 
Authentication 
Requirement[2m > 
[22m[2mProperty: 
Requests without 
valid auth are 
rejected with 401 
(Requirement 
2.6)[2m > 
[22m[2mshould 
reject GET 
requests without 
valid 
authentication
[22m[39m[ARCJET] 
WARNING: Running 
without Arcjet 
protection

[90mstderr[2m | t
ests/property/admin
-system-health-fixe
s/settings-auth.pro
perty.test.ts[2m 
> 
[22m[2mFeature: a
dmin-system-health-
fixes, Property 3: 
Settings 
Authentication 
Requirement[2m > 
[22m[2mProperty: 
Requests without 
valid auth are 
rejected with 401 
(Requirement 
2.6)[2m > 
[22m[2mshould 
reject GET 
requests without 
valid 
authentication
[22m[39m[ARCJET] 
WARNING: Running 
without Arcjet 
protection

[90mstderr[2m | t
ests/property/admin
-system-health-fixe
s/settings-auth.pro
perty.test.ts[2m 
> 
[22m[2mFeature: a
dmin-system-health-
fixes, Property 3: 
Settings 
Authentication 
Requirement[2m > 
[22m[2mProperty: 
Requests without 
valid auth are 
rejected with 401 
(Requirement 
2.6)[2m > 
[22m[2mshould 
reject GET 
requests without 
valid 
authentication
[22m[39m[ARCJET] 
WARNING: Running 
without Arcjet 
protection

[90mstderr[2m | t
ests/property/admin
-system-health-fixe
s/settings-auth.pro
perty.test.ts[2m 
> 
[22m[2mFeature: a
dmin-system-health-
fixes, Property 3: 
Settings 
Authentication 
Requirement[2m > 
[22m[2mProperty: 
Requests without 
valid auth are 
rejected with 401 
(Requirement 
2.6)[2m > 
[22m[2mshould 
reject GET 
requests without 
valid 
authentication
[22m[39m[ARCJET] 
WARNING: Running 
without Arcjet 
protection

[90mstderr[2m | t
ests/property/admin
-system-health-fixe
s/settings-auth.pro
perty.test.ts[2m 
> 
[22m[2mFeature: a
dmin-system-health-
fixes, Property 3: 
Settings 
Authentication 
Requirement[2m > 
[22m[2mProperty: 
Requests without 
valid auth are 
rejected with 401 
(Requirement 
2.6)[2m > 
[22m[2mshould 
reject GET 
requests without 
valid 
authentication
[22m[39m[ARCJET] 
WARNING: Running 
without Arcjet 
protection

[90mstderr[2m | t
ests/property/admin
-system-health-fixe
s/settings-auth.pro
perty.test.ts[2m 
> 
[22m[2mFeature: a
dmin-system-health-
fixes, Property 3: 
Settings 
Authentication 
Requirement[2m > 
[22m[2mProperty: 
Requests without 
valid auth are 
rejected with 401 
(Requirement 
2.6)[2m > 
[22m[2mshould 
reject GET 
requests without 
valid 
authentication
[22m[39m[ARCJET] 
WARNING: Running 
without Arcjet 
protection

[90mstderr[2m | t
ests/property/admin
-system-health-fixe
s/settings-auth.pro
perty.test.ts[2m 
> 
[22m[2mFeature: a
dmin-system-health-
fixes, Property 3: 
Settings 
Authentication 
Requirement[2m > 
[22m[2mProperty: 
Requests without 
valid auth are 
rejected with 401 
(Requirement 
2.6)[2m > 
[22m[2mshould 
reject POST 
requests without 
valid 
authentication
[22m[39m[ARCJET] 
WARNING: Running 
without Arcjet 
protection

[90mstderr[2m | t
ests/property/admin
-system-health-fixe
s/settings-auth.pro
perty.test.ts[2m 
> 
[22m[2mFeature: a
dmin-system-health-
fixes, Property 3: 
Settings 
Authentication 
Requirement[2m > 
[22m[2mProperty: 
Requests without 
valid auth are 
rejected with 401 
(Requirement 
2.6)[2m > 
[22m[2mshould 
reject POST 
requests without 
valid 
authentication
[22m[39m[ARCJET] 
WARNING: Running 
without Arcjet 
protection

[90mstderr[2m | t
ests/property/admin
-system-health-fixe
s/settings-auth.pro
perty.test.ts[2m 
> 
[22m[2mFeature: a
dmin-system-health-
fixes, Property 3: 
Settings 
Authentication 
Requirement[2m > 
[22m[2mProperty: 
Requests without 
valid auth are 
rejected with 401 
(Requirement 
2.6)[2m > 
[22m[2mshould 
reject POST 
requests without 
valid 
authentication
[22m[39m[ARCJET] 
WARNING: Running 
without Arcjet 
protection

[90mstderr[2m | t
ests/property/admin
-system-health-fixe
s/settings-auth.pro
perty.test.ts[2m 
> 
[22m[2mFeature: a
dmin-system-health-
fixes, Property 3: 
Settings 
Authentication 
Requirement[2m > 
[22m[2mProperty: 
Requests without 
valid auth are 
rejected with 401 
(Requirement 
2.6)[2m > 
[22m[2mshould 
reject POST 
requests without 
valid 
authentication
[22m[39m[ARCJET] 
WARNING: Running 
without Arcjet 
protection

[90mstderr[2m | t
ests/property/admin
-system-health-fixe
s/settings-auth.pro
perty.test.ts[2m 
> 
[22m[2mFeature: a
dmin-system-health-
fixes, Property 3: 
Settings 
Authentication 
Requirement[2m > 
[22m[2mProperty: 
Requests without 
valid auth are 
rejected with 401 
(Requirement 
2.6)[2m > 
[22m[2mshould 
reject POST 
requests without 
valid 
authentication
[22m[39m[ARCJET] 
WARNING: Running 
without Arcjet 
protection

[90mstderr[2m | t
ests/property/admin
-system-health-fixe
s/settings-auth.pro
perty.test.ts[2m 
> 
[22m[2mFeature: a
dmin-system-health-
fixes, Property 3: 
Settings 
Authentication 
Requirement[2m > 
[22m[2mProperty: 
Requests without 
valid auth are 
rejected with 401 
(Requirement 
2.6)[2m > 
[22m[2mshould 
reject POST 
requests without 
valid 
authentication
[22m[39m[ARCJET] 
WARNING: Running 
without Arcjet 
protection

[90mstderr[2m | t
ests/property/admin
-system-health-fixe
s/settings-auth.pro
perty.test.ts[2m 
> 
[22m[2mFeature: a
dmin-system-health-
fixes, Property 3: 
Settings 
Authentication 
Requirement[2m > 
[22m[2mProperty: 
Requests without 
valid auth are 
rejected with 401 
(Requirement 
2.6)[2m > 
[22m[2mshould 
reject POST 
requests without 
valid 
authentication
[22m[39m[ARCJET] 
WARNING: Running 
without Arcjet 
protection

[90mstderr[2m | t
ests/property/admin
-system-health-fixe
s/settings-auth.pro
perty.test.ts[2m 
> 
[22m[2mFeature: a
dmin-system-health-
fixes, Property 3: 
Settings 
Authentication 
Requirement[2m > 
[22m[2mProperty: 
Requests without 
valid auth are 
rejected with 401 
(Requirement 
2.6)[2m > 
[22m[2mshould 
reject POST 
requests without 
valid 
authentication
[22m[39m[ARCJET] 
WARNING: Running 
without Arcjet 
protection

[90mstderr[2m | t
ests/property/admin
-system-health-fixe
s/settings-auth.pro
perty.test.ts[2m 
> 
[22m[2mFeature: a
dmin-system-health-
fixes, Property 3: 
Settings 
Authentication 
Requirement[2m > 
[22m[2mProperty: 
Requests without 
valid auth are 
rejected with 401 
(Requirement 
2.6)[2m > 
[22m[2mshould 
reject POST 
requests without 
valid 
authentication
[22m[39m[ARCJET] 
WARNING: Running 
without Arcjet 
protection

[90mstderr[2m | t
ests/property/admin
-system-health-fixe
s/settings-auth.pro
perty.test.ts[2m 
> 
[22m[2mFeature: a
dmin-system-health-
fixes, Property 3: 
Settings 
Authentication 
Requirement[2m > 
[22m[2mProperty: 
Requests without 
valid auth are 
rejected with 401 
(Requirement 
2.6)[2m > 
[22m[2mshould 
reject POST 
requests without 
valid 
authentication
[22m[39m[ARCJET] 
WARNING: Running 
without Arcjet 
protection

[90mstderr[2m | t
ests/property/admin
-system-health-fixe
s/settings-auth.pro
perty.test.ts[2m 
> 
[22m[2mFeature: a
dmin-system-health-
fixes, Property 3: 
Settings 
Authentication 
Requirement[2m > 
[22m[2mProperty: 
Requests without 
valid auth are 
rejected with 401 
(Requirement 
2.6)[2m > 
[22m[2mshould 
reject POST 
requests without 
valid 
authentication
[22m[39m[ARCJET] 
WARNING: Running 
without Arcjet 
protection

[90mstderr[2m | t
ests/property/admin
-system-health-fixe
s/settings-auth.pro
perty.test.ts[2m 
> 
[22m[2mFeature: a
dmin-system-health-
fixes, Property 3: 
Settings 
Authentication 
Requirement[2m > 
[22m[2mProperty: 
Requests without 
valid auth are 
rejected with 401 
(Requirement 
2.6)[2m > 
[22m[2mshould 
reject POST 
requests without 
valid 
authentication
[22m[39m[ARCJET] 
WARNING: Running 
without Arcjet 
protection

[90mstderr[2m | t
ests/property/admin
-system-health-fixe
s/settings-auth.pro
perty.test.ts[2m 
> 
[22m[2mFeature: a
dmin-system-health-
fixes, Property 3: 
Settings 
Authentication 
Requirement[2m > 
[22m[2mProperty: 
Requests without 
valid auth are 
rejected with 401 
(Requirement 
2.6)[2m > 
[22m[2mshould 
reject POST 
requests without 
valid 
authentication
[22m[39m[ARCJET] 
WARNING: Running 
without Arcjet 
protection

[90mstderr[2m | t
ests/property/admin
-system-health-fixe
s/settings-auth.pro
perty.test.ts[2m 
> 
[22m[2mFeature: a
dmin-system-health-
fixes, Property 3: 
Settings 
Authentication 
Requirement[2m > 
[22m[2mProperty: 
Requests without 
valid auth are 
rejected with 401 
(Requirement 
2.6)[2m > 
[22m[2mshould 
reject POST 
requests without 
valid 
authentication
[22m[39m[ARCJET] 
WARNING: Running 
without Arcjet 
protection

[90mstderr[2m | t
ests/property/admin
-system-health-fixe
s/settings-auth.pro
perty.test.ts[2m 
> 
[22m[2mFeature: a
dmin-system-health-
fixes, Property 3: 
Settings 
Authentication 
Requirement[2m > 
[22m[2mProperty: 
Requests without 
valid auth are 
rejected with 401 
(Requirement 
2.6)[2m > 
[22m[2mshould 
reject POST 
requests without 
valid 
authentication
[22m[39m[ARCJET] 
WARNING: Running 
without Arcjet 
protection

[90mstdout[2m | tests/property/admin-system-health-fixes/settings-auth.property.test.ts[2m > [22m[2mFeature: admin-system-health-fixes, Property 3: Settings Authentication Requirement[2m > [22m[2mProperty: Requests without valid auth are rejected with 401 (Requirement 2.6)[2m > [22m[2mshould reject GET requests without valid authentication
[22m[39m[AUTH] Token verification failed: Access token verification failed

[90mstdout[2m | tests/property/admin-system-health-fixes/settings-auth.property.test.ts[2m > [22m[2mFeature: admin-system-health-fixes, Property 3: Settings Authentication Requirement[2m > [22m[2mProperty: Requests without valid auth are rejected with 401 (Requirement 2.6)[2m > [22m[2mshould reject GET requests without valid authentication
[22m[39m[AUTH] Token verification failed: Access token verification failed

[90mstdout[2m | tests/property/admin-system-health-fixes/settings-auth.property.test.ts[2m > [22m[2mFeature: admin-system-health-fixes, Property 3: Settings Authentication Requirement[2m > [22m[2mProperty: Requests without valid auth are rejected with 401 (Requirement 2.6)[2m > [22m[2mshould reject GET requests without valid authentication
[22m[39m[AUTH] Token verification failed: Access token verification failed

[90mstdout[2m | tests/property/admin-system-health-fixes/settings-auth.property.test.ts[2m > [22m[2mFeature: admin-system-health-fixes, Property 3: Settings Authentication Requirement[2m > [22m[2mProperty: Requests without valid auth are rejected with 401 (Requirement 2.6)[2m > [22m[2mshould reject GET requests without valid authentication
[22m[39m[AUTH] Token verification failed: Access token verification failed

[90mstdout[2m | tests/property/admin-system-health-fixes/settings-auth.property.test.ts[2m > [22m[2mFeature: admin-system-health-fixes, Property 3: Settings Authentication Requirement[2m > [22m[2mProperty: Requests without valid auth are rejected with 401 (Requirement 2.6)[2m > [22m[2mshould reject GET requests without valid authentication
[22m[39m[AUTH] Token verification failed: Access token verification failed

[90mstdout[2m | tests/property/admin-system-health-fixes/settings-auth.property.test.ts[2m > [22m[2mFeature: admin-system-health-fixes, Property 3: Settings Authentication Requirement[2m > [22m[2mProperty: Requests without valid auth are rejected with 401 (Requirement 2.6)[2m > [22m[2mshould reject GET requests without valid authentication
[22m[39m[AUTH] Token verification failed: Access token verification failed

[90mstdout[2m | tests/property/admin-system-health-fixes/settings-auth.property.test.ts[2m > [22m[2mFeature: admin-system-health-fixes, Property 3: Settings Authentication Requirement[2m > [22m[2mProperty: Requests without valid auth are rejected with 401 (Requirement 2.6)[2m > [22m[2mshould reject GET requests without valid authentication
[22m[39m[AUTH] Token verification failed: Access token verification failed

[90mstdout[2m | tests/property/admin-system-health-fixes/settings-auth.property.test.ts[2m > [22m[2mFeature: admin-system-health-fixes, Property 3: Settings Authentication Requirement[2m > [22m[2mProperty: Requests without valid auth are rejected with 401 (Requirement 2.6)[2m > [22m[2mshould reject POST requests without valid authentication
[22m[39m[AUTH] Token verification failed: Access token verification failed

[90mstdout[2m | tests/property/admin-system-health-fixes/settings-auth.property.test.ts[2m > [22m[2mFeature: admin-system-health-fixes, Property 3: Settings Authentication Requirement[2m > [22m[2mProperty: Requests without valid auth are rejected with 401 (Requirement 2.6)[2m > [22m[2mshould reject POST requests without valid authentication
[22m[39m[AUTH] Token verification failed: Access token verification failed

[90mstdout[2m | tests/property/admin-system-health-fixes/settings-auth.property.test.ts[2m > [22m[2mFeature: admin-system-health-fixes, Property 3: Settings Authentication Requirement[2m > [22m[2mProperty: Requests without valid auth are rejected with 401 (Requirement 2.6)[2m > [22m[2mshould reject POST requests without valid authentication
[22m[39m[AUTH] Token verification failed: Access token verification failed

[90mstdout[2m | tests/property/admin-system-health-fixes/settings-auth.property.test.ts[2m > [22m[2mFeature: admin-system-health-fixes, Property 3: Settings Authentication Requirement[2m > [22m[2mProperty: Requests without valid auth are rejected with 401 (Requirement 2.6)[2m > [22m[2mshould reject POST requests without valid authentication
[22m[39m[AUTH] Token verification failed: Access token verification failed

[90mstderr[2m | t
ests/property/admin
-system-health-fixe
s/settings-auth.pro
perty.test.ts[2m 
> 
[22m[2mFeature: a
dmin-system-health-
fixes, Property 3: 
Settings 
Authentication 
Requirement[2m > 
[22m[2mProperty: 
Requests without 
valid auth are 
rejected with 401 
(Requirement 
2.6)[2m > 
[22m[2mshould 
reject POST 
requests without 
valid 
authentication
[22m[39m[ARCJET] 
WARNING: Running 
without Arcjet 
protection

[90mstderr[2m | t
ests/property/admin
-system-health-fixe
s/settings-auth.pro
perty.test.ts[2m 
> 
[22m[2mFeature: a
dmin-system-health-
fixes, Property 3: 
Settings 
Authentication 
Requirement[2m > 
[22m[2mProperty: 
Requests without 
valid auth are 
rejected with 401 
(Requirement 
2.6)[2m > 
[22m[2mshould 
reject POST 
requests without 
valid 
authentication
[22m[39m[ARCJET] 
WARNING: Running 
without Arcjet 
protection

[90mstdout[2m | tests/property/admin-system-health-fixes/settings-auth.property.test.ts[2m > [22m[2mFeature: admin-system-health-fixes, Property 3: Settings Authentication Requirement[2m > [22m[2mProperty: Requests without valid auth are rejected with 401 (Requirement 2.6)[2m > [22m[2mshould reject POST requests without valid authentication
[22m[39m[AUTH] Token verification failed: Access token verification failed

[90mstderr[2m | t
ests/property/admin
-system-health-fixe
s/settings-auth.pro
perty.test.ts[2m 
> 
[22m[2mFeature: a
dmin-system-health-
fixes, Property 3: 
Settings 
Authentication 
Requirement[2m > 
[22m[2mProperty: 
Requests without 
valid auth are 
rejected with 401 
(Requirement 
2.6)[2m > 
[22m[2mshould 
reject POST 
requests without 
valid 
authentication
[22m[39m[ARCJET] 
WARNING: Running 
without Arcjet 
protection

[90mstderr[2m | t
ests/property/admin
-system-health-fixe
s/settings-auth.pro
perty.test.ts[2m 
> 
[22m[2mFeature: a
dmin-system-health-
fixes, Property 3: 
Settings 
Authentication 
Requirement[2m > 
[22m[2mProperty: 
Requests without 
valid auth are 
rejected with 401 
(Requirement 
2.6)[2m > 
[22m[2mshould 
reject POST 
requests without 
valid 
authentication
[22m[39m[ARCJET] 
WARNING: Running 
without Arcjet 
protection

[90mstderr[2m | t
ests/property/admin
-system-health-fixe
s/settings-auth.pro
perty.test.ts[2m 
> 
[22m[2mFeature: a
dmin-system-health-
fixes, Property 3: 
Settings 
Authentication 
Requirement[2m > 
[22m[2mProperty: 
Requests without 
valid auth are 
rejected with 401 
(Requirement 
2.6)[2m > 
[22m[2mshould 
reject POST 
requests without 
valid 
authentication
[22m[39m[ARCJET] 
WARNING: Running 
without Arcjet 
protection

[90mstdout[2m | tests/property/admin-system-health-fixes/settings-auth.property.test.ts[2m > [22m[2mFeature: admin-system-health-fixes, Property 3: Settings Authentication Requirement[2m > [22m[2mProperty: Requests without valid auth are rejected with 401 (Requirement 2.6)[2m > [22m[2mshould reject POST requests without valid authentication
[22m[39m[AUTH] Token verification failed: Access token verification failed

[90mstderr[2m | t
ests/property/admin
-system-health-fixe
s/settings-auth.pro
perty.test.ts[2m 
> 
[22m[2mFeature: a
dmin-system-health-
fixes, Property 3: 
Settings 
Authentication 
Requirement[2m > 
[22m[2mProperty: 
Requests without 
valid auth are 
rejected with 401 
(Requirement 
2.6)[2m > 
[22m[2mshould 
reject POST 
requests without 
valid 
authentication
[22m[39m[ARCJET] 
WARNING: Running 
without Arcjet 
protection

[90mstderr[2m | t
ests/property/admin
-system-health-fixe
s/settings-auth.pro
perty.test.ts[2m 
> 
[22m[2mFeature: a
dmin-system-health-
fixes, Property 3: 
Settings 
Authentication 
Requirement[2m > 
[22m[2mProperty: 
Requests without 
valid auth are 
rejected with 401 
(Requirement 
2.6)[2m > 
[22m[2mshould 
reject POST 
requests without 
valid 
authentication
[22m[39m[ARCJET] 
WARNING: Running 
without Arcjet 
protection

[90mstderr[2m | t
ests/property/admin
-system-health-fixe
s/settings-auth.pro
perty.test.ts[2m 
> 
[22m[2mFeature: a
dmin-system-health-
fixes, Property 3: 
Settings 
Authentication 
Requirement[2m > 
[22m[2mProperty: 
Requests without 
valid auth are 
rejected with 401 
(Requirement 
2.6)[2m > 
[22m[2mshould 
reject POST 
requests without 
valid 
authentication
[22m[39m[ARCJET] 
WARNING: Running 
without Arcjet 
protection

[90mstderr[2m | t
ests/property/admin
-system-health-fixe
s/settings-auth.pro
perty.test.ts[2m 
> 
[22m[2mFeature: a
dmin-system-health-
fixes, Property 3: 
Settings 
Authentication 
Requirement[2m > 
[22m[2mProperty: 
Requests without 
valid auth are 
rejected with 401 
(Requirement 
2.6)[2m > 
[22m[2mshould 
reject POST 
requests without 
valid 
authentication
[22m[39m[ARCJET] 
WARNING: Running 
without Arcjet 
protection

[90mstderr[2m | t
ests/property/admin
-system-health-fixe
s/settings-auth.pro
perty.test.ts[2m 
> 
[22m[2mFeature: a
dmin-system-health-
fixes, Property 3: 
Settings 
Authentication 
Requirement[2m > 
[22m[2mProperty: 
Requests without 
valid auth are 
rejected with 401 
(Requirement 
2.6)[2m > 
[22m[2mshould 
reject POST 
requests without 
valid 
authentication
[22m[39m[ARCJET] 
WARNING: Running 
without Arcjet 
protection

[90mstderr[2m | t
ests/property/admin
-system-health-fixe
s/settings-auth.pro
perty.test.ts[2m 
> 
[22m[2mFeature: a
dmin-system-health-
fixes, Property 3: 
Settings 
Authentication 
Requirement[2m > 
[22m[2mProperty: 
Requests without 
valid auth are 
rejected with 401 
(Requirement 
2.6)[2m > 
[22m[2mshould 
reject POST 
requests without 
valid 
authentication
[22m[39m[ARCJET] 
WARNING: Running 
without Arcjet 
protection

[90mstdout[2m | tests/property/admin-system-health-fixes/settings-auth.property.test.ts[2m > [22m[2mFeature: admin-system-health-fixes, Property 3: Settings Authentication Requirement[2m > [22m[2mProperty: Requests without valid auth are rejected with 401 (Requirement 2.6)[2m > [22m[2mshould reject POST requests without valid authentication
[22m[39m[AUTH] Token verification failed: Access token verification failed

[90mstderr[2m | t
ests/property/admin
-system-health-fixe
s/settings-auth.pro
perty.test.ts[2m 
> 
[22m[2mFeature: a
dmin-system-health-
fixes, Property 3: 
Settings 
Authentication 
Requirement[2m > 
[22m[2mProperty: 
Requests without 
valid auth are 
rejected with 401 
(Requirement 
2.6)[2m > 
[22m[2mshould 
reject POST 
requests without 
valid 
authentication
[22m[39m[ARCJET] 
WARNING: Running 
without Arcjet 
protection

[90mstderr[2m | t
ests/property/admin
-system-health-fixe
s/settings-auth.pro
perty.test.ts[2m 
> 
[22m[2mFeature: a
dmin-system-health-
fixes, Property 3: 
Settings 
Authentication 
Requirement[2m > 
[22m[2mProperty: 
Requests without 
valid auth are 
rejected with 401 
(Requirement 
2.6)[2m > 
[22m[2mshould 
reject POST 
requests without 
valid 
authentication
[22m[39m[ARCJET] 
WARNING: Running 
without Arcjet 
protection

[90mstderr[2m | t
ests/property/admin
-system-health-fixe
s/settings-auth.pro
perty.test.ts[2m 
> 
[22m[2mFeature: a
dmin-system-health-
fixes, Property 3: 
Settings 
Authentication 
Requirement[2m > 
[22m[2mProperty: 
Requests without 
valid auth are 
rejected with 401 
(Requirement 
2.6)[2m > 
[22m[2mshould 
reject POST 
requests without 
valid 
authentication
[22m[39m[ARCJET] 
WARNING: Running 
without Arcjet 
protection

[90mstdout[2m | tests/property/admin-system-health-fixes/settings-auth.property.test.ts[2m > [22m[2mFeature: admin-system-health-fixes, Property 3: Settings Authentication Requirement[2m > [22m[2mProperty: Requests without valid auth are rejected with 401 (Requirement 2.6)[2m > [22m[2mshould reject POST requests without valid authentication
[22m[39m[AUTH] Token verification failed: Access token verification failed

[90mstderr[2m | t
ests/property/admin
-system-health-fixe
s/settings-auth.pro
perty.test.ts[2m 
> 
[22m[2mFeature: a
dmin-system-health-
fixes, Property 3: 
Settings 
Authentication 
Requirement[2m > 
[22m[2mProperty: 
Requests without 
valid auth are 
rejected with 401 
(Requirement 
2.6)[2m > 
[22m[2mshould 
reject POST 
requests without 
valid 
authentication
[22m[39m[ARCJET] 
WARNING: Running 
without Arcjet 
protection

[90mstdout[2m | tests/property/admin-system-health-fixes/settings-auth.property.test.ts[2m > [22m[2mFeature: admin-system-health-fixes, Property 3: Settings Authentication Requirement[2m > [22m[2mProperty: Requests without valid auth are rejected with 401 (Requirement 2.6)[2m > [22m[2mshould reject POST requests without valid authentication
[22m[39m[AUTH] Token verification failed: Access token verification failed

[90mstderr[2m | t
ests/property/admin
-system-health-fixe
s/settings-auth.pro
perty.test.ts[2m 
> 
[22m[2mFeature: a
dmin-system-health-
fixes, Property 3: 
Settings 
Authentication 
Requirement[2m > 
[22m[2mProperty: 
Requests without 
valid auth are 
rejected with 401 
(Requirement 
2.6)[2m > 
[22m[2mshould 
reject POST 
requests without 
valid 
authentication
[22m[39m[ARCJET] 
WARNING: Running 
without Arcjet 
protection

[90mstderr[2m | t
ests/property/admin
-system-health-fixe
s/settings-auth.pro
perty.test.ts[2m 
> 
[22m[2mFeature: a
dmin-system-health-
fixes, Property 3: 
Settings 
Authentication 
Requirement[2m > 
[22m[2mProperty: 
Requests without 
valid auth are 
rejected with 401 
(Requirement 
2.6)[2m > 
[22m[2mshould 
reject POST 
requests without 
valid 
authentication
[22m[39m[ARCJET] 
WARNING: Running 
without Arcjet 
protection

[90mstderr[2m | t
ests/property/admin
-system-health-fixe
s/settings-auth.pro
perty.test.ts[2m 
> 
[22m[2mFeature: a
dmin-system-health-
fixes, Property 3: 
Settings 
Authentication 
Requirement[2m > 
[22m[2mProperty: 
Requests without 
valid auth are 
rejected with 401 
(Requirement 
2.6)[2m > 
[22m[2mshould 
reject POST 
requests without 
valid 
authentication
[22m[39m[ARCJET] 
WARNING: Running 
without Arcjet 
protection

[90mstderr[2m | t
ests/property/admin
-system-health-fixe
s/settings-auth.pro
perty.test.ts[2m 
> 
[22m[2mFeature: a
dmin-system-health-
fixes, Property 3: 
Settings 
Authentication 
Requirement[2m > 
[22m[2mProperty: 
Requests without 
valid auth are 
rejected with 401 
(Requirement 
2.6)[2m > 
[22m[2mshould 
reject POST 
requests without 
valid 
authentication
[22m[39m[ARCJET] 
WARNING: Running 
without Arcjet 
protection

[90mstdout[2m | tests/property/admin-system-health-fixes/settings-auth.property.test.ts[2m > [22m[2mFeature: admin-system-health-fixes, Property 3: Settings Authentication Requirement[2m > [22m[2mProperty: Requests without valid auth are rejected with 401 (Requirement 2.6)[2m > [22m[2mshould reject POST requests without valid authentication
[22m[39m[AUTH] Token verification failed: Access token verification failed

[90mstdout[2m | tests/property/admin-system-health-fixes/settings-auth.property.test.ts[2m > [22m[2mFeature: admin-system-health-fixes, Property 3: Settings Authentication Requirement[2m > [22m[2mProperty: Requests without valid auth are rejected with 401 (Requirement 2.6)[2m > [22m[2mshould reject POST requests without valid authentication
[22m[39m[AUTH] Token verification failed: Access token verification failed

[90mstdout[2m | tests/property/admin-system-health-fixes/settings-auth.property.test.ts[2m > [22m[2mFeature: admin-system-health-fixes, Property 3: Settings Authentication Requirement[2m > [22m[2mProperty: Requests without valid auth are rejected with 401 (Requirement 2.6)[2m > [22m[2mshould reject POST requests without valid authentication
[22m[39m[AUTH] Token verification failed: Access token verification failed

[90mstdout[2m | tests/property/admin-system-health-fixes/settings-auth.property.test.ts[2m > [22m[2mFeature: admin-system-health-fixes, Property 3: Settings Authentication Requirement[2m > [22m[2mProperty: Requests without valid auth are rejected with 401 (Requirement 2.6)[2m > [22m[2mshould reject POST requests without valid authentication
[22m[39m[AUTH] Token verification failed: Access token verification failed

[90mstdout[2m | tests/property/admin-system-health-fixes/settings-auth.property.test.ts[2m > [22m[2mFeature: admin-system-health-fixes, Property 3: Settings Authentication Requirement[2m > [22m[2mProperty: Requests without valid auth are rejected with 401 (Requirement 2.6)[2m > [22m[2mshould reject POST requests without valid authentication
[22m[39m[AUTH] Token verification failed: Access token verification failed

[90mstderr[2m | t
ests/property/admin
-system-health-fixe
s/settings-auth.pro
perty.test.ts[2m 
> 
[22m[2mFeature: a
dmin-system-health-
fixes, Property 3: 
Settings 
Authentication 
Requirement[2m > 
[22m[2mProperty: 
Requests without 
valid auth are 
rejected with 401 
(Requirement 
2.6)[2m > 
[22m[2mshould 
reject POST 
requests without 
valid 
authentication
[22m[39m[ARCJET] 
WARNING: Running 
without Arcjet 
protection

[90mstderr[2m | t
ests/property/admin
-system-health-fixe
s/settings-auth.pro
perty.test.ts[2m 
> 
[22m[2mFeature: a
dmin-system-health-
fixes, Property 3: 
Settings 
Authentication 
Requirement[2m > 
[22m[2mProperty: 
Requests without 
valid auth are 
rejected with 401 
(Requirement 
2.6)[2m > 
[22m[2mshould 
reject POST 
requests without 
valid 
authentication
[22m[39m[ARCJET] 
WARNING: Running 
without Arcjet 
protection

[90mstderr[2m | t
ests/property/admin
-system-health-fixe
s/settings-auth.pro
perty.test.ts[2m 
> 
[22m[2mFeature: a
dmin-system-health-
fixes, Property 3: 
Settings 
Authentication 
Requirement[2m > 
[22m[2mProperty: 
Requests without 
valid auth are 
rejected with 401 
(Requirement 
2.6)[2m > 
[22m[2mshould 
reject POST 
requests without 
valid 
authentication
[22m[39m[ARCJET] 
WARNING: Running 
without Arcjet 
protection

[90mstderr[2m | t
ests/property/admin
-system-health-fixe
s/settings-auth.pro
perty.test.ts[2m 
> 
[22m[2mFeature: a
dmin-system-health-
fixes, Property 3: 
Settings 
Authentication 
Requirement[2m > 
[22m[2mProperty: 
Requests without 
valid auth are 
rejected with 401 
(Requirement 
2.6)[2m > 
[22m[2mshould 
reject POST 
requests without 
valid 
authentication
[22m[39m[ARCJET] 
WARNING: Running 
without Arcjet 
protection

[90mstderr[2m | t
ests/property/admin
-system-health-fixe
s/settings-auth.pro
perty.test.ts[2m 
> 
[22m[2mFeature: a
dmin-system-health-
fixes, Property 3: 
Settings 
Authentication 
Requirement[2m > 
[22m[2mProperty: 
Requests without 
valid auth are 
rejected with 401 
(Requirement 
2.6)[2m > 
[22m[2mshould 
reject POST 
requests without 
valid 
authentication
[22m[39m[ARCJET] 
WARNING: Running 
without Arcjet 
protection

[90mstderr[2m | t
ests/property/admin
-system-health-fixe
s/settings-auth.pro
perty.test.ts[2m 
> 
[22m[2mFeature: a
dmin-system-health-
fixes, Property 3: 
Settings 
Authentication 
Requirement[2m > 
[22m[2mProperty: 
Requests without 
valid auth are 
rejected with 401 
(Requirement 
2.6)[2m > 
[22m[2mshould 
reject POST 
requests without 
valid 
authentication
[22m[39m[ARCJET] 
WARNING: Running 
without Arcjet 
protection

[90mstderr[2m | t
ests/property/admin
-system-health-fixe
s/settings-auth.pro
perty.test.ts[2m 
> 
[22m[2mFeature: a
dmin-system-health-
fixes, Property 3: 
Settings 
Authentication 
Requirement[2m > 
[22m[2mProperty: 
Requests without 
valid auth are 
rejected with 401 
(Requirement 
2.6)[2m > 
[22m[2mshould 
reject POST 
requests without 
valid 
authentication
[22m[39m[ARCJET] 
WARNING: Running 
without Arcjet 
protection

[90mstderr[2m | t
ests/property/admin
-system-health-fixe
s/settings-auth.pro
perty.test.ts[2m 
> 
[22m[2mFeature: a
dmin-system-health-
fixes, Property 3: 
Settings 
Authentication 
Requirement[2m > 
[22m[2mProperty: 
Requests without 
valid auth are 
rejected with 401 
(Requirement 
2.6)[2m > 
[22m[2mshould 
reject POST 
requests without 
valid 
authentication
[22m[39m[ARCJET] 
WARNING: Running 
without Arcjet 
protection

[90mstderr[2m | t
ests/property/admin
-system-health-fixe
s/settings-auth.pro
perty.test.ts[2m 
> 
[22m[2mFeature: a
dmin-system-health-
fixes, Property 3: 
Settings 
Authentication 
Requirement[2m > 
[22m[2mProperty: 
Requests without 
valid auth are 
rejected with 401 
(Requirement 
2.6)[2m > 
[22m[2mshould 
reject POST 
requests without 
valid 
authentication
[22m[39m[ARCJET] 
WARNING: Running 
without Arcjet 
protection

[90mstderr[2m | t
ests/property/admin
-system-health-fixe
s/settings-auth.pro
perty.test.ts[2m 
> 
[22m[2mFeature: a
dmin-system-health-
fixes, Property 3: 
Settings 
Authentication 
Requirement[2m > 
[22m[2mProperty: 
Requests without 
valid auth are 
rejected with 401 
(Requirement 
2.6)[2m > 
[22m[2mshould 
reject POST 
requests without 
valid 
authentication
[22m[39m[ARCJET] 
WARNING: Running 
without Arcjet 
protection

[90mstderr[2m | t
ests/property/admin
-system-health-fixe
s/settings-auth.pro
perty.test.ts[2m 
> 
[22m[2mFeature: a
dmin-system-health-
fixes, Property 3: 
Settings 
Authentication 
Requirement[2m > 
[22m[2mProperty: 
Requests without 
valid auth are 
rejected with 401 
(Requirement 
2.6)[2m > 
[22m[2mshould 
reject POST 
requests without 
valid 
authentication
[22m[39m[ARCJET] 
WARNING: Running 
without Arcjet 
protection

[90mstderr[2m | t
ests/property/admin
-system-health-fixe
s/settings-auth.pro
perty.test.ts[2m 
> 
[22m[2mFeature: a
dmin-system-health-
fixes, Property 3: 
Settings 
Authentication 
Requirement[2m > 
[22m[2mProperty: 
Requests without 
valid auth are 
rejected with 401 
(Requirement 
2.6)[2m > 
[22m[2mshould 
reject POST 
requests without 
valid 
authentication
[22m[39m[ARCJET] 
WARNING: Running 
without Arcjet 
protection

[90mstderr[2m | t
ests/property/admin
-system-health-fixe
s/settings-auth.pro
perty.test.ts[2m 
> 
[22m[2mFeature: a
dmin-system-health-
fixes, Property 3: 
Settings 
Authentication 
Requirement[2m > 
[22m[2mProperty: 
Requests without 
valid auth are 
rejected with 401 
(Requirement 
2.6)[2m > 
[22m[2mshould 
reject POST 
requests without 
valid 
authentication
[22m[39m[ARCJET] 
WARNING: Running 
without Arcjet 
protection

[90mstderr[2m | t
ests/property/admin
-system-health-fixe
s/settings-auth.pro
perty.test.ts[2m 
> 
[22m[2mFeature: a
dmin-system-health-
fixes, Property 3: 
Settings 
Authentication 
Requirement[2m > 
[22m[2mProperty: 
Requests without 
valid auth are 
rejected with 401 
(Requirement 
2.6)[2m > 
[22m[2mshould 
reject POST 
requests without 
valid 
authentication
[22m[39m[ARCJET] 
WARNING: Running 
without Arcjet 
protection

[90mstderr[2m | t
ests/property/admin
-system-health-fixe
s/settings-auth.pro
perty.test.ts[2m 
> 
[22m[2mFeature: a
dmin-system-health-
fixes, Property 3: 
Settings 
Authentication 
Requirement[2m > 
[22m[2mProperty: 
Requests without 
valid auth are 
rejected with 401 
(Requirement 
2.6)[2m > 
[22m[2mshould 
reject POST 
requests without 
valid 
authentication
[22m[39m[ARCJET] 
WARNING: Running 
without Arcjet 
protection

[90mstderr[2m | t
ests/property/admin
-system-health-fixe
s/settings-auth.pro
perty.test.ts[2m 
> 
[22m[2mFeature: a
dmin-system-health-
fixes, Property 3: 
Settings 
Authentication 
Requirement[2m > 
[22m[2mProperty: 
Requests without 
valid auth are 
rejected with 401 
(Requirement 
2.6)[2m > 
[22m[2mshould 
reject POST 
requests without 
valid 
authentication
[22m[39m[ARCJET] 
WARNING: Running 
without Arcjet 
protection

[90mstderr[2m | t
ests/property/admin
-system-health-fixe
s/settings-auth.pro
perty.test.ts[2m 
> 
[22m[2mFeature: a
dmin-system-health-
fixes, Property 3: 
Settings 
Authentication 
Requirement[2m > 
[22m[2mProperty: 
Requests without 
valid auth are 
rejected with 401 
(Requirement 
2.6)[2m > 
[22m[2mshould 
reject POST 
requests without 
valid 
authentication
[22m[39m[ARCJET] 
WARNING: Running 
without Arcjet 
protection

[90mstderr[2m | t
ests/property/admin
-system-health-fixe
s/settings-auth.pro
perty.test.ts[2m 
> 
[22m[2mFeature: a
dmin-system-health-
fixes, Property 3: 
Settings 
Authentication 
Requirement[2m > 
[22m[2mProperty: 
Requests without 
valid auth are 
rejected with 401 
(Requirement 
2.6)[2m > 
[22m[2mshould 
reject POST 
requests without 
valid 
authentication
[22m[39m[ARCJET] 
WARNING: Running 
without Arcjet 
protection

[90mstdout[2m | tests/property/admin-system-health-fixes/settings-auth.property.test.ts[2m > [22m[2mFeature: admin-system-health-fixes, Property 3: Settings Authentication Requirement[2m > [22m[2mProperty: Requests without valid auth are rejected with 401 (Requirement 2.6)[2m > [22m[2mshould reject POST requests without valid authentication
[22m[39m[AUTH] Token verification failed: Access token verification failed

[90mstderr[2m | t
ests/property/admin
-system-health-fixe
s/settings-auth.pro
perty.test.ts[2m 
> 
[22m[2mFeature: a
dmin-system-health-
fixes, Property 3: 
Settings 
Authentication 
Requirement[2m > 
[22m[2mProperty: 
Requests without 
valid auth are 
rejected with 401 
(Requirement 
2.6)[2m > 
[22m[2mshould 
reject POST 
requests without 
valid 
authentication
[22m[39m[ARCJET] 
WARNING: Running 
without Arcjet 
protection

[90mstderr[2m | t
ests/property/admin
-system-health-fixe
s/settings-auth.pro
perty.test.ts[2m 
> 
[22m[2mFeature: a
dmin-system-health-
fixes, Property 3: 
Settings 
Authentication 
Requirement[2m > 
[22m[2mProperty: 
Requests without 
valid auth are 
rejected with 401 
(Requirement 
2.6)[2m > 
[22m[2mshould 
reject POST 
requests without 
valid 
authentication
[22m[39m[ARCJET] 
WARNING: Running 
without Arcjet 
protection

[90mstderr[2m | t
ests/property/admin
-system-health-fixe
s/settings-auth.pro
perty.test.ts[2m 
> 
[22m[2mFeature: a
dmin-system-health-
fixes, Property 3: 
Settings 
Authentication 
Requirement[2m > 
[22m[2mProperty: 
Requests without 
valid auth are 
rejected with 401 
(Requirement 
2.6)[2m > 
[22m[2mshould 
reject POST 
requests without 
valid 
authentication
[22m[39m[ARCJET] 
WARNING: Running 
without Arcjet 
protection

[90mstderr[2m | t
ests/property/admin
-system-health-fixe
s/settings-auth.pro
perty.test.ts[2m 
> 
[22m[2mFeature: a
dmin-system-health-
fixes, Property 3: 
Settings 
Authentication 
Requirement[2m > 
[22m[2mProperty: 
Requests without 
valid auth are 
rejected with 401 
(Requirement 
2.6)[2m > 
[22m[2mshould 
reject POST 
requests without 
valid 
authentication
[22m[39m[ARCJET] 
WARNING: Running 
without Arcjet 
protection

[90mstdout[2m | tests/property/admin-system-health-fixes/settings-auth.property.test.ts[2m > [22m[2mFeature: admin-system-health-fixes, Property 3: Settings Authentication Requirement[2m > [22m[2mProperty: Requests without valid auth are rejected with 401 (Requirement 2.6)[2m > [22m[2mshould reject POST requests without valid authentication
[22m[39m[AUTH] Token verification failed: Access token verification failed

[90mstderr[2m | t
ests/property/admin
-system-health-fixe
s/settings-auth.pro
perty.test.ts[2m 
> 
[22m[2mFeature: a
dmin-system-health-
fixes, Property 3: 
Settings 
Authentication 
Requirement[2m > 
[22m[2mProperty: 
Requests without 
valid auth are 
rejected with 401 
(Requirement 
2.6)[2m > 
[22m[2mshould 
reject POST 
requests without 
valid 
authentication
[22m[39m[ARCJET] 
WARNING: Running 
without Arcjet 
protection

[90mstdout[2m | tests/property/admin-system-health-fixes/settings-auth.property.test.ts[2m > [22m[2mFeature: admin-system-health-fixes, Property 3: Settings Authentication Requirement[2m > [22m[2mProperty: Requests without valid auth are rejected with 401 (Requirement 2.6)[2m > [22m[2mshould reject POST requests without valid authentication
[22m[39m[AUTH] Token verification failed: Access token verification failed

[90mstderr[2m | t
ests/property/admin
-system-health-fixe
s/settings-auth.pro
perty.test.ts[2m 
> 
[22m[2mFeature: a
dmin-system-health-
fixes, Property 3: 
Settings 
Authentication 
Requirement[2m > 
[22m[2mProperty: 
Requests without 
valid auth are 
rejected with 401 
(Requirement 
2.6)[2m > 
[22m[2mshould 
reject POST 
requests without 
valid 
authentication
[22m[39m[ARCJET] 
WARNING: Running 
without Arcjet 
protection

[90mstderr[2m | t
ests/property/admin
-system-health-fixe
s/settings-auth.pro
perty.test.ts[2m 
> 
[22m[2mFeature: a
dmin-system-health-
fixes, Property 3: 
Settings 
Authentication 
Requirement[2m > 
[22m[2mProperty: 
Requests without 
valid auth are 
rejected with 401 
(Requirement 
2.6)[2m > 
[22m[2mshould 
reject POST 
requests without 
valid 
authentication
[22m[39m[ARCJET] 
WARNING: Running 
without Arcjet 
protection

[90mstdout[2m | tests/property/admin-system-health-fixes/settings-auth.property.test.ts[2m > [22m[2mFeature: admin-system-health-fixes, Property 3: Settings Authentication Requirement[2m > [22m[2mProperty: Requests without valid auth are rejected with 401 (Requirement 2.6)[2m > [22m[2mshould reject POST requests without valid authentication
[22m[39m[AUTH] Token verification failed: Access token verification failed

[90mstderr[2m | t
ests/property/admin
-system-health-fixe
s/settings-auth.pro
perty.test.ts[2m 
> 
[22m[2mFeature: a
dmin-system-health-
fixes, Property 3: 
Settings 
Authentication 
Requirement[2m > 
[22m[2mProperty: 
Requests without 
valid auth are 
rejected with 401 
(Requirement 
2.6)[2m > 
[22m[2mshould 
reject POST 
requests without 
valid 
authentication
[22m[39m[ARCJET] 
WARNING: Running 
without Arcjet 
protection

[90mstdout[2m | tests/property/admin-system-health-fixes/settings-auth.property.test.ts[2m > [22m[2mFeature: admin-system-health-fixes, Property 3: Settings Authentication Requirement[2m > [22m[2mProperty: Requests without valid auth are rejected with 401 (Requirement 2.6)[2m > [22m[2mshould reject POST requests without valid authentication
[22m[39m[AUTH] Token verification failed: Access token verification failed

[90mstderr[2m | t
ests/property/admin
-system-health-fixe
s/settings-auth.pro
perty.test.ts[2m 
> 
[22m[2mFeature: a
dmin-system-health-
fixes, Property 3: 
Settings 
Authentication 
Requirement[2m > 
[22m[2mProperty: 
Requests without 
valid auth are 
rejected with 401 
(Requirement 
2.6)[2m > 
[22m[2mshould 
reject POST 
requests without 
valid 
authentication
[22m[39m[ARCJET] 
WARNING: Running 
without Arcjet 
protection

[90mstdout[2m | tests/property/admin-system-health-fixes/settings-auth.property.test.ts[2m > [22m[2mFeature: admin-system-health-fixes, Property 3: Settings Authentication Requirement[2m > [22m[2mProperty: Requests without valid auth are rejected with 401 (Requirement 2.6)[2m > [22m[2mshould reject POST requests without valid authentication
[22m[39m[AUTH] Token verification failed: Access token verification failed

[90mstderr[2m | t
ests/property/admin
-system-health-fixe
s/settings-auth.pro
perty.test.ts[2m 
> 
[22m[2mFeature: a
dmin-system-health-
fixes, Property 3: 
Settings 
Authentication 
Requirement[2m > 
[22m[2mProperty: 
Requests without 
valid auth are 
rejected with 401 
(Requirement 
2.6)[2m > 
[22m[2mshould 
reject POST 
requests without 
valid 
authentication
[22m[39m[ARCJET] 
WARNING: Running 
without Arcjet 
protection

[90mstderr[2m | t
ests/property/admin
-system-health-fixe
s/settings-auth.pro
perty.test.ts[2m 
> 
[22m[2mFeature: a
dmin-system-health-
fixes, Property 3: 
Settings 
Authentication 
Requirement[2m > 
[22m[2mProperty: 
Requests without 
valid auth are 
rejected with 401 
(Requirement 
2.6)[2m > 
[22m[2mshould 
reject POST 
requests without 
valid 
authentication
[22m[39m[ARCJET] 
WARNING: Running 
without Arcjet 
protection

[90mstdout[2m | tests/property/admin-system-health-fixes/settings-auth.property.test.ts[2m > [22m[2mFeature: admin-system-health-fixes, Property 3: Settings Authentication Requirement[2m > [22m[2mProperty: Requests without valid auth are rejected with 401 (Requirement 2.6)[2m > [22m[2mshould reject POST requests without valid authentication
[22m[39m[AUTH] Token verification failed: Access token verification failed

[90mstderr[2m | t
ests/property/admin
-system-health-fixe
s/settings-auth.pro
perty.test.ts[2m 
> 
[22m[2mFeature: a
dmin-system-health-
fixes, Property 3: 
Settings 
Authentication 
Requirement[2m > 
[22m[2mProperty: 
Requests without 
valid auth are 
rejected with 401 
(Requirement 
2.6)[2m > 
[22m[2mshould 
reject POST 
requests without 
valid 
authentication
[22m[39m[ARCJET] 
WARNING: Running 
without Arcjet 
protection

[90mstderr[2m | t
ests/property/admin
-system-health-fixe
s/settings-auth.pro
perty.test.ts[2m 
> 
[22m[2mFeature: a
dmin-system-health-
fixes, Property 3: 
Settings 
Authentication 
Requirement[2m > 
[22m[2mProperty: 
Requests without 
valid auth are 
rejected with 401 
(Requirement 
2.6)[2m > 
[22m[2mshould 
reject POST 
requests without 
valid 
authentication
[22m[39m[ARCJET] 
WARNING: Running 
without Arcjet 
protection

[90mstderr[2m | t
ests/property/admin
-system-health-fixe
s/settings-auth.pro
perty.test.ts[2m 
> 
[22m[2mFeature: a
dmin-system-health-
fixes, Property 3: 
Settings 
Authentication 
Requirement[2m > 
[22m[2mProperty: 
Requests without 
valid auth are 
rejected with 401 
(Requirement 
2.6)[2m > 
[22m[2mshould 
reject POST 
requests without 
valid 
authentication
[22m[39m[ARCJET] 
WARNING: Running 
without Arcjet 
protection

[90mstderr[2m | t
ests/property/admin
-system-health-fixe
s/settings-auth.pro
perty.test.ts[2m 
> 
[22m[2mFeature: a
dmin-system-health-
fixes, Property 3: 
Settings 
Authentication 
Requirement[2m > 
[22m[2mProperty: 
Requests without 
valid auth are 
rejected with 401 
(Requirement 
2.6)[2m > 
[22m[2mshould 
reject POST 
requests without 
valid 
authentication
[22m[39m[ARCJET] 
WARNING: Running 
without Arcjet 
protection

[90mstderr[2m | t
ests/property/admin
-system-health-fixe
s/settings-auth.pro
perty.test.ts[2m 
> 
[22m[2mFeature: a
dmin-system-health-
fixes, Property 3: 
Settings 
Authentication 
Requirement[2m > 
[22m[2mProperty: 
Requests without 
valid auth are 
rejected with 401 
(Requirement 
2.6)[2m > 
[22m[2mshould 
reject POST 
requests without 
valid 
authentication
[22m[39m[ARCJET] 
WARNING: Running 
without Arcjet 
protection

[90mstderr[2m | t
ests/property/admin
-system-health-fixe
s/settings-auth.pro
perty.test.ts[2m 
> 
[22m[2mFeature: a
dmin-system-health-
fixes, Property 3: 
Settings 
Authentication 
Requirement[2m > 
[22m[2mProperty: 
Requests without 
valid auth are 
rejected with 401 
(Requirement 
2.6)[2m > 
[22m[2mshould 
reject POST 
requests without 
valid 
authentication
[22m[39m[ARCJET] 
WARNING: Running 
without Arcjet 
protection

[90mstderr[2m | t
ests/property/admin
-system-health-fixe
s/settings-auth.pro
perty.test.ts[2m 
> 
[22m[2mFeature: a
dmin-system-health-
fixes, Property 3: 
Settings 
Authentication 
Requirement[2m > 
[22m[2mProperty: 
Requests without 
valid auth are 
rejected with 401 
(Requirement 
2.6)[2m > 
[22m[2mshould 
reject POST 
requests without 
valid 
authentication
[22m[39m[ARCJET] 
WARNING: Running 
without Arcjet 
protection

[90mstderr[2m | t
ests/property/admin
-system-health-fixe
s/settings-auth.pro
perty.test.ts[2m 
> 
[22m[2mFeature: a
dmin-system-health-
fixes, Property 3: 
Settings 
Authentication 
Requirement[2m > 
[22m[2mProperty: 
Requests without 
valid auth are 
rejected with 401 
(Requirement 
2.6)[2m > 
[22m[2mshould 
reject POST 
requests without 
valid 
authentication
[22m[39m[ARCJET] 
WARNING: Running 
without Arcjet 
protection

[90mstderr[2m | t
ests/property/admin
-system-health-fixe
s/settings-auth.pro
perty.test.ts[2m 
> 
[22m[2mFeature: a
dmin-system-health-
fixes, Property 3: 
Settings 
Authentication 
Requirement[2m > 
[22m[2mProperty: 
Requests without 
valid auth are 
rejected with 401 
(Requirement 
2.6)[2m > 
[22m[2mshould 
reject POST 
requests without 
valid 
authentication
[22m[39m[ARCJET] 
WARNING: Running 
without Arcjet 
protection

[90mstderr[2m | t
ests/property/admin
-system-health-fixe
s/settings-auth.pro
perty.test.ts[2m 
> 
[22m[2mFeature: a
dmin-system-health-
fixes, Property 3: 
Settings 
Authentication 
Requirement[2m > 
[22m[2mProperty: 
Requests without 
valid auth are 
rejected with 401 
(Requirement 
2.6)[2m > 
[22m[2mshould 
reject POST 
requests without 
valid 
authentication
[22m[39m[ARCJET] 
WARNING: Running 
without Arcjet 
protection

[90mstderr[2m | t
ests/property/admin
-system-health-fixe
s/settings-auth.pro
perty.test.ts[2m 
> 
[22m[2mFeature: a
dmin-system-health-
fixes, Property 3: 
Settings 
Authentication 
Requirement[2m > 
[22m[2mProperty: 
Requests without 
valid auth are 
rejected with 401 
(Requirement 
2.6)[2m > 
[22m[2mshould 
reject POST 
requests without 
valid 
authentication
[22m[39m[ARCJET] 
WARNING: Running 
without Arcjet 
protection

[90mstderr[2m | t
ests/property/admin
-system-health-fixe
s/settings-auth.pro
perty.test.ts[2m 
> 
[22m[2mFeature: a
dmin-system-health-
fixes, Property 3: 
Settings 
Authentication 
Requirement[2m > 
[22m[2mProperty: 
Requests without 
valid auth are 
rejected with 401 
(Requirement 
2.6)[2m > 
[22m[2mshould 
reject POST 
requests without 
valid 
authentication
[22m[39m[ARCJET] 
WARNING: Running 
without Arcjet 
protection

[90mstderr[2m | t
ests/property/admin
-system-health-fixe
s/settings-auth.pro
perty.test.ts[2m 
> 
[22m[2mFeature: a
dmin-system-health-
fixes, Property 3: 
Settings 
Authentication 
Requirement[2m > 
[22m[2mProperty: 
Requests without 
valid auth are 
rejected with 401 
(Requirement 
2.6)[2m > 
[22m[2mshould 
reject POST 
requests without 
valid 
authentication
[22m[39m[ARCJET] 
WARNING: Running 
without Arcjet 
protection

[90mstderr[2m | t
ests/property/admin
-system-health-fixe
s/settings-auth.pro
perty.test.ts[2m 
> 
[22m[2mFeature: a
dmin-system-health-
fixes, Property 3: 
Settings 
Authentication 
Requirement[2m > 
[22m[2mProperty: 
Requests without 
valid auth are 
rejected with 401 
(Requirement 
2.6)[2m > 
[22m[2mshould 
reject POST 
requests without 
valid 
authentication
[22m[39m[ARCJET] 
WARNING: Running 
without Arcjet 
protection

[90mstderr[2m | t
ests/property/admin
-system-health-fixe
s/settings-auth.pro
perty.test.ts[2m 
> 
[22m[2mFeature: a
dmin-system-health-
fixes, Property 3: 
Settings 
Authentication 
Requirement[2m > 
[22m[2mProperty: 
Requests without 
valid auth are 
rejected with 401 
(Requirement 
2.6)[2m > 
[22m[2mshould 
reject POST 
requests without 
valid 
authentication
[22m[39m[ARCJET] 
WARNING: Running 
without Arcjet 
protection

[90mstderr[2m | t
ests/property/admin
-system-health-fixe
s/settings-auth.pro
perty.test.ts[2m 
> 
[22m[2mFeature: a
dmin-system-health-
fixes, Property 3: 
Settings 
Authentication 
Requirement[2m > 
[22m[2mProperty: 
Requests without 
valid auth are 
rejected with 401 
(Requirement 
2.6)[2m > 
[22m[2mshould 
reject POST 
requests without 
valid 
authentication
[22m[39m[ARCJET] 
WARNING: Running 
without Arcjet 
protection

[90mstderr[2m | t
ests/property/admin
-system-health-fixe
s/settings-auth.pro
perty.test.ts[2m 
> 
[22m[2mFeature: a
dmin-system-health-
fixes, Property 3: 
Settings 
Authentication 
Requirement[2m > 
[22m[2mProperty: 
Requests without 
valid auth are 
rejected with 401 
(Requirement 
2.6)[2m > 
[22m[2mshould 
reject POST 
requests without 
valid 
authentication
[22m[39m[ARCJET] 
WARNING: Running 
without Arcjet 
protection

[90mstderr[2m | t
ests/property/admin
-system-health-fixe
s/settings-auth.pro
perty.test.ts[2m 
> 
[22m[2mFeature: a
dmin-system-health-
fixes, Property 3: 
Settings 
Authentication 
Requirement[2m > 
[22m[2mProperty: 
Requests without 
valid auth are 
rejected with 401 
(Requirement 
2.6)[2m > 
[22m[2mshould 
reject POST 
requests without 
valid 
authentication
[22m[39m[ARCJET] 
WARNING: Running 
without Arcjet 
protection

[90mstderr[2m | t
ests/property/admin
-system-health-fixe
s/settings-auth.pro
perty.test.ts[2m 
> 
[22m[2mFeature: a
dmin-system-health-
fixes, Property 3: 
Settings 
Authentication 
Requirement[2m > 
[22m[2mProperty: 
Requests without 
valid auth are 
rejected with 401 
(Requirement 
2.6)[2m > 
[22m[2mshould 
reject POST 
requests without 
valid 
authentication
[22m[39m[ARCJET] 
WARNING: Running 
without Arcjet 
protection

[90mstderr[2m | t
ests/property/admin
-system-health-fixe
s/settings-auth.pro
perty.test.ts[2m 
> 
[22m[2mFeature: a
dmin-system-health-
fixes, Property 3: 
Settings 
Authentication 
Requirement[2m > 
[22m[2mProperty: 
Requests without 
valid auth are 
rejected with 401 
(Requirement 
2.6)[2m > 
[22m[2mshould 
reject POST 
requests without 
valid 
authentication
[22m[39m[ARCJET] 
WARNING: Running 
without Arcjet 
protection

[90mstderr[2m | t
ests/property/admin
-system-health-fixe
s/settings-auth.pro
perty.test.ts[2m 
> 
[22m[2mFeature: a
dmin-system-health-
fixes, Property 3: 
Settings 
Authentication 
Requirement[2m > 
[22m[2mProperty: 
Requests without 
valid auth are 
rejected with 401 
(Requirement 
2.6)[2m > 
[22m[2mshould 
reject POST 
requests without 
valid 
authentication
[22m[39m[ARCJET] 
WARNING: Running 
without Arcjet 
protection

[90mstderr[2m | t
ests/property/admin
-system-health-fixe
s/settings-auth.pro
perty.test.ts[2m 
> 
[22m[2mFeature: a
dmin-system-health-
fixes, Property 3: 
Settings 
Authentication 
Requirement[2m > 
[22m[2mProperty: 
Requests without 
valid auth are 
rejected with 401 
(Requirement 
2.6)[2m > 
[22m[2mshould 
reject POST 
requests without 
valid 
authentication
[22m[39m[ARCJET] 
WARNING: Running 
without Arcjet 
protection

[90mstderr[2m | t
ests/property/admin
-system-health-fixe
s/settings-auth.pro
perty.test.ts[2m 
> 
[22m[2mFeature: a
dmin-system-health-
fixes, Property 3: 
Settings 
Authentication 
Requirement[2m > 
[22m[2mProperty: 
Requests without 
valid auth are 
rejected with 401 
(Requirement 
2.6)[2m > 
[22m[2mshould 
reject POST 
requests without 
valid 
authentication
[22m[39m[ARCJET] 
WARNING: Running 
without Arcjet 
protection

[90mstderr[2m | t
ests/property/admin
-system-health-fixe
s/settings-auth.pro
perty.test.ts[2m 
> 
[22m[2mFeature: a
dmin-system-health-
fixes, Property 3: 
Settings 
Authentication 
Requirement[2m > 
[22m[2mProperty: 
Requests without 
valid auth are 
rejected with 401 
(Requirement 
2.6)[2m > 
[22m[2mshould 
reject POST 
requests without 
valid 
authentication
[22m[39m[ARCJET] 
WARNING: Running 
without Arcjet 
protection

[90mstdout[2m | tests/property/admin-system-health-fixes/settings-auth.property.test.ts[2m > [22m[2mFeature: admin-system-health-fixes, Property 3: Settings Authentication Requirement[2m > [22m[2mProperty: Requests without valid auth are rejected with 401 (Requirement 2.6)[2m > [22m[2mshould reject POST requests without valid authentication
[22m[39m[AUTH] Token verification failed: Access token verification failed

[90mstdout[2m | tests/property/admin-system-health-fixes/settings-auth.property.test.ts[2m > [22m[2mFeature: admin-system-health-fixes, Property 3: Settings Authentication Requirement[2m > [22m[2mProperty: Requests without valid auth are rejected with 401 (Requirement 2.6)[2m > [22m[2mshould reject POST requests without valid authentication
[22m[39m[AUTH] Token verification failed: Access token verification failed

[90mstdout[2m | tests/property/admin-system-health-fixes/settings-auth.property.test.ts[2m > [22m[2mFeature: admin-system-health-fixes, Property 3: Settings Authentication Requirement[2m > [22m[2mProperty: Requests without valid auth are rejected with 401 (Requirement 2.6)[2m > [22m[2mshould reject POST requests without valid authentication
[22m[39m[AUTH] Token verification failed: Access token verification failed

[90mstdout[2m | tests/property/admin-system-health-fixes/settings-auth.property.test.ts[2m > [22m[2mFeature: admin-system-health-fixes, Property 3: Settings Authentication Requirement[2m > [22m[2mProperty: Requests without valid auth are rejected with 401 (Requirement 2.6)[2m > [22m[2mshould reject POST requests without valid authentication
[22m[39m[AUTH] Token verification failed: Access token verification failed

[90mstdout[2m | tests/property/admin-system-health-fixes/settings-auth.property.test.ts[2m > [22m[2mFeature: admin-system-health-fixes, Property 3: Settings Authentication Requirement[2m > [22m[2mProperty: Requests without valid auth are rejected with 401 (Requirement 2.6)[2m > [22m[2mshould reject POST requests without valid authentication
[22m[39m[AUTH] Token verification failed: Access token verification failed

[90mstdout[2m | tests/property/admin-system-health-fixes/settings-auth.property.test.ts[2m > [22m[2mFeature: admin-system-health-fixes, Property 3: Settings Authentication Requirement[2m > [22m[2mProperty: Requests without valid auth are rejected with 401 (Requirement 2.6)[2m > [22m[2mshould reject POST requests without valid authentication
[22m[39m[AUTH] Token verification failed: Access token verification failed

[90mstdout[2m | tests/property/admin-system-health-fixes/settings-auth.property.test.ts[2m > [22m[2mFeature: admin-system-health-fixes, Property 3: Settings Authentication Requirement[2m > [22m[2mProperty: Requests without valid auth are rejected with 401 (Requirement 2.6)[2m > [22m[2mshould reject POST requests without valid authentication
[22m[39m[AUTH] Token verification failed: Access token verification failed

[90mstdout[2m | tests/property/admin-system-health-fixes/settings-auth.property.test.ts[2m > [22m[2mFeature: admin-system-health-fixes, Property 3: Settings Authentication Requirement[2m > [22m[2mProperty: Requests without valid auth are rejected with 401 (Requirement 2.6)[2m > [22m[2mshould reject POST requests without valid authentication
[22m[39m[AUTH] Token verification failed: Access token verification failed

[90mstdout[2m | tests/property/admin-system-health-fixes/settings-auth.property.test.ts[2m > [22m[2mFeature: admin-system-health-fixes, Property 3: Settings Authentication Requirement[2m > [22m[2mProperty: Requests without valid auth are rejected with 401 (Requirement 2.6)[2m > [22m[2mshould reject POST requests without valid authentication
[22m[39m[AUTH] Token verification failed: Access token verification failed

[90mstdout[2m | tests/property/admin-system-health-fixes/settings-auth.property.test.ts[2m > [22m[2mFeature: admin-system-health-fixes, Property 3: Settings Authentication Requirement[2m > [22m[2mProperty: Requests without valid auth are rejected with 401 (Requirement 2.6)[2m > [22m[2mshould reject POST requests without valid authentication
[22m[39m[AUTH] Token verification failed: Access token verification failed

[90mstdout[2m | tests/property/admin-system-health-fixes/settings-auth.property.test.ts[2m > [22m[2mFeature: admin-system-health-fixes, Property 3: Settings Authentication Requirement[2m > [22m[2mProperty: Requests without valid auth are rejected with 401 (Requirement 2.6)[2m > [22m[2mshould reject POST requests without valid authentication
[22m[39m[AUTH] Token verification failed: Access token verification failed

[90mstdout[2m | tests/property/admin-system-health-fixes/settings-auth.property.test.ts[2m > [22m[2mFeature: admin-system-health-fixes, Property 3: Settings Authentication Requirement[2m > [22m[2mProperty: Requests without valid auth are rejected with 401 (Requirement 2.6)[2m > [22m[2mshould reject POST requests without valid authentication
[22m[39m[AUTH] Token verification failed: Access token verification failed

[90mstdout[2m | tests/property/admin-system-health-fixes/settings-auth.property.test.ts[2m > [22m[2mFeature: admin-system-health-fixes, Property 3: Settings Authentication Requirement[2m > [22m[2mProperty: Requests without valid auth are rejected with 401 (Requirement 2.6)[2m > [22m[2mshould reject POST requests without valid authentication
[22m[39m[AUTH] Token verification failed: Access token verification failed

[90mstdout[2m | tests/property/admin-system-health-fixes/settings-auth.property.test.ts[2m > [22m[2mFeature: admin-system-health-fixes, Property 3: Settings Authentication Requirement[2m > [22m[2mProperty: Requests without valid auth are rejected with 401 (Requirement 2.6)[2m > [22m[2mshould reject POST requests without valid authentication
[22m[39m[AUTH] Token verification failed: Access token verification failed

[90mstdout[2m | tests/property/admin-system-health-fixes/settings-auth.property.test.ts[2m > [22m[2mFeature: admin-system-health-fixes, Property 3: Settings Authentication Requirement[2m > [22m[2mProperty: Requests without valid auth are rejected with 401 (Requirement 2.6)[2m > [22m[2mshould reject POST requests without valid authentication
[22m[39m[AUTH] Token verification failed: Access token verification failed

[90mstderr[2m | t
ests/property/admin
-system-health-fixe
s/settings-auth.pro
perty.test.ts[2m 
> 
[22m[2mFeature: a
dmin-system-health-
fixes, Property 3: 
Settings 
Authentication 
Requirement[2m > 
[22m[2mProperty: 
Requests without 
valid auth are 
rejected with 401 
(Requirement 
2.6)[2m > 
[22m[2mshould 
reject POST 
requests without 
valid 
authentication
[22m[39m[ARCJET] 
WARNING: Running 
without Arcjet 
protection

[90mstderr[2m | t
ests/property/admin
-system-health-fixe
s/settings-auth.pro
perty.test.ts[2m 
> 
[22m[2mFeature: a
dmin-system-health-
fixes, Property 3: 
Settings 
Authentication 
Requirement[2m > 
[22m[2mProperty: 
Requests without 
valid auth are 
rejected with 401 
(Requirement 
2.6)[2m > 
[22m[2mshould 
reject POST 
requests without 
valid 
authentication
[22m[39m[ARCJET] 
WARNING: Running 
without Arcjet 
protection

[90mstderr[2m | t
ests/property/admin
-system-health-fixe
s/settings-auth.pro
perty.test.ts[2m 
> 
[22m[2mFeature: a
dmin-system-health-
fixes, Property 3: 
Settings 
Authentication 
Requirement[2m > 
[22m[2mProperty: 
Requests without 
valid auth are 
rejected with 401 
(Requirement 
2.6)[2m > 
[22m[2mshould 
reject POST 
requests without 
valid 
authentication
[22m[39m[ARCJET] 
WARNING: Running 
without Arcjet 
protection

[90mstderr[2m | t
ests/property/admin
-system-health-fixe
s/settings-auth.pro
perty.test.ts[2m 
> 
[22m[2mFeature: a
dmin-system-health-
fixes, Property 3: 
Settings 
Authentication 
Requirement[2m > 
[22m[2mProperty: 
Requests without 
valid auth are 
rejected with 401 
(Requirement 
2.6)[2m > 
[22m[2mshould 
reject POST 
requests without 
valid 
authentication
[22m[39m[ARCJET] 
WARNING: Running 
without Arcjet 
protection

[90mstderr[2m | t
ests/property/admin
-system-health-fixe
s/settings-auth.pro
perty.test.ts[2m 
> 
[22m[2mFeature: a
dmin-system-health-
fixes, Property 3: 
Settings 
Authentication 
Requirement[2m > 
[22m[2mProperty: 
Requests without 
valid auth are 
rejected with 401 
(Requirement 
2.6)[2m > 
[22m[2mshould 
reject POST 
requests without 
valid 
authentication
[22m[39m[ARCJET] 
WARNING: Running 
without Arcjet 
protection

[90mstderr[2m | t
ests/property/admin
-system-health-fixe
s/settings-auth.pro
perty.test.ts[2m 
> 
[22m[2mFeature: a
dmin-system-health-
fixes, Property 3: 
Settings 
Authentication 
Requirement[2m > 
[22m[2mProperty: 
Requests without 
valid auth are 
rejected with 401 
(Requirement 
2.6)[2m > 
[22m[2mshould 
reject POST 
requests without 
valid 
authentication
[22m[39m[ARCJET] 
WARNING: Running 
without Arcjet 
protection

[90mstderr[2m | t
ests/property/admin
-system-health-fixe
s/settings-auth.pro
perty.test.ts[2m 
> 
[22m[2mFeature: a
dmin-system-health-
fixes, Property 3: 
Settings 
Authentication 
Requirement[2m > 
[22m[2mProperty: 
Requests without 
valid auth are 
rejected with 401 
(Requirement 
2.6)[2m > 
[22m[2mshould 
reject POST 
requests without 
valid 
authentication
[22m[39m[ARCJET] 
WARNING: Running 
without Arcjet 
protection

[90mstderr[2m | t
ests/property/admin
-system-health-fixe
s/settings-auth.pro
perty.test.ts[2m 
> 
[22m[2mFeature: a
dmin-system-health-
fixes, Property 3: 
Settings 
Authentication 
Requirement[2m > 
[22m[2mProperty: 
Requests without 
valid auth are 
rejected with 401 
(Requirement 
2.6)[2m > 
[22m[2mshould 
reject POST 
requests without 
valid 
authentication
[22m[39m[ARCJET] 
WARNING: Running 
without Arcjet 
protection

[90mstderr[2m | t
ests/property/admin
-system-health-fixe
s/settings-auth.pro
perty.test.ts[2m 
> 
[22m[2mFeature: a
dmin-system-health-
fixes, Property 3: 
Settings 
Authentication 
Requirement[2m > 
[22m[2mProperty: 
Requests without 
valid auth are 
rejected with 401 
(Requirement 
2.6)[2m > 
[22m[2mshould 
reject POST 
requests without 
valid 
authentication
[22m[39m[ARCJET] 
WARNING: Running 
without Arcjet 
protection

[90mstderr[2m | t
ests/property/admin
-system-health-fixe
s/settings-auth.pro
perty.test.ts[2m 
> 
[22m[2mFeature: a
dmin-system-health-
fixes, Property 3: 
Settings 
Authentication 
Requirement[2m > 
[22m[2mProperty: 
Requests without 
valid auth are 
rejected with 401 
(Requirement 
2.6)[2m > 
[22m[2mshould 
reject POST 
requests without 
valid 
authentication
[22m[39m[ARCJET] 
WARNING: Running 
without Arcjet 
protection

[90mstderr[2m | t
ests/property/admin
-system-health-fixe
s/settings-auth.pro
perty.test.ts[2m 
> 
[22m[2mFeature: a
dmin-system-health-
fixes, Property 3: 
Settings 
Authentication 
Requirement[2m > 
[22m[2mProperty: 
Requests without 
valid auth are 
rejected with 401 
(Requirement 
2.6)[2m > 
[22m[2mshould 
reject POST 
requests without 
valid 
authentication
[22m[39m[ARCJET] 
WARNING: Running 
without Arcjet 
protection

[90mstderr[2m | t
ests/property/admin
-system-health-fixe
s/settings-auth.pro
perty.test.ts[2m 
> 
[22m[2mFeature: a
dmin-system-health-
fixes, Property 3: 
Settings 
Authentication 
Requirement[2m > 
[22m[2mProperty: 
Requests without 
valid auth are 
rejected with 401 
(Requirement 
2.6)[2m > 
[22m[2mshould 
reject POST 
requests without 
valid 
authentication
[22m[39m[ARCJET] 
WARNING: Running 
without Arcjet 
protection

[90mstderr[2m | t
ests/property/admin
-system-health-fixe
s/settings-auth.pro
perty.test.ts[2m 
> 
[22m[2mFeature: a
dmin-system-health-
fixes, Property 3: 
Settings 
Authentication 
Requirement[2m > 
[22m[2mProperty: 
Requests without 
valid auth are 
rejected with 401 
(Requirement 
2.6)[2m > 
[22m[2mshould 
reject POST 
requests without 
valid 
authentication
[22m[39m[ARCJET] 
WARNING: Running 
without Arcjet 
protection

 [32mΓ£ô[39m tests/property/admin-system-health-fixes/settings-auth.property.test.ts[2m > [22mFeature: admin-system-health-fixes, Property 3: Settings Authentication Requirement[2m > [22mProperty: Requests without valid auth are rejected with 401 (Requirement 2.6)[2m > [22mshould reject GET requests without valid authentication[33m 9802[2mms[22m[39m
[90mstderr[2m | t
ests/property/admin
-system-health-fixe
s/settings-auth.pro
perty.test.ts[2m 
> 
[22m[2mFeature: a
dmin-system-health-
fixes, Property 3: 
Settings 
Authentication 
Requirement[2m > 
[22m[2mProperty: 
Requests without 
valid auth are 
rejected with 401 
(Requirement 
2.6)[2m > 
[22m[2mshould 
reject PUT 
requests without 
valid 
authentication
[22m[39m[ARCJET] 
WARNING: Running 
without Arcjet 
protection

[90mstdout[2m | tests/property/admin-system-health-fixes/settings-auth.property.test.ts[2m > [22m[2mFeature: admin-system-health-fixes, Property 3: Settings Authentication Requirement[2m > [22m[2mProperty: Requests without valid auth are rejected with 401 (Requirement 2.6)[2m > [22m[2mshould reject PUT requests without valid authentication
[22m[39m[AUTH] Token verification failed: Access token verification failed

[90mstderr[2m | t
ests/property/admin
-system-health-fixe
s/settings-auth.pro
perty.test.ts[2m 
> 
[22m[2mFeature: a
dmin-system-health-
fixes, Property 3: 
Settings 
Authentication 
Requirement[2m > 
[22m[2mProperty: 
Requests without 
valid auth are 
rejected with 401 
(Requirement 
2.6)[2m > 
[22m[2mshould 
reject PUT 
requests without 
valid 
authentication
[22m[39m[ARCJET] 
WARNING: Running 
without Arcjet 
protection

[90mstderr[2m | t
ests/property/admin
-system-health-fixe
s/settings-auth.pro
perty.test.ts[2m 
> 
[22m[2mFeature: a
dmin-system-health-
fixes, Property 3: 
Settings 
Authentication 
Requirement[2m > 
[22m[2mProperty: 
Requests without 
valid auth are 
rejected with 401 
(Requirement 
2.6)[2m > 
[22m[2mshould 
reject PUT 
requests without 
valid 
authentication
[22m[39m[ARCJET] 
WARNING: Running 
without Arcjet 
protection

[90mstderr[2m | t
ests/property/admin
-system-health-fixe
s/settings-auth.pro
perty.test.ts[2m 
> 
[22m[2mFeature: a
dmin-system-health-
fixes, Property 3: 
Settings 
Authentication 
Requirement[2m > 
[22m[2mProperty: 
Requests without 
valid auth are 
rejected with 401 
(Requirement 
2.6)[2m > 
[22m[2mshould 
reject PUT 
requests without 
valid 
authentication
[22m[39m[ARCJET] 
WARNING: Running 
without Arcjet 
protection

[90mstdout[2m | tests/property/admin-system-health-fixes/settings-auth.property.test.ts[2m > [22m[2mFeature: admin-system-health-fixes, Property 3: Settings Authentication Requirement[2m > [22m[2mProperty: Requests without valid auth are rejected with 401 (Requirement 2.6)[2m > [22m[2mshould reject PUT requests without valid authentication
[22m[39m[AUTH] Token verification failed: Access token verification failed

[90mstderr[2m | t
ests/property/admin
-system-health-fixe
s/settings-auth.pro
perty.test.ts[2m 
> 
[22m[2mFeature: a
dmin-system-health-
fixes, Property 3: 
Settings 
Authentication 
Requirement[2m > 
[22m[2mProperty: 
Requests without 
valid auth are 
rejected with 401 
(Requirement 
2.6)[2m > 
[22m[2mshould 
reject PUT 
requests without 
valid 
authentication
[22m[39m[ARCJET] 
WARNING: Running 
without Arcjet 
protection

[90mstdout[2m | tests/property/admin-system-health-fixes/settings-auth.property.test.ts[2m > [22m[2mFeature: admin-system-health-fixes, Property 3: Settings Authentication Requirement[2m > [22m[2mProperty: Requests without valid auth are rejected with 401 (Requirement 2.6)[2m > [22m[2mshould reject PUT requests without valid authentication
[22m[39m[AUTH] Token verification failed: Access token verification failed

[90mstderr[2m | t
ests/property/admin
-system-health-fixe
s/settings-auth.pro
perty.test.ts[2m 
> 
[22m[2mFeature: a
dmin-system-health-
fixes, Property 3: 
Settings 
Authentication 
Requirement[2m > 
[22m[2mProperty: 
Requests without 
valid auth are 
rejected with 401 
(Requirement 
2.6)[2m > 
[22m[2mshould 
reject PUT 
requests without 
valid 
authentication
[22m[39m[ARCJET] 
WARNING: Running 
without Arcjet 
protection

[90mstderr[2m | t
ests/property/admin
-system-health-fixe
s/settings-auth.pro
perty.test.ts[2m 
> 
[22m[2mFeature: a
dmin-system-health-
fixes, Property 3: 
Settings 
Authentication 
Requirement[2m > 
[22m[2mProperty: 
Requests without 
valid auth are 
rejected with 401 
(Requirement 
2.6)[2m > 
[22m[2mshould 
reject PUT 
requests without 
valid 
authentication
[22m[39m[ARCJET] 
WARNING: Running 
without Arcjet 
protection

[90mstderr[2m | t
ests/property/admin
-system-health-fixe
s/settings-auth.pro
perty.test.ts[2m 
> 
[22m[2mFeature: a
dmin-system-health-
fixes, Property 3: 
Settings 
Authentication 
Requirement[2m > 
[22m[2mProperty: 
Requests without 
valid auth are 
rejected with 401 
(Requirement 
2.6)[2m > 
[22m[2mshould 
reject PUT 
requests without 
valid 
authentication
[22m[39m[ARCJET] 
WARNING: Running 
without Arcjet 
protection

[90mstderr[2m | t
ests/property/admin
-system-health-fixe
s/settings-auth.pro
perty.test.ts[2m 
> 
[22m[2mFeature: a
dmin-system-health-
fixes, Property 3: 
Settings 
Authentication 
Requirement[2m > 
[22m[2mProperty: 
Requests without 
valid auth are 
rejected with 401 
(Requirement 
2.6)[2m > 
[22m[2mshould 
reject PUT 
requests without 
valid 
authentication
[22m[39m[ARCJET] 
WARNING: Running 
without Arcjet 
protection

[90mstdout[2m | tests/property/admin-system-health-fixes/settings-auth.property.test.ts[2m > [22m[2mFeature: admin-system-health-fixes, Property 3: Settings Authentication Requirement[2m > [22m[2mProperty: Requests without valid auth are rejected with 401 (Requirement 2.6)[2m > [22m[2mshould reject PUT requests without valid authentication
[22m[39m[AUTH] Token verification failed: Access token verification failed

[90mstderr[2m | t
ests/property/admin
-system-health-fixe
s/settings-auth.pro
perty.test.ts[2m 
> 
[22m[2mFeature: a
dmin-system-health-
fixes, Property 3: 
Settings 
Authentication 
Requirement[2m > 
[22m[2mProperty: 
Requests without 
valid auth are 
rejected with 401 
(Requirement 
2.6)[2m > 
[22m[2mshould 
reject PUT 
requests without 
valid 
authentication
[22m[39m[ARCJET] 
WARNING: Running 
without Arcjet 
protection

[90mstdout[2m | tests/property/admin-system-health-fixes/settings-auth.property.test.ts[2m > [22m[2mFeature: admin-system-health-fixes, Property 3: Settings Authentication Requirement[2m > [22m[2mProperty: Requests without valid auth are rejected with 401 (Requirement 2.6)[2m > [22m[2mshould reject PUT requests without valid authentication
[22m[39m[AUTH] Token verification failed: Access token verification failed

[90mstderr[2m | t
ests/property/admin
-system-health-fixe
s/settings-auth.pro
perty.test.ts[2m 
> 
[22m[2mFeature: a
dmin-system-health-
fixes, Property 3: 
Settings 
Authentication 
Requirement[2m > 
[22m[2mProperty: 
Requests without 
valid auth are 
rejected with 401 
(Requirement 
2.6)[2m > 
[22m[2mshould 
reject PUT 
requests without 
valid 
authentication
[22m[39m[ARCJET] 
WARNING: Running 
without Arcjet 
protection

[90mstderr[2m | t
ests/property/admin
-system-health-fixe
s/settings-auth.pro
perty.test.ts[2m 
> 
[22m[2mFeature: a
dmin-system-health-
fixes, Property 3: 
Settings 
Authentication 
Requirement[2m > 
[22m[2mProperty: 
Requests without 
valid auth are 
rejected with 401 
(Requirement 
2.6)[2m > 
[22m[2mshould 
reject PUT 
requests without 
valid 
authentication
[22m[39m[ARCJET] 
WARNING: Running 
without Arcjet 
protection

[90mstderr[2m | t
ests/property/admin
-system-health-fixe
s/settings-auth.pro
perty.test.ts[2m 
> 
[22m[2mFeature: a
dmin-system-health-
fixes, Property 3: 
Settings 
Authentication 
Requirement[2m > 
[22m[2mProperty: 
Requests without 
valid auth are 
rejected with 401 
(Requirement 
2.6)[2m > 
[22m[2mshould 
reject PUT 
requests without 
valid 
authentication
[22m[39m[ARCJET] 
WARNING: Running 
without Arcjet 
protection

[90mstderr[2m | t
ests/property/admin
-system-health-fixe
s/settings-auth.pro
perty.test.ts[2m 
> 
[22m[2mFeature: a
dmin-system-health-
fixes, Property 3: 
Settings 
Authentication 
Requirement[2m > 
[22m[2mProperty: 
Requests without 
valid auth are 
rejected with 401 
(Requirement 
2.6)[2m > 
[22m[2mshould 
reject PUT 
requests without 
valid 
authentication
[22m[39m[ARCJET] 
WARNING: Running 
without Arcjet 
protection

[90mstderr[2m | t
ests/property/admin
-system-health-fixe
s/settings-auth.pro
perty.test.ts[2m 
> 
[22m[2mFeature: a
dmin-system-health-
fixes, Property 3: 
Settings 
Authentication 
Requirement[2m > 
[22m[2mProperty: 
Requests without 
valid auth are 
rejected with 401 
(Requirement 
2.6)[2m > 
[22m[2mshould 
reject PUT 
requests without 
valid 
authentication
[22m[39m[ARCJET] 
WARNING: Running 
without Arcjet 
protection

[90mstderr[2m | t
ests/property/admin
-system-health-fixe
s/settings-auth.pro
perty.test.ts[2m 
> 
[22m[2mFeature: a
dmin-system-health-
fixes, Property 3: 
Settings 
Authentication 
Requirement[2m > 
[22m[2mProperty: 
Requests without 
valid auth are 
rejected with 401 
(Requirement 
2.6)[2m > 
[22m[2mshould 
reject PUT 
requests without 
valid 
authentication
[22m[39m[ARCJET] 
WARNING: Running 
without Arcjet 
protection

[90mstderr[2m | t
ests/property/admin
-system-health-fixe
s/settings-auth.pro
perty.test.ts[2m 
> 
[22m[2mFeature: a
dmin-system-health-
fixes, Property 3: 
Settings 
Authentication 
Requirement[2m > 
[22m[2mProperty: 
Requests without 
valid auth are 
rejected with 401 
(Requirement 
2.6)[2m > 
[22m[2mshould 
reject PUT 
requests without 
valid 
authentication
[22m[39m[ARCJET] 
WARNING: Running 
without Arcjet 
protection

[90mstdout[2m | tests/property/admin-system-health-fixes/settings-auth.property.test.ts[2m > [22m[2mFeature: admin-system-health-fixes, Property 3: Settings Authentication Requirement[2m > [22m[2mProperty: Requests without valid auth are rejected with 401 (Requirement 2.6)[2m > [22m[2mshould reject PUT requests without valid authentication
[22m[39m[AUTH] Token verification failed: Access token verification failed

[90mstderr[2m | t
ests/property/admin
-system-health-fixe
s/settings-auth.pro
perty.test.ts[2m 
> 
[22m[2mFeature: a
dmin-system-health-
fixes, Property 3: 
Settings 
Authentication 
Requirement[2m > 
[22m[2mProperty: 
Requests without 
valid auth are 
rejected with 401 
(Requirement 
2.6)[2m > 
[22m[2mshould 
reject PUT 
requests without 
valid 
authentication
[22m[39m[ARCJET] 
WARNING: Running 
without Arcjet 
protection

[90mstderr[2m | t
ests/property/admin
-system-health-fixe
s/settings-auth.pro
perty.test.ts[2m 
> 
[22m[2mFeature: a
dmin-system-health-
fixes, Property 3: 
Settings 
Authentication 
Requirement[2m > 
[22m[2mProperty: 
Requests without 
valid auth are 
rejected with 401 
(Requirement 
2.6)[2m > 
[22m[2mshould 
reject PUT 
requests without 
valid 
authentication
[22m[39m[ARCJET] 
WARNING: Running 
without Arcjet 
protection

[90mstdout[2m | tests/property/admin-system-health-fixes/settings-auth.property.test.ts[2m > [22m[2mFeature: admin-system-health-fixes, Property 3: Settings Authentication Requirement[2m > [22m[2mProperty: Requests without valid auth are rejected with 401 (Requirement 2.6)[2m > [22m[2mshould reject PUT requests without valid authentication
[22m[39m[AUTH] Token verification failed: Access token verification failed

[90mstderr[2m | t
ests/property/admin
-system-health-fixe
s/settings-auth.pro
perty.test.ts[2m 
> 
[22m[2mFeature: a
dmin-system-health-
fixes, Property 3: 
Settings 
Authentication 
Requirement[2m > 
[22m[2mProperty: 
Requests without 
valid auth are 
rejected with 401 
(Requirement 
2.6)[2m > 
[22m[2mshould 
reject PUT 
requests without 
valid 
authentication
[22m[39m[ARCJET] 
WARNING: Running 
without Arcjet 
protection

[90mstderr[2m | t
ests/property/admin
-system-health-fixe
s/settings-auth.pro
perty.test.ts[2m 
> 
[22m[2mFeature: a
dmin-system-health-
fixes, Property 3: 
Settings 
Authentication 
Requirement[2m > 
[22m[2mProperty: 
Requests without 
valid auth are 
rejected with 401 
(Requirement 
2.6)[2m > 
[22m[2mshould 
reject PUT 
requests without 
valid 
authentication
[22m[39m[ARCJET] 
WARNING: Running 
without Arcjet 
protection

[90mstderr[2m | t
ests/property/admin
-system-health-fixe
s/settings-auth.pro
perty.test.ts[2m 
> 
[22m[2mFeature: a
dmin-system-health-
fixes, Property 3: 
Settings 
Authentication 
Requirement[2m > 
[22m[2mProperty: 
Requests without 
valid auth are 
rejected with 401 
(Requirement 
2.6)[2m > 
[22m[2mshould 
reject PUT 
requests without 
valid 
authentication
[22m[39m[ARCJET] 
WARNING: Running 
without Arcjet 
protection

[90mstderr[2m | t
ests/property/admin
-system-health-fixe
s/settings-auth.pro
perty.test.ts[2m 
> 
[22m[2mFeature: a
dmin-system-health-
fixes, Property 3: 
Settings 
Authentication 
Requirement[2m > 
[22m[2mProperty: 
Requests without 
valid auth are 
rejected with 401 
(Requirement 
2.6)[2m > 
[22m[2mshould 
reject PUT 
requests without 
valid 
authentication
[22m[39m[ARCJET] 
WARNING: Running 
without Arcjet 
protection

[90mstdout[2m | tests/property/admin-system-health-fixes/settings-auth.property.test.ts[2m > [22m[2mFeature: admin-system-health-fixes, Property 3: Settings Authentication Requirement[2m > [22m[2mProperty: Requests without valid auth are rejected with 401 (Requirement 2.6)[2m > [22m[2mshould reject PUT requests without valid authentication
[22m[39m[AUTH] Token verification failed: Access token verification failed

[90mstderr[2m | t
ests/property/admin
-system-health-fixe
s/settings-auth.pro
perty.test.ts[2m 
> 
[22m[2mFeature: a
dmin-system-health-
fixes, Property 3: 
Settings 
Authentication 
Requirement[2m > 
[22m[2mProperty: 
Requests without 
valid auth are 
rejected with 401 
(Requirement 
2.6)[2m > 
[22m[2mshould 
reject PUT 
requests without 
valid 
authentication
[22m[39m[ARCJET] 
WARNING: Running 
without Arcjet 
protection

[90mstderr[2m | t
ests/property/admin
-system-health-fixe
s/settings-auth.pro
perty.test.ts[2m 
> 
[22m[2mFeature: a
dmin-system-health-
fixes, Property 3: 
Settings 
Authentication 
Requirement[2m > 
[22m[2mProperty: 
Requests without 
valid auth are 
rejected with 401 
(Requirement 
2.6)[2m > 
[22m[2mshould 
reject PUT 
requests without 
valid 
authentication
[22m[39m[ARCJET] 
WARNING: Running 
without Arcjet 
protection

[90mstderr[2m | t
ests/property/admin
-system-health-fixe
s/settings-auth.pro
perty.test.ts[2m 
> 
[22m[2mFeature: a
dmin-system-health-
fixes, Property 3: 
Settings 
Authentication 
Requirement[2m > 
[22m[2mProperty: 
Requests without 
valid auth are 
rejected with 401 
(Requirement 
2.6)[2m > 
[22m[2mshould 
reject PUT 
requests without 
valid 
authentication
[22m[39m[ARCJET] 
WARNING: Running 
without Arcjet 
protection

[90mstdout[2m | tests/property/admin-system-health-fixes/settings-auth.property.test.ts[2m > [22m[2mFeature: admin-system-health-fixes, Property 3: Settings Authentication Requirement[2m > [22m[2mProperty: Requests without valid auth are rejected with 401 (Requirement 2.6)[2m > [22m[2mshould reject PUT requests without valid authentication
[22m[39m[AUTH] Token verification failed: Access token verification failed

[90mstderr[2m | t
ests/property/admin
-system-health-fixe
s/settings-auth.pro
perty.test.ts[2m 
> 
[22m[2mFeature: a
dmin-system-health-
fixes, Property 3: 
Settings 
Authentication 
Requirement[2m > 
[22m[2mProperty: 
Requests without 
valid auth are 
rejected with 401 
(Requirement 
2.6)[2m > 
[22m[2mshould 
reject PUT 
requests without 
valid 
authentication
[22m[39m[ARCJET] 
WARNING: Running 
without Arcjet 
protection

[90mstderr[2m | t
ests/property/admin
-system-health-fixe
s/settings-auth.pro
perty.test.ts[2m 
> 
[22m[2mFeature: a
dmin-system-health-
fixes, Property 3: 
Settings 
Authentication 
Requirement[2m > 
[22m[2mProperty: 
Requests without 
valid auth are 
rejected with 401 
(Requirement 
2.6)[2m > 
[22m[2mshould 
reject PUT 
requests without 
valid 
authentication
[22m[39m[ARCJET] 
WARNING: Running 
without Arcjet 
protection

[90mstdout[2m | tests/property/admin-system-health-fixes/settings-auth.property.test.ts[2m > [22m[2mFeature: admin-system-health-fixes, Property 3: Settings Authentication Requirement[2m > [22m[2mProperty: Requests without valid auth are rejected with 401 (Requirement 2.6)[2m > [22m[2mshould reject PUT requests without valid authentication
[22m[39m[AUTH] Token verification failed: Access token verification failed

[90mstderr[2m | t
ests/property/admin
-system-health-fixe
s/settings-auth.pro
perty.test.ts[2m 
> 
[22m[2mFeature: a
dmin-system-health-
fixes, Property 3: 
Settings 
Authentication 
Requirement[2m > 
[22m[2mProperty: 
Requests without 
valid auth are 
rejected with 401 
(Requirement 
2.6)[2m > 
[22m[2mshould 
reject PUT 
requests without 
valid 
authentication
[22m[39m[ARCJET] 
WARNING: Running 
without Arcjet 
protection

[90mstdout[2m | tests/property/admin-system-health-fixes/settings-auth.property.test.ts[2m > [22m[2mFeature: admin-system-health-fixes, Property 3: Settings Authentication Requirement[2m > [22m[2mProperty: Requests without valid auth are rejected with 401 (Requirement 2.6)[2m > [22m[2mshould reject PUT requests without valid authentication
[22m[39m[AUTH] Token verification failed: Access token verification failed

[90mstderr[2m | t
ests/property/admin
-system-health-fixe
s/settings-auth.pro
perty.test.ts[2m 
> 
[22m[2mFeature: a
dmin-system-health-
fixes, Property 3: 
Settings 
Authentication 
Requirement[2m > 
[22m[2mProperty: 
Requests without 
valid auth are 
rejected with 401 
(Requirement 
2.6)[2m > 
[22m[2mshould 
reject PUT 
requests without 
valid 
authentication
[22m[39m[ARCJET] 
WARNING: Running 
without Arcjet 
protection

[90mstderr[2m | t
ests/property/admin
-system-health-fixe
s/settings-auth.pro
perty.test.ts[2m 
> 
[22m[2mFeature: a
dmin-system-health-
fixes, Property 3: 
Settings 
Authentication 
Requirement[2m > 
[22m[2mProperty: 
Requests without 
valid auth are 
rejected with 401 
(Requirement 
2.6)[2m > 
[22m[2mshould 
reject PUT 
requests without 
valid 
authentication
[22m[39m[ARCJET] 
WARNING: Running 
without Arcjet 
protection

[90mstderr[2m | t
ests/property/admin
-system-health-fixe
s/settings-auth.pro
perty.test.ts[2m 
> 
[22m[2mFeature: a
dmin-system-health-
fixes, Property 3: 
Settings 
Authentication 
Requirement[2m > 
[22m[2mProperty: 
Requests without 
valid auth are 
rejected with 401 
(Requirement 
2.6)[2m > 
[22m[2mshould 
reject PUT 
requests without 
valid 
authentication
[22m[39m[ARCJET] 
WARNING: Running 
without Arcjet 
protection

[90mstderr[2m | t
ests/property/admin
-system-health-fixe
s/settings-auth.pro
perty.test.ts[2m 
> 
[22m[2mFeature: a
dmin-system-health-
fixes, Property 3: 
Settings 
Authentication 
Requirement[2m > 
[22m[2mProperty: 
Requests without 
valid auth are 
rejected with 401 
(Requirement 
2.6)[2m > 
[22m[2mshould 
reject PUT 
requests without 
valid 
authentication
[22m[39m[ARCJET] 
WARNING: Running 
without Arcjet 
protection

[90mstderr[2m | t
ests/property/admin
-system-health-fixe
s/settings-auth.pro
perty.test.ts[2m 
> 
[22m[2mFeature: a
dmin-system-health-
fixes, Property 3: 
Settings 
Authentication 
Requirement[2m > 
[22m[2mProperty: 
Requests without 
valid auth are 
rejected with 401 
(Requirement 
2.6)[2m > 
[22m[2mshould 
reject PUT 
requests without 
valid 
authentication
[22m[39m[ARCJET] 
WARNING: Running 
without Arcjet 
protection

[90mstderr[2m | t
ests/property/admin
-system-health-fixe
s/settings-auth.pro
perty.test.ts[2m 
> 
[22m[2mFeature: a
dmin-system-health-
fixes, Property 3: 
Settings 
Authentication 
Requirement[2m > 
[22m[2mProperty: 
Requests without 
valid auth are 
rejected with 401 
(Requirement 
2.6)[2m > 
[22m[2mshould 
reject PUT 
requests without 
valid 
authentication
[22m[39m[ARCJET] 
WARNING: Running 
without Arcjet 
protection

[90mstderr[2m | t
ests/property/admin
-system-health-fixe
s/settings-auth.pro
perty.test.ts[2m 
> 
[22m[2mFeature: a
dmin-system-health-
fixes, Property 3: 
Settings 
Authentication 
Requirement[2m > 
[22m[2mProperty: 
Requests without 
valid auth are 
rejected with 401 
(Requirement 
2.6)[2m > 
[22m[2mshould 
reject PUT 
requests without 
valid 
authentication
[22m[39m[ARCJET] 
WARNING: Running 
without Arcjet 
protection

[90mstderr[2m | t
ests/property/admin
-system-health-fixe
s/settings-auth.pro
perty.test.ts[2m 
> 
[22m[2mFeature: a
dmin-system-health-
fixes, Property 3: 
Settings 
Authentication 
Requirement[2m > 
[22m[2mProperty: 
Requests without 
valid auth are 
rejected with 401 
(Requirement 
2.6)[2m > 
[22m[2mshould 
reject PUT 
requests without 
valid 
authentication
[22m[39m[ARCJET] 
WARNING: Running 
without Arcjet 
protection

[90mstderr[2m | t
ests/property/admin
-system-health-fixe
s/settings-auth.pro
perty.test.ts[2m 
> 
[22m[2mFeature: a
dmin-system-health-
fixes, Property 3: 
Settings 
Authentication 
Requirement[2m > 
[22m[2mProperty: 
Requests without 
valid auth are 
rejected with 401 
(Requirement 
2.6)[2m > 
[22m[2mshould 
reject PUT 
requests without 
valid 
authentication
[22m[39m[ARCJET] 
WARNING: Running 
without Arcjet 
protection

[90mstderr[2m | t
ests/property/admin
-system-health-fixe
s/settings-auth.pro
perty.test.ts[2m 
> 
[22m[2mFeature: a
dmin-system-health-
fixes, Property 3: 
Settings 
Authentication 
Requirement[2m > 
[22m[2mProperty: 
Requests without 
valid auth are 
rejected with 401 
(Requirement 
2.6)[2m > 
[22m[2mshould 
reject PUT 
requests without 
valid 
authentication
[22m[39m[ARCJET] 
WARNING: Running 
without Arcjet 
protection

[90mstderr[2m | t
ests/property/admin
-system-health-fixe
s/settings-auth.pro
perty.test.ts[2m 
> 
[22m[2mFeature: a
dmin-system-health-
fixes, Property 3: 
Settings 
Authentication 
Requirement[2m > 
[22m[2mProperty: 
Requests without 
valid auth are 
rejected with 401 
(Requirement 
2.6)[2m > 
[22m[2mshould 
reject PUT 
requests without 
valid 
authentication
[22m[39m[ARCJET] 
WARNING: Running 
without Arcjet 
protection

[90mstderr[2m | t
ests/property/admin
-system-health-fixe
s/settings-auth.pro
perty.test.ts[2m 
> 
[22m[2mFeature: a
dmin-system-health-
fixes, Property 3: 
Settings 
Authentication 
Requirement[2m > 
[22m[2mProperty: 
Requests without 
valid auth are 
rejected with 401 
(Requirement 
2.6)[2m > 
[22m[2mshould 
reject PUT 
requests without 
valid 
authentication
[22m[39m[ARCJET] 
WARNING: Running 
without Arcjet 
protection

[90mstderr[2m | t
ests/property/admin
-system-health-fixe
s/settings-auth.pro
perty.test.ts[2m 
> 
[22m[2mFeature: a
dmin-system-health-
fixes, Property 3: 
Settings 
Authentication 
Requirement[2m > 
[22m[2mProperty: 
Requests without 
valid auth are 
rejected with 401 
(Requirement 
2.6)[2m > 
[22m[2mshould 
reject PUT 
requests without 
valid 
authentication
[22m[39m[ARCJET] 
WARNING: Running 
without Arcjet 
protection

[90mstderr[2m | t
ests/property/admin
-system-health-fixe
s/settings-auth.pro
perty.test.ts[2m 
> 
[22m[2mFeature: a
dmin-system-health-
fixes, Property 3: 
Settings 
Authentication 
Requirement[2m > 
[22m[2mProperty: 
Requests without 
valid auth are 
rejected with 401 
(Requirement 
2.6)[2m > 
[22m[2mshould 
reject PUT 
requests without 
valid 
authentication
[22m[39m[ARCJET] 
WARNING: Running 
without Arcjet 
protection

[90mstderr[2m | t
ests/property/admin
-system-health-fixe
s/settings-auth.pro
perty.test.ts[2m 
> 
[22m[2mFeature: a
dmin-system-health-
fixes, Property 3: 
Settings 
Authentication 
Requirement[2m > 
[22m[2mProperty: 
Requests without 
valid auth are 
rejected with 401 
(Requirement 
2.6)[2m > 
[22m[2mshould 
reject PUT 
requests without 
valid 
authentication
[22m[39m[ARCJET] 
WARNING: Running 
without Arcjet 
protection

[90mstderr[2m | t
ests/property/admin
-system-health-fixe
s/settings-auth.pro
perty.test.ts[2m 
> 
[22m[2mFeature: a
dmin-system-health-
fixes, Property 3: 
Settings 
Authentication 
Requirement[2m > 
[22m[2mProperty: 
Requests without 
valid auth are 
rejected with 401 
(Requirement 
2.6)[2m > 
[22m[2mshould 
reject PUT 
requests without 
valid 
authentication
[22m[39m[ARCJET] 
WARNING: Running 
without Arcjet 
protection

[90mstderr[2m | t
ests/property/admin
-system-health-fixe
s/settings-auth.pro
perty.test.ts[2m 
> 
[22m[2mFeature: a
dmin-system-health-
fixes, Property 3: 
Settings 
Authentication 
Requirement[2m > 
[22m[2mProperty: 
Requests without 
valid auth are 
rejected with 401 
(Requirement 
2.6)[2m > 
[22m[2mshould 
reject PUT 
requests without 
valid 
authentication
[22m[39m[ARCJET] 
WARNING: Running 
without Arcjet 
protection

[90mstderr[2m | t
ests/property/admin
-system-health-fixe
s/settings-auth.pro
perty.test.ts[2m 
> 
[22m[2mFeature: a
dmin-system-health-
fixes, Property 3: 
Settings 
Authentication 
Requirement[2m > 
[22m[2mProperty: 
Requests without 
valid auth are 
rejected with 401 
(Requirement 
2.6)[2m > 
[22m[2mshould 
reject PUT 
requests without 
valid 
authentication
[22m[39m[ARCJET] 
WARNING: Running 
without Arcjet 
protection

[90mstderr[2m | t
ests/property/admin
-system-health-fixe
s/settings-auth.pro
perty.test.ts[2m 
> 
[22m[2mFeature: a
dmin-system-health-
fixes, Property 3: 
Settings 
Authentication 
Requirement[2m > 
[22m[2mProperty: 
Requests without 
valid auth are 
rejected with 401 
(Requirement 
2.6)[2m > 
[22m[2mshould 
reject PUT 
requests without 
valid 
authentication
[22m[39m[ARCJET] 
WARNING: Running 
without Arcjet 
protection

[90mstderr[2m | t
ests/property/admin
-system-health-fixe
s/settings-auth.pro
perty.test.ts[2m 
> 
[22m[2mFeature: a
dmin-system-health-
fixes, Property 3: 
Settings 
Authentication 
Requirement[2m > 
[22m[2mProperty: 
Requests without 
valid auth are 
rejected with 401 
(Requirement 
2.6)[2m > 
[22m[2mshould 
reject PUT 
requests without 
valid 
authentication
[22m[39m[ARCJET] 
WARNING: Running 
without Arcjet 
protection

[90mstderr[2m | t
ests/property/admin
-system-health-fixe
s/settings-auth.pro
perty.test.ts[2m 
> 
[22m[2mFeature: a
dmin-system-health-
fixes, Property 3: 
Settings 
Authentication 
Requirement[2m > 
[22m[2mProperty: 
Requests without 
valid auth are 
rejected with 401 
(Requirement 
2.6)[2m > 
[22m[2mshould 
reject PUT 
requests without 
valid 
authentication
[22m[39m[ARCJET] 
WARNING: Running 
without Arcjet 
protection

[90mstderr[2m | t
ests/property/admin
-system-health-fixe
s/settings-auth.pro
perty.test.ts[2m 
> 
[22m[2mFeature: a
dmin-system-health-
fixes, Property 3: 
Settings 
Authentication 
Requirement[2m > 
[22m[2mProperty: 
Requests without 
valid auth are 
rejected with 401 
(Requirement 
2.6)[2m > 
[22m[2mshould 
reject PUT 
requests without 
valid 
authentication
[22m[39m[ARCJET] 
WARNING: Running 
without Arcjet 
protection

[90mstderr[2m | t
ests/property/admin
-system-health-fixe
s/settings-auth.pro
perty.test.ts[2m 
> 
[22m[2mFeature: a
dmin-system-health-
fixes, Property 3: 
Settings 
Authentication 
Requirement[2m > 
[22m[2mProperty: 
Requests without 
valid auth are 
rejected with 401 
(Requirement 
2.6)[2m > 
[22m[2mshould 
reject PUT 
requests without 
valid 
authentication
[22m[39m[ARCJET] 
WARNING: Running 
without Arcjet 
protection

[90mstderr[2m | t
ests/property/admin
-system-health-fixe
s/settings-auth.pro
perty.test.ts[2m 
> 
[22m[2mFeature: a
dmin-system-health-
fixes, Property 3: 
Settings 
Authentication 
Requirement[2m > 
[22m[2mProperty: 
Requests without 
valid auth are 
rejected with 401 
(Requirement 
2.6)[2m > 
[22m[2mshould 
reject PUT 
requests without 
valid 
authentication
[22m[39m[ARCJET] 
WARNING: Running 
without Arcjet 
protection

[90mstderr[2m | t
ests/property/admin
-system-health-fixe
s/settings-auth.pro
perty.test.ts[2m 
> 
[22m[2mFeature: a
dmin-system-health-
fixes, Property 3: 
Settings 
Authentication 
Requirement[2m > 
[22m[2mProperty: 
Requests without 
valid auth are 
rejected with 401 
(Requirement 
2.6)[2m > 
[22m[2mshould 
reject PUT 
requests without 
valid 
authentication
[22m[39m[ARCJET] 
WARNING: Running 
without Arcjet 
protection

[90mstderr[2m | t
ests/property/admin
-system-health-fixe
s/settings-auth.pro
perty.test.ts[2m 
> 
[22m[2mFeature: a
dmin-system-health-
fixes, Property 3: 
Settings 
Authentication 
Requirement[2m > 
[22m[2mProperty: 
Requests without 
valid auth are 
rejected with 401 
(Requirement 
2.6)[2m > 
[22m[2mshould 
reject PUT 
requests without 
valid 
authentication
[22m[39m[ARCJET] 
WARNING: Running 
without Arcjet 
protection

[90mstderr[2m | t
ests/property/admin
-system-health-fixe
s/settings-auth.pro
perty.test.ts[2m 
> 
[22m[2mFeature: a
dmin-system-health-
fixes, Property 3: 
Settings 
Authentication 
Requirement[2m > 
[22m[2mProperty: 
Requests without 
valid auth are 
rejected with 401 
(Requirement 
2.6)[2m > 
[22m[2mshould 
reject PUT 
requests without 
valid 
authentication
[22m[39m[ARCJET] 
WARNING: Running 
without Arcjet 
protection

[90mstdout[2m | tests/property/admin-system-health-fixes/settings-auth.property.test.ts[2m > [22m[2mFeature: admin-system-health-fixes, Property 3: Settings Authentication Requirement[2m > [22m[2mProperty: Requests without valid auth are rejected with 401 (Requirement 2.6)[2m > [22m[2mshould reject PUT requests without valid authentication
[22m[39m[AUTH] Token verification failed: Access token verification failed

[90mstdout[2m | tests/property/admin-system-health-fixes/settings-auth.property.test.ts[2m > [22m[2mFeature: admin-system-health-fixes, Property 3: Settings Authentication Requirement[2m > [22m[2mProperty: Requests without valid auth are rejected with 401 (Requirement 2.6)[2m > [22m[2mshould reject PUT requests without valid authentication
[22m[39m[AUTH] Token verification failed: Access token verification failed

[90mstdout[2m | tests/property/admin-system-health-fixes/settings-auth.property.test.ts[2m > [22m[2mFeature: admin-system-health-fixes, Property 3: Settings Authentication Requirement[2m > [22m[2mProperty: Requests without valid auth are rejected with 401 (Requirement 2.6)[2m > [22m[2mshould reject PUT requests without valid authentication
[22m[39m[AUTH] Token verification failed: Access token verification failed

[90mstdout[2m | tests/property/admin-system-health-fixes/settings-auth.property.test.ts[2m > [22m[2mFeature: admin-system-health-fixes, Property 3: Settings Authentication Requirement[2m > [22m[2mProperty: Requests without valid auth are rejected with 401 (Requirement 2.6)[2m > [22m[2mshould reject PUT requests without valid authentication
[22m[39m[AUTH] Token verification failed: Access token verification failed

[90mstdout[2m | tests/property/admin-system-health-fixes/settings-auth.property.test.ts[2m > [22m[2mFeature: admin-system-health-fixes, Property 3: Settings Authentication Requirement[2m > [22m[2mProperty: Requests without valid auth are rejected with 401 (Requirement 2.6)[2m > [22m[2mshould reject PUT requests without valid authentication
[22m[39m[AUTH] Token verification failed: Access token verification failed

[90mstdout[2m | tests/property/admin-system-health-fixes/settings-auth.property.test.ts[2m > [22m[2mFeature: admin-system-health-fixes, Property 3: Settings Authentication Requirement[2m > [22m[2mProperty: Requests without valid auth are rejected with 401 (Requirement 2.6)[2m > [22m[2mshould reject PUT requests without valid authentication
[22m[39m[AUTH] Token verification failed: Access token verification failed

[90mstdout[2m | tests/property/admin-system-health-fixes/settings-auth.property.test.ts[2m > [22m[2mFeature: admin-system-health-fixes, Property 3: Settings Authentication Requirement[2m > [22m[2mProperty: Requests without valid auth are rejected with 401 (Requirement 2.6)[2m > [22m[2mshould reject PUT requests without valid authentication
[22m[39m[AUTH] Token verification failed: Access token verification failed

[90mstdout[2m | tests/property/admin-system-health-fixes/settings-auth.property.test.ts[2m > [22m[2mFeature: admin-system-health-fixes, Property 3: Settings Authentication Requirement[2m > [22m[2mProperty: Requests without valid auth are rejected with 401 (Requirement 2.6)[2m > [22m[2mshould reject PUT requests without valid authentication
[22m[39m[AUTH] Token verification failed: Access token verification failed

[90mstdout[2m | tests/property/admin-system-health-fixes/settings-auth.property.test.ts[2m > [22m[2mFeature: admin-system-health-fixes, Property 3: Settings Authentication Requirement[2m > [22m[2mProperty: Requests without valid auth are rejected with 401 (Requirement 2.6)[2m > [22m[2mshould reject PUT requests without valid authentication
[22m[39m[AUTH] Token verification failed: Access token verification failed

[90mstdout[2m | tests/property/admin-system-health-fixes/settings-auth.property.test.ts[2m > [22m[2mFeature: admin-system-health-fixes, Property 3: Settings Authentication Requirement[2m > [22m[2mProperty: Requests without valid auth are rejected with 401 (Requirement 2.6)[2m > [22m[2mshould reject PUT requests without valid authentication
[22m[39m[AUTH] Token verification failed: Access token verification failed

[90mstdout[2m | tests/property/admin-system-health-fixes/settings-auth.property.test.ts[2m > [22m[2mFeature: admin-system-health-fixes, Property 3: Settings Authentication Requirement[2m > [22m[2mProperty: Requests without valid auth are rejected with 401 (Requirement 2.6)[2m > [22m[2mshould reject PUT requests without valid authentication
[22m[39m[AUTH] Token verification failed: Access token verification failed

[90mstdout[2m | tests/property/admin-system-health-fixes/settings-auth.property.test.ts[2m > [22m[2mFeature: admin-system-health-fixes, Property 3: Settings Authentication Requirement[2m > [22m[2mProperty: Requests without valid auth are rejected with 401 (Requirement 2.6)[2m > [22m[2mshould reject PUT requests without valid authentication
[22m[39m[AUTH] Token verification failed: Access token verification failed

[90mstdout[2m | tests/property/admin-system-health-fixes/settings-auth.property.test.ts[2m > [22m[2mFeature: admin-system-health-fixes, Property 3: Settings Authentication Requirement[2m > [22m[2mProperty: Requests without valid auth are rejected with 401 (Requirement 2.6)[2m > [22m[2mshould reject PUT requests without valid authentication
[22m[39m[AUTH] Token verification failed: Access token verification failed

[90mstdout[2m | tests/property/admin-system-health-fixes/settings-auth.property.test.ts[2m > [22m[2mFeature: admin-system-health-fixes, Property 3: Settings Authentication Requirement[2m > [22m[2mProperty: Requests without valid auth are rejected with 401 (Requirement 2.6)[2m > [22m[2mshould reject PUT requests without valid authentication
[22m[39m[AUTH] Token verification failed: Access token verification failed

[90mstderr[2m | t
ests/property/admin
-system-health-fixe
s/settings-auth.pro
perty.test.ts[2m 
> 
[22m[2mFeature: a
dmin-system-health-
fixes, Property 3: 
Settings 
Authentication 
Requirement[2m > 
[22m[2mProperty: 
Requests without 
valid auth are 
rejected with 401 
(Requirement 
2.6)[2m > 
[22m[2mshould 
reject PUT 
requests without 
valid 
authentication
[22m[39m[ARCJET] 
WARNING: Running 
without Arcjet 
protection

[90mstderr[2m | t
ests/property/admin
-system-health-fixe
s/settings-auth.pro
perty.test.ts[2m 
> 
[22m[2mFeature: a
dmin-system-health-
fixes, Property 3: 
Settings 
Authentication 
Requirement[2m > 
[22m[2mProperty: 
Requests without 
valid auth are 
rejected with 401 
(Requirement 
2.6)[2m > 
[22m[2mshould 
reject PUT 
requests without 
valid 
authentication
[22m[39m[ARCJET] 
WARNING: Running 
without Arcjet 
protection

[90mstderr[2m | t
ests/property/admin
-system-health-fixe
s/settings-auth.pro
perty.test.ts[2m 
> 
[22m[2mFeature: a
dmin-system-health-
fixes, Property 3: 
Settings 
Authentication 
Requirement[2m > 
[22m[2mProperty: 
Requests without 
valid auth are 
rejected with 401 
(Requirement 
2.6)[2m > 
[22m[2mshould 
reject PUT 
requests without 
valid 
authentication
[22m[39m[ARCJET] 
WARNING: Running 
without Arcjet 
protection

[90mstderr[2m | t
ests/property/admin
-system-health-fixe
s/settings-auth.pro
perty.test.ts[2m 
> 
[22m[2mFeature: a
dmin-system-health-
fixes, Property 3: 
Settings 
Authentication 
Requirement[2m > 
[22m[2mProperty: 
Requests without 
valid auth are 
rejected with 401 
(Requirement 
2.6)[2m > 
[22m[2mshould 
reject PUT 
requests without 
valid 
authentication
[22m[39m[ARCJET] 
WARNING: Running 
without Arcjet 
protection

[90mstderr[2m | t
ests/property/admin
-system-health-fixe
s/settings-auth.pro
perty.test.ts[2m 
> 
[22m[2mFeature: a
dmin-system-health-
fixes, Property 3: 
Settings 
Authentication 
Requirement[2m > 
[22m[2mProperty: 
Requests without 
valid auth are 
rejected with 401 
(Requirement 
2.6)[2m > 
[22m[2mshould 
reject PUT 
requests without 
valid 
authentication
[22m[39m[ARCJET] 
WARNING: Running 
without Arcjet 
protection

[90mstderr[2m | t
ests/property/admin
-system-health-fixe
s/settings-auth.pro
perty.test.ts[2m 
> 
[22m[2mFeature: a
dmin-system-health-
fixes, Property 3: 
Settings 
Authentication 
Requirement[2m > 
[22m[2mProperty: 
Requests without 
valid auth are 
rejected with 401 
(Requirement 
2.6)[2m > 
[22m[2mshould 
reject PUT 
requests without 
valid 
authentication
[22m[39m[ARCJET] 
WARNING: Running 
without Arcjet 
protection

[90mstderr[2m | t
ests/property/admin
-system-health-fixe
s/settings-auth.pro
perty.test.ts[2m 
> 
[22m[2mFeature: a
dmin-system-health-
fixes, Property 3: 
Settings 
Authentication 
Requirement[2m > 
[22m[2mProperty: 
Requests without 
valid auth are 
rejected with 401 
(Requirement 
2.6)[2m > 
[22m[2mshould 
reject PUT 
requests without 
valid 
authentication
[22m[39m[ARCJET] 
WARNING: Running 
without Arcjet 
protection

[90mstderr[2m | t
ests/property/admin
-system-health-fixe
s/settings-auth.pro
perty.test.ts[2m 
> 
[22m[2mFeature: a
dmin-system-health-
fixes, Property 3: 
Settings 
Authentication 
Requirement[2m > 
[22m[2mProperty: 
Requests without 
valid auth are 
rejected with 401 
(Requirement 
2.6)[2m > 
[22m[2mshould 
reject PUT 
requests without 
valid 
authentication
[22m[39m[ARCJET] 
WARNING: Running 
without Arcjet 
protection

[90mstderr[2m | t
ests/property/admin
-system-health-fixe
s/settings-auth.pro
perty.test.ts[2m 
> 
[22m[2mFeature: a
dmin-system-health-
fixes, Property 3: 
Settings 
Authentication 
Requirement[2m > 
[22m[2mProperty: 
Requests without 
valid auth are 
rejected with 401 
(Requirement 
2.6)[2m > 
[22m[2mshould 
reject PUT 
requests without 
valid 
authentication
[22m[39m[ARCJET] 
WARNING: Running 
without Arcjet 
protection

[90mstderr[2m | t
ests/property/admin
-system-health-fixe
s/settings-auth.pro
perty.test.ts[2m 
> 
[22m[2mFeature: a
dmin-system-health-
fixes, Property 3: 
Settings 
Authentication 
Requirement[2m > 
[22m[2mProperty: 
Requests without 
valid auth are 
rejected with 401 
(Requirement 
2.6)[2m > 
[22m[2mshould 
reject PUT 
requests without 
valid 
authentication
[22m[39m[ARCJET] 
WARNING: Running 
without Arcjet 
protection

[90mstderr[2m | t
ests/property/admin
-system-health-fixe
s/settings-auth.pro
perty.test.ts[2m 
> 
[22m[2mFeature: a
dmin-system-health-
fixes, Property 3: 
Settings 
Authentication 
Requirement[2m > 
[22m[2mProperty: 
Requests without 
valid auth are 
rejected with 401 
(Requirement 
2.6)[2m > 
[22m[2mshould 
reject PUT 
requests without 
valid 
authentication
[22m[39m[ARCJET] 
WARNING: Running 
without Arcjet 
protection

[90mstderr[2m | t
ests/property/admin
-system-health-fixe
s/settings-auth.pro
perty.test.ts[2m 
> 
[22m[2mFeature: a
dmin-system-health-
fixes, Property 3: 
Settings 
Authentication 
Requirement[2m > 
[22m[2mProperty: 
Requests without 
valid auth are 
rejected with 401 
(Requirement 
2.6)[2m > 
[22m[2mshould 
reject PUT 
requests without 
valid 
authentication
[22m[39m[ARCJET] 
WARNING: Running 
without Arcjet 
protection

[90mstderr[2m | t
ests/property/admin
-system-health-fixe
s/settings-auth.pro
perty.test.ts[2m 
> 
[22m[2mFeature: a
dmin-system-health-
fixes, Property 3: 
Settings 
Authentication 
Requirement[2m > 
[22m[2mProperty: 
Requests without 
valid auth are 
rejected with 401 
(Requirement 
2.6)[2m > 
[22m[2mshould 
reject PUT 
requests without 
valid 
authentication
[22m[39m[ARCJET] 
WARNING: Running 
without Arcjet 
protection

[90mstderr[2m | t
ests/property/admin
-system-health-fixe
s/settings-auth.pro
perty.test.ts[2m 
> 
[22m[2mFeature: a
dmin-system-health-
fixes, Property 3: 
Settings 
Authentication 
Requirement[2m > 
[22m[2mProperty: 
Requests without 
valid auth are 
rejected with 401 
(Requirement 
2.6)[2m > 
[22m[2mshould 
reject PUT 
requests without 
valid 
authentication
[22m[39m[ARCJET] 
WARNING: Running 
without Arcjet 
protection

[90mstderr[2m | t
ests/property/admin
-system-health-fixe
s/settings-auth.pro
perty.test.ts[2m 
> 
[22m[2mFeature: a
dmin-system-health-
fixes, Property 3: 
Settings 
Authentication 
Requirement[2m > 
[22m[2mProperty: 
Requests without 
valid auth are 
rejected with 401 
(Requirement 
2.6)[2m > 
[22m[2mshould 
reject PUT 
requests without 
valid 
authentication
[22m[39m[ARCJET] 
WARNING: Running 
without Arcjet 
protection

[90mstderr[2m | t
ests/property/admin
-system-health-fixe
s/settings-auth.pro
perty.test.ts[2m 
> 
[22m[2mFeature: a
dmin-system-health-
fixes, Property 3: 
Settings 
Authentication 
Requirement[2m > 
[22m[2mProperty: 
Requests without 
valid auth are 
rejected with 401 
(Requirement 
2.6)[2m > 
[22m[2mshould 
reject PUT 
requests without 
valid 
authentication
[22m[39m[ARCJET] 
WARNING: Running 
without Arcjet 
protection

[90mstderr[2m | t
ests/property/admin
-system-health-fixe
s/settings-auth.pro
perty.test.ts[2m 
> 
[22m[2mFeature: a
dmin-system-health-
fixes, Property 3: 
Settings 
Authentication 
Requirement[2m > 
[22m[2mProperty: 
Requests without 
valid auth are 
rejected with 401 
(Requirement 
2.6)[2m > 
[22m[2mshould 
reject PUT 
requests without 
valid 
authentication
[22m[39m[ARCJET] 
WARNING: Running 
without Arcjet 
protection

[90mstderr[2m | t
ests/property/admin
-system-health-fixe
s/settings-auth.pro
perty.test.ts[2m 
> 
[22m[2mFeature: a
dmin-system-health-
fixes, Property 3: 
Settings 
Authentication 
Requirement[2m > 
[22m[2mProperty: 
Requests without 
valid auth are 
rejected with 401 
(Requirement 
2.6)[2m > 
[22m[2mshould 
reject PUT 
requests without 
valid 
authentication
[22m[39m[ARCJET] 
WARNING: Running 
without Arcjet 
protection

[90mstderr[2m | t
ests/property/admin
-system-health-fixe
s/settings-auth.pro
perty.test.ts[2m 
> 
[22m[2mFeature: a
dmin-system-health-
fixes, Property 3: 
Settings 
Authentication 
Requirement[2m > 
[22m[2mProperty: 
Requests without 
valid auth are 
rejected with 401 
(Requirement 
2.6)[2m > 
[22m[2mshould 
reject PUT 
requests without 
valid 
authentication
[22m[39m[ARCJET] 
WARNING: Running 
without Arcjet 
protection

[90mstderr[2m | t
ests/property/admin
-system-health-fixe
s/settings-auth.pro
perty.test.ts[2m 
> 
[22m[2mFeature: a
dmin-system-health-
fixes, Property 3: 
Settings 
Authentication 
Requirement[2m > 
[22m[2mProperty: 
Requests without 
valid auth are 
rejected with 401 
(Requirement 
2.6)[2m > 
[22m[2mshould 
reject PUT 
requests without 
valid 
authentication
[22m[39m[ARCJET] 
WARNING: Running 
without Arcjet 
protection

[90mstderr[2m | t
ests/property/admin
-system-health-fixe
s/settings-auth.pro
perty.test.ts[2m 
> 
[22m[2mFeature: a
dmin-system-health-
fixes, Property 3: 
Settings 
Authentication 
Requirement[2m > 
[22m[2mProperty: 
Requests without 
valid auth are 
rejected with 401 
(Requirement 
2.6)[2m > 
[22m[2mshould 
reject PUT 
requests without 
valid 
authentication
[22m[39m[ARCJET] 
WARNING: Running 
without Arcjet 
protection

[90mstderr[2m | t
ests/property/admin
-system-health-fixe
s/settings-auth.pro
perty.test.ts[2m 
> 
[22m[2mFeature: a
dmin-system-health-
fixes, Property 3: 
Settings 
Authentication 
Requirement[2m > 
[22m[2mProperty: 
Requests without 
valid auth are 
rejected with 401 
(Requirement 
2.6)[2m > 
[22m[2mshould 
reject PUT 
requests without 
valid 
authentication
[22m[39m[ARCJET] 
WARNING: Running 
without Arcjet 
protection

[90mstderr[2m | t
ests/property/admin
-system-health-fixe
s/settings-auth.pro
perty.test.ts[2m 
> 
[22m[2mFeature: a
dmin-system-health-
fixes, Property 3: 
Settings 
Authentication 
Requirement[2m > 
[22m[2mProperty: 
Requests without 
valid auth are 
rejected with 401 
(Requirement 
2.6)[2m > 
[22m[2mshould 
reject PUT 
requests without 
valid 
authentication
[22m[39m[ARCJET] 
WARNING: Running 
without Arcjet 
protection

[90mstderr[2m | t
ests/property/admin
-system-health-fixe
s/settings-auth.pro
perty.test.ts[2m 
> 
[22m[2mFeature: a
dmin-system-health-
fixes, Property 3: 
Settings 
Authentication 
Requirement[2m > 
[22m[2mProperty: 
Requests without 
valid auth are 
rejected with 401 
(Requirement 
2.6)[2m > 
[22m[2mshould 
reject PUT 
requests without 
valid 
authentication
[22m[39m[ARCJET] 
WARNING: Running 
without Arcjet 
protection

[90mstderr[2m | t
ests/property/admin
-system-health-fixe
s/settings-auth.pro
perty.test.ts[2m 
> 
[22m[2mFeature: a
dmin-system-health-
fixes, Property 3: 
Settings 
Authentication 
Requirement[2m > 
[22m[2mProperty: 
Requests without 
valid auth are 
rejected with 401 
(Requirement 
2.6)[2m > 
[22m[2mshould 
reject PUT 
requests without 
valid 
authentication
[22m[39m[ARCJET] 
WARNING: Running 
without Arcjet 
protection

[90mstderr[2m | t
ests/property/admin
-system-health-fixe
s/settings-auth.pro
perty.test.ts[2m 
> 
[22m[2mFeature: a
dmin-system-health-
fixes, Property 3: 
Settings 
Authentication 
Requirement[2m > 
[22m[2mProperty: 
Requests without 
valid auth are 
rejected with 401 
(Requirement 
2.6)[2m > 
[22m[2mshould 
reject PUT 
requests without 
valid 
authentication
[22m[39m[ARCJET] 
WARNING: Running 
without Arcjet 
protection

[90mstderr[2m | t
ests/property/admin
-system-health-fixe
s/settings-auth.pro
perty.test.ts[2m 
> 
[22m[2mFeature: a
dmin-system-health-
fixes, Property 3: 
Settings 
Authentication 
Requirement[2m > 
[22m[2mProperty: 
Requests without 
valid auth are 
rejected with 401 
(Requirement 
2.6)[2m > 
[22m[2mshould 
reject PUT 
requests without 
valid 
authentication
[22m[39m[ARCJET] 
WARNING: Running 
without Arcjet 
protection

[90mstderr[2m | t
ests/property/admin
-system-health-fixe
s/settings-auth.pro
perty.test.ts[2m 
> 
[22m[2mFeature: a
dmin-system-health-
fixes, Property 3: 
Settings 
Authentication 
Requirement[2m > 
[22m[2mProperty: 
Requests without 
valid auth are 
rejected with 401 
(Requirement 
2.6)[2m > 
[22m[2mshould 
reject PUT 
requests without 
valid 
authentication
[22m[39m[ARCJET] 
WARNING: Running 
without Arcjet 
protection

[90mstderr[2m | t
ests/property/admin
-system-health-fixe
s/settings-auth.pro
perty.test.ts[2m 
> 
[22m[2mFeature: a
dmin-system-health-
fixes, Property 3: 
Settings 
Authentication 
Requirement[2m > 
[22m[2mProperty: 
Requests without 
valid auth are 
rejected with 401 
(Requirement 
2.6)[2m > 
[22m[2mshould 
reject PUT 
requests without 
valid 
authentication
[22m[39m[ARCJET] 
WARNING: Running 
without Arcjet 
protection

[90mstderr[2m | t
ests/property/admin
-system-health-fixe
s/settings-auth.pro
perty.test.ts[2m 
> 
[22m[2mFeature: a
dmin-system-health-
fixes, Property 3: 
Settings 
Authentication 
Requirement[2m > 
[22m[2mProperty: 
Requests without 
valid auth are 
rejected with 401 
(Requirement 
2.6)[2m > 
[22m[2mshould 
reject PUT 
requests without 
valid 
authentication
[22m[39m[ARCJET] 
WARNING: Running 
without Arcjet 
protection

[90mstderr[2m | t
ests/property/admin
-system-health-fixe
s/settings-auth.pro
perty.test.ts[2m 
> 
[22m[2mFeature: a
dmin-system-health-
fixes, Property 3: 
Settings 
Authentication 
Requirement[2m > 
[22m[2mProperty: 
Requests without 
valid auth are 
rejected with 401 
(Requirement 
2.6)[2m > 
[22m[2mshould 
reject PUT 
requests without 
valid 
authentication
[22m[39m[ARCJET] 
WARNING: Running 
without Arcjet 
protection

[90mstderr[2m | t
ests/property/admin
-system-health-fixe
s/settings-auth.pro
perty.test.ts[2m 
> 
[22m[2mFeature: a
dmin-system-health-
fixes, Property 3: 
Settings 
Authentication 
Requirement[2m > 
[22m[2mProperty: 
Requests without 
valid auth are 
rejected with 401 
(Requirement 
2.6)[2m > 
[22m[2mshould 
reject PUT 
requests without 
valid 
authentication
[22m[39m[ARCJET] 
WARNING: Running 
without Arcjet 
protection

[90mstderr[2m | t
ests/property/admin
-system-health-fixe
s/settings-auth.pro
perty.test.ts[2m 
> 
[22m[2mFeature: a
dmin-system-health-
fixes, Property 3: 
Settings 
Authentication 
Requirement[2m > 
[22m[2mProperty: 
Requests without 
valid auth are 
rejected with 401 
(Requirement 
2.6)[2m > 
[22m[2mshould 
reject PUT 
requests without 
valid 
authentication
[22m[39m[ARCJET] 
WARNING: Running 
without Arcjet 
protection

[90mstderr[2m | t
ests/property/admin
-system-health-fixe
s/settings-auth.pro
perty.test.ts[2m 
> 
[22m[2mFeature: a
dmin-system-health-
fixes, Property 3: 
Settings 
Authentication 
Requirement[2m > 
[22m[2mProperty: 
Requests without 
valid auth are 
rejected with 401 
(Requirement 
2.6)[2m > 
[22m[2mshould 
reject PUT 
requests without 
valid 
authentication
[22m[39m[ARCJET] 
WARNING: Running 
without Arcjet 
protection

[90mstderr[2m | t
ests/property/admin
-system-health-fixe
s/settings-auth.pro
perty.test.ts[2m 
> 
[22m[2mFeature: a
dmin-system-health-
fixes, Property 3: 
Settings 
Authentication 
Requirement[2m > 
[22m[2mProperty: 
Requests without 
valid auth are 
rejected with 401 
(Requirement 
2.6)[2m > 
[22m[2mshould 
reject PUT 
requests without 
valid 
authentication
[22m[39m[ARCJET] 
WARNING: Running 
without Arcjet 
protection

[90mstderr[2m | t
ests/property/admin
-system-health-fixe
s/settings-auth.pro
perty.test.ts[2m 
> 
[22m[2mFeature: a
dmin-system-health-
fixes, Property 3: 
Settings 
Authentication 
Requirement[2m > 
[22m[2mProperty: 
Requests without 
valid auth are 
rejected with 401 
(Requirement 
2.6)[2m > 
[22m[2mshould 
reject PUT 
requests without 
valid 
authentication
[22m[39m[ARCJET] 
WARNING: Running 
without Arcjet 
protection

[90mstderr[2m | t
ests/property/admin
-system-health-fixe
s/settings-auth.pro
perty.test.ts[2m 
> 
[22m[2mFeature: a
dmin-system-health-
fixes, Property 3: 
Settings 
Authentication 
Requirement[2m > 
[22m[2mProperty: 
Requests without 
valid auth are 
rejected with 401 
(Requirement 
2.6)[2m > 
[22m[2mshould 
reject PUT 
requests without 
valid 
authentication
[22m[39m[ARCJET] 
WARNING: Running 
without Arcjet 
protection

[90mstderr[2m | t
ests/property/admin
-system-health-fixe
s/settings-auth.pro
perty.test.ts[2m 
> 
[22m[2mFeature: a
dmin-system-health-
fixes, Property 3: 
Settings 
Authentication 
Requirement[2m > 
[22m[2mProperty: 
Requests without 
valid auth are 
rejected with 401 
(Requirement 
2.6)[2m > 
[22m[2mshould 
reject PUT 
requests without 
valid 
authentication
[22m[39m[ARCJET] 
WARNING: Running 
without Arcjet 
protection

[90mstderr[2m | t
ests/property/admin
-system-health-fixe
s/settings-auth.pro
perty.test.ts[2m 
> 
[22m[2mFeature: a
dmin-system-health-
fixes, Property 3: 
Settings 
Authentication 
Requirement[2m > 
[22m[2mProperty: 
Requests without 
valid auth are 
rejected with 401 
(Requirement 
2.6)[2m > 
[22m[2mshould 
reject PUT 
requests without 
valid 
authentication
[22m[39m[ARCJET] 
WARNING: Running 
without Arcjet 
protection

[90mstderr[2m | t
ests/property/admin
-system-health-fixe
s/settings-auth.pro
perty.test.ts[2m 
> 
[22m[2mFeature: a
dmin-system-health-
fixes, Property 3: 
Settings 
Authentication 
Requirement[2m > 
[22m[2mProperty: 
Requests without 
valid auth are 
rejected with 401 
(Requirement 
2.6)[2m > 
[22m[2mshould 
reject PUT 
requests without 
valid 
authentication
[22m[39m[ARCJET] 
WARNING: Running 
without Arcjet 
protection

[90mstderr[2m | t
ests/property/admin
-system-health-fixe
s/settings-auth.pro
perty.test.ts[2m 
> 
[22m[2mFeature: a
dmin-system-health-
fixes, Property 3: 
Settings 
Authentication 
Requirement[2m > 
[22m[2mProperty: 
Requests without 
valid auth are 
rejected with 401 
(Requirement 
2.6)[2m > 
[22m[2mshould 
reject PUT 
requests without 
valid 
authentication
[22m[39m[ARCJET] 
WARNING: Running 
without Arcjet 
protection

[90mstderr[2m | t
ests/property/admin
-system-health-fixe
s/settings-auth.pro
perty.test.ts[2m 
> 
[22m[2mFeature: a
dmin-system-health-
fixes, Property 3: 
Settings 
Authentication 
Requirement[2m > 
[22m[2mProperty: 
Requests without 
valid auth are 
rejected with 401 
(Requirement 
2.6)[2m > 
[22m[2mshould 
reject PUT 
requests without 
valid 
authentication
[22m[39m[ARCJET] 
WARNING: Running 
without Arcjet 
protection

[90mstderr[2m | t
ests/property/admin
-system-health-fixe
s/settings-auth.pro
perty.test.ts[2m 
> 
[22m[2mFeature: a
dmin-system-health-
fixes, Property 3: 
Settings 
Authentication 
Requirement[2m > 
[22m[2mProperty: 
Requests without 
valid auth are 
rejected with 401 
(Requirement 
2.6)[2m > 
[22m[2mshould 
reject PUT 
requests without 
valid 
authentication
[22m[39m[ARCJET] 
WARNING: Running 
without Arcjet 
protection

[90mstderr[2m | t
ests/property/admin
-system-health-fixe
s/settings-auth.pro
perty.test.ts[2m 
> 
[22m[2mFeature: a
dmin-system-health-
fixes, Property 3: 
Settings 
Authentication 
Requirement[2m > 
[22m[2mProperty: 
Requests without 
valid auth are 
rejected with 401 
(Requirement 
2.6)[2m > 
[22m[2mshould 
reject PUT 
requests without 
valid 
authentication
[22m[39m[ARCJET] 
WARNING: Running 
without Arcjet 
protection

[90mstdout[2m | tests/property/admin-system-health-fixes/settings-auth.property.test.ts[2m > [22m[2mFeature: admin-system-health-fixes, Property 3: Settings Authentication Requirement[2m > [22m[2mProperty: Requests without valid auth are rejected with 401 (Requirement 2.6)[2m > [22m[2mshould reject PUT requests without valid authentication
[22m[39m[AUTH] Token verification failed: Access token verification failed

[90mstdout[2m | tests/property/admin-system-health-fixes/settings-auth.property.test.ts[2m > [22m[2mFeature: admin-system-health-fixes, Property 3: Settings Authentication Requirement[2m > [22m[2mProperty: Requests without valid auth are rejected with 401 (Requirement 2.6)[2m > [22m[2mshould reject PUT requests without valid authentication
[22m[39m[AUTH] Token verification failed: Access token verification failed

[90mstdout[2m | tests/property/admin-system-health-fixes/settings-auth.property.test.ts[2m > [22m[2mFeature: admin-system-health-fixes, Property 3: Settings Authentication Requirement[2m > [22m[2mProperty: Requests without valid auth are rejected with 401 (Requirement 2.6)[2m > [22m[2mshould reject PUT requests without valid authentication
[22m[39m[AUTH] Token verification failed: Access token verification failed

[90mstdout[2m | tests/property/admin-system-health-fixes/settings-auth.property.test.ts[2m > [22m[2mFeature: admin-system-health-fixes, Property 3: Settings Authentication Requirement[2m > [22m[2mProperty: Requests without valid auth are rejected with 401 (Requirement 2.6)[2m > [22m[2mshould reject PUT requests without valid authentication
[22m[39m[AUTH] Token verification failed: Access token verification failed

[90mstdout[2m | tests/property/admin-system-health-fixes/settings-auth.property.test.ts[2m > [22m[2mFeature: admin-system-health-fixes, Property 3: Settings Authentication Requirement[2m > [22m[2mProperty: Requests without valid auth are rejected with 401 (Requirement 2.6)[2m > [22m[2mshould reject PUT requests without valid authentication
[22m[39m[AUTH] Token verification failed: Access token verification failed

[90mstdout[2m | tests/property/admin-system-health-fixes/settings-auth.property.test.ts[2m > [22m[2mFeature: admin-system-health-fixes, Property 3: Settings Authentication Requirement[2m > [22m[2mProperty: Requests without valid auth are rejected with 401 (Requirement 2.6)[2m > [22m[2mshould reject PUT requests without valid authentication
[22m[39m[AUTH] Token verification failed: Access token verification failed

[90mstdout[2m | tests/property/admin-system-health-fixes/settings-auth.property.test.ts[2m > [22m[2mFeature: admin-system-health-fixes, Property 3: Settings Authentication Requirement[2m > [22m[2mProperty: Requests without valid auth are rejected with 401 (Requirement 2.6)[2m > [22m[2mshould reject PUT requests without valid authentication
[22m[39m[AUTH] Token verification failed: Access token verification failed

[90mstdout[2m | tests/property/admin-system-health-fixes/settings-auth.property.test.ts[2m > [22m[2mFeature: admin-system-health-fixes, Property 3: Settings Authentication Requirement[2m > [22m[2mProperty: Requests without valid auth are rejected with 401 (Requirement 2.6)[2m > [22m[2mshould reject PUT requests without valid authentication
[22m[39m[AUTH] Token verification failed: Access token verification failed

[90mstdout[2m | tests/property/admin-system-health-fixes/settings-auth.property.test.ts[2m > [22m[2mFeature: admin-system-health-fixes, Property 3: Settings Authentication Requirement[2m > [22m[2mProperty: Requests without valid auth are rejected with 401 (Requirement 2.6)[2m > [22m[2mshould reject PUT requests without valid authentication
[22m[39m[AUTH] Token verification failed: Access token verification failed

[90mstdout[2m | tests/property/admin-system-health-fixes/settings-auth.property.test.ts[2m > [22m[2mFeature: admin-system-health-fixes, Property 3: Settings Authentication Requirement[2m > [22m[2mProperty: Requests without valid auth are rejected with 401 (Requirement 2.6)[2m > [22m[2mshould reject PUT requests without valid authentication
[22m[39m[AUTH] Token verification failed: Access token verification failed

 [32mΓ£ô[39m tests/property/admin-system-health-fixes/settings-auth.property.test.ts[2m > [22mFeature: admin-system-health-fixes, Property 3: Settings Authentication Requirement[2m > [22mProperty: Requests without valid auth are rejected with 401 (Requirement 2.6)[2m > [22mshould reject POST requests without valid authentication[33m 1898[2mms[22m[39m
[90mstderr[2m | t
ests/property/admin
-system-health-fixe
s/settings-auth.pro
perty.test.ts[2m 
> 
[22m[2mFeature: a
dmin-system-health-
fixes, Property 3: 
Settings 
Authentication 
Requirement[2m > 
[22m[2mProperty: 
Requests without 
valid auth are 
rejected with 401 
(Requirement 
2.6)[2m > 
[22m[2mshould 
reject DELETE 
requests without 
valid 
authentication
[22m[39m[ARCJET] 
WARNING: Running 
without Arcjet 
protection

[90mstdout[2m | tests/property/admin-system-health-fixes/settings-auth.property.test.ts[2m > [22m[2mFeature: admin-system-health-fixes, Property 3: Settings Authentication Requirement[2m > [22m[2mProperty: Requests without valid auth are rejected with 401 (Requirement 2.6)[2m > [22m[2mshould reject DELETE requests without valid authentication
[22m[39m[AUTH] Token verification failed: Access token verification failed

[90mstderr[2m | t
ests/property/admin
-system-health-fixe
s/settings-auth.pro
perty.test.ts[2m 
> 
[22m[2mFeature: a
dmin-system-health-
fixes, Property 3: 
Settings 
Authentication 
Requirement[2m > 
[22m[2mProperty: 
Requests without 
valid auth are 
rejected with 401 
(Requirement 
2.6)[2m > 
[22m[2mshould 
reject DELETE 
requests without 
valid 
authentication
[22m[39m[ARCJET] 
WARNING: Running 
without Arcjet 
protection

[90mstderr[2m | t
ests/property/admin
-system-health-fixe
s/settings-auth.pro
perty.test.ts[2m 
> 
[22m[2mFeature: a
dmin-system-health-
fixes, Property 3: 
Settings 
Authentication 
Requirement[2m > 
[22m[2mProperty: 
Requests without 
valid auth are 
rejected with 401 
(Requirement 
2.6)[2m > 
[22m[2mshould 
reject DELETE 
requests without 
valid 
authentication
[22m[39m[ARCJET] 
WARNING: Running 
without Arcjet 
protection

[90mstdout[2m | tests/property/admin-system-health-fixes/settings-auth.property.test.ts[2m > [22m[2mFeature: admin-system-health-fixes, Property 3: Settings Authentication Requirement[2m > [22m[2mProperty: Requests without valid auth are rejected with 401 (Requirement 2.6)[2m > [22m[2mshould reject DELETE requests without valid authentication
[22m[39m[AUTH] Token verification failed: Access token verification failed

[90mstderr[2m | t
ests/property/admin
-system-health-fixe
s/settings-auth.pro
perty.test.ts[2m 
> 
[22m[2mFeature: a
dmin-system-health-
fixes, Property 3: 
Settings 
Authentication 
Requirement[2m > 
[22m[2mProperty: 
Requests without 
valid auth are 
rejected with 401 
(Requirement 
2.6)[2m > 
[22m[2mshould 
reject DELETE 
requests without 
valid 
authentication
[22m[39m[ARCJET] 
WARNING: Running 
without Arcjet 
protection

[90mstderr[2m | t
ests/property/admin
-system-health-fixe
s/settings-auth.pro
perty.test.ts[2m 
> 
[22m[2mFeature: a
dmin-system-health-
fixes, Property 3: 
Settings 
Authentication 
Requirement[2m > 
[22m[2mProperty: 
Requests without 
valid auth are 
rejected with 401 
(Requirement 
2.6)[2m > 
[22m[2mshould 
reject DELETE 
requests without 
valid 
authentication
[22m[39m[ARCJET] 
WARNING: Running 
without Arcjet 
protection

[90mstderr[2m | t
ests/property/admin
-system-health-fixe
s/settings-auth.pro
perty.test.ts[2m 
> 
[22m[2mFeature: a
dmin-system-health-
fixes, Property 3: 
Settings 
Authentication 
Requirement[2m > 
[22m[2mProperty: 
Requests without 
valid auth are 
rejected with 401 
(Requirement 
2.6)[2m > 
[22m[2mshould 
reject DELETE 
requests without 
valid 
authentication
[22m[39m[ARCJET] 
WARNING: Running 
without Arcjet 
protection

[90mstderr[2m | t
ests/property/admin
-system-health-fixe
s/settings-auth.pro
perty.test.ts[2m 
> 
[22m[2mFeature: a
dmin-system-health-
fixes, Property 3: 
Settings 
Authentication 
Requirement[2m > 
[22m[2mProperty: 
Requests without 
valid auth are 
rejected with 401 
(Requirement 
2.6)[2m > 
[22m[2mshould 
reject DELETE 
requests without 
valid 
authentication
[22m[39m[ARCJET] 
WARNING: Running 
without Arcjet 
protection

[90mstdout[2m | tests/property/admin-system-health-fixes/settings-auth.property.test.ts[2m > [22m[2mFeature: admin-system-health-fixes, Property 3: Settings Authentication Requirement[2m > [22m[2mProperty: Requests without valid auth are rejected with 401 (Requirement 2.6)[2m > [22m[2mshould reject DELETE requests without valid authentication
[22m[39m[AUTH] Token verification failed: Access token verification failed

[90mstderr[2m | t
ests/property/admin
-system-health-fixe
s/settings-auth.pro
perty.test.ts[2m 
> 
[22m[2mFeature: a
dmin-system-health-
fixes, Property 3: 
Settings 
Authentication 
Requirement[2m > 
[22m[2mProperty: 
Requests without 
valid auth are 
rejected with 401 
(Requirement 
2.6)[2m > 
[22m[2mshould 
reject DELETE 
requests without 
valid 
authentication
[22m[39m[ARCJET] 
WARNING: Running 
without Arcjet 
protection

[90mstderr[2m | t
ests/property/admin
-system-health-fixe
s/settings-auth.pro
perty.test.ts[2m 
> 
[22m[2mFeature: a
dmin-system-health-
fixes, Property 3: 
Settings 
Authentication 
Requirement[2m > 
[22m[2mProperty: 
Requests without 
valid auth are 
rejected with 401 
(Requirement 
2.6)[2m > 
[22m[2mshould 
reject DELETE 
requests without 
valid 
authentication
[22m[39m[ARCJET] 
WARNING: Running 
without Arcjet 
protection

[90mstderr[2m | t
ests/property/admin
-system-health-fixe
s/settings-auth.pro
perty.test.ts[2m 
> 
[22m[2mFeature: a
dmin-system-health-
fixes, Property 3: 
Settings 
Authentication 
Requirement[2m > 
[22m[2mProperty: 
Requests without 
valid auth are 
rejected with 401 
(Requirement 
2.6)[2m > 
[22m[2mshould 
reject DELETE 
requests without 
valid 
authentication
[22m[39m[ARCJET] 
WARNING: Running 
without Arcjet 
protection

[90mstderr[2m | t
ests/property/admin
-system-health-fixe
s/settings-auth.pro
perty.test.ts[2m 
> 
[22m[2mFeature: a
dmin-system-health-
fixes, Property 3: 
Settings 
Authentication 
Requirement[2m > 
[22m[2mProperty: 
Requests without 
valid auth are 
rejected with 401 
(Requirement 
2.6)[2m > 
[22m[2mshould 
reject DELETE 
requests without 
valid 
authentication
[22m[39m[ARCJET] 
WARNING: Running 
without Arcjet 
protection

[90mstdout[2m | tests/property/admin-system-health-fixes/settings-auth.property.test.ts[2m > [22m[2mFeature: admin-system-health-fixes, Property 3: Settings Authentication Requirement[2m > [22m[2mProperty: Requests without valid auth are rejected with 401 (Requirement 2.6)[2m > [22m[2mshould reject DELETE requests without valid authentication
[22m[39m[AUTH] Token verification failed: Access token verification failed

[90mstderr[2m | t
ests/property/admin
-system-health-fixe
s/settings-auth.pro
perty.test.ts[2m 
> 
[22m[2mFeature: a
dmin-system-health-
fixes, Property 3: 
Settings 
Authentication 
Requirement[2m > 
[22m[2mProperty: 
Requests without 
valid auth are 
rejected with 401 
(Requirement 
2.6)[2m > 
[22m[2mshould 
reject DELETE 
requests without 
valid 
authentication
[22m[39m[ARCJET] 
WARNING: Running 
without Arcjet 
protection

[90mstdout[2m | tests/property/admin-system-health-fixes/settings-auth.property.test.ts[2m > [22m[2mFeature: admin-system-health-fixes, Property 3: Settings Authentication Requirement[2m > [22m[2mProperty: Requests without valid auth are rejected with 401 (Requirement 2.6)[2m > [22m[2mshould reject DELETE requests without valid authentication
[22m[39m[AUTH] Token verification failed: Access token verification failed

[90mstdout[2m | tests/property/admin-system-health-fixes/settings-auth.property.test.ts[2m > [22m[2mFeature: admin-system-health-fixes, Property 3: Settings Authentication Requirement[2m > [22m[2mProperty: Requests without valid auth are rejected with 401 (Requirement 2.6)[2m > [22m[2mshould reject DELETE requests without valid authentication
[22m[39m[AUTH] Token verification failed: Access token verification failed

[90mstdout[2m | tests/property/admin-system-health-fixes/settings-auth.property.test.ts[2m > [22m[2mFeature: admin-system-health-fixes, Property 3: Settings Authentication Requirement[2m > [22m[2mProperty: Requests without valid auth are rejected with 401 (Requirement 2.6)[2m > [22m[2mshould reject DELETE requests without valid authentication
[22m[39m[AUTH] Token verification failed: Access token verification failed

[90mstdout[2m | tests/property/admin-system-health-fixes/settings-auth.property.test.ts[2m > [22m[2mFeature: admin-system-health-fixes, Property 3: Settings Authentication Requirement[2m > [22m[2mProperty: Requests without valid auth are rejected with 401 (Requirement 2.6)[2m > [22m[2mshould reject DELETE requests without valid authentication
[22m[39m[AUTH] Token verification failed: Access token verification failed

[90mstderr[2m | t
ests/property/admin
-system-health-fixe
s/settings-auth.pro
perty.test.ts[2m 
> 
[22m[2mFeature: a
dmin-system-health-
fixes, Property 3: 
Settings 
Authentication 
Requirement[2m > 
[22m[2mProperty: 
Requests without 
valid auth are 
rejected with 401 
(Requirement 
2.6)[2m > 
[22m[2mshould 
reject DELETE 
requests without 
valid 
authentication
[22m[39m[ARCJET] 
WARNING: Running 
without Arcjet 
protection

[90mstderr[2m | t
ests/property/admin
-system-health-fixe
s/settings-auth.pro
perty.test.ts[2m 
> 
[22m[2mFeature: a
dmin-system-health-
fixes, Property 3: 
Settings 
Authentication 
Requirement[2m > 
[22m[2mProperty: 
Requests without 
valid auth are 
rejected with 401 
(Requirement 
2.6)[2m > 
[22m[2mshould 
reject DELETE 
requests without 
valid 
authentication
[22m[39m[ARCJET] 
WARNING: Running 
without Arcjet 
protection

[90mstderr[2m | t
ests/property/admin
-system-health-fixe
s/settings-auth.pro
perty.test.ts[2m 
> 
[22m[2mFeature: a
dmin-system-health-
fixes, Property 3: 
Settings 
Authentication 
Requirement[2m > 
[22m[2mProperty: 
Requests without 
valid auth are 
rejected with 401 
(Requirement 
2.6)[2m > 
[22m[2mshould 
reject DELETE 
requests without 
valid 
authentication
[22m[39m[ARCJET] 
WARNING: Running 
without Arcjet 
protection

[90mstderr[2m | t
ests/property/admin
-system-health-fixe
s/settings-auth.pro
perty.test.ts[2m 
> 
[22m[2mFeature: a
dmin-system-health-
fixes, Property 3: 
Settings 
Authentication 
Requirement[2m > 
[22m[2mProperty: 
Requests without 
valid auth are 
rejected with 401 
(Requirement 
2.6)[2m > 
[22m[2mshould 
reject DELETE 
requests without 
valid 
authentication
[22m[39m[ARCJET] 
WARNING: Running 
without Arcjet 
protection

[90mstderr[2m | t
ests/property/admin
-system-health-fixe
s/settings-auth.pro
perty.test.ts[2m 
> 
[22m[2mFeature: a
dmin-system-health-
fixes, Property 3: 
Settings 
Authentication 
Requirement[2m > 
[22m[2mProperty: 
Requests without 
valid auth are 
rejected with 401 
(Requirement 
2.6)[2m > 
[22m[2mshould 
reject DELETE 
requests without 
valid 
authentication
[22m[39m[ARCJET] 
WARNING: Running 
without Arcjet 
protection

[90mstderr[2m | t
ests/property/admin
-system-health-fixe
s/settings-auth.pro
perty.test.ts[2m 
> 
[22m[2mFeature: a
dmin-system-health-
fixes, Property 3: 
Settings 
Authentication 
Requirement[2m > 
[22m[2mProperty: 
Requests without 
valid auth are 
rejected with 401 
(Requirement 
2.6)[2m > 
[22m[2mshould 
reject DELETE 
requests without 
valid 
authentication
[22m[39m[ARCJET] 
WARNING: Running 
without Arcjet 
protection

[90mstderr[2m | t
ests/property/admin
-system-health-fixe
s/settings-auth.pro
perty.test.ts[2m 
> 
[22m[2mFeature: a
dmin-system-health-
fixes, Property 3: 
Settings 
Authentication 
Requirement[2m > 
[22m[2mProperty: 
Requests without 
valid auth are 
rejected with 401 
(Requirement 
2.6)[2m > 
[22m[2mshould 
reject DELETE 
requests without 
valid 
authentication
[22m[39m[ARCJET] 
WARNING: Running 
without Arcjet 
protection

[90mstderr[2m | t
ests/property/admin
-system-health-fixe
s/settings-auth.pro
perty.test.ts[2m 
> 
[22m[2mFeature: a
dmin-system-health-
fixes, Property 3: 
Settings 
Authentication 
Requirement[2m > 
[22m[2mProperty: 
Requests without 
valid auth are 
rejected with 401 
(Requirement 
2.6)[2m > 
[22m[2mshould 
reject DELETE 
requests without 
valid 
authentication
[22m[39m[ARCJET] 
WARNING: Running 
without Arcjet 
protection

[90mstderr[2m | t
ests/property/admin
-system-health-fixe
s/settings-auth.pro
perty.test.ts[2m 
> 
[22m[2mFeature: a
dmin-system-health-
fixes, Property 3: 
Settings 
Authentication 
Requirement[2m > 
[22m[2mProperty: 
Requests without 
valid auth are 
rejected with 401 
(Requirement 
2.6)[2m > 
[22m[2mshould 
reject DELETE 
requests without 
valid 
authentication
[22m[39m[ARCJET] 
WARNING: Running 
without Arcjet 
protection

[90mstderr[2m | t
ests/property/admin
-system-health-fixe
s/settings-auth.pro
perty.test.ts[2m 
> 
[22m[2mFeature: a
dmin-system-health-
fixes, Property 3: 
Settings 
Authentication 
Requirement[2m > 
[22m[2mProperty: 
Requests without 
valid auth are 
rejected with 401 
(Requirement 
2.6)[2m > 
[22m[2mshould 
reject DELETE 
requests without 
valid 
authentication
[22m[39m[ARCJET] 
WARNING: Running 
without Arcjet 
protection

[90mstderr[2m | t
ests/property/admin
-system-health-fixe
s/settings-auth.pro
perty.test.ts[2m 
> 
[22m[2mFeature: a
dmin-system-health-
fixes, Property 3: 
Settings 
Authentication 
Requirement[2m > 
[22m[2mProperty: 
Requests without 
valid auth are 
rejected with 401 
(Requirement 
2.6)[2m > 
[22m[2mshould 
reject DELETE 
requests without 
valid 
authentication
[22m[39m[ARCJET] 
WARNING: Running 
without Arcjet 
protection

[90mstdout[2m | tests/property/admin-system-health-fixes/settings-auth.property.test.ts[2m > [22m[2mFeature: admin-system-health-fixes, Property 3: Settings Authentication Requirement[2m > [22m[2mProperty: Requests without valid auth are rejected with 401 (Requirement 2.6)[2m > [22m[2mshould reject DELETE requests without valid authentication
[22m[39m[AUTH] Token verification failed: Access token verification failed

[90mstderr[2m | t
ests/property/admin
-system-health-fixe
s/settings-auth.pro
perty.test.ts[2m 
> 
[22m[2mFeature: a
dmin-system-health-
fixes, Property 3: 
Settings 
Authentication 
Requirement[2m > 
[22m[2mProperty: 
Requests without 
valid auth are 
rejected with 401 
(Requirement 
2.6)[2m > 
[22m[2mshould 
reject DELETE 
requests without 
valid 
authentication
[22m[39m[ARCJET] 
WARNING: Running 
without Arcjet 
protection

[90mstderr[2m | t
ests/property/admin
-system-health-fixe
s/settings-auth.pro
perty.test.ts[2m 
> 
[22m[2mFeature: a
dmin-system-health-
fixes, Property 3: 
Settings 
Authentication 
Requirement[2m > 
[22m[2mProperty: 
Requests without 
valid auth are 
rejected with 401 
(Requirement 
2.6)[2m > 
[22m[2mshould 
reject DELETE 
requests without 
valid 
authentication
[22m[39m[ARCJET] 
WARNING: Running 
without Arcjet 
protection

[90mstdout[2m | tests/property/admin-system-health-fixes/settings-auth.property.test.ts[2m > [22m[2mFeature: admin-system-health-fixes, Property 3: Settings Authentication Requirement[2m > [22m[2mProperty: Requests without valid auth are rejected with 401 (Requirement 2.6)[2m > [22m[2mshould reject DELETE requests without valid authentication
[22m[39m[AUTH] Token verification failed: Access token verification failed

[90mstderr[2m | t
ests/property/admin
-system-health-fixe
s/settings-auth.pro
perty.test.ts[2m 
> 
[22m[2mFeature: a
dmin-system-health-
fixes, Property 3: 
Settings 
Authentication 
Requirement[2m > 
[22m[2mProperty: 
Requests without 
valid auth are 
rejected with 401 
(Requirement 
2.6)[2m > 
[22m[2mshould 
reject DELETE 
requests without 
valid 
authentication
[22m[39m[ARCJET] 
WARNING: Running 
without Arcjet 
protection

[90mstdout[2m | tests/property/admin-system-health-fixes/settings-auth.property.test.ts[2m > [22m[2mFeature: admin-system-health-fixes, Property 3: Settings Authentication Requirement[2m > [22m[2mProperty: Requests without valid auth are rejected with 401 (Requirement 2.6)[2m > [22m[2mshould reject DELETE requests without valid authentication
[22m[39m[AUTH] Token verification failed: Access token verification failed

[90mstderr[2m | t
ests/property/admin
-system-health-fixe
s/settings-auth.pro
perty.test.ts[2m 
> 
[22m[2mFeature: a
dmin-system-health-
fixes, Property 3: 
Settings 
Authentication 
Requirement[2m > 
[22m[2mProperty: 
Requests without 
valid auth are 
rejected with 401 
(Requirement 
2.6)[2m > 
[22m[2mshould 
reject DELETE 
requests without 
valid 
authentication
[22m[39m[ARCJET] 
WARNING: Running 
without Arcjet 
protection

[90mstderr[2m | t
ests/property/admin
-system-health-fixe
s/settings-auth.pro
perty.test.ts[2m 
> 
[22m[2mFeature: a
dmin-system-health-
fixes, Property 3: 
Settings 
Authentication 
Requirement[2m > 
[22m[2mProperty: 
Requests without 
valid auth are 
rejected with 401 
(Requirement 
2.6)[2m > 
[22m[2mshould 
reject DELETE 
requests without 
valid 
authentication
[22m[39m[ARCJET] 
WARNING: Running 
without Arcjet 
protection

[90mstdout[2m | tests/property/admin-system-health-fixes/settings-auth.property.test.ts[2m > [22m[2mFeature: admin-system-health-fixes, Property 3: Settings Authentication Requirement[2m > [22m[2mProperty: Requests without valid auth are rejected with 401 (Requirement 2.6)[2m > [22m[2mshould reject DELETE requests without valid authentication
[22m[39m[AUTH] Token verification failed: Access token verification failed

[90mstderr[2m | t
ests/property/admin
-system-health-fixe
s/settings-auth.pro
perty.test.ts[2m 
> 
[22m[2mFeature: a
dmin-system-health-
fixes, Property 3: 
Settings 
Authentication 
Requirement[2m > 
[22m[2mProperty: 
Requests without 
valid auth are 
rejected with 401 
(Requirement 
2.6)[2m > 
[22m[2mshould 
reject DELETE 
requests without 
valid 
authentication
[22m[39m[ARCJET] 
WARNING: Running 
without Arcjet 
protection

[90mstderr[2m | t
ests/property/admin
-system-health-fixe
s/settings-auth.pro
perty.test.ts[2m 
> 
[22m[2mFeature: a
dmin-system-health-
fixes, Property 3: 
Settings 
Authentication 
Requirement[2m > 
[22m[2mProperty: 
Requests without 
valid auth are 
rejected with 401 
(Requirement 
2.6)[2m > 
[22m[2mshould 
reject DELETE 
requests without 
valid 
authentication
[22m[39m[ARCJET] 
WARNING: Running 
without Arcjet 
protection

[90mstderr[2m | t
ests/property/admin
-system-health-fixe
s/settings-auth.pro
perty.test.ts[2m 
> 
[22m[2mFeature: a
dmin-system-health-
fixes, Property 3: 
Settings 
Authentication 
Requirement[2m > 
[22m[2mProperty: 
Requests without 
valid auth are 
rejected with 401 
(Requirement 
2.6)[2m > 
[22m[2mshould 
reject DELETE 
requests without 
valid 
authentication
[22m[39m[ARCJET] 
WARNING: Running 
without Arcjet 
protection

[90mstdout[2m | tests/property/admin-system-health-fixes/settings-auth.property.test.ts[2m > [22m[2mFeature: admin-system-health-fixes, Property 3: Settings Authentication Requirement[2m > [22m[2mProperty: Requests without valid auth are rejected with 401 (Requirement 2.6)[2m > [22m[2mshould reject DELETE requests without valid authentication
[22m[39m[AUTH] Token verification failed: Access token verification failed

[90mstderr[2m | t
ests/property/admin
-system-health-fixe
s/settings-auth.pro
perty.test.ts[2m 
> 
[22m[2mFeature: a
dmin-system-health-
fixes, Property 3: 
Settings 
Authentication 
Requirement[2m > 
[22m[2mProperty: 
Requests without 
valid auth are 
rejected with 401 
(Requirement 
2.6)[2m > 
[22m[2mshould 
reject DELETE 
requests without 
valid 
authentication
[22m[39m[ARCJET] 
WARNING: Running 
without Arcjet 
protection

[90mstderr[2m | t
ests/property/admin
-system-health-fixe
s/settings-auth.pro
perty.test.ts[2m 
> 
[22m[2mFeature: a
dmin-system-health-
fixes, Property 3: 
Settings 
Authentication 
Requirement[2m > 
[22m[2mProperty: 
Requests without 
valid auth are 
rejected with 401 
(Requirement 
2.6)[2m > 
[22m[2mshould 
reject DELETE 
requests without 
valid 
authentication
[22m[39m[ARCJET] 
WARNING: Running 
without Arcjet 
protection

[90mstderr[2m | t
ests/property/admin
-system-health-fixe
s/settings-auth.pro
perty.test.ts[2m 
> 
[22m[2mFeature: a
dmin-system-health-
fixes, Property 3: 
Settings 
Authentication 
Requirement[2m > 
[22m[2mProperty: 
Requests without 
valid auth are 
rejected with 401 
(Requirement 
2.6)[2m > 
[22m[2mshould 
reject DELETE 
requests without 
valid 
authentication
[22m[39m[ARCJET] 
WARNING: Running 
without Arcjet 
protection

[90mstderr[2m | t
ests/property/admin
-system-health-fixe
s/settings-auth.pro
perty.test.ts[2m 
> 
[22m[2mFeature: a
dmin-system-health-
fixes, Property 3: 
Settings 
Authentication 
Requirement[2m > 
[22m[2mProperty: 
Requests without 
valid auth are 
rejected with 401 
(Requirement 
2.6)[2m > 
[22m[2mshould 
reject DELETE 
requests without 
valid 
authentication
[22m[39m[ARCJET] 
WARNING: Running 
without Arcjet 
protection

[90mstderr[2m | t
ests/property/admin
-system-health-fixe
s/settings-auth.pro
perty.test.ts[2m 
> 
[22m[2mFeature: a
dmin-system-health-
fixes, Property 3: 
Settings 
Authentication 
Requirement[2m > 
[22m[2mProperty: 
Requests without 
valid auth are 
rejected with 401 
(Requirement 
2.6)[2m > 
[22m[2mshould 
reject DELETE 
requests without 
valid 
authentication
[22m[39m[ARCJET] 
WARNING: Running 
without Arcjet 
protection

[90mstderr[2m | t
ests/property/admin
-system-health-fixe
s/settings-auth.pro
perty.test.ts[2m 
> 
[22m[2mFeature: a
dmin-system-health-
fixes, Property 3: 
Settings 
Authentication 
Requirement[2m > 
[22m[2mProperty: 
Requests without 
valid auth are 
rejected with 401 
(Requirement 
2.6)[2m > 
[22m[2mshould 
reject DELETE 
requests without 
valid 
authentication
[22m[39m[ARCJET] 
WARNING: Running 
without Arcjet 
protection

[90mstderr[2m | t
ests/property/admin
-system-health-fixe
s/settings-auth.pro
perty.test.ts[2m 
> 
[22m[2mFeature: a
dmin-system-health-
fixes, Property 3: 
Settings 
Authentication 
Requirement[2m > 
[22m[2mProperty: 
Requests without 
valid auth are 
rejected with 401 
(Requirement 
2.6)[2m > 
[22m[2mshould 
reject DELETE 
requests without 
valid 
authentication
[22m[39m[ARCJET] 
WARNING: Running 
without Arcjet 
protection

[90mstderr[2m | t
ests/property/admin
-system-health-fixe
s/settings-auth.pro
perty.test.ts[2m 
> 
[22m[2mFeature: a
dmin-system-health-
fixes, Property 3: 
Settings 
Authentication 
Requirement[2m > 
[22m[2mProperty: 
Requests without 
valid auth are 
rejected with 401 
(Requirement 
2.6)[2m > 
[22m[2mshould 
reject DELETE 
requests without 
valid 
authentication
[22m[39m[ARCJET] 
WARNING: Running 
without Arcjet 
protection

[90mstderr[2m | t
ests/property/admin
-system-health-fixe
s/settings-auth.pro
perty.test.ts[2m 
> 
[22m[2mFeature: a
dmin-system-health-
fixes, Property 3: 
Settings 
Authentication 
Requirement[2m > 
[22m[2mProperty: 
Requests without 
valid auth are 
rejected with 401 
(Requirement 
2.6)[2m > 
[22m[2mshould 
reject DELETE 
requests without 
valid 
authentication
[22m[39m[ARCJET] 
WARNING: Running 
without Arcjet 
protection

[90mstderr[2m | t
ests/property/admin
-system-health-fixe
s/settings-auth.pro
perty.test.ts[2m 
> 
[22m[2mFeature: a
dmin-system-health-
fixes, Property 3: 
Settings 
Authentication 
Requirement[2m > 
[22m[2mProperty: 
Requests without 
valid auth are 
rejected with 401 
(Requirement 
2.6)[2m > 
[22m[2mshould 
reject DELETE 
requests without 
valid 
authentication
[22m[39m[ARCJET] 
WARNING: Running 
without Arcjet 
protection

[90mstderr[2m | t
ests/property/admin
-system-health-fixe
s/settings-auth.pro
perty.test.ts[2m 
> 
[22m[2mFeature: a
dmin-system-health-
fixes, Property 3: 
Settings 
Authentication 
Requirement[2m > 
[22m[2mProperty: 
Requests without 
valid auth are 
rejected with 401 
(Requirement 
2.6)[2m > 
[22m[2mshould 
reject DELETE 
requests without 
valid 
authentication
[22m[39m[ARCJET] 
WARNING: Running 
without Arcjet 
protection

[90mstderr[2m | t
ests/property/admin
-system-health-fixe
s/settings-auth.pro
perty.test.ts[2m 
> 
[22m[2mFeature: a
dmin-system-health-
fixes, Property 3: 
Settings 
Authentication 
Requirement[2m > 
[22m[2mProperty: 
Requests without 
valid auth are 
rejected with 401 
(Requirement 
2.6)[2m > 
[22m[2mshould 
reject DELETE 
requests without 
valid 
authentication
[22m[39m[ARCJET] 
WARNING: Running 
without Arcjet 
protection
[90mstdout[2m | tests/property/admin-system-health-fixes/settings-auth.property.test.ts[2m > [22m[2mFeature: admin-system-health-fixes, Property 3: Settings Authentication Requirement[2m > [22m[2mProperty: Requests without valid auth are rejected with 401 (Requirement 2.6)[2m > [22m[2mshould reject DELETE requests without valid authentication
[22m[39m[AUTH] Token verification failed: Access token verification failed

[90mstdout[2m | tests/property/admin-system-health-fixes/settings-auth.property.test.ts[2m > [22m[2mFeature: admin-system-health-fixes, Property 3: Settings Authentication Requirement[2m > [22m[2mProperty: Requests without valid auth are rejected with 401 (Requirement 2.6)[2m > [22m[2mshould reject DELETE requests without valid authentication
[22m[39m[AUTH] Token verification failed: Access token verification failed


[90mstderr[2m | t
ests/property/admin
-system-health-fixe
s/settings-auth.pro
perty.test.ts[2m 
> 
[22m[2mFeature: a
dmin-system-health-
fixes, Property 3: 
Settings 
Authentication 
Requirement[2m > 
[22m[2mProperty: 
Requests without 
valid auth are 
rejected with 401 
(Requirement 
2.6)[2m > 
[22m[2mshould 
reject DELETE 
requests without 
valid 
authentication
[22m[39m[ARCJET] 
WARNING: Running 
without Arcjet 
protection

[90mstderr[2m | t
ests/property/admin
-system-health-fixe
s/settings-auth.pro
perty.test.ts[2m 
> 
[22m[2mFeature: a
dmin-system-health-
fixes, Property 3: 
Settings 
Authentication 
Requirement[2m > 
[22m[2mProperty: 
Requests without 
valid auth are 
rejected with 401 
(Requirement 
2.6)[2m > 
[22m[2mshould 
reject DELETE 
requests without 
valid 
authentication
[22m[39m[ARCJET] 
WARNING: Running 
without Arcjet 
protection

[90mstderr[2m | t
ests/property/admin
-system-health-fixe
s/settings-auth.pro
perty.test.ts[2m 
> 
[22m[2mFeature: a
dmin-system-health-
fixes, Property 3: 
Settings 
Authentication 
Requirement[2m > 
[22m[2mProperty: 
Requests without 
valid auth are 
rejected with 401 
(Requirement 
2.6)[2m > 
[22m[2mshould 
reject DELETE 
requests without 
valid 
authentication
[22m[39m[ARCJET] 
WARNING: Running 
without Arcjet 
protection

[90mstderr[2m | t
ests/property/admin
-system-health-fixe
s/settings-auth.pro
perty.test.ts[2m 
> 
[22m[2mFeature: a
dmin-system-health-
fixes, Property 3: 
Settings 
Authentication 
Requirement[2m > 
[22m[2mProperty: 
Requests without 
valid auth are 
rejected with 401 
(Requirement 
2.6)[2m > 
[22m[2mshould 
reject DELETE 
requests without 
valid 
authentication
[22m[39m[ARCJET] 
WARNING: Running 
without Arcjet 
protection

[90mstdout[2m | tests/property/admin-system-health-fixes/settings-auth.property.test.ts[2m > [22m[2mFeature: admin-system-health-fixes, Property 3: Settings Authentication Requirement[2m > [22m[2mProperty: Requests without valid auth are rejected with 401 (Requirement 2.6)[2m > [22m[2mshould reject DELETE requests without valid authentication
[22m[39m[AUTH] Token verification failed: Access token verification failed

[90mstderr[2m | t
ests/property/admin
-system-health-fixe
s/settings-auth.pro
perty.test.ts[2m 
> 
[22m[2mFeature: a
dmin-system-health-
fixes, Property 3: 
Settings 
Authentication 
Requirement[2m > 
[22m[2mProperty: 
Requests without 
valid auth are 
rejected with 401 
(Requirement 
2.6)[2m > 
[22m[2mshould 
reject DELETE 
requests without 
valid 
authentication
[22m[39m[ARCJET] 
WARNING: Running 
without Arcjet 
protection

[90mstderr[2m | t
ests/property/admin
-system-health-fixe
s/settings-auth.pro
perty.test.ts[2m 
> 
[22m[2mFeature: a
dmin-system-health-
fixes, Property 3: 
Settings 
Authentication 
Requirement[2m > 
[22m[2mProperty: 
Requests without 
valid auth are 
rejected with 401 
(Requirement 
2.6)[2m > 
[22m[2mshould 
reject DELETE 
requests without 
valid 
authentication
[22m[39m[ARCJET] 
WARNING: Running 
without Arcjet 
protection

[90mstdout[2m | tests/property/admin-system-health-fixes/settings-auth.property.test.ts[2m > [22m[2mFeature: admin-system-health-fixes, Property 3: Settings Authentication Requirement[2m > [22m[2mProperty: Requests without valid auth are rejected with 401 (Requirement 2.6)[2m > [22m[2mshould reject DELETE requests without valid authentication
[22m[39m[AUTH] Token verification failed: Access token verification failed

[90mstderr[2m | t
ests/property/admin
-system-health-fixe
s/settings-auth.pro
perty.test.ts[2m 
> 
[22m[2mFeature: a
dmin-system-health-
fixes, Property 3: 
Settings 
Authentication 
Requirement[2m > 
[22m[2mProperty: 
Requests without 
valid auth are 
rejected with 401 
(Requirement 
2.6)[2m > 
[22m[2mshould 
reject DELETE 
requests without 
valid 
authentication
[22m[39m[ARCJET] 
WARNING: Running 
without Arcjet 
protection

[90mstdout[2m | tests/property/admin-system-health-fixes/settings-auth.property.test.ts[2m > [22m[2mFeature: admin-system-health-fixes, Property 3: Settings Authentication Requirement[2m > [22m[2mProperty: Requests without valid auth are rejected with 401 (Requirement 2.6)[2m > [22m[2mshould reject DELETE requests without valid authentication
[22m[39m[AUTH] Token verification failed: Access token verification failed

[90mstderr[2m | t
ests/property/admin
-system-health-fixe
s/settings-auth.pro
perty.test.ts[2m 
> 
[22m[2mFeature: a
dmin-system-health-
fixes, Property 3: 
Settings 
Authentication 
Requirement[2m > 
[22m[2mProperty: 
Requests without 
valid auth are 
rejected with 401 
(Requirement 
2.6)[2m > 
[22m[2mshould 
reject DELETE 
requests without 
valid 
authentication
[22m[39m[ARCJET] 
WARNING: Running 
without Arcjet 
protection

[90mstdout[2m | tests/property/admin-system-health-fixes/settings-auth.property.test.ts[2m > [22m[2mFeature: admin-system-health-fixes, Property 3: Settings Authentication Requirement[2m > [22m[2mProperty: Requests without valid auth are rejected with 401 (Requirement 2.6)[2m > [22m[2mshould reject DELETE requests without valid authentication
[22m[39m[AUTH] Token verification failed: Access token verification failed

[90mstderr[2m | t
ests/property/admin
-system-health-fixe
s/settings-auth.pro
perty.test.ts[2m 
> 
[22m[2mFeature: a
dmin-system-health-
fixes, Property 3: 
Settings 
Authentication 
Requirement[2m > 
[22m[2mProperty: 
Requests without 
valid auth are 
rejected with 401 
(Requirement 
2.6)[2m > 
[22m[2mshould 
reject DELETE 
requests without 
valid 
authentication
[22m[39m[ARCJET] 
WARNING: Running 
without Arcjet 
protection

[90mstderr[2m | t
ests/property/admin
-system-health-fixe
s/settings-auth.pro
perty.test.ts[2m 
> 
[22m[2mFeature: a
dmin-system-health-
fixes, Property 3: 
Settings 
Authentication 
Requirement[2m > 
[22m[2mProperty: 
Requests without 
valid auth are 
rejected with 401 
(Requirement 
2.6)[2m > 
[22m[2mshould 
reject DELETE 
requests without 
valid 
authentication
[22m[39m[ARCJET] 
WARNING: Running 
without Arcjet 
protection

[90mstderr[2m | t
ests/property/admin
-system-health-fixe
s/settings-auth.pro
perty.test.ts[2m 
> 
[22m[2mFeature: a
dmin-system-health-
fixes, Property 3: 
Settings 
Authentication 
Requirement[2m > 
[22m[2mProperty: 
Requests without 
valid auth are 
rejected with 401 
(Requirement 
2.6)[2m > 
[22m[2mshould 
reject DELETE 
requests without 
valid 
authentication
[22m[39m[ARCJET] 
WARNING: Running 
without Arcjet 
protection

[90mstderr[2m | t
ests/property/admin
-system-health-fixe
s/settings-auth.pro
perty.test.ts[2m 
> 
[22m[2mFeature: a
dmin-system-health-
fixes, Property 3: 
Settings 
Authentication 
Requirement[2m > 
[22m[2mProperty: 
Requests without 
valid auth are 
rejected with 401 
(Requirement 
2.6)[2m > 
[22m[2mshould 
reject DELETE 
requests without 
valid 
authentication
[22m[39m[ARCJET] 
WARNING: Running 
without Arcjet 
protection

[90mstderr[2m | t
ests/property/admin
-system-health-fixe
s/settings-auth.pro
perty.test.ts[2m 
> 
[22m[2mFeature: a
dmin-system-health-
fixes, Property 3: 
Settings 
Authentication 
Requirement[2m > 
[22m[2mProperty: 
Requests without 
valid auth are 
rejected with 401 
(Requirement 
2.6)[2m > 
[22m[2mshould 
reject DELETE 
requests without 
valid 
authentication
[22m[39m[ARCJET] 
WARNING: Running 
without Arcjet 
protection

[90mstderr[2m | t
ests/property/admin
-system-health-fixe
s/settings-auth.pro
perty.test.ts[2m 
> 
[22m[2mFeature: a
dmin-system-health-
fixes, Property 3: 
Settings 
Authentication 
Requirement[2m > 
[22m[2mProperty: 
Requests without 
valid auth are 
rejected with 401 
(Requirement 
2.6)[2m > 
[22m[2mshould 
reject DELETE 
requests without 
valid 
authentication
[22m[39m[ARCJET] 
WARNING: Running 
without Arcjet 
protection

[90mstderr[2m | t
ests/property/admin
-system-health-fixe
s/settings-auth.pro
perty.test.ts[2m 
> 
[22m[2mFeature: a
dmin-system-health-
fixes, Property 3: 
Settings 
Authentication 
Requirement[2m > 
[22m[2mProperty: 
Requests without 
valid auth are 
rejected with 401 
(Requirement 
2.6)[2m > 
[22m[2mshould 
reject DELETE 
requests without 
valid 
authentication
[22m[39m[ARCJET] 
WARNING: Running 
without Arcjet 
protection

[90mstderr[2m | t
ests/property/admin
-system-health-fixe
s/settings-auth.pro
perty.test.ts[2m 
> 
[22m[2mFeature: a
dmin-system-health-
fixes, Property 3: 
Settings 
Authentication 
Requirement[2m > 
[22m[2mProperty: 
Requests without 
valid auth are 
rejected with 401 
(Requirement 
2.6)[2m > 
[22m[2mshould 
reject DELETE 
requests without 
valid 
authentication
[22m[39m[ARCJET] 
WARNING: Running 
without Arcjet 
protection

[90mstderr[2m | t
ests/property/admin
-system-health-fixe
s/settings-auth.pro
perty.test.ts[2m 
> 
[22m[2mFeature: a
dmin-system-health-
fixes, Property 3: 
Settings 
Authentication 
Requirement[2m > 
[22m[2mProperty: 
Requests without 
valid auth are 
rejected with 401 
(Requirement 
2.6)[2m > 
[22m[2mshould 
reject DELETE 
requests without 
valid 
authentication
[22m[39m[ARCJET] 
WARNING: Running 
without Arcjet 
protection

[90mstderr[2m | t
ests/property/admin
-system-health-fixe
s/settings-auth.pro
perty.test.ts[2m 
> 
[22m[2mFeature: a
dmin-system-health-
fixes, Property 3: 
Settings 
Authentication 
Requirement[2m > 
[22m[2mProperty: 
Requests without 
valid auth are 
rejected with 401 
(Requirement 
2.6)[2m > 
[22m[2mshould 
reject DELETE 
requests without 
valid 
authentication
[22m[39m[ARCJET] 
WARNING: Running 
without Arcjet 
protection

[90mstderr[2m | t
ests/property/admin
-system-health-fixe
s/settings-auth.pro
perty.test.ts[2m 
> 
[22m[2mFeature: a
dmin-system-health-
fixes, Property 3: 
Settings 
Authentication 
Requirement[2m > 
[22m[2mProperty: 
Requests without 
valid auth are 
rejected with 401 
(Requirement 
2.6)[2m > 
[22m[2mshould 
reject DELETE 
requests without 
valid 
authentication
[22m[39m[ARCJET] 
WARNING: Running 
without Arcjet 
protection

[90mstderr[2m | t
ests/property/admin
-system-health-fixe
s/settings-auth.pro
perty.test.ts[2m 
> 
[22m[2mFeature: a
dmin-system-health-
fixes, Property 3: 
Settings 
Authentication 
Requirement[2m > 
[22m[2mProperty: 
Requests without 
valid auth are 
rejected with 401 
(Requirement 
2.6)[2m > 
[22m[2mshould 
reject DELETE 
requests without 
valid 
authentication
[22m[39m[ARCJET] 
WARNING: Running 
without Arcjet 
protection

[90mstderr[2m | t
ests/property/admin
-system-health-fixe
s/settings-auth.pro
perty.test.ts[2m 
> 
[22m[2mFeature: a
dmin-system-health-
fixes, Property 3: 
Settings 
Authentication 
Requirement[2m > 
[22m[2mProperty: 
Requests without 
valid auth are 
rejected with 401 
(Requirement 
2.6)[2m > 
[22m[2mshould 
reject DELETE 
requests without 
valid 
authentication
[22m[39m[ARCJET] 
WARNING: Running 
without Arcjet 
protection

[90mstderr[2m | t
ests/property/admin
-system-health-fixe
s/settings-auth.pro
perty.test.ts[2m 
> 
[22m[2mFeature: a
dmin-system-health-
fixes, Property 3: 
Settings 
Authentication 
Requirement[2m > 
[22m[2mProperty: 
Requests without 
valid auth are 
rejected with 401 
(Requirement 
2.6)[2m > 
[22m[2mshould 
reject DELETE 
requests without 
valid 
authentication
[22m[39m[ARCJET] 
WARNING: Running 
without Arcjet 
protection

[90mstderr[2m | t
ests/property/admin
-system-health-fixe
s/settings-auth.pro
perty.test.ts[2m 
> 
[22m[2mFeature: a
dmin-system-health-
fixes, Property 3: 
Settings 
Authentication 
Requirement[2m > 
[22m[2mProperty: 
Requests without 
valid auth are 
rejected with 401 
(Requirement 
2.6)[2m > 
[22m[2mshould 
reject DELETE 
requests without 
valid 
authentication
[22m[39m[ARCJET] 
WARNING: Running 
without Arcjet 
protection

[90mstderr[2m | t
ests/property/admin
-system-health-fixe
s/settings-auth.pro
perty.test.ts[2m 
> 
[22m[2mFeature: a
dmin-system-health-
fixes, Property 3: 
Settings 
Authentication 
Requirement[2m > 
[22m[2mProperty: 
Requests without 
valid auth are 
rejected with 401 
(Requirement 
2.6)[2m > 
[22m[2mshould 
reject DELETE 
requests without 
valid 
authentication
[22m[39m[ARCJET] 
WARNING: Running 
without Arcjet 
protection

[90mstderr[2m | t
ests/property/admin
-system-health-fixe
s/settings-auth.pro
perty.test.ts[2m 
> 
[22m[2mFeature: a
dmin-system-health-
fixes, Property 3: 
Settings 
Authentication 
Requirement[2m > 
[22m[2mProperty: 
Requests without 
valid auth are 
rejected with 401 
(Requirement 
2.6)[2m > 
[22m[2mshould 
reject DELETE 
requests without 
valid 
authentication
[22m[39m[ARCJET] 
WARNING: Running 
without Arcjet 
protection

[90mstderr[2m | t
ests/property/admin
-system-health-fixe
s/settings-auth.pro
perty.test.ts[2m 
> 
[22m[2mFeature: a
dmin-system-health-
fixes, Property 3: 
Settings 
Authentication 
Requirement[2m > 
[22m[2mProperty: 
Requests without 
valid auth are 
rejected with 401 
(Requirement 
2.6)[2m > 
[22m[2mshould 
reject DELETE 
requests without 
valid 
authentication
[22m[39m[ARCJET] 
WARNING: Running 
without Arcjet 
protection

[90mstderr[2m | t
ests/property/admin
-system-health-fixe
s/settings-auth.pro
perty.test.ts[2m 
> 
[22m[2mFeature: a
dmin-system-health-
fixes, Property 3: 
Settings 
Authentication 
Requirement[2m > 
[22m[2mProperty: 
Requests without 
valid auth are 
rejected with 401 
(Requirement 
2.6)[2m > 
[22m[2mshould 
reject DELETE 
requests without 
valid 
authentication
[22m[39m[ARCJET] 
WARNING: Running 
without Arcjet 
protection

[90mstderr[2m | t
ests/property/admin
-system-health-fixe
s/settings-auth.pro
perty.test.ts[2m 
> 
[22m[2mFeature: a
dmin-system-health-
fixes, Property 3: 
Settings 
Authentication 
Requirement[2m > 
[22m[2mProperty: 
Requests without 
valid auth are 
rejected with 401 
(Requirement 
2.6)[2m > 
[22m[2mshould 
reject DELETE 
requests without 
valid 
authentication
[22m[39m[ARCJET] 
WARNING: Running 
without Arcjet 
protection

[90mstderr[2m | t
ests/property/admin
-system-health-fixe
s/settings-auth.pro
perty.test.ts[2m 
> 
[22m[2mFeature: a
dmin-system-health-
fixes, Property 3: 
Settings 
Authentication 
Requirement[2m > 
[22m[2mProperty: 
Requests without 
valid auth are 
rejected with 401 
(Requirement 
2.6)[2m > 
[22m[2mshould 
reject DELETE 
requests without 
valid 
authentication
[22m[39m[ARCJET] 
WARNING: Running 
without Arcjet 
protection

[90mstderr[2m | t
ests/property/admin
-system-health-fixe
s/settings-auth.pro
perty.test.ts[2m 
> 
[22m[2mFeature: a
dmin-system-health-
fixes, Property 3: 
Settings 
Authentication 
Requirement[2m > 
[22m[2mProperty: 
Requests without 
valid auth are 
rejected with 401 
(Requirement 
2.6)[2m > 
[22m[2mshould 
reject DELETE 
requests without 
valid 
authentication
[22m[39m[ARCJET] 
WARNING: Running 
without Arcjet 
protection

[90mstderr[2m | t
ests/property/admin
-system-health-fixe
s/settings-auth.pro
perty.test.ts[2m 
> 
[22m[2mFeature: a
dmin-system-health-
fixes, Property 3: 
Settings 
Authentication 
Requirement[2m > 
[22m[2mProperty: 
Requests without 
valid auth are 
rejected with 401 
(Requirement 
2.6)[2m > 
[22m[2mshould 
reject DELETE 
requests without 
valid 
authentication
[22m[39m[ARCJET] 
WARNING: Running 
without Arcjet 
protection

[90mstderr[2m | t
ests/property/admin
-system-health-fixe
s/settings-auth.pro
perty.test.ts[2m 
> 
[22m[2mFeature: a
dmin-system-health-
fixes, Property 3: 
Settings 
Authentication 
Requirement[2m > 
[22m[2mProperty: 
Requests without 
valid auth are 
rejected with 401 
(Requirement 
2.6)[2m > 
[22m[2mshould 
reject DELETE 
requests without 
valid 
authentication
[22m[39m[ARCJET] 
WARNING: Running 
without Arcjet 
protection

[90mstderr[2m | t
ests/property/admin
-system-health-fixe
s/settings-auth.pro
perty.test.ts[2m 
> 
[22m[2mFeature: a
dmin-system-health-
fixes, Property 3: 
Settings 
Authentication 
Requirement[2m > 
[22m[2mProperty: 
Requests without 
valid auth are 
rejected with 401 
(Requirement 
2.6)[2m > 
[22m[2mshould 
reject DELETE 
requests without 
valid 
authentication
[22m[39m[ARCJET] 
WARNING: Running 
without Arcjet 
protection

[90mstderr[2m | t
ests/property/admin
-system-health-fixe
s/settings-auth.pro
perty.test.ts[2m 
> 
[22m[2mFeature: a
dmin-system-health-
fixes, Property 3: 
Settings 
Authentication 
Requirement[2m > 
[22m[2mProperty: 
Requests without 
valid auth are 
rejected with 401 
(Requirement 
2.6)[2m > 
[22m[2mshould 
reject DELETE 
requests without 
valid 
authentication
[22m[39m[ARCJET] 
WARNING: Running 
without Arcjet 
protection

[90mstderr[2m | t
ests/property/admin
-system-health-fixe
s/settings-auth.pro
perty.test.ts[2m 
> 
[22m[2mFeature: a
dmin-system-health-
fixes, Property 3: 
Settings 
Authentication 
Requirement[2m > 
[22m[2mProperty: 
Requests without 
valid auth are 
rejected with 401 
(Requirement 
2.6)[2m > 
[22m[2mshould 
reject DELETE 
requests without 
valid 
authentication
[22m[39m[ARCJET] 
WARNING: Running 
without Arcjet 
protection

[90mstderr[2m | t
ests/property/admin
-system-health-fixe
s/settings-auth.pro
perty.test.ts[2m 
> 
[22m[2mFeature: a
dmin-system-health-
fixes, Property 3: 
Settings 
Authentication 
Requirement[2m > 
[22m[2mProperty: 
Requests without 
valid auth are 
rejected with 401 
(Requirement 
2.6)[2m > 
[22m[2mshould 
reject DELETE 
requests without 
valid 
authentication
[22m[39m[ARCJET] 
WARNING: Running 
without Arcjet 
protection

[90mstderr[2m | t
ests/property/admin
-system-health-fixe
s/settings-auth.pro
perty.test.ts[2m 
> 
[22m[2mFeature: a
dmin-system-health-
fixes, Property 3: 
Settings 
Authentication 
Requirement[2m > 
[22m[2mProperty: 
Requests without 
valid auth are 
rejected with 401 
(Requirement 
2.6)[2m > 
[22m[2mshould 
reject DELETE 
requests without 
valid 
authentication
[22m[39m[ARCJET] 
WARNING: Running 
without Arcjet 
protection

[90mstderr[2m | t
ests/property/admin
-system-health-fixe
s/settings-auth.pro
perty.test.ts[2m 
> 
[22m[2mFeature: a
dmin-system-health-
fixes, Property 3: 
Settings 
Authentication 
Requirement[2m > 
[22m[2mProperty: 
Requests without 
valid auth are 
rejected with 401 
(Requirement 
2.6)[2m > 
[22m[2mshould 
reject DELETE 
requests without 
valid 
authentication
[22m[39m[ARCJET] 
WARNING: Running 
without Arcjet 
protection

[90mstderr[2m | t
ests/property/admin
-system-health-fixe
s/settings-auth.pro
perty.test.ts[2m 
> 
[22m[2mFeature: a
dmin-system-health-
fixes, Property 3: 
Settings 
Authentication 
Requirement[2m > 
[22m[2mProperty: 
Requests without 
valid auth are 
rejected with 401 
(Requirement 
2.6)[2m > 
[22m[2mshould 
reject DELETE 
requests without 
valid 
authentication
[22m[39m[ARCJET] 
WARNING: Running 
without Arcjet 
protection

[90mstderr[2m | t
ests/property/admin
-system-health-fixe
s/settings-auth.pro
perty.test.ts[2m 
> 
[22m[2mFeature: a
dmin-system-health-
fixes, Property 3: 
Settings 
Authentication 
Requirement[2m > 
[22m[2mProperty: 
Requests without 
valid auth are 
rejected with 401 
(Requirement 
2.6)[2m > 
[22m[2mshould 
reject DELETE 
requests without 
valid 
authentication
[22m[39m[ARCJET] 
WARNING: Running 
without Arcjet 
protection

[90mstderr[2m | t
ests/property/admin
-system-health-fixe
s/settings-auth.pro
perty.test.ts[2m 
> 
[22m[2mFeature: a
dmin-system-health-
fixes, Property 3: 
Settings 
Authentication 
Requirement[2m > 
[22m[2mProperty: 
Requests without 
valid auth are 
rejected with 401 
(Requirement 
2.6)[2m > 
[22m[2mshould 
reject DELETE 
requests without 
valid 
authentication
[22m[39m[ARCJET] 
WARNING: Running 
without Arcjet 
protection

[90mstderr[2m | t
ests/property/admin
-system-health-fixe
s/settings-auth.pro
perty.test.ts[2m 
> 
[22m[2mFeature: a
dmin-system-health-
fixes, Property 3: 
Settings 
Authentication 
Requirement[2m > 
[22m[2mProperty: 
Requests without 
valid auth are 
rejected with 401 
(Requirement 
2.6)[2m > 
[22m[2mshould 
reject DELETE 
requests without 
valid 
authentication
[22m[39m[ARCJET] 
WARNING: Running 
without Arcjet 
protection

[90mstderr[2m | t
ests/property/admin
-system-health-fixe
s/settings-auth.pro
perty.test.ts[2m 
> 
[22m[2mFeature: a
dmin-system-health-
fixes, Property 3: 
Settings 
Authentication 
Requirement[2m > 
[22m[2mProperty: 
Requests without 
valid auth are 
rejected with 401 
(Requirement 
2.6)[2m > 
[22m[2mshould 
reject DELETE 
requests without 
valid 
authentication
[22m[39m[ARCJET] 
WARNING: Running 
without Arcjet 
protection

[90mstderr[2m | t
ests/property/admin
-system-health-fixe
s/settings-auth.pro
perty.test.ts[2m 
> 
[22m[2mFeature: a
dmin-system-health-
fixes, Property 3: 
Settings 
Authentication 
Requirement[2m > 
[22m[2mProperty: 
Requests without 
valid auth are 
rejected with 401 
(Requirement 
2.6)[2m > 
[22m[2mshould 
reject DELETE 
requests without 
valid 
authentication
[22m[39m[ARCJET] 
WARNING: Running 
without Arcjet 
protection

[90mstderr[2m | t
ests/property/admin
-system-health-fixe
s/settings-auth.pro
perty.test.ts[2m 
> 
[22m[2mFeature: a
dmin-system-health-
fixes, Property 3: 
Settings 
Authentication 
Requirement[2m > 
[22m[2mProperty: 
Requests without 
valid auth are 
rejected with 401 
(Requirement 
2.6)[2m > 
[22m[2mshould 
reject DELETE 
requests without 
valid 
authentication
[22m[39m[ARCJET] 
WARNING: Running 
without Arcjet 
protection

[90mstderr[2m | t
ests/property/admin
-system-health-fixe
s/settings-auth.pro
perty.test.ts[2m 
> 
[22m[2mFeature: a
dmin-system-health-
fixes, Property 3: 
Settings 
Authentication 
Requirement[2m > 
[22m[2mProperty: 
Requests without 
valid auth are 
rejected with 401 
(Requirement 
2.6)[2m > 
[22m[2mshould 
reject DELETE 
requests without 
valid 
authentication
[22m[39m[ARCJET] 
WARNING: Running 
without Arcjet 
protection

[90mstderr[2m | t
ests/property/admin
-system-health-fixe
s/settings-auth.pro
perty.test.ts[2m 
> 
[22m[2mFeature: a
dmin-system-health-
fixes, Property 3: 
Settings 
Authentication 
Requirement[2m > 
[22m[2mProperty: 
Requests without 
valid auth are 
rejected with 401 
(Requirement 
2.6)[2m > 
[22m[2mshould 
reject DELETE 
requests without 
valid 
authentication
[22m[39m[ARCJET] 
WARNING: Running 
without Arcjet 
protection

[90mstderr[2m | t
ests/property/admin
-system-health-fixe
s/settings-auth.pro
perty.test.ts[2m 
> 
[22m[2mFeature: a
dmin-system-health-
fixes, Property 3: 
Settings 
Authentication 
Requirement[2m > 
[22m[2mProperty: 
Requests without 
valid auth are 
rejected with 401 
(Requirement 
2.6)[2m > 
[22m[2mshould 
reject DELETE 
requests without 
valid 
authentication
[22m[39m[ARCJET] 
WARNING: Running 
without Arcjet 
protection

[90mstderr[2m | t
ests/property/admin
-system-health-fixe
s/settings-auth.pro
perty.test.ts[2m 
> 
[22m[2mFeature: a
dmin-system-health-
fixes, Property 3: 
Settings 
Authentication 
Requirement[2m > 
[22m[2mProperty: 
Requests without 
valid auth are 
rejected with 401 
(Requirement 
2.6)[2m > 
[22m[2mshould 
reject DELETE 
requests without 
valid 
authentication
[22m[39m[ARCJET] 
WARNING: Running 
without Arcjet 
protection

[90mstderr[2m | t
ests/property/admin
-system-health-fixe
s/settings-auth.pro
perty.test.ts[2m 
> 
[22m[2mFeature: a
dmin-system-health-
fixes, Property 3: 
Settings 
Authentication 
Requirement[2m > 
[22m[2mProperty: 
Requests without 
valid auth are 
rejected with 401 
(Requirement 
2.6)[2m > 
[22m[2mshould 
reject DELETE 
requests without 
valid 
authentication
[22m[39m[ARCJET] 
WARNING: Running 
without Arcjet 
protection

[90mstderr[2m | t
ests/property/admin
-system-health-fixe
s/settings-auth.pro
perty.test.ts[2m 
> 
[22m[2mFeature: a
dmin-system-health-
fixes, Property 3: 
Settings 
Authentication 
Requirement[2m > 
[22m[2mProperty: 
Requests without 
valid auth are 
rejected with 401 
(Requirement 
2.6)[2m > 
[22m[2mshould 
reject DELETE 
requests without 
valid 
authentication
[22m[39m[ARCJET] 
WARNING: Running 
without Arcjet 
protection

[90mstderr[2m | t
ests/property/admin
-system-health-fixe
s/settings-auth.pro
perty.test.ts[2m 
> 
[22m[2mFeature: a
dmin-system-health-
fixes, Property 3: 
Settings 
Authentication 
Requirement[2m > 
[22m[2mProperty: 
Requests without 
valid auth are 
rejected with 401 
(Requirement 
2.6)[2m > 
[22m[2mshould 
reject DELETE 
requests without 
valid 
authentication
[22m[39m[ARCJET] 
WARNING: Running 
without Arcjet 
protection

[90mstderr[2m | t
ests/property/admin
-system-health-fixe
s/settings-auth.pro
perty.test.ts[2m 
> 
[22m[2mFeature: a
dmin-system-health-
fixes, Property 3: 
Settings 
Authentication 
Requirement[2m > 
[22m[2mProperty: 
Requests without 
valid auth are 
rejected with 401 
(Requirement 
2.6)[2m > 
[22m[2mshould 
reject DELETE 
requests without 
valid 
authentication
[22m[39m[ARCJET] 
WARNING: Running 
without Arcjet 
protection

[90mstderr[2m | t
ests/property/admin
-system-health-fixe
s/settings-auth.pro
perty.test.ts[2m 
> 
[22m[2mFeature: a
dmin-system-health-
fixes, Property 3: 
Settings 
Authentication 
Requirement[2m > 
[22m[2mProperty: 
Requests without 
valid auth are 
rejected with 401 
(Requirement 
2.6)[2m > 
[22m[2mshould 
reject DELETE 
requests without 
valid 
authentication
[22m[39m[ARCJET] 
WARNING: Running 
without Arcjet 
protection

[90mstderr[2m | t
ests/property/admin
-system-health-fixe
s/settings-auth.pro
perty.test.ts[2m 
> 
[22m[2mFeature: a
dmin-system-health-
fixes, Property 3: 
Settings 
Authentication 
Requirement[2m > 
[22m[2mProperty: 
Requests without 
valid auth are 
rejected with 401 
(Requirement 
2.6)[2m > 
[22m[2mshould 
reject DELETE 
requests without 
valid 
authentication
[22m[39m[ARCJET] 
WARNING: Running 
without Arcjet 
protection

[90mstderr[2m | t
ests/property/admin
-system-health-fixe
s/settings-auth.pro
perty.test.ts[2m 
> 
[22m[2mFeature: a
dmin-system-health-
fixes, Property 3: 
Settings 
Authentication 
Requirement[2m > 
[22m[2mProperty: 
Requests without 
valid auth are 
rejected with 401 
(Requirement 
2.6)[2m > 
[22m[2mshould 
reject DELETE 
requests without 
valid 
authentication
[22m[39m[ARCJET] 
WARNING: Running 
without Arcjet 
protection

[90mstdout[2m | tests/property/admin-system-health-fixes/settings-auth.property.test.ts[2m > [22m[2mFeature: admin-system-health-fixes, Property 3: Settings Authentication Requirement[2m > [22m[2mProperty: Requests without valid auth are rejected with 401 (Requirement 2.6)[2m > [22m[2mshould reject DELETE requests without valid authentication
[22m[39m[AUTH] Token verification failed: Access token verification failed

[90mstdout[2m | tests/property/admin-system-health-fixes/settings-auth.property.test.ts[2m > [22m[2mFeature: admin-system-health-fixes, Property 3: Settings Authentication Requirement[2m > [22m[2mProperty: Requests without valid auth are rejected with 401 (Requirement 2.6)[2m > [22m[2mshould reject DELETE requests without valid authentication
[22m[39m[AUTH] Token verification failed: Access token verification failed

[90mstdout[2m | tests/property/admin-system-health-fixes/settings-auth.property.test.ts[2m > [22m[2mFeature: admin-system-health-fixes, Property 3: Settings Authentication Requirement[2m > [22m[2mProperty: Requests without valid auth are rejected with 401 (Requirement 2.6)[2m > [22m[2mshould reject DELETE requests without valid authentication
[22m[39m[AUTH] Token verification failed: Access token verification failed

[90mstdout[2m | tests/property/admin-system-health-fixes/settings-auth.property.test.ts[2m > [22m[2mFeature: admin-system-health-fixes, Property 3: Settings Authentication Requirement[2m > [22m[2mProperty: Requests without valid auth are rejected with 401 (Requirement 2.6)[2m > [22m[2mshould reject DELETE requests without valid authentication
[22m[39m[AUTH] Token verification failed: Access token verification failed

[90mstdout[2m | tests/property/admin-system-health-fixes/settings-auth.property.test.ts[2m > [22m[2mFeature: admin-system-health-fixes, Property 3: Settings Authentication Requirement[2m > [22m[2mProperty: Requests without valid auth are rejected with 401 (Requirement 2.6)[2m > [22m[2mshould reject DELETE requests without valid authentication
[22m[39m[AUTH] Token verification failed: Access token verification failed

[90mstdout[2m | tests/property/admin-system-health-fixes/settings-auth.property.test.ts[2m > [22m[2mFeature: admin-system-health-fixes, Property 3: Settings Authentication Requirement[2m > [22m[2mProperty: Requests without valid auth are rejected with 401 (Requirement 2.6)[2m > [22m[2mshould reject DELETE requests without valid authentication
[22m[39m[AUTH] Token verification failed: Access token verification failed

[90mstdout[2m | tests/property/admin-system-health-fixes/settings-auth.property.test.ts[2m > [22m[2mFeature: admin-system-health-fixes, Property 3: Settings Authentication Requirement[2m > [22m[2mProperty: Requests without valid auth are rejected with 401 (Requirement 2.6)[2m > [22m[2mshould reject DELETE requests without valid authentication
[22m[39m[AUTH] Token verification failed: Access token verification failed

[90mstdout[2m | tests/property/admin-system-health-fixes/settings-auth.property.test.ts[2m > [22m[2mFeature: admin-system-health-fixes, Property 3: Settings Authentication Requirement[2m > [22m[2mProperty: Requests without valid auth are rejected with 401 (Requirement 2.6)[2m > [22m[2mshould reject DELETE requests without valid authentication
[22m[39m[AUTH] Token verification failed: Access token verification failed

[90mstdout[2m | tests/property/admin-system-health-fixes/settings-auth.property.test.ts[2m > [22m[2mFeature: admin-system-health-fixes, Property 3: Settings Authentication Requirement[2m > [22m[2mProperty: Requests without valid auth are rejected with 401 (Requirement 2.6)[2m > [22m[2mshould reject DELETE requests without valid authentication
[22m[39m[AUTH] Token verification failed: Access token verification failed

[90mstdout[2m | tests/property/admin-system-health-fixes/settings-auth.property.test.ts[2m > [22m[2mFeature: admin-system-health-fixes, Property 3: Settings Authentication Requirement[2m > [22m[2mProperty: Requests without valid auth are rejected with 401 (Requirement 2.6)[2m > [22m[2mshould reject DELETE requests without valid authentication
[22m[39m[AUTH] Token verification failed: Access token verification failed

[90mstdout[2m | tests/property/admin-system-health-fixes/settings-auth.property.test.ts[2m > [22m[2mFeature: admin-system-health-fixes, Property 3: Settings Authentication Requirement[2m > [22m[2mProperty: Requests without valid auth are rejected with 401 (Requirement 2.6)[2m > [22m[2mshould reject DELETE requests without valid authentication
[22m[39m[AUTH] Token verification failed: Access token verification failed

[90mstderr[2m | t
ests/property/admin
-system-health-fixe
s/settings-auth.pro
perty.test.ts[2m 
> 
[22m[2mFeature: a
dmin-system-health-
fixes, Property 3: 
Settings 
Authentication 
Requirement[2m > 
[22m[2mProperty: 
Requests without 
valid auth are 
rejected with 401 
(Requirement 
2.6)[2m > 
[22m[2mshould 
reject DELETE 
requests without 
valid 
authentication
[22m[39m[ARCJET] 
WARNING: Running 
without Arcjet 
protection

 [32mΓ£ô[39m tests/property/admin-system-health-fixes/settings-auth.property.test.ts[2m > [22mFeature: admin-system-health-fixes, Property 3: Settings Authentication Requirement[2m > [22mProperty: Requests without valid auth are rejected with 401 (Requirement 2.6)[2m > [22mshould reject PUT requests without valid authentication[33m 1099[2mms[22m[39m
[90mstderr[2m | t
ests/property/admin
-system-health-fixe
s/settings-auth.pro
perty.test.ts[2m 
> 
[22m[2mFeature: a
dmin-system-health-
fixes, Property 3: 
Settings 
Authentication 
Requirement[2m > 
[22m[2mProperty: 
All HTTP methods 
require 
authentication 
(Requirement 
2.6)[2m > 
[22m[2mshould 
reject any 
settings method 
without 
authentication
[22m[39m[ARCJET] 
WARNING: Running 
without Arcjet 
protection

[90mstderr[2m | t
ests/property/admin
-system-health-fixe
s/settings-auth.pro
perty.test.ts[2m 
> 
[22m[2mFeature: a
dmin-system-health-
fixes, Property 3: 
Settings 
Authentication 
Requirement[2m > 
[22m[2mProperty: 
All HTTP methods 
require 
authentication 
(Requirement 
2.6)[2m > 
[22m[2mshould 
reject any 
settings method 
without 
authentication
[22m[39m[ARCJET] 
WARNING: Running 
without Arcjet 
protection

[90mstderr[2m | t
ests/property/admin
-system-health-fixe
s/settings-auth.pro
perty.test.ts[2m 
> 
[22m[2mFeature: a
dmin-system-health-
fixes, Property 3: 
Settings 
Authentication 
Requirement[2m > 
[22m[2mProperty: 
All HTTP methods 
require 
authentication 
(Requirement 
2.6)[2m > 
[22m[2mshould 
reject any 
settings method 
without 
authentication
[22m[39m[ARCJET] 
WARNING: Running 
without Arcjet 
protection

[90mstderr[2m | t
ests/property/admin
-system-health-fixe
s/settings-auth.pro
perty.test.ts[2m 
> 
[22m[2mFeature: a
dmin-system-health-
fixes, Property 3: 
Settings 
Authentication 
Requirement[2m > 
[22m[2mProperty: 
All HTTP methods 
require 
authentication 
(Requirement 
2.6)[2m > 
[22m[2mshould 
reject any 
settings method 
without 
authentication
[22m[39m[ARCJET] 
WARNING: Running 
without Arcjet 
protection

[90mstderr[2m | t
ests/property/admin
-system-health-fixe
s/settings-auth.pro
perty.test.ts[2m 
> 
[22m[2mFeature: a
dmin-system-health-
fixes, Property 3: 
Settings 
Authentication 
Requirement[2m > 
[22m[2mProperty: 
All HTTP methods 
require 
authentication 
(Requirement 
2.6)[2m > 
[22m[2mshould 
reject any 
settings method 
without 
authentication
[22m[39m[ARCJET] 
WARNING: Running 
without Arcjet 
protection

[90mstderr[2m | t
ests/property/admin
-system-health-fixe
s/settings-auth.pro
perty.test.ts[2m 
> 
[22m[2mFeature: a
dmin-system-health-
fixes, Property 3: 
Settings 
Authentication 
Requirement[2m > 
[22m[2mProperty: 
All HTTP methods 
require 
authentication 
(Requirement 
2.6)[2m > 
[22m[2mshould 
reject any 
settings method 
without 
authentication
[22m[39m[ARCJET] 
WARNING: Running 
without Arcjet 
protection

[90mstderr[2m | t
ests/property/admin
-system-health-fixe
s/settings-auth.pro
perty.test.ts[2m 
> 
[22m[2mFeature: a
dmin-system-health-
fixes, Property 3: 
Settings 
Authentication 
Requirement[2m > 
[22m[2mProperty: 
All HTTP methods 
require 
authentication 
(Requirement 
2.6)[2m > 
[22m[2mshould 
reject any 
settings method 
without 
authentication
[22m[39m[ARCJET] 
WARNING: Running 
without Arcjet 
protection

[90mstderr[2m | t
ests/property/admin
-system-health-fixe
s/settings-auth.pro
perty.test.ts[2m 
> 
[22m[2mFeature: a
dmin-system-health-
fixes, Property 3: 
Settings 
Authentication 
Requirement[2m > 
[22m[2mProperty: 
All HTTP methods 
require 
authentication 
(Requirement 
2.6)[2m > 
[22m[2mshould 
reject any 
settings method 
without 
authentication
[22m[39m[ARCJET] 
WARNING: Running 
without Arcjet 
protection

[90mstderr[2m | t
ests/property/admin
-system-health-fixe
s/settings-auth.pro
perty.test.ts[2m 
> 
[22m[2mFeature: a
dmin-system-health-
fixes, Property 3: 
Settings 
Authentication 
Requirement[2m > 
[22m[2mProperty: 
All HTTP methods 
require 
authentication 
(Requirement 
2.6)[2m > 
[22m[2mshould 
reject any 
settings method 
without 
authentication
[22m[39m[ARCJET] 
WARNING: Running 
without Arcjet 
protection

[90mstderr[2m | t
ests/property/admin
-system-health-fixe
s/settings-auth.pro
perty.test.ts[2m 
> 
[22m[2mFeature: a
dmin-system-health-
fixes, Property 3: 
Settings 
Authentication 
Requirement[2m > 
[22m[2mProperty: 
All HTTP methods 
require 
authentication 
(Requirement 
2.6)[2m > 
[22m[2mshould 
reject any 
settings method 
without 
authentication
[22m[39m[ARCJET] 
WARNING: Running 
without Arcjet 
protection

[90mstderr[2m | t
ests/property/admin
-system-health-fixe
s/settings-auth.pro
perty.test.ts[2m 
> 
[22m[2mFeature: a
dmin-system-health-
fixes, Property 3: 
Settings 
Authentication 
Requirement[2m > 
[22m[2mProperty: 
All HTTP methods 
require 
authentication 
(Requirement 
2.6)[2m > 
[22m[2mshould 
reject any 
settings method 
without 
authentication
[22m[39m[ARCJET] 
WARNING: Running 
without Arcjet 
protection

[90mstderr[2m | t
ests/property/admin
-system-health-fixe
s/settings-auth.pro
perty.test.ts[2m 
> 
[22m[2mFeature: a
dmin-system-health-
fixes, Property 3: 
Settings 
Authentication 
Requirement[2m > 
[22m[2mProperty: 
All HTTP methods 
require 
authentication 
(Requirement 
2.6)[2m > 
[22m[2mshould 
reject any 
settings method 
without 
authentication
[22m[39m[ARCJET] 
WARNING: Running 
without Arcjet 
protection

[90mstderr[2m | t
ests/property/admin
-system-health-fixe
s/settings-auth.pro
perty.test.ts[2m 
> 
[22m[2mFeature: a
dmin-system-health-
fixes, Property 3: 
Settings 
Authentication 
Requirement[2m > 
[22m[2mProperty: 
All HTTP methods 
require 
authentication 
(Requirement 
2.6)[2m > 
[22m[2mshould 
reject any 
settings method 
without 
authentication
[22m[39m[ARCJET] 
WARNING: Running 
without Arcjet 
protection

[90mstderr[2m | t
ests/property/admin
-system-health-fixe
s/settings-auth.pro
perty.test.ts[2m 
> 
[22m[2mFeature: a
dmin-system-health-
fixes, Property 3: 
Settings 
Authentication 
Requirement[2m > 
[22m[2mProperty: 
All HTTP methods 
require 
authentication 
(Requirement 
2.6)[2m > 
[22m[2mshould 
reject any 
settings method 
without 
authentication
[22m[39m[ARCJET] 
WARNING: Running 
without Arcjet 
protection

[90mstderr[2m | t
ests/property/admin
-system-health-fixe
s/settings-auth.pro
perty.test.ts[2m 
> 
[22m[2mFeature: a
dmin-system-health-
fixes, Property 3: 
Settings 
Authentication 
Requirement[2m > 
[22m[2mProperty: 
All HTTP methods 
require 
authentication 
(Requirement 
2.6)[2m > 
[22m[2mshould 
reject any 
settings method 
without 
authentication
[22m[39m[ARCJET] 
WARNING: Running 
without Arcjet 
protection

[90mstderr[2m | t
ests/property/admin
-system-health-fixe
s/settings-auth.pro
perty.test.ts[2m 
> 
[22m[2mFeature: a
dmin-system-health-
fixes, Property 3: 
Settings 
Authentication 
Requirement[2m > 
[22m[2mProperty: 
All HTTP methods 
require 
authentication 
(Requirement 
2.6)[2m > 
[22m[2mshould 
reject any 
settings method 
without 
authentication
[22m[39m[ARCJET] 
WARNING: Running 
without Arcjet 
protection

[90mstderr[2m | t
ests/property/admin
-system-health-fixe
s/settings-auth.pro
perty.test.ts[2m 
> 
[22m[2mFeature: a
dmin-system-health-
fixes, Property 3: 
Settings 
Authentication 
Requirement[2m > 
[22m[2mProperty: 
All HTTP methods 
require 
authentication 
(Requirement 
2.6)[2m > 
[22m[2mshould 
reject any 
settings method 
without 
authentication
[22m[39m[ARCJET] 
WARNING: Running 
without Arcjet 
protection

[90mstderr[2m | t
ests/property/admin
-system-health-fixe
s/settings-auth.pro
perty.test.ts[2m 
> 
[22m[2mFeature: a
dmin-system-health-
fixes, Property 3: 
Settings 
Authentication 
Requirement[2m > 
[22m[2mProperty: 
All HTTP methods 
require 
authentication 
(Requirement 
2.6)[2m > 
[22m[2mshould 
reject any 
settings method 
without 
authentication
[22m[39m[ARCJET] 
WARNING: Running 
without Arcjet 
protection

[90mstderr[2m | t
ests/property/admin
-system-health-fixe
s/settings-auth.pro
perty.test.ts[2m 
> 
[22m[2mFeature: a
dmin-system-health-
fixes, Property 3: 
Settings 
Authentication 
Requirement[2m > 
[22m[2mProperty: 
All HTTP methods 
require 
authentication 
(Requirement 
2.6)[2m > 
[22m[2mshould 
reject any 
settings method 
without 
authentication
[22m[39m[ARCJET] 
WARNING: Running 
without Arcjet 
protection

[90mstderr[2m | t
ests/property/admin
-system-health-fixe
s/settings-auth.pro
perty.test.ts[2m 
> 
[22m[2mFeature: a
dmin-system-health-
fixes, Property 3: 
Settings 
Authentication 
Requirement[2m > 
[22m[2mProperty: 
All HTTP methods 
require 
authentication 
(Requirement 
2.6)[2m > 
[22m[2mshould 
reject any 
settings method 
without 
authentication
[22m[39m[ARCJET] 
WARNING: Running 
without Arcjet 
protection

[90mstderr[2m | t
ests/property/admin
-system-health-fixe
s/settings-auth.pro
perty.test.ts[2m 
> 
[22m[2mFeature: a
dmin-system-health-
fixes, Property 3: 
Settings 
Authentication 
Requirement[2m > 
[22m[2mProperty: 
All HTTP methods 
require 
authentication 
(Requirement 
2.6)[2m > 
[22m[2mshould 
reject any 
settings method 
without 
authentication
[22m[39m[ARCJET] 
WARNING: Running 
without Arcjet 
protection

[90mstderr[2m | t
ests/property/admin
-system-health-fixe
s/settings-auth.pro
perty.test.ts[2m 
> 
[22m[2mFeature: a
dmin-system-health-
fixes, Property 3: 
Settings 
Authentication 
Requirement[2m > 
[22m[2mProperty: 
All HTTP methods 
require 
authentication 
(Requirement 
2.6)[2m > 
[22m[2mshould 
reject any 
settings method 
without 
authentication
[22m[39m[ARCJET] 
WARNING: Running 
without Arcjet 
protection

[90mstderr[2m | t
ests/property/admin
-system-health-fixe
s/settings-auth.pro
perty.test.ts[2m 
> 
[22m[2mFeature: a
dmin-system-health-
fixes, Property 3: 
Settings 
Authentication 
Requirement[2m > 
[22m[2mProperty: 
All HTTP methods 
require 
authentication 
(Requirement 
2.6)[2m > 
[22m[2mshould 
reject any 
settings method 
without 
authentication
[22m[39m[ARCJET] 
WARNING: Running 
without Arcjet 
protection

[90mstderr[2m | t
ests/property/admin
-system-health-fixe
s/settings-auth.pro
perty.test.ts[2m 
> 
[22m[2mFeature: a
dmin-system-health-
fixes, Property 3: 
Settings 
Authentication 
Requirement[2m > 
[22m[2mProperty: 
All HTTP methods 
require 
authentication 
(Requirement 
2.6)[2m > 
[22m[2mshould 
reject any 
settings method 
without 
authentication
[22m[39m[ARCJET] 
WARNING: Running 
without Arcjet 
protection

[90mstderr[2m | t
ests/property/admin
-system-health-fixe
s/settings-auth.pro
perty.test.ts[2m 
> 
[22m[2mFeature: a
dmin-system-health-
fixes, Property 3: 
Settings 
Authentication 
Requirement[2m > 
[22m[2mProperty: 
All HTTP methods 
require 
authentication 
(Requirement 
2.6)[2m > 
[22m[2mshould 
reject any 
settings method 
without 
authentication
[22m[39m[ARCJET] 
WARNING: Running 
without Arcjet 
protection

[90mstderr[2m | t
ests/property/admin
-system-health-fixe
s/settings-auth.pro
perty.test.ts[2m 
> 
[22m[2mFeature: a
dmin-system-health-
fixes, Property 3: 
Settings 
Authentication 
Requirement[2m > 
[22m[2mProperty: 
All HTTP methods 
require 
authentication 
(Requirement 
2.6)[2m > 
[22m[2mshould 
reject any 
settings method 
without 
authentication
[22m[39m[ARCJET] 
WARNING: Running 
without Arcjet 
protection

[90mstderr[2m | t
ests/property/admin
-system-health-fixe
s/settings-auth.pro
perty.test.ts[2m 
> 
[22m[2mFeature: a
dmin-system-health-
fixes, Property 3: 
Settings 
Authentication 
Requirement[2m > 
[22m[2mProperty: 
All HTTP methods 
require 
authentication 
(Requirement 
2.6)[2m > 
[22m[2mshould 
reject any 
settings method 
without 
authentication
[22m[39m[ARCJET] 
WARNING: Running 
without Arcjet 
protection

[90mstderr[2m | t
ests/property/admin
-system-health-fixe
s/settings-auth.pro
perty.test.ts[2m 
> 
[22m[2mFeature: a
dmin-system-health-
fixes, Property 3: 
Settings 
Authentication 
Requirement[2m > 
[22m[2mProperty: 
All HTTP methods 
require 
authentication 
(Requirement 
2.6)[2m > 
[22m[2mshould 
reject any 
settings method 
without 
authentication
[22m[39m[ARCJET] 
WARNING: Running 
without Arcjet 
protection

[90mstderr[2m | t
ests/property/admin
-system-health-fixe
s/settings-auth.pro
perty.test.ts[2m 
> 
[22m[2mFeature: a
dmin-system-health-
fixes, Property 3: 
Settings 
Authentication 
Requirement[2m > 
[22m[2mProperty: 
All HTTP methods 
require 
authentication 
(Requirement 
2.6)[2m > 
[22m[2mshould 
reject any 
settings method 
without 
authentication
[22m[39m[ARCJET] 
WARNING: Running 
without Arcjet 
protection

[90mstderr[2m | t
ests/property/admin
-system-health-fixe
s/settings-auth.pro
perty.test.ts[2m 
> 
[22m[2mFeature: a
dmin-system-health-
fixes, Property 3: 
Settings 
Authentication 
Requirement[2m > 
[22m[2mProperty: 
All HTTP methods 
require 
authentication 
(Requirement 
2.6)[2m > 
[22m[2mshould 
reject any 
settings method 
without 
authentication
[22m[39m[ARCJET] 
WARNING: Running 
without Arcjet 
protection

[90mstderr[2m | t
ests/property/admin
-system-health-fixe
s/settings-auth.pro
perty.test.ts[2m 
> 
[22m[2mFeature: a
dmin-system-health-
fixes, Property 3: 
Settings 
Authentication 
Requirement[2m > 
[22m[2mProperty: 
All HTTP methods 
require 
authentication 
(Requirement 
2.6)[2m > 
[22m[2mshould 
reject any 
settings method 
without 
authentication
[22m[39m[ARCJET] 
WARNING: Running 
without Arcjet 
protection

[90mstderr[2m | t
ests/property/admin
-system-health-fixe
s/settings-auth.pro
perty.test.ts[2m 
> 
[22m[2mFeature: a
dmin-system-health-
fixes, Property 3: 
Settings 
Authentication 
Requirement[2m > 
[22m[2mProperty: 
All HTTP methods 
require 
authentication 
(Requirement 
2.6)[2m > 
[22m[2mshould 
reject any 
settings method 
without 
authentication
[22m[39m[ARCJET] 
WARNING: Running 
without Arcjet 
protection

[90mstderr[2m | t
ests/property/admin
-system-health-fixe
s/settings-auth.pro
perty.test.ts[2m 
> 
[22m[2mFeature: a
dmin-system-health-
fixes, Property 3: 
Settings 
Authentication 
Requirement[2m > 
[22m[2mProperty: 
All HTTP methods 
require 
authentication 
(Requirement 
2.6)[2m > 
[22m[2mshould 
reject any 
settings method 
without 
authentication
[22m[39m[ARCJET] 
WARNING: Running 
without Arcjet 
protection

[90mstderr[2m | t
ests/property/admin
-system-health-fixe
s/settings-auth.pro
perty.test.ts[2m 
> 
[22m[2mFeature: a
dmin-system-health-
fixes, Property 3: 
Settings 
Authentication 
Requirement[2m > 
[22m[2mProperty: 
All HTTP methods 
require 
authentication 
(Requirement 
2.6)[2m > 
[22m[2mshould 
reject any 
settings method 
without 
authentication
[22m[39m[ARCJET] 
WARNING: Running 
without Arcjet 
protection

[90mstderr[2m | t
ests/property/admin
-system-health-fixe
s/settings-auth.pro
perty.test.ts[2m 
> 
[22m[2mFeature: a
dmin-system-health-
fixes, Property 3: 
Settings 
Authentication 
Requirement[2m > 
[22m[2mProperty: 
All HTTP methods 
require 
authentication 
(Requirement 
2.6)[2m > 
[22m[2mshould 
reject any 
settings method 
without 
authentication
[22m[39m[ARCJET] 
WARNING: Running 
without Arcjet 
protection

[90mstderr[2m | t
ests/property/admin
-system-health-fixe
s/settings-auth.pro
perty.test.ts[2m 
> 
[22m[2mFeature: a
dmin-system-health-
fixes, Property 3: 
Settings 
Authentication 
Requirement[2m > 
[22m[2mProperty: 
All HTTP methods 
require 
authentication 
(Requirement 
2.6)[2m > 
[22m[2mshould 
reject any 
settings method 
without 
authentication
[22m[39m[ARCJET] 
WARNING: Running 
without Arcjet 
protection

[90mstderr[2m | t
ests/property/admin
-system-health-fixe
s/settings-auth.pro
perty.test.ts[2m 
> 
[22m[2mFeature: a
dmin-system-health-
fixes, Property 3: 
Settings 
Authentication 
Requirement[2m > 
[22m[2mProperty: 
All HTTP methods 
require 
authentication 
(Requirement 
2.6)[2m > 
[22m[2mshould 
reject any 
settings method 
without 
authentication
[22m[39m[ARCJET] 
WARNING: Running 
without Arcjet 
protection

[90mstderr[2m | t
ests/property/admin
-system-health-fixe
s/settings-auth.pro
perty.test.ts[2m 
> 
[22m[2mFeature: a
dmin-system-health-
fixes, Property 3: 
Settings 
Authentication 
Requirement[2m > 
[22m[2mProperty: 
All HTTP methods 
require 
authentication 
(Requirement 
2.6)[2m > 
[22m[2mshould 
reject any 
settings method 
without 
authentication
[22m[39m[ARCJET] 
WARNING: Running 
without Arcjet 
protection

[90mstderr[2m | t
ests/property/admin
-system-health-fixe
s/settings-auth.pro
perty.test.ts[2m 
> 
[22m[2mFeature: a
dmin-system-health-
fixes, Property 3: 
Settings 
Authentication 
Requirement[2m > 
[22m[2mProperty: 
All HTTP methods 
require 
authentication 
(Requirement 
2.6)[2m > 
[22m[2mshould 
reject any 
settings method 
without 
authentication
[22m[39m[ARCJET] 
WARNING: Running 
without Arcjet 
protection

[90mstderr[2m | t
ests/property/admin
-system-health-fixe
s/settings-auth.pro
perty.test.ts[2m 
> 
[22m[2mFeature: a
dmin-system-health-
fixes, Property 3: 
Settings 
Authentication 
Requirement[2m > 
[22m[2mProperty: 
All HTTP methods 
require 
authentication 
(Requirement 
2.6)[2m > 
[22m[2mshould 
reject any 
settings method 
without 
authentication
[22m[39m[ARCJET] 
WARNING: Running 
without Arcjet 
protection

[90mstderr[2m | t
ests/property/admin
-system-health-fixe
s/settings-auth.pro
perty.test.ts[2m 
> 
[22m[2mFeature: a
dmin-system-health-
fixes, Property 3: 
Settings 
Authentication 
Requirement[2m > 
[22m[2mProperty: 
All HTTP methods 
require 
authentication 
(Requirement 
2.6)[2m > 
[22m[2mshould 
reject any 
settings method 
without 
authentication
[22m[39m[ARCJET] 
WARNING: Running 
without Arcjet 
protection

[90mstderr[2m | t
ests/property/admin
-system-health-fixe
s/settings-auth.pro
perty.test.ts[2m 
> 
[22m[2mFeature: a
dmin-system-health-
fixes, Property 3: 
Settings 
Authentication 
Requirement[2m > 
[22m[2mProperty: 
All HTTP methods 
require 
authentication 
(Requirement 
2.6)[2m > 
[22m[2mshould 
reject any 
settings method 
without 
authentication
[22m[39m[ARCJET] 
WARNING: Running 
without Arcjet 
protection

[90mstderr[2m | t
ests/property/admin
-system-health-fixe
s/settings-auth.pro
perty.test.ts[2m 
> 
[22m[2mFeature: a
dmin-system-health-
fixes, Property 3: 
Settings 
Authentication 
Requirement[2m > 
[22m[2mProperty: 
All HTTP methods 
require 
authentication 
(Requirement 
2.6)[2m > 
[22m[2mshould 
reject any 
settings method 
without 
authentication
[22m[39m[ARCJET] 
WARNING: Running 
without Arcjet 
protection

[90mstderr[2m | t
ests/property/admin
-system-health-fixe
s/settings-auth.pro
perty.test.ts[2m 
> 
[22m[2mFeature: a
dmin-system-health-
fixes, Property 3: 
Settings 
Authentication 
Requirement[2m > 
[22m[2mProperty: 
All HTTP methods 
require 
authentication 
(Requirement 
2.6)[2m > 
[22m[2mshould 
reject any 
settings method 
without 
authentication
[22m[39m[ARCJET] 
WARNING: Running 
without Arcjet 
protection

[90mstderr[2m | t
ests/property/admin
-system-health-fixe
s/settings-auth.pro
perty.test.ts[2m 
> 
[22m[2mFeature: a
dmin-system-health-
fixes, Property 3: 
Settings 
Authentication 
Requirement[2m > 
[22m[2mProperty: 
All HTTP methods 
require 
authentication 
(Requirement 
2.6)[2m > 
[22m[2mshould 
reject any 
settings method 
without 
authentication
[22m[39m[ARCJET] 
WARNING: Running 
without Arcjet 
protection

[90mstderr[2m | t
ests/property/admin
-system-health-fixe
s/settings-auth.pro
perty.test.ts[2m 
> 
[22m[2mFeature: a
dmin-system-health-
fixes, Property 3: 
Settings 
Authentication 
Requirement[2m > 
[22m[2mProperty: 
All HTTP methods 
require 
authentication 
(Requirement 
2.6)[2m > 
[22m[2mshould 
reject any 
settings method 
without 
authentication
[22m[39m[ARCJET] 
WARNING: Running 
without Arcjet 
protection

[90mstderr[2m | t
ests/property/admin
-system-health-fixe
s/settings-auth.pro
perty.test.ts[2m 
> 
[22m[2mFeature: a
dmin-system-health-
fixes, Property 3: 
Settings 
Authentication 
Requirement[2m > 
[22m[2mProperty: 
All HTTP methods 
require 
authentication 
(Requirement 
2.6)[2m > 
[22m[2mshould 
reject any 
settings method 
without 
authentication
[22m[39m[ARCJET] 
WARNING: Running 
without Arcjet 
protection

[90mstdout[2m | tests/property/admin-system-health-fixes/settings-auth.property.test.ts[2m > [22m[2mFeature: admin-system-health-fixes, Property 3: Settings Authentication Requirement[2m > [22m[2mProperty: All HTTP methods require authentication (Requirement 2.6)[2m > [22m[2mshould reject any settings method without authentication
[22m[39m[AUTH] Token verification failed: Access token verification failed

[90mstdout[2m | tests/property/admin-system-health-fixes/settings-auth.property.test.ts[2m > [22m[2mFeature: admin-system-health-fixes, Property 3: Settings Authentication Requirement[2m > [22m[2mProperty: All HTTP methods require authentication (Requirement 2.6)[2m > [22m[2mshould reject any settings method without authentication
[22m[39m[AUTH] Token verification failed: Access token verification failed

[90mstdout[2m | tests/property/admin-system-health-fixes/settings-auth.property.test.ts[2m > [22m[2mFeature: admin-system-health-fixes, Property 3: Settings Authentication Requirement[2m > [22m[2mProperty: All HTTP methods require authentication (Requirement 2.6)[2m > [22m[2mshould reject any settings method without authentication
[22m[39m[AUTH] Token verification failed: Access token verification failed

[90mstdout[2m | tests/property/admin-system-health-fixes/settings-auth.property.test.ts[2m > [22m[2mFeature: admin-system-health-fixes, Property 3: Settings Authentication Requirement[2m > [22m[2mProperty: All HTTP methods require authentication (Requirement 2.6)[2m > [22m[2mshould reject any settings method without authentication
[22m[39m[AUTH] Token verification failed: Access token verification failed

[90mstdout[2m | tests/property/admin-system-health-fixes/settings-auth.property.test.ts[2m > [22m[2mFeature: admin-system-health-fixes, Property 3: Settings Authentication Requirement[2m > [22m[2mProperty: All HTTP methods require authentication (Requirement 2.6)[2m > [22m[2mshould reject any settings method without authentication
[22m[39m[AUTH] Token verification failed: Access token verification failed

[90mstdout[2m | tests/property/admin-system-health-fixes/settings-auth.property.test.ts[2m > [22m[2mFeature: admin-system-health-fixes, Property 3: Settings Authentication Requirement[2m > [22m[2mProperty: All HTTP methods require authentication (Requirement 2.6)[2m > [22m[2mshould reject any settings method without authentication
[22m[39m[AUTH] Token verification failed: Access token verification failed

[90mstdout[2m | tests/property/admin-system-health-fixes/settings-auth.property.test.ts[2m > [22m[2mFeature: admin-system-health-fixes, Property 3: Settings Authentication Requirement[2m > [22m[2mProperty: All HTTP methods require authentication (Requirement 2.6)[2m > [22m[2mshould reject any settings method without authentication
[22m[39m[AUTH] Token verification failed: Access token verification failed

[90mstdout[2m | tests/property/admin-system-health-fixes/settings-auth.property.test.ts[2m > [22m[2mFeature: admin-system-health-fixes, Property 3: Settings Authentication Requirement[2m > [22m[2mProperty: All HTTP methods require authentication (Requirement 2.6)[2m > [22m[2mshould reject any settings method without authentication
[22m[39m[AUTH] Token verification failed: Access token verification failed

[90mstdout[2m | tests/property/admin-system-health-fixes/settings-auth.property.test.ts[2m > [22m[2mFeature: admin-system-health-fixes, Property 3: Settings Authentication Requirement[2m > [22m[2mProperty: All HTTP methods require authentication (Requirement 2.6)[2m > [22m[2mshould reject any settings method without authentication
[22m[39m[AUTH] Token verification failed: Access token verification failed

[90mstdout[2m | tests/property/admin-system-health-fixes/settings-auth.property.test.ts[2m > [22m[2mFeature: admin-system-health-fixes, Property 3: Settings Authentication Requirement[2m > [22m[2mProperty: All HTTP methods require authentication (Requirement 2.6)[2m > [22m[2mshould reject any settings method without authentication
[22m[39m[AUTH] Token verification failed: Access token verification failed

[90mstdout[2m | tests/property/admin-system-health-fixes/settings-auth.property.test.ts[2m > [22m[2mFeature: admin-system-health-fixes, Property 3: Settings Authentication Requirement[2m > [22m[2mProperty: All HTTP methods require authentication (Requirement 2.6)[2m > [22m[2mshould reject any settings method without authentication
[22m[39m[AUTH] Token verification failed: Access token verification failed

[90mstdout[2m | tests/property/admin-system-health-fixes/settings-auth.property.test.ts[2m > [22m[2mFeature: admin-system-health-fixes, Property 3: Settings Authentication Requirement[2m > [22m[2mProperty: All HTTP methods require authentication (Requirement 2.6)[2m > [22m[2mshould reject any settings method without authentication
[22m[39m[AUTH] Token verification failed: Access token verification failed

[90mstdout[2m | tests/property/admin-system-health-fixes/settings-auth.property.test.ts[2m > [22m[2mFeature: admin-system-health-fixes, Property 3: Settings Authentication Requirement[2m > [22m[2mProperty: All HTTP methods require authentication (Requirement 2.6)[2m > [22m[2mshould reject any settings method without authentication
[22m[39m[AUTH] Token verification failed: Access token verification failed

[90mstderr[2m | t
ests/property/admin
-system-health-fixe
s/settings-auth.pro
perty.test.ts[2m 
> 
[22m[2mFeature: a
dmin-system-health-
fixes, Property 3: 
Settings 
Authentication 
Requirement[2m > 
[22m[2mProperty: 
All HTTP methods 
require 
authentication 
(Requirement 
2.6)[2m > 
[22m[2mshould 
reject any 
settings method 
without 
authentication
[22m[39m[ARCJET] 
WARNING: Running 
without Arcjet 
protection

[90mstderr[2m | t
ests/property/admin
-system-health-fixe
s/settings-auth.pro
perty.test.ts[2m 
> 
[22m[2mFeature: a
dmin-system-health-
fixes, Property 3: 
Settings 
Authentication 
Requirement[2m > 
[22m[2mProperty: 
All HTTP methods 
require 
authentication 
(Requirement 
2.6)[2m > 
[22m[2mshould 
reject any 
settings method 
without 
authentication
[22m[39m[ARCJET] 
WARNING: Running 
without Arcjet 
protection

[90mstderr[2m | t
ests/property/admin
-system-health-fixe
s/settings-auth.pro
perty.test.ts[2m 
> 
[22m[2mFeature: a
dmin-system-health-
fixes, Property 3: 
Settings 
Authentication 
Requirement[2m > 
[22m[2mProperty: 
All HTTP methods 
require 
authentication 
(Requirement 
2.6)[2m > 
[22m[2mshould 
reject any 
settings method 
without 
authentication
[22m[39m[ARCJET] 
WARNING: Running 
without Arcjet 
protection

[90mstderr[2m | t
ests/property/admin
-system-health-fixe
s/settings-auth.pro
perty.test.ts[2m 
> 
[22m[2mFeature: a
dmin-system-health-
fixes, Property 3: 
Settings 
Authentication 
Requirement[2m > 
[22m[2mProperty: 
All HTTP methods 
require 
authentication 
(Requirement 
2.6)[2m > 
[22m[2mshould 
reject any 
settings method 
without 
authentication
[22m[39m[ARCJET] 
WARNING: Running 
without Arcjet 
protection

[90mstderr[2m | t
ests/property/admin
-system-health-fixe
s/settings-auth.pro
perty.test.ts[2m 
> 
[22m[2mFeature: a
dmin-system-health-
fixes, Property 3: 
Settings 
Authentication 
Requirement[2m > 
[22m[2mProperty: 
All HTTP methods 
require 
authentication 
(Requirement 
2.6)[2m > 
[22m[2mshould 
reject any 
settings method 
without 
authentication
[22m[39m[ARCJET] 
WARNING: Running 
without Arcjet 
protection

[90mstderr[2m | t
ests/property/admin
-system-health-fixe
s/settings-auth.pro
perty.test.ts[2m 
> 
[22m[2mFeature: a
dmin-system-health-
fixes, Property 3: 
Settings 
Authentication 
Requirement[2m > 
[22m[2mProperty: 
All HTTP methods 
require 
authentication 
(Requirement 
2.6)[2m > 
[22m[2mshould 
reject any 
settings method 
without 
authentication
[22m[39m[ARCJET] 
WARNING: Running 
without Arcjet 
protection

[90mstderr[2m | t
ests/property/admin
-system-health-fixe
s/settings-auth.pro
perty.test.ts[2m 
> 
[22m[2mFeature: a
dmin-system-health-
fixes, Property 3: 
Settings 
Authentication 
Requirement[2m > 
[22m[2mProperty: 
All HTTP methods 
require 
authentication 
(Requirement 
2.6)[2m > 
[22m[2mshould 
reject any 
settings method 
without 
authentication
[22m[39m[ARCJET] 
WARNING: Running 
without Arcjet 
protection

[90mstderr[2m | t
ests/property/admin
-system-health-fixe
s/settings-auth.pro
perty.test.ts[2m 
> 
[22m[2mFeature: a
dmin-system-health-
fixes, Property 3: 
Settings 
Authentication 
Requirement[2m > 
[22m[2mProperty: 
All HTTP methods 
require 
authentication 
(Requirement 
2.6)[2m > 
[22m[2mshould 
reject any 
settings method 
without 
authentication
[22m[39m[ARCJET] 
WARNING: Running 
without Arcjet 
protection

[90mstderr[2m | t
ests/property/admin
-system-health-fixe
s/settings-auth.pro
perty.test.ts[2m 
> 
[22m[2mFeature: a
dmin-system-health-
fixes, Property 3: 
Settings 
Authentication 
Requirement[2m > 
[22m[2mProperty: 
All HTTP methods 
require 
authentication 
(Requirement 
2.6)[2m > 
[22m[2mshould 
reject any 
settings method 
without 
authentication
[22m[39m[ARCJET] 
WARNING: Running 
without Arcjet 
protection

[90mstderr[2m | t
ests/property/admin
-system-health-fixe
s/settings-auth.pro
perty.test.ts[2m 
> 
[22m[2mFeature: a
dmin-system-health-
fixes, Property 3: 
Settings 
Authentication 
Requirement[2m > 
[22m[2mProperty: 
All HTTP methods 
require 
authentication 
(Requirement 
2.6)[2m > 
[22m[2mshould 
reject any 
settings method 
without 
authentication
[22m[39m[ARCJET] 
WARNING: Running 
without Arcjet 
protection

[90mstderr[2m | t
ests/property/admin
-system-health-fixe
s/settings-auth.pro
perty.test.ts[2m 
> 
[22m[2mFeature: a
dmin-system-health-
fixes, Property 3: 
Settings 
Authentication 
Requirement[2m > 
[22m[2mProperty: 
All HTTP methods 
require 
authentication 
(Requirement 
2.6)[2m > 
[22m[2mshould 
reject any 
settings method 
without 
authentication
[22m[39m[ARCJET] 
WARNING: Running 
without Arcjet 
protection

[90mstderr[2m | t
ests/property/admin
-system-health-fixe
s/settings-auth.pro
perty.test.ts[2m 
> 
[22m[2mFeature: a
dmin-system-health-
fixes, Property 3: 
Settings 
Authentication 
Requirement[2m > 
[22m[2mProperty: 
All HTTP methods 
require 
authentication 
(Requirement 
2.6)[2m > 
[22m[2mshould 
reject any 
settings method 
without 
authentication
[22m[39m[ARCJET] 
WARNING: Running 
without Arcjet 
protection

[90mstderr[2m | t
ests/property/admin
-system-health-fixe
s/settings-auth.pro
perty.test.ts[2m 
> 
[22m[2mFeature: a
dmin-system-health-
fixes, Property 3: 
Settings 
Authentication 
Requirement[2m > 
[22m[2mProperty: 
All HTTP methods 
require 
authentication 
(Requirement 
2.6)[2m > 
[22m[2mshould 
reject any 
settings method 
without 
authentication
[22m[39m[ARCJET] 
WARNING: Running 
without Arcjet 
protection

[90mstderr[2m | t
ests/property/admin
-system-health-fixe
s/settings-auth.pro
perty.test.ts[2m 
> 
[22m[2mFeature: a
dmin-system-health-
fixes, Property 3: 
Settings 
Authentication 
Requirement[2m > 
[22m[2mProperty: 
All HTTP methods 
require 
authentication 
(Requirement 
2.6)[2m > 
[22m[2mshould 
reject any 
settings method 
without 
authentication
[22m[39m[ARCJET] 
WARNING: Running 
without Arcjet 
protection

[90mstderr[2m | t
ests/property/admin
-system-health-fixe
s/settings-auth.pro
perty.test.ts[2m 
> 
[22m[2mFeature: a
dmin-system-health-
fixes, Property 3: 
Settings 
Authentication 
Requirement[2m > 
[22m[2mProperty: 
All HTTP methods 
require 
authentication 
(Requirement 
2.6)[2m > 
[22m[2mshould 
reject any 
settings method 
without 
authentication
[22m[39m[ARCJET] 
WARNING: Running 
without Arcjet 
protection

[90mstderr[2m | t
ests/property/admin
-system-health-fixe
s/settings-auth.pro
perty.test.ts[2m 
> 
[22m[2mFeature: a
dmin-system-health-
fixes, Property 3: 
Settings 
Authentication 
Requirement[2m > 
[22m[2mProperty: 
All HTTP methods 
require 
authentication 
(Requirement 
2.6)[2m > 
[22m[2mshould 
reject any 
settings method 
without 
authentication
[22m[39m[ARCJET] 
WARNING: Running 
without Arcjet 
protection

[90mstderr[2m | t
ests/property/admin
-system-health-fixe
s/settings-auth.pro
perty.test.ts[2m 
> 
[22m[2mFeature: a
dmin-system-health-
fixes, Property 3: 
Settings 
Authentication 
Requirement[2m > 
[22m[2mProperty: 
All HTTP methods 
require 
authentication 
(Requirement 
2.6)[2m > 
[22m[2mshould 
reject any 
settings method 
without 
authentication
[22m[39m[ARCJET] 
WARNING: Running 
without Arcjet 
protection

[90mstderr[2m | t
ests/property/admin
-system-health-fixe
s/settings-auth.pro
perty.test.ts[2m 
> 
[22m[2mFeature: a
dmin-system-health-
fixes, Property 3: 
Settings 
Authentication 
Requirement[2m > 
[22m[2mProperty: 
All HTTP methods 
require 
authentication 
(Requirement 
2.6)[2m > 
[22m[2mshould 
reject any 
settings method 
without 
authentication
[22m[39m[ARCJET] 
WARNING: Running 
without Arcjet 
protection

[90mstderr[2m | t
ests/property/admin
-system-health-fixe
s/settings-auth.pro
perty.test.ts[2m 
> 
[22m[2mFeature: a
dmin-system-health-
fixes, Property 3: 
Settings 
Authentication 
Requirement[2m > 
[22m[2mProperty: 
All HTTP methods 
require 
authentication 
(Requirement 
2.6)[2m > 
[22m[2mshould 
reject any 
settings method 
without 
authentication
[22m[39m[ARCJET] 
WARNING: Running 
without Arcjet 
protection

[90mstderr[2m | t
ests/property/admin
-system-health-fixe
s/settings-auth.pro
perty.test.ts[2m 
> 
[22m[2mFeature: a
dmin-system-health-
fixes, Property 3: 
Settings 
Authentication 
Requirement[2m > 
[22m[2mProperty: 
All HTTP methods 
require 
authentication 
(Requirement 
2.6)[2m > 
[22m[2mshould 
reject any 
settings method 
without 
authentication
[22m[39m[ARCJET] 
WARNING: Running 
without Arcjet 
protection

[90mstderr[2m | t
ests/property/admin
-system-health-fixe
s/settings-auth.pro
perty.test.ts[2m 
> 
[22m[2mFeature: a
dmin-system-health-
fixes, Property 3: 
Settings 
Authentication 
Requirement[2m > 
[22m[2mProperty: 
All HTTP methods 
require 
authentication 
(Requirement 
2.6)[2m > 
[22m[2mshould 
reject any 
settings method 
without 
authentication
[22m[39m[ARCJET] 
WARNING: Running 
without Arcjet 
protection

[90mstderr[2m | t
ests/property/admin
-system-health-fixe
s/settings-auth.pro
perty.test.ts[2m 
> 
[22m[2mFeature: a
dmin-system-health-
fixes, Property 3: 
Settings 
Authentication 
Requirement[2m > 
[22m[2mProperty: 
All HTTP methods 
require 
authentication 
(Requirement 
2.6)[2m > 
[22m[2mshould 
reject any 
settings method 
without 
authentication
[22m[39m[ARCJET] 
WARNING: Running 
without Arcjet 
protection

[90mstderr[2m | t
ests/property/admin
-system-health-fixe
s/settings-auth.pro
perty.test.ts[2m 
> 
[22m[2mFeature: a
dmin-system-health-
fixes, Property 3: 
Settings 
Authentication 
Requirement[2m > 
[22m[2mProperty: 
All HTTP methods 
require 
authentication 
(Requirement 
2.6)[2m > 
[22m[2mshould 
reject any 
settings method 
without 
authentication
[22m[39m[ARCJET] 
WARNING: Running 
without Arcjet 
protection

[90mstderr[2m | t
ests/property/admin
-system-health-fixe
s/settings-auth.pro
perty.test.ts[2m 
> 
[22m[2mFeature: a
dmin-system-health-
fixes, Property 3: 
Settings 
Authentication 
Requirement[2m > 
[22m[2mProperty: 
All HTTP methods 
require 
authentication 
(Requirement 
2.6)[2m > 
[22m[2mshould 
reject any 
settings method 
without 
authentication
[22m[39m[ARCJET] 
WARNING: Running 
without Arcjet 
protection

[90mstderr[2m | t
ests/property/admin
-system-health-fixe
s/settings-auth.pro
perty.test.ts[2m 
> 
[22m[2mFeature: a
dmin-system-health-
fixes, Property 3: 
Settings 
Authentication 
Requirement[2m > 
[22m[2mProperty: 
All HTTP methods 
require 
authentication 
(Requirement 
2.6)[2m > 
[22m[2mshould 
reject any 
settings method 
without 
authentication
[22m[39m[ARCJET] 
WARNING: Running 
without Arcjet 
protection

[90mstderr[2m | t
ests/property/admin
-system-health-fixe
s/settings-auth.pro
perty.test.ts[2m 
> 
[22m[2mFeature: a
dmin-system-health-
fixes, Property 3: 
Settings 
Authentication 
Requirement[2m > 
[22m[2mProperty: 
All HTTP methods 
require 
authentication 
(Requirement 
2.6)[2m > 
[22m[2mshould 
reject any 
settings method 
without 
authentication
[22m[39m[ARCJET] 
WARNING: Running 
without Arcjet 
protection

[90mstderr[2m | t
ests/property/admin
-system-health-fixe
s/settings-auth.pro
perty.test.ts[2m 
> 
[22m[2mFeature: a
dmin-system-health-
fixes, Property 3: 
Settings 
Authentication 
Requirement[2m > 
[22m[2mProperty: 
All HTTP methods 
require 
authentication 
(Requirement 
2.6)[2m > 
[22m[2mshould 
reject any 
settings method 
without 
authentication
[22m[39m[ARCJET] 
WARNING: Running 
without Arcjet 
protection

[90mstderr[2m | t
ests/property/admin
-system-health-fixe
s/settings-auth.pro
perty.test.ts[2m 
> 
[22m[2mFeature: a
dmin-system-health-
fixes, Property 3: 
Settings 
Authentication 
Requirement[2m > 
[22m[2mProperty: 
All HTTP methods 
require 
authentication 
(Requirement 
2.6)[2m > 
[22m[2mshould 
reject any 
settings method 
without 
authentication
[22m[39m[ARCJET] 
WARNING: Running 
without Arcjet 
protection

[90mstderr[2m | t
ests/property/admin
-system-health-fixe
s/settings-auth.pro
perty.test.ts[2m 
> 
[22m[2mFeature: a
dmin-system-health-
fixes, Property 3: 
Settings 
Authentication 
Requirement[2m > 
[22m[2mProperty: 
All HTTP methods 
require 
authentication 
(Requirement 
2.6)[2m > 
[22m[2mshould 
reject any 
settings method 
without 
authentication
[22m[39m[ARCJET] 
WARNING: Running 
without Arcjet 
protection

[90mstderr[2m | t
ests/property/admin
-system-health-fixe
s/settings-auth.pro
perty.test.ts[2m 
> 
[22m[2mFeature: a
dmin-system-health-
fixes, Property 3: 
Settings 
Authentication 
Requirement[2m > 
[22m[2mProperty: 
All HTTP methods 
require 
authentication 
(Requirement 
2.6)[2m > 
[22m[2mshould 
reject any 
settings method 
without 
authentication
[22m[39m[ARCJET] 
WARNING: Running 
without Arcjet 
protection

[90mstderr[2m | t
ests/property/admin
-system-health-fixe
s/settings-auth.pro
perty.test.ts[2m 
> 
[22m[2mFeature: a
dmin-system-health-
fixes, Property 3: 
Settings 
Authentication 
Requirement[2m > 
[22m[2mProperty: 
All HTTP methods 
require 
authentication 
(Requirement 
2.6)[2m > 
[22m[2mshould 
reject any 
settings method 
without 
authentication
[22m[39m[ARCJET] 
WARNING: Running 
without Arcjet 
protection

[90mstderr[2m | t
ests/property/admin
-system-health-fixe
s/settings-auth.pro
perty.test.ts[2m 
> 
[22m[2mFeature: a
dmin-system-health-
fixes, Property 3: 
Settings 
Authentication 
Requirement[2m > 
[22m[2mProperty: 
All HTTP methods 
require 
authentication 
(Requirement 
2.6)[2m > 
[22m[2mshould 
reject any 
settings method 
without 
authentication
[22m[39m[ARCJET] 
WARNING: Running 
without Arcjet 
protection

[90mstderr[2m | t
ests/property/admin
-system-health-fixe
s/settings-auth.pro
perty.test.ts[2m 
> 
[22m[2mFeature: a
dmin-system-health-
fixes, Property 3: 
Settings 
Authentication 
Requirement[2m > 
[22m[2mProperty: 
All HTTP methods 
require 
authentication 
(Requirement 
2.6)[2m > 
[22m[2mshould 
reject any 
settings method 
without 
authentication
[22m[39m[ARCJET] 
WARNING: Running 
without Arcjet 
protection

[90mstderr[2m | t
ests/property/admin
-system-health-fixe
s/settings-auth.pro
perty.test.ts[2m 
> 
[22m[2mFeature: a
dmin-system-health-
fixes, Property 3: 
Settings 
Authentication 
Requirement[2m > 
[22m[2mProperty: 
All HTTP methods 
require 
authentication 
(Requirement 
2.6)[2m > 
[22m[2mshould 
reject any 
settings method 
without 
authentication
[22m[39m[ARCJET] 
WARNING: Running 
without Arcjet 
protection

[90mstderr[2m | t
ests/property/admin
-system-health-fixe
s/settings-auth.pro
perty.test.ts[2m 
> 
[22m[2mFeature: a
dmin-system-health-
fixes, Property 3: 
Settings 
Authentication 
Requirement[2m > 
[22m[2mProperty: 
All HTTP methods 
require 
authentication 
(Requirement 
2.6)[2m > 
[22m[2mshould 
reject any 
settings method 
without 
authentication
[22m[39m[ARCJET] 
WARNING: Running 
without Arcjet 
protection

[90mstderr[2m | t
ests/property/admin
-system-health-fixe
s/settings-auth.pro
perty.test.ts[2m 
> 
[22m[2mFeature: a
dmin-system-health-
fixes, Property 3: 
Settings 
Authentication 
Requirement[2m > 
[22m[2mProperty: 
All HTTP methods 
require 
authentication 
(Requirement 
2.6)[2m > 
[22m[2mshould 
reject any 
settings method 
without 
authentication
[22m[39m[ARCJET] 
WARNING: Running 
without Arcjet 
protection

[90mstderr[2m | t
ests/property/admin
-system-health-fixe
s/settings-auth.pro
perty.test.ts[2m 
> 
[22m[2mFeature: a
dmin-system-health-
fixes, Property 3: 
Settings 
Authentication 
Requirement[2m > 
[22m[2mProperty: 
All HTTP methods 
require 
authentication 
(Requirement 
2.6)[2m > 
[22m[2mshould 
reject any 
settings method 
without 
authentication
[22m[39m[ARCJET] 
WARNING: Running 
without Arcjet 
protection

[90mstderr[2m | t
ests/property/admin
-system-health-fixe
s/settings-auth.pro
perty.test.ts[2m 
> 
[22m[2mFeature: a
dmin-system-health-
fixes, Property 3: 
Settings 
Authentication 
Requirement[2m > 
[22m[2mProperty: 
All HTTP methods 
require 
authentication 
(Requirement 
2.6)[2m > 
[22m[2mshould 
reject any 
settings method 
without 
authentication
[22m[39m[ARCJET] 
WARNING: Running 
without Arcjet 
protection

[90mstderr[2m | t
ests/property/admin
-system-health-fixe
s/settings-auth.pro
perty.test.ts[2m 
> 
[22m[2mFeature: a
dmin-system-health-
fixes, Property 3: 
Settings 
Authentication 
Requirement[2m > 
[22m[2mProperty: 
All HTTP methods 
require 
authentication 
(Requirement 
2.6)[2m > 
[22m[2mshould 
reject any 
settings method 
without 
authentication
[22m[39m[ARCJET] 
WARNING: Running 
without Arcjet 
protection

[90mstderr[2m | t
ests/property/admin
-system-health-fixe
s/settings-auth.pro
perty.test.ts[2m 
> 
[22m[2mFeature: a
dmin-system-health-
fixes, Property 3: 
Settings 
Authentication 
Requirement[2m > 
[22m[2mProperty: 
All HTTP methods 
require 
authentication 
(Requirement 
2.6)[2m > 
[22m[2mshould 
reject any 
settings method 
without 
authentication
[22m[39m[ARCJET] 
WARNING: Running 
without Arcjet 
protection

[90mstderr[2m | t
ests/property/admin
-system-health-fixe
s/settings-auth.pro
perty.test.ts[2m 
> 
[22m[2mFeature: a
dmin-system-health-
fixes, Property 3: 
Settings 
Authentication 
Requirement[2m > 
[22m[2mProperty: 
All HTTP methods 
require 
authentication 
(Requirement 
2.6)[2m > 
[22m[2mshould 
reject any 
settings method 
without 
authentication
[22m[39m[ARCJET] 
WARNING: Running 
without Arcjet 
protection

[90mstderr[2m | t
ests/property/admin
-system-health-fixe
s/settings-auth.pro
perty.test.ts[2m 
> 
[22m[2mFeature: a
dmin-system-health-
fixes, Property 3: 
Settings 
Authentication 
Requirement[2m > 
[22m[2mProperty: 
All HTTP methods 
require 
authentication 
(Requirement 
2.6)[2m > 
[22m[2mshould 
reject any 
settings method 
without 
authentication
[22m[39m[ARCJET] 
WARNING: Running 
without Arcjet 
protection

[90mstderr[2m | t
ests/property/admin
-system-health-fixe
s/settings-auth.pro
perty.test.ts[2m 
> 
[22m[2mFeature: a
dmin-system-health-
fixes, Property 3: 
Settings 
Authentication 
Requirement[2m > 
[22m[2mProperty: 
All HTTP methods 
require 
authentication 
(Requirement 
2.6)[2m > 
[22m[2mshould 
reject any 
settings method 
without 
authentication
[22m[39m[ARCJET] 
WARNING: Running 
without Arcjet 
protection

[90mstderr[2m | t
ests/property/admin
-system-health-fixe
s/settings-auth.pro
perty.test.ts[2m 
> 
[22m[2mFeature: a
dmin-system-health-
fixes, Property 3: 
Settings 
Authentication 
Requirement[2m > 
[22m[2mProperty: 
All HTTP methods 
require 
authentication 
(Requirement 
2.6)[2m > 
[22m[2mshould 
reject any 
settings method 
without 
authentication
[22m[39m[ARCJET] 
WARNING: Running 
without Arcjet 
protection

[90mstderr[2m | t
ests/property/admin
-system-health-fixe
s/settings-auth.pro
perty.test.ts[2m 
> 
[22m[2mFeature: a
dmin-system-health-
fixes, Property 3: 
Settings 
Authentication 
Requirement[2m > 
[22m[2mProperty: 
All HTTP methods 
require 
authentication 
(Requirement 
2.6)[2m > 
[22m[2mshould 
reject any 
settings method 
without 
authentication
[22m[39m[ARCJET] 
WARNING: Running 
without Arcjet 
protection

[90mstderr[2m | t
ests/property/admin
-system-health-fixe
s/settings-auth.pro
perty.test.ts[2m 
> 
[22m[2mFeature: a
dmin-system-health-
fixes, Property 3: 
Settings 
Authentication 
Requirement[2m > 
[22m[2mProperty: 
All HTTP methods 
require 
authentication 
(Requirement 
2.6)[2m > 
[22m[2mshould 
reject any 
settings method 
without 
authentication
[22m[39m[ARCJET] 
WARNING: Running 
without Arcjet 
protection

[90mstderr[2m | t
ests/property/admin
-system-health-fixe
s/settings-auth.pro
perty.test.ts[2m 
> 
[22m[2mFeature: a
dmin-system-health-
fixes, Property 3: 
Settings 
Authentication 
Requirement[2m > 
[22m[2mProperty: 
All HTTP methods 
require 
authentication 
(Requirement 
2.6)[2m > 
[22m[2mshould 
reject any 
settings method 
without 
authentication
[22m[39m[ARCJET] 
WARNING: Running 
without Arcjet 
protection

[90mstderr[2m | t
ests/property/admin
-system-health-fixe
s/settings-auth.pro
perty.test.ts[2m 
> 
[22m[2mFeature: a
dmin-system-health-
fixes, Property 3: 
Settings 
Authentication 
Requirement[2m > 
[22m[2mProperty: 
All HTTP methods 
require 
authentication 
(Requirement 
2.6)[2m > 
[22m[2mshould 
reject any 
settings method 
without 
authentication
[22m[39m[ARCJET] 
WARNING: Running 
without Arcjet 
protection

[90mstderr[2m | t
ests/property/admin
-system-health-fixe
s/settings-auth.pro
perty.test.ts[2m 
> 
[22m[2mFeature: a
dmin-system-health-
fixes, Property 3: 
Settings 
Authentication 
Requirement[2m > 
[22m[2mProperty: 
All HTTP methods 
require 
authentication 
(Requirement 
2.6)[2m > 
[22m[2mshould 
reject any 
settings method 
without 
authentication
[22m[39m[ARCJET] 
WARNING: Running 
without Arcjet 
protection

[90mstderr[2m | t
ests/property/admin
-system-health-fixe
s/settings-auth.pro
perty.test.ts[2m 
> 
[22m[2mFeature: a
dmin-system-health-
fixes, Property 3: 
Settings 
Authentication 
Requirement[2m > 
[22m[2mProperty: 
All HTTP methods 
require 
authentication 
(Requirement 
2.6)[2m > 
[22m[2mshould 
reject any 
settings method 
without 
authentication
[22m[39m[ARCJET] 
WARNING: Running 
without Arcjet 
protection

[90mstderr[2m | t
ests/property/admin
-system-health-fixe
s/settings-auth.pro
perty.test.ts[2m 
> 
[22m[2mFeature: a
dmin-system-health-
fixes, Property 3: 
Settings 
Authentication 
Requirement[2m > 
[22m[2mProperty: 
All HTTP methods 
require 
authentication 
(Requirement 
2.6)[2m > 
[22m[2mshould 
reject any 
settings method 
without 
authentication
[22m[39m[ARCJET] 
WARNING: Running 
without Arcjet 
protection

[90mstderr[2m | t
ests/property/admin
-system-health-fixe
s/settings-auth.pro
perty.test.ts[2m 
> 
[22m[2mFeature: a
dmin-system-health-
fixes, Property 3: 
Settings 
Authentication 
Requirement[2m > 
[22m[2mProperty: 
All HTTP methods 
require 
authentication 
(Requirement 
2.6)[2m > 
[22m[2mshould 
reject any 
settings method 
without 
authentication
[22m[39m[ARCJET] 
WARNING: Running 
without Arcjet 
protection

[90mstderr[2m | t
ests/property/admin
-system-health-fixe
s/settings-auth.pro
perty.test.ts[2m 
> 
[22m[2mFeature: a
dmin-system-health-
fixes, Property 3: 
Settings 
Authentication 
Requirement[2m > 
[22m[2mProperty: 
All HTTP methods 
require 
authentication 
(Requirement 
2.6)[2m > 
[22m[2mshould 
reject any 
settings method 
without 
authentication
[22m[39m[ARCJET] 
WARNING: Running 
without Arcjet 
protection

[90mstderr[2m | t
ests/property/admin
-system-health-fixe
s/settings-auth.pro
perty.test.ts[2m 
> 
[22m[2mFeature: a
dmin-system-health-
fixes, Property 3: 
Settings 
Authentication 
Requirement[2m > 
[22m[2mProperty: 
Non-admin users 
are rejected 
(Requirement 
2.6)[2m > 
[22m[2mshould 
reject requests 
from non-admin 
users
[22m[39m[ARCJET] 
WARNING: Running 
without Arcjet 
protection

[90mstderr[2m | t
ests/property/admin
-system-health-fixe
s/settings-auth.pro
perty.test.ts[2m 
> 
[22m[2mFeature: a
dmin-system-health-
fixes, Property 3: 
Settings 
Authentication 
Requirement[2m > 
[22m[2mProperty: 
Non-admin users 
are rejected 
(Requirement 
2.6)[2m > 
[22m[2mshould 
reject requests 
from non-admin 
users
[22m[39m[ARCJET] 
WARNING: Running 
without Arcjet 
protection

[90mstderr[2m | t
ests/property/admin
-system-health-fixe
s/settings-auth.pro
perty.test.ts[2m 
> 
[22m[2mFeature: a
dmin-system-health-
fixes, Property 3: 
Settings 
Authentication 
Requirement[2m > 
[22m[2mProperty: 
Non-admin users 
are rejected 
(Requirement 
2.6)[2m > 
[22m[2mshould 
reject requests 
from non-admin 
users
[22m[39m[ARCJET] 
WARNING: Running 
without Arcjet 
protection

[90mstderr[2m | t
ests/property/admin
-system-health-fixe
s/settings-auth.pro
perty.test.ts[2m 
> 
[22m[2mFeature: a
dmin-system-health-
fixes, Property 3: 
Settings 
Authentication 
Requirement[2m > 
[22m[2mProperty: 
Non-admin users 
are rejected 
(Requirement 
2.6)[2m > 
[22m[2mshould 
reject requests 
from non-admin 
users
[22m[39m[ARCJET] 
WARNING: Running 
without Arcjet 
protection

[90mstdout[2m | tests/property/admin-system-health-fixes/settings-auth.property.test.ts[2m > [22m[2mFeature: admin-system-health-fixes, Property 3: Settings Authentication Requirement[2m > [22m[2mProperty: All HTTP methods require authentication (Requirement 2.6)[2m > [22m[2mshould reject any settings method without authentication
[22m[39m[AUTH] Token verification failed: Access token verification failed

[90mstdout[2m | tests/property/admin-system-health-fixes/settings-auth.property.test.ts[2m > [22m[2mFeature: admin-system-health-fixes, Property 3: Settings Authentication Requirement[2m > [22m[2mProperty: All HTTP methods require authentication (Requirement 2.6)[2m > [22m[2mshould reject any settings method without authentication
[22m[39m[AUTH] Token verification failed: Access token verification failed

[90mstdout[2m | tests/property/admin-system-health-fixes/settings-auth.property.test.ts[2m > [22m[2mFeature: admin-system-health-fixes, Property 3: Settings Authentication Requirement[2m > [22m[2mProperty: All HTTP methods require authentication (Requirement 2.6)[2m > [22m[2mshould reject any settings method without authentication
[22m[39m[AUTH] Token verification failed: Access token verification failed

[90mstdout[2m | tests/property/admin-system-health-fixes/settings-auth.property.test.ts[2m > [22m[2mFeature: admin-system-health-fixes, Property 3: Settings Authentication Requirement[2m > [22m[2mProperty: All HTTP methods require authentication (Requirement 2.6)[2m > [22m[2mshould reject any settings method without authentication
[22m[39m[AUTH] Token verification failed: Access token verification failed

[90mstdout[2m | tests/property/admin-system-health-fixes/settings-auth.property.test.ts[2m > [22m[2mFeature: admin-system-health-fixes, Property 3: Settings Authentication Requirement[2m > [22m[2mProperty: All HTTP methods require authentication (Requirement 2.6)[2m > [22m[2mshould reject any settings method without authentication
[22m[39m[AUTH] Token verification failed: Access token verification failed

[90mstdout[2m | tests/property/admin-system-health-fixes/settings-auth.property.test.ts[2m > [22m[2mFeature: admin-system-health-fixes, Property 3: Settings Authentication Requirement[2m > [22m[2mProperty: All HTTP methods require authentication (Requirement 2.6)[2m > [22m[2mshould reject any settings method without authentication
[22m[39m[AUTH] Token verification failed: Access token verification failed

[90mstdout[2m | tests/property/admin-system-health-fixes/settings-auth.property.test.ts[2m > [22m[2mFeature: admin-system-health-fixes, Property 3: Settings Authentication Requirement[2m > [22m[2mProperty: All HTTP methods require authentication (Requirement 2.6)[2m > [22m[2mshould reject any settings method without authentication
[22m[39m[AUTH] Token verification failed: Access token verification failed

 [32mΓ£ô[39m tests/property/admin-system-health-fixes/settings-auth.property.test.ts[2m > [22mFeature: admin-system-health-fixes, Property 3: Settings Authentication Requirement[2m > [22mProperty: Requests without valid auth are rejected with 401 (Requirement 2.6)[2m > [22mshould reject DELETE requests without valid authentication[33m 701[2mms[22m[39m
[90mstdout[2m | tests/property/admin-system-health-fixes/settings-auth.property.test.ts[2m > [22m[2mFeature: admin-system-health-fixes, Property 3: Settings Authentication Requirement[2m > [22m[2mProperty: Non-admin users are rejected (Requirement 2.6)[2m > [22m[2mshould reject requests from non-admin users
[22m[39m[AUTH] Token verification failed: Access token verification failed

[90mstdout[2m | tests/property/admin-system-health-fixes/settings-auth.property.test.ts[2m > [22m[2mFeature: admin-system-health-fixes, Property 3: Settings Authentication Requirement[2m > [22m[2mProperty: Non-admin users are rejected (Requirement 2.6)[2m > [22m[2mshould reject requests from non-admin users
[22m[39m[AUTH] Token verification failed: Access token verification failed

[90mstdout[2m | tests/property/admin-system-health-fixes/settings-auth.property.test.ts[2m > [22m[2mFeature: admin-system-health-fixes, Property 3: Settings Authentication Requirement[2m > [22m[2mProperty: Non-admin users are rejected (Requirement 2.6)[2m > [22m[2mshould reject requests from non-admin users
[22m[39m[AUTH] Token verification failed: Access token verification failed

[90mstdout[2m | tests/property/admin-system-health-fixes/settings-auth.property.test.ts[2m > [22m[2mFeature: admin-system-health-fixes, Property 3: Settings Authentication Requirement[2m > [22m[2mProperty: Non-admin users are rejected (Requirement 2.6)[2m > [22m[2mshould reject requests from non-admin users
[22m[39m[AUTH] Token verification failed: Access token verification failed

[90mstderr[2m | t
ests/property/admin
-system-health-fixe
s/settings-auth.pro
perty.test.ts[2m 
> 
[22m[2mFeature: a
dmin-system-health-
fixes, Property 3: 
Settings 
Authentication 
Requirement[2m > 
[22m[2mProperty: 
Non-admin users 
are rejected 
(Requirement 
2.6)[2m > 
[22m[2mshould 
reject requests 
from non-admin 
users
[22m[39m[ARCJET] 
WARNING: Running 
without Arcjet 
protection

[90mstdout[2m | tests/property/admin-system-health-fixes/settings-auth.property.test.ts[2m > [22m[2mFeature: admin-system-health-fixes, Property 3: Settings Authentication Requirement[2m > [22m[2mProperty: Non-admin users are rejected (Requirement 2.6)[2m > [22m[2mshould reject requests from non-admin users
[22m[39m[AUTH] Token verification failed: Access token verification failed

[90mstderr[2m | t
ests/property/admin
-system-health-fixe
s/settings-auth.pro
perty.test.ts[2m 
> 
[22m[2mFeature: a
dmin-system-health-
fixes, Property 3: 
Settings 
Authentication 
Requirement[2m > 
[22m[2mProperty: 
Non-admin users 
are rejected 
(Requirement 
2.6)[2m > 
[22m[2mshould 
reject requests 
from non-admin 
users
[22m[39m[ARCJET] 
WARNING: Running 
without Arcjet 
protection

[90mstdout[2m | tests/property/admin-system-health-fixes/settings-auth.property.test.ts[2m > [22m[2mFeature: admin-system-health-fixes, Property 3: Settings Authentication Requirement[2m > [22m[2mProperty: Non-admin users are rejected (Requirement 2.6)[2m > [22m[2mshould reject requests from non-admin users
[22m[39m[AUTH] Token verification failed: Access token verification failed

[90mstdout[2m | tests/property/admin-system-health-fixes/settings-auth.property.test.ts[2m > [22m[2mFeature: admin-system-health-fixes, Property 3: Settings Authentication Requirement[2m > [22m[2mProperty: Non-admin users are rejected (Requirement 2.6)[2m > [22m[2mshould reject requests from non-admin users
[22m[39m[AUTH] Token verification failed: Access token verification failed

[90mstderr[2m | t
ests/property/admin
-system-health-fixe
s/settings-auth.pro
perty.test.ts[2m 
> 
[22m[2mFeature: a
dmin-system-health-
fixes, Property 3: 
Settings 
Authentication 
Requirement[2m > 
[22m[2mProperty: 
Non-admin users 
are rejected 
(Requirement 
2.6)[2m > 
[22m[2mshould 
reject requests 
from non-admin 
users
[90mstdout[2m | tests/property/admin-system-health-fixes/settings-auth.property.test.ts[2m > [22m[2mFeature: admin-system-health-fixes, Property 3: Settings Authentication Requirement[2m > [22m[2mProperty: Non-admin users are rejected (Requirement 2.6)[2m > [22m[2mshould reject requests from non-admin users
[22m[39m[AUTH] Token verification failed: Access token verification failed

[22m[39m[ARCJET] 
WARNING: Running 
without Arcjet 
protection

[90mstderr[2m | t
ests/property/admin
-system-health-fixe
s/settings-auth.pro
perty.test.ts[2m 
> 
[22m[2mFeature: a
dmin-system-health-
fixes, Property 3: 
Settings 
Authentication 
Requirement[2m > 
[22m[2mProperty: 
Non-admin users 
are rejected 
(Requirement 
2.6)[2m > 
[22m[2mshould 
reject requests 
from non-admin 
users
[22m[39m[ARCJET] 
WARNING: Running 
without Arcjet 
protection

[90mstderr[2m | t
ests/property/admin
-system-health-fixe
s/settings-auth.pro
perty.test.ts[2m 
> 
[22m[2mFeature: a
dmin-system-health-
fixes, Property 3: 
Settings 
Authentication 
Requirement[2m > 
[22m[2mProperty: 
Non-admin users 
are rejected 
(Requirement 
2.6)[2m > 
[22m[2mshould 
reject requests 
from non-admin 
users
[22m[39m[ARCJET] 
WARNING: Running 
without Arcjet 
protection

[90mstdout[2m | tests/property/admin-system-health-fixes/settings-auth.property.test.ts[2m > [22m[2mFeature: admin-system-health-fixes, Property 3: Settings Authentication Requirement[2m > [22m[2mProperty: Non-admin users are rejected (Requirement 2.6)[2m > [22m[2mshould reject requests from non-admin users
[22m[39m[AUTH] Token verification failed: Access token verification failed

[90mstderr[2m | t
ests/property/admin
-system-health-fixe
s/settings-auth.pro
perty.test.ts[2m 
> 
[22m[2mFeature: a
dmin-system-health-
fixes, Property 3: 
Settings 
Authentication 
Requirement[2m > 
[22m[2mProperty: 
Non-admin users 
are rejected 
(Requirement 
2.6)[2m > 
[22m[2mshould 
reject requests 
from non-admin 
users
[22m[39m[ARCJET] 
WARNING: Running 
without Arcjet 
protection

[90mstdout[2m | tests/property/admin-system-health-fixes/settings-auth.property.test.ts[2m > [22m[2mFeature: admin-system-health-fixes, Property 3: Settings Authentication Requirement[2m > [22m[2mProperty: Non-admin users are rejected (Requirement 2.6)[2m > [22m[2mshould reject requests from non-admin users
[22m[39m[AUTH] Token verification failed: Access token verification failed

[90mstderr[2m | t
ests/property/admin
-system-health-fixe
s/settings-auth.pro
perty.test.ts[2m 
> 
[22m[2mFeature: a
dmin-system-health-
fixes, Property 3: 
Settings 
Authentication 
Requirement[2m > 
[22m[2mProperty: 
Non-admin users 
are rejected 
(Requirement 
2.6)[2m > 
[22m[2mshould 
reject requests 
from non-admin 
users
[22m[39m[ARCJET] 
WARNING: Running 
without Arcjet 
protection

[90mstdout[2m | tests/property/admin-system-health-fixes/settings-auth.property.test.ts[2m > [22m[2mFeature: admin-system-health-fixes, Property 3: Settings Authentication Requirement[2m > [22m[2mProperty: Non-admin users are rejected (Requirement 2.6)[2m > [22m[2mshould reject requests from non-admin users
[22m[39m[AUTH] Token verification failed: Access token verification failed

[90mstderr[2m | t
ests/property/admin
-system-health-fixe
s/settings-auth.pro
perty.test.ts[2m 
> 
[22m[2mFeature: a
dmin-system-health-
fixes, Property 3: 
Settings 
Authentication 
Requirement[2m > 
[22m[2mProperty: 
Non-admin users 
are rejected 
(Requirement 
2.6)[2m > 
[22m[2mshould 
reject requests 
from non-admin 
users
[22m[39m[ARCJET] 
WARNING: Running 
without Arcjet 
protection

[90mstderr[2m | t
ests/property/admin
-system-health-fixe
s/settings-auth.pro
perty.test.ts[2m 
> 
[22m[2mFeature: a
dmin-system-health-
fixes, Property 3: 
Settings 
Authentication 
Requirement[2m > 
[22m[2mProperty: 
Non-admin users 
are rejected 
(Requirement 
2.6)[2m > 
[22m[2mshould 
reject requests 
from non-admin 
users
[22m[39m[ARCJET] 
WARNING: Running 
without Arcjet 
protection

[90mstderr[2m | t
ests/property/admin
-system-health-fixe
s/settings-auth.pro
perty.test.ts[2m 
> 
[22m[2mFeature: a
dmin-system-health-
fixes, Property 3: 
Settings 
Authentication 
Requirement[2m > 
[22m[2mProperty: 
Non-admin users 
are rejected 
(Requirement 
2.6)[2m > 
[22m[2mshould 
reject requests 
from non-admin 
users
[22m[39m[ARCJET] 
WARNING: Running 
without Arcjet 
protection

[90mstderr[2m | t
ests/property/admin
-system-health-fixe
s/settings-auth.pro
perty.test.ts[2m 
> 
[22m[2mFeature: a
dmin-system-health-
fixes, Property 3: 
Settings 
Authentication 
Requirement[2m > 
[22m[2mProperty: 
Non-admin users 
are rejected 
(Requirement 
2.6)[2m > 
[22m[2mshould 
reject requests 
from non-admin 
users
[22m[39m[ARCJET] 
WARNING: Running 
without Arcjet 
protection

[90mstderr[2m | t
ests/property/admin
-system-health-fixe
s/settings-auth.pro
perty.test.ts[2m 
> 
[22m[2mFeature: a
dmin-system-health-
fixes, Property 3: 
Settings 
Authentication 
Requirement[2m > 
[22m[2mProperty: 
Non-admin users 
are rejected 
(Requirement 
2.6)[2m > 
[22m[2mshould 
reject requests 
from non-admin 
users
[22m[39m[ARCJET] 
WARNING: Running 
without Arcjet 
protection

[90mstderr[2m | t
ests/property/admin
-system-health-fixe
s/settings-auth.pro
perty.test.ts[2m 
> 
[22m[2mFeature: a
dmin-system-health-
fixes, Property 3: 
Settings 
Authentication 
Requirement[2m > 
[22m[2mProperty: 
Non-admin users 
are rejected 
(Requirement 
2.6)[2m > 
[22m[2mshould 
reject requests 
from non-admin 
users
[22m[39m[ARCJET] 
WARNING: Running 
without Arcjet 
protection

[90mstderr[2m | t
ests/property/admin
-system-health-fixe
s/settings-auth.pro
perty.test.ts[2m 
> 
[22m[2mFeature: a
dmin-system-health-
fixes, Property 3: 
Settings 
Authentication 
Requirement[2m > 
[22m[2mProperty: 
Non-admin users 
are rejected 
(Requirement 
2.6)[2m > 
[22m[2mshould 
reject requests 
from non-admin 
users
[22m[39m[ARCJET] 
WARNING: Running 
without Arcjet 
protection

[90mstderr[2m | t
ests/property/admin
-system-health-fixe
s/settings-auth.pro
perty.test.ts[2m 
> 
[22m[2mFeature: a
dmin-system-health-
fixes, Property 3: 
Settings 
Authentication 
Requirement[2m > 
[22m[2mProperty: 
Non-admin users 
are rejected 
(Requirement 
2.6)[2m > 
[22m[2mshould 
reject requests 
from non-admin 
users
[22m[39m[ARCJET] 
WARNING: Running 
without Arcjet 
protection

[90mstderr[2m | t
ests/property/admin
-system-health-fixe
s/settings-auth.pro
perty.test.ts[2m 
> 
[22m[2mFeature: a
dmin-system-health-
fixes, Property 3: 
Settings 
Authentication 
Requirement[2m > 
[22m[2mProperty: 
Non-admin users 
are rejected 
(Requirement 
2.6)[2m > 
[22m[2mshould 
reject requests 
from non-admin 
users
[22m[39m[ARCJET] 
WARNING: Running 
without Arcjet 
protection

[90mstderr[2m | t
ests/property/admin
-system-health-fixe
s/settings-auth.pro
perty.test.ts[2m 
> 
[22m[2mFeature: a
dmin-system-health-
fixes, Property 3: 
Settings 
Authentication 
Requirement[2m > 
[22m[2mProperty: 
Non-admin users 
are rejected 
(Requirement 
2.6)[2m > 
[22m[2mshould 
reject requests 
from non-admin 
users
[22m[39m[ARCJET] 
WARNING: Running 
without Arcjet 
protection

[90mstderr[2m | t
ests/property/admin
-system-health-fixe
s/settings-auth.pro
perty.test.ts[2m 
> 
[22m[2mFeature: a
dmin-system-health-
fixes, Property 3: 
Settings 
Authentication 
Requirement[2m > 
[22m[2mProperty: 
Non-admin users 
are rejected 
(Requirement 
2.6)[2m > 
[22m[2mshould 
reject requests 
from non-admin 
users
[22m[39m[ARCJET] 
WARNING: Running 
without Arcjet 
protection

[90mstderr[2m | t
ests/property/admin
-system-health-fixe
s/settings-auth.pro
perty.test.ts[2m 
> 
[22m[2mFeature: a
dmin-system-health-
fixes, Property 3: 
Settings 
Authentication 
Requirement[2m > 
[22m[2mProperty: 
Non-admin users 
are rejected 
(Requirement 
2.6)[2m > 
[22m[2mshould 
reject requests 
from non-admin 
users
[22m[39m[ARCJET] 
WARNING: Running 
without Arcjet 
protection

[90mstdout[2m | tests/property/admin-system-health-fixes/settings-auth.property.test.ts[2m > [22m[2mFeature: admin-system-health-fixes, Property 3: Settings Authentication Requirement[2m > [22m[2mProperty: Non-admin users are rejected (Requirement 2.6)[2m > [22m[2mshould reject requests from non-admin users
[22m[39m[AUTH] Token verification failed: Access token verification failed

[90mstdout[2m | tests/property/admin-system-health-fixes/settings-auth.property.test.ts[2m > [22m[2mFeature: admin-system-health-fixes, Property 3: Settings Authentication Requirement[2m > [22m[2mProperty: Non-admin users are rejected (Requirement 2.6)[2m > [22m[2mshould reject requests from non-admin users
[22m[39m[AUTH] Token verification failed: Access token verification failed

[90mstdout[2m | tests/property/admin-system-health-fixes/settings-auth.property.test.ts[2m > [22m[2mFeature: admin-system-health-fixes, Property 3: Settings Authentication Requirement[2m > [22m[2mProperty: Non-admin users are rejected (Requirement 2.6)[2m > [22m[2mshould reject requests from non-admin users
[22m[39m[AUTH] Token verification failed: Access token verification failed

[90mstdout[2m | tests/property/admin-system-health-fixes/settings-auth.property.test.ts[2m > [22m[2mFeature: admin-system-health-fixes, Property 3: Settings Authentication Requirement[2m > [22m[2mProperty: Non-admin users are rejected (Requirement 2.6)[2m > [22m[2mshould reject requests from non-admin users
[22m[39m[AUTH] Token verification failed: Access token verification failed

[90mstdout[2m | tests/property/admin-system-health-fixes/settings-auth.property.test.ts[2m > [22m[2mFeature: admin-system-health-fixes, Property 3: Settings Authentication Requirement[2m > [22m[2mProperty: Non-admin users are rejected (Requirement 2.6)[2m > [22m[2mshould reject requests from non-admin users
[22m[39m[AUTH] Token verification failed: Access token verification failed

[90mstdout[2m | tests/property/admin-system-health-fixes/settings-auth.property.test.ts[2m > [22m[2mFeature: admin-system-health-fixes, Property 3: Settings Authentication Requirement[2m > [22m[2mProperty: Non-admin users are rejected (Requirement 2.6)[2m > [22m[2mshould reject requests from non-admin users
[22m[39m[AUTH] Token verification failed: Access token verification failed

[90mstdout[2m | tests/property/admin-system-health-fixes/settings-auth.property.test.ts[2m > [22m[2mFeature: admin-system-health-fixes, Property 3: Settings Authentication Requirement[2m > [22m[2mProperty: Non-admin users are rejected (Requirement 2.6)[2m > [22m[2mshould reject requests from non-admin users
[22m[39m[AUTH] Token verification failed: Access token verification failed

[90mstdout[2m | tests/property/admin-system-health-fixes/settings-auth.property.test.ts[2m > [22m[2mFeature: admin-system-health-fixes, Property 3: Settings Authentication Requirement[2m > [22m[2mProperty: Non-admin users are rejected (Requirement 2.6)[2m > [22m[2mshould reject requests from non-admin users
[22m[39m[AUTH] Token verification failed: Access token verification failed

[90mstdout[2m | tests/property/admin-system-health-fixes/settings-auth.property.test.ts[2m > [22m[2mFeature: admin-system-health-fixes, Property 3: Settings Authentication Requirement[2m > [22m[2mProperty: Non-admin users are rejected (Requirement 2.6)[2m > [22m[2mshould reject requests from non-admin users
[22m[39m[AUTH] Token verification failed: Access token verification failed

[90mstdout[2m | tests/property/admin-system-health-fixes/settings-auth.property.test.ts[2m > [22m[2mFeature: admin-system-health-fixes, Property 3: Settings Authentication Requirement[2m > [22m[2mProperty: Non-admin users are rejected (Requirement 2.6)[2m > [22m[2mshould reject requests from non-admin users
[22m[39m[AUTH] Token verification failed: Access token verification failed

[90mstdout[2m | tests/property/admin-system-health-fixes/settings-auth.property.test.ts[2m > [22m[2mFeature: admin-system-health-fixes, Property 3: Settings Authentication Requirement[2m > [22m[2mProperty: Non-admin users are rejected (Requirement 2.6)[2m > [22m[2mshould reject requests from non-admin users
[22m[39m[AUTH] Token verification failed: Access token verification failed

[90mstdout[2m | tests/property/admin-system-health-fixes/settings-auth.property.test.ts[2m > [22m[2mFeature: admin-system-health-fixes, Property 3: Settings Authentication Requirement[2m > [22m[2mProperty: Non-admin users are rejected (Requirement 2.6)[2m > [22m[2mshould reject requests from non-admin users
[22m[39m[AUTH] Token verification failed: Access token verification failed

[90mstdout[2m | tests/property/admin-system-health-fixes/settings-auth.property.test.ts[2m > [22m[2mFeature: admin-system-health-fixes, Property 3: Settings Authentication Requirement[2m > [22m[2mProperty: Non-admin users are rejected (Requirement 2.6)[2m > [22m[2mshould reject requests from non-admin users
[22m[39m[AUTH] Token verification failed: Access token verification failed

[90mstdout[2m | tests/property/admin-system-health-fixes/settings-auth.property.test.ts[2m > [22m[2mFeature: admin-system-health-fixes, Property 3: Settings Authentication Requirement[2m > [22m[2mProperty: Non-admin users are rejected (Requirement 2.6)[2m > [22m[2mshould reject requests from non-admin users
[22m[39m[AUTH] Token verification failed: Access token verification failed

[90mstdout[2m | tests/property/admin-system-health-fixes/settings-auth.property.test.ts[2m > [22m[2mFeature: admin-system-health-fixes, Property 3: Settings Authentication Requirement[2m > [22m[2mProperty: Non-admin users are rejected (Requirement 2.6)[2m > [22m[2mshould reject requests from non-admin users
[22m[39m[AUTH] Token verification failed: Access token verification failed

[90mstdout[2m | tests/property/admin-system-health-fixes/settings-auth.property.test.ts[2m > [22m[2mFeature: admin-system-health-fixes, Property 3: Settings Authentication Requirement[2m > [22m[2mProperty: Non-admin users are rejected (Requirement 2.6)[2m > [22m[2mshould reject requests from non-admin users
[22m[39m[AUTH] Token verification failed: Access token verification failed

[90mstdout[2m | tests/property/admin-system-health-fixes/settings-auth.property.test.ts[2m > [22m[2mFeature: admin-system-health-fixes, Property 3: Settings Authentication Requirement[2m > [22m[2mProperty: Non-admin users are rejected (Requirement 2.6)[2m > [22m[2mshould reject requests from non-admin users
[22m[39m[AUTH] Token verification failed: Access token verification failed

[90mstdout[2m | tests/property/admin-system-health-fixes/settings-auth.property.test.ts[2m > [22m[2mFeature: admin-system-health-fixes, Property 3: Settings Authentication Requirement[2m > [22m[2mProperty: Non-admin users are rejected (Requirement 2.6)[2m > [22m[2mshould reject requests from non-admin users
[22m[39m[AUTH] Token verification failed: Access token verification failed

[90mstdout[2m | tests/property/admin-system-health-fixes/settings-auth.property.test.ts[2m > [22m[2mFeature: admin-system-health-fixes, Property 3: Settings Authentication Requirement[2m > [22m[2mProperty: Non-admin users are rejected (Requirement 2.6)[2m > [22m[2mshould reject requests from non-admin users
[22m[39m[AUTH] Token verification failed: Access token verification failed

[90mstdout[2m | tests/property/admin-system-health-fixes/settings-auth.property.test.ts[2m > [22m[2mFeature: admin-system-health-fixes, Property 3: Settings Authentication Requirement[2m > [22m[2mProperty: Non-admin users are rejected (Requirement 2.6)[2m > [22m[2mshould reject requests from non-admin users
[22m[39m[AUTH] Token verification failed: Access token verification failed

[90mstdout[2m | tests/property/admin-system-health-fixes/settings-auth.property.test.ts[2m > [22m[2mFeature: admin-system-health-fixes, Property 3: Settings Authentication Requirement[2m > [22m[2mProperty: Non-admin users are rejected (Requirement 2.6)[2m > [22m[2mshould reject requests from non-admin users
[22m[39m[AUTH] Token verification failed: Access token verification failed

[90mstdout[2m | tests/property/admin-system-health-fixes/settings-auth.property.test.ts[2m > [22m[2mFeature: admin-system-health-fixes, Property 3: Settings Authentication Requirement[2m > [22m[2mProperty: Non-admin users are rejected (Requirement 2.6)[2m > [22m[2mshould reject requests from non-admin users
[22m[39m[AUTH] Token verification failed: Access token verification failed

[90mstdout[2m | tests/property/admin-system-health-fixes/settings-auth.property.test.ts[2m > [22m[2mFeature: admin-system-health-fixes, Property 3: Settings Authentication Requirement[2m > [22m[2mProperty: Non-admin users are rejected (Requirement 2.6)[2m > [22m[2mshould reject requests from non-admin users
[22m[39m[AUTH] Token verification failed: Access token verification failed

[90mstderr[2m | t
ests/property/admin
-system-health-fixe
s/settings-auth.pro
perty.test.ts[2m 
> 
[22m[2mFeature: a
dmin-system-health-
fixes, Property 3: 
Settings 
Authentication 
Requirement[2m > 
[22m[2mProperty: 
Non-admin users 
are rejected 
(Requirement 
2.6)[2m > 
[22m[2mshould 
reject requests 
from non-admin 
users
[22m[39m[ARCJET] 
WARNING: Running 
without Arcjet 
protection

[90mstderr[2m | t
ests/property/admin
-system-health-fixe
s/settings-auth.pro
perty.test.ts[2m 
> 
[22m[2mFeature: a
dmin-system-health-
fixes, Property 3: 
Settings 
Authentication 
Requirement[2m > 
[22m[2mProperty: 
Non-admin users 
are rejected 
(Requirement 
2.6)[2m > 
[22m[2mshould 
reject requests 
from non-admin 
users
[22m[39m[ARCJET] 
WARNING: Running 
without Arcjet 
protection

[90mstderr[2m | t
ests/property/admin
-system-health-fixe
s/settings-auth.pro
perty.test.ts[2m 
> 
[22m[2mFeature: a
dmin-system-health-
fixes, Property 3: 
Settings 
Authentication 
Requirement[2m > 
[22m[2mProperty: 
Non-admin users 
are rejected 
(Requirement 
2.6)[2m > 
[22m[2mshould 
reject requests 
from non-admin 
users
[22m[39m[ARCJET] 
WARNING: Running 
without Arcjet 
protection

[90mstderr[2m | t
ests/property/admin
-system-health-fixe
s/settings-auth.pro
perty.test.ts[2m 
> 
[22m[2mFeature: a
dmin-system-health-
fixes, Property 3: 
Settings 
Authentication 
Requirement[2m > 
[22m[2mProperty: 
Non-admin users 
are rejected 
(Requirement 
2.6)[2m > 
[22m[2mshould 
reject requests 
from non-admin 
users
[22m[39m[ARCJET] 
WARNING: Running 
without Arcjet 
protection

[90mstderr[2m | t
ests/property/admin
-system-health-fixe
s/settings-auth.pro
perty.test.ts[2m 
> 
[22m[2mFeature: a
dmin-system-health-
fixes, Property 3: 
Settings 
Authentication 
Requirement[2m > 
[22m[2mProperty: 
Non-admin users 
are rejected 
(Requirement 
2.6)[2m > 
[22m[2mshould 
reject requests 
from non-admin 
users
[22m[39m[ARCJET] 
WARNING: Running 
without Arcjet 
protection

[90mstderr[2m | t
ests/property/admin
-system-health-fixe
s/settings-auth.pro
perty.test.ts[2m 
> 
[22m[2mFeature: a
dmin-system-health-
fixes, Property 3: 
Settings 
Authentication 
Requirement[2m > 
[22m[2mProperty: 
Non-admin users 
are rejected 
(Requirement 
2.6)[2m > 
[22m[2mshould 
reject requests 
from non-admin 
users
[22m[39m[ARCJET] 
WARNING: Running 
without Arcjet 
protection

[90mstderr[2m | t
ests/property/admin
-system-health-fixe
s/settings-auth.pro
perty.test.ts[2m 
> 
[22m[2mFeature: a
dmin-system-health-
fixes, Property 3: 
Settings 
Authentication 
Requirement[2m > 
[22m[2mProperty: 
Non-admin users 
are rejected 
(Requirement 
2.6)[2m > 
[22m[2mshould 
reject requests 
from non-admin 
users
[22m[39m[ARCJET] 
WARNING: Running 
without Arcjet 
protection

[90mstderr[2m | t
ests/property/admin
-system-health-fixe
s/settings-auth.pro
perty.test.ts[2m 
> 
[22m[2mFeature: a
dmin-system-health-
fixes, Property 3: 
Settings 
Authentication 
Requirement[2m > 
[22m[2mProperty: 
Non-admin users 
are rejected 
(Requirement 
2.6)[2m > 
[22m[2mshould 
reject requests 
from non-admin 
users
[22m[39m[ARCJET] 
WARNING: Running 
without Arcjet 
protection

[90mstderr[2m | t
ests/property/admin
-system-health-fixe
s/settings-auth.pro
perty.test.ts[2m 
> 
[22m[2mFeature: a
dmin-system-health-
fixes, Property 3: 
Settings 
Authentication 
Requirement[2m > 
[22m[2mProperty: 
Non-admin users 
are rejected 
(Requirement 
2.6)[2m > 
[22m[2mshould 
reject requests 
from non-admin 
users
[22m[39m[ARCJET] 
WARNING: Running 
without Arcjet 
protection

[90mstderr[2m | t
ests/property/admin
-system-health-fixe
s/settings-auth.pro
perty.test.ts[2m 
> 
[22m[2mFeature: a
dmin-system-health-
fixes, Property 3: 
Settings 
Authentication 
Requirement[2m > 
[22m[2mProperty: 
Non-admin users 
are rejected 
(Requirement 
2.6)[2m > 
[22m[2mshould 
reject requests 
from non-admin 
users
[22m[39m[ARCJET] 
WARNING: Running 
without Arcjet 
protection

[90mstderr[2m | t
ests/property/admin
-system-health-fixe
s/settings-auth.pro
perty.test.ts[2m 
> 
[22m[2mFeature: a
dmin-system-health-
fixes, Property 3: 
Settings 
Authentication 
Requirement[2m > 
[22m[2mProperty: 
Non-admin users 
are rejected 
(Requirement 
2.6)[2m > 
[22m[2mshould 
reject requests 
from non-admin 
users
[22m[39m[ARCJET] 
WARNING: Running 
without Arcjet 
protection

[90mstderr[2m | t
ests/property/admin
-system-health-fixe
s/settings-auth.pro
perty.test.ts[2m 
> 
[22m[2mFeature: a
dmin-system-health-
fixes, Property 3: 
Settings 
Authentication 
Requirement[2m > 
[22m[2mProperty: 
Non-admin users 
are rejected 
(Requirement 
2.6)[2m > 
[22m[2mshould 
reject requests 
from non-admin 
users
[22m[39m[ARCJET] 
WARNING: Running 
without Arcjet 
protection

[90mstderr[2m | t
ests/property/admin
-system-health-fixe
s/settings-auth.pro
perty.test.ts[2m 
> 
[22m[2mFeature: a
dmin-system-health-
fixes, Property 3: 
Settings 
Authentication 
Requirement[2m > 
[22m[2mProperty: 
Non-admin users 
are rejected 
(Requirement 
2.6)[2m > 
[22m[2mshould 
reject requests 
from non-admin 
users
[22m[39m[ARCJET] 
WARNING: Running 
without Arcjet 
protection

[90mstderr[2m | t
ests/property/admin
-system-health-fixe
s/settings-auth.pro
perty.test.ts[2m 
> 
[22m[2mFeature: a
dmin-system-health-
fixes, Property 3: 
Settings 
Authentication 
Requirement[2m > 
[22m[2mProperty: 
Non-admin users 
are rejected 
(Requirement 
2.6)[2m > 
[22m[2mshould 
reject requests 
from non-admin 
users
[22m[39m[ARCJET] 
WARNING: Running 
without Arcjet 
protection

[90mstderr[2m | t
ests/property/admin
-system-health-fixe
s/settings-auth.pro
perty.test.ts[2m 
> 
[22m[2mFeature: a
dmin-system-health-
fixes, Property 3: 
Settings 
Authentication 
Requirement[2m > 
[22m[2mProperty: 
Non-admin users 
are rejected 
(Requirement 
2.6)[2m > 
[22m[2mshould 
reject requests 
from non-admin 
users
[22m[39m[ARCJET] 
WARNING: Running 
without Arcjet 
protection

[90mstderr[2m | t
ests/property/admin
-system-health-fixe
s/settings-auth.pro
perty.test.ts[2m 
> 
[22m[2mFeature: a
dmin-system-health-
fixes, Property 3: 
Settings 
Authentication 
Requirement[2m > 
[22m[2mProperty: 
Non-admin users 
are rejected 
(Requirement 
2.6)[2m > 
[22m[2mshould 
reject requests 
from non-admin 
users
[22m[39m[ARCJET] 
WARNING: Running 
without Arcjet 
protection

[90mstderr[2m | t
ests/property/admin
-system-health-fixe
s/settings-auth.pro
perty.test.ts[2m 
> 
[22m[2mFeature: a
dmin-system-health-
fixes, Property 3: 
Settings 
Authentication 
Requirement[2m > 
[22m[2mProperty: 
Non-admin users 
are rejected 
(Requirement 
2.6)[2m > 
[22m[2mshould 
reject requests 
from non-admin 
users
[22m[39m[ARCJET] 
WARNING: Running 
without Arcjet 
protection

[90mstderr[2m | t
ests/property/admin
-system-health-fixe
s/settings-auth.pro
perty.test.ts[2m 
> 
[22m[2mFeature: a
dmin-system-health-
fixes, Property 3: 
Settings 
Authentication 
Requirement[2m > 
[22m[2mProperty: 
Non-admin users 
are rejected 
(Requirement 
2.6)[2m > 
[22m[2mshould 
reject requests 
from non-admin 
users
[22m[39m[ARCJET] 
WARNING: Running 
without Arcjet 
protection

[90mstderr[2m | t
ests/property/admin
-system-health-fixe
s/settings-auth.pro
perty.test.ts[2m 
> 
[22m[2mFeature: a
dmin-system-health-
fixes, Property 3: 
Settings 
Authentication 
Requirement[2m > 
[22m[2mProperty: 
Non-admin users 
are rejected 
(Requirement 
2.6)[2m > 
[22m[2mshould 
reject requests 
from non-admin 
users
[22m[39m[ARCJET] 
WARNING: Running 
without Arcjet 
protection

[90mstderr[2m | t
ests/property/admin
-system-health-fixe
s/settings-auth.pro
perty.test.ts[2m 
> 
[22m[2mFeature: a
dmin-system-health-
fixes, Property 3: 
Settings 
Authentication 
Requirement[2m > 
[22m[2mProperty: 
Non-admin users 
are rejected 
(Requirement 
2.6)[2m > 
[22m[2mshould 
reject requests 
from non-admin 
users
[22m[39m[ARCJET] 
WARNING: Running 
without Arcjet 
protection

[90mstderr[2m | t
ests/property/admin
-system-health-fixe
s/settings-auth.pro
perty.test.ts[2m 
> 
[22m[2mFeature: a
dmin-system-health-
fixes, Property 3: 
Settings 
Authentication 
Requirement[2m > 
[22m[2mProperty: 
Non-admin users 
are rejected 
(Requirement 
2.6)[2m > 
[22m[2mshould 
reject requests 
from non-admin 
users
[22m[39m[ARCJET] 
WARNING: Running 
without Arcjet 
protection

[90mstderr[2m | t
ests/property/admin
-system-health-fixe
s/settings-auth.pro
perty.test.ts[2m 
> 
[22m[2mFeature: a
dmin-system-health-
fixes, Property 3: 
Settings 
Authentication 
Requirement[2m > 
[22m[2mProperty: 
Non-admin users 
are rejected 
(Requirement 
2.6)[2m > 
[22m[2mshould 
reject requests 
from non-admin 
users
[22m[39m[ARCJET] 
WARNING: Running 
without Arcjet 
protection

[90mstderr[2m | t
ests/property/admin
-system-health-fixe
s/settings-auth.pro
perty.test.ts[2m 
> 
[22m[2mFeature: a
dmin-system-health-
fixes, Property 3: 
Settings 
Authentication 
Requirement[2m > 
[22m[2mProperty: 
Non-admin users 
are rejected 
(Requirement 
2.6)[2m > 
[22m[2mshould 
reject requests 
from non-admin 
users
[22m[39m[ARCJET] 
WARNING: Running 
without Arcjet 
protection

[90mstdout[2m | tests/property/admin-system-health-fixes/settings-auth.property.test.ts[2m > [22m[2mFeature: admin-system-health-fixes, Property 3: Settings Authentication Requirement[2m > [22m[2mProperty: Non-admin users are rejected (Requirement 2.6)[2m > [22m[2mshould reject requests from non-admin users
[22m[39m[AUTH] Token verification failed: Access token verification failed

[90mstdout[2m | tests/property/admin-system-health-fixes/settings-auth.property.test.ts[2m > [22m[2mFeature: admin-system-health-fixes, Property 3: Settings Authentication Requirement[2m > [22m[2mProperty: Non-admin users are rejected (Requirement 2.6)[2m > [22m[2mshould reject requests from non-admin users
[22m[39m[AUTH] Token verification failed: Access token verification failed

[90mstdout[2m | tests/property/admin-system-health-fixes/settings-auth.property.test.ts[2m > [22m[2mFeature: admin-system-health-fixes, Property 3: Settings Authentication Requirement[2m > [22m[2mProperty: Non-admin users are rejected (Requirement 2.6)[2m > [22m[2mshould reject requests from non-admin users
[22m[39m[AUTH] Token verification failed: Access token verification failed

[90mstdout[2m | tests/property/admin-system-health-fixes/settings-auth.property.test.ts[2m > [22m[2mFeature: admin-system-health-fixes, Property 3: Settings Authentication Requirement[2m > [22m[2mProperty: Non-admin users are rejected (Requirement 2.6)[2m > [22m[2mshould reject requests from non-admin users
[22m[39m[AUTH] Token verification failed: Access token verification failed

[90mstdout[2m | tests/property/admin-system-health-fixes/settings-auth.property.test.ts[2m > [22m[2mFeature: admin-system-health-fixes, Property 3: Settings Authentication Requirement[2m > [22m[2mProperty: Non-admin users are rejected (Requirement 2.6)[2m > [22m[2mshould reject requests from non-admin users
[22m[39m[AUTH] Token verification failed: Access token verification failed

[90mstdout[2m | tests/property/admin-system-health-fixes/settings-auth.property.test.ts[2m > [22m[2mFeature: admin-system-health-fixes, Property 3: Settings Authentication Requirement[2m > [22m[2mProperty: Non-admin users are rejected (Requirement 2.6)[2m > [22m[2mshould reject requests from non-admin users
[22m[39m[AUTH] Token verification failed: Access token verification failed

[90mstdout[2m | tests/property/admin-system-health-fixes/settings-auth.property.test.ts[2m > [22m[2mFeature: admin-system-health-fixes, Property 3: Settings Authentication Requirement[2m > [22m[2mProperty: Non-admin users are rejected (Requirement 2.6)[2m > [22m[2mshould reject requests from non-admin users
[22m[39m[AUTH] Token verification failed: Access token verification failed

[90mstdout[2m | tests/property/admin-system-health-fixes/settings-auth.property.test.ts[2m > [22m[2mFeature: admin-system-health-fixes, Property 3: Settings Authentication Requirement[2m > [22m[2mProperty: Non-admin users are rejected (Requirement 2.6)[2m > [22m[2mshould reject requests from non-admin users
[22m[39m[AUTH] Token verification failed: Access token verification failed

[90mstdout[2m | tests/property/admin-system-health-fixes/settings-auth.property.test.ts[2m > [22m[2mFeature: admin-system-health-fixes, Property 3: Settings Authentication Requirement[2m > [22m[2mProperty: Non-admin users are rejected (Requirement 2.6)[2m > [22m[2mshould reject requests from non-admin users
[22m[39m[AUTH] Token verification failed: Access token verification failed

[90mstdout[2m | tests/property/admin-system-health-fixes/settings-auth.property.test.ts[2m > [22m[2mFeature: admin-system-health-fixes, Property 3: Settings Authentication Requirement[2m > [22m[2mProperty: Non-admin users are rejected (Requirement 2.6)[2m > [22m[2mshould reject requests from non-admin users
[22m[39m[AUTH] Token verification failed: Access token verification failed

[90mstdout[2m | tests/property/admin-system-health-fixes/settings-auth.property.test.ts[2m > [22m[2mFeature: admin-system-health-fixes, Property 3: Settings Authentication Requirement[2m > [22m[2mProperty: Non-admin users are rejected (Requirement 2.6)[2m > [22m[2mshould reject requests from non-admin users
[22m[39m[AUTH] Token verification failed: Access token verification failed

[90mstdout[2m | tests/property/admin-system-health-fixes/settings-auth.property.test.ts[2m > [22m[2mFeature: admin-system-health-fixes, Property 3: Settings Authentication Requirement[2m > [22m[2mProperty: Non-admin users are rejected (Requirement 2.6)[2m > [22m[2mshould reject requests from non-admin users
[22m[39m[AUTH] Token verification failed: Access token verification failed

[90mstdout[2m | tests/property/admin-system-health-fixes/settings-auth.property.test.ts[2m > [22m[2mFeature: admin-system-health-fixes, Property 3: Settings Authentication Requirement[2m > [22m[2mProperty: Non-admin users are rejected (Requirement 2.6)[2m > [22m[2mshould reject requests from non-admin users
[22m[39m[AUTH] Token verification failed: Access token verification failed

[90mstdout[2m | tests/property/admin-system-health-fixes/settings-auth.property.test.ts[2m > [22m[2mFeature: admin-system-health-fixes, Property 3: Settings Authentication Requirement[2m > [22m[2mProperty: Non-admin users are rejected (Requirement 2.6)[2m > [22m[2mshould reject requests from non-admin users
[22m[39m[AUTH] Token verification failed: Access token verification failed

[90mstdout[2m | tests/property/admin-system-health-fixes/settings-auth.property.test.ts[2m > [22m[2mFeature: admin-system-health-fixes, Property 3: Settings Authentication Requirement[2m > [22m[2mProperty: Non-admin users are rejected (Requirement 2.6)[2m > [22m[2mshould reject requests from non-admin users
[22m[39m[AUTH] Token verification failed: Access token verification failed

[90mstdout[2m | tests/property/admin-system-health-fixes/settings-auth.property.test.ts[2m > [22m[2mFeature: admin-system-health-fixes, Property 3: Settings Authentication Requirement[2m > [22m[2mProperty: Non-admin users are rejected (Requirement 2.6)[2m > [22m[2mshould reject requests from non-admin users
[22m[39m[AUTH] Token verification failed: Access token verification failed

[90mstdout[2m | tests/property/admin-system-health-fixes/settings-auth.property.test.ts[2m > [22m[2mFeature: admin-system-health-fixes, Property 3: Settings Authentication Requirement[2m > [22m[2mProperty: Non-admin users are rejected (Requirement 2.6)[2m > [22m[2mshould reject requests from non-admin users
[22m[39m[AUTH] Token verification failed: Access token verification failed

[90mstdout[2m | tests/property/admin-system-health-fixes/settings-auth.property.test.ts[2m > [22m[2mFeature: admin-system-health-fixes, Property 3: Settings Authentication Requirement[2m > [22m[2mProperty: Non-admin users are rejected (Requirement 2.6)[2m > [22m[2mshould reject requests from non-admin users
[22m[39m[AUTH] Token verification failed: Access token verification failed

[90mstdout[2m | tests/property/admin-system-health-fixes/settings-auth.property.test.ts[2m > [22m[2mFeature: admin-system-health-fixes, Property 3: Settings Authentication Requirement[2m > [22m[2mProperty: Non-admin users are rejected (Requirement 2.6)[2m > [22m[2mshould reject requests from non-admin users
[22m[39m[AUTH] Token verification failed: Access token verification failed

[90mstdout[2m | tests/property/admin-system-health-fixes/settings-auth.property.test.ts[2m > [22m[2mFeature: admin-system-health-fixes, Property 3: Settings Authentication Requirement[2m > [22m[2mProperty: Non-admin users are rejected (Requirement 2.6)[2m > [22m[2mshould reject requests from non-admin users
[22m[39m[AUTH] Token verification failed: Access token verification failed

[90mstdout[2m | tests/property/admin-system-health-fixes/settings-auth.property.test.ts[2m > [22m[2mFeature: admin-system-health-fixes, Property 3: Settings Authentication Requirement[2m > [22m[2mProperty: Non-admin users are rejected (Requirement 2.6)[2m > [22m[2mshould reject requests from non-admin users
[22m[39m[AUTH] Token verification failed: Access token verification failed

[90mstdout[2m | tests/property/admin-system-health-fixes/settings-auth.property.test.ts[2m > [22m[2mFeature: admin-system-health-fixes, Property 3: Settings Authentication Requirement[2m > [22m[2mProperty: Non-admin users are rejected (Requirement 2.6)[2m > [22m[2mshould reject requests from non-admin users
[22m[39m[AUTH] Token verification failed: Access token verification failed

[90mstdout[2m | tests/property/admin-system-health-fixes/settings-auth.property.test.ts[2m > [22m[2mFeature: admin-system-health-fixes, Property 3: Settings Authentication Requirement[2m > [22m[2mProperty: Non-admin users are rejected (Requirement 2.6)[2m > [22m[2mshould reject requests from non-admin users
[22m[39m[AUTH] Token verification failed: Access token verification failed

[90mstderr[2m | t
ests/property/admin
-system-health-fixe
s/settings-auth.pro
perty.test.ts[2m 
> 
[22m[2mFeature: a
dmin-system-health-
fixes, Property 3: 
Settings 
Authentication 
Requirement[2m > 
[22m[2mProperty: 
Non-admin users 
are rejected 
(Requirement 
2.6)[2m > 
[22m[2mshould 
reject requests 
from non-admin 
users
[22m[39m[ARCJET] 
WARNING: Running 
without Arcjet 
protection

[90mstderr[2m | t
ests/property/admin
-system-health-fixe
s/settings-auth.pro
perty.test.ts[2m 
> 
[22m[2mFeature: a
dmin-system-health-
fixes, Property 3: 
Settings 
Authentication 
Requirement[2m > 
[22m[2mProperty: 
Non-admin users 
are rejected 
(Requirement 
2.6)[2m > 
[22m[2mshould 
reject requests 
from non-admin 
users
[22m[39m[ARCJET] 
WARNING: Running 
without Arcjet 
protection

[90mstderr[2m | t
ests/property/admin
-system-health-fixe
s/settings-auth.pro
perty.test.ts[2m 
> 
[22m[2mFeature: a
dmin-system-health-
fixes, Property 3: 
Settings 
Authentication 
Requirement[2m > 
[22m[2mProperty: 
Non-admin users 
are rejected 
(Requirement 
2.6)[2m > 
[22m[2mshould 
reject requests 
from non-admin 
users
[22m[39m[ARCJET] 
WARNING: Running 
without Arcjet 
protection

[90mstderr[2m | t
ests/property/admin
-system-health-fixe
s/settings-auth.pro
perty.test.ts[2m 
> 
[22m[2mFeature: a
dmin-system-health-
fixes, Property 3: 
Settings 
Authentication 
Requirement[2m > 
[22m[2mProperty: 
Non-admin users 
are rejected 
(Requirement 
2.6)[2m > 
[22m[2mshould 
reject requests 
from non-admin 
users
[22m[39m[ARCJET] 
WARNING: Running 
without Arcjet 
protection

[90mstderr[2m | t
ests/property/admin
-system-health-fixe
s/settings-auth.pro
perty.test.ts[2m 
> 
[22m[2mFeature: a
dmin-system-health-
fixes, Property 3: 
Settings 
Authentication 
Requirement[2m > 
[22m[2mProperty: 
Non-admin users 
are rejected 
(Requirement 
2.6)[2m > 
[22m[2mshould 
reject requests 
from non-admin 
users
[22m[39m[ARCJET] 
WARNING: Running 
without Arcjet 
protection

[90mstderr[2m | t
ests/property/admin
-system-health-fixe
s/settings-auth.pro
perty.test.ts[2m 
> 
[22m[2mFeature: a
dmin-system-health-
fixes, Property 3: 
Settings 
Authentication 
Requirement[2m > 
[22m[2mProperty: 
Non-admin users 
are rejected 
(Requirement 
2.6)[2m > 
[22m[2mshould 
reject requests 
from non-admin 
users
[22m[39m[ARCJET] 
WARNING: Running 
without Arcjet 
protection

[90mstderr[2m | t
ests/property/admin
-system-health-fixe
s/settings-auth.pro
perty.test.ts[2m 
> 
[22m[2mFeature: a
dmin-system-health-
fixes, Property 3: 
Settings 
Authentication 
Requirement[2m > 
[22m[2mProperty: 
Non-admin users 
are rejected 
(Requirement 
2.6)[2m > 
[22m[2mshould 
reject requests 
from non-admin 
users
[22m[39m[ARCJET] 
WARNING: Running 
without Arcjet 
protection

[90mstderr[2m | t
ests/property/admin
-system-health-fixe
s/settings-auth.pro
perty.test.ts[2m 
> 
[22m[2mFeature: a
dmin-system-health-
fixes, Property 3: 
Settings 
Authentication 
Requirement[2m > 
[22m[2mProperty: 
Non-admin users 
are rejected 
(Requirement 
2.6)[2m > 
[22m[2mshould 
reject requests 
from non-admin 
users
[22m[39m[ARCJET] 
WARNING: Running 
without Arcjet 
protection

[90mstderr[2m | t
ests/property/admin
-system-health-fixe
s/settings-auth.pro
perty.test.ts[2m 
> 
[22m[2mFeature: a
dmin-system-health-
fixes, Property 3: 
Settings 
Authentication 
Requirement[2m > 
[22m[2mProperty: 
Non-admin users 
are rejected 
(Requirement 
2.6)[2m > 
[22m[2mshould 
reject requests 
from non-admin 
users
[22m[39m[ARCJET] 
WARNING: Running 
without Arcjet 
protection

[90mstderr[2m | t
ests/property/admin
-system-health-fixe
s/settings-auth.pro
perty.test.ts[2m 
> 
[22m[2mFeature: a
dmin-system-health-
fixes, Property 3: 
Settings 
Authentication 
Requirement[2m > 
[22m[2mProperty: 
Non-admin users 
are rejected 
(Requirement 
2.6)[2m > 
[22m[2mshould 
reject requests 
from non-admin 
users
[22m[39m[ARCJET] 
WARNING: Running 
without Arcjet 
protection

[90mstderr[2m | t
ests/property/admin
-system-health-fixe
s/settings-auth.pro
perty.test.ts[2m 
> 
[22m[2mFeature: a
dmin-system-health-
fixes, Property 3: 
Settings 
Authentication 
Requirement[2m > 
[22m[2mProperty: 
Non-admin users 
are rejected 
(Requirement 
2.6)[2m > 
[22m[2mshould 
reject requests 
from non-admin 
users
[22m[39m[ARCJET] 
WARNING: Running 
without Arcjet 
protection

[90mstderr[2m | t
ests/property/admin
-system-health-fixe
s/settings-auth.pro
perty.test.ts[2m 
> 
[22m[2mFeature: a
dmin-system-health-
fixes, Property 3: 
Settings 
Authentication 
Requirement[2m > 
[22m[2mProperty: 
Non-admin users 
are rejected 
(Requirement 
2.6)[2m > 
[22m[2mshould 
reject requests 
from non-admin 
users
[22m[39m[ARCJET] 
WARNING: Running 
without Arcjet 
protection

[90mstderr[2m | t
ests/property/admin
-system-health-fixe
s/settings-auth.pro
perty.test.ts[2m 
> 
[22m[2mFeature: a
dmin-system-health-
fixes, Property 3: 
Settings 
Authentication 
Requirement[2m > 
[22m[2mProperty: 
Non-admin users 
are rejected 
(Requirement 
2.6)[2m > 
[22m[2mshould 
reject requests 
from non-admin 
users
[22m[39m[ARCJET] 
WARNING: Running 
without Arcjet 
protection

[90mstderr[2m | t
ests/property/admin
-system-health-fixe
s/settings-auth.pro
perty.test.ts[2m 
> 
[22m[2mFeature: a
dmin-system-health-
fixes, Property 3: 
Settings 
Authentication 
Requirement[2m > 
[22m[2mProperty: 
Non-admin users 
are rejected 
(Requirement 
2.6)[2m > 
[22m[2mshould 
reject requests 
from non-admin 
users
[22m[39m[ARCJET] 
WARNING: Running 
without Arcjet 
protection

[90mstderr[2m | t
ests/property/admin
-system-health-fixe
s/settings-auth.pro
perty.test.ts[2m 
> 
[22m[2mFeature: a
dmin-system-health-
fixes, Property 3: 
Settings 
Authentication 
Requirement[2m > 
[22m[2mProperty: 
Non-admin users 
are rejected 
(Requirement 
2.6)[2m > 
[22m[2mshould 
reject requests 
from non-admin 
users
[22m[39m[ARCJET] 
WARNING: Running 
without Arcjet 
protection

[90mstderr[2m | t
ests/property/admin
-system-health-fixe
s/settings-auth.pro
perty.test.ts[2m 
> 
[22m[2mFeature: a
dmin-system-health-
fixes, Property 3: 
Settings 
Authentication 
Requirement[2m > 
[22m[2mProperty: 
Non-admin users 
are rejected 
(Requirement 
2.6)[2m > 
[22m[2mshould 
reject requests 
from non-admin 
users
[22m[39m[ARCJET] 
WARNING: Running 
without Arcjet 
protection

[90mstderr[2m | t
ests/property/admin
-system-health-fixe
s/settings-auth.pro
perty.test.ts[2m 
> 
[22m[2mFeature: a
dmin-system-health-
fixes, Property 3: 
Settings 
Authentication 
Requirement[2m > 
[22m[2mProperty: 
Non-admin users 
are rejected 
(Requirement 
2.6)[2m > 
[22m[2mshould 
reject requests 
from non-admin 
users
[22m[39m[ARCJET] 
WARNING: Running 
without Arcjet 
protection

[90mstderr[2m | t
ests/property/admin
-system-health-fixe
s/settings-auth.pro
perty.test.ts[2m 
> 
[22m[2mFeature: a
dmin-system-health-
fixes, Property 3: 
Settings 
Authentication 
Requirement[2m > 
[22m[2mProperty: 
Non-admin users 
are rejected 
(Requirement 
2.6)[2m > 
[22m[2mshould 
reject requests 
from non-admin 
users
[22m[39m[ARCJET] 
WARNING: Running 
without Arcjet 
protection

[90mstderr[2m | t
ests/property/admin
-system-health-fixe
s/settings-auth.pro
perty.test.ts[2m 
> 
[22m[2mFeature: a
dmin-system-health-
fixes, Property 3: 
Settings 
Authentication 
Requirement[2m > 
[22m[2mProperty: 
Non-admin users 
are rejected 
(Requirement 
2.6)[2m > 
[22m[2mshould 
reject requests 
from non-admin 
users
[22m[39m[ARCJET] 
WARNING: Running 
without Arcjet 
protection

[90mstderr[2m | t
ests/property/admin
-system-health-fixe
s/settings-auth.pro
perty.test.ts[2m 
> 
[22m[2mFeature: a
dmin-system-health-
fixes, Property 3: 
Settings 
Authentication 
Requirement[2m > 
[22m[2mProperty: 
Non-admin users 
are rejected 
(Requirement 
2.6)[2m > 
[22m[2mshould 
reject requests 
from non-admin 
users
[22m[39m[ARCJET] 
WARNING: Running 
without Arcjet 
protection

[90mstderr[2m | t
ests/property/admin
-system-health-fixe
s/settings-auth.pro
perty.test.ts[2m 
> 
[22m[2mFeature: a
dmin-system-health-
fixes, Property 3: 
Settings 
Authentication 
Requirement[2m > 
[22m[2mProperty: 
Non-admin users 
are rejected 
(Requirement 
2.6)[2m > 
[22m[2mshould 
reject requests 
from non-admin 
users
[22m[39m[ARCJET] 
WARNING: Running 
without Arcjet 
protection

[90mstderr[2m | t
ests/property/admin
-system-health-fixe
s/settings-auth.pro
perty.test.ts[2m 
> 
[22m[2mFeature: a
dmin-system-health-
fixes, Property 3: 
Settings 
Authentication 
Requirement[2m > 
[22m[2mProperty: 
Non-admin users 
are rejected 
(Requirement 
2.6)[2m > 
[22m[2mshould 
reject requests 
from non-admin 
users
[22m[39m[ARCJET] 
WARNING: Running 
without Arcjet 
protection

[90mstderr[2m | t
ests/property/admin
-system-health-fixe
s/settings-auth.pro
perty.test.ts[2m 
> 
[22m[2mFeature: a
dmin-system-health-
fixes, Property 3: 
Settings 
Authentication 
Requirement[2m > 
[22m[2mProperty: 
Non-admin users 
are rejected 
(Requirement 
2.6)[2m > 
[22m[2mshould 
reject requests 
from non-admin 
users
[22m[39m[ARCJET] 
WARNING: Running 
without Arcjet 
protection

[90mstdout[2m | tests/property/admin-system-health-fixes/settings-auth.property.test.ts[2m > [22m[2mFeature: admin-system-health-fixes, Property 3: Settings Authentication Requirement[2m > [22m[2mProperty: Non-admin users are rejected (Requirement 2.6)[2m > [22m[2mshould reject requests from non-admin users
[22m[39m[AUTH] Token verification failed: Access token verification failed

[90mstdout[2m | tests/property/admin-system-health-fixes/settings-auth.property.test.ts[2m > [22m[2mFeature: admin-system-health-fixes, Property 3: Settings Authentication Requirement[2m > [22m[2mProperty: Non-admin users are rejected (Requirement 2.6)[2m > [22m[2mshould reject requests from non-admin users
[22m[39m[AUTH] Token verification failed: Access token verification failed

[90mstdout[2m | tests/property/admin-system-health-fixes/settings-auth.property.test.ts[2m > [22m[2mFeature: admin-system-health-fixes, Property 3: Settings Authentication Requirement[2m > [22m[2mProperty: Non-admin users are rejected (Requirement 2.6)[2m > [22m[2mshould reject requests from non-admin users
[22m[39m[AUTH] Token verification failed: Access token verification failed

[90mstdout[2m | tests/property/admin-system-health-fixes/settings-auth.property.test.ts[2m > [22m[2mFeature: admin-system-health-fixes, Property 3: Settings Authentication Requirement[2m > [22m[2mProperty: Non-admin users are rejected (Requirement 2.6)[2m > [22m[2mshould reject requests from non-admin users
[22m[39m[AUTH] Token verification failed: Access token verification failed

[90mstdout[2m | tests/property/admin-system-health-fixes/settings-auth.property.test.ts[2m > [22m[2mFeature: admin-system-health-fixes, Property 3: Settings Authentication Requirement[2m > [22m[2mProperty: Non-admin users are rejected (Requirement 2.6)[2m > [22m[2mshould reject requests from non-admin users
[22m[39m[AUTH] Token verification failed: Access token verification failed

[90mstdout[2m | tests/property/admin-system-health-fixes/settings-auth.property.test.ts[2m > [22m[2mFeature: admin-system-health-fixes, Property 3: Settings Authentication Requirement[2m > [22m[2mProperty: Non-admin users are rejected (Requirement 2.6)[2m > [22m[2mshould reject requests from non-admin users
[22m[39m[AUTH] Token verification failed: Access token verification failed

[90mstdout[2m | tests/property/admin-system-health-fixes/settings-auth.property.test.ts[2m > [22m[2mFeature: admin-system-health-fixes, Property 3: Settings Authentication Requirement[2m > [22m[2mProperty: Non-admin users are rejected (Requirement 2.6)[2m > [22m[2mshould reject requests from non-admin users
[22m[39m[AUTH] Token verification failed: Access token verification failed

[90mstdout[2m | tests/property/admin-system-health-fixes/settings-auth.property.test.ts[2m > [22m[2mFeature: admin-system-health-fixes, Property 3: Settings Authentication Requirement[2m > [22m[2mProperty: Non-admin users are rejected (Requirement 2.6)[2m > [22m[2mshould reject requests from non-admin users
[22m[39m[AUTH] Token verification failed: Access token verification failed

[90mstdout[2m | tests/property/admin-system-health-fixes/settings-auth.property.test.ts[2m > [22m[2mFeature: admin-system-health-fixes, Property 3: Settings Authentication Requirement[2m > [22m[2mProperty: Non-admin users are rejected (Requirement 2.6)[2m > [22m[2mshould reject requests from non-admin users
[22m[39m[AUTH] Token verification failed: Access token verification failed

[90mstdout[2m | tests/property/admin-system-health-fixes/settings-auth.property.test.ts[2m > [22m[2mFeature: admin-system-health-fixes, Property 3: Settings Authentication Requirement[2m > [22m[2mProperty: Non-admin users are rejected (Requirement 2.6)[2m > [22m[2mshould reject requests from non-admin users
[22m[39m[AUTH] Token verification failed: Access token verification failed

[90mstdout[2m | tests/property/admin-system-health-fixes/settings-auth.property.test.ts[2m > [22m[2mFeature: admin-system-health-fixes, Property 3: Settings Authentication Requirement[2m > [22m[2mProperty: Non-admin users are rejected (Requirement 2.6)[2m > [22m[2mshould reject requests from non-admin users
[22m[39m[AUTH] Token verification failed: Access token verification failed

[90mstdout[2m | tests/property/admin-system-health-fixes/settings-auth.property.test.ts[2m > [22m[2mFeature: admin-system-health-fixes, Property 3: Settings Authentication Requirement[2m > [22m[2mProperty: Non-admin users are rejected (Requirement 2.6)[2m > [22m[2mshould reject requests from non-admin users
[22m[39m[AUTH] Token verification failed: Access token verification failed

[90mstdout[2m | tests/property/admin-system-health-fixes/settings-auth.property.test.ts[2m > [22m[2mFeature: admin-system-health-fixes, Property 3: Settings Authentication Requirement[2m > [22m[2mProperty: Non-admin users are rejected (Requirement 2.6)[2m > [22m[2mshould reject requests from non-admin users
[22m[39m[AUTH] Token verification failed: Access token verification failed

[90mstdout[2m | tests/property/admin-system-health-fixes/settings-auth.property.test.ts[2m > [22m[2mFeature: admin-system-health-fixes, Property 3: Settings Authentication Requirement[2m > [22m[2mProperty: Non-admin users are rejected (Requirement 2.6)[2m > [22m[2mshould reject requests from non-admin users
[22m[39m[AUTH] Token verification failed: Access token verification failed

[90mstdout[2m | tests/property/admin-system-health-fixes/settings-auth.property.test.ts[2m > [22m[2mFeature: admin-system-health-fixes, Property 3: Settings Authentication Requirement[2m > [22m[2mProperty: Non-admin users are rejected (Requirement 2.6)[2m > [22m[2mshould reject requests from non-admin users
[22m[39m[AUTH] Token verification failed: Access token verification failed

[90mstdout[2m | tests/property/admin-system-health-fixes/settings-auth.property.test.ts[2m > [22m[2mFeature: admin-system-health-fixes, Property 3: Settings Authentication Requirement[2m > [22m[2mProperty: Non-admin users are rejected (Requirement 2.6)[2m > [22m[2mshould reject requests from non-admin users
[22m[39m[AUTH] Token verification failed: Access token verification failed

[90mstdout[2m | tests/property/admin-system-health-fixes/settings-auth.property.test.ts[2m > [22m[2mFeature: admin-system-health-fixes, Property 3: Settings Authentication Requirement[2m > [22m[2mProperty: Non-admin users are rejected (Requirement 2.6)[2m > [22m[2mshould reject requests from non-admin users
[22m[39m[AUTH] Token verification failed: Access token verification failed

[90mstdout[2m | tests/property/admin-system-health-fixes/settings-auth.property.test.ts[2m > [22m[2mFeature: admin-system-health-fixes, Property 3: Settings Authentication Requirement[2m > [22m[2mProperty: Non-admin users are rejected (Requirement 2.6)[2m > [22m[2mshould reject requests from non-admin users
[22m[39m[AUTH] Token verification failed: Access token verification failed

[90mstdout[2m | tests/property/admin-system-health-fixes/settings-auth.property.test.ts[2m > [22m[2mFeature: admin-system-health-fixes, Property 3: Settings Authentication Requirement[2m > [22m[2mProperty: Non-admin users are rejected (Requirement 2.6)[2m > [22m[2mshould reject requests from non-admin users
[22m[39m[AUTH] Token verification failed: Access token verification failed

[90mstdout[2m | tests/property/admin-system-health-fixes/settings-auth.property.test.ts[2m > [22m[2mFeature: admin-system-health-fixes, Property 3: Settings Authentication Requirement[2m > [22m[2mProperty: Non-admin users are rejected (Requirement 2.6)[2m > [22m[2mshould reject requests from non-admin users
[22m[39m[AUTH] Token verification failed: Access token verification failed

[90mstdout[2m | tests/property/admin-system-health-fixes/settings-auth.property.test.ts[2m > [22m[2mFeature: admin-system-health-fixes, Property 3: Settings Authentication Requirement[2m > [22m[2mProperty: Non-admin users are rejected (Requirement 2.6)[2m > [22m[2mshould reject requests from non-admin users
[22m[39m[AUTH] Token verification failed: Access token verification failed

[90mstdout[2m | tests/property/admin-system-health-fixes/settings-auth.property.test.ts[2m > [22m[2mFeature: admin-system-health-fixes, Property 3: Settings Authentication Requirement[2m > [22m[2mProperty: Non-admin users are rejected (Requirement 2.6)[2m > [22m[2mshould reject requests from non-admin users
[22m[39m[AUTH] Token verification failed: Access token verification failed

[90mstdout[2m | tests/property/admin-system-health-fixes/settings-auth.property.test.ts[2m > [22m[2mFeature: admin-system-health-fixes, Property 3: Settings Authentication Requirement[2m > [22m[2mProperty: Non-admin users are rejected (Requirement 2.6)[2m > [22m[2mshould reject requests from non-admin users
[22m[39m[AUTH] Token verification failed: Access token verification failed

[90mstderr[2m | t
ests/property/admin
-system-health-fixe
s/settings-auth.pro
perty.test.ts[2m 
> 
[22m[2mFeature: a
dmin-system-health-
fixes, Property 3: 
Settings 
Authentication 
Requirement[2m > 
[22m[2mProperty: 
Non-admin users 
are rejected 
(Requirement 
2.6)[2m > 
[22m[2mshould 
reject requests 
from non-admin 
users
[22m[39m[ARCJET] 
WARNING: Running 
without Arcjet 
protection

[90mstderr[2m | t
ests/property/admin
-system-health-fixe
s/settings-auth.pro
perty.test.ts[2m 
> 
[22m[2mFeature: a
dmin-system-health-
fixes, Property 3: 
Settings 
Authentication 
Requirement[2m > 
[22m[2mProperty: 
Non-admin users 
are rejected 
(Requirement 
2.6)[2m > 
[22m[2mshould 
reject requests 
from non-admin 
users
[22m[39m[ARCJET] 
WARNING: Running 
without Arcjet 
protection

[90mstderr[2m | t
ests/property/admin
-system-health-fixe
s/settings-auth.pro
perty.test.ts[2m 
> 
[22m[2mFeature: a
dmin-system-health-
fixes, Property 3: 
Settings 
Authentication 
Requirement[2m > 
[22m[2mProperty: 
Non-admin users 
are rejected 
(Requirement 
2.6)[2m > 
[22m[2mshould 
reject requests 
from non-admin 
users
[22m[39m[ARCJET] 
WARNING: Running 
without Arcjet 
protection

[90mstderr[2m | t
ests/property/admin
-system-health-fixe
s/settings-auth.pro
perty.test.ts[2m 
> 
[22m[2mFeature: a
dmin-system-health-
fixes, Property 3: 
Settings 
Authentication 
Requirement[2m > 
[22m[2mProperty: 
Non-admin users 
are rejected 
(Requirement 
2.6)[2m > 
[22m[2mshould 
reject requests 
from non-admin 
users
[22m[39m[ARCJET] 
WARNING: Running 
without Arcjet 
protection

[90mstderr[2m | t
ests/property/admin
-system-health-fixe
s/settings-auth.pro
perty.test.ts[2m 
> 
[22m[2mFeature: a
dmin-system-health-
fixes, Property 3: 
Settings 
Authentication 
Requirement[2m > 
[22m[2mProperty: 
Non-admin users 
are rejected 
(Requirement 
2.6)[2m > 
[22m[2mshould 
reject requests 
from non-admin 
users
[22m[39m[ARCJET] 
WARNING: Running 
without Arcjet 
protection

[90mstderr[2m | t
ests/property/admin
-system-health-fixe
s/settings-auth.pro
perty.test.ts[2m 
> 
[22m[2mFeature: a
dmin-system-health-
fixes, Property 3: 
Settings 
Authentication 
Requirement[2m > 
[22m[2mProperty: 
Non-admin users 
are rejected 
(Requirement 
2.6)[2m > 
[22m[2mshould 
reject requests 
from non-admin 
users
[22m[39m[ARCJET] 
WARNING: Running 
without Arcjet 
protection

[90mstderr[2m | t
ests/property/admin
-system-health-fixe
s/settings-auth.pro
perty.test.ts[2m 
> 
[22m[2mFeature: a
dmin-system-health-
fixes, Property 3: 
Settings 
Authentication 
Requirement[2m > 
[22m[2mProperty: 
Non-admin users 
are rejected 
(Requirement 
2.6)[2m > 
[22m[2mshould 
reject requests 
from non-admin 
users
[22m[39m[ARCJET] 
WARNING: Running 
without Arcjet 
protection

[90mstderr[2m | t
ests/property/admin
-system-health-fixe
s/settings-auth.pro
perty.test.ts[2m 
> 
[22m[2mFeature: a
dmin-system-health-
fixes, Property 3: 
Settings 
Authentication 
Requirement[2m > 
[22m[2mProperty: 
Non-admin users 
are rejected 
(Requirement 
2.6)[2m > 
[22m[2mshould 
reject requests 
from non-admin 
users
[22m[39m[ARCJET] 
WARNING: Running 
without Arcjet 
protection

[90mstderr[2m | t
ests/property/admin
-system-health-fixe
s/settings-auth.pro
perty.test.ts[2m 
> 
[22m[2mFeature: a
dmin-system-health-
fixes, Property 3: 
Settings 
Authentication 
Requirement[2m > 
[22m[2mProperty: 
Non-admin users 
are rejected 
(Requirement 
2.6)[2m > 
[22m[2mshould 
reject requests 
from non-admin 
users
[22m[39m[ARCJET] 
WARNING: Running 
without Arcjet 
protection

[90mstderr[2m | t
ests/property/admin
-system-health-fixe
s/settings-auth.pro
perty.test.ts[2m 
> 
[22m[2mFeature: a
dmin-system-health-
fixes, Property 3: 
Settings 
Authentication 
Requirement[2m > 
[22m[2mProperty: 
Non-admin users 
are rejected 
(Requirement 
2.6)[2m > 
[22m[2mshould 
reject requests 
from non-admin 
users
[22m[39m[ARCJET] 
WARNING: Running 
without Arcjet 
protection

[90mstderr[2m | t
ests/property/admin
-system-health-fixe
s/settings-auth.pro
perty.test.ts[2m 
> 
[22m[2mFeature: a
dmin-system-health-
fixes, Property 3: 
Settings 
Authentication 
Requirement[2m > 
[22m[2mProperty: 
Non-admin users 
are rejected 
(Requirement 
2.6)[2m > 
[22m[2mshould 
reject requests 
from non-admin 
users
[22m[39m[ARCJET] 
WARNING: Running 
without Arcjet 
protection

[90mstderr[2m | t
ests/property/admin
-system-health-fixe
s/settings-auth.pro
perty.test.ts[2m 
> 
[22m[2mFeature: a
dmin-system-health-
fixes, Property 3: 
Settings 
Authentication 
Requirement[2m > 
[22m[2mProperty: 
Non-admin users 
are rejected 
(Requirement 
2.6)[2m > 
[22m[2mshould 
reject requests 
from non-admin 
users
[22m[39m[ARCJET] 
WARNING: Running 
without Arcjet 
protection

[90mstderr[2m | t
ests/property/admin
-system-health-fixe
s/settings-auth.pro
perty.test.ts[2m 
> 
[22m[2mFeature: a
dmin-system-health-
fixes, Property 3: 
Settings 
Authentication 
Requirement[2m > 
[22m[2mProperty: 
Non-admin users 
are rejected 
(Requirement 
2.6)[2m > 
[22m[2mshould 
reject requests 
from non-admin 
users
[22m[39m[ARCJET] 
WARNING: Running 
without Arcjet 
protection

[90mstderr[2m | t
ests/property/admin
-system-health-fixe
s/settings-auth.pro
perty.test.ts[2m 
> 
[22m[2mFeature: a
dmin-system-health-
fixes, Property 3: 
Settings 
Authentication 
Requirement[2m > 
[22m[2mProperty: 
Non-admin users 
are rejected 
(Requirement 
2.6)[2m > 
[22m[2mshould 
reject requests 
from non-admin 
users
[22m[39m[ARCJET] 
WARNING: Running 
without Arcjet 
protection

[90mstderr[2m | t
ests/property/admin
-system-health-fixe
s/settings-auth.pro
perty.test.ts[2m 
> 
[22m[2mFeature: a
dmin-system-health-
fixes, Property 3: 
Settings 
Authentication 
Requirement[2m > 
[22m[2mProperty: 
Non-admin users 
are rejected 
(Requirement 
2.6)[2m > 
[22m[2mshould 
reject requests 
from non-admin 
users
[22m[39m[ARCJET] 
WARNING: Running 
without Arcjet 
protection

[90mstderr[2m | t
ests/property/admin
-system-health-fixe
s/settings-auth.pro
perty.test.ts[2m 
> 
[22m[2mFeature: a
dmin-system-health-
fixes, Property 3: 
Settings 
Authentication 
Requirement[2m > 
[22m[2mProperty: 
Non-admin users 
are rejected 
(Requirement 
2.6)[2m > 
[22m[2mshould 
reject requests 
from non-admin 
users
[22m[39m[ARCJET] 
WARNING: Running 
without Arcjet 
protection

[90mstderr[2m | t
ests/property/admin
-system-health-fixe
s/settings-auth.pro
perty.test.ts[2m 
> 
[22m[2mFeature: a
dmin-system-health-
fixes, Property 3: 
Settings 
Authentication 
Requirement[2m > 
[22m[2mProperty: 
Non-admin users 
are rejected 
(Requirement 
2.6)[2m > 
[22m[2mshould 
reject requests 
from non-admin 
users
[22m[39m[ARCJET] 
WARNING: Running 
without Arcjet 
protection

[90mstderr[2m | t
ests/property/admin
-system-health-fixe
s/settings-auth.pro
perty.test.ts[2m 
> 
[22m[2mFeature: a
dmin-system-health-
fixes, Property 3: 
Settings 
Authentication 
Requirement[2m > 
[22m[2mProperty: 
Non-admin users 
are rejected 
(Requirement 
2.6)[2m > 
[22m[2mshould 
reject requests 
from non-admin 
users
[22m[39m[ARCJET] 
WARNING: Running 
without Arcjet 
protection

[90mstderr[2m | t
ests/property/admin
-system-health-fixe
s/settings-auth.pro
perty.test.ts[2m 
> 
[22m[2mFeature: a
dmin-system-health-
fixes, Property 3: 
Settings 
Authentication 
Requirement[2m > 
[22m[2mProperty: 
Non-admin users 
are rejected 
(Requirement 
2.6)[2m > 
[22m[2mshould 
reject requests 
from non-admin 
users
[22m[39m[ARCJET] 
WARNING: Running 
without Arcjet 
protection

[90mstderr[2m | t
ests/property/admin
-system-health-fixe
s/settings-auth.pro
perty.test.ts[2m 
> 
[22m[2mFeature: a
dmin-system-health-
fixes, Property 3: 
Settings 
Authentication 
Requirement[2m > 
[22m[2mProperty: 
Non-admin users 
are rejected 
(Requirement 
2.6)[2m > 
[22m[2mshould 
reject requests 
from non-admin 
users
[22m[39m[ARCJET] 
WARNING: Running 
without Arcjet 
protection

[90mstderr[2m | t
ests/property/admin
-system-health-fixe
s/settings-auth.pro
perty.test.ts[2m 
> 
[22m[2mFeature: a
dmin-system-health-
fixes, Property 3: 
Settings 
Authentication 
Requirement[2m > 
[22m[2mProperty: 
Non-admin users 
are rejected 
(Requirement 
2.6)[2m > 
[22m[2mshould 
reject requests 
from non-admin 
users
[22m[39m[ARCJET] 
WARNING: Running 
without Arcjet 
protection

[90mstderr[2m | t
ests/property/admin
-system-health-fixe
s/settings-auth.pro
perty.test.ts[2m 
> 
[22m[2mFeature: a
dmin-system-health-
fixes, Property 3: 
Settings 
Authentication 
Requirement[2m > 
[22m[2mProperty: 
Non-admin users 
are rejected 
(Requirement 
2.6)[2m > 
[22m[2mshould 
reject requests 
from non-admin 
users
[22m[39m[ARCJET] 
WARNING: Running 
without Arcjet 
protection

[90mstderr[2m | t
ests/property/admin
-system-health-fixe
s/settings-auth.pro
perty.test.ts[2m 
> 
[22m[2mFeature: a
dmin-system-health-
fixes, Property 3: 
Settings 
Authentication 
Requirement[2m > 
[22m[2mProperty: 
Non-admin users 
are rejected 
(Requirement 
2.6)[2m > 
[22m[2mshould 
reject requests 
from non-admin 
users
[22m[39m[ARCJET] 
WARNING: Running 
without Arcjet 
protection

[90mstdout[2m | tests/property/admin-system-health-fixes/settings-auth.property.test.ts[2m > [22m[2mFeature: admin-system-health-fixes, Property 3: Settings Authentication Requirement[2m > [22m[2mProperty: Non-admin users are rejected (Requirement 2.6)[2m > [22m[2mshould reject requests from non-admin users
[22m[39m[AUTH] Token verification failed: Access token verification failed

[90mstdout[2m | tests/property/admin-system-health-fixes/settings-auth.property.test.ts[2m > [22m[2mFeature: admin-system-health-fixes, Property 3: Settings Authentication Requirement[2m > [22m[2mProperty: Non-admin users are rejected (Requirement 2.6)[2m > [22m[2mshould reject requests from non-admin users
[22m[39m[AUTH] Token verification failed: Access token verification failed

[90mstdout[2m | tests/property/admin-system-health-fixes/settings-auth.property.test.ts[2m > [22m[2mFeature: admin-system-health-fixes, Property 3: Settings Authentication Requirement[2m > [22m[2mProperty: Non-admin users are rejected (Requirement 2.6)[2m > [22m[2mshould reject requests from non-admin users
[22m[39m[AUTH] Token verification failed: Access token verification failed

[90mstdout[2m | tests/property/admin-system-health-fixes/settings-auth.property.test.ts[2m > [22m[2mFeature: admin-system-health-fixes, Property 3: Settings Authentication Requirement[2m > [22m[2mProperty: Non-admin users are rejected (Requirement 2.6)[2m > [22m[2mshould reject requests from non-admin users
[22m[39m[AUTH] Token verification failed: Access token verification failed

[90mstdout[2m | tests/property/admin-system-health-fixes/settings-auth.property.test.ts[2m > [22m[2mFeature: admin-system-health-fixes, Property 3: Settings Authentication Requirement[2m > [22m[2mProperty: Non-admin users are rejected (Requirement 2.6)[2m > [22m[2mshould reject requests from non-admin users
[22m[39m[AUTH] Token verification failed: Access token verification failed

[90mstdout[2m | tests/property/admin-system-health-fixes/settings-auth.property.test.ts[2m > [22m[2mFeature: admin-system-health-fixes, Property 3: Settings Authentication Requirement[2m > [22m[2mProperty: Non-admin users are rejected (Requirement 2.6)[2m > [22m[2mshould reject requests from non-admin users
[22m[39m[AUTH] Token verification failed: Access token verification failed

[90mstdout[2m | tests/property/admin-system-health-fixes/settings-auth.property.test.ts[2m > [22m[2mFeature: admin-system-health-fixes, Property 3: Settings Authentication Requirement[2m > [22m[2mProperty: Non-admin users are rejected (Requirement 2.6)[2m > [22m[2mshould reject requests from non-admin users
[22m[39m[AUTH] Token verification failed: Access token verification failed

[90mstdout[2m | tests/property/admin-system-health-fixes/settings-auth.property.test.ts[2m > [22m[2mFeature: admin-system-health-fixes, Property 3: Settings Authentication Requirement[2m > [22m[2mProperty: Non-admin users are rejected (Requirement 2.6)[2m > [22m[2mshould reject requests from non-admin users
[22m[39m[AUTH] Token verification failed: Access token verification failed

[90mstdout[2m | tests/property/admin-system-health-fixes/settings-auth.property.test.ts[2m > [22m[2mFeature: admin-system-health-fixes, Property 3: Settings Authentication Requirement[2m > [22m[2mProperty: Non-admin users are rejected (Requirement 2.6)[2m > [22m[2mshould reject requests from non-admin users
[22m[39m[AUTH] Token verification failed: Access token verification failed

[90mstdout[2m | tests/property/admin-system-health-fixes/settings-auth.property.test.ts[2m > [22m[2mFeature: admin-system-health-fixes, Property 3: Settings Authentication Requirement[2m > [22m[2mProperty: Non-admin users are rejected (Requirement 2.6)[2m > [22m[2mshould reject requests from non-admin users
[22m[39m[AUTH] Token verification failed: Access token verification failed

[90mstdout[2m | tests/property/admin-system-health-fixes/settings-auth.property.test.ts[2m > [22m[2mFeature: admin-system-health-fixes, Property 3: Settings Authentication Requirement[2m > [22m[2mProperty: Non-admin users are rejected (Requirement 2.6)[2m > [22m[2mshould reject requests from non-admin users
[22m[39m[AUTH] Token verification failed: Access token verification failed

[90mstdout[2m | tests/property/admin-system-health-fixes/settings-auth.property.test.ts[2m > [22m[2mFeature: admin-system-health-fixes, Property 3: Settings Authentication Requirement[2m > [22m[2mProperty: Non-admin users are rejected (Requirement 2.6)[2m > [22m[2mshould reject requests from non-admin users
[22m[39m[AUTH] Token verification failed: Access token verification failed

[90mstdout[2m | tests/property/admin-system-health-fixes/settings-auth.property.test.ts[2m > [22m[2mFeature: admin-system-health-fixes, Property 3: Settings Authentication Requirement[2m > [22m[2mProperty: Non-admin users are rejected (Requirement 2.6)[2m > [22m[2mshould reject requests from non-admin users
[22m[39m[AUTH] Token verification failed: Access token verification failed

[90mstdout[2m | tests/property/admin-system-health-fixes/settings-auth.property.test.ts[2m > [22m[2mFeature: admin-system-health-fixes, Property 3: Settings Authentication Requirement[2m > [22m[2mProperty: Non-admin users are rejected (Requirement 2.6)[2m > [22m[2mshould reject requests from non-admin users
[22m[39m[AUTH] Token verification failed: Access token verification failed

[90mstdout[2m | tests/property/admin-system-health-fixes/settings-auth.property.test.ts[2m > [22m[2mFeature: admin-system-health-fixes, Property 3: Settings Authentication Requirement[2m > [22m[2mProperty: Non-admin users are rejected (Requirement 2.6)[2m > [22m[2mshould reject requests from non-admin users
[22m[39m[AUTH] Token verification failed: Access token verification failed

[90mstdout[2m | tests/property/admin-system-health-fixes/settings-auth.property.test.ts[2m > [22m[2mFeature: admin-system-health-fixes, Property 3: Settings Authentication Requirement[2m > [22m[2mProperty: Non-admin users are rejected (Requirement 2.6)[2m > [22m[2mshould reject requests from non-admin users
[22m[39m[AUTH] Token verification failed: Access token verification failed

[90mstdout[2m | tests/property/admin-system-health-fixes/settings-auth.property.test.ts[2m > [22m[2mFeature: admin-system-health-fixes, Property 3: Settings Authentication Requirement[2m > [22m[2mProperty: Non-admin users are rejected (Requirement 2.6)[2m > [22m[2mshould reject requests from non-admin users
[22m[39m[AUTH] Token verification failed: Access token verification failed

[90mstdout[2m | tests/property/admin-system-health-fixes/settings-auth.property.test.ts[2m > [22m[2mFeature: admin-system-health-fixes, Property 3: Settings Authentication Requirement[2m > [22m[2mProperty: Non-admin users are rejected (Requirement 2.6)[2m > [22m[2mshould reject requests from non-admin users
[22m[39m[AUTH] Token verification failed: Access token verification failed

[90mstdout[2m | tests/property/admin-system-health-fixes/settings-auth.property.test.ts[2m > [22m[2mFeature: admin-system-health-fixes, Property 3: Settings Authentication Requirement[2m > [22m[2mProperty: Non-admin users are rejected (Requirement 2.6)[2m > [22m[2mshould reject requests from non-admin users
[22m[39m[AUTH] Token verification failed: Access token verification failed

[90mstdout[2m | tests/property/admin-system-health-fixes/settings-auth.property.test.ts[2m > [22m[2mFeature: admin-system-health-fixes, Property 3: Settings Authentication Requirement[2m > [22m[2mProperty: Non-admin users are rejected (Requirement 2.6)[2m > [22m[2mshould reject requests from non-admin users
[22m[39m[AUTH] Token verification failed: Access token verification failed

 [32mΓ£ô[39m tests/property/admin-system-health-fixes/settings-auth.property.test.ts[2m > [22mFeature: admin-system-health-fixes, Property 3: Settings Authentication Requirement[2m > [22mProperty: All HTTP methods require authentication (Requirement 2.6)[2m > [22mshould reject any settings method without authentication[33m 307[2mms[22m[39m
[90mstdout[2m | tests/property/admin-system-health-fixes/settings-auth.property.test.ts[2m > [22m[2mFeature: admin-system-health-fixes, Property 3: Settings Authentication Requirement[2m > [22m[2mProperty: Error responses have consistent format[2m > [22m[2mshould return consistent error format for all auth failures
[22m[39m[AUTH] Token verification failed: Access token verification failed

[90mstderr[2m | t
ests/property/admin
-system-health-fixe
s/settings-auth.pro
perty.test.ts[2m 
> 
[22m[2mFeature: a
dmin-system-health-
fixes, Property 3: 
Settings 
Authentication 
Requirement[2m > 
[22m[2mProperty: 
Non-admin users 
are rejected 
(Requirement 
2.6)[2m > 
[22m[2mshould 
reject requests 
from non-admin 
users
[22m[39m[ARCJET] 
WARNING: Running 
without Arcjet 
protection

[90mstderr[2m | t
ests/property/admin
-system-health-fixe
s/settings-auth.pro
perty.test.ts[2m 
> 
[22m[2mFeature: a
dmin-system-health-
fixes, Property 3: 
Settings 
Authentication 
Requirement[2m > 
[22m[2mProperty: 
Non-admin users 
are rejected 
(Requirement 
2.6)[2m > 
[22m[2mshould 
reject requests 
from non-admin 
users
[22m[39m[ARCJET] 
WARNING: Running 
without Arcjet 
protection

[90mstderr[2m | t
ests/property/admin
-system-health-fixe
s/settings-auth.pro
perty.test.ts[2m 
> 
[22m[2mFeature: a
dmin-system-health-
fixes, Property 3: 
Settings 
Authentication 
Requirement[2m > 
[22m[2mProperty: 
Non-admin users 
are rejected 
(Requirement 
2.6)[2m > 
[22m[2mshould 
reject requests 
from non-admin 
users
[22m[39m[ARCJET] 
WARNING: Running 
without Arcjet 
protection

[90mstderr[2m | t
ests/property/admin
-system-health-fixe
s/settings-auth.pro
perty.test.ts[2m 
> 
[22m[2mFeature: a
dmin-system-health-
fixes, Property 3: 
Settings 
Authentication 
Requirement[2m > 
[22m[2mProperty: 
Non-admin users 
are rejected 
(Requirement 
2.6)[2m > 
[22m[2mshould 
reject requests 
from non-admin 
users
[22m[39m[ARCJET] 
WARNING: Running 
without Arcjet 
protection

[90mstderr[2m | t
ests/property/admin
-system-health-fixe
s/settings-auth.pro
perty.test.ts[2m 
> 
[22m[2mFeature: a
dmin-system-health-
fixes, Property 3: 
Settings 
Authentication 
Requirement[2m > 
[22m[2mProperty: 
Non-admin users 
are rejected 
(Requirement 
2.6)[2m > 
[22m[2mshould 
reject requests 
from non-admin 
users
[22m[39m[ARCJET] 
WARNING: Running 
without Arcjet 
protection

[90mstderr[2m | t
ests/property/admin
-system-health-fixe
s/settings-auth.pro
perty.test.ts[2m 
> 
[22m[2mFeature: a
dmin-system-health-
fixes, Property 3: 
Settings 
Authentication 
Requirement[2m > 
[22m[2mProperty: 
Non-admin users 
are rejected 
(Requirement 
2.6)[2m > 
[22m[2mshould 
reject requests 
from non-admin 
users
[22m[39m[ARCJET] 
WARNING: Running 
without Arcjet 
protection

[90mstderr[2m | t
ests/property/admin
-system-health-fixe
s/settings-auth.pro
perty.test.ts[2m 
> 
[22m[2mFeature: a
dmin-system-health-
fixes, Property 3: 
Settings 
Authentication 
Requirement[2m > 
[22m[2mProperty: 
Non-admin users 
are rejected 
(Requirement 
2.6)[2m > 
[22m[2mshould 
reject requests 
from non-admin 
users
[22m[39m[ARCJET] 
WARNING: Running 
without Arcjet 
protection

[90mstderr[2m | t
ests/property/admin
-system-health-fixe
s/settings-auth.pro
perty.test.ts[2m 
> 
[22m[2mFeature: a
dmin-system-health-
fixes, Property 3: 
Settings 
Authentication 
Requirement[2m > 
[22m[2mProperty: 
Non-admin users 
are rejected 
(Requirement 
2.6)[2m > 
[22m[2mshould 
reject requests 
from non-admin 
users
[22m[39m[ARCJET] 
WARNING: Running 
without Arcjet 
protection

[90mstderr[2m | t
ests/property/admin
-system-health-fixe
s/settings-auth.pro
perty.test.ts[2m 
> 
[22m[2mFeature: a
dmin-system-health-
fixes, Property 3: 
Settings 
Authentication 
Requirement[2m > 
[22m[2mProperty: 
Error responses 
have consistent 
format[2m > 
[22m[2mshould 
return consistent 
error format for 
all auth failures
[22m[39m[ARCJET] 
WARNING: Running 
without Arcjet 
protection

[90mstderr[2m | t
ests/property/admin
-system-health-fixe
s/settings-auth.pro
perty.test.ts[2m 
> 
[22m[2mFeature: a
dmin-system-health-
fixes, Property 3: 
Settings 
Authentication 
Requirement[2m > 
[22m[2mProperty: 
Error responses 
have consistent 
format[2m > 
[22m[2mshould 
return consistent 
error format for 
all auth failures
[22m[39m[ARCJET] 
WARNING: Running 
without Arcjet 
protection

[90mstderr[2m | t
ests/property/admin
-system-health-fixe
s/settings-auth.pro
perty.test.ts[2m 
> 
[22m[2mFeature: a
dmin-system-health-
fixes, Property 3: 
Settings 
Authentication 
Requirement[2m > 
[22m[2mProperty: 
Error responses 
have consistent 
format[2m > 
[22m[2mshould 
return consistent 
error format for 
all auth failures
[22m[39m[ARCJET] 
WARNING: Running 
without Arcjet 
protection

[90mstderr[2m | t
ests/property/admin
-system-health-fixe
s/settings-auth.pro
perty.test.ts[2m 
> 
[22m[2mFeature: a
dmin-system-health-
fixes, Property 3: 
Settings 
Authentication 
Requirement[2m > 
[22m[2mProperty: 
Error responses 
have consistent 
format[2m > 
[22m[2mshould 
return consistent 
error format for 
all auth failures
[22m[39m[ARCJET] 
WARNING: Running 
without Arcjet 
protection

[90mstderr[2m | t
ests/property/admin
-system-health-fixe
s/settings-auth.pro
perty.test.ts[2m 
> 
[22m[2mFeature: a
dmin-system-health-
fixes, Property 3: 
Settings 
Authentication 
Requirement[2m > 
[22m[2mProperty: 
Error responses 
have consistent 
format[2m > 
[22m[2mshould 
return consistent 
error format for 
all auth failures
[22m[39m[ARCJET] 
WARNING: Running 
without Arcjet 
protection

[90mstderr[2m | t
ests/property/admin
-system-health-fixe
s/settings-auth.pro
perty.test.ts[2m 
> 
[22m[2mFeature: a
dmin-system-health-
fixes, Property 3: 
Settings 
Authentication 
Requirement[2m > 
[22m[2mProperty: 
Error responses 
have consistent 
format[2m > 
[22m[2mshould 
return consistent 
error format for 
all auth failures
[22m[39m[ARCJET] 
WARNING: Running 
without Arcjet 
protection

[90mstderr[2m | t
ests/property/admin
-system-health-fixe
s/settings-auth.pro
perty.test.ts[2m 
> 
[22m[2mFeature: a
dmin-system-health-
fixes, Property 3: 
Settings 
Authentication 
Requirement[2m > 
[22m[2mProperty: 
Error responses 
have consistent 
format[2m > 
[22m[2mshould 
return consistent 
error format for 
all auth failures
[22m[39m[ARCJET] 
WARNING: Running 
without Arcjet 
protection

[90mstderr[2m | t
ests/property/admin
-system-health-fixe
s/settings-auth.pro
perty.test.ts[2m 
> 
[22m[2mFeature: a
dmin-system-health-
fixes, Property 3: 
Settings 
Authentication 
Requirement[2m > 
[22m[2mProperty: 
Error responses 
have consistent 
format[2m > 
[22m[2mshould 
return consistent 
error format for 
all auth failures
[22m[39m[ARCJET] 
WARNING: Running 
without Arcjet 
protection

[90mstderr[2m | t
ests/property/admin
-system-health-fixe
s/settings-auth.pro
perty.test.ts[2m 
> 
[22m[2mFeature: a
dmin-system-health-
fixes, Property 3: 
Settings 
Authentication 
Requirement[2m > 
[22m[2mProperty: 
Error responses 
have consistent 
format[2m > 
[22m[2mshould 
return consistent 
error format for 
all auth failures
[22m[39m[ARCJET] 
WARNING: Running 
without Arcjet 
protection

[90mstderr[2m | t
ests/property/admin
-system-health-fixe
s/settings-auth.pro
perty.test.ts[2m 
> 
[22m[2mFeature: a
dmin-system-health-
fixes, Property 3: 
Settings 
Authentication 
Requirement[2m > 
[22m[2mProperty: 
Error responses 
have consistent 
format[2m > 
[22m[2mshould 
return consistent 
error format for 
all auth failures
[22m[39m[ARCJET] 
WARNING: Running 
without Arcjet 
protection

[90mstderr[2m | t
ests/property/admin
-system-health-fixe
s/settings-auth.pro
perty.test.ts[2m 
> 
[22m[2mFeature: a
dmin-system-health-
fixes, Property 3: 
Settings 
Authentication 
Requirement[2m > 
[22m[2mProperty: 
Error responses 
have consistent 
format[2m > 
[22m[2mshould 
return consistent 
error format for 
all auth failures
[22m[39m[ARCJET] 
WARNING: Running 
without Arcjet 
protection

[90mstderr[2m | t
ests/property/admin
-system-health-fixe
s/settings-auth.pro
perty.test.ts[2m 
> 
[22m[2mFeature: a
dmin-system-health-
fixes, Property 3: 
Settings 
Authentication 
Requirement[2m > 
[22m[2mProperty: 
Error responses 
have consistent 
format[2m > 
[22m[2mshould 
return consistent 
error format for 
all auth failures
[22m[39m[ARCJET] 
WARNING: Running 
without Arcjet 
protection

[90mstderr[2m | t
ests/property/admin
-system-health-fixe
s/settings-auth.pro
perty.test.ts[2m 
> 
[22m[2mFeature: a
dmin-system-health-
fixes, Property 3: 
Settings 
Authentication 
Requirement[2m > 
[22m[2mProperty: 
Error responses 
have consistent 
format[2m > 
[22m[2mshould 
return consistent 
error format for 
all auth failures
[22m[39m[ARCJET] 
WARNING: Running 
without Arcjet 
protection

[90mstderr[2m | t
ests/property/admin
-system-health-fixe
s/settings-auth.pro
perty.test.ts[2m 
> 
[22m[2mFeature: a
dmin-system-health-
fixes, Property 3: 
Settings 
Authentication 
Requirement[2m > 
[22m[2mProperty: 
Error responses 
have consistent 
format[2m > 
[22m[2mshould 
return consistent 
error format for 
all auth failures
[22m[39m[ARCJET] 
WARNING: Running 
without Arcjet 
protection

[90mstderr[2m | t
ests/property/admin
-system-health-fixe
s/settings-auth.pro
perty.test.ts[2m 
> 
[22m[2mFeature: a
dmin-system-health-
fixes, Property 3: 
Settings 
Authentication 
Requirement[2m > 
[22m[2mProperty: 
Error responses 
have consistent 
format[2m > 
[22m[2mshould 
return consistent 
error format for 
all auth failures
[22m[39m[ARCJET] 
WARNING: Running 
without Arcjet 
protection

[90mstderr[2m | t
ests/property/admin
-system-health-fixe
s/settings-auth.pro
perty.test.ts[2m 
> 
[22m[2mFeature: a
dmin-system-health-
fixes, Property 3: 
Settings 
Authentication 
Requirement[2m > 
[22m[2mProperty: 
Error responses 
have consistent 
format[2m > 
[22m[2mshould 
return consistent 
error format for 
all auth failures
[22m[39m[ARCJET] 
WARNING: Running 
without Arcjet 
protection

[90mstderr[2m | t
ests/property/admin
-system-health-fixe
s/settings-auth.pro
perty.test.ts[2m 
> 
[22m[2mFeature: a
dmin-system-health-
fixes, Property 3: 
Settings 
Authentication 
Requirement[2m > 
[22m[2mProperty: 
Error responses 
have consistent 
format[2m > 
[22m[2mshould 
return consistent 
error format for 
all auth failures
[22m[39m[ARCJET] 
WARNING: Running 
without Arcjet 
protection

[90mstderr[2m | t
ests/property/admin
-system-health-fixe
s/settings-auth.pro
perty.test.ts[2m 
> 
[22m[2mFeature: a
dmin-system-health-
fixes, Property 3: 
Settings 
Authentication 
Requirement[2m > 
[22m[2mProperty: 
Error responses 
have consistent 
format[2m > 
[22m[2mshould 
return consistent 
error format for 
all auth failures
[22m[39m[ARCJET] 
WARNING: Running 
without Arcjet 
protection

[90mstderr[2m | t
ests/property/admin
-system-health-fixe
s/settings-auth.pro
perty.test.ts[2m 
> 
[22m[2mFeature: a
dmin-system-health-
fixes, Property 3: 
Settings 
Authentication 
Requirement[2m > 
[22m[2mProperty: 
Error responses 
have consistent 
format[2m > 
[22m[2mshould 
return consistent 
error format for 
all auth failures
[22m[39m[ARCJET] 
WARNING: Running 
without Arcjet 
protection

[90mstderr[2m | t
ests/property/admin
-system-health-fixe
s/settings-auth.pro
perty.test.ts[2m 
> 
[22m[2mFeature: a
dmin-system-health-
fixes, Property 3: 
Settings 
Authentication 
Requirement[2m > 
[22m[2mProperty: 
Error responses 
have consistent 
format[2m > 
[22m[2mshould 
return consistent 
error format for 
all auth failures
[22m[39m[ARCJET] 
WARNING: Running 
without Arcjet 
protection

[90mstderr[2m | t
ests/property/admin
-system-health-fixe
s/settings-auth.pro
perty.test.ts[2m 
> 
[22m[2mFeature: a
dmin-system-health-
fixes, Property 3: 
Settings 
Authentication 
Requirement[2m > 
[22m[2mProperty: 
Error responses 
have consistent 
format[2m > 
[22m[2mshould 
return consistent 
error format for 
all auth failures
[22m[39m[ARCJET] 
WARNING: Running 
without Arcjet 
protection

[90mstderr[2m | t
ests/property/admin
-system-health-fixe
s/settings-auth.pro
perty.test.ts[2m 
> 
[22m[2mFeature: a
dmin-system-health-
fixes, Property 3: 
Settings 
Authentication 
Requirement[2m > 
[22m[2mProperty: 
Error responses 
have consistent 
format[2m > 
[22m[2mshould 
return consistent 
error format for 
all auth failures
[22m[39m[ARCJET] 
WARNING: Running 
without Arcjet 
protection

[90mstderr[2m | t
ests/property/admin
-system-health-fixe
s/settings-auth.pro
perty.test.ts[2m 
> 
[22m[2mFeature: a
dmin-system-health-
fixes, Property 3: 
Settings 
Authentication 
Requirement[2m > 
[22m[2mProperty: 
Error responses 
have consistent 
format[2m > 
[22m[2mshould 
return consistent 
error format for 
all auth failures
[22m[39m[ARCJET] 
WARNING: Running 
without Arcjet 
protection

[90mstderr[2m | t
ests/property/admin
-system-health-fixe
s/settings-auth.pro
perty.test.ts[2m 
> 
[22m[2mFeature: a
dmin-system-health-
fixes, Property 3: 
Settings 
Authentication 
Requirement[2m > 
[22m[2mProperty: 
Error responses 
have consistent 
format[2m > 
[22m[2mshould 
return consistent 
error format for 
all auth failures
[22m[39m[ARCJET] 
WARNING: Running 
without Arcjet 
protection

[90mstderr[2m | t
ests/property/admin
-system-health-fixe
s/settings-auth.pro
perty.test.ts[2m 
> 
[22m[2mFeature: a
dmin-system-health-
fixes, Property 3: 
Settings 
Authentication 
Requirement[2m > 
[22m[2mProperty: 
Error responses 
have consistent 
format[2m > 
[22m[2mshould 
return consistent 
error format for 
all auth failures
[22m[39m[ARCJET] 
WARNING: Running 
without Arcjet 
protection

[90mstderr[2m | t
ests/property/admin
-system-health-fixe
s/settings-auth.pro
perty.test.ts[2m 
> 
[22m[2mFeature: a
dmin-system-health-
fixes, Property 3: 
Settings 
Authentication 
Requirement[2m > 
[22m[2mProperty: 
Error responses 
have consistent 
format[2m > 
[22m[2mshould 
return consistent 
error format for 
all auth failures
[22m[39m[ARCJET] 
WARNING: Running 
without Arcjet 
protection

[90mstderr[2m | t
ests/property/admin
-system-health-fixe
s/settings-auth.pro
perty.test.ts[2m 
> 
[22m[2mFeature: a
dmin-system-health-
fixes, Property 3: 
Settings 
Authentication 
Requirement[2m > 
[22m[2mProperty: 
Error responses 
have consistent 
format[2m > 
[22m[2mshould 
return consistent 
error format for 
all auth failures
[22m[39m[ARCJET] 
WARNING: Running 
without Arcjet 
protection

[90mstdout[2m | tests/property/admin-system-health-fixes/settings-auth.property.test.ts[2m > [22m[2mFeature: admin-system-health-fixes, Property 3: Settings Authentication Requirement[2m > [22m[2mProperty: Error responses have consistent format[2m > [22m[2mshould return consistent error format for all auth failures
[22m[39m[AUTH] Token verification failed: Access token verification failed

[90mstdout[2m | tests/property/admin-system-health-fixes/settings-auth.property.test.ts[2m > [22m[2mFeature: admin-system-health-fixes, Property 3: Settings Authentication Requirement[2m > [22m[2mProperty: Error responses have consistent format[2m > [22m[2mshould return consistent error format for all auth failures
[22m[39m[AUTH] Token verification failed: Access token verification failed

[90mstdout[2m | tests/property/admin-system-health-fixes/settings-auth.property.test.ts[2m > [22m[2mFeature: admin-system-health-fixes, Property 3: Settings Authentication Requirement[2m > [22m[2mProperty: Error responses have consistent format[2m > [22m[2mshould return consistent error format for all auth failures
[22m[39m[AUTH] Token verification failed: Access token verification failed

[90mstdout[2m | tests/property/admin-system-health-fixes/settings-auth.property.test.ts[2m > [22m[2mFeature: admin-system-health-fixes, Property 3: Settings Authentication Requirement[2m > [22m[2mProperty: Error responses have consistent format[2m > [22m[2mshould return consistent error format for all auth failures
[22m[39m[AUTH] Token verification failed: Access token verification failed

[90mstdout[2m | tests/property/admin-system-health-fixes/settings-auth.property.test.ts[2m > [22m[2mFeature: admin-system-health-fixes, Property 3: Settings Authentication Requirement[2m > [22m[2mProperty: Error responses have consistent format[2m > [22m[2mshould return consistent error format for all auth failures
[22m[39m[AUTH] Token verification failed: Access token verification failed

[90mstdout[2m | tests/property/admin-system-health-fixes/settings-auth.property.test.ts[2m > [22m[2mFeature: admin-system-health-fixes, Property 3: Settings Authentication Requirement[2m > [22m[2mProperty: Error responses have consistent format[2m > [22m[2mshould return consistent error format for all auth failures
[22m[39m[AUTH] Token verification failed: Access token verification failed

[90mstdout[2m | tests/property/admin-system-health-fixes/settings-auth.property.test.ts[2m > [22m[2mFeature: admin-system-health-fixes, Property 3: Settings Authentication Requirement[2m > [22m[2mProperty: Error responses have consistent format[2m > [22m[2mshould return consistent error format for all auth failures
[22m[39m[AUTH] Token verification failed: Access token verification failed

[90mstdout[2m | tests/property/admin-system-health-fixes/settings-auth.property.test.ts[2m > [22m[2mFeature: admin-system-health-fixes, Property 3: Settings Authentication Requirement[2m > [22m[2mProperty: Error responses have consistent format[2m > [22m[2mshould return consistent error format for all auth failures
[22m[39m[AUTH] Token verification failed: Access token verification failed

[90mstdout[2m | tests/property/admin-system-health-fixes/settings-auth.property.test.ts[2m > [22m[2mFeature: admin-system-health-fixes, Property 3: Settings Authentication Requirement[2m > [22m[2mProperty: Error responses have consistent format[2m > [22m[2mshould return consistent error format for all auth failures
[22m[39m[AUTH] Token verification failed: Access token verification failed

[90mstdout[2m | tests/property/admin-system-health-fixes/settings-auth.property.test.ts[2m > [22m[2mFeature: admin-system-health-fixes, Property 3: Settings Authentication Requirement[2m > [22m[2mProperty: Error responses have consistent format[2m > [22m[2mshould return consistent error format for all auth failures
[22m[39m[AUTH] Token verification failed: Access token verification failed

[90mstdout[2m | tests/property/admin-system-health-fixes/settings-auth.property.test.ts[2m > [22m[2mFeature: admin-system-health-fixes, Property 3: Settings Authentication Requirement[2m > [22m[2mProperty: Error responses have consistent format[2m > [22m[2mshould return consistent error format for all auth failures
[22m[39m[AUTH] Token verification failed: Access token verification failed

[90mstdout[2m | tests/property/admin-system-health-fixes/settings-auth.property.test.ts[2m > [22m[2mFeature: admin-system-health-fixes, Property 3: Settings Authentication Requirement[2m > [22m[2mProperty: Error responses have consistent format[2m > [22m[2mshould return consistent error format for all auth failures
[22m[39m[AUTH] Token verification failed: Access token verification failed

[90mstderr[2m | t
ests/property/admin
-system-health-fixe
s/settings-auth.pro
perty.test.ts[2m 
> 
[22m[2mFeature: a
dmin-system-health-
fixes, Property 3: 
Settings 
Authentication 
Requirement[2m > 
[22m[2mProperty: 
Error responses 
have consistent 
format[2m > 
[22m[2mshould 
return consistent 
error format for 
all auth failures
[22m[39m[ARCJET] 
WARNING: Running 
without Arcjet 
protection

[90mstderr[2m | t
ests/property/admin
-system-health-fixe
s/settings-auth.pro
perty.test.ts[2m 
> 
[22m[2mFeature: a
dmin-system-health-
fixes, Property 3: 
Settings 
Authentication 
Requirement[2m > 
[22m[2mProperty: 
Error responses 
have consistent 
format[2m > 
[22m[2mshould 
return consistent 
error format for 
all auth failures
[22m[39m[ARCJET] 
WARNING: Running 
without Arcjet 
protection

[90mstdout[2m | tests/property/admin-system-health-fixes/settings-auth.property.test.ts[2m > [22m[2mFeature: admin-system-health-fixes, Property 3: Settings Authentication Requirement[2m > [22m[2mProperty: Error responses have consistent format[2m > [22m[2mshould return consistent error format for all auth failures
[22m[39m[AUTH] Token verification failed: Access token verification failed

[90mstderr[2m | t
ests/property/admin
-system-health-fixe
s/settings-auth.pro
perty.test.ts[2m 
> 
[22m[2mFeature: a
dmin-system-health-
fixes, Property 3: 
Settings 
Authentication 
Requirement[2m > 
[22m[2mProperty: 
Error responses 
have consistent 
format[2m > 
[22m[2mshould 
return consistent 
error format for 
all auth failures
[22m[39m[ARCJET] 
WARNING: Running 
without Arcjet 
protection

[90mstdout[2m | tests/property/admin-system-health-fixes/settings-auth.property.test.ts[2m > [22m[2mFeature: admin-system-health-fixes, Property 3: Settings Authentication Requirement[2m > [22m[2mProperty: Error responses have consistent format[2m > [22m[2mshould return consistent error format for all auth failures
[22m[39m[AUTH] Token verification failed: Access token verification failed

[90mstderr[2m | t
ests/property/admin
-system-health-fixe
s/settings-auth.pro
perty.test.ts[2m 
> 
[22m[2mFeature: a
dmin-system-health-
fixes, Property 3: 
Settings 
Authentication 
Requirement[2m > 
[22m[2mProperty: 
Error responses 
have consistent 
format[2m > 
[22m[2mshould 
return consistent 
error format for 
all auth failures
[22m[39m[ARCJET] 
WARNING: Running 
without Arcjet 
protection

[90mstdout[2m | tests/property/admin-system-health-fixes/settings-auth.property.test.ts[2m > [22m[2mFeature: admin-system-health-fixes, Property 3: Settings Authentication Requirement[2m > [22m[2mProperty: Error responses have consistent format[2m > [22m[2mshould return consistent error format for all auth failures
[22m[39m[AUTH] Token verification failed: Access token verification failed

[90mstderr[2m | t
ests/property/admin
-system-health-fixe
s/settings-auth.pro
perty.test.ts[2m 
> 
[22m[2mFeature: a
dmin-system-health-
fixes, Property 3: 
Settings 
Authentication 
Requirement[2m > 
[22m[2mProperty: 
Error responses 
have consistent 
format[2m > 
[22m[2mshould 
return consistent 
error format for 
all auth failures
[22m[39m[ARCJET] 
WARNING: Running 
without Arcjet 
protection

[90mstdout[2m | tests/property/admin-system-health-fixes/settings-auth.property.test.ts[2m > [22m[2mFeature: admin-system-health-fixes, Property 3: Settings Authentication Requirement[2m > [22m[2mProperty: Error responses have consistent format[2m > [22m[2mshould return consistent error format for all auth failures
[22m[39m[AUTH] Token verification failed: Access token verification failed

[90mstderr[2m | t
ests/property/admin
-system-health-fixe
s/settings-auth.pro
perty.test.ts[2m 
> 
[22m[2mFeature: a
dmin-system-health-
fixes, Property 3: 
Settings 
Authentication 
Requirement[2m > 
[22m[2mProperty: 
Error responses 
have consistent 
format[2m > 
[22m[2mshould 
return consistent 
error format for 
all auth failures
[22m[39m[ARCJET] 
WARNING: Running 
without Arcjet 
protection

[90mstderr[2m | t
ests/property/admin
-system-health-fixe
s/settings-auth.pro
perty.test.ts[2m 
> 
[22m[2mFeature: a
dmin-system-health-
fixes, Property 3: 
Settings 
Authentication 
Requirement[2m > 
[22m[2mProperty: 
Error responses 
have consistent 
format[2m > 
[22m[2mshould 
return consistent 
error format for 
all auth failures
[22m[39m[ARCJET] 
WARNING: Running 
without Arcjet 
protection

[90mstderr[2m | t
ests/property/admin
-system-health-fixe
s/settings-auth.pro
perty.test.ts[2m 
> 
[22m[2mFeature: a
dmin-system-health-
fixes, Property 3: 
Settings 
Authentication 
Requirement[2m > 
[22m[2mProperty: 
Error responses 
have consistent 
format[2m > 
[22m[2mshould 
return consistent 
error format for 
all auth failures
[22m[39m[ARCJET] 
WARNING: Running 
without Arcjet 
protection

[90mstderr[2m | t
ests/property/admin
-system-health-fixe
s/settings-auth.pro
perty.test.ts[2m 
> 
[22m[2mFeature: a
dmin-system-health-
fixes, Property 3: 
Settings 
Authentication 
Requirement[2m > 
[22m[2mProperty: 
Error responses 
have consistent 
format[2m > 
[22m[2mshould 
return consistent 
error format for 
all auth failures
[22m[39m[ARCJET] 
WARNING: Running 
without Arcjet 
protection

[90mstdout[2m | tests/property/admin-system-health-fixes/settings-auth.property.test.ts[2m > [22m[2mFeature: admin-system-health-fixes, Property 3: Settings Authentication Requirement[2m > [22m[2mProperty: Error responses have consistent format[2m > [22m[2mshould return consistent error format for all auth failures
[22m[39m[AUTH] Token verification failed: Access token verification failed

[90mstderr[2m | t
ests/property/admin
-system-health-fixe
s/settings-auth.pro
perty.test.ts[2m 
> 
[22m[2mFeature: a
dmin-system-health-
fixes, Property 3: 
Settings 
Authentication 
Requirement[2m > 
[22m[2mProperty: 
Error responses 
have consistent 
format[2m > 
[22m[2mshould 
return consistent 
error format for 
all auth failures
[22m[39m[ARCJET] 
WARNING: Running 
without Arcjet 
protection

[90mstderr[2m | t
ests/property/admin
-system-health-fixe
s/settings-auth.pro
perty.test.ts[2m 
> 
[22m[2mFeature: a
dmin-system-health-
fixes, Property 3: 
Settings 
Authentication 
Requirement[2m > 
[22m[2mProperty: 
Error responses 
have consistent 
format[2m > 
[22m[2mshould 
return consistent 
error format for 
all auth failures
[22m[39m[ARCJET] 
WARNING: Running 
without Arcjet 
protection

[90mstderr[2m | t
ests/property/admin
-system-health-fixe
s/settings-auth.pro
perty.test.ts[2m 
> 
[22m[2mFeature: a
dmin-system-health-
fixes, Property 3: 
Settings 
Authentication 
Requirement[2m > 
[22m[2mProperty: 
Error responses 
have consistent 
format[2m > 
[22m[2mshould 
return consistent 
error format for 
all auth failures
[22m[39m[ARCJET] 
WARNING: Running 
without Arcjet 
protection

[90mstdout[2m | tests/property/admin-system-health-fixes/settings-auth.property.test.ts[2m > [22m[2mFeature: admin-system-health-fixes, Property 3: Settings Authentication Requirement[2m > [22m[2mProperty: Error responses have consistent format[2m > [22m[2mshould return consistent error format for all auth failures
[22m[39m[AUTH] Token verification failed: Access token verification failed

[90mstderr[2m | t
ests/property/admin
-system-health-fixe
s/settings-auth.pro
perty.test.ts[2m 
> 
[22m[2mFeature: a
dmin-system-health-
fixes, Property 3: 
Settings 
Authentication 
Requirement[2m > 
[22m[2mProperty: 
Error responses 
have consistent 
format[2m > 
[22m[2mshould 
return consistent 
error format for 
all auth failures
[22m[39m[ARCJET] 
WARNING: Running 
without Arcjet 
protection

[90mstderr[2m | t
ests/property/admin
-system-health-fixe
s/settings-auth.pro
perty.test.ts[2m 
> 
[22m[2mFeature: a
dmin-system-health-
fixes, Property 3: 
Settings 
Authentication 
Requirement[2m > 
[22m[2mProperty: 
Error responses 
have consistent 
format[2m > 
[22m[2mshould 
return consistent 
error format for 
all auth failures
[22m[39m[ARCJET] 
WARNING: Running 
without Arcjet 
protection

[90mstderr[2m | t
ests/property/admin
-system-health-fixe
s/settings-auth.pro
perty.test.ts[2m 
> 
[22m[2mFeature: a
dmin-system-health-
fixes, Property 3: 
Settings 
Authentication 
Requirement[2m > 
[22m[2mProperty: 
Error responses 
have consistent 
format[2m > 
[22m[2mshould 
return consistent 
error format for 
all auth failures
[22m[39m[ARCJET] 
WARNING: Running 
without Arcjet 
protection

[90mstdout[2m | tests/property/admin-system-health-fixes/settings-auth.property.test.ts[2m > [22m[2mFeature: admin-system-health-fixes, Property 3: Settings Authentication Requirement[2m > [22m[2mProperty: Error responses have consistent format[2m > [22m[2mshould return consistent error format for all auth failures
[22m[39m[AUTH] Token verification failed: Access token verification failed

[90mstderr[2m | t
ests/property/admin
-system-health-fixe
s/settings-auth.pro
perty.test.ts[2m 
> 
[22m[2mFeature: a
dmin-system-health-
fixes, Property 3: 
Settings 
Authentication 
Requirement[2m > 
[22m[2mProperty: 
Error responses 
have consistent 
format[2m > 
[22m[2mshould 
return consistent 
error format for 
all auth failures
[22m[39m[ARCJET] 
WARNING: Running 
without Arcjet 
protection

[90mstderr[2m | t
ests/property/admin
-system-health-fixe
s/settings-auth.pro
perty.test.ts[2m 
> 
[22m[2mFeature: a
dmin-system-health-
fixes, Property 3: 
Settings 
Authentication 
Requirement[2m > 
[22m[2mProperty: 
Error responses 
have consistent 
format[2m > 
[22m[2mshould 
return consistent 
error format for 
all auth failures
[22m[39m[ARCJET] 
WARNING: Running 
without Arcjet 
protection

[90mstderr[2m | t
ests/property/admin
-system-health-fixe
s/settings-auth.pro
perty.test.ts[2m 
> 
[22m[2mFeature: a
dmin-system-health-
fixes, Property 3: 
Settings 
Authentication 
Requirement[2m > 
[22m[2mProperty: 
Error responses 
have consistent 
format[2m > 
[22m[2mshould 
return consistent 
error format for 
all auth failures
[22m[39m[ARCJET] 
WARNING: Running 
without Arcjet 
protection

[90mstderr[2m | t
ests/property/admin
-system-health-fixe
s/settings-auth.pro
perty.test.ts[2m 
> 
[22m[2mFeature: a
dmin-system-health-
fixes, Property 3: 
Settings 
Authentication 
Requirement[2m > 
[22m[2mProperty: 
Error responses 
have consistent 
format[2m > 
[22m[2mshould 
return consistent 
error format for 
all auth failures
[22m[39m[ARCJET] 
WARNING: Running 
without Arcjet 
protection

[90mstderr[2m | t
ests/property/admin
-system-health-fixe
s/settings-auth.pro
perty.test.ts[2m 
> 
[22m[2mFeature: a
dmin-system-health-
fixes, Property 3: 
Settings 
Authentication 
Requirement[2m > 
[22m[2mProperty: 
Error responses 
have consistent 
format[2m > 
[22m[2mshould 
return consistent 
error format for 
all auth failures
[22m[39m[ARCJET] 
WARNING: Running 
without Arcjet 
protection

[90mstderr[2m | t
ests/property/admin
-system-health-fixe
s/settings-auth.pro
perty.test.ts[2m 
> 
[22m[2mFeature: a
dmin-system-health-
fixes, Property 3: 
Settings 
Authentication 
Requirement[2m > 
[22m[2mProperty: 
Error responses 
have consistent 
format[2m > 
[22m[2mshould 
return consistent 
error format for 
all auth failures
[22m[39m[ARCJET] 
WARNING: Running 
without Arcjet 
protection

[90mstderr[2m | t
ests/property/admin
-system-health-fixe
s/settings-auth.pro
perty.test.ts[2m 
> 
[22m[2mFeature: a
dmin-system-health-
fixes, Property 3: 
Settings 
Authentication 
Requirement[2m > 
[22m[2mProperty: 
Error responses 
have consistent 
format[2m > 
[22m[2mshould 
return consistent 
error format for 
all auth failures
[22m[39m[ARCJET] 
WARNING: Running 
without Arcjet 
protection

[90mstderr[2m | t
ests/property/admin
-system-health-fixe
s/settings-auth.pro
perty.test.ts[2m 
> 
[22m[2mFeature: a
dmin-system-health-
fixes, Property 3: 
Settings 
Authentication 
Requirement[2m > 
[22m[2mProperty: 
Error responses 
have consistent 
format[2m > 
[22m[2mshould 
return consistent 
error format for 
all auth failures
[22m[39m[ARCJET] 
WARNING: Running 
without Arcjet 
protection

[90mstderr[2m | t
ests/property/admin
-system-health-fixe
s/settings-auth.pro
perty.test.ts[2m 
> 
[22m[2mFeature: a
dmin-system-health-
fixes, Property 3: 
Settings 
Authentication 
Requirement[2m > 
[22m[2mProperty: 
Error responses 
have consistent 
format[2m > 
[22m[2mshould 
return consistent 
error format for 
all auth failures
[22m[39m[ARCJET] 
WARNING: Running 
without Arcjet 
protection

[90mstderr[2m | t
ests/property/admin
-system-health-fixe
s/settings-auth.pro
perty.test.ts[2m 
> 
[22m[2mFeature: a
dmin-system-health-
fixes, Property 3: 
Settings 
Authentication 
Requirement[2m > 
[22m[2mProperty: 
Error responses 
have consistent 
format[2m > 
[22m[2mshould 
return consistent 
error format for 
all auth failures
[22m[39m[ARCJET] 
WARNING: Running 
without Arcjet 
protection

[90mstderr[2m | t
ests/property/admin
-system-health-fixe
s/settings-auth.pro
perty.test.ts[2m 
> 
[22m[2mFeature: a
dmin-system-health-
fixes, Property 3: 
Settings 
Authentication 
Requirement[2m > 
[22m[2mProperty: 
Error responses 
have consistent 
format[2m > 
[22m[2mshould 
return consistent 
error format for 
all auth failures
[22m[39m[ARCJET] 
WARNING: Running 
without Arcjet 
protection

[90mstderr[2m | t
ests/property/admin
-system-health-fixe
s/settings-auth.pro
perty.test.ts[2m 
> 
[22m[2mFeature: a
dmin-system-health-
fixes, Property 3: 
Settings 
Authentication 
Requirement[2m > 
[22m[2mProperty: 
Error responses 
have consistent 
format[2m > 
[22m[2mshould 
return consistent 
error format for 
all auth failures
[22m[39m[ARCJET] 
WARNING: Running 
without Arcjet 
protection

[90mstderr[2m | t
ests/property/admin
-system-health-fixe
s/settings-auth.pro
perty.test.ts[2m 
> 
[22m[2mFeature: a
dmin-system-health-
fixes, Property 3: 
Settings 
Authentication 
Requirement[2m > 
[22m[2mProperty: 
Error responses 
have consistent 
format[2m > 
[22m[2mshould 
return consistent 
error format for 
all auth failures
[22m[39m[ARCJET] 
WARNING: Running 
without Arcjet 
protection

[90mstderr[2m | t
ests/property/admin
-system-health-fixe
s/settings-auth.pro
perty.test.ts[2m 
> 
[22m[2mFeature: a
dmin-system-health-
fixes, Property 3: 
Settings 
Authentication 
Requirement[2m > 
[22m[2mProperty: 
Error responses 
have consistent 
format[2m > 
[22m[2mshould 
return consistent 
error format for 
all auth failures
[22m[39m[ARCJET] 
WARNING: Running 
without Arcjet 
protection

[90mstderr[2m | t
ests/property/admin
-system-health-fixe
s/settings-auth.pro
perty.test.ts[2m 
> 
[22m[2mFeature: a
dmin-system-health-
fixes, Property 3: 
Settings 
Authentication 
Requirement[2m > 
[22m[2mProperty: 
Error responses 
have consistent 
format[2m > 
[22m[2mshould 
return consistent 
error format for 
all auth failures
[22m[39m[ARCJET] 
WARNING: Running 
without Arcjet 
protection

[90mstderr[2m | t
ests/property/admin
-system-health-fixe
s/settings-auth.pro
perty.test.ts[2m 
> 
[22m[2mFeature: a
dmin-system-health-
fixes, Property 3: 
Settings 
Authentication 
Requirement[2m > 
[22m[2mProperty: 
Error responses 
have consistent 
format[2m > 
[22m[2mshould 
return consistent 
error format for 
all auth failures
[22m[39m[ARCJET] 
WARNING: Running 
without Arcjet 
protection

[90mstderr[2m | t
ests/property/admin
-system-health-fixe
s/settings-auth.pro
perty.test.ts[2m 
> 
[22m[2mFeature: a
dmin-system-health-
fixes, Property 3: 
Settings 
Authentication 
Requirement[2m > 
[22m[2mProperty: 
Error responses 
have consistent 
format[2m > 
[22m[2mshould 
return consistent 
error format for 
all auth failures
[22m[39m[ARCJET] 
WARNING: Running 
without Arcjet 
protection

[90mstderr[2m | t
ests/property/admin
-system-health-fixe
s/settings-auth.pro
perty.test.ts[2m 
> 
[22m[2mFeature: a
dmin-system-health-
fixes, Property 3: 
Settings 
Authentication 
Requirement[2m > 
[22m[2mProperty: 
Error responses 
have consistent 
format[2m > 
[22m[2mshould 
return consistent 
error format for 
all auth failures
[22m[39m[ARCJET] 
WARNING: Running 
without Arcjet 
protection

[90mstderr[2m | t
ests/property/admin
-system-health-fixe
s/settings-auth.pro
perty.test.ts[2m 
> 
[22m[2mFeature: a
dmin-system-health-
fixes, Property 3: 
Settings 
Authentication 
Requirement[2m > 
[22m[2mProperty: 
Error responses 
have consistent 
format[2m > 
[22m[2mshould 
return consistent 
error format for 
all auth failures
[22m[39m[ARCJET] 
WARNING: Running 
without Arcjet 
protection

[90mstderr[2m | t
ests/property/admin
-system-health-fixe
s/settings-auth.pro
perty.test.ts[2m 
> 
[22m[2mFeature: a
dmin-system-health-
fixes, Property 3: 
Settings 
Authentication 
Requirement[2m > 
[22m[2mProperty: 
Error responses 
have consistent 
format[2m > 
[22m[2mshould 
return consistent 
error format for 
all auth failures
[22m[39m[ARCJET] 
WARNING: Running 
without Arcjet 
protection

[90mstderr[2m | t
ests/property/admin
-system-health-fixe
s/settings-auth.pro
perty.test.ts[2m 
> 
[22m[2mFeature: a
dmin-system-health-
fixes, Property 3: 
Settings 
Authentication 
Requirement[2m > 
[22m[2mProperty: 
Error responses 
have consistent 
format[2m > 
[22m[2mshould 
return consistent 
error format for 
all auth failures
[22m[39m[ARCJET] 
WARNING: Running 
without Arcjet 
protection

[90mstderr[2m | t
ests/property/admin
-system-health-fixe
s/settings-auth.pro
perty.test.ts[2m 
> 
[22m[2mFeature: a
dmin-system-health-
fixes, Property 3: 
Settings 
Authentication 
Requirement[2m > 
[22m[2mProperty: 
Error responses 
have consistent 
format[2m > 
[22m[2mshould 
return consistent 
error format for 
all auth failures
[22m[39m[ARCJET] 
WARNING: Running 
without Arcjet 
protection

[90mstderr[2m | t
ests/property/admin
-system-health-fixe
s/settings-auth.pro
perty.test.ts[2m 
> 
[22m[2mFeature: a
dmin-system-health-
fixes, Property 3: 
Settings 
Authentication 
Requirement[2m > 
[22m[2mProperty: 
Error responses 
have consistent 
format[2m > 
[22m[2mshould 
return consistent 
error format for 
all auth failures
[22m[39m[ARCJET] 
WARNING: Running 
without Arcjet 
protection

[90mstderr[2m | t
ests/property/admin
-system-health-fixe
s/settings-auth.pro
perty.test.ts[2m 
> 
[22m[2mFeature: a
dmin-system-health-
fixes, Property 3: 
Settings 
Authentication 
Requirement[2m > 
[22m[2mProperty: 
Error responses 
have consistent 
format[2m > 
[22m[2mshould 
return consistent 
error format for 
all auth failures
[22m[39m[ARCJET] 
WARNING: Running 
without Arcjet 
protection

[90mstderr[2m | t
ests/property/admin
-system-health-fixe
s/settings-auth.pro
perty.test.ts[2m 
> 
[22m[2mFeature: a
dmin-system-health-
fixes, Property 3: 
Settings 
Authentication 
Requirement[2m > 
[22m[2mProperty: 
Error responses 
have consistent 
format[2m > 
[22m[2mshould 
return consistent 
error format for 
all auth failures
[22m[39m[ARCJET] 
WARNING: Running 
without Arcjet 
protection

[90mstderr[2m | t
ests/property/admin
-system-health-fixe
s/settings-auth.pro
perty.test.ts[2m 
> 
[22m[2mFeature: a
dmin-system-health-
fixes, Property 3: 
Settings 
Authentication 
Requirement[2m > 
[22m[2mProperty: 
Error responses 
have consistent 
format[2m > 
[22m[2mshould 
return consistent 
error format for 
all auth failures
[22m[39m[ARCJET] 
WARNING: Running 
without Arcjet 
protection

[90mstderr[2m | t
ests/property/admin
-system-health-fixe
s/settings-auth.pro
perty.test.ts[2m 
> 
[22m[2mFeature: a
dmin-system-health-
fixes, Property 3: 
Settings 
Authentication 
Requirement[2m > 
[22m[2mProperty: 
Error responses 
have consistent 
format[2m > 
[22m[2mshould 
return consistent 
error format for 
all auth failures
[22m[39m[ARCJET] 
WARNING: Running 
without Arcjet 
protection

[90mstderr[2m | t
ests/property/admin
-system-health-fixe
s/settings-auth.pro
perty.test.ts[2m 
> 
[22m[2mFeature: a
dmin-system-health-
fixes, Property 3: 
Settings 
Authentication 
Requirement[2m > 
[22m[2mProperty: 
Error responses 
have consistent 
format[2m > 
[22m[2mshould 
return consistent 
error format for 
all auth failures
[22m[39m[ARCJET] 
WARNING: Running 
without Arcjet 
protection

[90mstderr[2m | t
ests/property/admin
-system-health-fixe
s/settings-auth.pro
perty.test.ts[2m 
> 
[22m[2mFeature: a
dmin-system-health-
fixes, Property 3: 
Settings 
Authentication 
Requirement[2m > 
[22m[2mProperty: 
Error responses 
have consistent 
format[2m > 
[22m[2mshould 
return consistent 
error format for 
all auth failures
[22m[39m[ARCJET] 
WARNING: Running 
without Arcjet 
protection

[90mstderr[2m | t
ests/property/admin
-system-health-fixe
s/settings-auth.pro
perty.test.ts[2m 
> 
[22m[2mFeature: a
dmin-system-health-
fixes, Property 3: 
Settings 
Authentication 
Requirement[2m > 
[22m[2mProperty: 
Error responses 
have consistent 
format[2m > 
[22m[2mshould 
return consistent 
error format for 
all auth failures
[22m[39m[ARCJET] 
WARNING: Running 
without Arcjet 
protection

[90mstderr[2m | t
ests/property/admin
-system-health-fixe
s/settings-auth.pro
perty.test.ts[2m 
> 
[22m[2mFeature: a
dmin-system-health-
fixes, Property 3: 
Settings 
Authentication 
Requirement[2m > 
[22m[2mProperty: 
Error responses 
have consistent 
format[2m > 
[22m[2mshould 
return consistent 
error format for 
all auth failures
[22m[39m[ARCJET] 
WARNING: Running 
without Arcjet 
protection

[90mstderr[2m | t
ests/property/admin
-system-health-fixe
s/settings-auth.pro
perty.test.ts[2m 
> 
[22m[2mFeature: a
dmin-system-health-
fixes, Property 3: 
Settings 
Authentication 
Requirement[2m > 
[22m[2mProperty: 
Error responses 
have consistent 
format[2m > 
[22m[2mshould 
return consistent 
error format for 
all auth failures
[22m[39m[ARCJET] 
WARNING: Running 
without Arcjet 
protection

[90mstderr[2m | t
ests/property/admin
-system-health-fixe
s/settings-auth.pro
perty.test.ts[2m 
> 
[22m[2mFeature: a
dmin-system-health-
fixes, Property 3: 
Settings 
Authentication 
Requirement[2m > 
[22m[2mProperty: 
Error responses 
have consistent 
format[2m > 
[22m[2mshould 
return consistent 
error format for 
all auth failures
[22m[39m[ARCJET] 
WARNING: Running 
without Arcjet 
protection

[90mstderr[2m | t
ests/property/admin
-system-health-fixe
s/settings-auth.pro
perty.test.ts[2m 
> 
[22m[2mFeature: a
dmin-system-health-
fixes, Property 3: 
Settings 
Authentication 
Requirement[2m > 
[22m[2mProperty: 
Error responses 
have consistent 
format[2m > 
[22m[2mshould 
return consistent 
error format for 
all auth failures
[22m[39m[ARCJET] 
WARNING: Running 
without Arcjet 
protection

[90mstderr[2m | t
ests/property/admin
-system-health-fixe
s/settings-auth.pro
perty.test.ts[2m 
> 
[22m[2mFeature: a
dmin-system-health-
fixes, Property 3: 
Settings 
Authentication 
Requirement[2m > 
[22m[2mProperty: 
Error responses 
have consistent 
format[2m > 
[22m[2mshould 
return consistent 
error format for 
all auth failures
[22m[39m[ARCJET] 
WARNING: Running 
without Arcjet 
protection

[90mstderr[2m | t
ests/property/admin
-system-health-fixe
s/settings-auth.pro
perty.test.ts[2m 
> 
[22m[2mFeature: a
dmin-system-health-
fixes, Property 3: 
Settings 
Authentication 
Requirement[2m > 
[22m[2mProperty: 
Error responses 
have consistent 
format[2m > 
[22m[2mshould 
return consistent 
error format for 
all auth failures
[22m[39m[ARCJET] 
WARNING: Running 
without Arcjet 
protection

[90mstderr[2m | t
ests/property/admin
-system-health-fixe
s/settings-auth.pro
perty.test.ts[2m 
> 
[22m[2mFeature: a
dmin-system-health-
fixes, Property 3: 
Settings 
Authentication 
Requirement[2m > 
[22m[2mProperty: 
Error responses 
have consistent 
format[2m > 
[22m[2mshould 
return consistent 
error format for 
all auth failures
[22m[39m[ARCJET] 
WARNING: Running 
without Arcjet 
protection

[90mstderr[2m | t
ests/property/admin
-system-health-fixe
s/settings-auth.pro
perty.test.ts[2m 
> 
[22m[2mFeature: a
dmin-system-health-
fixes, Property 3: 
Settings 
Authentication 
Requirement[2m > 
[22m[2mProperty: 
Error responses 
have consistent 
format[2m > 
[22m[2mshould 
return consistent 
error format for 
all auth failures
[22m[39m[ARCJET] 
WARNING: Running 
without Arcjet 
protection

[90mstderr[2m | t
ests/property/admin
-system-health-fixe
s/settings-auth.pro
perty.test.ts[2m 
> 
[22m[2mFeature: a
dmin-system-health-
fixes, Property 3: 
Settings 
Authentication 
Requirement[2m > 
[22m[2mProperty: 
Error responses 
have consistent 
format[2m > 
[22m[2mshould 
return consistent 
error format for 
all auth failures
[22m[39m[ARCJET] 
WARNING: Running 
without Arcjet 
protection

[90mstdout[2m | tests/property/admin-system-health-fixes/settings-auth.property.test.ts[2m > [22m[2mFeature: admin-system-health-fixes, Property 3: Settings Authentication Requirement[2m > [22m[2mProperty: Error responses have consistent format[2m > [22m[2mshould return consistent error format for all auth failures
[22m[39m[AUTH] Token verification failed: Access token verification failed

[90mstdout[2m | tests/property/admin-system-health-fixes/settings-auth.property.test.ts[2m > [22m[2mFeature: admin-system-health-fixes, Property 3: Settings Authentication Requirement[2m > [22m[2mProperty: Error responses have consistent format[2m > [22m[2mshould return consistent error format for all auth failures
[22m[39m[AUTH] Token verification failed: Access token verification failed

[90mstdout[2m | tests/property/admin-system-health-fixes/settings-auth.property.test.ts[2m > [22m[2mFeature: admin-system-health-fixes, Property 3: Settings Authentication Requirement[2m > [22m[2mProperty: Error responses have consistent format[2m > [22m[2mshould return consistent error format for all auth failures
[22m[39m[AUTH] Token verification failed: Access token verification failed

[90mstdout[2m | tests/property/admin-system-health-fixes/settings-auth.property.test.ts[2m > [22m[2mFeature: admin-system-health-fixes, Property 3: Settings Authentication Requirement[2m > [22m[2mProperty: Error responses have consistent format[2m > [22m[2mshould return consistent error format for all auth failures
[22m[39m[AUTH] Token verification failed: Access token verification failed

[90mstdout[2m | tests/property/admin-system-health-fixes/settings-auth.property.test.ts[2m > [22m[2mFeature: admin-system-health-fixes, Property 3: Settings Authentication Requirement[2m > [22m[2mProperty: Error responses have consistent format[2m > [22m[2mshould return consistent error format for all auth failures
[22m[39m[AUTH] Token verification failed: Access token verification failed

[90mstdout[2m | tests/property/admin-system-health-fixes/settings-auth.property.test.ts[2m > [22m[2mFeature: admin-system-health-fixes, Property 3: Settings Authentication Requirement[2m > [22m[2mProperty: Error responses have consistent format[2m > [22m[2mshould return consistent error format for all auth failures
[22m[39m[AUTH] Token verification failed: Access token verification failed

[90mstdout[2m | tests/property/admin-system-health-fixes/settings-auth.property.test.ts[2m > [22m[2mFeature: admin-system-health-fixes, Property 3: Settings Authentication Requirement[2m > [22m[2mProperty: Error responses have consistent format[2m > [22m[2mshould return consistent error format for all auth failures
[22m[39m[AUTH] Token verification failed: Access token verification failed

[90mstdout[2m | tests/property/admin-system-health-fixes/settings-auth.property.test.ts[2m > [22m[2mFeature: admin-system-health-fixes, Property 3: Settings Authentication Requirement[2m > [22m[2mProperty: Error responses have consistent format[2m > [22m[2mshould return consistent error format for all auth failures
[22m[39m[AUTH] Token verification failed: Access token verification failed

[90mstdout[2m | tests/property/admin-system-health-fixes/settings-auth.property.test.ts[2m > [22m[2mFeature: admin-system-health-fixes, Property 3: Settings Authentication Requirement[2m > [22m[2mProperty: Error responses have consistent format[2m > [22m[2mshould return consistent error format for all auth failures
[22m[39m[AUTH] Token verification failed: Access token verification failed

[90mstdout[2m | tests/property/admin-system-health-fixes/settings-auth.property.test.ts[2m > [22m[2mFeature: admin-system-health-fixes, Property 3: Settings Authentication Requirement[2m > [22m[2mProperty: Error responses have consistent format[2m > [22m[2mshould return consistent error format for all auth failures
[22m[39m[AUTH] Token verification failed: Access token verification failed

[90mstdout[2m | tests/property/admin-system-health-fixes/settings-auth.property.test.ts[2m > [22m[2mFeature: admin-system-health-fixes, Property 3: Settings Authentication Requirement[2m > [22m[2mProperty: Error responses have consistent format[2m > [22m[2mshould return consistent error format for all auth failures
[22m[39m[AUTH] Token verification failed: Access token verification failed

[90mstdout[2m | tests/property/admin-system-health-fixes/settings-auth.property.test.ts[2m > [22m[2mFeature: admin-system-health-fixes, Property 3: Settings Authentication Requirement[2m > [22m[2mProperty: Error responses have consistent format[2m > [22m[2mshould return consistent error format for all auth failures
[22m[39m[AUTH] Token verification failed: Access token verification failed

[90mstdout[2m | tests/property/admin-system-health-fixes/settings-auth.property.test.ts[2m > [22m[2mFeature: admin-system-health-fixes, Property 3: Settings Authentication Requirement[2m > [22m[2mProperty: Error responses have consistent format[2m > [22m[2mshould return consistent error format for all auth failures
[22m[39m[AUTH] Token verification failed: Access token verification failed

[90mstdout[2m | tests/property/admin-system-health-fixes/settings-auth.property.test.ts[2m > [22m[2mFeature: admin-system-health-fixes, Property 3: Settings Authentication Requirement[2m > [22m[2mProperty: Error responses have consistent format[2m > [22m[2mshould return consistent error format for all auth failures
[22m[39m[AUTH] Token verification failed: Access token verification failed

[90mstdout[2m | tests/property/admin-system-health-fixes/settings-auth.property.test.ts[2m > [22m[2mFeature: admin-system-health-fixes, Property 3: Settings Authentication Requirement[2m > [22m[2mProperty: Error responses have consistent format[2m > [22m[2mshould return consistent error format for all auth failures
[22m[39m[AUTH] Token verification failed: Access token verification failed

[90mstderr[2m | t
ests/property/admin
-system-health-fixe
s/settings-auth.pro
perty.test.ts[2m 
> 
[22m[2mFeature: a
dmin-system-health-
fixes, Property 3: 
Settings 
Authentication 
Requirement[2m > 
[22m[2mProperty: 
Error responses 
have consistent 
format[2m > 
[22m[2mshould 
return consistent 
error format for 
all auth failures
[22m[39m[ARCJET] 
WARNING: Running 
without Arcjet 
protection

[90mstderr[2m | t
ests/property/admin
-system-health-fixe
s/settings-auth.pro
perty.test.ts[2m 
> 
[22m[2mFeature: a
dmin-system-health-
fixes, Property 3: 
Settings 
Authentication 
Requirement[2m > 
[22m[2mProperty: 
Error responses 
have consistent 
format[2m > 
[22m[2mshould 
return consistent 
error format for 
all auth failures
[22m[39m[ARCJET] 
WARNING: Running 
without Arcjet 
protection

[90mstderr[2m | t
ests/property/admin
-system-health-fixe
s/settings-auth.pro
perty.test.ts[2m 
> 
[22m[2mFeature: a
dmin-system-health-
fixes, Property 3: 
Settings 
Authentication 
Requirement[2m > 
[22m[2mProperty: 
Error responses 
have consistent 
format[2m > 
[22m[2mshould 
return consistent 
error format for 
all auth failures
[22m[39m[ARCJET] 
WARNING: Running 
without Arcjet 
protection

[90mstderr[2m | t
ests/property/admin
-system-health-fixe
s/settings-auth.pro
perty.test.ts[2m 
> 
[22m[2mFeature: a
dmin-system-health-
fixes, Property 3: 
Settings 
Authentication 
Requirement[2m > 
[22m[2mProperty: 
Error responses 
have consistent 
format[2m > 
[22m[2mshould 
return consistent 
error format for 
all auth failures
[22m[39m[ARCJET] 
WARNING: Running 
without Arcjet 
protection

[90mstderr[2m | t
ests/property/admin
-system-health-fixe
s/settings-auth.pro
perty.test.ts[2m 
> 
[22m[2mFeature: a
dmin-system-health-
fixes, Property 3: 
Settings 
Authentication 
Requirement[2m > 
[22m[2mProperty: 
Error responses 
have consistent 
format[2m > 
[22m[2mshould 
return consistent 
error format for 
all auth failures
[22m[39m[ARCJET] 
WARNING: Running 
without Arcjet 
protection

[90mstderr[2m | t
ests/property/admin
-system-health-fixe
s/settings-auth.pro
perty.test.ts[2m 
> 
[22m[2mFeature: a
dmin-system-health-
fixes, Property 3: 
Settings 
Authentication 
Requirement[2m > 
[22m[2mProperty: 
Error responses 
have consistent 
format[2m > 
[22m[2mshould 
return consistent 
error format for 
all auth failures
[22m[39m[ARCJET] 
WARNING: Running 
without Arcjet 
protection

[90mstderr[2m | t
ests/property/admin
-system-health-fixe
s/settings-auth.pro
perty.test.ts[2m 
> 
[22m[2mFeature: a
dmin-system-health-
fixes, Property 3: 
Settings 
Authentication 
Requirement[2m > 
[22m[2mProperty: 
Error responses 
have consistent 
format[2m > 
[22m[2mshould 
return consistent 
error format for 
all auth failures
[22m[39m[ARCJET] 
WARNING: Running 
without Arcjet 
protection

[90mstderr[2m | t
ests/property/admin
-system-health-fixe
s/settings-auth.pro
perty.test.ts[2m 
> 
[22m[2mFeature: a
dmin-system-health-
fixes, Property 3: 
Settings 
Authentication 
Requirement[2m > 
[22m[2mProperty: 
Error responses 
have consistent 
format[2m > 
[22m[2mshould 
return consistent 
error format for 
all auth failures
[22m[39m[ARCJET] 
WARNING: Running 
without Arcjet 
protection

[90mstderr[2m | t
ests/property/admin
-system-health-fixe
s/settings-auth.pro
perty.test.ts[2m 
> 
[22m[2mFeature: a
dmin-system-health-
fixes, Property 3: 
Settings 
Authentication 
Requirement[2m > 
[22m[2mProperty: 
Error responses 
have consistent 
format[2m > 
[22m[2mshould 
return consistent 
error format for 
all auth failures
[22m[39m[ARCJET] 
WARNING: Running 
without Arcjet 
protection

[90mstderr[2m | t
ests/property/admin
-system-health-fixe
s/settings-auth.pro
perty.test.ts[2m 
> 
[22m[2mFeature: a
dmin-system-health-
fixes, Property 3: 
Settings 
Authentication 
Requirement[2m > 
[22m[2mProperty: 
Error responses 
have consistent 
format[2m > 
[22m[2mshould 
return consistent 
error format for 
all auth failures
[22m[39m[ARCJET] 
WARNING: Running 
without Arcjet 
protection

[90mstderr[2m | t
ests/property/admin
-system-health-fixe
s/settings-auth.pro
perty.test.ts[2m 
> 
[22m[2mFeature: a
dmin-system-health-
fixes, Property 3: 
Settings 
Authentication 
Requirement[2m > 
[22m[2mProperty: 
Error responses 
have consistent 
format[2m > 
[22m[2mshould 
return consistent 
error format for 
all auth failures
[22m[39m[ARCJET] 
WARNING: Running 
without Arcjet 
protection

[90mstderr[2m | t
ests/property/admin
-system-health-fixe
s/settings-auth.pro
perty.test.ts[2m 
> 
[22m[2mFeature: a
dmin-system-health-
fixes, Property 3: 
Settings 
Authentication 
Requirement[2m > 
[22m[2mProperty: 
Error responses 
have consistent 
format[2m > 
[22m[2mshould 
return consistent 
error format for 
all auth failures
[22m[39m[ARCJET] 
WARNING: Running 
without Arcjet 
protection

[90mstderr[2m | t
ests/property/admin
-system-health-fixe
s/settings-auth.pro
perty.test.ts[2m 
> 
[22m[2mFeature: a
dmin-system-health-
fixes, Property 3: 
Settings 
Authentication 
Requirement[2m > 
[22m[2mProperty: 
Error responses 
have consistent 
format[2m > 
[22m[2mshould 
return consistent 
error format for 
all auth failures
[22m[39m[ARCJET] 
WARNING: Running 
without Arcjet 
protection

[90mstderr[2m | t
ests/property/admin
-system-health-fixe
s/settings-auth.pro
perty.test.ts[2m 
> 
[22m[2mFeature: a
dmin-system-health-
fixes, Property 3: 
Settings 
Authentication 
Requirement[2m > 
[22m[2mProperty: 
Error responses 
have consistent 
format[2m > 
[22m[2mshould 
return consistent 
error format for 
all auth failures
[22m[39m[ARCJET] 
WARNING: Running 
without Arcjet 
protection

[90mstderr[2m | t
ests/property/admin
-system-health-fixe
s/settings-auth.pro
perty.test.ts[2m 
> 
[22m[2mFeature: a
dmin-system-health-
fixes, Property 3: 
Settings 
Authentication 
Requirement[2m > 
[22m[2mProperty: 
Error responses 
have consistent 
format[2m > 
[22m[2mshould 
return consistent 
error format for 
all auth failures
[22m[39m[ARCJET] 
WARNING: Running 
without Arcjet 
protection

[90mstderr[2m | t
ests/property/admin
-system-health-fixe
s/settings-auth.pro
perty.test.ts[2m 
> 
[22m[2mFeature: a
dmin-system-health-
fixes, Property 3: 
Settings 
Authentication 
Requirement[2m > 
[22m[2mProperty: 
Error responses 
have consistent 
format[2m > 
[22m[2mshould 
return consistent 
error format for 
all auth failures
[22m[39m[ARCJET] 
WARNING: Running 
without Arcjet 
protection

[90mstderr[2m | t
ests/property/admin
-system-health-fixe
s/settings-auth.pro
perty.test.ts[2m 
> 
[22m[2mFeature: a
dmin-system-health-
fixes, Property 3: 
Settings 
Authentication 
Requirement[2m > 
[22m[2mProperty: 
Error responses 
have consistent 
format[2m > 
[22m[2mshould 
return consistent 
error format for 
all auth failures
[22m[39m[ARCJET] 
WARNING: Running 
without Arcjet 
protection

[90mstderr[2m | t
ests/property/admin
-system-health-fixe
s/settings-auth.pro
perty.test.ts[2m 
> 
[22m[2mFeature: a
dmin-system-health-
fixes, Property 3: 
Settings 
Authentication 
Requirement[2m > 
[22m[2mProperty: 
Error responses 
have consistent 
format[2m > 
[22m[2mshould 
return consistent 
error format for 
all auth failures
[22m[39m[ARCJET] 
WARNING: Running 
without Arcjet 
protection

[90mstderr[2m | t
ests/property/admin
-system-health-fixe
s/settings-auth.pro
perty.test.ts[2m 
> 
[22m[2mFeature: a
dmin-system-health-
fixes, Property 3: 
Settings 
Authentication 
Requirement[2m > 
[22m[2mProperty: 
Error responses 
have consistent 
format[2m > 
[22m[2mshould 
return consistent 
error format for 
all auth failures
[22m[39m[ARCJET] 
WARNING: Running 
without Arcjet 
protection

[90mstdout[2m | tests/property/admin-system-health-fixes/settings-auth.property.test.ts[2m > [22m[2mFeature: admin-system-health-fixes, Property 3: Settings Authentication Requirement[2m > [22m[2mProperty: Error responses have consistent format[2m > [22m[2mshould return consistent error format for all auth failures
[22m[39m[AUTH] Token verification failed: Access token verification failed

[90mstdout[2m | tests/property/admin-system-health-fixes/settings-auth.property.test.ts[2m > [22m[2mFeature: admin-system-health-fixes, Property 3: Settings Authentication Requirement[2m > [22m[2mProperty: Error responses have consistent format[2m > [22m[2mshould return consistent error format for all auth failures
[22m[39m[AUTH] Token verification failed: Access token verification failed

 [32mΓ£ô[39m tests/property/admin-system-health-fixes/settings-auth.property.test.ts[2m > [22mFeature: admin-system-health-fixes, Property 3: Settings Authentication Requirement[2m > [22mProperty: Non-admin users are rejected (Requirement 2.6)[2m > [22mshould reject requests from non-admin users[33m 788[2mms[22m[39m
 [32mΓ£ô[39m tests/property/admin-system-health-fixes/settings-auth.property.test.ts[2m > [22mFeature: admin-system-health-fixes, Property 3: Settings Authentication Requirement[2m > [22mProperty: Error responses have consistent format[2m > [22mshould return consistent error format for all auth failures[33m 398[2mms[22m[39m
 [32mΓ£ô[39m tests/property/supabase-exit-migration.property.test.ts[2m > [22mData Integrity Properties[2m > [22mUUID Preservation[2m > [22mshould preserve UUID format after migration[33m 1093[2mms[22m[39m
 [32mΓ£ô[39m tests/property/supabase-exit-migration.property.test.ts[2m > [22mData Integrity Properties[2m > [22mUUID Preservation[2m > [22mshould accept any valid UUID format[33m 603[2mms[22m[39m
 [32mΓ£ô[39m tests/property/supabase-exit-migration.property.test.ts[2m > [22mData Integrity Properties[2m > [22mUUID Preservation[2m > [22mshould maintain UUID uniqueness[33m 305[2mms[22m[39m
 [32mΓ£ô[39m tests/property/supabase-exit-migration.property.test.ts[2m > [22mData Integrity Properties[2m > [22mTimestamp Preservation[2m > [22mshould preserve ISO 8601 timestamp format[32m 193[2mms[22m[39m
 [32mΓ£ô[39m tests/property/supabase-exit-migration.property.test.ts[2m > [22mData Integrity Properties[2m > [22mTimestamp Preservation[2m > [22mshould maintain timestamp ordering[33m 302[2mms[22m[39m
 [32mΓ£ô[39m tests/property/supabase-exit-migration.property.test.ts[2m > [22mData Integrity Properties[2m > [22mZambian Data Formats[2m > [22mshould validate Zambian phone numbers[32m 203[2mms[22m[39m
 [32mΓ£ô[39m tests/property/supabase-exit-migration.property.test.ts[2m > [22mData Integrity Properties[2m > [22mZambian Data Formats[2m > [22mshould validate NRC numbers[32m 200[2mms[22m[39m
 [32mΓ£ô[39m tests/property/supabase-exit-migration.property.test.ts[2m > [22mData Integrity Properties[2m > [22mZambian Data Formats[2m > [22mshould validate ECZ grades (1-9 scale)[32m 96[2mms[22m[39m
 [32mΓ£ô[39m tests/property/supabase-exit-migration.property.test.ts[2m > [22mSecurity Equivalence Properties[2m > [22mOwnership Checks[2m > [22mshould enforce user can only access own resources[32m 3[2mms[22m[39m
 [32mΓ£ô[39m tests/property/supabase-exit-migration.property.test.ts[2m > [22mSecurity Equivalence Properties[2m > [22mOwnership Checks[2m > [22mshould enforce role-based access control[32m 96[2mms[22m[39m
 [32mΓ£ô[39m tests/property/supabase-exit-migration.property.test.ts[2m > [22mSecurity Equivalence Properties[2m > [22mApplication Status Transitions[2m > [22mshould enforce valid status transitions[32m 92[2mms[22m[39m
 [32mΓ£ô[39m tests/property/supabase-exit-migration.property.test.ts[2m > [22mStorage Integrity Properties[2m > [22mFile Path Preservation[2m > [22mshould preserve file path structure[32m 6[2mms[22m[39m
 [32mΓ£ô[39m tests/property/supabase-exit-migration.property.test.ts[2m > [22mStorage Integrity Properties[2m > [22mFile Path Preservation[2m > [22mshould generate valid signed URLs[33m 12505[2mms[22m[39m
 [32mΓ£ô[39m tests/property/supabase-exit-migration.property.test.ts[2m > [22mStorage Integrity Properties[2m > [22mContent Type Mapping[2m > [22mshould map file extensions to correct MIME types[32m 84[2mms[22m[39m
 [32mΓ£ô[39m tests/property/supabase-exit-migration.property.test.ts[2m > [22mAPI Response Format Properties[2m > [22mshould return consistent response structure[32m 12[2mms[22m[39m
 [32mΓ£ô[39m tests/property/supabase-exit-migration.property.test.ts[2m > [22mDatabase Query Safety Properties[2m > [22mshould escape SQL injection attempts[32m 2[2mms[22m[39m
 [32mΓ£ô[39m tests/property/supabase-complete-removal/analytics-calculation.property.test.ts[2m > [22mFeature: supabase-complete-removal, Property 5: Analytics Calculation Correctness[2m > [22mCompletion Rate Calculation[2m > [22mPROPERTY: Completion rate SHALL be (completed / total) * 100, rounded[33m 10793[2mms[22m[39m
 [32mΓ£ô[39m tests/property/supabase-complete-removal/analytics-calculation.property.test.ts[2m > [22mFeature: supabase-complete-removal, Property 5: Analytics Calculation Correctness[2m > [22mCompletion Rate Calculation[2m > [22mPROPERTY: Completion rate SHALL be between 0 and 100 inclusive[33m 9898[2mms[22m[39m
 [32mΓ£ô[39m tests/property/supabase-complete-removal/analytics-calculation.property.test.ts[2m > [22mFeature: supabase-complete-removal, Property 5: Analytics Calculation Correctness[2m > [22mCompletion Rate Calculation[2m > [22mPROPERTY: Zero total applications SHALL result in 0% completion rate[33m 5203[2mms[22m[39m
 [32mΓ£ô[39m tests/property/supabase-complete-removal/analytics-calculation.property.test.ts[2m > [22mFeature: supabase-complete-removal, Property 5: Analytics Calculation Correctness[2m > [22mCompletion Rate Calculation[2m > [22mPROPERTY: All completed applications SHALL result in 100% completion rate[33m 4586[2mms[22m[39m
 [32mΓ£ô[39m tests/property/supabase-complete-removal/analytics-calculation.property.test.ts[2m > [22mFeature: supabase-complete-removal, Property 5: Analytics Calculation Correctness[2m > [22mCompletion Rate Calculation[2m > [22mPROPERTY: All draft applications SHALL result in 0% completion rate[33m 7106[2mms[22m[39m
 [32mΓ£ô[39m tests/property/supabase-complete-removal/analytics-calculation.property.test.ts[2m > [22mFeature: supabase-complete-removal, Property 5: Analytics Calculation Correctness[2m > [22mTime Conversion[2m > [22mPROPERTY: avg_time_hours SHALL be converted to minutes correctly[33m 5596[2mms[22m[39m
 [32mΓ£ô[39m tests/property/supabase-complete-removal/analytics-calculation.property.test.ts[2m > [22mFeature: supabase-complete-removal, Property 5: Analytics Calculation Correctness[2m > [22mTime Conversion[2m > [22mPROPERTY: Zero avg_time_hours SHALL result in 0 minutes[32m 3[2mms[22m[39m
 [32mΓ£ô[39m tests/property/supabase-complete-removal/analytics-calculation.property.test.ts[2m > [22mFeature: supabase-complete-removal, Property 5: Analytics Calculation Correctness[2m > [22mTime Conversion[2m > [22mPROPERTY: Undefined avg_time_hours SHALL be treated as 0[32m 2[2mms[22m[39m
 [32mΓ£ô[39m tests/property/supabase-complete-removal/analytics-calculation.property.test.ts[2m > [22mFeature: supabase-complete-removal, Property 5: Analytics Calculation Correctness[2m > [22mTime Display Formatting[2m > [22mPROPERTY: Time > 60 minutes SHALL display in hours[32m 5[2mms[22m[39m
 [32mΓ£ô[39m tests/property/supabase-complete-removal/analytics-calculation.property.test.ts[2m > [22mFeature: supabase-complete-removal, Property 5: Analytics Calculation Correctness[2m > [22mTime Display Formatting[2m > [22mPROPERTY: Time 1-60 minutes SHALL display in minutes[32m 293[2mms[22m[39m
 [32mΓ£ô[39m tests/property/supabase-complete-removal/analytics-calculation.property.test.ts[2m > [22mFeature: supabase-complete-removal, Property 5: Analytics Calculation Correctness[2m > [22mTime Display Formatting[2m > [22mPROPERTY: Time 0 minutes SHALL display as "0m"[32m 0[2mms[22m[39m
 [32mΓ£ô[39m tests/property/supabase-complete-removal/analytics-calculation.property.test.ts[2m > [22mFeature: supabase-complete-removal, Property 5: Analytics Calculation Correctness[2m > [22mData Transformation[2m > [22mPROPERTY: API response transformation SHALL preserve counts[33m 4002[2mms[22m[39m
 [32mΓ£ô[39m tests/property/supabase-complete-removal/analytics-calculation.property.test.ts[2m > [22mFeature: supabase-complete-removal, Property 5: Analytics Calculation Correctness[2m > [22mData Transformation[2m > [22mPROPERTY: Null/undefined values SHALL default to 0[33m 3098[2mms[22m[39m
 [32mΓ£ô[39m tests/property/supabase-complete-removal/analytics-calculation.property.test.ts[2m > [22mEdge Cases[2m > [22mPROPERTY: Very large numbers SHALL not cause overflow[33m 5702[2mms[22m[39m
 [32mΓ£ô[39m tests/property/supabase-complete-removal/analytics-calculation.property.test.ts[2m > [22mEdge Cases[2m > [22mPROPERTY: Rounding SHALL be consistent (Math.round)[33m 2211[2mms[22m[39m
 [31m├ù[39m tests/property/password.property.test.ts[2m > [22mProperty 2: Password hash round-trip[2m > [22mCore Round-Trip Property[2m > [22mPROPERTY: For any valid password, hashing then verifying returns true[33m 30192[2mms[22m[39m
[31m   ΓåÆ Test timed out in 30000ms.
If this is a long-running test, pass a timeout value as the last argument or configure it globally with "testTimeout".[39m
 [32mΓ£ô[39m tests/unit/api/catch-all-404.test.ts[2m > [22mFeature: vercel-production-fixes, Catch-All 404 Handler[2m > [22m404 Response (Requirement 1.5)[2m > [22mshould return HTTP status code 404 for non-existent routes[32m 4[2mms[22m[39m
 [32mΓ£ô[39m tests/unit/api/catch-all-404.test.ts[2m > [22mFeature: vercel-production-fixes, Catch-All 404 Handler[2m > [22m404 Response (Requirement 1.5)[2m > [22mshould return JSON response with success: false[32m 1[2mms[22m[39m
 [32mΓ£ô[39m tests/unit/api/catch-all-404.test.ts[2m > [22mFeature: vercel-production-fixes, Catch-All 404 Handler[2m > [22m404 Response (Requirement 1.5)[2m > [22mshould return error message "API endpoint not found"[32m 0[2mms[22m[39m
 [32mΓ£ô[39m tests/unit/api/catch-all-404.test.ts[2m > [22mFeature: vercel-production-fixes, Catch-All 404 Handler[2m > [22m404 Response (Requirement 1.5)[2m > [22mshould return error code "NOT_FOUND"[32m 0[2mms[22m[39m
 [32mΓ£ô[39m tests/unit/api/catch-all-404.test.ts[2m > [22mFeature: vercel-production-fixes, Catch-All 404 Handler[2m > [22mError Response Format (Requirement 6.4)[2m > [22mshould return response matching ApiErrorResponse interface[32m 1[2mms[22m[39m
 [32mΓ£ô[39m tests/unit/api/catch-all-404.test.ts[2m > [22mFeature: vercel-production-fixes, Catch-All 404 Handler[2m > [22mError Response Format (Requirement 6.4)[2m > [22mshould set Content-Type header to application/json (Requirement 4.4)[32m 0[2mms[22m[39m
 [32mΓ£ô[39m tests/unit/api/catch-all-404.test.ts[2m > [22mFeature: vercel-production-fixes, Catch-All 404 Handler[2m > [22mError Response Format (Requirement 6.4)[2m > [22mshould not expose internal details in error response[32m 0[2mms[22m[39m
 [32mΓ£ô[39m tests/unit/api/catch-all-404.test.ts[2m > [22mFeature: vercel-production-fixes, Catch-All 404 Handler[2m > [22mHTTP Methods[2m > [22mshould return 404 for GET requests[32m 0[2mms[22m[39m
 [32mΓ£ô[39m tests/unit/api/catch-all-404.test.ts[2m > [22mFeature: vercel-production-fixes, Catch-All 404 Handler[2m > [22mHTTP Methods[2m > [22mshould return 404 for POST requests[32m 0[2mms[22m[39m
 [32mΓ£ô[39m tests/unit/api/catch-all-404.test.ts[2m > [22mFeature: vercel-production-fixes, Catch-All 404 Handler[2m > [22mHTTP Methods[2m > [22mshould return 404 for PUT requests[32m 0[2mms[22m[39m
 [32mΓ£ô[39m tests/unit/api/catch-all-404.test.ts[2m > [22mFeature: vercel-production-fixes, Catch-All 404 Handler[2m > [22mHTTP Methods[2m > [22mshould return 404 for DELETE requests[32m 0[2mms[22m[39m
 [32mΓ£ô[39m tests/unit/api/catch-all-404.test.ts[2m > [22mFeature: vercel-production-fixes, Catch-All 404 Handler[2m > [22mHTTP Methods[2m > [22mshould return 404 for PATCH requests[32m 0[2mms[22m[39m
 [32mΓ£ô[39m tests/unit/api/catch-all-404.test.ts[2m > [22mFeature: vercel-production-fixes, Catch-All 404 Handler[2m > [22mCORS Headers[2m > [22mshould set Access-Control-Allow-Origin header[32m 0[2mms[22m[39m
 [32mΓ£ô[39m tests/unit/api/catch-all-404.test.ts[2m > [22mFeature: vercel-production-fixes, Catch-All 404 Handler[2m > [22mCORS Headers[2m > [22mshould set Access-Control-Allow-Methods header[32m 0[2mms[22m[39m
 [32mΓ£ô[39m tests/unit/api/catch-all-404.test.ts[2m > [22mFeature: vercel-production-fixes, Catch-All 404 Handler[2m > [22mCORS Headers[2m > [22mshould set Access-Control-Allow-Headers header[32m 0[2mms[22m[39m
 [32mΓ£ô[39m tests/unit/api/catch-all-404.test.ts[2m > [22mFeature: vercel-production-fixes, Catch-All 404 Handler[2m > [22mCORS Headers[2m > [22mshould handle OPTIONS preflight request with 204 status[32m 0[2mms[22m[39m
 [32mΓ£ô[39m tests/unit/api/catch-all-404.test.ts[2m > [22mFeature: vercel-production-fixes, Catch-All 404 Handler[2m > [22mCORS Headers[2m > [22mshould set CORS headers for localhost development[32m 84[2mms[22m[39m
 [32mΓ£ô[39m tests/unit/api/catch-all-404.test.ts[2m > [22mFeature: vercel-production-fixes, Catch-All 404 Handler[2m > [22mLogging[2m > [22mshould log 404 requests for monitoring[32m 2[2mms[22m[39m
 [32mΓ£ô[39m tests/unit/api/catch-all-404.test.ts[2m > [22mFeature: vercel-production-fixes, Catch-All 404 Handler[2m > [22mLogging[2m > [22mshould include requested path in log message[32m 0[2mms[22m[39m
 [32mΓ£ô[39m tests/unit/api/catch-all-404.test.ts[2m > [22mFeature: vercel-production-fixes, Catch-All 404 Handler[2m > [22mVarious Path Patterns[2m > [22mshould handle simple non-existent paths[32m 0[2mms[22m[39m
 [32mΓ£ô[39m tests/unit/api/catch-all-404.test.ts[2m > [22mFeature: vercel-production-fixes, Catch-All 404 Handler[2m > [22mVarious Path Patterns[2m > [22mshould handle nested non-existent paths[32m 0[2mms[22m[39m
 [32mΓ£ô[39m tests/unit/api/catch-all-404.test.ts[2m > [22mFeature: vercel-production-fixes, Catch-All 404 Handler[2m > [22mVarious Path Patterns[2m > [22mshould handle paths with query parameters[32m 0[2mms[22m[39m
 [32mΓ£ô[39m tests/unit/api/catch-all-404.test.ts[2m > [22mFeature: vercel-production-fixes, Catch-All 404 Handler[2m > [22mVarious Path Patterns[2m > [22mshould handle undefined url gracefully[32m 1[2mms[22m[39m
 [32mΓ£ô[39m tests/unit/api/catch-all-404.test.ts[2m > [22mFeature: vercel-production-fixes, Catch-All 404 Handler[2m > [22mLegacy Admin Settings Endpoint Guidance (Requirement 2.5)[2m > [22mshould return 404 with helpful message for /api/admin-settings[32m 0[2mms[22m[39m
 [32mΓ£ô[39m tests/unit/api/catch-all-404.test.ts[2m > [22mFeature: vercel-production-fixes, Catch-All 404 Handler[2m > [22mLegacy Admin Settings Endpoint Guidance (Requirement 2.5)[2m > [22mshould return 404 with helpful message for /api/admin-settings with query params[32m 0[2mms[22m[39m
 [32mΓ£ô[39m tests/unit/api/catch-all-404.test.ts[2m > [22mFeature: vercel-production-fixes, Catch-All 404 Handler[2m > [22mLegacy Admin Settings Endpoint Guidance (Requirement 2.5)[2m > [22mshould return 404 with helpful message for POST to /api/admin-settings[32m 0[2mms[22m[39m
 [32mΓ£ô[39m tests/unit/api/catch-all-404.test.ts[2m > [22mFeature: vercel-production-fixes, Catch-All 404 Handler[2m > [22mLegacy Admin Settings Endpoint Guidance (Requirement 2.5)[2m > [22mshould return 404 with helpful message for PUT to /api/admin-settings[32m 0[2mms[22m[39m
 [32mΓ£ô[39m tests/unit/api/catch-all-404.test.ts[2m > [22mFeature: vercel-production-fixes, Catch-All 404 Handler[2m > [22mLegacy Admin Settings Endpoint Guidance (Requirement 2.5)[2m > [22mshould return 404 with helpful message for DELETE to /api/admin-settings[32m 0[2mms[22m[39m
 [32mΓ£ô[39m tests/unit/api/catch-all-404.test.ts[2m > [22mFeature: vercel-production-fixes, Catch-All 404 Handler[2m > [22mLegacy Admin Settings Endpoint Guidance (Requirement 2.5)[2m > [22mshould return generic 404 for other non-existent endpoints[32m 0[2mms[22m[39m
 [32mΓ£ô[39m tests/property/supabase-complete-removal/api-endpoints.property.test.ts[2m > [22mFeature: supabase-complete-removal, Property 1: API Endpoint Correctness[2m > [22mPayment.tsx API calls[2m > [22mPROPERTY: Payment page SHALL call /api/applications with action=list and mine=true[33m 4892[2mms[22m[39m
 [32mΓ£ô[39m tests/property/supabase-complete-removal/api-endpoints.property.test.ts[2m > [22mFeature: supabase-complete-removal, Property 1: API Endpoint Correctness[2m > [22mPayment.tsx API calls[2m > [22mPROPERTY: For any valid filter combination, applications list SHALL call correct endpoint[33m 500[2mms[22m[39m
 [32mΓ£ô[39m tests/property/supabase-complete-removal/api-endpoints.property.test.ts[2m > [22mFeature: supabase-complete-removal, Property 1: API Endpoint Correctness[2m > [22mInterview.tsx API calls[2m > [22mPROPERTY: Interview page SHALL call /api/applications with action=interviews[32m 207[2mms[22m[39m
 [32mΓ£ô[39m tests/property/supabase-complete-removal/api-endpoints.property.test.ts[2m > [22mFeature: supabase-complete-removal, Property 1: API Endpoint Correctness[2m > [22mDashboard.tsx API calls[2m > [22mPROPERTY: Dashboard SHALL call /api/applications with action=interviews for interview data[32m 195[2mms[22m[39m
 [31m├ù[39m tests/property/password.property.test.ts[2m > [22mProperty 2: Password hash round-trip[2m > [22mCore Round-Trip Property[2m > [22mPROPERTY: For any password with special characters, hashing then verifying returns true[33m 30194[2mms[22m[39m
[31m   ΓåÆ Test timed out in 30000ms.
If this is a long-running test, pass a timeout value as the last argument or configure it globally with "testTimeout".[39m
 [32mΓ£ô[39m tests/property/supabase-complete-removal/api-endpoints.property.test.ts[2m > [22mFeature: supabase-complete-removal, Property 1: API Endpoint Correctness[2m > [22mAnalyticsDashboard.tsx API calls[2m > [22mPROPERTY: AnalyticsDashboard SHALL call /api/applications with action=stats[32m 205[2mms[22m[39m
 [32mΓ£ô[39m tests/property/supabase-complete-removal/api-endpoints.property.test.ts[2m > [22mFeature: supabase-complete-removal, Property 1: API Endpoint Correctness[2m > [22mSignUpPage.tsx API calls[2m > [22mPROPERTY: SignUpPage SHALL call /api/auth with action=check-email for email validation[33m 11300[2mms[22m[39m
 [32mΓ£ô[39m tests/property/supabase-complete-removal/api-endpoints.property.test.ts[2m > [22mFeature: supabase-complete-removal, Property 1: API Endpoint Correctness[2m > [22mSignUpPage.tsx API calls[2m > [22mPROPERTY: Email parameter SHALL be properly URL encoded[33m 692[2mms[22m[39m
 [32mΓ£ô[39m tests/property/supabase-complete-removal/api-endpoints.property.test.ts[2m > [22mEdge Cases[2m > [22mPROPERTY: Empty filters should still include action=list[32m 1[2mms[22m[39m
 [32mΓ£ô[39m tests/property/supabase-complete-removal/api-endpoints.property.test.ts[2m > [22mEdge Cases[2m > [22mPROPERTY: All API calls SHALL include Content-Type header[32m 4[2mms[22m[39m
[90mstdout[2m | tests/unit/auth-middleware.test.ts[2m > [22m[2mAuth Middleware[2m > [22m[2mgetAuthUser[2m > [22m[2mshould return null when token verification fails
[22m[39m[AUTH] Token verification failed: Invalid signature

 [32mΓ£ô[39m tests/unit/auth-middleware.test.ts[2m > [22mAuth Middleware[2m > [22mgetAuthUser[2m > [22mshould return null when no token is present[32m 2[2mms[22m[39m
 [32mΓ£ô[39m tests/unit/auth-middleware.test.ts[2m > [22mAuth Middleware[2m > [22mgetAuthUser[2m > [22mshould return AuthContext when cookie token is valid[32m 2[2mms[22m[39m
 [32mΓ£ô[39m tests/unit/auth-middleware.test.ts[2m > [22mAuth Middleware[2m > [22mgetAuthUser[2m > [22mshould return AuthContext when Bearer token is valid[32m 1[2mms[22m[39m
 [32mΓ£ô[39m tests/unit/auth-middleware.test.ts[2m > [22mAuth Middleware[2m > [22mgetAuthUser[2m > [22mshould prefer cookie token over Bearer token (Requirement 4.8)[32m 0[2mms[22m[39m
 [32mΓ£ô[39m tests/unit/auth-middleware.test.ts[2m > [22mAuth Middleware[2m > [22mgetAuthUser[2m > [22mshould return null when token verification fails[32m 2[2mms[22m[39m
 [32mΓ£ô[39m tests/unit/auth-middleware.test.ts[2m > [22mAuth Middleware[2m > [22mgetAuthUser[2m > [22mshould handle empty permissions array[32m 0[2mms[22m[39m
[90mstdout[2m | tests/unit/auth-middleware.test.ts[2m > [22m[2mAuth Middleware[2m > [22m[2mrequireAuth (Requirement 8.5)[2m > [22m[2mshould throw AuthenticationError with TOKEN_EXPIRED code when token is expired
[22m[39m[AUTH] Token verification failed: Access token has expired

[90mstdout[2m | tests/unit/auth-middleware.test.ts[2m > [22m[2mAuth Middleware[2m > [22m[2mrequireAuth (Requirement 8.5)[2m > [22m[2mshould throw AuthenticationError with INVALID_TOKEN code when signature is invalid
[22m[39m[AUTH] Token verification failed: Invalid token signature

[90mstdout[2m | tests/unit/auth-middleware.test.ts[2m > [22m[2mAuth Middleware[2m > [22m[2mrequireRole (Requirement 8.6)[2m > [22m[2mshould throw AuthorizationError when user lacks required role
[22m[39m[AUTH] Authorization failed: user role student not in required roles admin, super_admin

[90mstdout[2m | tests/unit/auth-middleware.test.ts[2m > [22m[2mAuth Middleware[2m > [22m[2mrequireRole (Requirement 8.6)[2m > [22m[2mshould throw AuthorizationError when user lacks required role
[22m[39m[AUTH] Authorization failed: user role student not in required roles admin, super_admin

[90mstdout[2m | tests/unit/auth-middleware.test.ts[2m > [22m[2mAuth Middleware[2m > [22m[2mrequirePermission[2m > [22m[2mshould throw AuthorizationError when user lacks required permission
[22m[39m[AUTH] Authorization failed: user lacks permission users:delete

 [32mΓ£ô[39m tests/unit/auth-middleware.test.ts[2m > [22mAuth Middleware[2m > [22mrequireAuth (Requirement 8.5)[2m > [22mshould throw AuthenticationError when no token is present[32m 91[2mms[22m[39m
 [32mΓ£ô[39m tests/unit/auth-middleware.test.ts[2m > [22mAuth Middleware[2m > [22mrequireAuth (Requirement 8.5)[2m > [22mshould throw AuthenticationError with TOKEN_EXPIRED code when token is expired[32m 1[2mms[22m[39m
 [32mΓ£ô[39m tests/unit/auth-middleware.test.ts[2m > [22mAuth Middleware[2m > [22mrequireAuth (Requirement 8.5)[2m > [22mshould throw AuthenticationError with INVALID_TOKEN code when signature is invalid[32m 1[2mms[22m[39m
 [32mΓ£ô[39m tests/unit/auth-middleware.test.ts[2m > [22mAuth Middleware[2m > [22mrequireAuth (Requirement 8.5)[2m > [22mshould return AuthContext when token is valid[32m 0[2mms[22m[39m
 [32mΓ£ô[39m tests/unit/auth-middleware.test.ts[2m > [22mAuth Middleware[2m > [22mrequireAuth (Requirement 8.5)[2m > [22mshould support Bearer token authentication (Requirement 4.8)[32m 1[2mms[22m[39m
 [32mΓ£ô[39m tests/unit/auth-middleware.test.ts[2m > [22mAuth Middleware[2m > [22mrequireRole (Requirement 8.6)[2m > [22mshould throw AuthenticationError when not authenticated[32m 0[2mms[22m[39m
 [32mΓ£ô[39m tests/unit/auth-middleware.test.ts[2m > [22mAuth Middleware[2m > [22mrequireRole (Requirement 8.6)[2m > [22mshould throw AuthorizationError when user lacks required role[32m 1[2mms[22m[39m
 [32mΓ£ô[39m tests/unit/auth-middleware.test.ts[2m > [22mAuth Middleware[2m > [22mrequireRole (Requirement 8.6)[2m > [22mshould return AuthContext when user has required role[32m 0[2mms[22m[39m
 [32mΓ£ô[39m tests/unit/auth-middleware.test.ts[2m > [22mAuth Middleware[2m > [22mrequireRole (Requirement 8.6)[2m > [22mshould accept any role from the allowed list[32m 0[2mms[22m[39m
 [32mΓ£ô[39m tests/unit/auth-middleware.test.ts[2m > [22mAuth Middleware[2m > [22mrequireRole (Requirement 8.6)[2m > [22mshould work with single role requirement[32m 0[2mms[22m[39m
 [32mΓ£ô[39m tests/unit/auth-middleware.test.ts[2m > [22mAuth Middleware[2m > [22mrequirePermission[2m > [22mshould throw AuthenticationError when not authenticated[32m 0[2mms[22m[39m
 [32mΓ£ô[39m tests/unit/auth-middleware.test.ts[2m > [22mAuth Middleware[2m > [22mrequirePermission[2m > [22mshould throw AuthorizationError when user lacks required permission[32m 1[2mms[22m[39m
 [32mΓ£ô[39m tests/unit/auth-middleware.test.ts[2m > [22mAuth Middleware[2m > [22mrequirePermission[2m > [22mshould return AuthContext when user has required permission[32m 2[2mms[22m[39m
 [32mΓ£ô[39m tests/unit/auth-middleware.test.ts[2m > [22mAuth Middleware[2m > [22mhasPermission[2m > [22mshould return true when user has the permission[32m 0[2mms[22m[39m
 [32mΓ£ô[39m tests/unit/auth-middleware.test.ts[2m > [22mAuth Middleware[2m > [22mhasPermission[2m > [22mshould return false when user lacks the permission[32m 0[2mms[22m[39m
 [32mΓ£ô[39m tests/unit/auth-middleware.test.ts[2m > [22mAuth Middleware[2m > [22mhasPermission[2m > [22mshould return false for empty permissions array[32m 0[2mms[22m[39m
 [32mΓ£ô[39m tests/unit/auth-middleware.test.ts[2m > [22mAuth Middleware[2m > [22mError classes[2m > [22mAuthenticationError should have correct properties[32m 0[2mms[22m[39m
 [32mΓ£ô[39m tests/unit/auth-middleware.test.ts[2m > [22mAuth Middleware[2m > [22mError classes[2m > [22mAuthorizationError should have correct properties[32m 0[2mms[22m[39m
 [32mΓ£ô[39m tests/unit/auth-middleware.test.ts[2m > [22mAuth Middleware[2m > [22mError classes[2m > [22mAuthenticationError should have default values[32m 0[2mms[22m[39m
 [32mΓ£ô[39m tests/unit/auth-middleware.test.ts[2m > [22mAuth Middleware[2m > [22mError classes[2m > [22mAuthorizationError should have default values[32m 0[2mms[22m[39m
 [31m├ù[39m tests/property/password.property.test.ts[2m > [22mProperty 2: Password hash round-trip[2m > [22mCore Round-Trip Property[2m > [22mPROPERTY: For any unicode password, hashing then verifying returns true[33m 30201[2mms[22m[39m
[31m   ΓåÆ Test timed out in 30000ms.
If this is a long-running test, pass a timeout value as the last argument or configure it globally with "testTimeout".[39m
 [31m├ù[39m tests/property/password.property.test.ts[2m > [22mProperty 2: Password hash round-trip[2m > [22mHash Uniqueness Property[2m > [22mPROPERTY: Different passwords produce different hashes[33m 30298[2mms[22m[39m
[31m   ΓåÆ Test timed out in 30000ms.
If this is a long-running test, pass a timeout value as the last argument or configure it globally with "testTimeout".[39m
 [31m├ù[39m tests/property/password.property.test.ts[2m > [22mProperty 2: Password hash round-trip[2m > [22mHash Uniqueness Property[2m > [22mPROPERTY: Same password hashed twice produces different hashes (due to salt)[33m 30308[2mms[22m[39m
[31m   ΓåÆ Test timed out in 30000ms.
If this is a long-running test, pass a timeout value as the last argument or configure it globally with "testTimeout".[39m
 [32mΓ£ô[39m tests/property/admin-system-health-fixes/audit-log-actor.property.test.ts[2m > [22mFeature: admin-system-health-fixes, Property 4: Audit Log Actor Relationship Resilience[2m > [22mProperty: Query completes successfully regardless of actor existence (Requirements 3.1, 3.2, 3.3)[2m > [22mshould map audit logs without errors for any actor state[33m 2615[2mms[22m[39m
 [31m├ù[39m tests/property/password.property.test.ts[2m > [22mProperty 2: Password hash round-trip[2m > [22mWrong Password Rejection Property[2m > [22mPROPERTY: Verification with wrong password returns false[33m 30207[2mms[22m[39m
[31m   ΓåÆ Test timed out in 30000ms.
If this is a long-running test, pass a timeout value as the last argument or configure it globally with "testTimeout".[39m
 [32mΓ£ô[39m tests/property/admin-system-health-fixes/audit-log-actor.property.test.ts[2m > [22mFeature: admin-system-health-fixes, Property 4: Audit Log Actor Relationship Resilience[2m > [22mProperty: Query completes successfully regardless of actor existence (Requirements 3.1, 3.2, 3.3)[2m > [22mshould return null actorEmail when actor is null (Requirement 3.2)[33m 1105[2mms[22m[39m
 [32mΓ£ô[39m tests/property/admin-system-health-fixes/audit-log-actor.property.test.ts[2m > [22mFeature: admin-system-health-fixes, Property 4: Audit Log Actor Relationship Resilience[2m > [22mProperty: Query completes successfully regardless of actor existence (Requirements 3.1, 3.2, 3.3)[2m > [22mshould return actor email when actor exists (Requirement 3.1)[32m 200[2mms[22m[39m
 [32mΓ£ô[39m tests/property/admin-system-health-fixes/audit-log-actor.property.test.ts[2m > [22mFeature: admin-system-health-fixes, Property 4: Audit Log Actor Relationship Resilience[2m > [22mProperty: Mixed actor states in batch queries (Requirement 3.3)[2m > [22mshould handle mixed null and non-null actors in same query[33m 9409[2mms[22m[39m
 [32mΓ£ô[39m tests/property/admin-system-health-fixes/audit-log-actor.property.test.ts[2m > [22mFeature: admin-system-health-fixes, Property 4: Audit Log Actor Relationship Resilience[2m > [22mProperty: Actor ID preservation regardless of profile existence[2m > [22mshould preserve actor_id even when actor profile is null[32m 292[2mms[22m[39m
 [32mΓ£ô[39m tests/property/admin-system-health-fixes/audit-log-actor.property.test.ts[2m > [22mFeature: admin-system-health-fixes, Property 4: Audit Log Actor Relationship Resilience[2m > [22mProperty: Actor ID preservation regardless of profile existence[2m > [22mshould handle case where actor_id exists but profile was deleted[32m 201[2mms[22m[39m
 [32mΓ£ô[39m tests/property/admin-system-health-fixes/audit-log-actor.property.test.ts[2m > [22mFeature: admin-system-health-fixes, Property 4: Audit Log Actor Relationship Resilience[2m > [22mProperty: All audit log fields are correctly mapped[2m > [22mshould correctly map all fields regardless of actor state[33m 598[2mms[22m[39m
 [32mΓ£ô[39m tests/property/admin-system-health-fixes/audit-log-actor.property.test.ts[2m > [22mFeature: admin-system-health-fixes, Property 4: Audit Log Actor Relationship Resilience[2m > [22mProperty: Empty result sets are handled correctly[2m > [22mshould return empty array for empty input[32m 0[2mms[22m[39m
 [32mΓ£ô[39m tests/property/admin-system-health-fixes/audit-log-actor.property.test.ts[2m > [22mFeature: admin-system-health-fixes, Property 4: Audit Log Actor Relationship Resilience[2m > [22mProperty: Query pattern uses correct field names[2m > [22mshould use actor field name (not profiles) for joined data[32m 204[2mms[22m[39m
 [31m├ù[39m tests/property/password.property.test.ts[2m > [22mProperty 2: Password hash round-trip[2m > [22mWrong Password Rejection Property[2m > [22mPROPERTY: Verification with modified password returns false[33m 32598[2mms[22m[39m
[31m   ΓåÆ Test timed out in 30000ms.
If this is a long-running test, pass a timeout value as the last argument or configure it globally with "testTimeout".[39m
 [31m├ù[39m tests/property/password.property.test.ts[2m > [22mProperty 2: Password hash round-trip[2m > [22mHash Format Property[2m > [22mPROPERTY: Hash format is valid bcrypt with 12 rounds[33m 30287[2mms[22m[39m
[31m   ΓåÆ Test timed out in 30000ms.
If this is a long-running test, pass a timeout value as the last argument or configure it globally with "testTimeout".[39m
 [32mΓ£ô[39m tests/property/password.property.test.ts[2m > [22mProperty 2: Password hash round-trip[2m > [22mHash Format Property[2m > [22mPROPERTY: Configured bcrypt rounds is 12[32m 1[2mms[22m[39m
 [31m├ù[39m tests/property/password.property.test.ts[2m > [22mProperty 2: Password hash round-trip[2m > [22mEdge Cases[2m > [22mPROPERTY: Single character passwords hash and verify correctly[33m 30110[2mms[22m[39m
[31m   ΓåÆ Test timed out in 30000ms.
If this is a long-running test, pass a timeout value as the last argument or configure it globally with "testTimeout".[39m
 [31m├ù[39m tests/property/password.property.test.ts[2m > [22mProperty 2: Password hash round-trip[2m > [22mEdge Cases[2m > [22mPROPERTY: Long passwords (up to 72 bytes) hash and verify correctly[33m 30885[2mms[22m[39m
[31m   ΓåÆ Test timed out in 30000ms.
If this is a long-running test, pass a timeout value as the last argument or configure it globally with "testTimeout".[39m
 [31m├ù[39m tests/property/password.property.test.ts[2m > [22mProperty 2: Password hash round-trip[2m > [22mEdge Cases[2m > [22mPROPERTY: Passwords with only whitespace hash and verify correctly[33m 30315[2mms[22m[39m
[31m   ΓåÆ Test timed out in 30000ms.
If this is a long-running test, pass a timeout value as the last argument or configure it globally with "testTimeout".[39m
 [32mΓ£ô[39m tests/unit/realtime.test.ts[2m > [22mRealtime System Unit Tests[2m > [22mSSE Event Format[2m > [22mshould format SSE events correctly[32m 4[2mms[22m[39m
 [32mΓ£ô[39m tests/unit/realtime.test.ts[2m > [22mRealtime System Unit Tests[2m > [22mSSE Event Format[2m > [22mshould serialize event data as JSON[32m 1[2mms[22m[39m
 [32mΓ£ô[39m tests/unit/realtime.test.ts[2m > [22mRealtime System Unit Tests[2m > [22mSSE Event Format[2m > [22mshould include event ID for replay support[32m 0[2mms[22m[39m
 [32mΓ£ô[39m tests/unit/realtime.test.ts[2m > [22mRealtime System Unit Tests[2m > [22mEvent Replay with lastEventId[2m > [22mshould return all events when no lastEventId provided[32m 1[2mms[22m[39m
 [32mΓ£ô[39m tests/unit/realtime.test.ts[2m > [22mRealtime System Unit Tests[2m > [22mEvent Replay with lastEventId[2m > [22mshould return events after lastEventId[32m 0[2mms[22m[39m
 [32mΓ£ô[39m tests/unit/realtime.test.ts[2m > [22mRealtime System Unit Tests[2m > [22mEvent Replay with lastEventId[2m > [22mshould return empty array when lastEventId is the latest[32m 0[2mms[22m[39m
 [32mΓ£ô[39m tests/unit/realtime.test.ts[2m > [22mRealtime System Unit Tests[2m > [22mEvent Replay with lastEventId[2m > [22mshould return all events when lastEventId not found[32m 0[2mms[22m[39m
 [32mΓ£ô[39m tests/unit/realtime.test.ts[2m > [22mRealtime System Unit Tests[2m > [22mPolling Returns Correct Events[2m > [22mshould filter events by user ID[32m 1[2mms[22m[39m
 [32mΓ£ô[39m tests/unit/realtime.test.ts[2m > [22mRealtime System Unit Tests[2m > [22mPolling Returns Correct Events[2m > [22mshould include broadcast events (no userId) for all users[32m 0[2mms[22m[39m
 [32mΓ£ô[39m tests/unit/realtime.test.ts[2m > [22mRealtime System Unit Tests[2m > [22mPolling Returns Correct Events[2m > [22mshould limit returned events to last 10[32m 0[2mms[22m[39m
 [32mΓ£ô[39m tests/unit/realtime.test.ts[2m > [22mRealtime System Unit Tests[2m > [22mEvent Types[2m > [22mshould support all defined event types[32m 1[2mms[22m[39m
 [32mΓ£ô[39m tests/unit/realtime.test.ts[2m > [22mRealtime System Unit Tests[2m > [22mEdge Cases[2m > [22mshould handle empty event history[32m 0[2mms[22m[39m
 [32mΓ£ô[39m tests/unit/realtime.test.ts[2m > [22mRealtime System Unit Tests[2m > [22mEdge Cases[2m > [22mshould handle events with complex data structures[32m 1[2mms[22m[39m
 [32mΓ£ô[39m tests/unit/realtime.test.ts[2m > [22mRealtime System Unit Tests[2m > [22mEdge Cases[2m > [22mshould handle special characters in event data[32m 0[2mms[22m[39m
 [31m├ù[39m tests/property/password.property.test.ts[2m > [22mProperty 2: Password hash round-trip[2m > [22mEdge Cases[2m > [22mPROPERTY: Passwords with null bytes hash and verify correctly[33m 31189[2mms[22m[39m
[31m   ΓåÆ Test timed out in 30000ms.
If this is a long-running test, pass a timeout value as the last argument or configure it globally with "testTimeout".[39m
 [32mΓ£ô[39m tests/property/password.property.test.ts[2m > [22mProperty 2: Password hash round-trip[2m > [22mError Handling[2m > [22mshould throw error for empty password[32m 2[2mms[22m[39m
 [31m├ù[39m tests/property/password.property.test.ts[2m > [22mProperty 2: Password hash round-trip[2m > [22mError Handling[2m > [22mshould return false for empty password verification[33m 31009[2mms[22m[39m
[31m   ΓåÆ Test timed out in 30000ms.
If this is a long-running test, pass a timeout value as the last argument or configure it globally with "testTimeout".[39m
 [32mΓ£ô[39m tests/property/password.property.test.ts[2m > [22mProperty 2: Password hash round-trip[2m > [22mError Handling[2m > [22mshould return false for empty hash verification[32m 0[2mms[22m[39m
 [32mΓ£ô[39m tests/property/password.property.test.ts[2m > [22mProperty 2: Password hash round-trip[2m > [22mError Handling[2m > [22mshould return false for invalid hash format[32m 187[2mms[22m[39m
 [32mΓ£ô[39m tests/property/password.property.test.ts[2m > [22mProperty 2: Password hash round-trip[2m > [22mError Handling[2m > [22mshould return false for null inputs[32m 1[2mms[22m[39m
 [32mΓ£ô[39m tests/unit/featureFlagScanner.test.ts[2m > [22mextractFeatureFlagDefinitions[2m > [22mdetects FEATURE_* constant definitions[32m 4[2mms[22m[39m
 [32mΓ£ô[39m tests/unit/featureFlagScanner.test.ts[2m > [22mextractFeatureFlagDefinitions[2m > [22mdetects FLAG_* constant definitions[32m 0[2mms[22m[39m
 [32mΓ£ô[39m tests/unit/featureFlagScanner.test.ts[2m > [22mextractFeatureFlagDefinitions[2m > [22mdetects ENABLE_* constant definitions[32m 0[2mms[22m[39m
 [32mΓ£ô[39m tests/unit/featureFlagScanner.test.ts[2m > [22mextractFeatureFlagDefinitions[2m > [22mdetects IS_*_ENABLED constant definitions[32m 0[2mms[22m[39m
 [32mΓ£ô[39m tests/unit/featureFlagScanner.test.ts[2m > [22mextractFeatureFlagDefinitions[2m > [22mdetects USE_*_FEATURE constant definitions[32m 0[2mms[22m[39m
 [32mΓ£ô[39m tests/unit/featureFlagScanner.test.ts[2m > [22mextractFeatureFlagDefinitions[2m > [22mdetects environment variable feature flags in assignments[32m 1[2mms[22m[39m
 [32mΓ£ô[39m tests/unit/featureFlagScanner.test.ts[2m > [22mextractFeatureFlagDefinitions[2m > [22mdetects object property feature flags[32m 0[2mms[22m[39m
 [32mΓ£ô[39m tests/unit/featureFlagScanner.test.ts[2m > [22mextractFeatureFlagDefinitions[2m > [22mskips comment lines[32m 0[2mms[22m[39m
 [32mΓ£ô[39m tests/unit/featureFlagScanner.test.ts[2m > [22mextractFeatureFlagDefinitions[2m > [22mdoes not duplicate flags defined on the same name[32m 0[2mms[22m[39m
 [32mΓ£ô[39m tests/unit/featureFlagScanner.test.ts[2m > [22mextractFeatureFlagDefinitions[2m > [22mreturns empty array for files with no feature flags[32m 0[2mms[22m[39m
 [32mΓ£ô[39m tests/unit/featureFlagScanner.test.ts[2m > [22mextractFeatureFlagDefinitions[2m > [22mreturns empty array for empty content[32m 0[2mms[22m[39m
 [32mΓ£ô[39m tests/unit/featureFlagScanner.test.ts[2m > [22mdetectConditionalType[2m > [22mdetects if statements[32m 0[2mms[22m[39m
 [32mΓ£ô[39m tests/unit/featureFlagScanner.test.ts[2m > [22mdetectConditionalType[2m > [22mdetects ternary operators[32m 0[2mms[22m[39m
 [32mΓ£ô[39m tests/unit/featureFlagScanner.test.ts[2m > [22mdetectConditionalType[2m > [22mdetects logical AND[32m 0[2mms[22m[39m
 [32mΓ£ô[39m tests/unit/featureFlagScanner.test.ts[2m > [22mdetectConditionalType[2m > [22mdetects logical OR[32m 0[2mms[22m[39m
 [32mΓ£ô[39m tests/unit/featureFlagScanner.test.ts[2m > [22mdetectConditionalType[2m > [22mdetects switch statements[32m 0[2mms[22m[39m
 [32mΓ£ô[39m tests/unit/featureFlagScanner.test.ts[2m > [22mdetectConditionalType[2m > [22mreturns null for simple assignments[32m 0[2mms[22m[39m
 [32mΓ£ô[39m tests/unit/featureFlagScanner.test.ts[2m > [22mdetectConditionalType[2m > [22mreturns null for non-conditional usage[32m 0[2mms[22m[39m
 [32mΓ£ô[39m tests/unit/featureFlagScanner.test.ts[2m > [22mextractFeatureFlagUsages[2m > [22mfinds flag usages in if statements[32m 0[2mms[22m[39m
 [32mΓ£ô[39m tests/unit/featureFlagScanner.test.ts[2m > [22mextractFeatureFlagUsages[2m > [22mfinds flag usages in ternary expressions[32m 0[2mms[22m[39m
 [32mΓ£ô[39m tests/unit/featureFlagScanner.test.ts[2m > [22mextractFeatureFlagUsages[2m > [22mfinds flag usages in JSX logical AND[32m 0[2mms[22m[39m
 [32mΓ£ô[39m tests/unit/featureFlagScanner.test.ts[2m > [22mextractFeatureFlagUsages[2m > [22mfinds env variable flag usages in conditionals[32m 0[2mms[22m[39m
 [32mΓ£ô[39m tests/unit/featureFlagScanner.test.ts[2m > [22mextractFeatureFlagUsages[2m > [22mskips comment lines[32m 0[2mms[22m[39m
 [32mΓ£ô[39m tests/unit/featureFlagScanner.test.ts[2m > [22mextractFeatureFlagUsages[2m > [22mreturns empty for flags not present in content[32m 0[2mms[22m[39m
 [32mΓ£ô[39m tests/unit/featureFlagScanner.test.ts[2m > [22mextractFeatureFlagUsages[2m > [22mhandles multiple flags in the same file[32m 0[2mms[22m[39m
 [32mΓ£ô[39m tests/unit/featureFlagScanner.test.ts[2m > [22mscanFeatureFlags[2m > [22mreturns an array of DeadCodeItem[33m 7287[2mms[22m[39m
 [31m├ù[39m tests/property/password.property.test.ts[2m > [22mProperty 2: Password hash round-trip[2m > [22mSecurity Properties[2m > [22mPROPERTY: Hash does not contain the original password[33m 30692[2mms[22m[39m
[31m   ΓåÆ Test timed out in 30000ms.
If this is a long-running test, pass a timeout value as the last argument or configure it globally with "testTimeout".[39m
 [32mΓ£ô[39m tests/integration/email-check.integration.test.ts[2m > [22mEmail Check Integration Tests[2m > [22mEmail Availability Check (Requirement 5.2)[2m > [22mshould return available: true for new email[32m 2[2mms[22m[39m
 [32mΓ£ô[39m tests/integration/email-check.integration.test.ts[2m > [22mEmail Check Integration Tests[2m > [22mEmail Availability Check (Requirement 5.2)[2m > [22mshould return available: false for existing email[32m 0[2mms[22m[39m
 [32mΓ£ô[39m tests/integration/email-check.integration.test.ts[2m > [22mEmail Check Integration Tests[2m > [22mEmail Availability Check (Requirement 5.2)[2m > [22mshould handle case-insensitive email check[32m 0[2mms[22m[39m
 [32mΓ£ô[39m tests/integration/email-check.integration.test.ts[2m > [22mEmail Check Integration Tests[2m > [22mEmail Availability Check (Requirement 5.2)[2m > [22mshould reject invalid email format[32m 0[2mms[22m[39m
 [32mΓ£ô[39m tests/integration/email-check.integration.test.ts[2m > [22mEmail Check Integration Tests[2m > [22mEmail Availability Check (Requirement 5.2)[2m > [22mshould handle missing email parameter[32m 0[2mms[22m[39m
 [32mΓ£ô[39m tests/integration/email-check.integration.test.ts[2m > [22mEmail Check Integration Tests[2m > [22mSecurity Requirements (Requirement 10.2)[2m > [22mshould not expose user data in response[32m 1[2mms[22m[39m
 [32mΓ£ô[39m tests/integration/email-check.integration.test.ts[2m > [22mEmail Check Integration Tests[2m > [22mSecurity Requirements (Requirement 10.2)[2m > [22mshould not reveal timing differences between existing and non-existing emails[32m 0[2mms[22m[39m
 [32mΓ£ô[39m tests/integration/email-check.integration.test.ts[2m > [22mEmail Check Integration Tests[2m > [22mSecurity Requirements (Requirement 10.2)[2m > [22mshould handle special characters in email safely[32m 0[2mms[22m[39m
 [32mΓ£ô[39m tests/integration/email-check.integration.test.ts[2m > [22mEmail Check Integration Tests[2m > [22mSecurity Requirements (Requirement 10.2)[2m > [22mshould handle SQL injection attempts safely[32m 0[2mms[22m[39m
 [32mΓ£ô[39m tests/integration/email-check.integration.test.ts[2m > [22mEmail Check Integration Tests[2m > [22mResponse Format Consistency[2m > [22mshould return consistent response structure for available email[32m 86[2mms[22m[39m
 [32mΓ£ô[39m tests/integration/email-check.integration.test.ts[2m > [22mEmail Check Integration Tests[2m > [22mResponse Format Consistency[2m > [22mshould return consistent response structure for unavailable email[32m 0[2mms[22m[39m
 [32mΓ£ô[39m tests/integration/email-check.integration.test.ts[2m > [22mEmail Check Integration Tests[2m > [22mResponse Format Consistency[2m > [22mshould return consistent error structure[32m 1[2mms[22m[39m
 [32mΓ£ô[39m tests/integration/email-check.integration.test.ts[2m > [22mEmail Check Integration Tests[2m > [22mRate Limiting Behavior[2m > [22mshould handle rate limit response gracefully[32m 0[2mms[22m[39m
 [31m├ù[39m tests/property/password.property.test.ts[2m > [22mProperty 2: Password hash round-trip[2m > [22mSecurity Properties[2m > [22mPROPERTY: Verification is case-sensitive[33m 31210[2mms[22m[39m
[31m   ΓåÆ Test timed out in 30000ms.
If this is a long-running test, pass a timeout value as the last argument or configure it globally with "testTimeout".[39m
[90mstderr[2m | t
ests/unit/api/sessi
ons.test.ts
[22m[39m[ARCJET] 
FATAL: ARCJET_KEY 
environment 
variable not set
[ARCJET] Security 
layer DISABLED - 
set ARCJET_KEY 
immediately

[90mstderr[2m | t
ests/unit/api/sessi
ons.test.ts[2m > 
[22m[2mFeature: b
un-vercel-runtime-f
orensics, Sessions 
Endpoint[2m > [22
m[2mAuthentication
 (Requirement 
9.3)[2m > 
[22m[2mshould 
return 401 when 
authentication 
fails
[22m[39m[ARCJET] 
WARNING: Running 
without Arcjet 
protection

[90mstderr[2m | t
ests/unit/api/sessi
ons.test.ts[2m > 
[22m[2mFeature: b
un-vercel-runtime-f
orensics, Sessions 
Endpoint[2m > [22
m[2mAuthentication
 (Requirement 
9.3)[2m > 
[22m[2mshould 
return 401 when 
token is invalid
[22m[39m[ARCJET] 
WARNING: Running 
without Arcjet 
protection

[90mstderr[2m | t
ests/unit/api/sessi
ons.test.ts[2m > 
[22m[2mFeature: b
un-vercel-runtime-f
orensics, Sessions 
Endpoint[2m > 
[22m[2mSession 
Tracking 
(Requirement 
9.3)[2m > 
[22m[2mshould 
successfully 
create a new 
session
[22m[39m[ARCJET] 
WARNING: Running 
without Arcjet 
protection

[90mstderr[2m | t
ests/unit/api/sessi
ons.test.ts[2m > 
[22m[2mFeature: b
un-vercel-runtime-f
orensics, Sessions 
Endpoint[2m > 
[22m[2mSession 
Tracking 
(Requirement 
9.3)[2m > 
[22m[2mshould 
update existing 
session activity
[22m[39m[ARCJET] 
WARNING: Running 
without Arcjet 
protection

[90mstderr[2m | t
ests/unit/api/sessi
ons.test.ts[2m > 
[22m[2mFeature: b
un-vercel-runtime-f
orensics, Sessions 
Endpoint[2m > 
[22m[2mSession 
Tracking 
(Requirement 
9.3)[2m > 
[22m[2mshould 
return 404 when 
session not found
[22m[39m[ARCJET] 
WARNING: Running 
without Arcjet 
protection

[90mstderr[2m | t
ests/unit/api/sessi
ons.test.ts[2m > 
[22m[2mFeature: b
un-vercel-runtime-f
orensics, Sessions 
Endpoint[2m > 
[22m[2mSession 
Tracking 
(Requirement 
9.3)[2m > 
[22m[2mshould 
return 400 for 
invalid session ID 
format
[22m[39m[ARCJET] 
WARNING: Running 
without Arcjet 
protection

 [32mΓ£ô[39m tests/unit/api/sessions.test.ts[2m > [22mFeature: bun-vercel-runtime-forensics, Sessions Endpoint[2m > [22mAuthentication (Requirement 9.3)[2m > [22mshould return 401 when authentication fails[32m 3[2mms[22m[39m
 [32mΓ£ô[39m tests/unit/api/sessions.test.ts[2m > [22mFeature: bun-vercel-runtime-forensics, Sessions Endpoint[2m > [22mAuthentication (Requirement 9.3)[2m > [22mshould return 401 when token is invalid[32m 1[2mms[22m[39m
 [31m├ù[39m tests/unit/api/sessions.test.ts[2m > [22mFeature: bun-vercel-runtime-forensics, Sessions Endpoint[2m > [22mSession Tracking (Requirement 9.3)[2m > [22mshould successfully create a new session[32m 8[2mms[22m[39m
[31m   ΓåÆ expected 401 to be 201 // Object.is equality[39m
 [31m├ù[39m tests/unit/api/sessions.test.ts[2m > [22mFeature: bun-vercel-runtime-forensics, Sessions Endpoint[2m > [22mSession Tracking (Requirement 9.3)[2m > [22mshould update existing session activity[32m 1[2mms[22m[39m
[31m   ΓåÆ expected 401 to be 200 // Object.is equality[39m
 [31m├ù[39m tests/unit/api/sessions.test.ts[2m > [22mFeature: bun-vercel-runtime-forensics, Sessions Endpoint[2m > [22mSession Tracking (Requirement 9.3)[2m > [22mshould return 404 when session not found[32m 1[2mms[22m[39m
[31m   ΓåÆ expected 401 to be 404 // Object.is equality[39m
[90mstderr[2m | t
ests/unit/api/sessi
ons.test.ts[2m > 
[22m[2mFeature: b
un-vercel-runtime-f
orensics, Sessions 
Endpoint[2m > 
[22m[2mHTTP 
Methods[2m > 
[22m[2mshould 
return 405 for GET 
requests on track 
action
[22m[39m[ARCJET] 
WARNING: Running 
without Arcjet 
protection

[90mstderr[2m | t
ests/unit/api/sessi
ons.test.ts[2m > 
[22m[2mFeature: b
un-vercel-runtime-f
orensics, Sessions 
Endpoint[2m > 
[22m[2mHTTP 
Methods[2m > 
[22m[2mshould 
return 200 for 
HEAD requests 
(health check)
[22m[39m[ARCJET] 
WARNING: Running 
without Arcjet 
protection

[90mstderr[2m | t
ests/unit/api/sessi
ons.test.ts[2m > 
[22m[2mFeature: b
un-vercel-runtime-f
orensics, Sessions 
Endpoint[2m > 
[22m[2mInvalid 
Actions[2m > 
[22m[2mshould 
return 400 for 
invalid action
[22m[39m[ARCJET] 
WARNING: Running 
without Arcjet 
protection

 [31m├ù[39m tests/unit/api/sessions.test.ts[2m > [22mFeature: bun-vercel-runtime-forensics, Sessions Endpoint[2m > [22mSession Tracking (Requirement 9.3)[2m > [22mshould return 400 for invalid session ID format[32m 86[2mms[22m[39m
[31m   ΓåÆ expected 401 to be 400 // Object.is equality[39m
 [31m├ù[39m tests/unit/api/sessions.test.ts[2m > [22mFeature: bun-vercel-runtime-forensics, Sessions Endpoint[2m > [22mHTTP Methods[2m > [22mshould return 405 for GET requests on track action[32m 3[2mms[22m[39m
[31m   ΓåÆ expected 401 to be 405 // Object.is equality[39m
 [31m├ù[39m tests/unit/api/sessions.test.ts[2m > [22mFeature: bun-vercel-runtime-forensics, Sessions Endpoint[2m > [22mHTTP Methods[2m > [22mshould return 200 for HEAD requests (health check)[32m 1[2mms[22m[39m
[31m   ΓåÆ expected 401 to be 200 // Object.is equality[39m
 [31m├ù[39m tests/unit/api/sessions.test.ts[2m > [22mFeature: bun-vercel-runtime-forensics, Sessions Endpoint[2m > [22mInvalid Actions[2m > [22mshould return 400 for invalid action[32m 1[2mms[22m[39m
[31m   ΓåÆ expected 401 to be 400 // Object.is equality[39m
 [31m├ù[39m tests/unit/api/sessions.test.ts[2m > [22mFeature: bun-vercel-runtime-forensics, Sessions Endpoint[2m > [22mCORS Headers[2m > [22mshould handle OPTIONS preflight request via handleCors[32m 1[2mms[22m[39m
[31m   ΓåÆ expected "vi.fn()" to be called at least once[39m
 [32mΓ£ô[39m tests/unit/arcjet.test.ts[2m > [22mArcjet Integration - Rate Limit Configurations (Requirement 2.7)[2m > [22mshould have auth rate limit of 5 requests per 5 minutes[32m 2[2mms[22m[39m
 [32mΓ£ô[39m tests/unit/arcjet.test.ts[2m > [22mArcjet Integration - Rate Limit Configurations (Requirement 2.7)[2m > [22mshould have session rate limit of 30 requests per 10 minutes[32m 0[2mms[22m[39m
 [32mΓ£ô[39m tests/unit/arcjet.test.ts[2m > [22mArcjet Integration - Rate Limit Configurations (Requirement 2.7)[2m > [22mshould have admin rate limit of 20 requests per 10 minutes[32m 0[2mms[22m[39m
 [32mΓ£ô[39m tests/unit/arcjet.test.ts[2m > [22mArcjet Integration - Rate Limit Configurations (Requirement 2.7)[2m > [22mshould have notification rate limit of 50 requests per 10 minutes[32m 0[2mms[22m[39m
 [32mΓ£ô[39m tests/unit/arcjet.test.ts[2m > [22mArcjet Integration - Rate Limit Configurations (Requirement 2.7)[2m > [22mshould have general rate limit of 100 requests per 10 minutes[32m 0[2mms[22m[39m
 [32mΓ£ô[39m tests/unit/arcjet.test.ts[2m > [22mArcjet Integration - Rate Limit Configurations (Requirement 2.7)[2m > [22mshould have auth rate limit stricter than other routes[32m 0[2mms[22m[39m
 [32mΓ£ô[39m tests/unit/arcjet.test.ts[2m > [22mArcjet Integration - Blocked Request Responses (Requirement 2.5)[2m > [22mshould return 403 status for blocked requests[32m 83[2mms[22m[39m
 [32mΓ£ô[39m tests/unit/arcjet.test.ts[2m > [22mArcjet Integration - Blocked Request Responses (Requirement 2.5)[2m > [22mshould return code SECURITY_VIOLATION for blocked requests[32m 0[2mms[22m[39m
 [32mΓ£ô[39m tests/unit/arcjet.test.ts[2m > [22mArcjet Integration - Blocked Request Responses (Requirement 2.5)[2m > [22mshould return error message Request blocked by security policy[32m 0[2mms[22m[39m
 [32mΓ£ô[39m tests/unit/arcjet.test.ts[2m > [22mArcjet Integration - Blocked Request Responses (Requirement 2.5)[2m > [22mshould return success false for blocked requests[32m 0[2mms[22m[39m
 [32mΓ£ô[39m tests/unit/arcjet.test.ts[2m > [22mArcjet Integration - Blocked Request Responses (Requirement 2.5)[2m > [22mshould return consistent response for all block types[32m 1[2mms[22m[39m
 [32mΓ£ô[39m tests/unit/arcjet.test.ts[2m > [22mArcjet Integration - Blocked Request Responses (Requirement 2.5)[2m > [22mshould return false for allowed decisions[32m 0[2mms[22m[39m
 [32mΓ£ô[39m tests/unit/arcjet.test.ts[2m > [22mArcjet Integration - Blocked Request Responses (Requirement 2.5)[2m > [22mshould not modify response for allowed decisions[32m 0[2mms[22m[39m
 [32mΓ£ô[39m tests/unit/arcjet.test.ts[2m > [22mArcjet Integration - Service Unavailable Response (Requirement 2.8)[2m > [22mshould define 503 response with code SECURITY_SERVICE_ERROR[32m 0[2mms[22m[39m
 [32mΓ£ô[39m tests/unit/arcjet.test.ts[2m > [22mArcjet Integration - Service Unavailable Response (Requirement 2.8)[2m > [22mshould use 503 status code for service unavailable not 500[32m 1[2mms[22m[39m
 [32mΓ£ô[39m tests/unit/arcjet.test.ts[2m > [22mArcjet Integration - Service Unavailable Response (Requirement 2.8)[2m > [22mshould fail secure by blocking requests when service unavailable[32m 0[2mms[22m[39m
 [32mΓ£ô[39m tests/unit/arcjet.test.ts[2m > [22mArcjet Integration - Response Structure Consistency[2m > [22mshould have consistent 403 response structure[32m 0[2mms[22m[39m
 [32mΓ£ô[39m tests/unit/arcjet.test.ts[2m > [22mArcjet Integration - Response Structure Consistency[2m > [22mshould not expose internal state in error responses[32m 0[2mms[22m[39m
 [32mΓ£ô[39m tests/unit/arcjet.test.ts[2m > [22mArcjet Integration - Response Structure Consistency[2m > [22mshould use deterministic error codes for all block types[32m 0[2mms[22m[39m
 [32mΓ£ô[39m tests/unit/arcjet.test.ts[2m > [22mArcjet Integration - Security Requirements[2m > [22mshould block requests before they reach the database (Requirement 2.9)[32m 0[2mms[22m[39m
 [32mΓ£ô[39m tests/unit/arcjet.test.ts[2m > [22mArcjet Integration - Security Requirements[2m > [22mshould return 403 not 401 or 429 for security blocks[32m 0[2mms[22m[39m
 [32mΓ£ô[39m tests/unit/arcjet.test.ts[2m > [22mArcjet Integration - Security Requirements[2m > [22mshould use generic error message to avoid information disclosure[32m 0[2mms[22m[39m
 [32mΓ£ô[39m tests/unit/arcjet.test.ts[2m > [22mArcjet Integration - Security Requirements[2m > [22mshould not expose IP address in error responses[32m 0[2mms[22m[39m
 [32mΓ£ô[39m tests/property/pollingDeduplication.property.test.ts[2m > [22mFeature: supabase-remnant-purge, Property 5: Polling deduplication[2m > [22midentical consecutive polls fire onDataChange exactly once[33m 608[2mms[22m[39m
 [32mΓ£ô[39m tests/property/pollingDeduplication.property.test.ts[2m > [22mFeature: supabase-remnant-purge, Property 5: Polling deduplication[2m > [22mchanged data between polls fires onDataChange again[33m 893[2mms[22m[39m
 [32mΓ£ô[39m tests/property/pollingDeduplication.property.test.ts[2m > [22mFeature: supabase-remnant-purge, Property 5: Polling deduplication[2m > [22mN identical consecutive polls fire onDataChange exactly once[32m 203[2mms[22m[39m
 [32mΓ£ô[39m tests/property/pollingDeduplication.property.test.ts[2m > [22mFeature: supabase-remnant-purge, Property 5: Polling deduplication[2m > [22mstatus change in any application triggers onDataChange[32m 95[2mms[22m[39m
 [32mΓ£ô[39m tests/property/pollingDeduplication.property.test.ts[2m > [22mFeature: supabase-remnant-purge, Property 5: Polling deduplication[2m > [22mempty dashboard data is deduplicated correctly[32m 10[2mms[22m[39m
 [32mΓ£ô[39m tests/property/errorPropagationStability.property.test.ts[2m > [22mFeature: supabase-remnant-purge, Property 1: Error propagation stability[2m > [22many API error produces a stable hook state in one transition[32m 107[2mms[22m[39m
 [32mΓ£ô[39m tests/property/errorPropagationStability.property.test.ts[2m > [22mFeature: supabase-remnant-purge, Property 1: Error propagation stability[2m > [22mprocessing the same error twice produces identical state (idempotent)[33m 502[2mms[22m[39m
 [32mΓ£ô[39m tests/property/errorPropagationStability.property.test.ts[2m > [22mFeature: supabase-remnant-purge, Property 1: Error propagation stability[2m > [22merror propagation completes within one render cycle[32m 99[2mms[22m[39m
 [32mΓ£ô[39m tests/property/errorPropagationStability.property.test.ts[2m > [22mFeature: supabase-remnant-purge, Property 1: Error propagation stability[2m > [22merror state never has contradictory flags[33m 2498[2mms[22m[39m
 [32mΓ£ô[39m tests/property/errorPropagationStability.property.test.ts[2m > [22mFeature: supabase-remnant-purge, Property 1: Error propagation stability[2m > [22mall HTTP error status codes are handled without throwing[33m 387[2mms[22m[39m
 [32mΓ£ô[39m tests/property/offline-sync.property.ts[2m > [22mFeature: bun-vercel-migration, Property 4: Offline Queue and Sync[2m > [22mshould queue any operation when offline[33m 993[2mms[22m[39m
 [32mΓ£ô[39m tests/property/offline-sync.property.ts[2m > [22mFeature: bun-vercel-migration, Property 4: Offline Queue and Sync[2m > [22mshould preserve operation data in queue[33m 503[2mms[22m[39m
 [32mΓ£ô[39m tests/property/offline-sync.property.ts[2m > [22mFeature: bun-vercel-migration, Property 4: Offline Queue and Sync[2m > [22mshould maintain FIFO order in queue[33m 1106[2mms[22m[39m
 [32mΓ£ô[39m tests/property/offline-sync.property.ts[2m > [22mFeature: bun-vercel-migration, Property 4: Offline Queue and Sync[2m > [22mshould remove operations from queue after sync[33m 4190[2mms[22m[39m
 [32mΓ£ô[39m tests/property/offline-sync.property.ts[2m > [22mFeature: bun-vercel-migration, Property 4: Offline Queue and Sync[2m > [22mshould handle removing non-existent operations gracefully[32m 97[2mms[22m[39m
 [32mΓ£ô[39m tests/property/offline-sync.property.ts[2m > [22mFeature: bun-vercel-migration, Property 4: Offline Queue and Sync[2m > [22mshould clear entire queue when requested[33m 505[2mms[22m[39m
 [32mΓ£ô[39m tests/property/offline-sync.property.ts[2m > [22mFeature: bun-vercel-migration, Property 4: Offline Queue and Sync[2m > [22mshould include timestamp for each queued operation[33m 302[2mms[22m[39m
 [32mΓ£ô[39m tests/property/offline-sync.property.ts[2m > [22mFeature: bun-vercel-migration, Property 4: Offline Queue and Sync[2m > [22mshould initialize retry count to zero[32m 296[2mms[22m[39m
 [32mΓ£ô[39m tests/unit/api/decodeBase64Url.test.ts[2m > [22mFeature: bun-vercel-runtime-forensics, decodeBase64Url[2m > [22mBasic Decoding (Requirement 3.1)[2m > [22mshould decode a simple Base64 URL-safe string[32m 1[2mms[22m[39m
 [32mΓ£ô[39m tests/unit/api/decodeBase64Url.test.ts[2m > [22mFeature: bun-vercel-runtime-forensics, decodeBase64Url[2m > [22mBasic Decoding (Requirement 3.1)[2m > [22mshould decode a JSON payload (typical JWT payload)[32m 0[2mms[22m[39m
 [32mΓ£ô[39m tests/unit/api/decodeBase64Url.test.ts[2m > [22mFeature: bun-vercel-runtime-forensics, decodeBase64Url[2m > [22mBasic Decoding (Requirement 3.1)[2m > [22mshould decode a complex JWT payload with multiple fields[32m 1[2mms[22m[39m
 [32mΓ£ô[39m tests/unit/api/decodeBase64Url.test.ts[2m > [22mFeature: bun-vercel-runtime-forensics, decodeBase64Url[2m > [22mURL-Safe Character Handling (Requirement 3.4)[2m > [22mshould handle URL-safe Base64 with - characters[32m 0[2mms[22m[39m
 [32mΓ£ô[39m tests/unit/api/decodeBase64Url.test.ts[2m > [22mFeature: bun-vercel-runtime-forensics, decodeBase64Url[2m > [22mURL-Safe Character Handling (Requirement 3.4)[2m > [22mshould handle URL-safe Base64 with _ characters[32m 0[2mms[22m[39m
 [32mΓ£ô[39m tests/unit/api/decodeBase64Url.test.ts[2m > [22mFeature: bun-vercel-runtime-forensics, decodeBase64Url[2m > [22mURL-Safe Character Handling (Requirement 3.4)[2m > [22mshould handle mixed URL-safe characters[32m 0[2mms[22m[39m
 [32mΓ£ô[39m tests/unit/api/decodeBase64Url.test.ts[2m > [22mFeature: bun-vercel-runtime-forensics, decodeBase64Url[2m > [22mPadding Handling[2m > [22mshould handle Base64 without padding (length % 4 == 0)[32m 0[2mms[22m[39m
 [32mΓ£ô[39m tests/unit/api/decodeBase64Url.test.ts[2m > [22mFeature: bun-vercel-runtime-forensics, decodeBase64Url[2m > [22mPadding Handling[2m > [22mshould handle Base64 needing 1 padding character[32m 0[2mms[22m[39m
 [32mΓ£ô[39m tests/unit/api/decodeBase64Url.test.ts[2m > [22mFeature: bun-vercel-runtime-forensics, decodeBase64Url[2m > [22mPadding Handling[2m > [22mshould handle Base64 needing 2 padding characters[32m 0[2mms[22m[39m
 [32mΓ£ô[39m tests/unit/api/decodeBase64Url.test.ts[2m > [22mFeature: bun-vercel-runtime-forensics, decodeBase64Url[2m > [22mPadding Handling[2m > [22mshould handle already padded Base64[32m 0[2mms[22m[39m
 [32mΓ£ô[39m tests/unit/api/decodeBase64Url.test.ts[2m > [22mFeature: bun-vercel-runtime-forensics, decodeBase64Url[2m > [22mUTF-8 Unicode Handling[2m > [22mshould decode UTF-8 characters correctly[32m 0[2mms[22m[39m
 [32mΓ£ô[39m tests/unit/api/decodeBase64Url.test.ts[2m > [22mFeature: bun-vercel-runtime-forensics, decodeBase64Url[2m > [22mUTF-8 Unicode Handling[2m > [22mshould decode emoji correctly[32m 0[2mms[22m[39m
 [32mΓ£ô[39m tests/unit/api/decodeBase64Url.test.ts[2m > [22mFeature: bun-vercel-runtime-forensics, decodeBase64Url[2m > [22mUTF-8 Unicode Handling[2m > [22mshould decode Zambian names with special characters[32m 0[2mms[22m[39m
 [32mΓ£ô[39m tests/unit/api/decodeBase64Url.test.ts[2m > [22mFeature: bun-vercel-runtime-forensics, decodeBase64Url[2m > [22mReal JWT Payload Scenarios[2m > [22mshould decode a realistic Supabase JWT payload[32m 0[2mms[22m[39m
 [32mΓ£ô[39m tests/unit/api/decodeBase64Url.test.ts[2m > [22mFeature: bun-vercel-runtime-forensics, decodeBase64Url[2m > [22mReal JWT Payload Scenarios[2m > [22mshould decode JWT payload with admin role[32m 1[2mms[22m[39m
 [32mΓ£ô[39m tests/unit/api/decodeBase64Url.test.ts[2m > [22mFeature: bun-vercel-runtime-forensics, decodeBase64Url[2m > [22mEdge Cases[2m > [22mshould handle empty string[32m 0[2mms[22m[39m
 [32mΓ£ô[39m tests/unit/api/decodeBase64Url.test.ts[2m > [22mFeature: bun-vercel-runtime-forensics, decodeBase64Url[2m > [22mEdge Cases[2m > [22mshould handle single character payload[32m 0[2mms[22m[39m
 [32mΓ£ô[39m tests/unit/api/decodeBase64Url.test.ts[2m > [22mFeature: bun-vercel-runtime-forensics, decodeBase64Url[2m > [22mEdge Cases[2m > [22mshould handle very long payloads[32m 0[2mms[22m[39m
 [32mΓ£ô[39m tests/property/cssAnimationEquivalence.property.test.ts[2m > [22mProperty 1: Animation class completeness[2m > [22mPROPERTY: No .tsx file in src/ imports framer-motion[33m 601[2mms[22m[39m
 [32mΓ£ô[39m tests/property/cssAnimationEquivalence.property.test.ts[2m > [22mProperty 1: Animation class completeness[2m > [22mPROPERTY: Every file with CSS animations includes transition properties (duration, easing, or transform)[33m 398[2mms[22m[39m
 [32mΓ£ô[39m tests/property/cssAnimationEquivalence.property.test.ts[2m > [22mProperty 1: Animation class completeness[2m > [22mPROPERTY: Files with animations do not import framer-motion[32m 298[2mms[22m[39m
 [32mΓ£ô[39m tests/property/cssAnimationEquivalence.property.test.ts[2m > [22mProperty 1: Animation class completeness[2m > [22mshould find a meaningful number of files with CSS animations[32m 0[2mms[22m[39m
 [32mΓ£ô[39m tests/property/typeCompatibility.property.test.ts[2m > [22mFeature: supabase-remnant-purge, Property 4: Type compatibility with API responses[2m > [22mapplication API responses are assignable to Application interface[33m 1692[2mms[22m[39m
 [32mΓ£ô[39m tests/property/typeCompatibility.property.test.ts[2m > [22mFeature: supabase-remnant-purge, Property 4: Type compatibility with API responses[2m > [22mcatalog program responses are assignable to Program interface[33m 410[2mms[22m[39m
 [32mΓ£ô[39m tests/property/typeCompatibility.property.test.ts[2m > [22mFeature: supabase-remnant-purge, Property 4: Type compatibility with API responses[2m > [22mcatalog intake responses are assignable to Intake interface[32m 95[2mms[22m[39m
 [32mΓ£ô[39m tests/property/typeCompatibility.property.test.ts[2m > [22mFeature: supabase-remnant-purge, Property 4: Type compatibility with API responses[2m > [22mauth session responses are assignable to UserProfile interface[33m 901[2mms[22m[39m
 [32mΓ£ô[39m tests/property/typeCompatibility.property.test.ts[2m > [22mFeature: supabase-remnant-purge, Property 4: Type compatibility with API responses[2m > [22mcatalog subject responses are assignable to Subject interface[32m 194[2mms[22m[39m
 [32mΓ£ô[39m tests/property/function-conversion.property.ts[2m > [22mFeature: bun-vercel-migration, Property 1: Function Conversion Equivalence[2m > [22mshould produce equivalent responses for any valid request[33m 2703[2mms[22m[39m
 [32mΓ£ô[39m tests/property/function-conversion.property.ts[2m > [22mFeature: bun-vercel-migration, Property 1: Function Conversion Equivalence[2m > [22mshould return same status code for any request[32m 209[2mms[22m[39m
 [32mΓ£ô[39m tests/property/function-conversion.property.ts[2m > [22mFeature: bun-vercel-migration, Property 1: Function Conversion Equivalence[2m > [22mshould return same JSON body structure for any request[33m 390[2mms[22m[39m
 [32mΓ£ô[39m tests/property/function-conversion.property.ts[2m > [22mFeature: bun-vercel-migration, Property 1: Function Conversion Equivalence[2m > [22mshould return Content-Type: application/json for all responses[33m 395[2mms[22m[39m
 [32mΓ£ô[39m tests/property/function-conversion.property.ts[2m > [22mFeature: bun-vercel-migration, Property 1: Function Conversion Equivalence[2m > [22mshould handle all HTTP methods consistently[32m 216[2mms[22m[39m
 [32mΓ£ô[39m tests/property/auto-save.property.ts[2m > [22mFeature: bun-vercel-migration, Property 3: Auto-Save Round-Trip[2m > [22mshould restore saved form data exactly[33m 5112[2mms[22m[39m
 [32mΓ£ô[39m tests/property/function-conversion.property.ts[2m > [22mFeature: bun-vercel-migration, Property 1: Function Conversion Equivalence[2m > [22mshould preserve request method in response data[32m 189[2mms[22m[39m
 [32mΓ£ô[39m tests/property/auto-save.property.ts[2m > [22mFeature: bun-vercel-migration, Property 3: Auto-Save Round-Trip[2m > [22mshould preserve all form fields through save/restore cycle[33m 1293[2mms[22m[39m
 [32mΓ£ô[39m tests/property/auto-save.property.ts[2m > [22mFeature: bun-vercel-migration, Property 3: Auto-Save Round-Trip[2m > [22mshould handle special characters in form data[33m 305[2mms[22m[39m
 [32mΓ£ô[39m tests/property/auto-save.property.ts[2m > [22mFeature: bun-vercel-migration, Property 3: Auto-Save Round-Trip[2m > [22mshould return null for non-existent keys[32m 4[2mms[22m[39m
 [32mΓ£ô[39m tests/property/auto-save.property.ts[2m > [22mFeature: bun-vercel-migration, Property 3: Auto-Save Round-Trip[2m > [22mshould handle multiple save operations (latest wins)[33m 3702[2mms[22m[39m
 [32mΓ£ô[39m tests/property/auto-save.property.ts[2m > [22mFeature: bun-vercel-migration, Property 3: Auto-Save Round-Trip[2m > [22mshould include timestamp in saved data[33m 2509[2mms[22m[39m
