bun : $ bunx vitest run --run
At line:1 char:1
+ bun run test --run 2>&1 | Out-File -FilePath test_output.txt; Get-Con ...
+ ~~~~~~~~~~~~~~~~~~~~~~~
    + CategoryInfo          : NotSpecified: ($ bunx vitest run --run:String) [], RemoteExce 
   ption
    + FullyQualifiedErrorId : NativeCommandError
 

[1m[46m RUN [49m[22m [36mv4.0.18 [39m[90mC:/Users/Administrator/Documents/mihasv3[39m

 [31mΓ¥»[39m tests/property/db.property.test.ts [2m([22m[2m26 tests[22m[2m | [22m[31m1 failed[39m[2m)[22m[32m 231[2mms[22m[39m
       [32mΓ£ô[39m PROPERTY: findByEmail parameterizes email input containing injection patterns[32m 15[2mms[22m[39m
       [32mΓ£ô[39m PROPERTY: findById parameterizes ID input containing injection patterns[32m 9[2mms[22m[39m
       [32mΓ£ô[39m PROPERTY: create parameterizes all user input fields[32m 17[2mms[22m[39m
       [32mΓ£ô[39m PROPERTY: updatePassword parameterizes password hash input[32m 15[2mms[22m[39m
       [32mΓ£ô[39m PROPERTY: updateRefreshToken parameterizes token hash input[32m 5[2mms[22m[39m
       [32mΓ£ô[39m PROPERTY: findByRefreshToken parameterizes token hash input[32m 7[2mms[22m[39m
       [32mΓ£ô[39m PROPERTY: create parameterizes all session input fields[32m 14[2mms[22m[39m
       [32mΓ£ô[39m PROPERTY: findById parameterizes session ID input[32m 5[2mms[22m[39m
       [32mΓ£ô[39m PROPERTY: deactivate parameterizes session ID input[32m 5[2mms[22m[39m
       [32mΓ£ô[39m PROPERTY: deactivateAllForUser parameterizes user ID input[32m 5[2mms[22m[39m
       [32mΓ£ô[39m PROPERTY: getActiveForUser parameterizes user ID input[32m 4[2mms[22m[39m
       [32mΓ£ô[39m PROPERTY: log parameterizes all audit input fields[32m 12[2mms[22m[39m
       [32mΓ£ô[39m PROPERTY: logAuthEvent parameterizes actor ID and IP address[32m 9[2mms[22m[39m
       [32mΓ£ô[39m PROPERTY: getForEntity parameterizes entity ID input[32m 5[2mms[22m[39m
       [32mΓ£ô[39m PROPERTY: getByActor parameterizes actor ID input[32m 8[2mms[22m[39m
       [32mΓ£ô[39m PROPERTY: Empty strings are safely parameterized[32m 0[2mms[22m[39m
       [32mΓ£ô[39m PROPERTY: Very long strings are safely parameterized[32m 0[2mms[22m[39m
       [32mΓ£ô[39m PROPERTY: Special characters are safely parameterized[32m 5[2mms[22m[39m
       [32mΓ£ô[39m PROPERTY: Null values for optional parameters are handled[32m 0[2mms[22m[39m
       [32mΓ£ô[39m PROPERTY: Unicode injection attempts are safely parameterized[32m 5[2mms[22m[39m
       [32mΓ£ô[39m PROPERTY: All query configs have text and values properties[32m 5[2mms[22m[39m
       [32mΓ£ô[39m PROPERTY: Values array length matches parameter count in query[32m 3[2mms[22m[39m
       [32mΓ£ô[39m PROPERTY: Query text does not contain string concatenation with user input[32m 5[2mms[22m[39m
[31m       [31m├ù[31m PROPERTY: Any arbitrary string is safely parameterized in findByEmail[39m[32m 38[2mms[22m[39m
       [32mΓ£ô[39m PROPERTY: Any arbitrary string is safely parameterized in create[32m 23[2mms[22m[39m
       [32mΓ£ô[39m PROPERTY: Strings with SQL keywords are safely parameterized[32m 8[2mms[22m[39m
[2m8:04:24 AM[22m [33m[1m[vite][22m[39m [33m[2m(client)[22m[39m [33mwarning: 
invalid import "../../../api/${endpoint}". A file extension must be included in the static 
part of the import. For example: import(`./foo/${bar}.js`).[39m
  Plugin: [35mvite:dynamic-import-vars[39m
  File: [36mC:/Users/Administrator/Documents/mihasv3/tests/property/admin-system-health-fix
es/head-method.property.test.ts[39m
[2m8:04:24 AM[22m [33m[1m[vite][22m[39m [33m[2m(client)[22m[39m [33mwarning: 
invalid import "../../../api/${endpoint}". A file extension must be included in the static 
part of the import. For example: import(`./foo/${bar}.js`).[39m
  Plugin: [35mvite:dynamic-import-vars[39m
  File: [36mC:/Users/Administrator/Documents/mihasv3/tests/property/admin-system-health-fix
es/head-method.property.test.ts[39m
[2m8:04:24 AM[22m [33m[1m[vite][22m[39m [33m[2m(client)[22m[39m [33mwarning: 
invalid import "../../../api/${endpoint}". A file extension must be included in the static 
part of the import. For example: import(`./foo/${bar}.js`).[39m
  Plugin: [35mvite:dynamic-import-vars[39m
  File: [36mC:/Users/Administrator/Documents/mihasv3/tests/property/admin-system-health-fix
es/head-method.property.test.ts[39m
[2m8:04:24 AM[22m [33m[1m[vite][22m[39m [33m[2m(client)[22m[39m [33mwarning: 
invalid import "../../../api/${endpoint}". A file extension must be included in the static 
part of the import. For example: import(`./foo/${bar}.js`).[39m
  Plugin: [35mvite:dynamic-import-vars[39m
  File: [36mC:/Users/Administrator/Documents/mihasv3/tests/property/admin-system-health-fix
es/head-method.property.test.ts[39m
[2m8:04:24 AM[22m [33m[1m[vite][22m[39m [33m[2m(client)[22m[39m [33mwarning: 
invalid import "../../../api/${endpoint}". A file extension must be included in the static 
part of the import. For example: import(`./foo/${bar}.js`).[39m
  Plugin: [35mvite:dynamic-import-vars[39m
  File: [36mC:/Users/Administrator/Documents/mihasv3/tests/property/admin-system-health-fix
es/head-method.property.test.ts[39m
[90mstderr[2m | tests/property/admin-system-health-fixes/head-method.property.test.ts[2m 
> [22m[2mFeature: admin-system-health-fixes, Property 1: HEAD Method Support for API 
Endpoints[2m > [22m[2mProperty: HEAD requests return 200 without authentication 
(Requirements 1.1, 1.2, 1.3)[2m > [22m[2mshould return 200 for HEAD request to any API 
endpoint
[22m[39m[ARCJET] FATAL: ARCJET_KEY environment variable not set
[ARCJET] Security layer DISABLED - set ARCJET_KEY immediately

[90mstderr[2m | tests/property/admin-system-health-fixes/head-method.property.test.ts[2m 
> [22m[2mFeature: admin-system-health-fixes, Property 1: HEAD Method Support for API 
Endpoints[2m > [22m[2mProperty: HEAD requests return 200 without authentication 
(Requirements 1.1, 1.2, 1.3)[2m > [22m[2mshould return 200 for HEAD request to any API 
endpoint
[22m[39m[ARCJET] WARNING: Running without Arcjet protection

[90mstderr[2m | tests/property/admin-system-health-fixes/head-method.property.test.ts[2m 
> [22m[2mFeature: admin-system-health-fixes, Property 1: HEAD Method Support for API 
Endpoints[2m > [22m[2mProperty: HEAD requests return 200 without authentication 
(Requirements 1.1, 1.2, 1.3)[2m > [22m[2mshould return 200 for HEAD request to any API 
endpoint
[22m[39m[ARCJET] WARNING: Running without Arcjet protection

[90mstderr[2m | tests/property/admin-system-health-fixes/head-method.property.test.ts[2m 
> [22m[2mFeature: admin-system-health-fixes, Property 1: HEAD Method Support for API 
Endpoints[2m > [22m[2mProperty: HEAD requests return 200 without authentication 
(Requirements 1.1, 1.2, 1.3)[2m > [22m[2mshould return 200 for HEAD request to any API 
endpoint
[22m[39m[ARCJET] WARNING: Running without Arcjet protection

[90mstderr[2m | tests/property/admin-system-health-fixes/head-method.property.test.ts[2m 
> [22m[2mFeature: admin-system-health-fixes, Property 1: HEAD Method Support for API 
Endpoints[2m > [22m[2mProperty: HEAD requests return 200 without authentication 
(Requirements 1.1, 1.2, 1.3)[2m > [22m[2mshould return 200 for HEAD request to any API 
endpoint
[22m[39m[ARCJET] WARNING: Running without Arcjet protection

[90mstderr[2m | tests/property/admin-system-health-fixes/head-method.property.test.ts[2m 
> [22m[2mFeature: admin-system-health-fixes, Property 1: HEAD Method Support for API 
Endpoints[2m > [22m[2mProperty: HEAD requests return 200 without authentication 
(Requirements 1.1, 1.2, 1.3)[2m > [22m[2mshould return 200 for HEAD request to any API 
endpoint
[22m[39m[ARCJET] WARNING: Running without Arcjet protection

[90mstderr[2m | tests/property/admin-system-health-fixes/head-method.property.test.ts[2m 
> [22m[2mFeature: admin-system-health-fixes, Property 1: HEAD Method Support for API 
Endpoints[2m > [22m[2mProperty: HEAD requests return 200 without authentication 
(Requirements 1.1, 1.2, 1.3)[2m > [22m[2mshould return 200 for HEAD request to any API 
endpoint
[22m[39m[ARCJET] WARNING: Running without Arcjet protection

[90mstderr[2m | tests/property/admin-system-health-fixes/head-method.property.test.ts[2m 
> [22m[2mFeature: admin-system-health-fixes, Property 1: HEAD Method Support for API 
Endpoints[2m > [22m[2mProperty: HEAD requests return 200 without authentication 
(Requirements 1.1, 1.2, 1.3)[2m > [22m[2mshould return 200 for HEAD request to any API 
endpoint
[22m[39m[ARCJET] WARNING: Running without Arcjet protection

[90mstderr[2m | tests/property/admin-system-health-fixes/head-method.property.test.ts[2m 
> [22m[2mFeature: admin-system-health-fixes, Property 1: HEAD Method Support for API 
Endpoints[2m > [22m[2mProperty: HEAD requests return 200 without authentication 
(Requirements 1.1, 1.2, 1.3)[2m > [22m[2mshould return 200 for HEAD request to any API 
endpoint
[22m[39m[ARCJET] WARNING: Running without Arcjet protection

[90mstderr[2m | tests/property/admin-system-health-fixes/head-method.property.test.ts[2m 
> [22m[2mFeature: admin-system-health-fixes, Property 1: HEAD Method Support for API 
Endpoints[2m > [22m[2mProperty: HEAD requests return 200 without authentication 
(Requirements 1.1, 1.2, 1.3)[2m > [22m[2mshould return 200 for HEAD request to any API 
endpoint
[22m[39m[ARCJET] WARNING: Running without Arcjet protection

[90mstderr[2m | tests/property/admin-system-health-fixes/head-method.property.test.ts[2m 
> [22m[2mFeature: admin-system-health-fixes, Property 1: HEAD Method Support for API 
Endpoints[2m > [22m[2mProperty: HEAD requests return 200 without authentication 
(Requirements 1.1, 1.2, 1.3)[2m > [22m[2mshould return 200 for HEAD request to any API 
endpoint
[22m[39m[ARCJET] WARNING: Running without Arcjet protection

[90mstderr[2m | tests/property/admin-system-health-fixes/head-method.property.test.ts[2m 
> [22m[2mFeature: admin-system-health-fixes, Property 1: HEAD Method Support for API 
Endpoints[2m > [22m[2mProperty: HEAD requests return 200 without authentication 
(Requirements 1.1, 1.2, 1.3)[2m > [22m[2mshould return 200 for HEAD request to any API 
endpoint
[22m[39m[ARCJET] WARNING: Running without Arcjet protection

[90mstderr[2m | tests/property/admin-system-health-fixes/head-method.property.test.ts[2m 
> [22m[2mFeature: admin-system-health-fixes, Property 1: HEAD Method Support for API 
Endpoints[2m > [22m[2mProperty: HEAD requests return 200 without authentication 
(Requirements 1.1, 1.2, 1.3)[2m > [22m[2mshould return 200 for HEAD request to any API 
endpoint
[22m[39m[ARCJET] WARNING: Running without Arcjet protection

[90mstderr[2m | tests/property/admin-system-health-fixes/head-method.property.test.ts[2m 
> [22m[2mFeature: admin-system-health-fixes, Property 1: HEAD Method Support for API 
Endpoints[2m > [22m[2mProperty: HEAD requests return 200 without authentication 
(Requirements 1.1, 1.2, 1.3)[2m > [22m[2mshould return 200 for HEAD request to any API 
endpoint
[22m[39m[ARCJET] WARNING: Running without Arcjet protection

[90mstderr[2m | tests/property/admin-system-health-fixes/head-method.property.test.ts[2m 
> [22m[2mFeature: admin-system-health-fixes, Property 1: HEAD Method Support for API 
Endpoints[2m > [22m[2mProperty: HEAD requests return 200 without authentication 
(Requirements 1.1, 1.2, 1.3)[2m > [22m[2mshould return 200 for HEAD request to any API 
endpoint
[22m[39m[ARCJET] WARNING: Running without Arcjet protection

[90mstderr[2m | tests/property/admin-system-health-fixes/head-method.property.test.ts[2m 
> [22m[2mFeature: admin-system-health-fixes, Property 1: HEAD Method Support for API 
Endpoints[2m > [22m[2mProperty: HEAD requests return 200 without authentication 
(Requirements 1.1, 1.2, 1.3)[2m > [22m[2mshould return 200 for HEAD request to any API 
endpoint
[22m[39m[ARCJET] WARNING: Running without Arcjet protection

[90mstderr[2m | tests/property/admin-system-health-fixes/head-method.property.test.ts[2m 
> [22m[2mFeature: admin-system-health-fixes, Property 1: HEAD Method Support for API 
Endpoints[2m > [22m[2mProperty: HEAD requests return 200 without authentication 
(Requirements 1.1, 1.2, 1.3)[2m > [22m[2mshould return 200 for HEAD request to any API 
endpoint
[22m[39m[ARCJET] WARNING: Running without Arcjet protection

[90mstderr[2m | tests/property/admin-system-health-fixes/head-method.property.test.ts[2m 
> [22m[2mFeature: admin-system-health-fixes, Property 1: HEAD Method Support for API 
Endpoints[2m > [22m[2mProperty: HEAD requests return 200 without authentication 
(Requirements 1.1, 1.2, 1.3)[2m > [22m[2mshould return 200 for HEAD request to any API 
endpoint
[22m[39m[ARCJET] WARNING: Running without Arcjet protection

[90mstderr[2m | tests/property/admin-system-health-fixes/head-method.property.test.ts[2m 
> [22m[2mFeature: admin-system-health-fixes, Property 1: HEAD Method Support for API 
Endpoints[2m > [22m[2mProperty: HEAD requests return 200 without authentication 
(Requirements 1.1, 1.2, 1.3)[2m > [22m[2mshould return 200 for HEAD request to any API 
endpoint
[22m[39m[ARCJET] WARNING: Running without Arcjet protection

[90mstderr[2m | tests/property/admin-system-health-fixes/head-method.property.test.ts[2m 
> [22m[2mFeature: admin-system-health-fixes, Property 1: HEAD Method Support for API 
Endpoints[2m > [22m[2mProperty: HEAD requests return 200 without authentication 
(Requirements 1.1, 1.2, 1.3)[2m > [22m[2mshould return 200 for HEAD request to any API 
endpoint
[22m[39m[ARCJET] WARNING: Running without Arcjet protection

[90mstderr[2m | tests/property/admin-system-health-fixes/head-method.property.test.ts[2m 
> [22m[2mFeature: admin-system-health-fixes, Property 1: HEAD Method Support for API 
Endpoints[2m > [22m[2mProperty: HEAD requests return 200 without authentication 
(Requirements 1.1, 1.2, 1.3)[2m > [22m[2mshould return 200 for HEAD request to any API 
endpoint
[22m[39m[ARCJET] WARNING: Running without Arcjet protection

[90mstderr[2m | tests/property/admin-system-health-fixes/head-method.property.test.ts[2m 
> [22m[2mFeature: admin-system-health-fixes, Property 1: HEAD Method Support for API 
Endpoints[2m > [22m[2mProperty: HEAD requests return 200 without authentication 
(Requirements 1.1, 1.2, 1.3)[2m > [22m[2mshould return 200 for HEAD request to any API 
endpoint
[22m[39m[ARCJET] WARNING: Running without Arcjet protection

[90mstderr[2m | tests/property/admin-system-health-fixes/head-method.property.test.ts[2m 
> [22m[2mFeature: admin-system-health-fixes, Property 1: HEAD Method Support for API 
Endpoints[2m > [22m[2mProperty: HEAD requests return 200 without authentication 
(Requirements 1.1, 1.2, 1.3)[2m > [22m[2mshould return 200 for HEAD request to any API 
endpoint
[22m[39m[ARCJET] WARNING: Running without Arcjet protection

[90mstderr[2m | tests/property/admin-system-health-fixes/head-method.property.test.ts[2m 
> [22m[2mFeature: admin-system-health-fixes, Property 1: HEAD Method Support for API 
Endpoints[2m > [22m[2mProperty: HEAD requests return 200 without authentication 
(Requirements 1.1, 1.2, 1.3)[2m > [22m[2mshould return 200 for HEAD request to any API 
endpoint
[22m[39m[ARCJET] WARNING: Running without Arcjet protection

[90mstderr[2m | tests/property/admin-system-health-fixes/head-method.property.test.ts[2m 
> [22m[2mFeature: admin-system-health-fixes, Property 1: HEAD Method Support for API 
Endpoints[2m > [22m[2mProperty: HEAD requests return 200 without authentication 
(Requirements 1.1, 1.2, 1.3)[2m > [22m[2mshould return 200 for HEAD request to any API 
endpoint
[22m[39m[ARCJET] WARNING: Running without Arcjet protection

[90mstderr[2m | tests/property/admin-system-health-fixes/head-method.property.test.ts[2m 
> [22m[2mFeature: admin-system-health-fixes, Property 1: HEAD Method Support for API 
Endpoints[2m > [22m[2mProperty: HEAD requests return 200 without authentication 
(Requirements 1.1, 1.2, 1.3)[2m > [22m[2mshould return 200 for HEAD request to any API 
endpoint
[22m[39m[ARCJET] WARNING: Running without Arcjet protection

[90mstderr[2m | tests/property/admin-system-health-fixes/head-method.property.test.ts[2m 
> [22m[2mFeature: admin-system-health-fixes, Property 1: HEAD Method Support for API 
Endpoints[2m > [22m[2mProperty: HEAD requests return 200 without authentication 
(Requirements 1.1, 1.2, 1.3)[2m > [22m[2mshould return 200 for HEAD request to any API 
endpoint
[22m[39m[ARCJET] WARNING: Running without Arcjet protection

[90mstderr[2m | tests/property/admin-system-health-fixes/head-method.property.test.ts[2m 
> [22m[2mFeature: admin-system-health-fixes, Property 1: HEAD Method Support for API 
Endpoints[2m > [22m[2mProperty: HEAD requests return 200 without authentication 
(Requirements 1.1, 1.2, 1.3)[2m > [22m[2mshould return 200 for HEAD request to any API 
endpoint
[22m[39m[ARCJET] WARNING: Running without Arcjet protection

[90mstderr[2m | tests/property/admin-system-health-fixes/head-method.property.test.ts[2m 
> [22m[2mFeature: admin-system-health-fixes, Property 1: HEAD Method Support for API 
Endpoints[2m > [22m[2mProperty: HEAD requests return 200 without authentication 
(Requirements 1.1, 1.2, 1.3)[2m > [22m[2mshould return 200 for HEAD request to any API 
endpoint
[22m[39m[ARCJET] WARNING: Running without Arcjet protection

[90mstderr[2m | tests/property/admin-system-health-fixes/head-method.property.test.ts[2m 
> [22m[2mFeature: admin-system-health-fixes, Property 1: HEAD Method Support for API 
Endpoints[2m > [22m[2mProperty: HEAD requests return 200 without authentication 
(Requirements 1.1, 1.2, 1.3)[2m > [22m[2mshould return 200 for HEAD request to any API 
endpoint
[22m[39m[ARCJET] WARNING: Running without Arcjet protection

[90mstderr[2m | tests/property/admin-system-health-fixes/head-method.property.test.ts[2m 
> [22m[2mFeature: admin-system-health-fixes, Property 1: HEAD Method Support for API 
Endpoints[2m > [22m[2mProperty: HEAD requests return 200 without authentication 
(Requirements 1.1, 1.2, 1.3)[2m > [22m[2mshould return 200 for HEAD request to any API 
endpoint
[22m[39m[ARCJET] WARNING: Running without Arcjet protection

[90mstderr[2m | tests/property/admin-system-health-fixes/head-method.property.test.ts[2m 
> [22m[2mFeature: admin-system-health-fixes, Property 1: HEAD Method Support for API 
Endpoints[2m > [22m[2mProperty: HEAD requests return 200 without authentication 
(Requirements 1.1, 1.2, 1.3)[2m > [22m[2mshould return 200 for HEAD request to any API 
endpoint
[22m[39m[ARCJET] WARNING: Running without Arcjet protection

[90mstderr[2m | tests/property/admin-system-health-fixes/head-method.property.test.ts[2m 
> [22m[2mFeature: admin-system-health-fixes, Property 1: HEAD Method Support for API 
Endpoints[2m > [22m[2mProperty: HEAD requests return 200 without authentication 
(Requirements 1.1, 1.2, 1.3)[2m > [22m[2mshould return 200 for HEAD request to any API 
endpoint
[22m[39m[ARCJET] WARNING: Running without Arcjet protection

[90mstderr[2m | tests/property/admin-system-health-fixes/head-method.property.test.ts[2m 
> [22m[2mFeature: admin-system-health-fixes, Property 1: HEAD Method Support for API 
Endpoints[2m > [22m[2mProperty: HEAD requests return 200 without authentication 
(Requirements 1.1, 1.2, 1.3)[2m > [22m[2mshould return 200 for HEAD request to any API 
endpoint
[22m[39m[ARCJET] WARNING: Running without Arcjet protection

[90mstderr[2m | tests/property/admin-system-health-fixes/head-method.property.test.ts[2m 
> [22m[2mFeature: admin-system-health-fixes, Property 1: HEAD Method Support for API 
Endpoints[2m > [22m[2mProperty: HEAD requests return 200 without authentication 
(Requirements 1.1, 1.2, 1.3)[2m > [22m[2mshould return 200 for HEAD request to any API 
endpoint
[22m[39m[ARCJET] WARNING: Running without Arcjet protection

[90mstderr[2m | tests/property/admin-system-health-fixes/head-method.property.test.ts[2m 
> [22m[2mFeature: admin-system-health-fixes, Property 1: HEAD Method Support for API 
Endpoints[2m > [22m[2mProperty: HEAD requests return 200 without authentication 
(Requirements 1.1, 1.2, 1.3)[2m > [22m[2mshould return 200 for HEAD request to any API 
endpoint
[22m[39m[ARCJET] WARNING: Running without Arcjet protection

[90mstderr[2m | tests/property/admin-system-health-fixes/head-method.property.test.ts[2m 
> [22m[2mFeature: admin-system-health-fixes, Property 1: HEAD Method Support for API 
Endpoints[2m > [22m[2mProperty: HEAD requests return 200 without authentication 
(Requirements 1.1, 1.2, 1.3)[2m > [22m[2mshould return 200 for HEAD request to any API 
endpoint
[22m[39m[ARCJET] WARNING: Running without Arcjet protection

[90mstderr[2m | tests/property/admin-system-health-fixes/head-method.property.test.ts[2m 
> [22m[2mFeature: admin-system-health-fixes, Property 1: HEAD Method Support for API 
Endpoints[2m > [22m[2mProperty: HEAD requests return 200 without authentication 
(Requirements 1.1, 1.2, 1.3)[2m > [22m[2mshould return 200 for HEAD request to any API 
endpoint
[22m[39m[ARCJET] WARNING: Running without Arcjet protection

[90mstderr[2m | tests/property/admin-system-health-fixes/head-method.property.test.ts[2m 
> [22m[2mFeature: admin-system-health-fixes, Property 1: HEAD Method Support for API 
Endpoints[2m > [22m[2mProperty: HEAD requests return 200 without authentication 
(Requirements 1.1, 1.2, 1.3)[2m > [22m[2mshould return 200 for HEAD request to any API 
endpoint
[22m[39m[ARCJET] WARNING: Running without Arcjet protection

[90mstderr[2m | tests/property/admin-system-health-fixes/head-method.property.test.ts[2m 
> [22m[2mFeature: admin-system-health-fixes, Property 1: HEAD Method Support for API 
Endpoints[2m > [22m[2mProperty: HEAD requests return 200 without authentication 
(Requirements 1.1, 1.2, 1.3)[2m > [22m[2mshould return 200 for HEAD request to any API 
endpoint
[22m[39m[ARCJET] WARNING: Running without Arcjet protection

[90mstderr[2m | tests/property/admin-system-health-fixes/head-method.property.test.ts[2m 
> [22m[2mFeature: admin-system-health-fixes, Property 1: HEAD Method Support for API 
Endpoints[2m > [22m[2mProperty: HEAD requests return 200 without authentication 
(Requirements 1.1, 1.2, 1.3)[2m > [22m[2mshould return 200 for HEAD request to any API 
endpoint
[22m[39m[ARCJET] WARNING: Running without Arcjet protection

[90mstderr[2m | tests/property/admin-system-health-fixes/head-method.property.test.ts[2m 
> [22m[2mFeature: admin-system-health-fixes, Property 1: HEAD Method Support for API 
Endpoints[2m > [22m[2mProperty: HEAD requests return 200 without authentication 
(Requirements 1.1, 1.2, 1.3)[2m > [22m[2mshould return 200 for HEAD request to any API 
endpoint
[22m[39m[ARCJET] WARNING: Running without Arcjet protection

[90mstderr[2m | tests/property/admin-system-health-fixes/head-method.property.test.ts[2m 
> [22m[2mFeature: admin-system-health-fixes, Property 1: HEAD Method Support for API 
Endpoints[2m > [22m[2mProperty: HEAD requests return 200 without authentication 
(Requirements 1.1, 1.2, 1.3)[2m > [22m[2mshould return 200 for HEAD request to any API 
endpoint
[22m[39m[ARCJET] WARNING: Running without Arcjet protection

[90mstderr[2m | tests/property/admin-system-health-fixes/head-method.property.test.ts[2m 
> [22m[2mFeature: admin-system-health-fixes, Property 1: HEAD Method Support for API 
Endpoints[2m > [22m[2mProperty: HEAD requests return 200 without authentication 
(Requirements 1.1, 1.2, 1.3)[2m > [22m[2mshould return 200 for HEAD request to any API 
endpoint
[22m[39m[ARCJET] WARNING: Running without Arcjet protection

[90mstderr[2m | tests/property/admin-system-health-fixes/head-method.property.test.ts[2m 
> [22m[2mFeature: admin-system-health-fixes, Property 1: HEAD Method Support for API 
Endpoints[2m > [22m[2mProperty: HEAD requests return 200 without authentication 
(Requirements 1.1, 1.2, 1.3)[2m > [22m[2mshould return 200 for HEAD request to any API 
endpoint
[22m[39m[ARCJET] WARNING: Running without Arcjet protection

[90mstderr[2m | tests/property/admin-system-health-fixes/head-method.property.test.ts[2m 
> [22m[2mFeature: admin-system-health-fixes, Property 1: HEAD Method Support for API 
Endpoints[2m > [22m[2mProperty: HEAD requests return 200 without authentication 
(Requirements 1.1, 1.2, 1.3)[2m > [22m[2mshould return 200 for HEAD request to any API 
endpoint
[22m[39m[ARCJET] WARNING: Running without Arcjet protection

[90mstderr[2m | tests/property/admin-system-health-fixes/head-method.property.test.ts[2m 
> [22m[2mFeature: admin-system-health-fixes, Property 1: HEAD Method Support for API 
Endpoints[2m > [22m[2mProperty: HEAD requests return 200 without authentication 
(Requirements 1.1, 1.2, 1.3)[2m > [22m[2mshould return 200 for HEAD request to any API 
endpoint
[22m[39m[ARCJET] WARNING: Running without Arcjet protection

[90mstderr[2m | tests/property/admin-system-health-fixes/head-method.property.test.ts[2m 
> [22m[2mFeature: admin-system-health-fixes, Property 1: HEAD Method Support for API 
Endpoints[2m > [22m[2mProperty: HEAD requests return 200 without authentication 
(Requirements 1.1, 1.2, 1.3)[2m > [22m[2mshould return 200 for HEAD request to any API 
endpoint
[22m[39m[ARCJET] WARNING: Running without Arcjet protection

[90mstderr[2m | tests/property/admin-system-health-fixes/head-method.property.test.ts[2m 
> [22m[2mFeature: admin-system-health-fixes, Property 1: HEAD Method Support for API 
Endpoints[2m > [22m[2mProperty: HEAD requests return 200 without authentication 
(Requirements 1.1, 1.2, 1.3)[2m > [22m[2mshould return 200 for HEAD request to any API 
endpoint
[22m[39m[ARCJET] WARNING: Running without Arcjet protection

[90mstderr[2m | tests/property/admin-system-health-fixes/head-method.property.test.ts[2m 
> [22m[2mFeature: admin-system-health-fixes, Property 1: HEAD Method Support for API 
Endpoints[2m > [22m[2mProperty: HEAD requests return 200 without authentication 
(Requirements 1.1, 1.2, 1.3)[2m > [22m[2mshould return 200 for HEAD request to any API 
endpoint
[22m[39m[ARCJET] WARNING: Running without Arcjet protection

[90mstderr[2m | tests/property/admin-system-health-fixes/head-method.property.test.ts[2m 
> [22m[2mFeature: admin-system-health-fixes, Property 1: HEAD Method Support for API 
Endpoints[2m > [22m[2mProperty: HEAD requests return 200 without authentication 
(Requirements 1.1, 1.2, 1.3)[2m > [22m[2mshould return 200 for HEAD request to any API 
endpoint
[22m[39m[ARCJET] WARNING: Running without Arcjet protection

[90mstderr[2m | tests/property/admin-system-health-fixes/head-method.property.test.ts[2m 
> [22m[2mFeature: admin-system-health-fixes, Property 1: HEAD Method Support for API 
Endpoints[2m > [22m[2mProperty: HEAD requests return 200 without authentication 
(Requirements 1.1, 1.2, 1.3)[2m > [22m[2mshould return 200 for HEAD request to any API 
endpoint
[22m[39m[ARCJET] WARNING: Running without Arcjet protection

[90mstderr[2m | tests/property/admin-system-health-fixes/head-method.property.test.ts[2m 
> [22m[2mFeature: admin-system-health-fixes, Property 1: HEAD Method Support for API 
Endpoints[2m > [22m[2mProperty: HEAD requests return 200 without authentication 
(Requirements 1.1, 1.2, 1.3)[2m > [22m[2mshould return 200 for HEAD request to any API 
endpoint
[22m[39m[ARCJET] WARNING: Running without Arcjet protection

[90mstderr[2m | tests/property/admin-system-health-fixes/head-method.property.test.ts[2m 
> [22m[2mFeature: admin-system-health-fixes, Property 1: HEAD Method Support for API 
Endpoints[2m > [22m[2mProperty: HEAD requests return 200 without authentication 
(Requirements 1.1, 1.2, 1.3)[2m > [22m[2mshould return 200 for HEAD request to any API 
endpoint
[22m[39m[ARCJET] WARNING: Running without Arcjet protection

[90mstderr[2m | tests/property/admin-system-health-fixes/head-method.property.test.ts[2m 
> [22m[2mFeature: admin-system-health-fixes, Property 1: HEAD Method Support for API 
Endpoints[2m > [22m[2mProperty: HEAD requests return 200 without authentication 
(Requirements 1.1, 1.2, 1.3)[2m > [22m[2mshould return 200 for HEAD request to any API 
endpoint
[22m[39m[ARCJET] WARNING: Running without Arcjet protection

[90mstderr[2m | tests/property/admin-system-health-fixes/head-method.property.test.ts[2m 
> [22m[2mFeature: admin-system-health-fixes, Property 1: HEAD Method Support for API 
Endpoints[2m > [22m[2mProperty: HEAD requests return 200 without authentication 
(Requirements 1.1, 1.2, 1.3)[2m > [22m[2mshould return 200 for HEAD request to any API 
endpoint
[22m[39m[ARCJET] WARNING: Running without Arcjet protection

[90mstderr[2m | tests/property/admin-system-health-fixes/head-method.property.test.ts[2m 
> [22m[2mFeature: admin-system-health-fixes, Property 1: HEAD Method Support for API 
Endpoints[2m > [22m[2mProperty: HEAD requests return 200 without authentication 
(Requirements 1.1, 1.2, 1.3)[2m > [22m[2mshould return 200 for HEAD request to any API 
endpoint
[22m[39m[ARCJET] WARNING: Running without Arcjet protection

[90mstderr[2m | tests/property/admin-system-health-fixes/head-method.property.test.ts[2m 
> [22m[2mFeature: admin-system-health-fixes, Property 1: HEAD Method Support for API 
Endpoints[2m > [22m[2mProperty: HEAD requests return 200 without authentication 
(Requirements 1.1, 1.2, 1.3)[2m > [22m[2mshould return 200 for HEAD request to any API 
endpoint
[22m[39m[ARCJET] WARNING: Running without Arcjet protection

[90mstderr[2m | tests/property/admin-system-health-fixes/head-method.property.test.ts[2m 
> [22m[2mFeature: admin-system-health-fixes, Property 1: HEAD Method Support for API 
Endpoints[2m > [22m[2mProperty: HEAD requests return 200 without authentication 
(Requirements 1.1, 1.2, 1.3)[2m > [22m[2mshould return 200 for HEAD request to any API 
endpoint
[22m[39m[ARCJET] WARNING: Running without Arcjet protection

[90mstderr[2m | tests/property/admin-system-health-fixes/head-method.property.test.ts[2m 
> [22m[2mFeature: admin-system-health-fixes, Property 1: HEAD Method Support for API 
Endpoints[2m > [22m[2mProperty: HEAD requests return 200 without authentication 
(Requirements 1.1, 1.2, 1.3)[2m > [22m[2mshould return 200 for HEAD request to any API 
endpoint
[22m[39m[ARCJET] WARNING: Running without Arcjet protection

[90mstderr[2m | tests/property/admin-system-health-fixes/head-method.property.test.ts[2m 
> [22m[2mFeature: admin-system-health-fixes, Property 1: HEAD Method Support for API 
Endpoints[2m > [22m[2mProperty: HEAD requests return 200 without authentication 
(Requirements 1.1, 1.2, 1.3)[2m > [22m[2mshould return 200 for HEAD request to any API 
endpoint
[22m[39m[ARCJET] WARNING: Running without Arcjet protection

[90mstderr[2m | tests/property/admin-system-health-fixes/head-method.property.test.ts[2m 
> [22m[2mFeature: admin-system-health-fixes, Property 1: HEAD Method Support for API 
Endpoints[2m > [22m[2mProperty: HEAD requests return 200 without authentication 
(Requirements 1.1, 1.2, 1.3)[2m > [22m[2mshould return 200 for HEAD request to any API 
endpoint
[22m[39m[ARCJET] WARNING: Running without Arcjet protection

[90mstderr[2m | tests/property/admin-system-health-fixes/head-method.property.test.ts[2m 
> [22m[2mFeature: admin-system-health-fixes, Property 1: HEAD Method Support for API 
Endpoints[2m > [22m[2mProperty: HEAD requests return 200 without authentication 
(Requirements 1.1, 1.2, 1.3)[2m > [22m[2mshould return 200 for HEAD request to any API 
endpoint
[22m[39m[ARCJET] WARNING: Running without Arcjet protection

[90mstderr[2m | tests/property/admin-system-health-fixes/head-method.property.test.ts[2m 
> [22m[2mFeature: admin-system-health-fixes, Property 1: HEAD Method Support for API 
Endpoints[2m > [22m[2mProperty: HEAD requests return 200 without authentication 
(Requirements 1.1, 1.2, 1.3)[2m > [22m[2mshould return 200 for HEAD request to any API 
endpoint
[22m[39m[ARCJET] WARNING: Running without Arcjet protection

[90mstderr[2m | tests/property/admin-system-health-fixes/head-method.property.test.ts[2m 
> [22m[2mFeature: admin-system-health-fixes, Property 1: HEAD Method Support for API 
Endpoints[2m > [22m[2mProperty: HEAD requests return 200 without authentication 
(Requirements 1.1, 1.2, 1.3)[2m > [22m[2mshould return 200 for HEAD request to any API 
endpoint
[22m[39m[ARCJET] WARNING: Running without Arcjet protection

[90mstderr[2m | tests/property/admin-system-health-fixes/head-method.property.test.ts[2m 
> [22m[2mFeature: admin-system-health-fixes, Property 1: HEAD Method Support for API 
Endpoints[2m > [22m[2mProperty: HEAD requests return 200 without authentication 
(Requirements 1.1, 1.2, 1.3)[2m > [22m[2mshould return 200 for HEAD request to any API 
endpoint
[22m[39m[ARCJET] WARNING: Running without Arcjet protection

[90mstderr[2m | tests/property/admin-system-health-fixes/head-method.property.test.ts[2m 
> [22m[2mFeature: admin-system-health-fixes, Property 1: HEAD Method Support for API 
Endpoints[2m > [22m[2mProperty: HEAD requests return 200 without authentication 
(Requirements 1.1, 1.2, 1.3)[2m > [22m[2mshould return 200 for HEAD request to any API 
endpoint
[22m[39m[ARCJET] WARNING: Running without Arcjet protection

[90mstderr[2m | tests/property/admin-system-health-fixes/head-method.property.test.ts[2m 
> [22m[2mFeature: admin-system-health-fixes, Property 1: HEAD Method Support for API 
Endpoints[2m > [22m[2mProperty: HEAD requests return 200 without authentication 
(Requirements 1.1, 1.2, 1.3)[2m > [22m[2mshould return 200 for HEAD request to any API 
endpoint
[22m[39m[ARCJET] WARNING: Running without Arcjet protection

[90mstderr[2m | tests/property/admin-system-health-fixes/head-method.property.test.ts[2m 
> [22m[2mFeature: admin-system-health-fixes, Property 1: HEAD Method Support for API 
Endpoints[2m > [22m[2mProperty: HEAD requests return 200 without authentication 
(Requirements 1.1, 1.2, 1.3)[2m > [22m[2mshould return 200 for HEAD request to any API 
endpoint
[22m[39m[ARCJET] WARNING: Running without Arcjet protection

[90mstderr[2m | tests/property/admin-system-health-fixes/head-method.property.test.ts[2m 
> [22m[2mFeature: admin-system-health-fixes, Property 1: HEAD Method Support for API 
Endpoints[2m > [22m[2mProperty: HEAD requests return 200 without authentication 
(Requirements 1.1, 1.2, 1.3)[2m > [22m[2mshould return 200 for HEAD request to any API 
endpoint
[22m[39m[ARCJET] WARNING: Running without Arcjet protection

[90mstderr[2m | tests/property/admin-system-health-fixes/head-method.property.test.ts[2m 
> [22m[2mFeature: admin-system-health-fixes, Property 1: HEAD Method Support for API 
Endpoints[2m > [22m[2mProperty: HEAD requests return 200 without authentication 
(Requirements 1.1, 1.2, 1.3)[2m > [22m[2mshould return 200 for HEAD request to any API 
endpoint
[22m[39m[ARCJET] WARNING: Running without Arcjet protection

[90mstderr[2m | tests/property/admin-system-health-fixes/head-method.property.test.ts[2m 
> [22m[2mFeature: admin-system-health-fixes, Property 1: HEAD Method Support for API 
Endpoints[2m > [22m[2mProperty: HEAD requests return 200 without authentication 
(Requirements 1.1, 1.2, 1.3)[2m > [22m[2mshould return 200 for HEAD request to any API 
endpoint
[22m[39m[ARCJET] WARNING: Running without Arcjet protection

[90mstderr[2m | tests/property/admin-system-health-fixes/head-method.property.test.ts[2m 
> [22m[2mFeature: admin-system-health-fixes, Property 1: HEAD Method Support for API 
Endpoints[2m > [22m[2mProperty: HEAD requests return 200 without authentication 
(Requirements 1.1, 1.2, 1.3)[2m > [22m[2mshould return 200 for HEAD request to any API 
endpoint
[22m[39m[ARCJET] WARNING: Running without Arcjet protection

[90mstderr[2m | tests/property/admin-system-health-fixes/head-method.property.test.ts[2m 
> [22m[2mFeature: admin-system-health-fixes, Property 1: HEAD Method Support for API 
Endpoints[2m > [22m[2mProperty: HEAD requests return 200 without authentication 
(Requirements 1.1, 1.2, 1.3)[2m > [22m[2mshould return 200 for HEAD request to any API 
endpoint
[22m[39m[ARCJET] WARNING: Running without Arcjet protection

[90mstderr[2m | tests/property/admin-system-health-fixes/head-method.property.test.ts[2m 
> [22m[2mFeature: admin-system-health-fixes, Property 1: HEAD Method Support for API 
Endpoints[2m > [22m[2mProperty: HEAD requests return 200 without authentication 
(Requirements 1.1, 1.2, 1.3)[2m > [22m[2mshould return 200 for HEAD request to any API 
endpoint
[22m[39m[ARCJET] WARNING: Running without Arcjet protection

[90mstderr[2m | tests/property/admin-system-health-fixes/head-method.property.test.ts[2m 
> [22m[2mFeature: admin-system-health-fixes, Property 1: HEAD Method Support for API 
Endpoints[2m > [22m[2mProperty: HEAD requests return 200 without authentication 
(Requirements 1.1, 1.2, 1.3)[2m > [22m[2mshould return 200 for HEAD request to any API 
endpoint
[22m[39m[ARCJET] WARNING: Running without Arcjet protection

[90mstderr[2m | tests/property/admin-system-health-fixes/head-method.property.test.ts[2m 
> [22m[2mFeature: admin-system-health-fixes, Property 1: HEAD Method Support for API 
Endpoints[2m > [22m[2mProperty: HEAD requests return 200 without authentication 
(Requirements 1.1, 1.2, 1.3)[2m > [22m[2mshould return 200 for HEAD request to any API 
endpoint
[22m[39m[ARCJET] WARNING: Running without Arcjet protection

[90mstderr[2m | tests/property/admin-system-health-fixes/head-method.property.test.ts[2m 
> [22m[2mFeature: admin-system-health-fixes, Property 1: HEAD Method Support for API 
Endpoints[2m > [22m[2mProperty: HEAD requests return 200 without authentication 
(Requirements 1.1, 1.2, 1.3)[2m > [22m[2mshould return 200 for HEAD request to any API 
endpoint
[22m[39m[ARCJET] WARNING: Running without Arcjet protection

[90mstderr[2m | tests/property/admin-system-health-fixes/head-method.property.test.ts[2m 
> [22m[2mFeature: admin-system-health-fixes, Property 1: HEAD Method Support for API 
Endpoints[2m > [22m[2mProperty: HEAD requests return 200 without authentication 
(Requirements 1.1, 1.2, 1.3)[2m > [22m[2mshould return 200 for HEAD request to any API 
endpoint
[22m[39m[ARCJET] WARNING: Running without Arcjet protection

[90mstderr[2m | tests/property/admin-system-health-fixes/head-method.property.test.ts[2m 
> [22m[2mFeature: admin-system-health-fixes, Property 1: HEAD Method Support for API 
Endpoints[2m > [22m[2mProperty: HEAD requests return 200 without authentication 
(Requirements 1.1, 1.2, 1.3)[2m > [22m[2mshould return 200 for HEAD request to any API 
endpoint
[22m[39m[ARCJET] WARNING: Running without Arcjet protection

[90mstderr[2m | tests/property/admin-system-health-fixes/head-method.property.test.ts[2m 
> [22m[2mFeature: admin-system-health-fixes, Property 1: HEAD Method Support for API 
Endpoints[2m > [22m[2mProperty: HEAD requests return 200 without authentication 
(Requirements 1.1, 1.2, 1.3)[2m > [22m[2mshould return 200 for HEAD request to any API 
endpoint
[22m[39m[ARCJET] WARNING: Running without Arcjet protection

[90mstderr[2m | tests/property/admin-system-health-fixes/head-method.property.test.ts[2m 
> [22m[2mFeature: admin-system-health-fixes, Property 1: HEAD Method Support for API 
Endpoints[2m > [22m[2mProperty: HEAD requests return 200 without authentication 
(Requirements 1.1, 1.2, 1.3)[2m > [22m[2mshould return 200 for HEAD request to any API 
endpoint
[22m[39m[ARCJET] WARNING: Running without Arcjet protection

[90mstderr[2m | tests/property/admin-system-health-fixes/head-method.property.test.ts[2m 
> [22m[2mFeature: admin-system-health-fixes, Property 1: HEAD Method Support for API 
Endpoints[2m > [22m[2mProperty: HEAD requests return 200 without authentication 
(Requirements 1.1, 1.2, 1.3)[2m > [22m[2mshould return 200 for HEAD request to any API 
endpoint
[22m[39m[ARCJET] WARNING: Running without Arcjet protection

[90mstderr[2m | tests/property/admin-system-health-fixes/head-method.property.test.ts[2m 
> [22m[2mFeature: admin-system-health-fixes, Property 1: HEAD Method Support for API 
Endpoints[2m > [22m[2mProperty: HEAD requests return 200 without authentication 
(Requirements 1.1, 1.2, 1.3)[2m > [22m[2mshould return 200 for HEAD request to any API 
endpoint
[22m[39m[ARCJET] WARNING: Running without Arcjet protection

[90mstderr[2m | tests/property/admin-system-health-fixes/head-method.property.test.ts[2m 
> [22m[2mFeature: admin-system-health-fixes, Property 1: HEAD Method Support for API 
Endpoints[2m > [22m[2mProperty: HEAD requests return 200 without authentication 
(Requirements 1.1, 1.2, 1.3)[2m > [22m[2mshould return 200 for HEAD request to any API 
endpoint
[22m[39m[ARCJET] WARNING: Running without Arcjet protection

[90mstderr[2m | tests/property/admin-system-health-fixes/head-method.property.test.ts[2m 
> [22m[2mFeature: admin-system-health-fixes, Property 1: HEAD Method Support for API 
Endpoints[2m > [22m[2mProperty: HEAD requests return 200 without authentication 
(Requirements 1.1, 1.2, 1.3)[2m > [22m[2mshould return 200 for HEAD request to any API 
endpoint
[22m[39m[ARCJET] WARNING: Running without Arcjet protection

[90mstderr[2m | tests/property/admin-system-health-fixes/head-method.property.test.ts[2m 
> [22m[2mFeature: admin-system-health-fixes, Property 1: HEAD Method Support for API 
Endpoints[2m > [22m[2mProperty: HEAD requests return 200 without authentication 
(Requirements 1.1, 1.2, 1.3)[2m > [22m[2mshould return 200 for HEAD request to any API 
endpoint
[22m[39m[ARCJET] WARNING: Running without Arcjet protection

[90mstderr[2m | tests/property/admin-system-health-fixes/head-method.property.test.ts[2m 
> [22m[2mFeature: admin-system-health-fixes, Property 1: HEAD Method Support for API 
Endpoints[2m > [22m[2mProperty: HEAD requests return 200 without authentication 
(Requirements 1.1, 1.2, 1.3)[2m > [22m[2mshould return 200 for HEAD request to any API 
endpoint
[22m[39m[ARCJET] WARNING: Running without Arcjet protection

[90mstderr[2m | tests/property/admin-system-health-fixes/head-method.property.test.ts[2m 
> [22m[2mFeature: admin-system-health-fixes, Property 1: HEAD Method Support for API 
Endpoints[2m > [22m[2mProperty: HEAD requests return 200 without authentication 
(Requirements 1.1, 1.2, 1.3)[2m > [22m[2mshould return 200 for HEAD request to any API 
endpoint
[22m[39m[ARCJET] WARNING: Running without Arcjet protection

[90mstderr[2m | tests/property/admin-system-health-fixes/head-method.property.test.ts[2m 
> [22m[2mFeature: admin-system-health-fixes, Property 1: HEAD Method Support for API 
Endpoints[2m > [22m[2mProperty: HEAD requests return 200 without authentication 
(Requirements 1.1, 1.2, 1.3)[2m > [22m[2mshould return 200 for HEAD request to any API 
endpoint
[22m[39m[ARCJET] WARNING: Running without Arcjet protection

[90mstderr[2m | tests/property/admin-system-health-fixes/head-method.property.test.ts[2m 
> [22m[2mFeature: admin-system-health-fixes, Property 1: HEAD Method Support for API 
Endpoints[2m > [22m[2mProperty: HEAD requests return 200 without authentication 
(Requirements 1.1, 1.2, 1.3)[2m > [22m[2mshould return 200 for HEAD request to any API 
endpoint
[22m[39m[ARCJET] WARNING: Running without Arcjet protection

[90mstderr[2m | tests/property/admin-system-health-fixes/head-method.property.test.ts[2m 
> [22m[2mFeature: admin-system-health-fixes, Property 1: HEAD Method Support for API 
Endpoints[2m > [22m[2mProperty: HEAD requests return 200 without authentication 
(Requirements 1.1, 1.2, 1.3)[2m > [22m[2mshould return 200 for HEAD request to any API 
endpoint
[22m[39m[ARCJET] WARNING: Running without Arcjet protection

[90mstderr[2m | tests/property/admin-system-health-fixes/head-method.property.test.ts[2m 
> [22m[2mFeature: admin-system-health-fixes, Property 1: HEAD Method Support for API 
Endpoints[2m > [22m[2mProperty: HEAD requests return 200 without authentication 
(Requirements 1.1, 1.2, 1.3)[2m > [22m[2mshould return 200 for HEAD request to any API 
endpoint
[22m[39m[ARCJET] WARNING: Running without Arcjet protection

[90mstderr[2m | tests/property/admin-system-health-fixes/head-method.property.test.ts[2m 
> [22m[2mFeature: admin-system-health-fixes, Property 1: HEAD Method Support for API 
Endpoints[2m > [22m[2mProperty: HEAD requests return 200 without authentication 
(Requirements 1.1, 1.2, 1.3)[2m > [22m[2mshould return 200 for HEAD request to any API 
endpoint
[22m[39m[ARCJET] WARNING: Running without Arcjet protection

[90mstderr[2m | tests/property/admin-system-health-fixes/head-method.property.test.ts[2m 
> [22m[2mFeature: admin-system-health-fixes, Property 1: HEAD Method Support for API 
Endpoints[2m > [22m[2mProperty: HEAD requests return 200 without authentication 
(Requirements 1.1, 1.2, 1.3)[2m > [22m[2mshould return 200 for HEAD request to any API 
endpoint
[22m[39m[ARCJET] WARNING: Running without Arcjet protection

[90mstderr[2m | tests/property/admin-system-health-fixes/head-method.property.test.ts[2m 
> [22m[2mFeature: admin-system-health-fixes, Property 1: HEAD Method Support for API 
Endpoints[2m > [22m[2mProperty: HEAD requests return 200 without authentication 
(Requirements 1.1, 1.2, 1.3)[2m > [22m[2mshould return 200 for HEAD request to any API 
endpoint
[22m[39m[ARCJET] WARNING: Running without Arcjet protection

[90mstderr[2m | tests/property/admin-system-health-fixes/head-method.property.test.ts[2m 
> [22m[2mFeature: admin-system-health-fixes, Property 1: HEAD Method Support for API 
Endpoints[2m > [22m[2mProperty: HEAD requests return 200 without authentication 
(Requirements 1.1, 1.2, 1.3)[2m > [22m[2mshould return 200 for HEAD request to any API 
endpoint
[22m[39m[ARCJET] WARNING: Running without Arcjet protection

[90mstderr[2m | tests/property/admin-system-health-fixes/head-method.property.test.ts[2m 
> [22m[2mFeature: admin-system-health-fixes, Property 1: HEAD Method Support for API 
Endpoints[2m > [22m[2mProperty: HEAD requests return 200 without authentication 
(Requirements 1.1, 1.2, 1.3)[2m > [22m[2mshould return 200 for HEAD request to any API 
endpoint
[22m[39m[ARCJET] WARNING: Running without Arcjet protection

[90mstderr[2m | tests/property/admin-system-health-fixes/head-method.property.test.ts[2m 
> [22m[2mFeature: admin-system-health-fixes, Property 1: HEAD Method Support for API 
Endpoints[2m > [22m[2mProperty: HEAD requests return 200 without authentication 
(Requirements 1.1, 1.2, 1.3)[2m > [22m[2mshould return 200 for HEAD request to any API 
endpoint
[22m[39m[ARCJET] WARNING: Running without Arcjet protection

[90mstderr[2m | tests/property/admin-system-health-fixes/head-method.property.test.ts[2m 
> [22m[2mFeature: admin-system-health-fixes, Property 1: HEAD Method Support for API 
Endpoints[2m > [22m[2mProperty: HEAD requests return 200 without authentication 
(Requirements 1.1, 1.2, 1.3)[2m > [22m[2mshould return 200 for HEAD request to any API 
endpoint
[22m[39m[ARCJET] WARNING: Running without Arcjet protection

[90mstderr[2m | tests/property/admin-system-health-fixes/head-method.property.test.ts[2m 
> [22m[2mFeature: admin-system-health-fixes, Property 1: HEAD Method Support for API 
Endpoints[2m > [22m[2mProperty: HEAD requests return 200 without authentication 
(Requirements 1.1, 1.2, 1.3)[2m > [22m[2mshould return 200 for HEAD request to any API 
endpoint
[22m[39m[ARCJET] WARNING: Running without Arcjet protection

[90mstderr[2m | tests/property/admin-system-health-fixes/head-method.property.test.ts[2m 
> [22m[2mFeature: admin-system-health-fixes, Property 1: HEAD Method Support for API 
Endpoints[2m > [22m[2mProperty: HEAD requests return 200 without authentication 
(Requirements 1.1, 1.2, 1.3)[2m > [22m[2mshould return 200 for HEAD request to 
/api/applications (Requirement 1.1)
[22m[39m[ARCJET] WARNING: Running without Arcjet protection

[90mstderr[2m | tests/property/admin-system-health-fixes/head-method.property.test.ts[2m 
> [22m[2mFeature: admin-system-health-fixes, Property 1: HEAD Method Support for API 
Endpoints[2m > [22m[2mProperty: HEAD requests return 200 without authentication 
(Requirements 1.1, 1.2, 1.3)[2m > [22m[2mshould return 200 for HEAD request to 
/api/notifications (Requirement 1.2)
[22m[39m[ARCJET] WARNING: Running without Arcjet protection

[90mstderr[2m | tests/property/admin-system-health-fixes/head-method.property.test.ts[2m 
> [22m[2mFeature: admin-system-health-fixes, Property 1: HEAD Method Support for API 
Endpoints[2m > [22m[2mProperty: HEAD requests return 200 without authentication 
(Requirements 1.1, 1.2, 1.3)[2m > [22m[2mshould set CORS headers for HEAD requests
[22m[39m[ARCJET] WARNING: Running without Arcjet protection

[90mstderr[2m | tests/property/admin-system-health-fixes/head-method.property.test.ts[2m 
> [22m[2mFeature: admin-system-health-fixes, Property 1: HEAD Method Support for API 
Endpoints[2m > [22m[2mProperty: HEAD requests return 200 without authentication 
(Requirements 1.1, 1.2, 1.3)[2m > [22m[2mshould set CORS headers for HEAD requests
[22m[39m[ARCJET] WARNING: Running without Arcjet protection

[90mstderr[2m | tests/property/admin-system-health-fixes/head-method.property.test.ts[2m 
> [22m[2mFeature: admin-system-health-fixes, Property 1: HEAD Method Support for API 
Endpoints[2m > [22m[2mProperty: HEAD requests return 200 without authentication 
(Requirements 1.1, 1.2, 1.3)[2m > [22m[2mshould set CORS headers for HEAD requests
[22m[39m[ARCJET] WARNING: Running without Arcjet protection

[90mstderr[2m | tests/property/admin-system-health-fixes/head-method.property.test.ts[2m 
> [22m[2mFeature: admin-system-health-fixes, Property 1: HEAD Method Support for API 
Endpoints[2m > [22m[2mProperty: HEAD requests return 200 without authentication 
(Requirements 1.1, 1.2, 1.3)[2m > [22m[2mshould set CORS headers for HEAD requests
[22m[39m[ARCJET] WARNING: Running without Arcjet protection

[90mstderr[2m | tests/property/admin-system-health-fixes/head-method.property.test.ts[2m 
> [22m[2mFeature: admin-system-health-fixes, Property 1: HEAD Method Support for API 
Endpoints[2m > [22m[2mProperty: HEAD requests return 200 without authentication 
(Requirements 1.1, 1.2, 1.3)[2m > [22m[2mshould set CORS headers for HEAD requests
[22m[39m[ARCJET] WARNING: Running without Arcjet protection

[90mstderr[2m | tests/property/admin-system-health-fixes/head-method.property.test.ts[2m 
> [22m[2mFeature: admin-system-health-fixes, Property 1: HEAD Method Support for API 
Endpoints[2m > [22m[2mProperty: HEAD requests return 200 without authentication 
(Requirements 1.1, 1.2, 1.3)[2m > [22m[2mshould set CORS headers for HEAD requests
[22m[39m[ARCJET] WARNING: Running without Arcjet protection

[90mstderr[2m | tests/property/admin-system-health-fixes/head-method.property.test.ts[2m 
> [22m[2mFeature: admin-system-health-fixes, Property 1: HEAD Method Support for API 
Endpoints[2m > [22m[2mProperty: HEAD requests return 200 without authentication 
(Requirements 1.1, 1.2, 1.3)[2m > [22m[2mshould set CORS headers for HEAD requests
[22m[39m[ARCJET] WARNING: Running without Arcjet protection

[90mstderr[2m | tests/property/admin-system-health-fixes/head-method.property.test.ts[2m 
> [22m[2mFeature: admin-system-health-fixes, Property 1: HEAD Method Support for API 
Endpoints[2m > [22m[2mProperty: HEAD requests return 200 without authentication 
(Requirements 1.1, 1.2, 1.3)[2m > [22m[2mshould set CORS headers for HEAD requests
[22m[39m[ARCJET] WARNING: Running without Arcjet protection

[90mstderr[2m | tests/property/admin-system-health-fixes/head-method.property.test.ts[2m 
> [22m[2mFeature: admin-system-health-fixes, Property 1: HEAD Method Support for API 
Endpoints[2m > [22m[2mProperty: HEAD requests return 200 without authentication 
(Requirements 1.1, 1.2, 1.3)[2m > [22m[2mshould set CORS headers for HEAD requests
[22m[39m[ARCJET] WARNING: Running without Arcjet protection

[90mstderr[2m | tests/property/admin-system-health-fixes/head-method.property.test.ts[2m 
> [22m[2mFeature: admin-system-health-fixes, Property 1: HEAD Method Support for API 
Endpoints[2m > [22m[2mProperty: HEAD requests return 200 without authentication 
(Requirements 1.1, 1.2, 1.3)[2m > [22m[2mshould set CORS headers for HEAD requests
[22m[39m[ARCJET] WARNING: Running without Arcjet protection

[90mstderr[2m | tests/property/admin-system-health-fixes/head-method.property.test.ts[2m 
> [22m[2mFeature: admin-system-health-fixes, Property 1: HEAD Method Support for API 
Endpoints[2m > [22m[2mProperty: HEAD requests return 200 without authentication 
(Requirements 1.1, 1.2, 1.3)[2m > [22m[2mshould set CORS headers for HEAD requests
[22m[39m[ARCJET] WARNING: Running without Arcjet protection

[90mstderr[2m | tests/property/admin-system-health-fixes/head-method.property.test.ts[2m 
> [22m[2mFeature: admin-system-health-fixes, Property 1: HEAD Method Support for API 
Endpoints[2m > [22m[2mProperty: HEAD requests return 200 without authentication 
(Requirements 1.1, 1.2, 1.3)[2m > [22m[2mshould set CORS headers for HEAD requests
[22m[39m[ARCJET] WARNING: Running without Arcjet protection

[90mstderr[2m | tests/property/admin-system-health-fixes/head-method.property.test.ts[2m 
> [22m[2mFeature: admin-system-health-fixes, Property 1: HEAD Method Support for API 
Endpoints[2m > [22m[2mProperty: HEAD requests return 200 without authentication 
(Requirements 1.1, 1.2, 1.3)[2m > [22m[2mshould set CORS headers for HEAD requests
[22m[39m[ARCJET] WARNING: Running without Arcjet protection

[90mstderr[2m | tests/property/admin-system-health-fixes/head-method.property.test.ts[2m 
> [22m[2mFeature: admin-system-health-fixes, Property 1: HEAD Method Support for API 
Endpoints[2m > [22m[2mProperty: HEAD requests return 200 without authentication 
(Requirements 1.1, 1.2, 1.3)[2m > [22m[2mshould set CORS headers for HEAD requests
[22m[39m[ARCJET] WARNING: Running without Arcjet protection

[90mstderr[2m | tests/property/admin-system-health-fixes/head-method.property.test.ts[2m 
> [22m[2mFeature: admin-system-health-fixes, Property 1: HEAD Method Support for API 
Endpoints[2m > [22m[2mProperty: HEAD requests return 200 without authentication 
(Requirements 1.1, 1.2, 1.3)[2m > [22m[2mshould set CORS headers for HEAD requests
[22m[39m[ARCJET] WARNING: Running without Arcjet protection

[90mstderr[2m | tests/property/admin-system-health-fixes/head-method.property.test.ts[2m 
> [22m[2mFeature: admin-system-health-fixes, Property 1: HEAD Method Support for API 
Endpoints[2m > [22m[2mProperty: HEAD requests return 200 without authentication 
(Requirements 1.1, 1.2, 1.3)[2m > [22m[2mshould set CORS headers for HEAD requests
[22m[39m[ARCJET] WARNING: Running without Arcjet protection

[90mstderr[2m | tests/property/admin-system-health-fixes/head-method.property.test.ts[2m 
> [22m[2mFeature: admin-system-health-fixes, Property 1: HEAD Method Support for API 
Endpoints[2m > [22m[2mProperty: HEAD requests return 200 without authentication 
(Requirements 1.1, 1.2, 1.3)[2m > [22m[2mshould set CORS headers for HEAD requests
[22m[39m[ARCJET] WARNING: Running without Arcjet protection

[90mstderr[2m | tests/property/admin-system-health-fixes/head-method.property.test.ts[2m 
> [22m[2mFeature: admin-system-health-fixes, Property 1: HEAD Method Support for API 
Endpoints[2m > [22m[2mProperty: HEAD requests return 200 without authentication 
(Requirements 1.1, 1.2, 1.3)[2m > [22m[2mshould set CORS headers for HEAD requests
[22m[39m[ARCJET] WARNING: Running without Arcjet protection

[90mstderr[2m | tests/property/admin-system-health-fixes/head-method.property.test.ts[2m 
> [22m[2mFeature: admin-system-health-fixes, Property 1: HEAD Method Support for API 
Endpoints[2m > [22m[2mProperty: HEAD requests return 200 without authentication 
(Requirements 1.1, 1.2, 1.3)[2m > [22m[2mshould set CORS headers for HEAD requests
[22m[39m[ARCJET] WARNING: Running without Arcjet protection

[90mstderr[2m | tests/property/admin-system-health-fixes/head-method.property.test.ts[2m 
> [22m[2mFeature: admin-system-health-fixes, Property 1: HEAD Method Support for API 
Endpoints[2m > [22m[2mProperty: HEAD requests return 200 without authentication 
(Requirements 1.1, 1.2, 1.3)[2m > [22m[2mshould set CORS headers for HEAD requests
[22m[39m[ARCJET] WARNING: Running without Arcjet protection

[90mstderr[2m | tests/property/admin-system-health-fixes/head-method.property.test.ts[2m 
> [22m[2mFeature: admin-system-health-fixes, Property 1: HEAD Method Support for API 
Endpoints[2m > [22m[2mProperty: HEAD requests return 200 without authentication 
(Requirements 1.1, 1.2, 1.3)[2m > [22m[2mshould set CORS headers for HEAD requests
[22m[39m[ARCJET] WARNING: Running without Arcjet protection

[90mstderr[2m | tests/property/admin-system-health-fixes/head-method.property.test.ts[2m 
> [22m[2mFeature: admin-system-health-fixes, Property 1: HEAD Method Support for API 
Endpoints[2m > [22m[2mProperty: HEAD requests return 200 without authentication 
(Requirements 1.1, 1.2, 1.3)[2m > [22m[2mshould set CORS headers for HEAD requests
[22m[39m[ARCJET] WARNING: Running without Arcjet protection

[90mstderr[2m | tests/property/admin-system-health-fixes/head-method.property.test.ts[2m 
> [22m[2mFeature: admin-system-health-fixes, Property 1: HEAD Method Support for API 
Endpoints[2m > [22m[2mProperty: HEAD requests return 200 without authentication 
(Requirements 1.1, 1.2, 1.3)[2m > [22m[2mshould set CORS headers for HEAD requests
[22m[39m[ARCJET] WARNING: Running without Arcjet protection

[90mstderr[2m | tests/property/admin-system-health-fixes/head-method.property.test.ts[2m 
> [22m[2mFeature: admin-system-health-fixes, Property 1: HEAD Method Support for API 
Endpoints[2m > [22m[2mProperty: HEAD requests return 200 without authentication 
(Requirements 1.1, 1.2, 1.3)[2m > [22m[2mshould set CORS headers for HEAD requests
[22m[39m[ARCJET] WARNING: Running without Arcjet protection

[90mstderr[2m | tests/property/admin-system-health-fixes/head-method.property.test.ts[2m 
> [22m[2mFeature: admin-system-health-fixes, Property 1: HEAD Method Support for API 
Endpoints[2m > [22m[2mProperty: HEAD requests return 200 without authentication 
(Requirements 1.1, 1.2, 1.3)[2m > [22m[2mshould set CORS headers for HEAD requests
[22m[39m[ARCJET] WARNING: Running without Arcjet protection

[90mstderr[2m | tests/property/admin-system-health-fixes/head-method.property.test.ts[2m 
> [22m[2mFeature: admin-system-health-fixes, Property 1: HEAD Method Support for API 
Endpoints[2m > [22m[2mProperty: HEAD requests return 200 without authentication 
(Requirements 1.1, 1.2, 1.3)[2m > [22m[2mshould set CORS headers for HEAD requests
[22m[39m[ARCJET] WARNING: Running without Arcjet protection

[90mstderr[2m | tests/property/admin-system-health-fixes/head-method.property.test.ts[2m 
> [22m[2mFeature: admin-system-health-fixes, Property 1: HEAD Method Support for API 
Endpoints[2m > [22m[2mProperty: HEAD requests return 200 without authentication 
(Requirements 1.1, 1.2, 1.3)[2m > [22m[2mshould set CORS headers for HEAD requests
[22m[39m[ARCJET] WARNING: Running without Arcjet protection

[90mstderr[2m | tests/property/admin-system-health-fixes/head-method.property.test.ts[2m 
> [22m[2mFeature: admin-system-health-fixes, Property 1: HEAD Method Support for API 
Endpoints[2m > [22m[2mProperty: HEAD requests return 200 without authentication 
(Requirements 1.1, 1.2, 1.3)[2m > [22m[2mshould set CORS headers for HEAD requests
[22m[39m[ARCJET] WARNING: Running without Arcjet protection

[90mstderr[2m | tests/property/admin-system-health-fixes/head-method.property.test.ts[2m 
> [22m[2mFeature: admin-system-health-fixes, Property 1: HEAD Method Support for API 
Endpoints[2m > [22m[2mProperty: HEAD requests return 200 without authentication 
(Requirements 1.1, 1.2, 1.3)[2m > [22m[2mshould set CORS headers for HEAD requests
[22m[39m[ARCJET] WARNING: Running without Arcjet protection

[90mstderr[2m | tests/property/admin-system-health-fixes/head-method.property.test.ts[2m 
> [22m[2mFeature: admin-system-health-fixes, Property 1: HEAD Method Support for API 
Endpoints[2m > [22m[2mProperty: HEAD requests return 200 without authentication 
(Requirements 1.1, 1.2, 1.3)[2m > [22m[2mshould set CORS headers for HEAD requests
[22m[39m[ARCJET] WARNING: Running without Arcjet protection

[90mstderr[2m | tests/property/admin-system-health-fixes/head-method.property.test.ts[2m 
> [22m[2mFeature: admin-system-health-fixes, Property 1: HEAD Method Support for API 
Endpoints[2m > [22m[2mProperty: HEAD requests return 200 without authentication 
(Requirements 1.1, 1.2, 1.3)[2m > [22m[2mshould set CORS headers for HEAD requests
[22m[39m[ARCJET] WARNING: Running without Arcjet protection

[90mstderr[2m | tests/property/admin-system-health-fixes/head-method.property.test.ts[2m 
> [22m[2mFeature: admin-system-health-fixes, Property 1: HEAD Method Support for API 
Endpoints[2m > [22m[2mProperty: HEAD requests return 200 without authentication 
(Requirements 1.1, 1.2, 1.3)[2m > [22m[2mshould set CORS headers for HEAD requests
[22m[39m[ARCJET] WARNING: Running without Arcjet protection

[90mstderr[2m | tests/property/admin-system-health-fixes/head-method.property.test.ts[2m 
> [22m[2mFeature: admin-system-health-fixes, Property 1: HEAD Method Support for API 
Endpoints[2m > [22m[2mProperty: HEAD requests return 200 without authentication 
(Requirements 1.1, 1.2, 1.3)[2m > [22m[2mshould set CORS headers for HEAD requests
[22m[39m[ARCJET] WARNING: Running without Arcjet protection

[90mstderr[2m | tests/property/admin-system-health-fixes/head-method.property.test.ts[2m 
> [22m[2mFeature: admin-system-health-fixes, Property 1: HEAD Method Support for API 
Endpoints[2m > [22m[2mProperty: HEAD requests return 200 without authentication 
(Requirements 1.1, 1.2, 1.3)[2m > [22m[2mshould set CORS headers for HEAD requests
[22m[39m[ARCJET] WARNING: Running without Arcjet protection

[90mstderr[2m | tests/property/admin-system-health-fixes/head-method.property.test.ts[2m 
> [22m[2mFeature: admin-system-health-fixes, Property 1: HEAD Method Support for API 
Endpoints[2m > [22m[2mProperty: HEAD requests return 200 without authentication 
(Requirements 1.1, 1.2, 1.3)[2m > [22m[2mshould set CORS headers for HEAD requests
[22m[39m[ARCJET] WARNING: Running without Arcjet protection

[90mstderr[2m | tests/property/admin-system-health-fixes/head-method.property.test.ts[2m 
> [22m[2mFeature: admin-system-health-fixes, Property 1: HEAD Method Support for API 
Endpoints[2m > [22m[2mProperty: HEAD requests return 200 without authentication 
(Requirements 1.1, 1.2, 1.3)[2m > [22m[2mshould set CORS headers for HEAD requests
[22m[39m[ARCJET] WARNING: Running without Arcjet protection

[90mstderr[2m | tests/property/admin-system-health-fixes/head-method.property.test.ts[2m 
> [22m[2mFeature: admin-system-health-fixes, Property 1: HEAD Method Support for API 
Endpoints[2m > [22m[2mProperty: HEAD requests return 200 without authentication 
(Requirements 1.1, 1.2, 1.3)[2m > [22m[2mshould set CORS headers for HEAD requests
[22m[39m[ARCJET] WARNING: Running without Arcjet protection

[90mstderr[2m | tests/property/admin-system-health-fixes/head-method.property.test.ts[2m 
> [22m[2mFeature: admin-system-health-fixes, Property 1: HEAD Method Support for API 
Endpoints[2m > [22m[2mProperty: HEAD requests return 200 without authentication 
(Requirements 1.1, 1.2, 1.3)[2m > [22m[2mshould set CORS headers for HEAD requests
[22m[39m[ARCJET] WARNING: Running without Arcjet protection

[90mstderr[2m | tests/property/admin-system-health-fixes/head-method.property.test.ts[2m 
> [22m[2mFeature: admin-system-health-fixes, Property 1: HEAD Method Support for API 
Endpoints[2m > [22m[2mProperty: HEAD requests return 200 without authentication 
(Requirements 1.1, 1.2, 1.3)[2m > [22m[2mshould set CORS headers for HEAD requests
[22m[39m[ARCJET] WARNING: Running without Arcjet protection

[90mstderr[2m | tests/property/admin-system-health-fixes/head-method.property.test.ts[2m 
> [22m[2mFeature: admin-system-health-fixes, Property 1: HEAD Method Support for API 
Endpoints[2m > [22m[2mProperty: HEAD requests return 200 without authentication 
(Requirements 1.1, 1.2, 1.3)[2m > [22m[2mshould set CORS headers for HEAD requests
[22m[39m[ARCJET] WARNING: Running without Arcjet protection

[90mstderr[2m | tests/property/admin-system-health-fixes/head-method.property.test.ts[2m 
> [22m[2mFeature: admin-system-health-fixes, Property 1: HEAD Method Support for API 
Endpoints[2m > [22m[2mProperty: HEAD requests return 200 without authentication 
(Requirements 1.1, 1.2, 1.3)[2m > [22m[2mshould set CORS headers for HEAD requests
[22m[39m[ARCJET] WARNING: Running without Arcjet protection

[90mstderr[2m | tests/property/admin-system-health-fixes/head-method.property.test.ts[2m 
> [22m[2mFeature: admin-system-health-fixes, Property 1: HEAD Method Support for API 
Endpoints[2m > [22m[2mProperty: HEAD requests return 200 without authentication 
(Requirements 1.1, 1.2, 1.3)[2m > [22m[2mshould set CORS headers for HEAD requests
[22m[39m[ARCJET] WARNING: Running without Arcjet protection

[90mstderr[2m | tests/property/admin-system-health-fixes/head-method.property.test.ts[2m 
> [22m[2mFeature: admin-system-health-fixes, Property 1: HEAD Method Support for API 
Endpoints[2m > [22m[2mProperty: HEAD requests return 200 without authentication 
(Requirements 1.1, 1.2, 1.3)[2m > [22m[2mshould set CORS headers for HEAD requests
[22m[39m[ARCJET] WARNING: Running without Arcjet protection

[90mstderr[2m | tests/property/admin-system-health-fixes/head-method.property.test.ts[2m 
> [22m[2mFeature: admin-system-health-fixes, Property 1: HEAD Method Support for API 
Endpoints[2m > [22m[2mProperty: HEAD requests return 200 without authentication 
(Requirements 1.1, 1.2, 1.3)[2m > [22m[2mshould set CORS headers for HEAD requests
[22m[39m[ARCJET] WARNING: Running without Arcjet protection

[90mstderr[2m | tests/property/admin-system-health-fixes/head-method.property.test.ts[2m 
> [22m[2mFeature: admin-system-health-fixes, Property 1: HEAD Method Support for API 
Endpoints[2m > [22m[2mProperty: HEAD requests return 200 without authentication 
(Requirements 1.1, 1.2, 1.3)[2m > [22m[2mshould set CORS headers for HEAD requests
[22m[39m[ARCJET] WARNING: Running without Arcjet protection

[90mstderr[2m | tests/property/admin-system-health-fixes/head-method.property.test.ts[2m 
> [22m[2mFeature: admin-system-health-fixes, Property 1: HEAD Method Support for API 
Endpoints[2m > [22m[2mProperty: HEAD requests return 200 without authentication 
(Requirements 1.1, 1.2, 1.3)[2m > [22m[2mshould set CORS headers for HEAD requests
[22m[39m[ARCJET] WARNING: Running without Arcjet protection

[90mstderr[2m | tests/property/admin-system-health-fixes/head-method.property.test.ts[2m 
> [22m[2mFeature: admin-system-health-fixes, Property 1: HEAD Method Support for API 
Endpoints[2m > [22m[2mProperty: HEAD requests return 200 without authentication 
(Requirements 1.1, 1.2, 1.3)[2m > [22m[2mshould set CORS headers for HEAD requests
[22m[39m[ARCJET] WARNING: Running without Arcjet protection

[90mstderr[2m | tests/property/admin-system-health-fixes/head-method.property.test.ts[2m 
> [22m[2mFeature: admin-system-health-fixes, Property 1: HEAD Method Support for API 
Endpoints[2m > [22m[2mProperty: HEAD requests return 200 without authentication 
(Requirements 1.1, 1.2, 1.3)[2m > [22m[2mshould set CORS headers for HEAD requests
[22m[39m[ARCJET] WARNING: Running without Arcjet protection

[90mstderr[2m | tests/property/admin-system-health-fixes/head-method.property.test.ts[2m 
> [22m[2mFeature: admin-system-health-fixes, Property 1: HEAD Method Support for API 
Endpoints[2m > [22m[2mProperty: HEAD requests return 200 without authentication 
(Requirements 1.1, 1.2, 1.3)[2m > [22m[2mshould set CORS headers for HEAD requests
[22m[39m[ARCJET] WARNING: Running without Arcjet protection

[90mstderr[2m | tests/property/admin-system-health-fixes/head-method.property.test.ts[2m 
> [22m[2mFeature: admin-system-health-fixes, Property 1: HEAD Method Support for API 
Endpoints[2m > [22m[2mProperty: HEAD requests return 200 without authentication 
(Requirements 1.1, 1.2, 1.3)[2m > [22m[2mshould set CORS headers for HEAD requests
[22m[39m[ARCJET] WARNING: Running without Arcjet protection

[90mstderr[2m | tests/property/admin-system-health-fixes/head-method.property.test.ts[2m 
> [22m[2mFeature: admin-system-health-fixes, Property 1: HEAD Method Support for API 
Endpoints[2m > [22m[2mProperty: HEAD requests return 200 without authentication 
(Requirements 1.1, 1.2, 1.3)[2m > [22m[2mshould set CORS headers for HEAD requests
[22m[39m[ARCJET] WARNING: Running without Arcjet protection

[90mstderr[2m | tests/property/admin-system-health-fixes/head-method.property.test.ts[2m 
> [22m[2mFeature: admin-system-health-fixes, Property 1: HEAD Method Support for API 
Endpoints[2m > [22m[2mProperty: HEAD requests return 200 without authentication 
(Requirements 1.1, 1.2, 1.3)[2m > [22m[2mshould set CORS headers for HEAD requests
[22m[39m[ARCJET] WARNING: Running without Arcjet protection

[90mstderr[2m | tests/property/admin-system-health-fixes/head-method.property.test.ts[2m 
> [22m[2mFeature: admin-system-health-fixes, Property 1: HEAD Method Support for API 
Endpoints[2m > [22m[2mProperty: HEAD requests return 200 without authentication 
(Requirements 1.1, 1.2, 1.3)[2m > [22m[2mshould set CORS headers for HEAD requests
[22m[39m[ARCJET] WARNING: Running without Arcjet protection

[90mstderr[2m | tests/property/admin-system-health-fixes/head-method.property.test.ts[2m 
> [22m[2mFeature: admin-system-health-fixes, Property 1: HEAD Method Support for API 
Endpoints[2m > [22m[2mProperty: HEAD requests return 200 without authentication 
(Requirements 1.1, 1.2, 1.3)[2m > [22m[2mshould set CORS headers for HEAD requests
[22m[39m[ARCJET] WARNING: Running without Arcjet protection

[90mstderr[2m | tests/property/admin-system-health-fixes/head-method.property.test.ts[2m 
> [22m[2mFeature: admin-system-health-fixes, Property 1: HEAD Method Support for API 
Endpoints[2m > [22m[2mProperty: HEAD requests return 200 without authentication 
(Requirements 1.1, 1.2, 1.3)[2m > [22m[2mshould set CORS headers for HEAD requests
[22m[39m[ARCJET] WARNING: Running without Arcjet protection

[90mstderr[2m | tests/property/admin-system-health-fixes/head-method.property.test.ts[2m 
> [22m[2mFeature: admin-system-health-fixes, Property 1: HEAD Method Support for API 
Endpoints[2m > [22m[2mProperty: HEAD requests return 200 without authentication 
(Requirements 1.1, 1.2, 1.3)[2m > [22m[2mshould set CORS headers for HEAD requests
[22m[39m[ARCJET] WARNING: Running without Arcjet protection

[90mstderr[2m | tests/property/admin-system-health-fixes/head-method.property.test.ts[2m 
> [22m[2mFeature: admin-system-health-fixes, Property 1: HEAD Method Support for API 
Endpoints[2m > [22m[2mProperty: HEAD requests return 200 without authentication 
(Requirements 1.1, 1.2, 1.3)[2m > [22m[2mshould set CORS headers for HEAD requests
[22m[39m[ARCJET] WARNING: Running without Arcjet protection

[90mstderr[2m | tests/property/admin-system-health-fixes/head-method.property.test.ts[2m 
> [22m[2mFeature: admin-system-health-fixes, Property 1: HEAD Method Support for API 
Endpoints[2m > [22m[2mProperty: HEAD requests return 200 without authentication 
(Requirements 1.1, 1.2, 1.3)[2m > [22m[2mshould set CORS headers for HEAD requests
[22m[39m[ARCJET] WARNING: Running without Arcjet protection

[90mstderr[2m | tests/property/admin-system-health-fixes/head-method.property.test.ts[2m 
> [22m[2mFeature: admin-system-health-fixes, Property 1: HEAD Method Support for API 
Endpoints[2m > [22m[2mProperty: HEAD requests return 200 without authentication 
(Requirements 1.1, 1.2, 1.3)[2m > [22m[2mshould set CORS headers for HEAD requests
[22m[39m[ARCJET] WARNING: Running without Arcjet protection

[90mstderr[2m | tests/property/admin-system-health-fixes/head-method.property.test.ts[2m 
> [22m[2mFeature: admin-system-health-fixes, Property 1: HEAD Method Support for API 
Endpoints[2m > [22m[2mProperty: HEAD requests return 200 without authentication 
(Requirements 1.1, 1.2, 1.3)[2m > [22m[2mshould set CORS headers for HEAD requests
[22m[39m[ARCJET] WARNING: Running without Arcjet protection

[90mstderr[2m | tests/property/admin-system-health-fixes/head-method.property.test.ts[2m 
> [22m[2mFeature: admin-system-health-fixes, Property 1: HEAD Method Support for API 
Endpoints[2m > [22m[2mProperty: HEAD requests return 200 without authentication 
(Requirements 1.1, 1.2, 1.3)[2m > [22m[2mshould set CORS headers for HEAD requests
[22m[39m[ARCJET] WARNING: Running without Arcjet protection

[90mstderr[2m | tests/property/admin-system-health-fixes/head-method.property.test.ts[2m 
> [22m[2mFeature: admin-system-health-fixes, Property 1: HEAD Method Support for API 
Endpoints[2m > [22m[2mProperty: HEAD requests return 200 without authentication 
(Requirements 1.1, 1.2, 1.3)[2m > [22m[2mshould set CORS headers for HEAD requests
[22m[39m[ARCJET] WARNING: Running without Arcjet protection

[90mstderr[2m | tests/property/admin-system-health-fixes/head-method.property.test.ts[2m 
> [22m[2mFeature: admin-system-health-fixes, Property 1: HEAD Method Support for API 
Endpoints[2m > [22m[2mProperty: HEAD requests return 200 without authentication 
(Requirements 1.1, 1.2, 1.3)[2m > [22m[2mshould set CORS headers for HEAD requests
[22m[39m[ARCJET] WARNING: Running without Arcjet protection

[90mstderr[2m | tests/property/admin-system-health-fixes/head-method.property.test.ts[2m 
> [22m[2mFeature: admin-system-health-fixes, Property 1: HEAD Method Support for API 
Endpoints[2m > [22m[2mProperty: HEAD requests return 200 without authentication 
(Requirements 1.1, 1.2, 1.3)[2m > [22m[2mshould set CORS headers for HEAD requests
[22m[39m[ARCJET] WARNING: Running without Arcjet protection

[90mstderr[2m | tests/property/admin-system-health-fixes/head-method.property.test.ts[2m 
> [22m[2mFeature: admin-system-health-fixes, Property 1: HEAD Method Support for API 
Endpoints[2m > [22m[2mProperty: HEAD requests return 200 without authentication 
(Requirements 1.1, 1.2, 1.3)[2m > [22m[2mshould set CORS headers for HEAD requests
[22m[39m[ARCJET] WARNING: Running without Arcjet protection

[90mstderr[2m | tests/property/admin-system-health-fixes/head-method.property.test.ts[2m 
> [22m[2mFeature: admin-system-health-fixes, Property 1: HEAD Method Support for API 
Endpoints[2m > [22m[2mProperty: HEAD requests return 200 without authentication 
(Requirements 1.1, 1.2, 1.3)[2m > [22m[2mshould set CORS headers for HEAD requests
[22m[39m[ARCJET] WARNING: Running without Arcjet protection

[90mstderr[2m | tests/property/admin-system-health-fixes/head-method.property.test.ts[2m 
> [22m[2mFeature: admin-system-health-fixes, Property 1: HEAD Method Support for API 
Endpoints[2m > [22m[2mProperty: HEAD requests return 200 without authentication 
(Requirements 1.1, 1.2, 1.3)[2m > [22m[2mshould set CORS headers for HEAD requests
[22m[39m[ARCJET] WARNING: Running without Arcjet protection

[90mstderr[2m | tests/property/admin-system-health-fixes/head-method.property.test.ts[2m 
> [22m[2mFeature: admin-system-health-fixes, Property 1: HEAD Method Support for API 
Endpoints[2m > [22m[2mProperty: HEAD requests return 200 without authentication 
(Requirements 1.1, 1.2, 1.3)[2m > [22m[2mshould set CORS headers for HEAD requests
[22m[39m[ARCJET] WARNING: Running without Arcjet protection

[90mstderr[2m | tests/property/admin-system-health-fixes/head-method.property.test.ts[2m 
> [22m[2mFeature: admin-system-health-fixes, Property 1: HEAD Method Support for API 
Endpoints[2m > [22m[2mProperty: HEAD requests return 200 without authentication 
(Requirements 1.1, 1.2, 1.3)[2m > [22m[2mshould set CORS headers for HEAD requests
[22m[39m[ARCJET] WARNING: Running without Arcjet protection

[90mstderr[2m | tests/property/admin-system-health-fixes/head-method.property.test.ts[2m 
> [22m[2mFeature: admin-system-health-fixes, Property 1: HEAD Method Support for API 
Endpoints[2m > [22m[2mProperty: HEAD requests return 200 without authentication 
(Requirements 1.1, 1.2, 1.3)[2m > [22m[2mshould set CORS headers for HEAD requests
[22m[39m[ARCJET] WARNING: Running without Arcjet protection

[90mstderr[2m | tests/property/admin-system-health-fixes/head-method.property.test.ts[2m 
> [22m[2mFeature: admin-system-health-fixes, Property 1: HEAD Method Support for API 
Endpoints[2m > [22m[2mProperty: HEAD requests return 200 without authentication 
(Requirements 1.1, 1.2, 1.3)[2m > [22m[2mshould set CORS headers for HEAD requests
[22m[39m[ARCJET] WARNING: Running without Arcjet protection

[90mstderr[2m | tests/property/admin-system-health-fixes/head-method.property.test.ts[2m 
> [22m[2mFeature: admin-system-health-fixes, Property 1: HEAD Method Support for API 
Endpoints[2m > [22m[2mProperty: HEAD requests return 200 without authentication 
(Requirements 1.1, 1.2, 1.3)[2m > [22m[2mshould set CORS headers for HEAD requests
[22m[39m[ARCJET] WARNING: Running without Arcjet protection

[90mstderr[2m | tests/property/admin-system-health-fixes/head-method.property.test.ts[2m 
> [22m[2mFeature: admin-system-health-fixes, Property 1: HEAD Method Support for API 
Endpoints[2m > [22m[2mProperty: HEAD requests return 200 without authentication 
(Requirements 1.1, 1.2, 1.3)[2m > [22m[2mshould set CORS headers for HEAD requests
[22m[39m[ARCJET] WARNING: Running without Arcjet protection

[90mstderr[2m | tests/property/admin-system-health-fixes/head-method.property.test.ts[2m 
> [22m[2mFeature: admin-system-health-fixes, Property 1: HEAD Method Support for API 
Endpoints[2m > [22m[2mProperty: HEAD requests return 200 without authentication 
(Requirements 1.1, 1.2, 1.3)[2m > [22m[2mshould set CORS headers for HEAD requests
[22m[39m[ARCJET] WARNING: Running without Arcjet protection

[90mstderr[2m | tests/property/admin-system-health-fixes/head-method.property.test.ts[2m 
> [22m[2mFeature: admin-system-health-fixes, Property 1: HEAD Method Support for API 
Endpoints[2m > [22m[2mProperty: HEAD requests return 200 without authentication 
(Requirements 1.1, 1.2, 1.3)[2m > [22m[2mshould set CORS headers for HEAD requests
[22m[39m[ARCJET] WARNING: Running without Arcjet protection

[90mstderr[2m | tests/property/admin-system-health-fixes/head-method.property.test.ts[2m 
> [22m[2mFeature: admin-system-health-fixes, Property 1: HEAD Method Support for API 
Endpoints[2m > [22m[2mProperty: HEAD requests return 200 without authentication 
(Requirements 1.1, 1.2, 1.3)[2m > [22m[2mshould set CORS headers for HEAD requests
[22m[39m[ARCJET] WARNING: Running without Arcjet protection

[90mstderr[2m | tests/property/admin-system-health-fixes/head-method.property.test.ts[2m 
> [22m[2mFeature: admin-system-health-fixes, Property 1: HEAD Method Support for API 
Endpoints[2m > [22m[2mProperty: HEAD requests return 200 without authentication 
(Requirements 1.1, 1.2, 1.3)[2m > [22m[2mshould set CORS headers for HEAD requests
[22m[39m[ARCJET] WARNING: Running without Arcjet protection

[90mstderr[2m | tests/property/admin-system-health-fixes/head-method.property.test.ts[2m 
> [22m[2mFeature: admin-system-health-fixes, Property 1: HEAD Method Support for API 
Endpoints[2m > [22m[2mProperty: HEAD requests return 200 without authentication 
(Requirements 1.1, 1.2, 1.3)[2m > [22m[2mshould set CORS headers for HEAD requests
[22m[39m[ARCJET] WARNING: Running without Arcjet protection

[90mstderr[2m | tests/property/admin-system-health-fixes/head-method.property.test.ts[2m 
> [22m[2mFeature: admin-system-health-fixes, Property 1: HEAD Method Support for API 
Endpoints[2m > [22m[2mProperty: HEAD requests return 200 without authentication 
(Requirements 1.1, 1.2, 1.3)[2m > [22m[2mshould set CORS headers for HEAD requests
[22m[39m[ARCJET] WARNING: Running without Arcjet protection

[90mstderr[2m | tests/property/admin-system-health-fixes/head-method.property.test.ts[2m 
> [22m[2mFeature: admin-system-health-fixes, Property 1: HEAD Method Support for API 
Endpoints[2m > [22m[2mProperty: HEAD requests return 200 without authentication 
(Requirements 1.1, 1.2, 1.3)[2m > [22m[2mshould set CORS headers for HEAD requests
[22m[39m[ARCJET] WARNING: Running without Arcjet protection

[90mstderr[2m | tests/property/admin-system-health-fixes/head-method.property.test.ts[2m 
> [22m[2mFeature: admin-system-health-fixes, Property 1: HEAD Method Support for API 
Endpoints[2m > [22m[2mProperty: HEAD requests return 200 without authentication 
(Requirements 1.1, 1.2, 1.3)[2m > [22m[2mshould set CORS headers for HEAD requests
[22m[39m[ARCJET] WARNING: Running without Arcjet protection

[90mstderr[2m | tests/property/admin-system-health-fixes/head-method.property.test.ts[2m 
> [22m[2mFeature: admin-system-health-fixes, Property 1: HEAD Method Support for API 
Endpoints[2m > [22m[2mProperty: HEAD requests return 200 without authentication 
(Requirements 1.1, 1.2, 1.3)[2m > [22m[2mshould set CORS headers for HEAD requests
[22m[39m[ARCJET] WARNING: Running without Arcjet protection

[90mstderr[2m | tests/property/admin-system-health-fixes/head-method.property.test.ts[2m 
> [22m[2mFeature: admin-system-health-fixes, Property 1: HEAD Method Support for API 
Endpoints[2m > [22m[2mProperty: HEAD requests return 200 without authentication 
(Requirements 1.1, 1.2, 1.3)[2m > [22m[2mshould set CORS headers for HEAD requests
[22m[39m[ARCJET] WARNING: Running without Arcjet protection

[90mstderr[2m | tests/property/admin-system-health-fixes/head-method.property.test.ts[2m 
> [22m[2mFeature: admin-system-health-fixes, Property 1: HEAD Method Support for API 
Endpoints[2m > [22m[2mProperty: HEAD requests return 200 without authentication 
(Requirements 1.1, 1.2, 1.3)[2m > [22m[2mshould set CORS headers for HEAD requests
[22m[39m[ARCJET] WARNING: Running without Arcjet protection

[90mstderr[2m | tests/property/admin-system-health-fixes/head-method.property.test.ts[2m 
> [22m[2mFeature: admin-system-health-fixes, Property 1: HEAD Method Support for API 
Endpoints[2m > [22m[2mProperty: HEAD requests return 200 without authentication 
(Requirements 1.1, 1.2, 1.3)[2m > [22m[2mshould set CORS headers for HEAD requests
[22m[39m[ARCJET] WARNING: Running without Arcjet protection

[90mstderr[2m | tests/property/admin-system-health-fixes/head-method.property.test.ts[2m 
> [22m[2mFeature: admin-system-health-fixes, Property 1: HEAD Method Support for API 
Endpoints[2m > [22m[2mProperty: HEAD requests return 200 without authentication 
(Requirements 1.1, 1.2, 1.3)[2m > [22m[2mshould set CORS headers for HEAD requests
[22m[39m[ARCJET] WARNING: Running without Arcjet protection

[90mstderr[2m | tests/property/admin-system-health-fixes/head-method.property.test.ts[2m 
> [22m[2mFeature: admin-system-health-fixes, Property 1: HEAD Method Support for API 
Endpoints[2m > [22m[2mProperty: HEAD requests return 200 without authentication 
(Requirements 1.1, 1.2, 1.3)[2m > [22m[2mshould set CORS headers for HEAD requests
[22m[39m[ARCJET] WARNING: Running without Arcjet protection

[90mstderr[2m | tests/property/admin-system-health-fixes/head-method.property.test.ts[2m 
> [22m[2mFeature: admin-system-health-fixes, Property 1: HEAD Method Support for API 
Endpoints[2m > [22m[2mProperty: HEAD requests return 200 without authentication 
(Requirements 1.1, 1.2, 1.3)[2m > [22m[2mshould set CORS headers for HEAD requests
[22m[39m[ARCJET] WARNING: Running without Arcjet protection

[90mstderr[2m | tests/property/admin-system-health-fixes/head-method.property.test.ts[2m 
> [22m[2mFeature: admin-system-health-fixes, Property 1: HEAD Method Support for API 
Endpoints[2m > [22m[2mProperty: HEAD requests return 200 without authentication 
(Requirements 1.1, 1.2, 1.3)[2m > [22m[2mshould set CORS headers for HEAD requests
[22m[39m[ARCJET] WARNING: Running without Arcjet protection

[90mstderr[2m | tests/property/admin-system-health-fixes/head-method.property.test.ts[2m 
> [22m[2mFeature: admin-system-health-fixes, Property 1: HEAD Method Support for API 
Endpoints[2m > [22m[2mProperty: HEAD requests return 200 without authentication 
(Requirements 1.1, 1.2, 1.3)[2m > [22m[2mshould set CORS headers for HEAD requests
[22m[39m[ARCJET] WARNING: Running without Arcjet protection

[90mstderr[2m | tests/property/admin-system-health-fixes/head-method.property.test.ts[2m 
> [22m[2mFeature: admin-system-health-fixes, Property 1: HEAD Method Support for API 
Endpoints[2m > [22m[2mProperty: HEAD requests return 200 without authentication 
(Requirements 1.1, 1.2, 1.3)[2m > [22m[2mshould set CORS headers for HEAD requests
[22m[39m[ARCJET] WARNING: Running without Arcjet protection

[90mstderr[2m | tests/property/admin-system-health-fixes/head-method.property.test.ts[2m 
> [22m[2mFeature: admin-system-health-fixes, Property 1: HEAD Method Support for API 
Endpoints[2m > [22m[2mProperty: HEAD requests return 200 without authentication 
(Requirements 1.1, 1.2, 1.3)[2m > [22m[2mshould set CORS headers for HEAD requests
[22m[39m[ARCJET] WARNING: Running without Arcjet protection

[90mstderr[2m | tests/property/admin-system-health-fixes/head-method.property.test.ts[2m 
> [22m[2mFeature: admin-system-health-fixes, Property 1: HEAD Method Support for API 
Endpoints[2m > [22m[2mProperty: HEAD requests return 200 without authentication 
(Requirements 1.1, 1.2, 1.3)[2m > [22m[2mshould set CORS headers for HEAD requests
[22m[39m[ARCJET] WARNING: Running without Arcjet protection

[90mstderr[2m | tests/property/admin-system-health-fixes/head-method.property.test.ts[2m 
> [22m[2mFeature: admin-system-health-fixes, Property 1: HEAD Method Support for API 
Endpoints[2m > [22m[2mProperty: HEAD requests return 200 without authentication 
(Requirements 1.1, 1.2, 1.3)[2m > [22m[2mshould set CORS headers for HEAD requests
[22m[39m[ARCJET] WARNING: Running without Arcjet protection

[90mstderr[2m | tests/property/admin-system-health-fixes/head-method.property.test.ts[2m 
> [22m[2mFeature: admin-system-health-fixes, Property 1: HEAD Method Support for API 
Endpoints[2m > [22m[2mProperty: HEAD requests return 200 without authentication 
(Requirements 1.1, 1.2, 1.3)[2m > [22m[2mshould set CORS headers for HEAD requests
[22m[39m[ARCJET] WARNING: Running without Arcjet protection

[90mstderr[2m | tests/property/admin-system-health-fixes/head-method.property.test.ts[2m 
> [22m[2mFeature: admin-system-health-fixes, Property 1: HEAD Method Support for API 
Endpoints[2m > [22m[2mProperty: HEAD requests return 200 without authentication 
(Requirements 1.1, 1.2, 1.3)[2m > [22m[2mshould set CORS headers for HEAD requests
[22m[39m[ARCJET] WARNING: Running without Arcjet protection

[90mstderr[2m | tests/property/admin-system-health-fixes/head-method.property.test.ts[2m 
> [22m[2mFeature: admin-system-health-fixes, Property 1: HEAD Method Support for API 
Endpoints[2m > [22m[2mProperty: HEAD requests return 200 without authentication 
(Requirements 1.1, 1.2, 1.3)[2m > [22m[2mshould set CORS headers for HEAD requests
[22m[39m[ARCJET] WARNING: Running without Arcjet protection

[90mstderr[2m | tests/property/admin-system-health-fixes/head-method.property.test.ts[2m 
> [22m[2mFeature: admin-system-health-fixes, Property 1: HEAD Method Support for API 
Endpoints[2m > [22m[2mProperty: HEAD requests return 200 without authentication 
(Requirements 1.1, 1.2, 1.3)[2m > [22m[2mshould set CORS headers for HEAD requests
[22m[39m[ARCJET] WARNING: Running without Arcjet protection

[90mstderr[2m | tests/property/admin-system-health-fixes/head-method.property.test.ts[2m 
> [22m[2mFeature: admin-system-health-fixes, Property 1: HEAD Method Support for API 
Endpoints[2m > [22m[2mProperty: HEAD requests return 200 without authentication 
(Requirements 1.1, 1.2, 1.3)[2m > [22m[2mshould set CORS headers for HEAD requests
[22m[39m[ARCJET] WARNING: Running without Arcjet protection

[90mstderr[2m | tests/property/admin-system-health-fixes/head-method.property.test.ts[2m 
> [22m[2mFeature: admin-system-health-fixes, Property 1: HEAD Method Support for API 
Endpoints[2m > [22m[2mProperty: HEAD requests return 200 without authentication 
(Requirements 1.1, 1.2, 1.3)[2m > [22m[2mshould set CORS headers for HEAD requests
[22m[39m[ARCJET] WARNING: Running without Arcjet protection

[90mstderr[2m | tests/property/admin-system-health-fixes/head-method.property.test.ts[2m 
> [22m[2mFeature: admin-system-health-fixes, Property 1: HEAD Method Support for API 
Endpoints[2m > [22m[2mProperty: HEAD requests do not require authentication (Requirement 
1.3)[2m > [22m[2mshould not require Authorization header for HEAD requests
[22m[39m[ARCJET] WARNING: Running without Arcjet protection

[90mstderr[2m | tests/property/admin-system-health-fixes/head-method.property.test.ts[2m 
> [22m[2mFeature: admin-system-health-fixes, Property 1: HEAD Method Support for API 
Endpoints[2m > [22m[2mProperty: HEAD requests do not require authentication (Requirement 
1.3)[2m > [22m[2mshould not require Authorization header for HEAD requests
[22m[39m[ARCJET] WARNING: Running without Arcjet protection

[90mstderr[2m | tests/property/admin-system-health-fixes/head-method.property.test.ts[2m 
> [22m[2mFeature: admin-system-health-fixes, Property 1: HEAD Method Support for API 
Endpoints[2m > [22m[2mProperty: HEAD requests do not require authentication (Requirement 
1.3)[2m > [22m[2mshould not require Authorization header for HEAD requests
[22m[39m[ARCJET] WARNING: Running without Arcjet protection

[90mstderr[2m | tests/property/admin-system-health-fixes/head-method.property.test.ts[2m 
> [22m[2mFeature: admin-system-health-fixes, Property 1: HEAD Method Support for API 
Endpoints[2m > [22m[2mProperty: HEAD requests do not require authentication (Requirement 
1.3)[2m > [22m[2mshould not require Authorization header for HEAD requests
[22m[39m[ARCJET] WARNING: Running without Arcjet protection

[90mstderr[2m | tests/property/admin-system-health-fixes/head-method.property.test.ts[2m 
> [22m[2mFeature: admin-system-health-fixes, Property 1: HEAD Method Support for API 
Endpoints[2m > [22m[2mProperty: HEAD requests do not require authentication (Requirement 
1.3)[2m > [22m[2mshould not require Authorization header for HEAD requests
[22m[39m[ARCJET] WARNING: Running without Arcjet protection

[90mstderr[2m | tests/property/admin-system-health-fixes/head-method.property.test.ts[2m 
> [22m[2mFeature: admin-system-health-fixes, Property 1: HEAD Method Support for API 
Endpoints[2m > [22m[2mProperty: HEAD requests do not require authentication (Requirement 
1.3)[2m > [22m[2mshould not require Authorization header for HEAD requests
[22m[39m[ARCJET] WARNING: Running without Arcjet protection

[90mstderr[2m | tests/property/admin-system-health-fixes/head-method.property.test.ts[2m 
> [22m[2mFeature: admin-system-health-fixes, Property 1: HEAD Method Support for API 
Endpoints[2m > [22m[2mProperty: HEAD requests do not require authentication (Requirement 
1.3)[2m > [22m[2mshould not require Authorization header for HEAD requests
[22m[39m[ARCJET] WARNING: Running without Arcjet protection

[90mstderr[2m | tests/property/admin-system-health-fixes/head-method.property.test.ts[2m 
> [22m[2mFeature: admin-system-health-fixes, Property 1: HEAD Method Support for API 
Endpoints[2m > [22m[2mProperty: HEAD requests do not require authentication (Requirement 
1.3)[2m > [22m[2mshould not require Authorization header for HEAD requests
[22m[39m[ARCJET] WARNING: Running without Arcjet protection

[90mstderr[2m | tests/property/admin-system-health-fixes/head-method.property.test.ts[2m 
> [22m[2mFeature: admin-system-health-fixes, Property 1: HEAD Method Support for API 
Endpoints[2m > [22m[2mProperty: HEAD requests do not require authentication (Requirement 
1.3)[2m > [22m[2mshould not require Authorization header for HEAD requests
[22m[39m[ARCJET] WARNING: Running without Arcjet protection

[90mstderr[2m | tests/property/admin-system-health-fixes/head-method.property.test.ts[2m 
> [22m[2mFeature: admin-system-health-fixes, Property 1: HEAD Method Support for API 
Endpoints[2m > [22m[2mProperty: HEAD requests do not require authentication (Requirement 
1.3)[2m > [22m[2mshould not require Authorization header for HEAD requests
[22m[39m[ARCJET] WARNING: Running without Arcjet protection

[90mstderr[2m | tests/property/admin-system-health-fixes/head-method.property.test.ts[2m 
> [22m[2mFeature: admin-system-health-fixes, Property 1: HEAD Method Support for API 
Endpoints[2m > [22m[2mProperty: HEAD requests do not require authentication (Requirement 
1.3)[2m > [22m[2mshould not require Authorization header for HEAD requests
[22m[39m[ARCJET] WARNING: Running without Arcjet protection

[90mstderr[2m | tests/property/admin-system-health-fixes/head-method.property.test.ts[2m 
> [22m[2mFeature: admin-system-health-fixes, Property 1: HEAD Method Support for API 
Endpoints[2m > [22m[2mProperty: HEAD requests do not require authentication (Requirement 
1.3)[2m > [22m[2mshould not require Authorization header for HEAD requests
[22m[39m[ARCJET] WARNING: Running without Arcjet protection

[90mstderr[2m | tests/property/admin-system-health-fixes/head-method.property.test.ts[2m 
> [22m[2mFeature: admin-system-health-fixes, Property 1: HEAD Method Support for API 
Endpoints[2m > [22m[2mProperty: HEAD requests do not require authentication (Requirement 
1.3)[2m > [22m[2mshould not require Authorization header for HEAD requests
[22m[39m[ARCJET] WARNING: Running without Arcjet protection

[90mstderr[2m | tests/property/admin-system-health-fixes/head-method.property.test.ts[2m 
> [22m[2mFeature: admin-system-health-fixes, Property 1: HEAD Method Support for API 
Endpoints[2m > [22m[2mProperty: HEAD requests do not require authentication (Requirement 
1.3)[2m > [22m[2mshould not require Authorization header for HEAD requests
[22m[39m[ARCJET] WARNING: Running without Arcjet protection

[90mstderr[2m | tests/property/admin-system-health-fixes/head-method.property.test.ts[2m 
> [22m[2mFeature: admin-system-health-fixes, Property 1: HEAD Method Support for API 
Endpoints[2m > [22m[2mProperty: HEAD requests do not require authentication (Requirement 
1.3)[2m > [22m[2mshould not require Authorization header for HEAD requests
[22m[39m[ARCJET] WARNING: Running without Arcjet protection

[90mstderr[2m | tests/property/admin-system-health-fixes/head-method.property.test.ts[2m 
> [22m[2mFeature: admin-system-health-fixes, Property 1: HEAD Method Support for API 
Endpoints[2m > [22m[2mProperty: HEAD requests do not require authentication (Requirement 
1.3)[2m > [22m[2mshould not require Authorization header for HEAD requests
[22m[39m[ARCJET] WARNING: Running without Arcjet protection

[90mstderr[2m | tests/property/admin-system-health-fixes/head-method.property.test.ts[2m 
> [22m[2mFeature: admin-system-health-fixes, Property 1: HEAD Method Support for API 
Endpoints[2m > [22m[2mProperty: HEAD requests do not require authentication (Requirement 
1.3)[2m > [22m[2mshould not require Authorization header for HEAD requests
[22m[39m[ARCJET] WARNING: Running without Arcjet protection

[90mstderr[2m | tests/property/admin-system-health-fixes/head-method.property.test.ts[2m 
> [22m[2mFeature: admin-system-health-fixes, Property 1: HEAD Method Support for API 
Endpoints[2m > [22m[2mProperty: HEAD requests do not require authentication (Requirement 
1.3)[2m > [22m[2mshould not require Authorization header for HEAD requests
[22m[39m[ARCJET] WARNING: Running without Arcjet protection

[90mstderr[2m | tests/property/admin-system-health-fixes/head-method.property.test.ts[2m 
> [22m[2mFeature: admin-system-health-fixes, Property 1: HEAD Method Support for API 
Endpoints[2m > [22m[2mProperty: HEAD requests do not require authentication (Requirement 
1.3)[2m > [22m[2mshould not require Authorization header for HEAD requests
[22m[39m[ARCJET] WARNING: Running without Arcjet protection

[90mstderr[2m | tests/property/admin-system-health-fixes/head-method.property.test.ts[2m 
> [22m[2mFeature: admin-system-health-fixes, Property 1: HEAD Method Support for API 
Endpoints[2m > [22m[2mProperty: HEAD requests do not require authentication (Requirement 
1.3)[2m > [22m[2mshould not require Authorization header for HEAD requests
[22m[39m[ARCJET] WARNING: Running without Arcjet protection

[90mstderr[2m | tests/property/admin-system-health-fixes/head-method.property.test.ts[2m 
> [22m[2mFeature: admin-system-health-fixes, Property 1: HEAD Method Support for API 
Endpoints[2m > [22m[2mProperty: HEAD requests do not require authentication (Requirement 
1.3)[2m > [22m[2mshould not require Authorization header for HEAD requests
[22m[39m[ARCJET] WARNING: Running without Arcjet protection

[90mstderr[2m | tests/property/admin-system-health-fixes/head-method.property.test.ts[2m 
> [22m[2mFeature: admin-system-health-fixes, Property 1: HEAD Method Support for API 
Endpoints[2m > [22m[2mProperty: HEAD requests do not require authentication (Requirement 
1.3)[2m > [22m[2mshould not require Authorization header for HEAD requests
[22m[39m[ARCJET] WARNING: Running without Arcjet protection

[90mstderr[2m | tests/property/admin-system-health-fixes/head-method.property.test.ts[2m 
> [22m[2mFeature: admin-system-health-fixes, Property 1: HEAD Method Support for API 
Endpoints[2m > [22m[2mProperty: HEAD requests do not require authentication (Requirement 
1.3)[2m > [22m[2mshould not require Authorization header for HEAD requests
[22m[39m[ARCJET] WARNING: Running without Arcjet protection

[90mstderr[2m | tests/property/admin-system-health-fixes/head-method.property.test.ts[2m 
> [22m[2mFeature: admin-system-health-fixes, Property 1: HEAD Method Support for API 
Endpoints[2m > [22m[2mProperty: HEAD requests do not require authentication (Requirement 
1.3)[2m > [22m[2mshould not require Authorization header for HEAD requests
[22m[39m[ARCJET] WARNING: Running without Arcjet protection

[90mstderr[2m | tests/property/admin-system-health-fixes/head-method.property.test.ts[2m 
> [22m[2mFeature: admin-system-health-fixes, Property 1: HEAD Method Support for API 
Endpoints[2m > [22m[2mProperty: HEAD requests do not require authentication (Requirement 
1.3)[2m > [22m[2mshould not require Authorization header for HEAD requests
[22m[39m[ARCJET] WARNING: Running without Arcjet protection

[90mstderr[2m | tests/property/admin-system-health-fixes/head-method.property.test.ts[2m 
> [22m[2mFeature: admin-system-health-fixes, Property 1: HEAD Method Support for API 
Endpoints[2m > [22m[2mProperty: HEAD requests do not require authentication (Requirement 
1.3)[2m > [22m[2mshould not require Authorization header for HEAD requests
[22m[39m[ARCJET] WARNING: Running without Arcjet protection

[90mstderr[2m | tests/property/admin-system-health-fixes/head-method.property.test.ts[2m 
> [22m[2mFeature: admin-system-health-fixes, Property 1: HEAD Method Support for API 
Endpoints[2m > [22m[2mProperty: HEAD requests do not require authentication (Requirement 
1.3)[2m > [22m[2mshould not require Authorization header for HEAD requests
[22m[39m[ARCJET] WARNING: Running without Arcjet protection

[90mstderr[2m | tests/property/admin-system-health-fixes/head-method.property.test.ts[2m 
> [22m[2mFeature: admin-system-health-fixes, Property 1: HEAD Method Support for API 
Endpoints[2m > [22m[2mProperty: HEAD requests do not require authentication (Requirement 
1.3)[2m > [22m[2mshould not require Authorization header for HEAD requests
[22m[39m[ARCJET] WARNING: Running without Arcjet protection

[90mstderr[2m | tests/property/admin-system-health-fixes/head-method.property.test.ts[2m 
> [22m[2mFeature: admin-system-health-fixes, Property 1: HEAD Method Support for API 
Endpoints[2m > [22m[2mProperty: HEAD requests do not require authentication (Requirement 
1.3)[2m > [22m[2mshould not require Authorization header for HEAD requests
[22m[39m[ARCJET] WARNING: Running without Arcjet protection

[90mstderr[2m | tests/property/admin-system-health-fixes/head-method.property.test.ts[2m 
> [22m[2mFeature: admin-system-health-fixes, Property 1: HEAD Method Support for API 
Endpoints[2m > [22m[2mProperty: HEAD requests do not require authentication (Requirement 
1.3)[2m > [22m[2mshould not require Authorization header for HEAD requests
[22m[39m[ARCJET] WARNING: Running without Arcjet protection

[90mstderr[2m | tests/property/admin-system-health-fixes/head-method.property.test.ts[2m 
> [22m[2mFeature: admin-system-health-fixes, Property 1: HEAD Method Support for API 
Endpoints[2m > [22m[2mProperty: HEAD requests do not require authentication (Requirement 
1.3)[2m > [22m[2mshould not require Authorization header for HEAD requests
[22m[39m[ARCJET] WARNING: Running without Arcjet protection

[90mstderr[2m | tests/property/admin-system-health-fixes/head-method.property.test.ts[2m 
> [22m[2mFeature: admin-system-health-fixes, Property 1: HEAD Method Support for API 
Endpoints[2m > [22m[2mProperty: HEAD requests do not require authentication (Requirement 
1.3)[2m > [22m[2mshould not require Authorization header for HEAD requests
[22m[39m[ARCJET] WARNING: Running without Arcjet protection

[90mstderr[2m | tests/property/admin-system-health-fixes/head-method.property.test.ts[2m 
> [22m[2mFeature: admin-system-health-fixes, Property 1: HEAD Method Support for API 
Endpoints[2m > [22m[2mProperty: HEAD requests do not require authentication (Requirement 
1.3)[2m > [22m[2mshould not require Authorization header for HEAD requests
[22m[39m[ARCJET] WARNING: Running without Arcjet protection

[90mstderr[2m | tests/property/admin-system-health-fixes/head-method.property.test.ts[2m 
> [22m[2mFeature: admin-system-health-fixes, Property 1: HEAD Method Support for API 
Endpoints[2m > [22m[2mProperty: HEAD requests do not require authentication (Requirement 
1.3)[2m > [22m[2mshould not require Authorization header for HEAD requests
[22m[39m[ARCJET] WARNING: Running without Arcjet protection

[90mstderr[2m | tests/property/admin-system-health-fixes/head-method.property.test.ts[2m 
> [22m[2mFeature: admin-system-health-fixes, Property 1: HEAD Method Support for API 
Endpoints[2m > [22m[2mProperty: HEAD requests do not require authentication (Requirement 
1.3)[2m > [22m[2mshould not require Authorization header for HEAD requests
[22m[39m[ARCJET] WARNING: Running without Arcjet protection

[90mstderr[2m | tests/property/admin-system-health-fixes/head-method.property.test.ts[2m 
> [22m[2mFeature: admin-system-health-fixes, Property 1: HEAD Method Support for API 
Endpoints[2m > [22m[2mProperty: HEAD requests do not require authentication (Requirement 
1.3)[2m > [22m[2mshould not require Authorization header for HEAD requests
[22m[39m[ARCJET] WARNING: Running without Arcjet protection

[90mstderr[2m | tests/property/admin-system-health-fixes/head-method.property.test.ts[2m 
> [22m[2mFeature: admin-system-health-fixes, Property 1: HEAD Method Support for API 
Endpoints[2m > [22m[2mProperty: HEAD requests do not require authentication (Requirement 
1.3)[2m > [22m[2mshould not require Authorization header for HEAD requests
[22m[39m[ARCJET] WARNING: Running without Arcjet protection

[90mstderr[2m | tests/property/admin-system-health-fixes/head-method.property.test.ts[2m 
> [22m[2mFeature: admin-system-health-fixes, Property 1: HEAD Method Support for API 
Endpoints[2m > [22m[2mProperty: HEAD requests do not require authentication (Requirement 
1.3)[2m > [22m[2mshould not require Authorization header for HEAD requests
[22m[39m[ARCJET] WARNING: Running without Arcjet protection

[90mstderr[2m | tests/property/admin-system-health-fixes/head-method.property.test.ts[2m 
> [22m[2mFeature: admin-system-health-fixes, Property 1: HEAD Method Support for API 
Endpoints[2m > [22m[2mProperty: HEAD requests do not require authentication (Requirement 
1.3)[2m > [22m[2mshould not require Authorization header for HEAD requests
[22m[39m[ARCJET] WARNING: Running without Arcjet protection

[90mstderr[2m | tests/property/admin-system-health-fixes/head-method.property.test.ts[2m 
> [22m[2mFeature: admin-system-health-fixes, Property 1: HEAD Method Support for API 
Endpoints[2m > [22m[2mProperty: HEAD requests do not require authentication (Requirement 
1.3)[2m > [22m[2mshould not require Authorization header for HEAD requests
[22m[39m[ARCJET] WARNING: Running without Arcjet protection

[90mstderr[2m | tests/property/admin-system-health-fixes/head-method.property.test.ts[2m 
> [22m[2mFeature: admin-system-health-fixes, Property 1: HEAD Method Support for API 
Endpoints[2m > [22m[2mProperty: HEAD requests do not require authentication (Requirement 
1.3)[2m > [22m[2mshould not require Authorization header for HEAD requests
[22m[39m[ARCJET] WARNING: Running without Arcjet protection

[90mstderr[2m | tests/property/admin-system-health-fixes/head-method.property.test.ts[2m 
> [22m[2mFeature: admin-system-health-fixes, Property 1: HEAD Method Support for API 
Endpoints[2m > [22m[2mProperty: HEAD requests do not require authentication (Requirement 
1.3)[2m > [22m[2mshould not require Authorization header for HEAD requests
[22m[39m[ARCJET] WARNING: Running without Arcjet protection

[90mstderr[2m | tests/property/admin-system-health-fixes/head-method.property.test.ts[2m 
> [22m[2mFeature: admin-system-health-fixes, Property 1: HEAD Method Support for API 
Endpoints[2m > [22m[2mProperty: HEAD requests do not require authentication (Requirement 
1.3)[2m > [22m[2mshould not require Authorization header for HEAD requests
[22m[39m[ARCJET] WARNING: Running without Arcjet protection

[90mstderr[2m | tests/property/admin-system-health-fixes/head-method.property.test.ts[2m 
> [22m[2mFeature: admin-system-health-fixes, Property 1: HEAD Method Support for API 
Endpoints[2m > [22m[2mProperty: HEAD requests do not require authentication (Requirement 
1.3)[2m > [22m[2mshould not require Authorization header for HEAD requests
[22m[39m[ARCJET] WARNING: Running without Arcjet protection

[90mstderr[2m | tests/property/admin-system-health-fixes/head-method.property.test.ts[2m 
> [22m[2mFeature: admin-system-health-fixes, Property 1: HEAD Method Support for API 
Endpoints[2m > [22m[2mProperty: HEAD requests do not require authentication (Requirement 
1.3)[2m > [22m[2mshould not require Authorization header for HEAD requests
[22m[39m[ARCJET] WARNING: Running without Arcjet protection

[90mstderr[2m | tests/property/admin-system-health-fixes/head-method.property.test.ts[2m 
> [22m[2mFeature: admin-system-health-fixes, Property 1: HEAD Method Support for API 
Endpoints[2m > [22m[2mProperty: HEAD requests do not require authentication (Requirement 
1.3)[2m > [22m[2mshould not require Authorization header for HEAD requests
[22m[39m[ARCJET] WARNING: Running without Arcjet protection

[90mstderr[2m | tests/property/admin-system-health-fixes/head-method.property.test.ts[2m 
> [22m[2mFeature: admin-system-health-fixes, Property 1: HEAD Method Support for API 
Endpoints[2m > [22m[2mProperty: HEAD requests do not require authentication (Requirement 
1.3)[2m > [22m[2mshould not require Authorization header for HEAD requests
[22m[39m[ARCJET] WARNING: Running without Arcjet protection

[90mstderr[2m | tests/property/admin-system-health-fixes/head-method.property.test.ts[2m 
> [22m[2mFeature: admin-system-health-fixes, Property 1: HEAD Method Support for API 
Endpoints[2m > [22m[2mProperty: HEAD requests do not require authentication (Requirement 
1.3)[2m > [22m[2mshould not require Authorization header for HEAD requests
[22m[39m[ARCJET] WARNING: Running without Arcjet protection

[90mstderr[2m | tests/property/admin-system-health-fixes/head-method.property.test.ts[2m 
> [22m[2mFeature: admin-system-health-fixes, Property 1: HEAD Method Support for API 
Endpoints[2m > [22m[2mProperty: HEAD requests do not require authentication (Requirement 
1.3)[2m > [22m[2mshould not require Authorization header for HEAD requests
[22m[39m[ARCJET] WARNING: Running without Arcjet protection

[90mstderr[2m | tests/property/admin-system-health-fixes/head-method.property.test.ts[2m 
> [22m[2mFeature: admin-system-health-fixes, Property 1: HEAD Method Support for API 
Endpoints[2m > [22m[2mProperty: HEAD requests do not require authentication (Requirement 
1.3)[2m > [22m[2mshould not require Authorization header for HEAD requests
[22m[39m[ARCJET] WARNING: Running without Arcjet protection

[90mstderr[2m | tests/property/admin-system-health-fixes/head-method.property.test.ts[2m 
> [22m[2mFeature: admin-system-health-fixes, Property 1: HEAD Method Support for API 
Endpoints[2m > [22m[2mProperty: HEAD requests do not require authentication (Requirement 
1.3)[2m > [22m[2mshould not require Authorization header for HEAD requests
[22m[39m[ARCJET] WARNING: Running without Arcjet protection

[90mstderr[2m | tests/property/admin-system-health-fixes/head-method.property.test.ts[2m 
> [22m[2mFeature: admin-system-health-fixes, Property 1: HEAD Method Support for API 
Endpoints[2m > [22m[2mProperty: HEAD requests do not require authentication (Requirement 
1.3)[2m > [22m[2mshould not require Authorization header for HEAD requests
[22m[39m[ARCJET] WARNING: Running without Arcjet protection

[90mstderr[2m | tests/property/admin-system-health-fixes/head-method.property.test.ts[2m 
> [22m[2mFeature: admin-system-health-fixes, Property 1: HEAD Method Support for API 
Endpoints[2m > [22m[2mProperty: HEAD requests do not require authentication (Requirement 
1.3)[2m > [22m[2mshould not require Authorization header for HEAD requests
[22m[39m[ARCJET] WARNING: Running without Arcjet protection

[90mstderr[2m | tests/property/admin-system-health-fixes/head-method.property.test.ts[2m 
> [22m[2mFeature: admin-system-health-fixes, Property 1: HEAD Method Support for API 
Endpoints[2m > [22m[2mProperty: HEAD requests do not require authentication (Requirement 
1.3)[2m > [22m[2mshould not require Authorization header for HEAD requests
[22m[39m[ARCJET] WARNING: Running without Arcjet protection

[90mstderr[2m | tests/property/admin-system-health-fixes/head-method.property.test.ts[2m 
> [22m[2mFeature: admin-system-health-fixes, Property 1: HEAD Method Support for API 
Endpoints[2m > [22m[2mProperty: HEAD requests do not require authentication (Requirement 
1.3)[2m > [22m[2mshould not require Authorization header for HEAD requests
[22m[39m[ARCJET] WARNING: Running without Arcjet protection

[90mstderr[2m | tests/property/admin-system-health-fixes/head-method.property.test.ts[2m 
> [22m[2mFeature: admin-system-health-fixes, Property 1: HEAD Method Support for API 
Endpoints[2m > [22m[2mProperty: HEAD requests do not require authentication (Requirement 
1.3)[2m > [22m[2mshould not require Authorization header for HEAD requests
[22m[39m[ARCJET] WARNING: Running without Arcjet protection

[90mstderr[2m | tests/property/admin-system-health-fixes/head-method.property.test.ts[2m 
> [22m[2mFeature: admin-system-health-fixes, Property 1: HEAD Method Support for API 
Endpoints[2m > [22m[2mProperty: HEAD requests do not require authentication (Requirement 
1.3)[2m > [22m[2mshould not require Authorization header for HEAD requests
[22m[39m[ARCJET] WARNING: Running without Arcjet protection

[90mstderr[2m | tests/property/admin-system-health-fixes/head-method.property.test.ts[2m 
> [22m[2mFeature: admin-system-health-fixes, Property 1: HEAD Method Support for API 
Endpoints[2m > [22m[2mProperty: HEAD requests do not require authentication (Requirement 
1.3)[2m > [22m[2mshould not require Authorization header for HEAD requests
[22m[39m[ARCJET] WARNING: Running without Arcjet protection

[90mstderr[2m | tests/property/admin-system-health-fixes/head-method.property.test.ts[2m 
> [22m[2mFeature: admin-system-health-fixes, Property 1: HEAD Method Support for API 
Endpoints[2m > [22m[2mProperty: HEAD requests do not require authentication (Requirement 
1.3)[2m > [22m[2mshould not require Authorization header for HEAD requests
[22m[39m[ARCJET] WARNING: Running without Arcjet protection

[90mstderr[2m | tests/property/admin-system-health-fixes/head-method.property.test.ts[2m 
> [22m[2mFeature: admin-system-health-fixes, Property 1: HEAD Method Support for API 
Endpoints[2m > [22m[2mProperty: HEAD requests do not require authentication (Requirement 
1.3)[2m > [22m[2mshould not require Authorization header for HEAD requests
[22m[39m[ARCJET] WARNING: Running without Arcjet protection

[90mstderr[2m | tests/property/admin-system-health-fixes/head-method.property.test.ts[2m 
> [22m[2mFeature: admin-system-health-fixes, Property 1: HEAD Method Support for API 
Endpoints[2m > [22m[2mProperty: HEAD requests do not require authentication (Requirement 
1.3)[2m > [22m[2mshould not require Authorization header for HEAD requests
[22m[39m[ARCJET] WARNING: Running without Arcjet protection

[90mstderr[2m | tests/property/admin-system-health-fixes/head-method.property.test.ts[2m 
> [22m[2mFeature: admin-system-health-fixes, Property 1: HEAD Method Support for API 
Endpoints[2m > [22m[2mProperty: HEAD requests do not require authentication (Requirement 
1.3)[2m > [22m[2mshould not require Authorization header for HEAD requests
[22m[39m[ARCJET] WARNING: Running without Arcjet protection

[90mstderr[2m | tests/property/admin-system-health-fixes/head-method.property.test.ts[2m 
> [22m[2mFeature: admin-system-health-fixes, Property 1: HEAD Method Support for API 
Endpoints[2m > [22m[2mProperty: HEAD requests do not require authentication (Requirement 
1.3)[2m > [22m[2mshould not require Authorization header for HEAD requests
[22m[39m[ARCJET] WARNING: Running without Arcjet protection

[90mstderr[2m | tests/property/admin-system-health-fixes/head-method.property.test.ts[2m 
> [22m[2mFeature: admin-system-health-fixes, Property 1: HEAD Method Support for API 
Endpoints[2m > [22m[2mProperty: HEAD requests do not require authentication (Requirement 
1.3)[2m > [22m[2mshould not require Authorization header for HEAD requests
[22m[39m[ARCJET] WARNING: Running without Arcjet protection

[90mstderr[2m | tests/property/admin-system-health-fixes/head-method.property.test.ts[2m 
> [22m[2mFeature: admin-system-health-fixes, Property 1: HEAD Method Support for API 
Endpoints[2m > [22m[2mProperty: HEAD requests do not require authentication (Requirement 
1.3)[2m > [22m[2mshould not require Authorization header for HEAD requests
[22m[39m[ARCJET] WARNING: Running without Arcjet protection

[90mstderr[2m | tests/property/admin-system-health-fixes/head-method.property.test.ts[2m 
> [22m[2mFeature: admin-system-health-fixes, Property 1: HEAD Method Support for API 
Endpoints[2m > [22m[2mProperty: HEAD requests do not require authentication (Requirement 
1.3)[2m > [22m[2mshould not require Authorization header for HEAD requests
[22m[39m[ARCJET] WARNING: Running without Arcjet protection

[90mstderr[2m | tests/property/admin-system-health-fixes/head-method.property.test.ts[2m 
> [22m[2mFeature: admin-system-health-fixes, Property 1: HEAD Method Support for API 
Endpoints[2m > [22m[2mProperty: HEAD requests do not require authentication (Requirement 
1.3)[2m > [22m[2mshould not require Authorization header for HEAD requests
[22m[39m[ARCJET] WARNING: Running without Arcjet protection

[90mstderr[2m | tests/property/admin-system-health-fixes/head-method.property.test.ts[2m 
> [22m[2mFeature: admin-system-health-fixes, Property 1: HEAD Method Support for API 
Endpoints[2m > [22m[2mProperty: HEAD requests do not require authentication (Requirement 
1.3)[2m > [22m[2mshould not require Authorization header for HEAD requests
[22m[39m[ARCJET] WARNING: Running without Arcjet protection

[90mstderr[2m | tests/property/admin-system-health-fixes/head-method.property.test.ts[2m 
> [22m[2mFeature: admin-system-health-fixes, Property 1: HEAD Method Support for API 
Endpoints[2m > [22m[2mProperty: HEAD requests do not require authentication (Requirement 
1.3)[2m > [22m[2mshould not require Authorization header for HEAD requests
[22m[39m[ARCJET] WARNING: Running without Arcjet protection

[90mstderr[2m | tests/property/admin-system-health-fixes/head-method.property.test.ts[2m 
> [22m[2mFeature: admin-system-health-fixes, Property 1: HEAD Method Support for API 
Endpoints[2m > [22m[2mProperty: HEAD requests do not require authentication (Requirement 
1.3)[2m > [22m[2mshould not require Authorization header for HEAD requests
[22m[39m[ARCJET] WARNING: Running without Arcjet protection

[90mstderr[2m | tests/property/admin-system-health-fixes/head-method.property.test.ts[2m 
> [22m[2mFeature: admin-system-health-fixes, Property 1: HEAD Method Support for API 
Endpoints[2m > [22m[2mProperty: HEAD requests do not require authentication (Requirement 
1.3)[2m > [22m[2mshould not require Authorization header for HEAD requests
[22m[39m[ARCJET] WARNING: Running without Arcjet protection

[90mstderr[2m | tests/property/admin-system-health-fixes/head-method.property.test.ts[2m 
> [22m[2mFeature: admin-system-health-fixes, Property 1: HEAD Method Support for API 
Endpoints[2m > [22m[2mProperty: HEAD requests do not require authentication (Requirement 
1.3)[2m > [22m[2mshould not require Authorization header for HEAD requests
[22m[39m[ARCJET] WARNING: Running without Arcjet protection

[90mstderr[2m | tests/property/admin-system-health-fixes/head-method.property.test.ts[2m 
> [22m[2mFeature: admin-system-health-fixes, Property 1: HEAD Method Support for API 
Endpoints[2m > [22m[2mProperty: HEAD requests do not require authentication (Requirement 
1.3)[2m > [22m[2mshould not require Authorization header for HEAD requests
[22m[39m[ARCJET] WARNING: Running without Arcjet protection

[90mstderr[2m | tests/property/admin-system-health-fixes/head-method.property.test.ts[2m 
> [22m[2mFeature: admin-system-health-fixes, Property 1: HEAD Method Support for API 
Endpoints[2m > [22m[2mProperty: HEAD requests do not require authentication (Requirement 
1.3)[2m > [22m[2mshould not require Authorization header for HEAD requests
[22m[39m[ARCJET] WARNING: Running without Arcjet protection

[90mstderr[2m | tests/property/admin-system-health-fixes/head-method.property.test.ts[2m 
> [22m[2mFeature: admin-system-health-fixes, Property 1: HEAD Method Support for API 
Endpoints[2m > [22m[2mProperty: HEAD requests do not require authentication (Requirement 
1.3)[2m > [22m[2mshould not require Authorization header for HEAD requests
[22m[39m[ARCJET] WARNING: Running without Arcjet protection

[90mstderr[2m | tests/property/admin-system-health-fixes/head-method.property.test.ts[2m 
> [22m[2mFeature: admin-system-health-fixes, Property 1: HEAD Method Support for API 
Endpoints[2m > [22m[2mProperty: HEAD requests do not require authentication (Requirement 
1.3)[2m > [22m[2mshould not require Authorization header for HEAD requests
[22m[39m[ARCJET] WARNING: Running without Arcjet protection

[90mstderr[2m | tests/property/admin-system-health-fixes/head-method.property.test.ts[2m 
> [22m[2mFeature: admin-system-health-fixes, Property 1: HEAD Method Support for API 
Endpoints[2m > [22m[2mProperty: HEAD requests do not require authentication (Requirement 
1.3)[2m > [22m[2mshould not require Authorization header for HEAD requests
[22m[39m[ARCJET] WARNING: Running without Arcjet protection

[90mstderr[2m | tests/property/admin-system-health-fixes/head-method.property.test.ts[2m 
> [22m[2mFeature: admin-system-health-fixes, Property 1: HEAD Method Support for API 
Endpoints[2m > [22m[2mProperty: HEAD requests do not require authentication (Requirement 
1.3)[2m > [22m[2mshould not require Authorization header for HEAD requests
[22m[39m[ARCJET] WARNING: Running without Arcjet protection

[90mstderr[2m | tests/property/admin-system-health-fixes/head-method.property.test.ts[2m 
> [22m[2mFeature: admin-system-health-fixes, Property 1: HEAD Method Support for API 
Endpoints[2m > [22m[2mProperty: HEAD requests do not require authentication (Requirement 
1.3)[2m > [22m[2mshould not require Authorization header for HEAD requests
[22m[39m[ARCJET] WARNING: Running without Arcjet protection

[90mstderr[2m | tests/property/admin-system-health-fixes/head-method.property.test.ts[2m 
> [22m[2mFeature: admin-system-health-fixes, Property 1: HEAD Method Support for API 
Endpoints[2m > [22m[2mProperty: HEAD requests do not require authentication (Requirement 
1.3)[2m > [22m[2mshould not require Authorization header for HEAD requests
[22m[39m[ARCJET] WARNING: Running without Arcjet protection

[90mstderr[2m | tests/property/admin-system-health-fixes/head-method.property.test.ts[2m 
> [22m[2mFeature: admin-system-health-fixes, Property 1: HEAD Method Support for API 
Endpoints[2m > [22m[2mProperty: HEAD requests do not require authentication (Requirement 
1.3)[2m > [22m[2mshould not require Authorization header for HEAD requests
[22m[39m[ARCJET] WARNING: Running without Arcjet protection

[90mstderr[2m | tests/property/admin-system-health-fixes/head-method.property.test.ts[2m 
> [22m[2mFeature: admin-system-health-fixes, Property 1: HEAD Method Support for API 
Endpoints[2m > [22m[2mProperty: HEAD requests do not require authentication (Requirement 
1.3)[2m > [22m[2mshould not require Authorization header for HEAD requests
[22m[39m[ARCJET] WARNING: Running without Arcjet protection

[90mstderr[2m | tests/property/admin-system-health-fixes/head-method.property.test.ts[2m 
> [22m[2mFeature: admin-system-health-fixes, Property 1: HEAD Method Support for API 
Endpoints[2m > [22m[2mProperty: HEAD requests do not require authentication (Requirement 
1.3)[2m > [22m[2mshould not require Authorization header for HEAD requests
[22m[39m[ARCJET] WARNING: Running without Arcjet protection

[90mstderr[2m | tests/property/admin-system-health-fixes/head-method.property.test.ts[2m 
> [22m[2mFeature: admin-system-health-fixes, Property 1: HEAD Method Support for API 
Endpoints[2m > [22m[2mProperty: HEAD requests do not require authentication (Requirement 
1.3)[2m > [22m[2mshould not require Authorization header for HEAD requests
[22m[39m[ARCJET] WARNING: Running without Arcjet protection

[90mstderr[2m | tests/property/admin-system-health-fixes/head-method.property.test.ts[2m 
> [22m[2mFeature: admin-system-health-fixes, Property 1: HEAD Method Support for API 
Endpoints[2m > [22m[2mProperty: HEAD requests do not require authentication (Requirement 
1.3)[2m > [22m[2mshould not require Authorization header for HEAD requests
[22m[39m[ARCJET] WARNING: Running without Arcjet protection

[90mstderr[2m | tests/property/admin-system-health-fixes/head-method.property.test.ts[2m 
> [22m[2mFeature: admin-system-health-fixes, Property 1: HEAD Method Support for API 
Endpoints[2m > [22m[2mProperty: HEAD requests do not require authentication (Requirement 
1.3)[2m > [22m[2mshould not require Authorization header for HEAD requests
[22m[39m[ARCJET] WARNING: Running without Arcjet protection

[90mstderr[2m | tests/property/admin-system-health-fixes/head-method.property.test.ts[2m 
> [22m[2mFeature: admin-system-health-fixes, Property 1: HEAD Method Support for API 
Endpoints[2m > [22m[2mProperty: HEAD requests do not require authentication (Requirement 
1.3)[2m > [22m[2mshould not require Authorization header for HEAD requests
[22m[39m[ARCJET] WARNING: Running without Arcjet protection

[90mstderr[2m | tests/property/admin-system-health-fixes/head-method.property.test.ts[2m 
> [22m[2mFeature: admin-system-health-fixes, Property 1: HEAD Method Support for API 
Endpoints[2m > [22m[2mProperty: HEAD requests do not require authentication (Requirement 
1.3)[2m > [22m[2mshould not require Authorization header for HEAD requests
[22m[39m[ARCJET] WARNING: Running without Arcjet protection

[90mstderr[2m | tests/property/admin-system-health-fixes/head-method.property.test.ts[2m 
> [22m[2mFeature: admin-system-health-fixes, Property 1: HEAD Method Support for API 
Endpoints[2m > [22m[2mProperty: HEAD requests do not require authentication (Requirement 
1.3)[2m > [22m[2mshould not require Authorization header for HEAD requests
[22m[39m[ARCJET] WARNING: Running without Arcjet protection

[90mstderr[2m | tests/property/admin-system-health-fixes/head-method.property.test.ts[2m 
> [22m[2mFeature: admin-system-health-fixes, Property 1: HEAD Method Support for API 
Endpoints[2m > [22m[2mProperty: HEAD requests do not require authentication (Requirement 
1.3)[2m > [22m[2mshould not require Authorization header for HEAD requests
[22m[39m[ARCJET] WARNING: Running without Arcjet protection

[90mstderr[2m | tests/property/admin-system-health-fixes/head-method.property.test.ts[2m 
> [22m[2mFeature: admin-system-health-fixes, Property 1: HEAD Method Support for API 
Endpoints[2m > [22m[2mProperty: HEAD requests do not require authentication (Requirement 
1.3)[2m > [22m[2mshould not require Authorization header for HEAD requests
[22m[39m[ARCJET] WARNING: Running without Arcjet protection

[90mstderr[2m | tests/property/admin-system-health-fixes/head-method.property.test.ts[2m 
> [22m[2mFeature: admin-system-health-fixes, Property 1: HEAD Method Support for API 
Endpoints[2m > [22m[2mProperty: HEAD requests do not require authentication (Requirement 
1.3)[2m > [22m[2mshould not require Authorization header for HEAD requests
[22m[39m[ARCJET] WARNING: Running without Arcjet protection

[90mstderr[2m | tests/property/admin-system-health-fixes/head-method.property.test.ts[2m 
> [22m[2mFeature: admin-system-health-fixes, Property 1: HEAD Method Support for API 
Endpoints[2m > [22m[2mProperty: HEAD requests do not require authentication (Requirement 
1.3)[2m > [22m[2mshould not require Authorization header for HEAD requests
[22m[39m[ARCJET] WARNING: Running without Arcjet protection

[90mstderr[2m | tests/property/admin-system-health-fixes/head-method.property.test.ts[2m 
> [22m[2mFeature: admin-system-health-fixes, Property 1: HEAD Method Support for API 
Endpoints[2m > [22m[2mProperty: HEAD requests do not require authentication (Requirement 
1.3)[2m > [22m[2mshould not require Authorization header for HEAD requests
[22m[39m[ARCJET] WARNING: Running without Arcjet protection

[90mstderr[2m | tests/property/admin-system-health-fixes/head-method.property.test.ts[2m 
> [22m[2mFeature: admin-system-health-fixes, Property 1: HEAD Method Support for API 
Endpoints[2m > [22m[2mProperty: HEAD requests do not require authentication (Requirement 
1.3)[2m > [22m[2mshould not require Authorization header for HEAD requests
[22m[39m[ARCJET] WARNING: Running without Arcjet protection

[90mstderr[2m | tests/property/admin-system-health-fixes/head-method.property.test.ts[2m 
> [22m[2mFeature: admin-system-health-fixes, Property 1: HEAD Method Support for API 
Endpoints[2m > [22m[2mProperty: HEAD requests do not require authentication (Requirement 
1.3)[2m > [22m[2mshould not require Authorization header for HEAD requests
[22m[39m[ARCJET] WARNING: Running without Arcjet protection

[90mstderr[2m | tests/property/admin-system-health-fixes/head-method.property.test.ts[2m 
> [22m[2mFeature: admin-system-health-fixes, Property 1: HEAD Method Support for API 
Endpoints[2m > [22m[2mProperty: HEAD requests do not require authentication (Requirement 
1.3)[2m > [22m[2mshould not require Authorization header for HEAD requests
[22m[39m[ARCJET] WARNING: Running without Arcjet protection

[90mstderr[2m | tests/property/admin-system-health-fixes/head-method.property.test.ts[2m 
> [22m[2mFeature: admin-system-health-fixes, Property 1: HEAD Method Support for API 
Endpoints[2m > [22m[2mProperty: HEAD requests do not require authentication (Requirement 
1.3)[2m > [22m[2mshould not require Authorization header for HEAD requests
[22m[39m[ARCJET] WARNING: Running without Arcjet protection

[90mstderr[2m | tests/property/admin-system-health-fixes/head-method.property.test.ts[2m 
> [22m[2mFeature: admin-system-health-fixes, Property 1: HEAD Method Support for API 
Endpoints[2m > [22m[2mProperty: HEAD requests do not require authentication (Requirement 
1.3)[2m > [22m[2mshould not require Authorization header for HEAD requests
[22m[39m[ARCJET] WARNING: Running without Arcjet protection

[90mstderr[2m | tests/property/admin-system-health-fixes/head-method.property.test.ts[2m 
> [22m[2mFeature: admin-system-health-fixes, Property 1: HEAD Method Support for API 
Endpoints[2m > [22m[2mProperty: HEAD requests do not require authentication (Requirement 
1.3)[2m > [22m[2mshould not require Authorization header for HEAD requests
[22m[39m[ARCJET] WARNING: Running without Arcjet protection

[90mstderr[2m | tests/property/admin-system-health-fixes/head-method.property.test.ts[2m 
> [22m[2mFeature: admin-system-health-fixes, Property 1: HEAD Method Support for API 
Endpoints[2m > [22m[2mProperty: HEAD requests do not require authentication (Requirement 
1.3)[2m > [22m[2mshould bypass authentication check for HEAD requests
[22m[39m[ARCJET] WARNING: Running without Arcjet protection

[90mstderr[2m | tests/property/admin-system-health-fixes/head-method.property.test.ts[2m 
> [22m[2mFeature: admin-system-health-fixes, Property 1: HEAD Method Support for API 
Endpoints[2m > [22m[2mProperty: HEAD requests do not require authentication (Requirement 
1.3)[2m > [22m[2mshould bypass authentication check for HEAD requests
[22m[39m[ARCJET] WARNING: Running without Arcjet protection

[90mstderr[2m | tests/property/admin-system-health-fixes/head-method.property.test.ts[2m 
> [22m[2mFeature: admin-system-health-fixes, Property 1: HEAD Method Support for API 
Endpoints[2m > [22m[2mProperty: HEAD requests do not require authentication (Requirement 
1.3)[2m > [22m[2mshould bypass authentication check for HEAD requests
[22m[39m[ARCJET] WARNING: Running without Arcjet protection

[90mstderr[2m | tests/property/admin-system-health-fixes/head-method.property.test.ts[2m 
> [22m[2mFeature: admin-system-health-fixes, Property 1: HEAD Method Support for API 
Endpoints[2m > [22m[2mProperty: HEAD requests do not require authentication (Requirement 
1.3)[2m > [22m[2mshould bypass authentication check for HEAD requests
[22m[39m[ARCJET] WARNING: Running without Arcjet protection

[90mstderr[2m | tests/property/admin-system-health-fixes/head-method.property.test.ts[2m 
> [22m[2mFeature: admin-system-health-fixes, Property 1: HEAD Method Support for API 
Endpoints[2m > [22m[2mProperty: HEAD requests do not require authentication (Requirement 
1.3)[2m > [22m[2mshould bypass authentication check for HEAD requests
[22m[39m[ARCJET] WARNING: Running without Arcjet protection

[90mstderr[2m | tests/property/admin-system-health-fixes/head-method.property.test.ts[2m 
> [22m[2mFeature: admin-system-health-fixes, Property 1: HEAD Method Support for API 
Endpoints[2m > [22m[2mProperty: HEAD requests do not require authentication (Requirement 
1.3)[2m > [22m[2mshould bypass authentication check for HEAD requests
[22m[39m[ARCJET] WARNING: Running without Arcjet protection

[90mstderr[2m | tests/property/admin-system-health-fixes/head-method.property.test.ts[2m 
> [22m[2mFeature: admin-system-health-fixes, Property 1: HEAD Method Support for API 
Endpoints[2m > [22m[2mProperty: HEAD requests do not require authentication (Requirement 
1.3)[2m > [22m[2mshould bypass authentication check for HEAD requests
[22m[39m[ARCJET] WARNING: Running without Arcjet protection

[90mstderr[2m | tests/property/admin-system-health-fixes/head-method.property.test.ts[2m 
> [22m[2mFeature: admin-system-health-fixes, Property 1: HEAD Method Support for API 
Endpoints[2m > [22m[2mProperty: HEAD requests do not require authentication (Requirement 
1.3)[2m > [22m[2mshould bypass authentication check for HEAD requests
[22m[39m[ARCJET] WARNING: Running without Arcjet protection

[90mstderr[2m | tests/property/admin-system-health-fixes/head-method.property.test.ts[2m 
> [22m[2mFeature: admin-system-health-fixes, Property 1: HEAD Method Support for API 
Endpoints[2m > [22m[2mProperty: HEAD requests do not require authentication (Requirement 
1.3)[2m > [22m[2mshould bypass authentication check for HEAD requests
[22m[39m[ARCJET] WARNING: Running without Arcjet protection

[90mstderr[2m | tests/property/admin-system-health-fixes/head-method.property.test.ts[2m 
> [22m[2mFeature: admin-system-health-fixes, Property 1: HEAD Method Support for API 
Endpoints[2m > [22m[2mProperty: HEAD requests do not require authentication (Requirement 
1.3)[2m > [22m[2mshould bypass authentication check for HEAD requests
[22m[39m[ARCJET] WARNING: Running without Arcjet protection

[90mstderr[2m | tests/property/admin-system-health-fixes/head-method.property.test.ts[2m 
> [22m[2mFeature: admin-system-health-fixes, Property 1: HEAD Method Support for API 
Endpoints[2m > [22m[2mProperty: HEAD requests do not require authentication (Requirement 
1.3)[2m > [22m[2mshould bypass authentication check for HEAD requests
[22m[39m[ARCJET] WARNING: Running without Arcjet protection

[90mstderr[2m | tests/property/admin-system-health-fixes/head-method.property.test.ts[2m 
> [22m[2mFeature: admin-system-health-fixes, Property 1: HEAD Method Support for API 
Endpoints[2m > [22m[2mProperty: HEAD requests do not require authentication (Requirement 
1.3)[2m > [22m[2mshould bypass authentication check for HEAD requests
[22m[39m[ARCJET] WARNING: Running without Arcjet protection

[90mstderr[2m | tests/property/admin-system-health-fixes/head-method.property.test.ts[2m 
> [22m[2mFeature: admin-system-health-fixes, Property 1: HEAD Method Support for API 
Endpoints[2m > [22m[2mProperty: HEAD requests do not require authentication (Requirement 
1.3)[2m > [22m[2mshould bypass authentication check for HEAD requests
[22m[39m[ARCJET] WARNING: Running without Arcjet protection

[90mstderr[2m | tests/property/admin-system-health-fixes/head-method.property.test.ts[2m 
> [22m[2mFeature: admin-system-health-fixes, Property 1: HEAD Method Support for API 
Endpoints[2m > [22m[2mProperty: HEAD requests do not require authentication (Requirement 
1.3)[2m > [22m[2mshould bypass authentication check for HEAD requests
[22m[39m[ARCJET] WARNING: Running without Arcjet protection

[90mstderr[2m | tests/property/admin-system-health-fixes/head-method.property.test.ts[2m 
> [22m[2mFeature: admin-system-health-fixes, Property 1: HEAD Method Support for API 
Endpoints[2m > [22m[2mProperty: HEAD requests do not require authentication (Requirement 
1.3)[2m > [22m[2mshould bypass authentication check for HEAD requests
[22m[39m[ARCJET] WARNING: Running without Arcjet protection

[90mstderr[2m | tests/property/admin-system-health-fixes/head-method.property.test.ts[2m 
> [22m[2mFeature: admin-system-health-fixes, Property 1: HEAD Method Support for API 
Endpoints[2m > [22m[2mProperty: HEAD requests do not require authentication (Requirement 
1.3)[2m > [22m[2mshould bypass authentication check for HEAD requests
[22m[39m[ARCJET] WARNING: Running without Arcjet protection

[90mstderr[2m | tests/property/admin-system-health-fixes/head-method.property.test.ts[2m 
> [22m[2mFeature: admin-system-health-fixes, Property 1: HEAD Method Support for API 
Endpoints[2m > [22m[2mProperty: HEAD requests do not require authentication (Requirement 
1.3)[2m > [22m[2mshould bypass authentication check for HEAD requests
[22m[39m[ARCJET] WARNING: Running without Arcjet protection

[90mstderr[2m | tests/property/admin-system-health-fixes/head-method.property.test.ts[2m 
> [22m[2mFeature: admin-system-health-fixes, Property 1: HEAD Method Support for API 
Endpoints[2m > [22m[2mProperty: HEAD requests do not require authentication (Requirement 
1.3)[2m > [22m[2mshould bypass authentication check for HEAD requests
[22m[39m[ARCJET] WARNING: Running without Arcjet protection

[90mstderr[2m | tests/property/admin-system-health-fixes/head-method.property.test.ts[2m 
> [22m[2mFeature: admin-system-health-fixes, Property 1: HEAD Method Support for API 
Endpoints[2m > [22m[2mProperty: HEAD requests do not require authentication (Requirement 
1.3)[2m > [22m[2mshould bypass authentication check for HEAD requests
[22m[39m[ARCJET] WARNING: Running without Arcjet protection

[90mstderr[2m | tests/property/admin-system-health-fixes/head-method.property.test.ts[2m 
> [22m[2mFeature: admin-system-health-fixes, Property 1: HEAD Method Support for API 
Endpoints[2m > [22m[2mProperty: HEAD requests do not require authentication (Requirement 
1.3)[2m > [22m[2mshould bypass authentication check for HEAD requests
[22m[39m[ARCJET] WARNING: Running without Arcjet protection

[90mstderr[2m | tests/property/admin-system-health-fixes/head-method.property.test.ts[2m 
> [22m[2mFeature: admin-system-health-fixes, Property 1: HEAD Method Support for API 
Endpoints[2m > [22m[2mProperty: HEAD requests do not require authentication (Requirement 
1.3)[2m > [22m[2mshould bypass authentication check for HEAD requests
[22m[39m[ARCJET] WARNING: Running without Arcjet protection

[90mstderr[2m | tests/property/admin-system-health-fixes/head-method.property.test.ts[2m 
> [22m[2mFeature: admin-system-health-fixes, Property 1: HEAD Method Support for API 
Endpoints[2m > [22m[2mProperty: HEAD requests do not require authentication (Requirement 
1.3)[2m > [22m[2mshould bypass authentication check for HEAD requests
[22m[39m[ARCJET] WARNING: Running without Arcjet protection

[90mstderr[2m | tests/property/admin-system-health-fixes/head-method.property.test.ts[2m 
> [22m[2mFeature: admin-system-health-fixes, Property 1: HEAD Method Support for API 
Endpoints[2m > [22m[2mProperty: HEAD requests do not require authentication (Requirement 
1.3)[2m > [22m[2mshould bypass authentication check for HEAD requests
[22m[39m[ARCJET] WARNING: Running without Arcjet protection

[90mstderr[2m | tests/property/admin-system-health-fixes/head-method.property.test.ts[2m 
> [22m[2mFeature: admin-system-health-fixes, Property 1: HEAD Method Support for API 
Endpoints[2m > [22m[2mProperty: HEAD requests do not require authentication (Requirement 
1.3)[2m > [22m[2mshould bypass authentication check for HEAD requests
[22m[39m[ARCJET] WARNING: Running without Arcjet protection

[90mstderr[2m | tests/property/admin-system-health-fixes/head-method.property.test.ts[2m 
> [22m[2mFeature: admin-system-health-fixes, Property 1: HEAD Method Support for API 
Endpoints[2m > [22m[2mProperty: HEAD requests do not require authentication (Requirement 
1.3)[2m > [22m[2mshould bypass authentication check for HEAD requests
[22m[39m[ARCJET] WARNING: Running without Arcjet protection

[90mstderr[2m | tests/property/admin-system-health-fixes/head-method.property.test.ts[2m 
> [22m[2mFeature: admin-system-health-fixes, Property 1: HEAD Method Support for API 
Endpoints[2m > [22m[2mProperty: HEAD requests do not require authentication (Requirement 
1.3)[2m > [22m[2mshould bypass authentication check for HEAD requests
[22m[39m[ARCJET] WARNING: Running without Arcjet protection

[90mstderr[2m | tests/property/admin-system-health-fixes/head-method.property.test.ts[2m 
> [22m[2mFeature: admin-system-health-fixes, Property 1: HEAD Method Support for API 
Endpoints[2m > [22m[2mProperty: HEAD requests do not require authentication (Requirement 
1.3)[2m > [22m[2mshould bypass authentication check for HEAD requests
[22m[39m[ARCJET] WARNING: Running without Arcjet protection

[90mstderr[2m | tests/property/admin-system-health-fixes/head-method.property.test.ts[2m 
> [22m[2mFeature: admin-system-health-fixes, Property 1: HEAD Method Support for API 
Endpoints[2m > [22m[2mProperty: HEAD requests do not require authentication (Requirement 
1.3)[2m > [22m[2mshould bypass authentication check for HEAD requests
[22m[39m[ARCJET] WARNING: Running without Arcjet protection

[90mstderr[2m | tests/property/admin-system-health-fixes/head-method.property.test.ts[2m 
> [22m[2mFeature: admin-system-health-fixes, Property 1: HEAD Method Support for API 
Endpoints[2m > [22m[2mProperty: HEAD requests do not require authentication (Requirement 
1.3)[2m > [22m[2mshould bypass authentication check for HEAD requests
[22m[39m[ARCJET] WARNING: Running without Arcjet protection

[90mstderr[2m | tests/property/admin-system-health-fixes/head-method.property.test.ts[2m 
> [22m[2mFeature: admin-system-health-fixes, Property 1: HEAD Method Support for API 
Endpoints[2m > [22m[2mProperty: HEAD requests do not require authentication (Requirement 
1.3)[2m > [22m[2mshould bypass authentication check for HEAD requests
[22m[39m[ARCJET] WARNING: Running without Arcjet protection

[90mstderr[2m | tests/property/admin-system-health-fixes/head-method.property.test.ts[2m 
> [22m[2mFeature: admin-system-health-fixes, Property 1: HEAD Method Support for API 
Endpoints[2m > [22m[2mProperty: HEAD requests do not require authentication (Requirement 
1.3)[2m > [22m[2mshould bypass authentication check for HEAD requests
[22m[39m[ARCJET] WARNING: Running without Arcjet protection

[90mstderr[2m | tests/property/admin-system-health-fixes/head-method.property.test.ts[2m 
> [22m[2mFeature: admin-system-health-fixes, Property 1: HEAD Method Support for API 
Endpoints[2m > [22m[2mProperty: HEAD requests do not require authentication (Requirement 
1.3)[2m > [22m[2mshould bypass authentication check for HEAD requests
[22m[39m[ARCJET] WARNING: Running without Arcjet protection

[90mstderr[2m | tests/property/admin-system-health-fixes/head-method.property.test.ts[2m 
> [22m[2mFeature: admin-system-health-fixes, Property 1: HEAD Method Support for API 
Endpoints[2m > [22m[2mProperty: HEAD requests do not require authentication (Requirement 
1.3)[2m > [22m[2mshould bypass authentication check for HEAD requests
[22m[39m[ARCJET] WARNING: Running without Arcjet protection

[90mstderr[2m | tests/property/admin-system-health-fixes/head-method.property.test.ts[2m 
> [22m[2mFeature: admin-system-health-fixes, Property 1: HEAD Method Support for API 
Endpoints[2m > [22m[2mProperty: HEAD requests do not require authentication (Requirement 
1.3)[2m > [22m[2mshould bypass authentication check for HEAD requests
[22m[39m[ARCJET] WARNING: Running without Arcjet protection

[90mstderr[2m | tests/property/admin-system-health-fixes/head-method.property.test.ts[2m 
> [22m[2mFeature: admin-system-health-fixes, Property 1: HEAD Method Support for API 
Endpoints[2m > [22m[2mProperty: HEAD requests do not require authentication (Requirement 
1.3)[2m > [22m[2mshould bypass authentication check for HEAD requests
[22m[39m[ARCJET] WARNING: Running without Arcjet protection

[90mstderr[2m | tests/property/admin-system-health-fixes/head-method.property.test.ts[2m 
> [22m[2mFeature: admin-system-health-fixes, Property 1: HEAD Method Support for API 
Endpoints[2m > [22m[2mProperty: HEAD requests do not require authentication (Requirement 
1.3)[2m > [22m[2mshould bypass authentication check for HEAD requests
[22m[39m[ARCJET] WARNING: Running without Arcjet protection

[90mstderr[2m | tests/property/admin-system-health-fixes/head-method.property.test.ts[2m 
> [22m[2mFeature: admin-system-health-fixes, Property 1: HEAD Method Support for API 
Endpoints[2m > [22m[2mProperty: HEAD requests do not require authentication (Requirement 
1.3)[2m > [22m[2mshould bypass authentication check for HEAD requests
[22m[39m[ARCJET] WARNING: Running without Arcjet protection

[90mstderr[2m | tests/property/admin-system-health-fixes/head-method.property.test.ts[2m 
> [22m[2mFeature: admin-system-health-fixes, Property 1: HEAD Method Support for API 
Endpoints[2m > [22m[2mProperty: HEAD requests do not require authentication (Requirement 
1.3)[2m > [22m[2mshould bypass authentication check for HEAD requests
[22m[39m[ARCJET] WARNING: Running without Arcjet protection

[90mstderr[2m | tests/property/admin-system-health-fixes/head-method.property.test.ts[2m 
> [22m[2mFeature: admin-system-health-fixes, Property 1: HEAD Method Support for API 
Endpoints[2m > [22m[2mProperty: HEAD requests do not require authentication (Requirement 
1.3)[2m > [22m[2mshould bypass authentication check for HEAD requests
[22m[39m[ARCJET] WARNING: Running without Arcjet protection

[90mstderr[2m | tests/property/admin-system-health-fixes/head-method.property.test.ts[2m 
> [22m[2mFeature: admin-system-health-fixes, Property 1: HEAD Method Support for API 
Endpoints[2m > [22m[2mProperty: HEAD requests do not require authentication (Requirement 
1.3)[2m > [22m[2mshould bypass authentication check for HEAD requests
[22m[39m[ARCJET] WARNING: Running without Arcjet protection

[90mstderr[2m | tests/property/admin-system-health-fixes/head-method.property.test.ts[2m 
> [22m[2mFeature: admin-system-health-fixes, Property 1: HEAD Method Support for API 
Endpoints[2m > [22m[2mProperty: HEAD requests do not require authentication (Requirement 
1.3)[2m > [22m[2mshould bypass authentication check for HEAD requests
[22m[39m[ARCJET] WARNING: Running without Arcjet protection

[90mstderr[2m | tests/property/admin-system-health-fixes/head-method.property.test.ts[2m 
> [22m[2mFeature: admin-system-health-fixes, Property 1: HEAD Method Support for API 
Endpoints[2m > [22m[2mProperty: HEAD requests do not require authentication (Requirement 
1.3)[2m > [22m[2mshould bypass authentication check for HEAD requests
[22m[39m[ARCJET] WARNING: Running without Arcjet protection

[90mstderr[2m | tests/property/admin-system-health-fixes/head-method.property.test.ts[2m 
> [22m[2mFeature: admin-system-health-fixes, Property 1: HEAD Method Support for API 
Endpoints[2m > [22m[2mProperty: HEAD requests do not require authentication (Requirement 
1.3)[2m > [22m[2mshould bypass authentication check for HEAD requests
[22m[39m[ARCJET] WARNING: Running without Arcjet protection

[90mstderr[2m | tests/property/admin-system-health-fixes/head-method.property.test.ts[2m 
> [22m[2mFeature: admin-system-health-fixes, Property 1: HEAD Method Support for API 
Endpoints[2m > [22m[2mProperty: HEAD requests do not require authentication (Requirement 
1.3)[2m > [22m[2mshould bypass authentication check for HEAD requests
[22m[39m[ARCJET] WARNING: Running without Arcjet protection

[90mstderr[2m | tests/property/admin-system-health-fixes/head-method.property.test.ts[2m 
> [22m[2mFeature: admin-system-health-fixes, Property 1: HEAD Method Support for API 
Endpoints[2m > [22m[2mProperty: HEAD requests do not require authentication (Requirement 
1.3)[2m > [22m[2mshould bypass authentication check for HEAD requests
[22m[39m[ARCJET] WARNING: Running without Arcjet protection

[90mstderr[2m | tests/property/admin-system-health-fixes/head-method.property.test.ts[2m 
> [22m[2mFeature: admin-system-health-fixes, Property 1: HEAD Method Support for API 
Endpoints[2m > [22m[2mProperty: HEAD requests do not require authentication (Requirement 
1.3)[2m > [22m[2mshould bypass authentication check for HEAD requests
[22m[39m[ARCJET] WARNING: Running without Arcjet protection

[90mstderr[2m | tests/property/admin-system-health-fixes/head-method.property.test.ts[2m 
> [22m[2mFeature: admin-system-health-fixes, Property 1: HEAD Method Support for API 
Endpoints[2m > [22m[2mProperty: HEAD requests do not require authentication (Requirement 
1.3)[2m > [22m[2mshould bypass authentication check for HEAD requests
[22m[39m[ARCJET] WARNING: Running without Arcjet protection

[90mstderr[2m | tests/property/admin-system-health-fixes/head-method.property.test.ts[2m 
> [22m[2mFeature: admin-system-health-fixes, Property 1: HEAD Method Support for API 
Endpoints[2m > [22m[2mProperty: HEAD requests do not require authentication (Requirement 
1.3)[2m > [22m[2mshould bypass authentication check for HEAD requests
[22m[39m[ARCJET] WARNING: Running without Arcjet protection

[90mstderr[2m | tests/property/admin-system-health-fixes/head-method.property.test.ts[2m 
> [22m[2mFeature: admin-system-health-fixes, Property 1: HEAD Method Support for API 
Endpoints[2m > [22m[2mProperty: HEAD requests do not require authentication (Requirement 
1.3)[2m > [22m[2mshould bypass authentication check for HEAD requests
[22m[39m[ARCJET] WARNING: Running without Arcjet protection

[90mstderr[2m | tests/property/admin-system-health-fixes/head-method.property.test.ts[2m 
> [22m[2mFeature: admin-system-health-fixes, Property 1: HEAD Method Support for API 
Endpoints[2m > [22m[2mProperty: HEAD requests do not require authentication (Requirement 
1.3)[2m > [22m[2mshould bypass authentication check for HEAD requests
[22m[39m[ARCJET] WARNING: Running without Arcjet protection

[90mstderr[2m | tests/property/admin-system-health-fixes/head-method.property.test.ts[2m 
> [22m[2mFeature: admin-system-health-fixes, Property 1: HEAD Method Support for API 
Endpoints[2m > [22m[2mProperty: HEAD requests do not require authentication (Requirement 
1.3)[2m > [22m[2mshould bypass authentication check for HEAD requests
[22m[39m[ARCJET] WARNING: Running without Arcjet protection

[90mstderr[2m | tests/property/admin-system-health-fixes/head-method.property.test.ts[2m 
> [22m[2mFeature: admin-system-health-fixes, Property 1: HEAD Method Support for API 
Endpoints[2m > [22m[2mProperty: HEAD requests do not require authentication (Requirement 
1.3)[2m > [22m[2mshould bypass authentication check for HEAD requests
[22m[39m[ARCJET] WARNING: Running without Arcjet protection

[90mstderr[2m | tests/property/admin-system-health-fixes/head-method.property.test.ts[2m 
> [22m[2mFeature: admin-system-health-fixes, Property 1: HEAD Method Support for API 
Endpoints[2m > [22m[2mProperty: HEAD requests do not require authentication (Requirement 
1.3)[2m > [22m[2mshould bypass authentication check for HEAD requests
[22m[39m[ARCJET] WARNING: Running without Arcjet protection

[90mstderr[2m | tests/property/admin-system-health-fixes/head-method.property.test.ts[2m 
> [22m[2mFeature: admin-system-health-fixes, Property 1: HEAD Method Support for API 
Endpoints[2m > [22m[2mProperty: HEAD requests do not require authentication (Requirement 
1.3)[2m > [22m[2mshould bypass authentication check for HEAD requests
[22m[39m[ARCJET] WARNING: Running without Arcjet protection

[90mstderr[2m | tests/property/admin-system-health-fixes/head-method.property.test.ts[2m 
> [22m[2mFeature: admin-system-health-fixes, Property 1: HEAD Method Support for API 
Endpoints[2m > [22m[2mProperty: HEAD requests do not require authentication (Requirement 
1.3)[2m > [22m[2mshould bypass authentication check for HEAD requests
[22m[39m[ARCJET] WARNING: Running without Arcjet protection

[90mstderr[2m | tests/property/admin-system-health-fixes/head-method.property.test.ts[2m 
> [22m[2mFeature: admin-system-health-fixes, Property 1: HEAD Method Support for API 
Endpoints[2m > [22m[2mProperty: HEAD requests do not require authentication (Requirement 
1.3)[2m > [22m[2mshould bypass authentication check for HEAD requests
[22m[39m[ARCJET] WARNING: Running without Arcjet protection

[90mstderr[2m | tests/property/admin-system-health-fixes/head-method.property.test.ts[2m 
> [22m[2mFeature: admin-system-health-fixes, Property 1: HEAD Method Support for API 
Endpoints[2m > [22m[2mProperty: HEAD requests do not require authentication (Requirement 
1.3)[2m > [22m[2mshould bypass authentication check for HEAD requests
[22m[39m[ARCJET] WARNING: Running without Arcjet protection

[90mstderr[2m | tests/property/admin-system-health-fixes/head-method.property.test.ts[2m 
> [22m[2mFeature: admin-system-health-fixes, Property 1: HEAD Method Support for API 
Endpoints[2m > [22m[2mProperty: HEAD requests do not require authentication (Requirement 
1.3)[2m > [22m[2mshould bypass authentication check for HEAD requests
[22m[39m[ARCJET] WARNING: Running without Arcjet protection

[90mstderr[2m | tests/property/admin-system-health-fixes/head-method.property.test.ts[2m 
> [22m[2mFeature: admin-system-health-fixes, Property 1: HEAD Method Support for API 
Endpoints[2m > [22m[2mProperty: HEAD requests do not require authentication (Requirement 
1.3)[2m > [22m[2mshould bypass authentication check for HEAD requests
[22m[39m[ARCJET] WARNING: Running without Arcjet protection

[90mstderr[2m | tests/property/admin-system-health-fixes/head-method.property.test.ts[2m 
> [22m[2mFeature: admin-system-health-fixes, Property 1: HEAD Method Support for API 
Endpoints[2m > [22m[2mProperty: HEAD requests do not require authentication (Requirement 
1.3)[2m > [22m[2mshould bypass authentication check for HEAD requests
[22m[39m[ARCJET] WARNING: Running without Arcjet protection

[90mstderr[2m | tests/property/admin-system-health-fixes/head-method.property.test.ts[2m 
> [22m[2mFeature: admin-system-health-fixes, Property 1: HEAD Method Support for API 
Endpoints[2m > [22m[2mProperty: HEAD requests do not require authentication (Requirement 
1.3)[2m > [22m[2mshould bypass authentication check for HEAD requests
[22m[39m[ARCJET] WARNING: Running without Arcjet protection

[90mstderr[2m | tests/property/admin-system-health-fixes/head-method.property.test.ts[2m 
> [22m[2mFeature: admin-system-health-fixes, Property 1: HEAD Method Support for API 
Endpoints[2m > [22m[2mProperty: HEAD requests do not require authentication (Requirement 
1.3)[2m > [22m[2mshould bypass authentication check for HEAD requests
[22m[39m[ARCJET] WARNING: Running without Arcjet protection

[90mstderr[2m | tests/property/admin-system-health-fixes/head-method.property.test.ts[2m 
> [22m[2mFeature: admin-system-health-fixes, Property 1: HEAD Method Support for API 
Endpoints[2m > [22m[2mProperty: HEAD requests do not require authentication (Requirement 
1.3)[2m > [22m[2mshould bypass authentication check for HEAD requests
[22m[39m[ARCJET] WARNING: Running without Arcjet protection

[90mstderr[2m | tests/property/admin-system-health-fixes/head-method.property.test.ts[2m 
> [22m[2mFeature: admin-system-health-fixes, Property 1: HEAD Method Support for API 
Endpoints[2m > [22m[2mProperty: HEAD requests do not require authentication (Requirement 
1.3)[2m > [22m[2mshould bypass authentication check for HEAD requests
[22m[39m[ARCJET] WARNING: Running without Arcjet protection

[90mstderr[2m | tests/property/admin-system-health-fixes/head-method.property.test.ts[2m 
> [22m[2mFeature: admin-system-health-fixes, Property 1: HEAD Method Support for API 
Endpoints[2m > [22m[2mProperty: HEAD requests do not require authentication (Requirement 
1.3)[2m > [22m[2mshould bypass authentication check for HEAD requests
[22m[39m[ARCJET] WARNING: Running without Arcjet protection

[90mstderr[2m | tests/property/admin-system-health-fixes/head-method.property.test.ts[2m 
> [22m[2mFeature: admin-system-health-fixes, Property 1: HEAD Method Support for API 
Endpoints[2m > [22m[2mProperty: HEAD requests do not require authentication (Requirement 
1.3)[2m > [22m[2mshould bypass authentication check for HEAD requests
[22m[39m[ARCJET] WARNING: Running without Arcjet protection

[90mstderr[2m | tests/property/admin-system-health-fixes/head-method.property.test.ts[2m 
> [22m[2mFeature: admin-system-health-fixes, Property 1: HEAD Method Support for API 
Endpoints[2m > [22m[2mProperty: HEAD requests do not require authentication (Requirement 
1.3)[2m > [22m[2mshould bypass authentication check for HEAD requests
[22m[39m[ARCJET] WARNING: Running without Arcjet protection

[90mstderr[2m | tests/property/admin-system-health-fixes/head-method.property.test.ts[2m 
> [22m[2mFeature: admin-system-health-fixes, Property 1: HEAD Method Support for API 
Endpoints[2m > [22m[2mProperty: HEAD requests do not require authentication (Requirement 
1.3)[2m > [22m[2mshould bypass authentication check for HEAD requests
[22m[39m[ARCJET] WARNING: Running without Arcjet protection

[90mstderr[2m | tests/property/admin-system-health-fixes/head-method.property.test.ts[2m 
> [22m[2mFeature: admin-system-health-fixes, Property 1: HEAD Method Support for API 
Endpoints[2m > [22m[2mProperty: HEAD requests do not require authentication (Requirement 
1.3)[2m > [22m[2mshould bypass authentication check for HEAD requests
[22m[39m[ARCJET] WARNING: Running without Arcjet protection

[90mstderr[2m | tests/property/admin-system-health-fixes/head-method.property.test.ts[2m 
> [22m[2mFeature: admin-system-health-fixes, Property 1: HEAD Method Support for API 
Endpoints[2m > [22m[2mProperty: HEAD requests do not require authentication (Requirement 
1.3)[2m > [22m[2mshould bypass authentication check for HEAD requests
[22m[39m[ARCJET] WARNING: Running without Arcjet protection

[90mstderr[2m | tests/property/admin-system-health-fixes/head-method.property.test.ts[2m 
> [22m[2mFeature: admin-system-health-fixes, Property 1: HEAD Method Support for API 
Endpoints[2m > [22m[2mProperty: HEAD requests do not require authentication (Requirement 
1.3)[2m > [22m[2mshould bypass authentication check for HEAD requests
[22m[39m[ARCJET] WARNING: Running without Arcjet protection

[90mstderr[2m | tests/property/admin-system-health-fixes/head-method.property.test.ts[2m 
> [22m[2mFeature: admin-system-health-fixes, Property 1: HEAD Method Support for API 
Endpoints[2m > [22m[2mProperty: HEAD requests do not require authentication (Requirement 
1.3)[2m > [22m[2mshould bypass authentication check for HEAD requests
[22m[39m[ARCJET] WARNING: Running without Arcjet protection

[90mstderr[2m | tests/property/admin-system-health-fixes/head-method.property.test.ts[2m 
> [22m[2mFeature: admin-system-health-fixes, Property 1: HEAD Method Support for API 
Endpoints[2m > [22m[2mProperty: HEAD requests do not require authentication (Requirement 
1.3)[2m > [22m[2mshould bypass authentication check for HEAD requests
[22m[39m[ARCJET] WARNING: Running without Arcjet protection

[90mstderr[2m | tests/property/admin-system-health-fixes/head-method.property.test.ts[2m 
> [22m[2mFeature: admin-system-health-fixes, Property 1: HEAD Method Support for API 
Endpoints[2m > [22m[2mProperty: HEAD requests do not require authentication (Requirement 
1.3)[2m > [22m[2mshould bypass authentication check for HEAD requests
[22m[39m[ARCJET] WARNING: Running without Arcjet protection

[90mstderr[2m | tests/property/admin-system-health-fixes/head-method.property.test.ts[2m 
> [22m[2mFeature: admin-system-health-fixes, Property 1: HEAD Method Support for API 
Endpoints[2m > [22m[2mProperty: HEAD requests do not require authentication (Requirement 
1.3)[2m > [22m[2mshould bypass authentication check for HEAD requests
[22m[39m[ARCJET] WARNING: Running without Arcjet protection

[90mstderr[2m | tests/property/admin-system-health-fixes/head-method.property.test.ts[2m 
> [22m[2mFeature: admin-system-health-fixes, Property 1: HEAD Method Support for API 
Endpoints[2m > [22m[2mProperty: HEAD requests do not require authentication (Requirement 
1.3)[2m > [22m[2mshould bypass authentication check for HEAD requests
[22m[39m[ARCJET] WARNING: Running without Arcjet protection

[90mstderr[2m | tests/property/admin-system-health-fixes/head-method.property.test.ts[2m 
> [22m[2mFeature: admin-system-health-fixes, Property 1: HEAD Method Support for API 
Endpoints[2m > [22m[2mProperty: HEAD requests do not require authentication (Requirement 
1.3)[2m > [22m[2mshould bypass authentication check for HEAD requests
[22m[39m[ARCJET] WARNING: Running without Arcjet protection

[90mstderr[2m | tests/property/admin-system-health-fixes/head-method.property.test.ts[2m 
> [22m[2mFeature: admin-system-health-fixes, Property 1: HEAD Method Support for API 
Endpoints[2m > [22m[2mProperty: HEAD requests do not require authentication (Requirement 
1.3)[2m > [22m[2mshould bypass authentication check for HEAD requests
[22m[39m[ARCJET] WARNING: Running without Arcjet protection

[90mstderr[2m | tests/property/admin-system-health-fixes/head-method.property.test.ts[2m 
> [22m[2mFeature: admin-system-health-fixes, Property 1: HEAD Method Support for API 
Endpoints[2m > [22m[2mProperty: HEAD requests do not require authentication (Requirement 
1.3)[2m > [22m[2mshould bypass authentication check for HEAD requests
[22m[39m[ARCJET] WARNING: Running without Arcjet protection

[90mstderr[2m | tests/property/admin-system-health-fixes/head-method.property.test.ts[2m 
> [22m[2mFeature: admin-system-health-fixes, Property 1: HEAD Method Support for API 
Endpoints[2m > [22m[2mProperty: HEAD requests do not require authentication (Requirement 
1.3)[2m > [22m[2mshould bypass authentication check for HEAD requests
[22m[39m[ARCJET] WARNING: Running without Arcjet protection

[90mstderr[2m | tests/property/admin-system-health-fixes/head-method.property.test.ts[2m 
> [22m[2mFeature: admin-system-health-fixes, Property 1: HEAD Method Support for API 
Endpoints[2m > [22m[2mProperty: HEAD requests do not require authentication (Requirement 
1.3)[2m > [22m[2mshould bypass authentication check for HEAD requests
[22m[39m[ARCJET] WARNING: Running without Arcjet protection

[90mstderr[2m | tests/property/admin-system-health-fixes/head-method.property.test.ts[2m 
> [22m[2mFeature: admin-system-health-fixes, Property 1: HEAD Method Support for API 
Endpoints[2m > [22m[2mProperty: HEAD requests do not require authentication (Requirement 
1.3)[2m > [22m[2mshould bypass authentication check for HEAD requests
[22m[39m[ARCJET] WARNING: Running without Arcjet protection

[90mstderr[2m | tests/property/admin-system-health-fixes/head-method.property.test.ts[2m 
> [22m[2mFeature: admin-system-health-fixes, Property 1: HEAD Method Support for API 
Endpoints[2m > [22m[2mProperty: HEAD requests do not require authentication (Requirement 
1.3)[2m > [22m[2mshould bypass authentication check for HEAD requests
[22m[39m[ARCJET] WARNING: Running without Arcjet protection

[90mstderr[2m | tests/property/admin-system-health-fixes/head-method.property.test.ts[2m 
> [22m[2mFeature: admin-system-health-fixes, Property 1: HEAD Method Support for API 
Endpoints[2m > [22m[2mProperty: HEAD requests do not require authentication (Requirement 
1.3)[2m > [22m[2mshould bypass authentication check for HEAD requests
[22m[39m[ARCJET] WARNING: Running without Arcjet protection

[90mstderr[2m | tests/property/admin-system-health-fixes/head-method.property.test.ts[2m 
> [22m[2mFeature: admin-system-health-fixes, Property 1: HEAD Method Support for API 
Endpoints[2m > [22m[2mProperty: HEAD requests do not require authentication (Requirement 
1.3)[2m > [22m[2mshould bypass authentication check for HEAD requests
[22m[39m[ARCJET] WARNING: Running without Arcjet protection

[90mstderr[2m | tests/property/admin-system-health-fixes/head-method.property.test.ts[2m 
> [22m[2mFeature: admin-system-health-fixes, Property 1: HEAD Method Support for API 
Endpoints[2m > [22m[2mProperty: HEAD requests do not require authentication (Requirement 
1.3)[2m > [22m[2mshould bypass authentication check for HEAD requests
[22m[39m[ARCJET] WARNING: Running without Arcjet protection

[90mstderr[2m | tests/property/admin-system-health-fixes/head-method.property.test.ts[2m 
> [22m[2mFeature: admin-system-health-fixes, Property 1: HEAD Method Support for API 
Endpoints[2m > [22m[2mProperty: HEAD requests do not require authentication (Requirement 
1.3)[2m > [22m[2mshould bypass authentication check for HEAD requests
[22m[39m[ARCJET] WARNING: Running without Arcjet protection

[90mstderr[2m | tests/property/admin-system-health-fixes/head-method.property.test.ts[2m 
> [22m[2mFeature: admin-system-health-fixes, Property 1: HEAD Method Support for API 
Endpoints[2m > [22m[2mProperty: HEAD requests do not require authentication (Requirement 
1.3)[2m > [22m[2mshould bypass authentication check for HEAD requests
[22m[39m[ARCJET] WARNING: Running without Arcjet protection

[90mstderr[2m | tests/property/admin-system-health-fixes/head-method.property.test.ts[2m 
> [22m[2mFeature: admin-system-health-fixes, Property 1: HEAD Method Support for API 
Endpoints[2m > [22m[2mProperty: HEAD requests do not require authentication (Requirement 
1.3)[2m > [22m[2mshould bypass authentication check for HEAD requests
[22m[39m[ARCJET] WARNING: Running without Arcjet protection

[90mstderr[2m | tests/property/admin-system-health-fixes/head-method.property.test.ts[2m 
> [22m[2mFeature: admin-system-health-fixes, Property 1: HEAD Method Support for API 
Endpoints[2m > [22m[2mProperty: HEAD requests do not require authentication (Requirement 
1.3)[2m > [22m[2mshould bypass authentication check for HEAD requests
[22m[39m[ARCJET] WARNING: Running without Arcjet protection

[90mstderr[2m | tests/property/admin-system-health-fixes/head-method.property.test.ts[2m 
> [22m[2mFeature: admin-system-health-fixes, Property 1: HEAD Method Support for API 
Endpoints[2m > [22m[2mProperty: HEAD requests do not require authentication (Requirement 
1.3)[2m > [22m[2mshould bypass authentication check for HEAD requests
[22m[39m[ARCJET] WARNING: Running without Arcjet protection

[90mstderr[2m | tests/property/admin-system-health-fixes/head-method.property.test.ts[2m 
> [22m[2mFeature: admin-system-health-fixes, Property 1: HEAD Method Support for API 
Endpoints[2m > [22m[2mProperty: HEAD requests do not require authentication (Requirement 
1.3)[2m > [22m[2mshould bypass authentication check for HEAD requests
[22m[39m[ARCJET] WARNING: Running without Arcjet protection

[90mstderr[2m | tests/property/admin-system-health-fixes/head-method.property.test.ts[2m 
> [22m[2mFeature: admin-system-health-fixes, Property 1: HEAD Method Support for API 
Endpoints[2m > [22m[2mProperty: HEAD requests do not require authentication (Requirement 
1.3)[2m > [22m[2mshould bypass authentication check for HEAD requests
[22m[39m[ARCJET] WARNING: Running without Arcjet protection

[90mstderr[2m | tests/property/admin-system-health-fixes/head-method.property.test.ts[2m 
> [22m[2mFeature: admin-system-health-fixes, Property 1: HEAD Method Support for API 
Endpoints[2m > [22m[2mProperty: HEAD requests do not require authentication (Requirement 
1.3)[2m > [22m[2mshould bypass authentication check for HEAD requests
[22m[39m[ARCJET] WARNING: Running without Arcjet protection

[90mstderr[2m | tests/property/admin-system-health-fixes/head-method.property.test.ts[2m 
> [22m[2mFeature: admin-system-health-fixes, Property 1: HEAD Method Support for API 
Endpoints[2m > [22m[2mProperty: HEAD requests do not require authentication (Requirement 
1.3)[2m > [22m[2mshould bypass authentication check for HEAD requests
[22m[39m[ARCJET] WARNING: Running without Arcjet protection

[90mstderr[2m | tests/property/admin-system-health-fixes/head-method.property.test.ts[2m 
> [22m[2mFeature: admin-system-health-fixes, Property 1: HEAD Method Support for API 
Endpoints[2m > [22m[2mProperty: HEAD requests do not require authentication (Requirement 
1.3)[2m > [22m[2mshould bypass authentication check for HEAD requests
[22m[39m[ARCJET] WARNING: Running without Arcjet protection

[90mstderr[2m | tests/property/admin-system-health-fixes/head-method.property.test.ts[2m 
> [22m[2mFeature: admin-system-health-fixes, Property 1: HEAD Method Support for API 
Endpoints[2m > [22m[2mProperty: HEAD requests do not require authentication (Requirement 
1.3)[2m > [22m[2mshould bypass authentication check for HEAD requests
[22m[39m[ARCJET] WARNING: Running without Arcjet protection

[90mstderr[2m | tests/property/admin-system-health-fixes/head-method.property.test.ts[2m 
> [22m[2mFeature: admin-system-health-fixes, Property 1: HEAD Method Support for API 
Endpoints[2m > [22m[2mProperty: HEAD requests do not require authentication (Requirement 
1.3)[2m > [22m[2mshould bypass authentication check for HEAD requests
[22m[39m[ARCJET] WARNING: Running without Arcjet protection

[90mstderr[2m | tests/property/admin-system-health-fixes/head-method.property.test.ts[2m 
> [22m[2mFeature: admin-system-health-fixes, Property 1: HEAD Method Support for API 
Endpoints[2m > [22m[2mProperty: HEAD requests do not require authentication (Requirement 
1.3)[2m > [22m[2mshould bypass authentication check for HEAD requests
[22m[39m[ARCJET] WARNING: Running without Arcjet protection

[90mstderr[2m | tests/property/admin-system-health-fixes/head-method.property.test.ts[2m 
> [22m[2mFeature: admin-system-health-fixes, Property 1: HEAD Method Support for API 
Endpoints[2m > [22m[2mProperty: HEAD requests do not require authentication (Requirement 
1.3)[2m > [22m[2mshould bypass authentication check for HEAD requests
[22m[39m[ARCJET] WARNING: Running without Arcjet protection

[90mstderr[2m | tests/property/admin-system-health-fixes/head-method.property.test.ts[2m 
> [22m[2mFeature: admin-system-health-fixes, Property 1: HEAD Method Support for API 
Endpoints[2m > [22m[2mProperty: HEAD requests are handled before other logic[2m > 
[22m[2mshould handle HEAD before checking query parameters
[22m[39m[ARCJET] WARNING: Running without Arcjet protection

[90mstderr[2m | tests/property/admin-system-health-fixes/head-method.property.test.ts[2m 
> [22m[2mFeature: admin-system-health-fixes, Property 1: HEAD Method Support for API 
Endpoints[2m > [22m[2mProperty: HEAD requests are handled before other logic[2m > 
[22m[2mshould handle HEAD before checking query parameters
[22m[39m[ARCJET] WARNING: Running without Arcjet protection

[90mstderr[2m | tests/property/admin-system-health-fixes/head-method.property.test.ts[2m 
> [22m[2mFeature: admin-system-health-fixes, Property 1: HEAD Method Support for API 
Endpoints[2m > [22m[2mProperty: HEAD requests are handled before other logic[2m > 
[22m[2mshould handle HEAD before checking query parameters
[22m[39m[ARCJET] WARNING: Running without Arcjet protection

[90mstderr[2m | tests/property/admin-system-health-fixes/head-method.property.test.ts[2m 
> [22m[2mFeature: admin-system-health-fixes, Property 1: HEAD Method Support for API 
Endpoints[2m > [22m[2mProperty: HEAD requests are handled before other logic[2m > 
[22m[2mshould handle HEAD before checking query parameters
[22m[39m[ARCJET] WARNING: Running without Arcjet protection

[90mstderr[2m | tests/property/admin-system-health-fixes/head-method.property.test.ts[2m 
> [22m[2mFeature: admin-system-health-fixes, Property 1: HEAD Method Support for API 
Endpoints[2m > [22m[2mProperty: HEAD requests are handled before other logic[2m > 
[22m[2mshould handle HEAD before checking query parameters
[22m[39m[ARCJET] WARNING: Running without Arcjet protection

[90mstderr[2m | tests/property/admin-system-health-fixes/head-method.property.test.ts[2m 
> [22m[2mFeature: admin-system-health-fixes, Property 1: HEAD Method Support for API 
Endpoints[2m > [22m[2mProperty: HEAD requests are handled before other logic[2m > 
[22m[2mshould handle HEAD before checking query parameters
[22m[39m[ARCJET] WARNING: Running without Arcjet protection

[90mstderr[2m | tests/property/admin-system-health-fixes/head-method.property.test.ts[2m 
> [22m[2mFeature: admin-system-health-fixes, Property 1: HEAD Method Support for API 
Endpoints[2m > [22m[2mProperty: HEAD requests are handled before other logic[2m > 
[22m[2mshould handle HEAD before checking query parameters
[22m[39m[ARCJET] WARNING: Running without Arcjet protection

[90mstderr[2m | tests/property/admin-system-health-fixes/head-method.property.test.ts[2m 
> [22m[2mFeature: admin-system-health-fixes, Property 1: HEAD Method Support for API 
Endpoints[2m > [22m[2mProperty: HEAD requests are handled before other logic[2m > 
[22m[2mshould handle HEAD before checking query parameters
[22m[39m[ARCJET] WARNING: Running without Arcjet protection

[90mstderr[2m | tests/property/admin-system-health-fixes/head-method.property.test.ts[2m 
> [22m[2mFeature: admin-system-health-fixes, Property 1: HEAD Method Support for API 
Endpoints[2m > [22m[2mProperty: HEAD requests are handled before other logic[2m > 
[22m[2mshould handle HEAD before checking query parameters
[22m[39m[ARCJET] WARNING: Running without Arcjet protection

[90mstderr[2m | tests/property/admin-system-health-fixes/head-method.property.test.ts[2m 
> [22m[2mFeature: admin-system-health-fixes, Property 1: HEAD Method Support for API 
Endpoints[2m > [22m[2mProperty: HEAD requests are handled before other logic[2m > 
[22m[2mshould handle HEAD before checking query parameters
[22m[39m[ARCJET] WARNING: Running without Arcjet protection

[90mstderr[2m | tests/property/admin-system-health-fixes/head-method.property.test.ts[2m 
> [22m[2mFeature: admin-system-health-fixes, Property 1: HEAD Method Support for API 
Endpoints[2m > [22m[2mProperty: HEAD requests are handled before other logic[2m > 
[22m[2mshould handle HEAD before checking query parameters
[22m[39m[ARCJET] WARNING: Running without Arcjet protection

[90mstderr[2m | tests/property/admin-system-health-fixes/head-method.property.test.ts[2m 
> [22m[2mFeature: admin-system-health-fixes, Property 1: HEAD Method Support for API 
Endpoints[2m > [22m[2mProperty: HEAD requests are handled before other logic[2m > 
[22m[2mshould handle HEAD before checking query parameters
[22m[39m[ARCJET] WARNING: Running without Arcjet protection

[90mstderr[2m | tests/property/admin-system-health-fixes/head-method.property.test.ts[2m 
> [22m[2mFeature: admin-system-health-fixes, Property 1: HEAD Method Support for API 
Endpoints[2m > [22m[2mProperty: HEAD requests are handled before other logic[2m > 
[22m[2mshould handle HEAD before checking query parameters
[22m[39m[ARCJET] WARNING: Running without Arcjet protection

[90mstderr[2m | tests/property/admin-system-health-fixes/head-method.property.test.ts[2m 
> [22m[2mFeature: admin-system-health-fixes, Property 1: HEAD Method Support for API 
Endpoints[2m > [22m[2mProperty: HEAD requests are handled before other logic[2m > 
[22m[2mshould handle HEAD before checking query parameters
[22m[39m[ARCJET] WARNING: Running without Arcjet protection

[90mstderr[2m | tests/property/admin-system-health-fixes/head-method.property.test.ts[2m 
> [22m[2mFeature: admin-system-health-fixes, Property 1: HEAD Method Support for API 
Endpoints[2m > [22m[2mProperty: HEAD requests are handled before other logic[2m > 
[22m[2mshould handle HEAD before checking query parameters
[22m[39m[ARCJET] WARNING: Running without Arcjet protection

[90mstderr[2m | tests/property/admin-system-health-fixes/head-method.property.test.ts[2m 
> [22m[2mFeature: admin-system-health-fixes, Property 1: HEAD Method Support for API 
Endpoints[2m > [22m[2mProperty: HEAD requests are handled before other logic[2m > 
[22m[2mshould handle HEAD before checking query parameters
[22m[39m[ARCJET] WARNING: Running without Arcjet protection

[90mstderr[2m | tests/property/admin-system-health-fixes/head-method.property.test.ts[2m 
> [22m[2mFeature: admin-system-health-fixes, Property 1: HEAD Method Support for API 
Endpoints[2m > [22m[2mProperty: HEAD requests are handled before other logic[2m > 
[22m[2mshould handle HEAD before checking query parameters
[22m[39m[ARCJET] WARNING: Running without Arcjet protection

[90mstderr[2m | tests/property/admin-system-health-fixes/head-method.property.test.ts[2m 
> [22m[2mFeature: admin-system-health-fixes, Property 1: HEAD Method Support for API 
Endpoints[2m > [22m[2mProperty: HEAD requests are handled before other logic[2m > 
[22m[2mshould handle HEAD before checking query parameters
[22m[39m[ARCJET] WARNING: Running without Arcjet protection

[90mstderr[2m | tests/property/admin-system-health-fixes/head-method.property.test.ts[2m 
> [22m[2mFeature: admin-system-health-fixes, Property 1: HEAD Method Support for API 
Endpoints[2m > [22m[2mProperty: HEAD requests are handled before other logic[2m > 
[22m[2mshould handle HEAD before checking query parameters
[22m[39m[ARCJET] WARNING: Running without Arcjet protection

[90mstderr[2m | tests/property/admin-system-health-fixes/head-method.property.test.ts[2m 
> [22m[2mFeature: admin-system-health-fixes, Property 1: HEAD Method Support for API 
Endpoints[2m > [22m[2mProperty: HEAD requests are handled before other logic[2m > 
[22m[2mshould handle HEAD before checking query parameters
[22m[39m[ARCJET] WARNING: Running without Arcjet protection

[90mstderr[2m | tests/property/admin-system-health-fixes/head-method.property.test.ts[2m 
> [22m[2mFeature: admin-system-health-fixes, Property 1: HEAD Method Support for API 
Endpoints[2m > [22m[2mProperty: HEAD requests are handled before other logic[2m > 
[22m[2mshould handle HEAD before checking query parameters
[22m[39m[ARCJET] WARNING: Running without Arcjet protection

[90mstderr[2m | tests/property/admin-system-health-fixes/head-method.property.test.ts[2m 
> [22m[2mFeature: admin-system-health-fixes, Property 1: HEAD Method Support for API 
Endpoints[2m > [22m[2mProperty: HEAD requests are handled before other logic[2m > 
[22m[2mshould handle HEAD before checking query parameters
[22m[39m[ARCJET] WARNING: Running without Arcjet protection

[90mstderr[2m | tests/property/admin-system-health-fixes/head-method.property.test.ts[2m 
> [22m[2mFeature: admin-system-health-fixes, Property 1: HEAD Method Support for API 
Endpoints[2m > [22m[2mProperty: HEAD requests are handled before other logic[2m > 
[22m[2mshould handle HEAD before checking query parameters
[22m[39m[ARCJET] WARNING: Running without Arcjet protection

[90mstderr[2m | tests/property/admin-system-health-fixes/head-method.property.test.ts[2m 
> [22m[2mFeature: admin-system-health-fixes, Property 1: HEAD Method Support for API 
Endpoints[2m > [22m[2mProperty: HEAD requests are handled before other logic[2m > 
[22m[2mshould handle HEAD before checking query parameters
[22m[39m[ARCJET] WARNING: Running without Arcjet protection

[90mstderr[2m | tests/property/admin-system-health-fixes/head-method.property.test.ts[2m 
> [22m[2mFeature: admin-system-health-fixes, Property 1: HEAD Method Support for API 
Endpoints[2m > [22m[2mProperty: HEAD requests are handled before other logic[2m > 
[22m[2mshould handle HEAD before checking query parameters
[22m[39m[ARCJET] WARNING: Running without Arcjet protection

[90mstderr[2m | tests/property/admin-system-health-fixes/head-method.property.test.ts[2m 
> [22m[2mFeature: admin-system-health-fixes, Property 1: HEAD Method Support for API 
Endpoints[2m > [22m[2mProperty: HEAD requests are handled before other logic[2m > 
[22m[2mshould handle HEAD before checking query parameters
[22m[39m[ARCJET] WARNING: Running without Arcjet protection

[90mstderr[2m | tests/property/admin-system-health-fixes/head-method.property.test.ts[2m 
> [22m[2mFeature: admin-system-health-fixes, Property 1: HEAD Method Support for API 
Endpoints[2m > [22m[2mProperty: HEAD requests are handled before other logic[2m > 
[22m[2mshould handle HEAD before checking query parameters
[22m[39m[ARCJET] WARNING: Running without Arcjet protection

[90mstderr[2m | tests/property/admin-system-health-fixes/head-method.property.test.ts[2m 
> [22m[2mFeature: admin-system-health-fixes, Property 1: HEAD Method Support for API 
Endpoints[2m > [22m[2mProperty: HEAD requests are handled before other logic[2m > 
[22m[2mshould handle HEAD before checking query parameters
[22m[39m[ARCJET] WARNING: Running without Arcjet protection

[90mstderr[2m | tests/property/admin-system-health-fixes/head-method.property.test.ts[2m 
> [22m[2mFeature: admin-system-health-fixes, Property 1: HEAD Method Support for API 
Endpoints[2m > [22m[2mProperty: HEAD requests are handled before other logic[2m > 
[22m[2mshould handle HEAD before checking query parameters
[22m[39m[ARCJET] WARNING: Running without Arcjet protection

[90mstderr[2m | tests/property/admin-system-health-fixes/head-method.property.test.ts[2m 
> [22m[2mFeature: admin-system-health-fixes, Property 1: HEAD Method Support for API 
Endpoints[2m > [22m[2mProperty: HEAD requests are handled before other logic[2m > 
[22m[2mshould handle HEAD before checking query parameters
[22m[39m[ARCJET] WARNING: Running without Arcjet protection

[90mstderr[2m | tests/property/admin-system-health-fixes/head-method.property.test.ts[2m 
> [22m[2mFeature: admin-system-health-fixes, Property 1: HEAD Method Support for API 
Endpoints[2m > [22m[2mProperty: HEAD requests are handled before other logic[2m > 
[22m[2mshould handle HEAD before checking query parameters
[22m[39m[ARCJET] WARNING: Running without Arcjet protection

[90mstderr[2m | tests/property/admin-system-health-fixes/head-method.property.test.ts[2m 
> [22m[2mFeature: admin-system-health-fixes, Property 1: HEAD Method Support for API 
Endpoints[2m > [22m[2mProperty: HEAD requests are handled before other logic[2m > 
[22m[2mshould handle HEAD before checking query parameters
[22m[39m[ARCJET] WARNING: Running without Arcjet protection

[90mstderr[2m | tests/property/admin-system-health-fixes/head-method.property.test.ts[2m 
> [22m[2mFeature: admin-system-health-fixes, Property 1: HEAD Method Support for API 
Endpoints[2m > [22m[2mProperty: HEAD requests are handled before other logic[2m > 
[22m[2mshould handle HEAD before checking query parameters
[22m[39m[ARCJET] WARNING: Running without Arcjet protection

[90mstderr[2m | tests/property/admin-system-health-fixes/head-method.property.test.ts[2m 
> [22m[2mFeature: admin-system-health-fixes, Property 1: HEAD Method Support for API 
Endpoints[2m > [22m[2mProperty: HEAD requests are handled before other logic[2m > 
[22m[2mshould handle HEAD before checking query parameters
[22m[39m[ARCJET] WARNING: Running without Arcjet protection

[90mstderr[2m | tests/property/admin-system-health-fixes/head-method.property.test.ts[2m 
> [22m[2mFeature: admin-system-health-fixes, Property 1: HEAD Method Support for API 
Endpoints[2m > [22m[2mProperty: HEAD requests are handled before other logic[2m > 
[22m[2mshould handle HEAD before checking query parameters
[22m[39m[ARCJET] WARNING: Running without Arcjet protection

[90mstderr[2m | tests/property/admin-system-health-fixes/head-method.property.test.ts[2m 
> [22m[2mFeature: admin-system-health-fixes, Property 1: HEAD Method Support for API 
Endpoints[2m > [22m[2mProperty: HEAD requests are handled before other logic[2m > 
[22m[2mshould handle HEAD before checking query parameters
[22m[39m[ARCJET] WARNING: Running without Arcjet protection

[90mstderr[2m | tests/property/admin-system-health-fixes/head-method.property.test.ts[2m 
> [22m[2mFeature: admin-system-health-fixes, Property 1: HEAD Method Support for API 
Endpoints[2m > [22m[2mProperty: HEAD requests are handled before other logic[2m > 
[22m[2mshould handle HEAD before checking query parameters
[22m[39m[ARCJET] WARNING: Running without Arcjet protection

[90mstderr[2m | tests/property/admin-system-health-fixes/head-method.property.test.ts[2m 
> [22m[2mFeature: admin-system-health-fixes, Property 1: HEAD Method Support for API 
Endpoints[2m > [22m[2mProperty: HEAD requests are handled before other logic[2m > 
[22m[2mshould handle HEAD before checking query parameters
[22m[39m[ARCJET] WARNING: Running without Arcjet protection

[90mstderr[2m | tests/property/admin-system-health-fixes/head-method.property.test.ts[2m 
> [22m[2mFeature: admin-system-health-fixes, Property 1: HEAD Method Support for API 
Endpoints[2m > [22m[2mProperty: HEAD requests are handled before other logic[2m > 
[22m[2mshould handle HEAD before checking query parameters
[22m[39m[ARCJET] WARNING: Running without Arcjet protection

[90mstderr[2m | tests/property/admin-system-health-fixes/head-method.property.test.ts[2m 
> [22m[2mFeature: admin-system-health-fixes, Property 1: HEAD Method Support for API 
Endpoints[2m > [22m[2mProperty: HEAD requests are handled before other logic[2m > 
[22m[2mshould handle HEAD before checking query parameters
[22m[39m[ARCJET] WARNING: Running without Arcjet protection

[90mstderr[2m | tests/property/admin-system-health-fixes/head-method.property.test.ts[2m 
> [22m[2mFeature: admin-system-health-fixes, Property 1: HEAD Method Support for API 
Endpoints[2m > [22m[2mProperty: HEAD requests are handled before other logic[2m > 
[22m[2mshould handle HEAD before checking query parameters
[22m[39m[ARCJET] WARNING: Running without Arcjet protection

[90mstderr[2m | tests/property/admin-system-health-fixes/head-method.property.test.ts[2m 
> [22m[2mFeature: admin-system-health-fixes, Property 1: HEAD Method Support for API 
Endpoints[2m > [22m[2mProperty: HEAD requests are handled before other logic[2m > 
[22m[2mshould handle HEAD before checking query parameters
[22m[39m[ARCJET] WARNING: Running without Arcjet protection

[90mstderr[2m | tests/property/admin-system-health-fixes/head-method.property.test.ts[2m 
> [22m[2mFeature: admin-system-health-fixes, Property 1: HEAD Method Support for API 
Endpoints[2m > [22m[2mProperty: HEAD requests are handled before other logic[2m > 
[22m[2mshould handle HEAD before checking query parameters
[22m[39m[ARCJET] WARNING: Running without Arcjet protection

[90mstderr[2m | tests/property/admin-system-health-fixes/head-method.property.test.ts[2m 
> [22m[2mFeature: admin-system-health-fixes, Property 1: HEAD Method Support for API 
Endpoints[2m > [22m[2mProperty: HEAD requests are handled before other logic[2m > 
[22m[2mshould handle HEAD before checking query parameters
[22m[39m[ARCJET] WARNING: Running without Arcjet protection

[90mstderr[2m | tests/property/admin-system-health-fixes/head-method.property.test.ts[2m 
> [22m[2mFeature: admin-system-health-fixes, Property 1: HEAD Method Support for API 
Endpoints[2m > [22m[2mProperty: HEAD requests are handled before other logic[2m > 
[22m[2mshould handle HEAD before checking query parameters
[22m[39m[ARCJET] WARNING: Running without Arcjet protection

[90mstderr[2m | tests/property/admin-system-health-fixes/head-method.property.test.ts[2m 
> [22m[2mFeature: admin-system-health-fixes, Property 1: HEAD Method Support for API 
Endpoints[2m > [22m[2mProperty: HEAD requests are handled before other logic[2m > 
[22m[2mshould handle HEAD before checking query parameters
[22m[39m[ARCJET] WARNING: Running without Arcjet protection

[90mstderr[2m | tests/property/admin-system-health-fixes/head-method.property.test.ts[2m 
> [22m[2mFeature: admin-system-health-fixes, Property 1: HEAD Method Support for API 
Endpoints[2m > [22m[2mProperty: HEAD requests are handled before other logic[2m > 
[22m[2mshould handle HEAD before checking query parameters
[22m[39m[ARCJET] WARNING: Running without Arcjet protection

[90mstderr[2m | tests/property/admin-system-health-fixes/head-method.property.test.ts[2m 
> [22m[2mFeature: admin-system-health-fixes, Property 1: HEAD Method Support for API 
Endpoints[2m > [22m[2mProperty: HEAD requests are handled before other logic[2m > 
[22m[2mshould handle HEAD before checking query parameters
[22m[39m[ARCJET] WARNING: Running without Arcjet protection

[90mstderr[2m | tests/property/admin-system-health-fixes/head-method.property.test.ts[2m 
> [22m[2mFeature: admin-system-health-fixes, Property 1: HEAD Method Support for API 
Endpoints[2m > [22m[2mProperty: HEAD requests are handled before other logic[2m > 
[22m[2mshould handle HEAD before checking query parameters
[22m[39m[ARCJET] WARNING: Running without Arcjet protection

[90mstderr[2m | tests/property/admin-system-health-fixes/head-method.property.test.ts[2m 
> [22m[2mFeature: admin-system-health-fixes, Property 1: HEAD Method Support for API 
Endpoints[2m > [22m[2mProperty: HEAD requests are handled before other logic[2m > 
[22m[2mshould handle HEAD before checking query parameters
[22m[39m[ARCJET] WARNING: Running without Arcjet protection

[90mstderr[2m | tests/property/admin-system-health-fixes/head-method.property.test.ts[2m 
> [22m[2mFeature: admin-system-health-fixes, Property 1: HEAD Method Support for API 
Endpoints[2m > [22m[2mProperty: HEAD requests are handled before other logic[2m > 
[22m[2mshould handle HEAD before checking query parameters
[22m[39m[ARCJET] WARNING: Running without Arcjet protection

[90mstderr[2m | tests/property/admin-system-health-fixes/head-method.property.test.ts[2m 
> [22m[2mFeature: admin-system-health-fixes, Property 1: HEAD Method Support for API 
Endpoints[2m > [22m[2mProperty: HEAD requests are handled before other logic[2m > 
[22m[2mshould handle HEAD before checking query parameters
[22m[39m[ARCJET] WARNING: Running without Arcjet protection

[90mstderr[2m | tests/property/admin-system-health-fixes/head-method.property.test.ts[2m 
> [22m[2mFeature: admin-system-health-fixes, Property 1: HEAD Method Support for API 
Endpoints[2m > [22m[2mProperty: HEAD requests are handled before other logic[2m > 
[22m[2mshould handle HEAD before checking query parameters
[22m[39m[ARCJET] WARNING: Running without Arcjet protection

[90mstderr[2m | tests/property/admin-system-health-fixes/head-method.property.test.ts[2m 
> [22m[2mFeature: admin-system-health-fixes, Property 1: HEAD Method Support for API 
Endpoints[2m > [22m[2mProperty: HEAD requests are handled before other logic[2m > 
[22m[2mshould handle HEAD before checking query parameters
[22m[39m[ARCJET] WARNING: Running without Arcjet protection

[90mstderr[2m | tests/property/admin-system-health-fixes/head-method.property.test.ts[2m 
> [22m[2mFeature: admin-system-health-fixes, Property 1: HEAD Method Support for API 
Endpoints[2m > [22m[2mProperty: HEAD requests are handled before other logic[2m > 
[22m[2mshould handle HEAD before checking query parameters
[22m[39m[ARCJET] WARNING: Running without Arcjet protection

[90mstderr[2m | tests/property/admin-system-health-fixes/head-method.property.test.ts[2m 
> [22m[2mFeature: admin-system-health-fixes, Property 1: HEAD Method Support for API 
Endpoints[2m > [22m[2mProperty: HEAD requests are handled before other logic[2m > 
[22m[2mshould handle HEAD before checking query parameters
[22m[39m[ARCJET] WARNING: Running without Arcjet protection

[90mstderr[2m | tests/property/admin-system-health-fixes/head-method.property.test.ts[2m 
> [22m[2mFeature: admin-system-health-fixes, Property 1: HEAD Method Support for API 
Endpoints[2m > [22m[2mProperty: HEAD requests are handled before other logic[2m > 
[22m[2mshould handle HEAD before checking query parameters
[22m[39m[ARCJET] WARNING: Running without Arcjet protection

[90mstderr[2m | tests/property/admin-system-health-fixes/head-method.property.test.ts[2m 
> [22m[2mFeature: admin-system-health-fixes, Property 1: HEAD Method Support for API 
Endpoints[2m > [22m[2mProperty: HEAD requests are handled before other logic[2m > 
[22m[2mshould handle HEAD before checking query parameters
[22m[39m[ARCJET] WARNING: Running without Arcjet protection

[90mstderr[2m | tests/property/admin-system-health-fixes/head-method.property.test.ts[2m 
> [22m[2mFeature: admin-system-health-fixes, Property 1: HEAD Method Support for API 
Endpoints[2m > [22m[2mProperty: HEAD requests are handled before other logic[2m > 
[22m[2mshould handle HEAD before checking query parameters
[22m[39m[ARCJET] WARNING: Running without Arcjet protection

[90mstderr[2m | tests/property/admin-system-health-fixes/head-method.property.test.ts[2m 
> [22m[2mFeature: admin-system-health-fixes, Property 1: HEAD Method Support for API 
Endpoints[2m > [22m[2mProperty: HEAD requests are handled before other logic[2m > 
[22m[2mshould handle HEAD before checking query parameters
[22m[39m[ARCJET] WARNING: Running without Arcjet protection

[90mstderr[2m | tests/property/admin-system-health-fixes/head-method.property.test.ts[2m 
> [22m[2mFeature: admin-system-health-fixes, Property 1: HEAD Method Support for API 
Endpoints[2m > [22m[2mProperty: HEAD requests are handled before other logic[2m > 
[22m[2mshould handle HEAD before checking query parameters
[22m[39m[ARCJET] WARNING: Running without Arcjet protection

[90mstderr[2m | tests/property/admin-system-health-fixes/head-method.property.test.ts[2m 
> [22m[2mFeature: admin-system-health-fixes, Property 1: HEAD Method Support for API 
Endpoints[2m > [22m[2mProperty: HEAD requests are handled before other logic[2m > 
[22m[2mshould handle HEAD before checking query parameters
[22m[39m[ARCJET] WARNING: Running without Arcjet protection

[90mstderr[2m | tests/property/admin-system-health-fixes/head-method.property.test.ts[2m 
> [22m[2mFeature: admin-system-health-fixes, Property 1: HEAD Method Support for API 
Endpoints[2m > [22m[2mProperty: HEAD requests are handled before other logic[2m > 
[22m[2mshould handle HEAD before checking query parameters
[22m[39m[ARCJET] WARNING: Running without Arcjet protection

[90mstderr[2m | tests/property/admin-system-health-fixes/head-method.property.test.ts[2m 
> [22m[2mFeature: admin-system-health-fixes, Property 1: HEAD Method Support for API 
Endpoints[2m > [22m[2mProperty: HEAD requests are handled before other logic[2m > 
[22m[2mshould handle HEAD before checking query parameters
[22m[39m[ARCJET] WARNING: Running without Arcjet protection

[90mstderr[2m | tests/property/admin-system-health-fixes/head-method.property.test.ts[2m 
> [22m[2mFeature: admin-system-health-fixes, Property 1: HEAD Method Support for API 
Endpoints[2m > [22m[2mProperty: HEAD requests are handled before other logic[2m > 
[22m[2mshould handle HEAD before checking query parameters
[22m[39m[ARCJET] WARNING: Running without Arcjet protection

[90mstderr[2m | tests/property/admin-system-health-fixes/head-method.property.test.ts[2m 
> [22m[2mFeature: admin-system-health-fixes, Property 1: HEAD Method Support for API 
Endpoints[2m > [22m[2mProperty: HEAD requests are handled before other logic[2m > 
[22m[2mshould handle HEAD before checking query parameters
[22m[39m[ARCJET] WARNING: Running without Arcjet protection

[90mstderr[2m | tests/property/admin-system-health-fixes/head-method.property.test.ts[2m 
> [22m[2mFeature: admin-system-health-fixes, Property 1: HEAD Method Support for API 
Endpoints[2m > [22m[2mProperty: HEAD requests are handled before other logic[2m > 
[22m[2mshould handle HEAD before checking query parameters
[22m[39m[ARCJET] WARNING: Running without Arcjet protection

[90mstderr[2m | tests/property/admin-system-health-fixes/head-method.property.test.ts[2m 
> [22m[2mFeature: admin-system-health-fixes, Property 1: HEAD Method Support for API 
Endpoints[2m > [22m[2mProperty: HEAD requests are handled before other logic[2m > 
[22m[2mshould handle HEAD before checking query parameters
[22m[39m[ARCJET] WARNING: Running without Arcjet protection

[90mstderr[2m | tests/property/admin-system-health-fixes/head-method.property.test.ts[2m 
> [22m[2mFeature: admin-system-health-fixes, Property 1: HEAD Method Support for API 
Endpoints[2m > [22m[2mProperty: HEAD requests are handled before other logic[2m > 
[22m[2mshould handle HEAD before checking query parameters
[22m[39m[ARCJET] WARNING: Running without Arcjet protection

[90mstderr[2m | tests/property/admin-system-health-fixes/head-method.property.test.ts[2m 
> [22m[2mFeature: admin-system-health-fixes, Property 1: HEAD Method Support for API 
Endpoints[2m > [22m[2mProperty: HEAD requests are handled before other logic[2m > 
[22m[2mshould handle HEAD before checking query parameters
[22m[39m[ARCJET] WARNING: Running without Arcjet protection

[90mstderr[2m | tests/property/admin-system-health-fixes/head-method.property.test.ts[2m 
> [22m[2mFeature: admin-system-health-fixes, Property 1: HEAD Method Support for API 
Endpoints[2m > [22m[2mProperty: HEAD requests are handled before other logic[2m > 
[22m[2mshould handle HEAD before checking query parameters
[22m[39m[ARCJET] WARNING: Running without Arcjet protection

[90mstderr[2m | tests/property/admin-system-health-fixes/head-method.property.test.ts[2m 
> [22m[2mFeature: admin-system-health-fixes, Property 1: HEAD Method Support for API 
Endpoints[2m > [22m[2mProperty: HEAD requests are handled before other logic[2m > 
[22m[2mshould handle HEAD before checking query parameters
[22m[39m[ARCJET] WARNING: Running without Arcjet protection

[90mstderr[2m | tests/property/admin-system-health-fixes/head-method.property.test.ts[2m 
> [22m[2mFeature: admin-system-health-fixes, Property 1: HEAD Method Support for API 
Endpoints[2m > [22m[2mProperty: HEAD requests are handled before other logic[2m > 
[22m[2mshould handle HEAD before checking query parameters
[22m[39m[ARCJET] WARNING: Running without Arcjet protection

[90mstderr[2m | tests/property/admin-system-health-fixes/head-method.property.test.ts[2m 
> [22m[2mFeature: admin-system-health-fixes, Property 1: HEAD Method Support for API 
Endpoints[2m > [22m[2mProperty: HEAD requests are handled before other logic[2m > 
[22m[2mshould handle HEAD before checking query parameters
[22m[39m[ARCJET] WARNING: Running without Arcjet protection

[90mstderr[2m | tests/property/admin-system-health-fixes/head-method.property.test.ts[2m 
> [22m[2mFeature: admin-system-health-fixes, Property 1: HEAD Method Support for API 
Endpoints[2m > [22m[2mProperty: HEAD requests are handled before other logic[2m > 
[22m[2mshould handle HEAD before checking query parameters
[22m[39m[ARCJET] WARNING: Running without Arcjet protection

[90mstderr[2m | tests/property/admin-system-health-fixes/head-method.property.test.ts[2m 
> [22m[2mFeature: admin-system-health-fixes, Property 1: HEAD Method Support for API 
Endpoints[2m > [22m[2mProperty: HEAD requests are handled before other logic[2m > 
[22m[2mshould handle HEAD before checking query parameters
[22m[39m[ARCJET] WARNING: Running without Arcjet protection

[90mstderr[2m | tests/property/admin-system-health-fixes/head-method.property.test.ts[2m 
> [22m[2mFeature: admin-system-health-fixes, Property 1: HEAD Method Support for API 
Endpoints[2m > [22m[2mProperty: HEAD requests are handled before other logic[2m > 
[22m[2mshould handle HEAD before checking query parameters
[22m[39m[ARCJET] WARNING: Running without Arcjet protection

[90mstderr[2m | tests/property/admin-system-health-fixes/head-method.property.test.ts[2m 
> [22m[2mFeature: admin-system-health-fixes, Property 1: HEAD Method Support for API 
Endpoints[2m > [22m[2mProperty: HEAD requests are handled before other logic[2m > 
[22m[2mshould handle HEAD before checking query parameters
[22m[39m[ARCJET] WARNING: Running without Arcjet protection

[90mstderr[2m | tests/property/admin-system-health-fixes/head-method.property.test.ts[2m 
> [22m[2mFeature: admin-system-health-fixes, Property 1: HEAD Method Support for API 
Endpoints[2m > [22m[2mProperty: HEAD requests are handled before other logic[2m > 
[22m[2mshould handle HEAD before checking query parameters
[22m[39m[ARCJET] WARNING: Running without Arcjet protection

[90mstderr[2m | tests/property/admin-system-health-fixes/head-method.property.test.ts[2m 
> [22m[2mFeature: admin-system-health-fixes, Property 1: HEAD Method Support for API 
Endpoints[2m > [22m[2mProperty: HEAD requests are handled before other logic[2m > 
[22m[2mshould handle HEAD before checking query parameters
[22m[39m[ARCJET] WARNING: Running without Arcjet protection

[90mstderr[2m | tests/property/admin-system-health-fixes/head-method.property.test.ts[2m 
> [22m[2mFeature: admin-system-health-fixes, Property 1: HEAD Method Support for API 
Endpoints[2m > [22m[2mProperty: HEAD requests are handled before other logic[2m > 
[22m[2mshould handle HEAD before checking query parameters
[22m[39m[ARCJET] WARNING: Running without Arcjet protection

[90mstderr[2m | tests/property/admin-system-health-fixes/head-method.property.test.ts[2m 
> [22m[2mFeature: admin-system-health-fixes, Property 1: HEAD Method Support for API 
Endpoints[2m > [22m[2mProperty: HEAD requests are handled before other logic[2m > 
[22m[2mshould handle HEAD before checking query parameters
[22m[39m[ARCJET] WARNING: Running without Arcjet protection

[90mstderr[2m | tests/property/admin-system-health-fixes/head-method.property.test.ts[2m 
> [22m[2mFeature: admin-system-health-fixes, Property 1: HEAD Method Support for API 
Endpoints[2m > [22m[2mProperty: HEAD requests are handled before other logic[2m > 
[22m[2mshould handle HEAD before checking query parameters
[22m[39m[ARCJET] WARNING: Running without Arcjet protection

[90mstderr[2m | tests/property/admin-system-health-fixes/head-method.property.test.ts[2m 
> [22m[2mFeature: admin-system-health-fixes, Property 1: HEAD Method Support for API 
Endpoints[2m > [22m[2mProperty: HEAD requests are handled before other logic[2m > 
[22m[2mshould handle HEAD before checking query parameters
[22m[39m[ARCJET] WARNING: Running without Arcjet protection

[90mstderr[2m | tests/property/admin-system-health-fixes/head-method.property.test.ts[2m 
> [22m[2mFeature: admin-system-health-fixes, Property 1: HEAD Method Support for API 
Endpoints[2m > [22m[2mProperty: HEAD requests are handled before other logic[2m > 
[22m[2mshould handle HEAD before checking query parameters
[22m[39m[ARCJET] WARNING: Running without Arcjet protection

[90mstderr[2m | tests/property/admin-system-health-fixes/head-method.property.test.ts[2m 
> [22m[2mFeature: admin-system-health-fixes, Property 1: HEAD Method Support for API 
Endpoints[2m > [22m[2mProperty: HEAD requests are handled before other logic[2m > 
[22m[2mshould handle HEAD before checking query parameters
[22m[39m[ARCJET] WARNING: Running without Arcjet protection

[90mstderr[2m | tests/property/admin-system-health-fixes/head-method.property.test.ts[2m 
> [22m[2mFeature: admin-system-health-fixes, Property 1: HEAD Method Support for API 
Endpoints[2m > [22m[2mProperty: HEAD requests are handled before other logic[2m > 
[22m[2mshould handle HEAD before checking query parameters
[22m[39m[ARCJET] WARNING: Running without Arcjet protection

[90mstderr[2m | tests/property/admin-system-health-fixes/head-method.property.test.ts[2m 
> [22m[2mFeature: admin-system-health-fixes, Property 1: HEAD Method Support for API 
Endpoints[2m > [22m[2mProperty: HEAD requests are handled before other logic[2m > 
[22m[2mshould handle HEAD before checking query parameters
[22m[39m[ARCJET] WARNING: Running without Arcjet protection

[90mstderr[2m | tests/property/admin-system-health-fixes/head-method.property.test.ts[2m 
> [22m[2mFeature: admin-system-health-fixes, Property 1: HEAD Method Support for API 
Endpoints[2m > [22m[2mProperty: HEAD requests are handled before other logic[2m > 
[22m[2mshould handle HEAD before checking query parameters
[22m[39m[ARCJET] WARNING: Running without Arcjet protection

[90mstderr[2m | tests/property/admin-system-health-fixes/head-method.property.test.ts[2m 
> [22m[2mFeature: admin-system-health-fixes, Property 1: HEAD Method Support for API 
Endpoints[2m > [22m[2mProperty: HEAD requests are handled before other logic[2m > 
[22m[2mshould handle HEAD before checking query parameters
[22m[39m[ARCJET] WARNING: Running without Arcjet protection

[90mstderr[2m | tests/property/admin-system-health-fixes/head-method.property.test.ts[2m 
> [22m[2mFeature: admin-system-health-fixes, Property 1: HEAD Method Support for API 
Endpoints[2m > [22m[2mProperty: HEAD requests are handled before other logic[2m > 
[22m[2mshould handle HEAD before checking query parameters
[22m[39m[ARCJET] WARNING: Running without Arcjet protection

[90mstderr[2m | tests/property/admin-system-health-fixes/head-method.property.test.ts[2m 
> [22m[2mFeature: admin-system-health-fixes, Property 1: HEAD Method Support for API 
Endpoints[2m > [22m[2mProperty: HEAD requests are handled before other logic[2m > 
[22m[2mshould handle HEAD before checking query parameters
[22m[39m[ARCJET] WARNING: Running without Arcjet protection

[90mstderr[2m | tests/property/admin-system-health-fixes/head-method.property.test.ts[2m 
> [22m[2mFeature: admin-system-health-fixes, Property 1: HEAD Method Support for API 
Endpoints[2m > [22m[2mProperty: HEAD requests are handled before other logic[2m > 
[22m[2mshould handle HEAD before checking query parameters
[22m[39m[ARCJET] WARNING: Running without Arcjet protection

[90mstderr[2m | tests/property/admin-system-health-fixes/head-method.property.test.ts[2m 
> [22m[2mFeature: admin-system-health-fixes, Property 1: HEAD Method Support for API 
Endpoints[2m > [22m[2mProperty: HEAD requests are handled before other logic[2m > 
[22m[2mshould handle HEAD before checking query parameters
[22m[39m[ARCJET] WARNING: Running without Arcjet protection

[90mstderr[2m | tests/property/admin-system-health-fixes/head-method.property.test.ts[2m 
> [22m[2mFeature: admin-system-health-fixes, Property 1: HEAD Method Support for API 
Endpoints[2m > [22m[2mProperty: HEAD requests are handled before other logic[2m > 
[22m[2mshould handle HEAD before checking query parameters
[22m[39m[ARCJET] WARNING: Running without Arcjet protection

[90mstderr[2m | tests/property/admin-system-health-fixes/head-method.property.test.ts[2m 
> [22m[2mFeature: admin-system-health-fixes, Property 1: HEAD Method Support for API 
Endpoints[2m > [22m[2mProperty: HEAD requests are handled before other logic[2m > 
[22m[2mshould handle HEAD before checking query parameters
[22m[39m[ARCJET] WARNING: Running without Arcjet protection

[90mstderr[2m | tests/property/admin-system-health-fixes/head-method.property.test.ts[2m 
> [22m[2mFeature: admin-system-health-fixes, Property 1: HEAD Method Support for API 
Endpoints[2m > [22m[2mProperty: HEAD requests are handled before other logic[2m > 
[22m[2mshould handle HEAD before checking query parameters
[22m[39m[ARCJET] WARNING: Running without Arcjet protection

[90mstderr[2m | tests/property/admin-system-health-fixes/head-method.property.test.ts[2m 
> [22m[2mFeature: admin-system-health-fixes, Property 1: HEAD Method Support for API 
Endpoints[2m > [22m[2mProperty: HEAD requests are handled before other logic[2m > 
[22m[2mshould handle HEAD before checking query parameters
[22m[39m[ARCJET] WARNING: Running without Arcjet protection

[90mstderr[2m | tests/property/admin-system-health-fixes/head-method.property.test.ts[2m 
> [22m[2mFeature: admin-system-health-fixes, Property 1: HEAD Method Support for API 
Endpoints[2m > [22m[2mProperty: HEAD requests are handled before other logic[2m > 
[22m[2mshould handle HEAD before checking query parameters
[22m[39m[ARCJET] WARNING: Running without Arcjet protection

[90mstderr[2m | tests/property/admin-system-health-fixes/head-method.property.test.ts[2m 
> [22m[2mFeature: admin-system-health-fixes, Property 1: HEAD Method Support for API 
Endpoints[2m > [22m[2mProperty: HEAD requests are handled before other logic[2m > 
[22m[2mshould handle HEAD before checking query parameters
[22m[39m[ARCJET] WARNING: Running without Arcjet protection

[90mstderr[2m | tests/property/admin-system-health-fixes/head-method.property.test.ts[2m 
> [22m[2mFeature: admin-system-health-fixes, Property 1: HEAD Method Support for API 
Endpoints[2m > [22m[2mProperty: HEAD requests are handled before other logic[2m > 
[22m[2mshould handle HEAD before checking request body
[22m[39m[ARCJET] WARNING: Running without Arcjet protection

[90mstderr[2m | tests/property/admin-system-health-fixes/head-method.property.test.ts[2m 
> [22m[2mFeature: admin-system-health-fixes, Property 1: HEAD Method Support for API 
Endpoints[2m > [22m[2mProperty: HEAD requests are handled before other logic[2m > 
[22m[2mshould handle HEAD before checking request body
[22m[39m[ARCJET] WARNING: Running without Arcjet protection

[90mstderr[2m | tests/property/admin-system-health-fixes/head-method.property.test.ts[2m 
> [22m[2mFeature: admin-system-health-fixes, Property 1: HEAD Method Support for API 
Endpoints[2m > [22m[2mProperty: HEAD requests are handled before other logic[2m > 
[22m[2mshould handle HEAD before checking request body
[22m[39m[ARCJET] WARNING: Running without Arcjet protection

[90mstderr[2m | tests/property/admin-system-health-fixes/head-method.property.test.ts[2m 
> [22m[2mFeature: admin-system-health-fixes, Property 1: HEAD Method Support for API 
Endpoints[2m > [22m[2mProperty: HEAD requests are handled before other logic[2m > 
[22m[2mshould handle HEAD before checking request body
[22m[39m[ARCJET] WARNING: Running without Arcjet protection

[90mstderr[2m | tests/property/admin-system-health-fixes/head-method.property.test.ts[2m 
> [22m[2mFeature: admin-system-health-fixes, Property 1: HEAD Method Support for API 
Endpoints[2m > [22m[2mProperty: HEAD requests are handled before other logic[2m > 
[22m[2mshould handle HEAD before checking request body
[22m[39m[ARCJET] WARNING: Running without Arcjet protection

[90mstderr[2m | tests/property/admin-system-health-fixes/head-method.property.test.ts[2m 
> [22m[2mFeature: admin-system-health-fixes, Property 1: HEAD Method Support for API 
Endpoints[2m > [22m[2mProperty: HEAD requests are handled before other logic[2m > 
[22m[2mshould handle HEAD before checking request body
[22m[39m[ARCJET] WARNING: Running without Arcjet protection

[90mstderr[2m | tests/property/admin-system-health-fixes/head-method.property.test.ts[2m 
> [22m[2mFeature: admin-system-health-fixes, Property 1: HEAD Method Support for API 
Endpoints[2m > [22m[2mProperty: HEAD requests are handled before other logic[2m > 
[22m[2mshould handle HEAD before checking request body
[22m[39m[ARCJET] WARNING: Running without Arcjet protection

[90mstderr[2m | tests/property/admin-system-health-fixes/head-method.property.test.ts[2m 
> [22m[2mFeature: admin-system-health-fixes, Property 1: HEAD Method Support for API 
Endpoints[2m > [22m[2mProperty: HEAD requests are handled before other logic[2m > 
[22m[2mshould handle HEAD before checking request body
[22m[39m[ARCJET] WARNING: Running without Arcjet protection

[90mstderr[2m | tests/property/admin-system-health-fixes/head-method.property.test.ts[2m 
> [22m[2mFeature: admin-system-health-fixes, Property 1: HEAD Method Support for API 
Endpoints[2m > [22m[2mProperty: HEAD requests are handled before other logic[2m > 
[22m[2mshould handle HEAD before checking request body
[22m[39m[ARCJET] WARNING: Running without Arcjet protection

[90mstderr[2m | tests/property/admin-system-health-fixes/head-method.property.test.ts[2m 
> [22m[2mFeature: admin-system-health-fixes, Property 1: HEAD Method Support for API 
Endpoints[2m > [22m[2mProperty: HEAD requests are handled before other logic[2m > 
[22m[2mshould handle HEAD before checking request body
[22m[39m[ARCJET] WARNING: Running without Arcjet protection

[90mstderr[2m | tests/property/admin-system-health-fixes/head-method.property.test.ts[2m 
> [22m[2mFeature: admin-system-health-fixes, Property 1: HEAD Method Support for API 
Endpoints[2m > [22m[2mProperty: HEAD requests are handled before other logic[2m > 
[22m[2mshould handle HEAD before checking request body
[22m[39m[ARCJET] WARNING: Running without Arcjet protection

[90mstderr[2m | tests/property/admin-system-health-fixes/head-method.property.test.ts[2m 
> [22m[2mFeature: admin-system-health-fixes, Property 1: HEAD Method Support for API 
Endpoints[2m > [22m[2mProperty: HEAD requests are handled before other logic[2m > 
[22m[2mshould handle HEAD before checking request body
[22m[39m[ARCJET] WARNING: Running without Arcjet protection

[90mstderr[2m | tests/property/admin-system-health-fixes/head-method.property.test.ts[2m 
> [22m[2mFeature: admin-system-health-fixes, Property 1: HEAD Method Support for API 
Endpoints[2m > [22m[2mProperty: HEAD requests are handled before other logic[2m > 
[22m[2mshould handle HEAD before checking request body
[22m[39m[ARCJET] WARNING: Running without Arcjet protection

[90mstderr[2m | tests/property/admin-system-health-fixes/head-method.property.test.ts[2m 
> [22m[2mFeature: admin-system-health-fixes, Property 1: HEAD Method Support for API 
Endpoints[2m > [22m[2mProperty: HEAD requests are handled before other logic[2m > 
[22m[2mshould handle HEAD before checking request body
[22m[39m[ARCJET] WARNING: Running without Arcjet protection

[90mstderr[2m | tests/property/admin-system-health-fixes/head-method.property.test.ts[2m 
> [22m[2mFeature: admin-system-health-fixes, Property 1: HEAD Method Support for API 
Endpoints[2m > [22m[2mProperty: HEAD requests are handled before other logic[2m > 
[22m[2mshould handle HEAD before checking request body
[22m[39m[ARCJET] WARNING: Running without Arcjet protection

[90mstderr[2m | tests/property/admin-system-health-fixes/head-method.property.test.ts[2m 
> [22m[2mFeature: admin-system-health-fixes, Property 1: HEAD Method Support for API 
Endpoints[2m > [22m[2mProperty: HEAD requests are handled before other logic[2m > 
[22m[2mshould handle HEAD before checking request body
[22m[39m[ARCJET] WARNING: Running without Arcjet protection

[90mstderr[2m | tests/property/admin-system-health-fixes/head-method.property.test.ts[2m 
> [22m[2mFeature: admin-system-health-fixes, Property 1: HEAD Method Support for API 
Endpoints[2m > [22m[2mProperty: HEAD requests are handled before other logic[2m > 
[22m[2mshould handle HEAD before checking request body
[22m[39m[ARCJET] WARNING: Running without Arcjet protection

[90mstderr[2m | tests/property/admin-system-health-fixes/head-method.property.test.ts[2m 
> [22m[2mFeature: admin-system-health-fixes, Property 1: HEAD Method Support for API 
Endpoints[2m > [22m[2mProperty: HEAD requests are handled before other logic[2m > 
[22m[2mshould handle HEAD before checking request body
[22m[39m[ARCJET] WARNING: Running without Arcjet protection

[90mstderr[2m | tests/property/admin-system-health-fixes/head-method.property.test.ts[2m 
> [22m[2mFeature: admin-system-health-fixes, Property 1: HEAD Method Support for API 
Endpoints[2m > [22m[2mProperty: HEAD requests are handled before other logic[2m > 
[22m[2mshould handle HEAD before checking request body
[22m[39m[ARCJET] WARNING: Running without Arcjet protection

[90mstderr[2m | tests/property/admin-system-health-fixes/head-method.property.test.ts[2m 
> [22m[2mFeature: admin-system-health-fixes, Property 1: HEAD Method Support for API 
Endpoints[2m > [22m[2mProperty: HEAD requests are handled before other logic[2m > 
[22m[2mshould handle HEAD before checking request body
[22m[39m[ARCJET] WARNING: Running without Arcjet protection

[90mstderr[2m | tests/property/admin-system-health-fixes/head-method.property.test.ts[2m 
> [22m[2mFeature: admin-system-health-fixes, Property 1: HEAD Method Support for API 
Endpoints[2m > [22m[2mProperty: HEAD requests are handled before other logic[2m > 
[22m[2mshould handle HEAD before checking request body
[22m[39m[ARCJET] WARNING: Running without Arcjet protection

[90mstderr[2m | tests/property/admin-system-health-fixes/head-method.property.test.ts[2m 
> [22m[2mFeature: admin-system-health-fixes, Property 1: HEAD Method Support for API 
Endpoints[2m > [22m[2mProperty: HEAD requests are handled before other logic[2m > 
[22m[2mshould handle HEAD before checking request body
[22m[39m[ARCJET] WARNING: Running without Arcjet protection

[90mstderr[2m | tests/property/admin-system-health-fixes/head-method.property.test.ts[2m 
> [22m[2mFeature: admin-system-health-fixes, Property 1: HEAD Method Support for API 
Endpoints[2m > [22m[2mProperty: HEAD requests are handled before other logic[2m > 
[22m[2mshould handle HEAD before checking request body
[22m[39m[ARCJET] WARNING: Running without Arcjet protection

[90mstderr[2m | tests/property/admin-system-health-fixes/head-method.property.test.ts[2m 
> [22m[2mFeature: admin-system-health-fixes, Property 1: HEAD Method Support for API 
Endpoints[2m > [22m[2mProperty: HEAD requests are handled before other logic[2m > 
[22m[2mshould handle HEAD before checking request body
[22m[39m[ARCJET] WARNING: Running without Arcjet protection

[90mstderr[2m | tests/property/admin-system-health-fixes/head-method.property.test.ts[2m 
> [22m[2mFeature: admin-system-health-fixes, Property 1: HEAD Method Support for API 
Endpoints[2m > [22m[2mProperty: HEAD requests are handled before other logic[2m > 
[22m[2mshould handle HEAD before checking request body
[22m[39m[ARCJET] WARNING: Running without Arcjet protection

[90mstderr[2m | tests/property/admin-system-health-fixes/head-method.property.test.ts[2m 
> [22m[2mFeature: admin-system-health-fixes, Property 1: HEAD Method Support for API 
Endpoints[2m > [22m[2mProperty: HEAD requests are handled before other logic[2m > 
[22m[2mshould handle HEAD before checking request body
[22m[39m[ARCJET] WARNING: Running without Arcjet protection

[90mstderr[2m | tests/property/admin-system-health-fixes/head-method.property.test.ts[2m 
> [22m[2mFeature: admin-system-health-fixes, Property 1: HEAD Method Support for API 
Endpoints[2m > [22m[2mProperty: HEAD requests are handled before other logic[2m > 
[22m[2mshould handle HEAD before checking request body
[22m[39m[ARCJET] WARNING: Running without Arcjet protection

[90mstderr[2m | tests/property/admin-system-health-fixes/head-method.property.test.ts[2m 
> [22m[2mFeature: admin-system-health-fixes, Property 1: HEAD Method Support for API 
Endpoints[2m > [22m[2mProperty: HEAD requests are handled before other logic[2m > 
[22m[2mshould handle HEAD before checking request body
[22m[39m[ARCJET] WARNING: Running without Arcjet protection

[90mstderr[2m | tests/property/admin-system-health-fixes/head-method.property.test.ts[2m 
> [22m[2mFeature: admin-system-health-fixes, Property 1: HEAD Method Support for API 
Endpoints[2m > [22m[2mProperty: HEAD requests are handled before other logic[2m > 
[22m[2mshould handle HEAD before checking request body
[22m[39m[ARCJET] WARNING: Running without Arcjet protection

[90mstderr[2m | tests/property/admin-system-health-fixes/head-method.property.test.ts[2m 
> [22m[2mFeature: admin-system-health-fixes, Property 1: HEAD Method Support for API 
Endpoints[2m > [22m[2mProperty: HEAD requests are handled before other logic[2m > 
[22m[2mshould handle HEAD before checking request body
[22m[39m[ARCJET] WARNING: Running without Arcjet protection

[90mstderr[2m | tests/property/admin-system-health-fixes/head-method.property.test.ts[2m 
> [22m[2mFeature: admin-system-health-fixes, Property 1: HEAD Method Support for API 
Endpoints[2m > [22m[2mProperty: HEAD requests are handled before other logic[2m > 
[22m[2mshould handle HEAD before checking request body
[22m[39m[ARCJET] WARNING: Running without Arcjet protection

[90mstderr[2m | tests/property/admin-system-health-fixes/head-method.property.test.ts[2m 
> [22m[2mFeature: admin-system-health-fixes, Property 1: HEAD Method Support for API 
Endpoints[2m > [22m[2mProperty: HEAD requests are handled before other logic[2m > 
[22m[2mshould handle HEAD before checking request body
[22m[39m[ARCJET] WARNING: Running without Arcjet protection

[90mstderr[2m | tests/property/admin-system-health-fixes/head-method.property.test.ts[2m 
> [22m[2mFeature: admin-system-health-fixes, Property 1: HEAD Method Support for API 
Endpoints[2m > [22m[2mProperty: HEAD requests are handled before other logic[2m > 
[22m[2mshould handle HEAD before checking request body
[22m[39m[ARCJET] WARNING: Running without Arcjet protection

[90mstderr[2m | tests/property/admin-system-health-fixes/head-method.property.test.ts[2m 
> [22m[2mFeature: admin-system-health-fixes, Property 1: HEAD Method Support for API 
Endpoints[2m > [22m[2mProperty: HEAD requests are handled before other logic[2m > 
[22m[2mshould handle HEAD before checking request body
[22m[39m[ARCJET] WARNING: Running without Arcjet protection

[90mstderr[2m | tests/property/admin-system-health-fixes/head-method.property.test.ts[2m 
> [22m[2mFeature: admin-system-health-fixes, Property 1: HEAD Method Support for API 
Endpoints[2m > [22m[2mProperty: HEAD requests are handled before other logic[2m > 
[22m[2mshould handle HEAD before checking request body
[22m[39m[ARCJET] WARNING: Running without Arcjet protection

[90mstderr[2m | tests/property/admin-system-health-fixes/head-method.property.test.ts[2m 
> [22m[2mFeature: admin-system-health-fixes, Property 1: HEAD Method Support for API 
Endpoints[2m > [22m[2mProperty: HEAD requests are handled before other logic[2m > 
[22m[2mshould handle HEAD before checking request body
[22m[39m[ARCJET] WARNING: Running without Arcjet protection

[90mstderr[2m | tests/property/admin-system-health-fixes/head-method.property.test.ts[2m 
> [22m[2mFeature: admin-system-health-fixes, Property 1: HEAD Method Support for API 
Endpoints[2m > [22m[2mProperty: HEAD requests are handled before other logic[2m > 
[22m[2mshould handle HEAD before checking request body
[22m[39m[ARCJET] WARNING: Running without Arcjet protection

[90mstderr[2m | tests/property/admin-system-health-fixes/head-method.property.test.ts[2m 
> [22m[2mFeature: admin-system-health-fixes, Property 1: HEAD Method Support for API 
Endpoints[2m > [22m[2mProperty: HEAD requests are handled before other logic[2m > 
[22m[2mshould handle HEAD before checking request body
[22m[39m[ARCJET] WARNING: Running without Arcjet protection

[90mstderr[2m | tests/property/admin-system-health-fixes/head-method.property.test.ts[2m 
> [22m[2mFeature: admin-system-health-fixes, Property 1: HEAD Method Support for API 
Endpoints[2m > [22m[2mProperty: HEAD requests are handled before other logic[2m > 
[22m[2mshould handle HEAD before checking request body
[22m[39m[ARCJET] WARNING: Running without Arcjet protection

[90mstderr[2m | tests/property/admin-system-health-fixes/head-method.property.test.ts[2m 
> [22m[2mFeature: admin-system-health-fixes, Property 1: HEAD Method Support for API 
Endpoints[2m > [22m[2mProperty: HEAD requests are handled before other logic[2m > 
[22m[2mshould handle HEAD before checking request body
[22m[39m[ARCJET] WARNING: Running without Arcjet protection

[90mstderr[2m | tests/property/admin-system-health-fixes/head-method.property.test.ts[2m 
> [22m[2mFeature: admin-system-health-fixes, Property 1: HEAD Method Support for API 
Endpoints[2m > [22m[2mProperty: HEAD requests are handled before other logic[2m > 
[22m[2mshould handle HEAD before checking request body
[22m[39m[ARCJET] WARNING: Running without Arcjet protection

[90mstderr[2m | tests/property/admin-system-health-fixes/head-method.property.test.ts[2m 
> [22m[2mFeature: admin-system-health-fixes, Property 1: HEAD Method Support for API 
Endpoints[2m > [22m[2mProperty: HEAD requests are handled before other logic[2m > 
[22m[2mshould handle HEAD before checking request body
[22m[39m[ARCJET] WARNING: Running without Arcjet protection

[90mstderr[2m | tests/property/admin-system-health-fixes/head-method.property.test.ts[2m 
> [22m[2mFeature: admin-system-health-fixes, Property 1: HEAD Method Support for API 
Endpoints[2m > [22m[2mProperty: HEAD requests are handled before other logic[2m > 
[22m[2mshould handle HEAD before checking request body
[22m[39m[ARCJET] WARNING: Running without Arcjet protection

[90mstderr[2m | tests/property/admin-system-health-fixes/head-method.property.test.ts[2m 
> [22m[2mFeature: admin-system-health-fixes, Property 1: HEAD Method Support for API 
Endpoints[2m > [22m[2mProperty: HEAD requests are handled before other logic[2m > 
[22m[2mshould handle HEAD before checking request body
[22m[39m[ARCJET] WARNING: Running without Arcjet protection

[90mstderr[2m | tests/property/admin-system-health-fixes/head-method.property.test.ts[2m 
> [22m[2mFeature: admin-system-health-fixes, Property 1: HEAD Method Support for API 
Endpoints[2m > [22m[2mProperty: HEAD requests are handled before other logic[2m > 
[22m[2mshould handle HEAD before checking request body
[22m[39m[ARCJET] WARNING: Running without Arcjet protection

[90mstderr[2m | tests/property/admin-system-health-fixes/head-method.property.test.ts[2m 
> [22m[2mFeature: admin-system-health-fixes, Property 1: HEAD Method Support for API 
Endpoints[2m > [22m[2mProperty: HEAD requests are handled before other logic[2m > 
[22m[2mshould handle HEAD before checking request body
[22m[39m[ARCJET] WARNING: Running without Arcjet protection

[90mstderr[2m | tests/property/admin-system-health-fixes/head-method.property.test.ts[2m 
> [22m[2mFeature: admin-system-health-fixes, Property 1: HEAD Method Support for API 
Endpoints[2m > [22m[2mProperty: HEAD requests are handled before other logic[2m > 
[22m[2mshould handle HEAD before checking request body
[22m[39m[ARCJET] WARNING: Running without Arcjet protection

[90mstderr[2m | tests/property/admin-system-health-fixes/head-method.property.test.ts[2m 
> [22m[2mFeature: admin-system-health-fixes, Property 1: HEAD Method Support for API 
Endpoints[2m > [22m[2mProperty: HEAD requests are handled before other logic[2m > 
[22m[2mshould handle HEAD before checking request body
[22m[39m[ARCJET] WARNING: Running without Arcjet protection

[90mstderr[2m | tests/property/admin-system-health-fixes/head-method.property.test.ts[2m 
> [22m[2mFeature: admin-system-health-fixes, Property 1: HEAD Method Support for API 
Endpoints[2m > [22m[2mProperty: HEAD requests are handled before other logic[2m > 
[22m[2mshould handle HEAD before checking request body
[22m[39m[ARCJET] WARNING: Running without Arcjet protection

[90mstderr[2m | tests/property/admin-system-health-fixes/head-method.property.test.ts[2m 
> [22m[2mFeature: admin-system-health-fixes, Property 1: HEAD Method Support for API 
Endpoints[2m > [22m[2mProperty: HEAD requests are handled before other logic[2m > 
[22m[2mshould handle HEAD before checking request body
[22m[39m[ARCJET] WARNING: Running without Arcjet protection

[90mstderr[2m | tests/property/admin-system-health-fixes/head-method.property.test.ts[2m 
> [22m[2mFeature: admin-system-health-fixes, Property 1: HEAD Method Support for API 
Endpoints[2m > [22m[2mProperty: HEAD requests are handled before other logic[2m > 
[22m[2mshould handle HEAD before checking request body
[22m[39m[ARCJET] WARNING: Running without Arcjet protection

[90mstderr[2m | tests/property/admin-system-health-fixes/head-method.property.test.ts[2m 
> [22m[2mFeature: admin-system-health-fixes, Property 1: HEAD Method Support for API 
Endpoints[2m > [22m[2mProperty: HEAD requests are handled before other logic[2m > 
[22m[2mshould handle HEAD before checking request body
[22m[39m[ARCJET] WARNING: Running without Arcjet protection

[90mstderr[2m | tests/property/admin-system-health-fixes/head-method.property.test.ts[2m 
> [22m[2mFeature: admin-system-health-fixes, Property 1: HEAD Method Support for API 
Endpoints[2m > [22m[2mProperty: HEAD requests are handled before other logic[2m > 
[22m[2mshould handle HEAD before checking request body
[22m[39m[ARCJET] WARNING: Running without Arcjet protection

[90mstderr[2m | tests/property/admin-system-health-fixes/head-method.property.test.ts[2m 
> [22m[2mFeature: admin-system-health-fixes, Property 1: HEAD Method Support for API 
Endpoints[2m > [22m[2mProperty: HEAD requests are handled before other logic[2m > 
[22m[2mshould handle HEAD before checking request body
[22m[39m[ARCJET] WARNING: Running without Arcjet protection

[90mstderr[2m | tests/property/admin-system-health-fixes/head-method.property.test.ts[2m 
> [22m[2mFeature: admin-system-health-fixes, Property 1: HEAD Method Support for API 
Endpoints[2m > [22m[2mProperty: HEAD requests are handled before other logic[2m > 
[22m[2mshould handle HEAD before checking request body
[22m[39m[ARCJET] WARNING: Running without Arcjet protection

[90mstderr[2m | tests/property/admin-system-health-fixes/head-method.property.test.ts[2m 
> [22m[2mFeature: admin-system-health-fixes, Property 1: HEAD Method Support for API 
Endpoints[2m > [22m[2mProperty: HEAD requests are handled before other logic[2m > 
[22m[2mshould handle HEAD before checking request body
[22m[39m[ARCJET] WARNING: Running without Arcjet protection

[90mstderr[2m | tests/property/admin-system-health-fixes/head-method.property.test.ts[2m 
> [22m[2mFeature: admin-system-health-fixes, Property 1: HEAD Method Support for API 
Endpoints[2m > [22m[2mProperty: HEAD requests are handled before other logic[2m > 
[22m[2mshould handle HEAD before checking request body
[22m[39m[ARCJET] WARNING: Running without Arcjet protection

[90mstderr[2m | tests/property/admin-system-health-fixes/head-method.property.test.ts[2m 
> [22m[2mFeature: admin-system-health-fixes, Property 1: HEAD Method Support for API 
Endpoints[2m > [22m[2mProperty: HEAD requests are handled before other logic[2m > 
[22m[2mshould handle HEAD before checking request body
[22m[39m[ARCJET] WARNING: Running without Arcjet protection

[90mstderr[2m | tests/property/admin-system-health-fixes/head-method.property.test.ts[2m 
> [22m[2mFeature: admin-system-health-fixes, Property 1: HEAD Method Support for API 
Endpoints[2m > [22m[2mProperty: HEAD requests are handled before other logic[2m > 
[22m[2mshould handle HEAD before checking request body
[22m[39m[ARCJET] WARNING: Running without Arcjet protection

[90mstderr[2m | tests/property/admin-system-health-fixes/head-method.property.test.ts[2m 
> [22m[2mFeature: admin-system-health-fixes, Property 1: HEAD Method Support for API 
Endpoints[2m > [22m[2mProperty: HEAD requests are handled before other logic[2m > 
[22m[2mshould handle HEAD before checking request body
[22m[39m[ARCJET] WARNING: Running without Arcjet protection

[90mstderr[2m | tests/property/admin-system-health-fixes/head-method.property.test.ts[2m 
> [22m[2mFeature: admin-system-health-fixes, Property 1: HEAD Method Support for API 
Endpoints[2m > [22m[2mProperty: HEAD requests are handled before other logic[2m > 
[22m[2mshould handle HEAD before checking request body
[22m[39m[ARCJET] WARNING: Running without Arcjet protection

[90mstderr[2m | tests/property/admin-system-health-fixes/head-method.property.test.ts[2m 
> [22m[2mFeature: admin-system-health-fixes, Property 1: HEAD Method Support for API 
Endpoints[2m > [22m[2mProperty: HEAD requests are handled before other logic[2m > 
[22m[2mshould handle HEAD before checking request body
[22m[39m[ARCJET] WARNING: Running without Arcjet protection

[90mstderr[2m | tests/property/admin-system-health-fixes/head-method.property.test.ts[2m 
> [22m[2mFeature: admin-system-health-fixes, Property 1: HEAD Method Support for API 
Endpoints[2m > [22m[2mProperty: HEAD requests are handled before other logic[2m > 
[22m[2mshould handle HEAD before checking request body
[22m[39m[ARCJET] WARNING: Running without Arcjet protection

[90mstderr[2m | tests/property/admin-system-health-fixes/head-method.property.test.ts[2m 
> [22m[2mFeature: admin-system-health-fixes, Property 1: HEAD Method Support for API 
Endpoints[2m > [22m[2mProperty: HEAD requests are handled before other logic[2m > 
[22m[2mshould handle HEAD before checking request body
[22m[39m[ARCJET] WARNING: Running without Arcjet protection

[90mstderr[2m | tests/property/admin-system-health-fixes/head-method.property.test.ts[2m 
> [22m[2mFeature: admin-system-health-fixes, Property 1: HEAD Method Support for API 
Endpoints[2m > [22m[2mProperty: HEAD requests are handled before other logic[2m > 
[22m[2mshould handle HEAD before checking request body
[22m[39m[ARCJET] WARNING: Running without Arcjet protection

[90mstderr[2m | tests/property/admin-system-health-fixes/head-method.property.test.ts[2m 
> [22m[2mFeature: admin-system-health-fixes, Property 1: HEAD Method Support for API 
Endpoints[2m > [22m[2mProperty: HEAD requests are handled before other logic[2m > 
[22m[2mshould handle HEAD before checking request body
[22m[39m[ARCJET] WARNING: Running without Arcjet protection

[90mstderr[2m | tests/property/admin-system-health-fixes/head-method.property.test.ts[2m 
> [22m[2mFeature: admin-system-health-fixes, Property 1: HEAD Method Support for API 
Endpoints[2m > [22m[2mProperty: HEAD requests are handled before other logic[2m > 
[22m[2mshould handle HEAD before checking request body
[22m[39m[ARCJET] WARNING: Running without Arcjet protection

[90mstderr[2m | tests/property/admin-system-health-fixes/head-method.property.test.ts[2m 
> [22m[2mFeature: admin-system-health-fixes, Property 1: HEAD Method Support for API 
Endpoints[2m > [22m[2mProperty: HEAD requests are handled before other logic[2m > 
[22m[2mshould handle HEAD before checking request body
[22m[39m[ARCJET] WARNING: Running without Arcjet protection

[90mstderr[2m | tests/property/admin-system-health-fixes/head-method.property.test.ts[2m 
> [22m[2mFeature: admin-system-health-fixes, Property 1: HEAD Method Support for API 
Endpoints[2m > [22m[2mProperty: HEAD requests are handled before other logic[2m > 
[22m[2mshould handle HEAD before checking request body
[22m[39m[ARCJET] WARNING: Running without Arcjet protection

[90mstderr[2m | tests/property/admin-system-health-fixes/head-method.property.test.ts[2m 
> [22m[2mFeature: admin-system-health-fixes, Property 1: HEAD Method Support for API 
Endpoints[2m > [22m[2mProperty: HEAD requests are handled before other logic[2m > 
[22m[2mshould handle HEAD before checking request body
[22m[39m[ARCJET] WARNING: Running without Arcjet protection

[90mstderr[2m | tests/property/admin-system-health-fixes/head-method.property.test.ts[2m 
> [22m[2mFeature: admin-system-health-fixes, Property 1: HEAD Method Support for API 
Endpoints[2m > [22m[2mProperty: HEAD requests are handled before other logic[2m > 
[22m[2mshould handle HEAD before checking request body
[22m[39m[ARCJET] WARNING: Running without Arcjet protection

[90mstderr[2m | tests/property/admin-system-health-fixes/head-method.property.test.ts[2m 
> [22m[2mFeature: admin-system-health-fixes, Property 1: HEAD Method Support for API 
Endpoints[2m > [22m[2mProperty: HEAD requests are handled before other logic[2m > 
[22m[2mshould handle HEAD before checking request body
[22m[39m[ARCJET] WARNING: Running without Arcjet protection

[90mstderr[2m | tests/property/admin-system-health-fixes/head-method.property.test.ts[2m 
> [22m[2mFeature: admin-system-health-fixes, Property 1: HEAD Method Support for API 
Endpoints[2m > [22m[2mProperty: HEAD requests are handled before other logic[2m > 
[22m[2mshould handle HEAD before checking request body
[22m[39m[ARCJET] WARNING: Running without Arcjet protection

[90mstderr[2m | tests/property/admin-system-health-fixes/head-method.property.test.ts[2m 
> [22m[2mFeature: admin-system-health-fixes, Property 1: HEAD Method Support for API 
Endpoints[2m > [22m[2mProperty: HEAD requests are handled before other logic[2m > 
[22m[2mshould handle HEAD before checking request body
[22m[39m[ARCJET] WARNING: Running without Arcjet protection

[90mstderr[2m | tests/property/admin-system-health-fixes/head-method.property.test.ts[2m 
> [22m[2mFeature: admin-system-health-fixes, Property 1: HEAD Method Support for API 
Endpoints[2m > [22m[2mProperty: HEAD requests are handled before other logic[2m > 
[22m[2mshould handle HEAD before checking request body
[22m[39m[ARCJET] WARNING: Running without Arcjet protection

[90mstderr[2m | tests/property/admin-system-health-fixes/head-method.property.test.ts[2m 
> [22m[2mFeature: admin-system-health-fixes, Property 1: HEAD Method Support for API 
Endpoints[2m > [22m[2mProperty: HEAD requests are handled before other logic[2m > 
[22m[2mshould handle HEAD before checking request body
[22m[39m[ARCJET] WARNING: Running without Arcjet protection

[90mstderr[2m | tests/property/admin-system-health-fixes/head-method.property.test.ts[2m 
> [22m[2mFeature: admin-system-health-fixes, Property 1: HEAD Method Support for API 
Endpoints[2m > [22m[2mProperty: HEAD requests are handled before other logic[2m > 
[22m[2mshould handle HEAD before checking request body
[22m[39m[ARCJET] WARNING: Running without Arcjet protection

[90mstderr[2m | tests/property/admin-system-health-fixes/head-method.property.test.ts[2m 
> [22m[2mFeature: admin-system-health-fixes, Property 1: HEAD Method Support for API 
Endpoints[2m > [22m[2mProperty: HEAD requests are handled before other logic[2m > 
[22m[2mshould handle HEAD before checking request body
[22m[39m[ARCJET] WARNING: Running without Arcjet protection

[90mstderr[2m | tests/property/admin-system-health-fixes/head-method.property.test.ts[2m 
> [22m[2mFeature: admin-system-health-fixes, Property 1: HEAD Method Support for API 
Endpoints[2m > [22m[2mProperty: HEAD requests are handled before other logic[2m > 
[22m[2mshould handle HEAD before checking request body
[22m[39m[ARCJET] WARNING: Running without Arcjet protection

[90mstderr[2m | tests/property/admin-system-health-fixes/head-method.property.test.ts[2m 
> [22m[2mFeature: admin-system-health-fixes, Property 1: HEAD Method Support for API 
Endpoints[2m > [22m[2mProperty: HEAD requests are handled before other logic[2m > 
[22m[2mshould handle HEAD before checking request body
[22m[39m[ARCJET] WARNING: Running without Arcjet protection

[90mstderr[2m | tests/property/admin-system-health-fixes/head-method.property.test.ts[2m 
> [22m[2mFeature: admin-system-health-fixes, Property 1: HEAD Method Support for API 
Endpoints[2m > [22m[2mProperty: HEAD requests are handled before other logic[2m > 
[22m[2mshould handle HEAD before checking request body
[22m[39m[ARCJET] WARNING: Running without Arcjet protection

[90mstderr[2m | tests/property/admin-system-health-fixes/head-method.property.test.ts[2m 
> [22m[2mFeature: admin-system-health-fixes, Property 1: HEAD Method Support for API 
Endpoints[2m > [22m[2mProperty: HEAD requests are handled before other logic[2m > 
[22m[2mshould handle HEAD before checking request body
[22m[39m[ARCJET] WARNING: Running without Arcjet protection

[90mstderr[2m | tests/property/admin-system-health-fixes/head-method.property.test.ts[2m 
> [22m[2mFeature: admin-system-health-fixes, Property 1: HEAD Method Support for API 
Endpoints[2m > [22m[2mProperty: HEAD requests are handled before other logic[2m > 
[22m[2mshould handle HEAD before checking request body
[22m[39m[ARCJET] WARNING: Running without Arcjet protection

[90mstderr[2m | tests/property/admin-system-health-fixes/head-method.property.test.ts[2m 
> [22m[2mFeature: admin-system-health-fixes, Property 1: HEAD Method Support for API 
Endpoints[2m > [22m[2mProperty: HEAD requests are handled before other logic[2m > 
[22m[2mshould handle HEAD before checking request body
[22m[39m[ARCJET] WARNING: Running without Arcjet protection

[90mstderr[2m | tests/property/admin-system-health-fixes/head-method.property.test.ts[2m 
> [22m[2mFeature: admin-system-health-fixes, Property 1: HEAD Method Support for API 
Endpoints[2m > [22m[2mProperty: HEAD requests are handled before other logic[2m > 
[22m[2mshould handle HEAD before checking request body
[22m[39m[ARCJET] WARNING: Running without Arcjet protection

[90mstderr[2m | tests/property/admin-system-health-fixes/head-method.property.test.ts[2m 
> [22m[2mFeature: admin-system-health-fixes, Property 1: HEAD Method Support for API 
Endpoints[2m > [22m[2mProperty: HEAD requests are handled before other logic[2m > 
[22m[2mshould handle HEAD before checking request body
[22m[39m[ARCJET] WARNING: Running without Arcjet protection

[90mstderr[2m | tests/property/admin-system-health-fixes/head-method.property.test.ts[2m 
> [22m[2mFeature: admin-system-health-fixes, Property 1: HEAD Method Support for API 
Endpoints[2m > [22m[2mProperty: HEAD requests are handled before other logic[2m > 
[22m[2mshould handle HEAD before checking request body
[22m[39m[ARCJET] WARNING: Running without Arcjet protection

[90mstderr[2m | tests/property/admin-system-health-fixes/head-method.property.test.ts[2m 
> [22m[2mFeature: admin-system-health-fixes, Property 1: HEAD Method Support for API 
Endpoints[2m > [22m[2mProperty: HEAD requests are handled before other logic[2m > 
[22m[2mshould handle HEAD before checking request body
[22m[39m[ARCJET] WARNING: Running without Arcjet protection

[90mstderr[2m | tests/property/admin-system-health-fixes/head-method.property.test.ts[2m 
> [22m[2mFeature: admin-system-health-fixes, Property 1: HEAD Method Support for API 
Endpoints[2m > [22m[2mProperty: HEAD requests are handled before other logic[2m > 
[22m[2mshould handle HEAD before checking request body
[22m[39m[ARCJET] WARNING: Running without Arcjet protection

[90mstderr[2m | tests/property/admin-system-health-fixes/head-method.property.test.ts[2m 
> [22m[2mFeature: admin-system-health-fixes, Property 1: HEAD Method Support for API 
Endpoints[2m > [22m[2mProperty: HEAD requests are handled before other logic[2m > 
[22m[2mshould handle HEAD before checking request body
[22m[39m[ARCJET] WARNING: Running without Arcjet protection

[90mstderr[2m | tests/property/admin-system-health-fixes/head-method.property.test.ts[2m 
> [22m[2mFeature: admin-system-health-fixes, Property 1: HEAD Method Support for API 
Endpoints[2m > [22m[2mProperty: HEAD requests are handled before other logic[2m > 
[22m[2mshould handle HEAD before checking request body
[22m[39m[ARCJET] WARNING: Running without Arcjet protection

[90mstderr[2m | tests/property/admin-system-health-fixes/head-method.property.test.ts[2m 
> [22m[2mFeature: admin-system-health-fixes, Property 1: HEAD Method Support for API 
Endpoints[2m > [22m[2mProperty: HEAD requests are handled before other logic[2m > 
[22m[2mshould handle HEAD before checking request body
[22m[39m[ARCJET] WARNING: Running without Arcjet protection

[90mstderr[2m | tests/property/admin-system-health-fixes/head-method.property.test.ts[2m 
> [22m[2mFeature: admin-system-health-fixes, Property 1: HEAD Method Support for API 
Endpoints[2m > [22m[2mProperty: HEAD requests are handled before other logic[2m > 
[22m[2mshould handle HEAD before checking request body
[22m[39m[ARCJET] WARNING: Running without Arcjet protection

[90mstderr[2m | tests/property/admin-system-health-fixes/head-method.property.test.ts[2m 
> [22m[2mFeature: admin-system-health-fixes, Property 1: HEAD Method Support for API 
Endpoints[2m > [22m[2mProperty: HEAD requests are handled before other logic[2m > 
[22m[2mshould handle HEAD before checking request body
[22m[39m[ARCJET] WARNING: Running without Arcjet protection

[90mstderr[2m | tests/property/admin-system-health-fixes/head-method.property.test.ts[2m 
> [22m[2mFeature: admin-system-health-fixes, Property 1: HEAD Method Support for API 
Endpoints[2m > [22m[2mProperty: HEAD requests are handled before other logic[2m > 
[22m[2mshould handle HEAD before checking request body
[22m[39m[ARCJET] WARNING: Running without Arcjet protection

[90mstderr[2m | tests/property/admin-system-health-fixes/head-method.property.test.ts[2m 
> [22m[2mFeature: admin-system-health-fixes, Property 1: HEAD Method Support for API 
Endpoints[2m > [22m[2mProperty: HEAD requests are handled before other logic[2m > 
[22m[2mshould handle HEAD before checking request body
[22m[39m[ARCJET] WARNING: Running without Arcjet protection

[90mstderr[2m | tests/property/admin-system-health-fixes/head-method.property.test.ts[2m 
> [22m[2mFeature: admin-system-health-fixes, Property 1: HEAD Method Support for API 
Endpoints[2m > [22m[2mProperty: HEAD requests are handled before other logic[2m > 
[22m[2mshould handle HEAD before checking request body
[22m[39m[ARCJET] WARNING: Running without Arcjet protection

[90mstderr[2m | tests/property/admin-system-health-fixes/head-method.property.test.ts[2m 
> [22m[2mFeature: admin-system-health-fixes, Property 1: HEAD Method Support for API 
Endpoints[2m > [22m[2mProperty: HEAD requests are handled before other logic[2m > 
[22m[2mshould handle HEAD before checking request body
[22m[39m[ARCJET] WARNING: Running without Arcjet protection

[90mstderr[2m | tests/property/admin-system-health-fixes/head-method.property.test.ts[2m 
> [22m[2mFeature: admin-system-health-fixes, Property 1: HEAD Method Support for API 
Endpoints[2m > [22m[2mProperty: HEAD requests are handled before other logic[2m > 
[22m[2mshould handle HEAD before checking request body
[22m[39m[ARCJET] WARNING: Running without Arcjet protection

[90mstderr[2m | tests/property/admin-system-health-fixes/head-method.property.test.ts[2m 
> [22m[2mFeature: admin-system-health-fixes, Property 1: HEAD Method Support for API 
Endpoints[2m > [22m[2mProperty: HEAD requests are handled before other logic[2m > 
[22m[2mshould handle HEAD before checking request body
[22m[39m[ARCJET] WARNING: Running without Arcjet protection

[90mstderr[2m | tests/property/admin-system-health-fixes/head-method.property.test.ts[2m 
> [22m[2mFeature: admin-system-health-fixes, Property 1: HEAD Method Support for API 
Endpoints[2m > [22m[2mProperty: HEAD response has no body[2m > [22m[2mshould return 
empty body for all HEAD requests
[22m[39m[ARCJET] WARNING: Running without Arcjet protection

[90mstderr[2m | tests/property/admin-system-health-fixes/head-method.property.test.ts[2m 
> [22m[2mFeature: admin-system-health-fixes, Property 1: HEAD Method Support for API 
Endpoints[2m > [22m[2mProperty: HEAD response has no body[2m > [22m[2mshould return 
empty body for all HEAD requests
[22m[39m[ARCJET] WARNING: Running without Arcjet protection

[90mstderr[2m | tests/property/admin-system-health-fixes/head-method.property.test.ts[2m 
> [22m[2mFeature: admin-system-health-fixes, Property 1: HEAD Method Support for API 
Endpoints[2m > [22m[2mProperty: HEAD response has no body[2m > [22m[2mshould return 
empty body for all HEAD requests
[22m[39m[ARCJET] WARNING: Running without Arcjet protection

[90mstderr[2m | tests/property/admin-system-health-fixes/head-method.property.test.ts[2m 
> [22m[2mFeature: admin-system-health-fixes, Property 1: HEAD Method Support for API 
Endpoints[2m > [22m[2mProperty: HEAD response has no body[2m > [22m[2mshould return 
empty body for all HEAD requests
[22m[39m[ARCJET] WARNING: Running without Arcjet protection

[90mstderr[2m | tests/property/admin-system-health-fixes/head-method.property.test.ts[2m 
> [22m[2mFeature: admin-system-health-fixes, Property 1: HEAD Method Support for API 
Endpoints[2m > [22m[2mProperty: HEAD response has no body[2m > [22m[2mshould return 
empty body for all HEAD requests
[22m[39m[ARCJET] WARNING: Running without Arcjet protection

[90mstderr[2m | tests/property/admin-system-health-fixes/head-method.property.test.ts[2m 
> [22m[2mFeature: admin-system-health-fixes, Property 1: HEAD Method Support for API 
Endpoints[2m > [22m[2mProperty: HEAD response has no body[2m > [22m[2mshould return 
empty body for all HEAD requests
[22m[39m[ARCJET] WARNING: Running without Arcjet protection

[90mstderr[2m | tests/property/admin-system-health-fixes/head-method.property.test.ts[2m 
> [22m[2mFeature: admin-system-health-fixes, Property 1: HEAD Method Support for API 
Endpoints[2m > [22m[2mProperty: HEAD response has no body[2m > [22m[2mshould return 
empty body for all HEAD requests
[22m[39m[ARCJET] WARNING: Running without Arcjet protection

[90mstderr[2m | tests/property/admin-system-health-fixes/head-method.property.test.ts[2m 
> [22m[2mFeature: admin-system-health-fixes, Property 1: HEAD Method Support for API 
Endpoints[2m > [22m[2mProperty: HEAD response has no body[2m > [22m[2mshould return 
empty body for all HEAD requests
[22m[39m[ARCJET] WARNING: Running without Arcjet protection

[90mstderr[2m | tests/property/admin-system-health-fixes/head-method.property.test.ts[2m 
> [22m[2mFeature: admin-system-health-fixes, Property 1: HEAD Method Support for API 
Endpoints[2m > [22m[2mProperty: HEAD response has no body[2m > [22m[2mshould return 
empty body for all HEAD requests
[22m[39m[ARCJET] WARNING: Running without Arcjet protection

[90mstderr[2m | tests/property/admin-system-health-fixes/head-method.property.test.ts[2m 
> [22m[2mFeature: admin-system-health-fixes, Property 1: HEAD Method Support for API 
Endpoints[2m > [22m[2mProperty: HEAD response has no body[2m > [22m[2mshould return 
empty body for all HEAD requests
[22m[39m[ARCJET] WARNING: Running without Arcjet protection

[90mstderr[2m | tests/property/admin-system-health-fixes/head-method.property.test.ts[2m 
> [22m[2mFeature: admin-system-health-fixes, Property 1: HEAD Method Support for API 
Endpoints[2m > [22m[2mProperty: HEAD response has no body[2m > [22m[2mshould return 
empty body for all HEAD requests
[22m[39m[ARCJET] WARNING: Running without Arcjet protection

[90mstderr[2m | tests/property/admin-system-health-fixes/head-method.property.test.ts[2m 
> [22m[2mFeature: admin-system-health-fixes, Property 1: HEAD Method Support for API 
Endpoints[2m > [22m[2mProperty: HEAD response has no body[2m > [22m[2mshould return 
empty body for all HEAD requests
[22m[39m[ARCJET] WARNING: Running without Arcjet protection

[90mstderr[2m | tests/property/admin-system-health-fixes/head-method.property.test.ts[2m 
> [22m[2mFeature: admin-system-health-fixes, Property 1: HEAD Method Support for API 
Endpoints[2m > [22m[2mProperty: HEAD response has no body[2m > [22m[2mshould return 
empty body for all HEAD requests
[22m[39m[ARCJET] WARNING: Running without Arcjet protection

[90mstderr[2m | tests/property/admin-system-health-fixes/head-method.property.test.ts[2m 
> [22m[2mFeature: admin-system-health-fixes, Property 1: HEAD Method Support for API 
Endpoints[2m > [22m[2mProperty: HEAD response has no body[2m > [22m[2mshould return 
empty body for all HEAD requests
[22m[39m[ARCJET] WARNING: Running without Arcjet protection

[90mstderr[2m | tests/property/admin-system-health-fixes/head-method.property.test.ts[2m 
> [22m[2mFeature: admin-system-health-fixes, Property 1: HEAD Method Support for API 
Endpoints[2m > [22m[2mProperty: HEAD response has no body[2m > [22m[2mshould return 
empty body for all HEAD requests
[22m[39m[ARCJET] WARNING: Running without Arcjet protection

[90mstderr[2m | tests/property/admin-system-health-fixes/head-method.property.test.ts[2m 
> [22m[2mFeature: admin-system-health-fixes, Property 1: HEAD Method Support for API 
Endpoints[2m > [22m[2mProperty: HEAD response has no body[2m > [22m[2mshould return 
empty body for all HEAD requests
[22m[39m[ARCJET] WARNING: Running without Arcjet protection

[90mstderr[2m | tests/property/admin-system-health-fixes/head-method.property.test.ts[2m 
> [22m[2mFeature: admin-system-health-fixes, Property 1: HEAD Method Support for API 
Endpoints[2m > [22m[2mProperty: HEAD response has no body[2m > [22m[2mshould return 
empty body for all HEAD requests
[22m[39m[ARCJET] WARNING: Running without Arcjet protection

[90mstderr[2m | tests/property/admin-system-health-fixes/head-method.property.test.ts[2m 
> [22m[2mFeature: admin-system-health-fixes, Property 1: HEAD Method Support for API 
Endpoints[2m > [22m[2mProperty: HEAD response has no body[2m > [22m[2mshould return 
empty body for all HEAD requests
[22m[39m[ARCJET] WARNING: Running without Arcjet protection

[90mstderr[2m | tests/property/admin-system-health-fixes/head-method.property.test.ts[2m 
> [22m[2mFeature: admin-system-health-fixes, Property 1: HEAD Method Support for API 
Endpoints[2m > [22m[2mProperty: HEAD response has no body[2m > [22m[2mshould return 
empty body for all HEAD requests
[22m[39m[ARCJET] WARNING: Running without Arcjet protection

[90mstderr[2m | tests/property/admin-system-health-fixes/head-method.property.test.ts[2m 
> [22m[2mFeature: admin-system-health-fixes, Property 1: HEAD Method Support for API 
Endpoints[2m > [22m[2mProperty: HEAD response has no body[2m > [22m[2mshould return 
empty body for all HEAD requests
[22m[39m[ARCJET] WARNING: Running without Arcjet protection

[90mstderr[2m | tests/property/admin-system-health-fixes/head-method.property.test.ts[2m 
> [22m[2mFeature: admin-system-health-fixes, Property 1: HEAD Method Support for API 
Endpoints[2m > [22m[2mProperty: HEAD response has no body[2m > [22m[2mshould return 
empty body for all HEAD requests
[22m[39m[ARCJET] WARNING: Running without Arcjet protection

[90mstderr[2m | tests/property/admin-system-health-fixes/head-method.property.test.ts[2m 
> [22m[2mFeature: admin-system-health-fixes, Property 1: HEAD Method Support for API 
Endpoints[2m > [22m[2mProperty: HEAD response has no body[2m > [22m[2mshould return 
empty body for all HEAD requests
[22m[39m[ARCJET] WARNING: Running without Arcjet protection

[90mstderr[2m | tests/property/admin-system-health-fixes/head-method.property.test.ts[2m 
> [22m[2mFeature: admin-system-health-fixes, Property 1: HEAD Method Support for API 
Endpoints[2m > [22m[2mProperty: HEAD response has no body[2m > [22m[2mshould return 
empty body for all HEAD requests
[22m[39m[ARCJET] WARNING: Running without Arcjet protection

[90mstderr[2m | tests/property/admin-system-health-fixes/head-method.property.test.ts[2m 
> [22m[2mFeature: admin-system-health-fixes, Property 1: HEAD Method Support for API 
Endpoints[2m > [22m[2mProperty: HEAD response has no body[2m > [22m[2mshould return 
empty body for all HEAD requests
[22m[39m[ARCJET] WARNING: Running without Arcjet protection

[90mstderr[2m | tests/property/admin-system-health-fixes/head-method.property.test.ts[2m 
> [22m[2mFeature: admin-system-health-fixes, Property 1: HEAD Method Support for API 
Endpoints[2m > [22m[2mProperty: HEAD response has no body[2m > [22m[2mshould return 
empty body for all HEAD requests
[22m[39m[ARCJET] WARNING: Running without Arcjet protection

[90mstderr[2m | tests/property/admin-system-health-fixes/head-method.property.test.ts[2m 
> [22m[2mFeature: admin-system-health-fixes, Property 1: HEAD Method Support for API 
Endpoints[2m > [22m[2mProperty: HEAD response has no body[2m > [22m[2mshould return 
empty body for all HEAD requests
[22m[39m[ARCJET] WARNING: Running without Arcjet protection

[90mstderr[2m | tests/property/admin-system-health-fixes/head-method.property.test.ts[2m 
> [22m[2mFeature: admin-system-health-fixes, Property 1: HEAD Method Support for API 
Endpoints[2m > [22m[2mProperty: HEAD response has no body[2m > [22m[2mshould return 
empty body for all HEAD requests
[22m[39m[ARCJET] WARNING: Running without Arcjet protection

[90mstderr[2m | tests/property/admin-system-health-fixes/head-method.property.test.ts[2m 
> [22m[2mFeature: admin-system-health-fixes, Property 1: HEAD Method Support for API 
Endpoints[2m > [22m[2mProperty: HEAD response has no body[2m > [22m[2mshould return 
empty body for all HEAD requests
[22m[39m[ARCJET] WARNING: Running without Arcjet protection

[90mstderr[2m | tests/property/admin-system-health-fixes/head-method.property.test.ts[2m 
> [22m[2mFeature: admin-system-health-fixes, Property 1: HEAD Method Support for API 
Endpoints[2m > [22m[2mProperty: HEAD response has no body[2m > [22m[2mshould return 
empty body for all HEAD requests
[22m[39m[ARCJET] WARNING: Running without Arcjet protection

[90mstderr[2m | tests/property/admin-system-health-fixes/head-method.property.test.ts[2m 
> [22m[2mFeature: admin-system-health-fixes, Property 1: HEAD Method Support for API 
Endpoints[2m > [22m[2mProperty: HEAD response has no body[2m > [22m[2mshould return 
empty body for all HEAD requests
[22m[39m[ARCJET] WARNING: Running without Arcjet protection

[90mstderr[2m | tests/property/admin-system-health-fixes/head-method.property.test.ts[2m 
> [22m[2mFeature: admin-system-health-fixes, Property 1: HEAD Method Support for API 
Endpoints[2m > [22m[2mProperty: HEAD response has no body[2m > [22m[2mshould return 
empty body for all HEAD requests
[22m[39m[ARCJET] WARNING: Running without Arcjet protection

[90mstderr[2m | tests/property/admin-system-health-fixes/head-method.property.test.ts[2m 
> [22m[2mFeature: admin-system-health-fixes, Property 1: HEAD Method Support for API 
Endpoints[2m > [22m[2mProperty: HEAD response has no body[2m > [22m[2mshould return 
empty body for all HEAD requests
[22m[39m[ARCJET] WARNING: Running without Arcjet protection

[90mstderr[2m | tests/property/admin-system-health-fixes/head-method.property.test.ts[2m 
> [22m[2mFeature: admin-system-health-fixes, Property 1: HEAD Method Support for API 
Endpoints[2m > [22m[2mProperty: HEAD response has no body[2m > [22m[2mshould return 
empty body for all HEAD requests
[22m[39m[ARCJET] WARNING: Running without Arcjet protection

[90mstderr[2m | tests/property/admin-system-health-fixes/head-method.property.test.ts[2m 
> [22m[2mFeature: admin-system-health-fixes, Property 1: HEAD Method Support for API 
Endpoints[2m > [22m[2mProperty: HEAD response has no body[2m > [22m[2mshould return 
empty body for all HEAD requests
[22m[39m[ARCJET] WARNING: Running without Arcjet protection

[90mstderr[2m | tests/property/admin-system-health-fixes/head-method.property.test.ts[2m 
> [22m[2mFeature: admin-system-health-fixes, Property 1: HEAD Method Support for API 
Endpoints[2m > [22m[2mProperty: HEAD response has no body[2m > [22m[2mshould return 
empty body for all HEAD requests
[22m[39m[ARCJET] WARNING: Running without Arcjet protection

[90mstderr[2m | tests/property/admin-system-health-fixes/head-method.property.test.ts[2m 
> [22m[2mFeature: admin-system-health-fixes, Property 1: HEAD Method Support for API 
Endpoints[2m > [22m[2mProperty: HEAD response has no body[2m > [22m[2mshould return 
empty body for all HEAD requests
[22m[39m[ARCJET] WARNING: Running without Arcjet protection

[90mstderr[2m | tests/property/admin-system-health-fixes/head-method.property.test.ts[2m 
> [22m[2mFeature: admin-system-health-fixes, Property 1: HEAD Method Support for API 
Endpoints[2m > [22m[2mProperty: HEAD response has no body[2m > [22m[2mshould return 
empty body for all HEAD requests
[22m[39m[ARCJET] WARNING: Running without Arcjet protection

[90mstderr[2m | tests/property/admin-system-health-fixes/head-method.property.test.ts[2m 
> [22m[2mFeature: admin-system-health-fixes, Property 1: HEAD Method Support for API 
Endpoints[2m > [22m[2mProperty: HEAD response has no body[2m > [22m[2mshould return 
empty body for all HEAD requests
[22m[39m[ARCJET] WARNING: Running without Arcjet protection

[90mstderr[2m | tests/property/admin-system-health-fixes/head-method.property.test.ts[2m 
> [22m[2mFeature: admin-system-health-fixes, Property 1: HEAD Method Support for API 
Endpoints[2m > [22m[2mProperty: HEAD response has no body[2m > [22m[2mshould return 
empty body for all HEAD requests
[22m[39m[ARCJET] WARNING: Running without Arcjet protection

[90mstderr[2m | tests/property/admin-system-health-fixes/head-method.property.test.ts[2m 
> [22m[2mFeature: admin-system-health-fixes, Property 1: HEAD Method Support for API 
Endpoints[2m > [22m[2mProperty: HEAD response has no body[2m > [22m[2mshould return 
empty body for all HEAD requests
[22m[39m[ARCJET] WARNING: Running without Arcjet protection

[90mstderr[2m | tests/property/admin-system-health-fixes/head-method.property.test.ts[2m 
> [22m[2mFeature: admin-system-health-fixes, Property 1: HEAD Method Support for API 
Endpoints[2m > [22m[2mProperty: HEAD response has no body[2m > [22m[2mshould return 
empty body for all HEAD requests
[22m[39m[ARCJET] WARNING: Running without Arcjet protection

[90mstderr[2m | tests/property/admin-system-health-fixes/head-method.property.test.ts[2m 
> [22m[2mFeature: admin-system-health-fixes, Property 1: HEAD Method Support for API 
Endpoints[2m > [22m[2mProperty: HEAD response has no body[2m > [22m[2mshould return 
empty body for all HEAD requests
[22m[39m[ARCJET] WARNING: Running without Arcjet protection

[90mstderr[2m | tests/property/admin-system-health-fixes/head-method.property.test.ts[2m 
> [22m[2mFeature: admin-system-health-fixes, Property 1: HEAD Method Support for API 
Endpoints[2m > [22m[2mProperty: HEAD response has no body[2m > [22m[2mshould return 
empty body for all HEAD requests
[22m[39m[ARCJET] WARNING: Running without Arcjet protection

[90mstderr[2m | tests/property/admin-system-health-fixes/head-method.property.test.ts[2m 
> [22m[2mFeature: admin-system-health-fixes, Property 1: HEAD Method Support for API 
Endpoints[2m > [22m[2mProperty: HEAD response has no body[2m > [22m[2mshould return 
empty body for all HEAD requests
[22m[39m[ARCJET] WARNING: Running without Arcjet protection

[90mstderr[2m | tests/property/admin-system-health-fixes/head-method.property.test.ts[2m 
> [22m[2mFeature: admin-system-health-fixes, Property 1: HEAD Method Support for API 
Endpoints[2m > [22m[2mProperty: HEAD response has no body[2m > [22m[2mshould return 
empty body for all HEAD requests
[22m[39m[ARCJET] WARNING: Running without Arcjet protection

[90mstderr[2m | tests/property/admin-system-health-fixes/head-method.property.test.ts[2m 
> [22m[2mFeature: admin-system-health-fixes, Property 1: HEAD Method Support for API 
Endpoints[2m > [22m[2mProperty: HEAD response has no body[2m > [22m[2mshould return 
empty body for all HEAD requests
[22m[39m[ARCJET] WARNING: Running without Arcjet protection

[90mstderr[2m | tests/property/admin-system-health-fixes/head-method.property.test.ts[2m 
> [22m[2mFeature: admin-system-health-fixes, Property 1: HEAD Method Support for API 
Endpoints[2m > [22m[2mProperty: HEAD response has no body[2m > [22m[2mshould return 
empty body for all HEAD requests
[22m[39m[ARCJET] WARNING: Running without Arcjet protection

[90mstderr[2m | tests/property/admin-system-health-fixes/head-method.property.test.ts[2m 
> [22m[2mFeature: admin-system-health-fixes, Property 1: HEAD Method Support for API 
Endpoints[2m > [22m[2mProperty: HEAD response has no body[2m > [22m[2mshould return 
empty body for all HEAD requests
[22m[39m[ARCJET] WARNING: Running without Arcjet protection

[90mstderr[2m | tests/property/admin-system-health-fixes/head-method.property.test.ts[2m 
> [22m[2mFeature: admin-system-health-fixes, Property 1: HEAD Method Support for API 
Endpoints[2m > [22m[2mProperty: HEAD response has no body[2m > [22m[2mshould return 
empty body for all HEAD requests
[22m[39m[ARCJET] WARNING: Running without Arcjet protection

[90mstderr[2m | tests/property/admin-system-health-fixes/head-method.property.test.ts[2m 
> [22m[2mFeature: admin-system-health-fixes, Property 1: HEAD Method Support for API 
Endpoints[2m > [22m[2mProperty: HEAD response has no body[2m > [22m[2mshould return 
empty body for all HEAD requests
[22m[39m[ARCJET] WARNING: Running without Arcjet protection

[90mstderr[2m | tests/property/admin-system-health-fixes/head-method.property.test.ts[2m 
> [22m[2mFeature: admin-system-health-fixes, Property 1: HEAD Method Support for API 
Endpoints[2m > [22m[2mProperty: HEAD response has no body[2m > [22m[2mshould return 
empty body for all HEAD requests
[22m[39m[ARCJET] WARNING: Running without Arcjet protection

[90mstderr[2m | tests/property/admin-system-health-fixes/head-method.property.test.ts[2m 
> [22m[2mFeature: admin-system-health-fixes, Property 1: HEAD Method Support for API 
Endpoints[2m > [22m[2mProperty: HEAD response has no body[2m > [22m[2mshould return 
empty body for all HEAD requests
[22m[39m[ARCJET] WARNING: Running without Arcjet protection

[90mstderr[2m | tests/property/admin-system-health-fixes/head-method.property.test.ts[2m 
> [22m[2mFeature: admin-system-health-fixes, Property 1: HEAD Method Support for API 
Endpoints[2m > [22m[2mProperty: HEAD response has no body[2m > [22m[2mshould return 
empty body for all HEAD requests
[22m[39m[ARCJET] WARNING: Running without Arcjet protection

[90mstderr[2m | tests/property/admin-system-health-fixes/head-method.property.test.ts[2m 
> [22m[2mFeature: admin-system-health-fixes, Property 1: HEAD Method Support for API 
Endpoints[2m > [22m[2mProperty: HEAD response has no body[2m > [22m[2mshould return 
empty body for all HEAD requests
[22m[39m[ARCJET] WARNING: Running without Arcjet protection

[90mstderr[2m | tests/property/admin-system-health-fixes/head-method.property.test.ts[2m 
> [22m[2mFeature: admin-system-health-fixes, Property 1: HEAD Method Support for API 
Endpoints[2m > [22m[2mProperty: HEAD response has no body[2m > [22m[2mshould return 
empty body for all HEAD requests
[22m[39m[ARCJET] WARNING: Running without Arcjet protection

[90mstderr[2m | tests/property/admin-system-health-fixes/head-method.property.test.ts[2m 
> [22m[2mFeature: admin-system-health-fixes, Property 1: HEAD Method Support for API 
Endpoints[2m > [22m[2mProperty: HEAD response has no body[2m > [22m[2mshould return 
empty body for all HEAD requests
[22m[39m[ARCJET] WARNING: Running without Arcjet protection

[90mstderr[2m | tests/property/admin-system-health-fixes/head-method.property.test.ts[2m 
> [22m[2mFeature: admin-system-health-fixes, Property 1: HEAD Method Support for API 
Endpoints[2m > [22m[2mProperty: HEAD response has no body[2m > [22m[2mshould return 
empty body for all HEAD requests
[22m[39m[ARCJET] WARNING: Running without Arcjet protection

[90mstderr[2m | tests/property/admin-system-health-fixes/head-method.property.test.ts[2m 
> [22m[2mFeature: admin-system-health-fixes, Property 1: HEAD Method Support for API 
Endpoints[2m > [22m[2mProperty: HEAD response has no body[2m > [22m[2mshould return 
empty body for all HEAD requests
[22m[39m[ARCJET] WARNING: Running without Arcjet protection

[90mstderr[2m | tests/property/admin-system-health-fixes/head-method.property.test.ts[2m 
> [22m[2mFeature: admin-system-health-fixes, Property 1: HEAD Method Support for API 
Endpoints[2m > [22m[2mProperty: HEAD response has no body[2m > [22m[2mshould return 
empty body for all HEAD requests
[22m[39m[ARCJET] WARNING: Running without Arcjet protection

[90mstderr[2m | tests/property/admin-system-health-fixes/head-method.property.test.ts[2m 
> [22m[2mFeature: admin-system-health-fixes, Property 1: HEAD Method Support for API 
Endpoints[2m > [22m[2mProperty: HEAD response has no body[2m > [22m[2mshould return 
empty body for all HEAD requests
[22m[39m[ARCJET] WARNING: Running without Arcjet protection

[90mstderr[2m | tests/property/admin-system-health-fixes/head-method.property.test.ts[2m 
> [22m[2mFeature: admin-system-health-fixes, Property 1: HEAD Method Support for API 
Endpoints[2m > [22m[2mProperty: HEAD response has no body[2m > [22m[2mshould return 
empty body for all HEAD requests
[22m[39m[ARCJET] WARNING: Running without Arcjet protection

[90mstderr[2m | tests/property/admin-system-health-fixes/head-method.property.test.ts[2m 
> [22m[2mFeature: admin-system-health-fixes, Property 1: HEAD Method Support for API 
Endpoints[2m > [22m[2mProperty: HEAD response has no body[2m > [22m[2mshould return 
empty body for all HEAD requests
[22m[39m[ARCJET] WARNING: Running without Arcjet protection

[90mstderr[2m | tests/property/admin-system-health-fixes/head-method.property.test.ts[2m 
> [22m[2mFeature: admin-system-health-fixes, Property 1: HEAD Method Support for API 
Endpoints[2m > [22m[2mProperty: HEAD response has no body[2m > [22m[2mshould return 
empty body for all HEAD requests
[22m[39m[ARCJET] WARNING: Running without Arcjet protection

[90mstderr[2m | tests/property/admin-system-health-fixes/head-method.property.test.ts[2m 
> [22m[2mFeature: admin-system-health-fixes, Property 1: HEAD Method Support for API 
Endpoints[2m > [22m[2mProperty: HEAD response has no body[2m > [22m[2mshould return 
empty body for all HEAD requests
[22m[39m[ARCJET] WARNING: Running without Arcjet protection

[90mstderr[2m | tests/property/admin-system-health-fixes/head-method.property.test.ts[2m 
> [22m[2mFeature: admin-system-health-fixes, Property 1: HEAD Method Support for API 
Endpoints[2m > [22m[2mProperty: HEAD response has no body[2m > [22m[2mshould return 
empty body for all HEAD requests
[22m[39m[ARCJET] WARNING: Running without Arcjet protection

[90mstderr[2m | tests/property/admin-system-health-fixes/head-method.property.test.ts[2m 
> [22m[2mFeature: admin-system-health-fixes, Property 1: HEAD Method Support for API 
Endpoints[2m > [22m[2mProperty: HEAD response has no body[2m > [22m[2mshould return 
empty body for all HEAD requests
[22m[39m[ARCJET] WARNING: Running without Arcjet protection

[90mstderr[2m | tests/property/admin-system-health-fixes/head-method.property.test.ts[2m 
> [22m[2mFeature: admin-system-health-fixes, Property 1: HEAD Method Support for API 
Endpoints[2m > [22m[2mProperty: HEAD response has no body[2m > [22m[2mshould return 
empty body for all HEAD requests
[22m[39m[ARCJET] WARNING: Running without Arcjet protection

[90mstderr[2m | tests/property/admin-system-health-fixes/head-method.property.test.ts[2m 
> [22m[2mFeature: admin-system-health-fixes, Property 1: HEAD Method Support for API 
Endpoints[2m > [22m[2mProperty: HEAD response has no body[2m > [22m[2mshould return 
empty body for all HEAD requests
[22m[39m[ARCJET] WARNING: Running without Arcjet protection

[90mstderr[2m | tests/property/admin-system-health-fixes/head-method.property.test.ts[2m 
> [22m[2mFeature: admin-system-health-fixes, Property 1: HEAD Method Support for API 
Endpoints[2m > [22m[2mProperty: HEAD response has no body[2m > [22m[2mshould return 
empty body for all HEAD requests
[22m[39m[ARCJET] WARNING: Running without Arcjet protection

[90mstderr[2m | tests/property/admin-system-health-fixes/head-method.property.test.ts[2m 
> [22m[2mFeature: admin-system-health-fixes, Property 1: HEAD Method Support for API 
Endpoints[2m > [22m[2mProperty: HEAD response has no body[2m > [22m[2mshould return 
empty body for all HEAD requests
[22m[39m[ARCJET] WARNING: Running without Arcjet protection

[90mstderr[2m | tests/property/admin-system-health-fixes/head-method.property.test.ts[2m 
> [22m[2mFeature: admin-system-health-fixes, Property 1: HEAD Method Support for API 
Endpoints[2m > [22m[2mProperty: HEAD response has no body[2m > [22m[2mshould return 
empty body for all HEAD requests
[22m[39m[ARCJET] WARNING: Running without Arcjet protection

[90mstderr[2m | tests/property/admin-system-health-fixes/head-method.property.test.ts[2m 
> [22m[2mFeature: admin-system-health-fixes, Property 1: HEAD Method Support for API 
Endpoints[2m > [22m[2mProperty: HEAD response has no body[2m > [22m[2mshould return 
empty body for all HEAD requests
[22m[39m[ARCJET] WARNING: Running without Arcjet protection

[90mstderr[2m | tests/property/admin-system-health-fixes/head-method.property.test.ts[2m 
> [22m[2mFeature: admin-system-health-fixes, Property 1: HEAD Method Support for API 
Endpoints[2m > [22m[2mProperty: HEAD response has no body[2m > [22m[2mshould return 
empty body for all HEAD requests
[22m[39m[ARCJET] WARNING: Running without Arcjet protection

[90mstderr[2m | tests/property/admin-system-health-fixes/head-method.property.test.ts[2m 
> [22m[2mFeature: admin-system-health-fixes, Property 1: HEAD Method Support for API 
Endpoints[2m > [22m[2mProperty: HEAD response has no body[2m > [22m[2mshould return 
empty body for all HEAD requests
[22m[39m[ARCJET] WARNING: Running without Arcjet protection

[90mstderr[2m | tests/property/admin-system-health-fixes/head-method.property.test.ts[2m 
> [22m[2mFeature: admin-system-health-fixes, Property 1: HEAD Method Support for API 
Endpoints[2m > [22m[2mProperty: HEAD response has no body[2m > [22m[2mshould return 
empty body for all HEAD requests
[22m[39m[ARCJET] WARNING: Running without Arcjet protection

[90mstderr[2m | tests/property/admin-system-health-fixes/head-method.property.test.ts[2m 
> [22m[2mFeature: admin-system-health-fixes, Property 1: HEAD Method Support for API 
Endpoints[2m > [22m[2mProperty: HEAD response has no body[2m > [22m[2mshould return 
empty body for all HEAD requests
[22m[39m[ARCJET] WARNING: Running without Arcjet protection

[90mstderr[2m | tests/property/admin-system-health-fixes/head-method.property.test.ts[2m 
> [22m[2mFeature: admin-system-health-fixes, Property 1: HEAD Method Support for API 
Endpoints[2m > [22m[2mProperty: HEAD response has no body[2m > [22m[2mshould return 
empty body for all HEAD requests
[22m[39m[ARCJET] WARNING: Running without Arcjet protection

[90mstderr[2m | tests/property/admin-system-health-fixes/head-method.property.test.ts[2m 
> [22m[2mFeature: admin-system-health-fixes, Property 1: HEAD Method Support for API 
Endpoints[2m > [22m[2mProperty: HEAD response has no body[2m > [22m[2mshould return 
empty body for all HEAD requests
[22m[39m[ARCJET] WARNING: Running without Arcjet protection

[90mstderr[2m | tests/property/admin-system-health-fixes/head-method.property.test.ts[2m 
> [22m[2mFeature: admin-system-health-fixes, Property 1: HEAD Method Support for API 
Endpoints[2m > [22m[2mProperty: HEAD response has no body[2m > [22m[2mshould return 
empty body for all HEAD requests
[22m[39m[ARCJET] WARNING: Running without Arcjet protection

[90mstderr[2m | tests/property/admin-system-health-fixes/head-method.property.test.ts[2m 
> [22m[2mFeature: admin-system-health-fixes, Property 1: HEAD Method Support for API 
Endpoints[2m > [22m[2mProperty: HEAD response has no body[2m > [22m[2mshould return 
empty body for all HEAD requests
[22m[39m[ARCJET] WARNING: Running without Arcjet protection

[90mstderr[2m | tests/property/admin-system-health-fixes/head-method.property.test.ts[2m 
> [22m[2mFeature: admin-system-health-fixes, Property 1: HEAD Method Support for API 
Endpoints[2m > [22m[2mProperty: HEAD response has no body[2m > [22m[2mshould return 
empty body for all HEAD requests
[22m[39m[ARCJET] WARNING: Running without Arcjet protection

[90mstderr[2m | tests/property/admin-system-health-fixes/head-method.property.test.ts[2m 
> [22m[2mFeature: admin-system-health-fixes, Property 1: HEAD Method Support for API 
Endpoints[2m > [22m[2mProperty: HEAD response has no body[2m > [22m[2mshould return 
empty body for all HEAD requests
[22m[39m[ARCJET] WARNING: Running without Arcjet protection

[90mstderr[2m | tests/property/admin-system-health-fixes/head-method.property.test.ts[2m 
> [22m[2mFeature: admin-system-health-fixes, Property 1: HEAD Method Support for API 
Endpoints[2m > [22m[2mProperty: HEAD response has no body[2m > [22m[2mshould return 
empty body for all HEAD requests
[22m[39m[ARCJET] WARNING: Running without Arcjet protection

[90mstderr[2m | tests/property/admin-system-health-fixes/head-method.property.test.ts[2m 
> [22m[2mFeature: admin-system-health-fixes, Property 1: HEAD Method Support for API 
Endpoints[2m > [22m[2mProperty: HEAD response has no body[2m > [22m[2mshould return 
empty body for all HEAD requests
[22m[39m[ARCJET] WARNING: Running without Arcjet protection

[90mstderr[2m | tests/property/admin-system-health-fixes/head-method.property.test.ts[2m 
> [22m[2mFeature: admin-system-health-fixes, Property 1: HEAD Method Support for API 
Endpoints[2m > [22m[2mProperty: HEAD response has no body[2m > [22m[2mshould return 
empty body for all HEAD requests
[22m[39m[ARCJET] WARNING: Running without Arcjet protection

[90mstderr[2m | tests/property/admin-system-health-fixes/head-method.property.test.ts[2m 
> [22m[2mFeature: admin-system-health-fixes, Property 1: HEAD Method Support for API 
Endpoints[2m > [22m[2mProperty: HEAD response has no body[2m > [22m[2mshould return 
empty body for all HEAD requests
[22m[39m[ARCJET] WARNING: Running without Arcjet protection

[90mstderr[2m | tests/property/admin-system-health-fixes/head-method.property.test.ts[2m 
> [22m[2mFeature: admin-system-health-fixes, Property 1: HEAD Method Support for API 
Endpoints[2m > [22m[2mProperty: HEAD response has no body[2m > [22m[2mshould return 
empty body for all HEAD requests
[22m[39m[ARCJET] WARNING: Running without Arcjet protection

[90mstderr[2m | tests/property/admin-system-health-fixes/head-method.property.test.ts[2m 
> [22m[2mFeature: admin-system-health-fixes, Property 1: HEAD Method Support for API 
Endpoints[2m > [22m[2mProperty: HEAD response has no body[2m > [22m[2mshould return 
empty body for all HEAD requests
[22m[39m[ARCJET] WARNING: Running without Arcjet protection

[90mstderr[2m | tests/property/admin-system-health-fixes/head-method.property.test.ts[2m 
> [22m[2mFeature: admin-system-health-fixes, Property 1: HEAD Method Support for API 
Endpoints[2m > [22m[2mProperty: HEAD response has no body[2m > [22m[2mshould return 
empty body for all HEAD requests
[22m[39m[ARCJET] WARNING: Running without Arcjet protection

[90mstderr[2m | tests/property/admin-system-health-fixes/head-method.property.test.ts[2m 
> [22m[2mFeature: admin-system-health-fixes, Property 1: HEAD Method Support for API 
Endpoints[2m > [22m[2mProperty: HEAD response has no body[2m > [22m[2mshould return 
empty body for all HEAD requests
[22m[39m[ARCJET] WARNING: Running without Arcjet protection

[90mstderr[2m | tests/property/admin-system-health-fixes/head-method.property.test.ts[2m 
> [22m[2mFeature: admin-system-health-fixes, Property 1: HEAD Method Support for API 
Endpoints[2m > [22m[2mProperty: HEAD response has no body[2m > [22m[2mshould return 
empty body for all HEAD requests
[22m[39m[ARCJET] WARNING: Running without Arcjet protection

[90mstderr[2m | tests/property/admin-system-health-fixes/head-method.property.test.ts[2m 
> [22m[2mFeature: admin-system-health-fixes, Property 1: HEAD Method Support for API 
Endpoints[2m > [22m[2mProperty: HEAD response has no body[2m > [22m[2mshould return 
empty body for all HEAD requests
[22m[39m[ARCJET] WARNING: Running without Arcjet protection

[90mstderr[2m | tests/property/admin-system-health-fixes/head-method.property.test.ts[2m 
> [22m[2mFeature: admin-system-health-fixes, Property 1: HEAD Method Support for API 
Endpoints[2m > [22m[2mProperty: HEAD response has no body[2m > [22m[2mshould return 
empty body for all HEAD requests
[22m[39m[ARCJET] WARNING: Running without Arcjet protection

[90mstderr[2m | tests/property/admin-system-health-fixes/head-method.property.test.ts[2m 
> [22m[2mFeature: admin-system-health-fixes, Property 1: HEAD Method Support for API 
Endpoints[2m > [22m[2mProperty: HEAD response has no body[2m > [22m[2mshould return 
empty body for all HEAD requests
[22m[39m[ARCJET] WARNING: Running without Arcjet protection

[90mstderr[2m | tests/property/admin-system-health-fixes/head-method.property.test.ts[2m 
> [22m[2mFeature: admin-system-health-fixes, Property 1: HEAD Method Support for API 
Endpoints[2m > [22m[2mProperty: HEAD response has no body[2m > [22m[2mshould return 
empty body for all HEAD requests
[22m[39m[ARCJET] WARNING: Running without Arcjet protection

[90mstderr[2m | tests/property/admin-system-health-fixes/head-method.property.test.ts[2m 
> [22m[2mFeature: admin-system-health-fixes, Property 1: HEAD Method Support for API 
Endpoints[2m > [22m[2mProperty: HEAD response has no body[2m > [22m[2mshould return 
empty body for all HEAD requests
[22m[39m[ARCJET] WARNING: Running without Arcjet protection

[90mstderr[2m | tests/property/admin-system-health-fixes/head-method.property.test.ts[2m 
> [22m[2mFeature: admin-system-health-fixes, Property 1: HEAD Method Support for API 
Endpoints[2m > [22m[2mProperty: HEAD response has no body[2m > [22m[2mshould return 
empty body for all HEAD requests
[22m[39m[ARCJET] WARNING: Running without Arcjet protection

[90mstderr[2m | tests/property/admin-system-health-fixes/head-method.property.test.ts[2m 
> [22m[2mFeature: admin-system-health-fixes, Property 1: HEAD Method Support for API 
Endpoints[2m > [22m[2mProperty: HEAD response has no body[2m > [22m[2mshould return 
empty body for all HEAD requests
[22m[39m[ARCJET] WARNING: Running without Arcjet protection

[90mstderr[2m | tests/property/admin-system-health-fixes/head-method.property.test.ts[2m 
> [22m[2mFeature: admin-system-health-fixes, Property 1: HEAD Method Support for API 
Endpoints[2m > [22m[2mProperty: HEAD response has no body[2m > [22m[2mshould return 
empty body for all HEAD requests
[22m[39m[ARCJET] WARNING: Running without Arcjet protection

[90mstderr[2m | tests/property/admin-system-health-fixes/head-method.property.test.ts[2m 
> [22m[2mFeature: admin-system-health-fixes, Property 1: HEAD Method Support for API 
Endpoints[2m > [22m[2mProperty: HEAD response has no body[2m > [22m[2mshould return 
empty body for all HEAD requests
[22m[39m[ARCJET] WARNING: Running without Arcjet protection

 [32mΓ£ô[39m tests/property/admin-system-health-fixes/head-method.property.test.ts [2m([22m[2m9 tests[22m[2m)[22m[33m 1548[2mms[22m[39m
       [33m[2mΓ£ô[22m[39m should return 200 for HEAD request to any API endpoint [33m 1035[2mms[22m[39m
 [32mΓ£ô[39m tests/property/admin-system-health-fixes/health-dashboard-resilience.property.test.ts [2m([22m[2m15 tests[22m[2m)[22m[33m 1139[2mms[22m[39m
 [32mΓ£ô[39m tests/property/admin-system-health-fixes/audit-log-actor.property.test.ts [2m([22m[2m9 tests[22m[2m)[22m[33m 910[2mms[22m[39m
       [33m[2mΓ£ô[22m[39m should handle mixed null and non-null actors in same query [33m 574[2mms[22m[39m
[90mstderr[2m | 
tests/property/admin-system-health-fixes/settings-auth.property.test.ts[2m > 
[22m[2mFeature: admin-system-health-fixes, Property 3: Settings Authentication 
Requirement[2m > [22m[2mProperty: Requests without valid auth are rejected with 401 
(Requirement 2.6)[2m > [22m[2mshould reject GET requests without valid authentication
[22m[39m[ARCJET] FATAL: ARCJET_KEY environment variable not set
[ARCJET] Security layer DISABLED - set ARCJET_KEY immediately

[90mstderr[2m | 
tests/property/admin-system-health-fixes/settings-auth.property.test.ts[2m > 
[22m[2mFeature: admin-system-health-fixes, Property 3: Settings Authentication 
Requirement[2m > [22m[2mProperty: Requests without valid auth are rejected with 401 
(Requirement 2.6)[2m > [22m[2mshould reject GET requests without valid authentication
[22m[39m[ARCJET] WARNING: Running without Arcjet protection

[90mstdout[2m | tests/property/admin-system-health-fixes/settings-auth.property.test.ts[2m > [22m[2mFeature: admin-system-health-fixes, Property 3: Settings Authentication Requirement[2m > [22m[2mProperty: Requests without valid auth are rejected with 401 (Requirement 2.6)[2m > [22m[2mshould reject GET requests without valid authentication
[22m[39m[AUTH] Token verification failed: Access token verification failed

[90mstderr[2m | 
tests/property/admin-system-health-fixes/settings-auth.property.test.ts[2m > 
[22m[2mFeature: admin-system-health-fixes, Property 3: Settings Authentication 
Requirement[2m > [22m[2mProperty: Requests without valid auth are rejected with 401 
(Requirement 2.6)[2m > [22m[2mshould reject GET requests without valid authentication
[22m[39m[ARCJET] WARNING: Running without Arcjet protection

[90mstderr[2m | 
tests/property/admin-system-health-fixes/settings-auth.property.test.ts[2m > 
[22m[2mFeature: admin-system-health-fixes, Property 3: Settings Authentication 
Requirement[2m > [22m[2mProperty: Requests without valid auth are rejected with 401 
(Requirement 2.6)[2m > [22m[2mshould reject GET requests without valid authentication
[22m[39m[ARCJET] WARNING: Running without Arcjet protection

[90mstderr[2m | 
tests/property/admin-system-health-fixes/settings-auth.property.test.ts[2m > 
[22m[2mFeature: admin-system-health-fixes, Property 3: Settings Authentication 
Requirement[2m > [22m[2mProperty: Requests without valid auth are rejected with 401 
(Requirement 2.6)[2m > [22m[2mshould reject GET requests without valid authentication
[22m[39m[ARCJET] WARNING: Running without Arcjet protection

[90mstderr[2m | 
tests/property/admin-system-health-fixes/settings-auth.property.test.ts[2m > 
[22m[2mFeature: admin-system-health-fixes, Property 3: Settings Authentication 
Requirement[2m > [22m[2mProperty: Requests without valid auth are rejected with 401 
(Requirement 2.6)[2m > [22m[2mshould reject GET requests without valid authentication
[22m[39m[ARCJET] WARNING: Running without Arcjet protection

[90mstderr[2m | 
tests/property/admin-system-health-fixes/settings-auth.property.test.ts[2m > 
[22m[2mFeature: admin-system-health-fixes, Property 3: Settings Authentication 
Requirement[2m > [22m[2mProperty: Requests without valid auth are rejected with 401 
(Requirement 2.6)[2m > [22m[2mshould reject GET requests without valid authentication
[22m[39m[ARCJET] WARNING: Running without Arcjet protection

[90mstderr[2m | 
tests/property/admin-system-health-fixes/settings-auth.property.test.ts[2m > 
[22m[2mFeature: admin-system-health-fixes, Property 3: Settings Authentication 
Requirement[2m > [22m[2mProperty: Requests without valid auth are rejected with 401 
(Requirement 2.6)[2m > [22m[2mshould reject GET requests without valid authentication
[22m[39m[ARCJET] WARNING: Running without Arcjet protection

[90mstdout[2m | tests/property/admin-system-health-fixes/settings-auth.property.test.ts[2m > [22m[2mFeature: admin-system-health-fixes, Property 3: Settings Authentication Requirement[2m > [22m[2mProperty: Requests without valid auth are rejected with 401 (Requirement 2.6)[2m > [22m[2mshould reject GET requests without valid authentication
[22m[39m[AUTH] Token verification failed: Access token verification failed

[90mstderr[2m | 
tests/property/admin-system-health-fixes/settings-auth.property.test.ts[2m > 
[22m[2mFeature: admin-system-health-fixes, Property 3: Settings Authentication 
Requirement[2m > [22m[2mProperty: Requests without valid auth are rejected with 401 
(Requirement 2.6)[2m > [22m[2mshould reject GET requests without valid authentication
[22m[39m[ARCJET] WARNING: Running without Arcjet protection

[90mstderr[2m | 
tests/property/admin-system-health-fixes/settings-auth.property.test.ts[2m > 
[22m[2mFeature: admin-system-health-fixes, Property 3: Settings Authentication 
Requirement[2m > [22m[2mProperty: Requests without valid auth are rejected with 401 
(Requirement 2.6)[2m > [22m[2mshould reject GET requests without valid authentication
[22m[39m[ARCJET] WARNING: Running without Arcjet protection

[90mstderr[2m | 
tests/property/admin-system-health-fixes/settings-auth.property.test.ts[2m > 
[22m[2mFeature: admin-system-health-fixes, Property 3: Settings Authentication 
Requirement[2m > [22m[2mProperty: Requests without valid auth are rejected with 401 
(Requirement 2.6)[2m > [22m[2mshould reject GET requests without valid authentication
[22m[39m[ARCJET] WARNING: Running without Arcjet protection

[90mstderr[2m | 
tests/property/admin-system-health-fixes/settings-auth.property.test.ts[2m > 
[22m[2mFeature: admin-system-health-fixes, Property 3: Settings Authentication 
Requirement[2m > [22m[2mProperty: Requests without valid auth are rejected with 401 
(Requirement 2.6)[2m > [22m[2mshould reject GET requests without valid authentication
[22m[39m[ARCJET] WARNING: Running without Arcjet protection

[90mstderr[2m | 
tests/property/admin-system-health-fixes/settings-auth.property.test.ts[2m > 
[22m[2mFeature: admin-system-health-fixes, Property 3: Settings Authentication 
Requirement[2m > [22m[2mProperty: Requests without valid auth are rejected with 401 
(Requirement 2.6)[2m > [22m[2mshould reject GET requests without valid authentication
[22m[39m[ARCJET] WARNING: Running without Arcjet protection

[90mstderr[2m | 
tests/property/admin-system-health-fixes/settings-auth.property.test.ts[2m > 
[22m[2mFeature: admin-system-health-fixes, Property 3: Settings Authentication 
Requirement[2m > [22m[2mProperty: Requests without valid auth are rejected with 401 
(Requirement 2.6)[2m > [22m[2mshould reject GET requests without valid authentication
[22m[39m[ARCJET] WARNING: Running without Arcjet protection

[90mstderr[2m | 
tests/property/admin-system-health-fixes/settings-auth.property.test.ts[2m > 
[22m[2mFeature: admin-system-health-fixes, Property 3: Settings Authentication 
Requirement[2m > [22m[2mProperty: Requests without valid auth are rejected with 401 
(Requirement 2.6)[2m > [22m[2mshould reject GET requests without valid authentication
[22m[39m[ARCJET] WARNING: Running without Arcjet protection

[90mstdout[2m | tests/property/admin-system-health-fixes/settings-auth.property.test.ts[2m > [22m[2mFeature: admin-system-health-fixes, Property 3: Settings Authentication Requirement[2m > [22m[2mProperty: Requests without valid auth are rejected with 401 (Requirement 2.6)[2m > [22m[2mshould reject GET requests without valid authentication
[22m[39m[AUTH] Token verification failed: Access token verification failed

[90mstderr[2m | 
tests/property/admin-system-health-fixes/settings-auth.property.test.ts[2m > 
[22m[2mFeature: admin-system-health-fixes, Property 3: Settings Authentication 
Requirement[2m > [22m[2mProperty: Requests without valid auth are rejected with 401 
(Requirement 2.6)[2m > [22m[2mshould reject GET requests without valid authentication
[22m[39m[ARCJET] WARNING: Running without Arcjet protection

[90mstdout[2m | tests/property/admin-system-health-fixes/settings-auth.property.test.ts[2m > [22m[2mFeature: admin-system-health-fixes, Property 3: Settings Authentication Requirement[2m > [22m[2mProperty: Requests without valid auth are rejected with 401 (Requirement 2.6)[2m > [22m[2mshould reject GET requests without valid authentication
[22m[39m[AUTH] Token verification failed: Access token verification failed

[90mstderr[2m | 
tests/property/admin-system-health-fixes/settings-auth.property.test.ts[2m > 
[22m[2mFeature: admin-system-health-fixes, Property 3: Settings Authentication 
Requirement[2m > [22m[2mProperty: Requests without valid auth are rejected with 401 
(Requirement 2.6)[2m > [22m[2mshould reject GET requests without valid authentication
[22m[39m[ARCJET] WARNING: Running without Arcjet protection

[90mstderr[2m | 
tests/property/admin-system-health-fixes/settings-auth.property.test.ts[2m > 
[22m[2mFeature: admin-system-health-fixes, Property 3: Settings Authentication 
Requirement[2m > [22m[2mProperty: Requests without valid auth are rejected with 401 
(Requirement 2.6)[2m > [22m[2mshould reject GET requests without valid authentication
[22m[39m[ARCJET] WARNING: Running without Arcjet protection

[90mstderr[2m | 
tests/property/admin-system-health-fixes/settings-auth.property.test.ts[2m > 
[22m[2mFeature: admin-system-health-fixes, Property 3: Settings Authentication 
Requirement[2m > [22m[2mProperty: Requests without valid auth are rejected with 401 
(Requirement 2.6)[2m > [22m[2mshould reject GET requests without valid authentication
[22m[39m[ARCJET] WARNING: Running without Arcjet protection

[90mstderr[2m | 
tests/property/admin-system-health-fixes/settings-auth.property.test.ts[2m > 
[22m[2mFeature: admin-system-health-fixes, Property 3: Settings Authentication 
Requirement[2m > [22m[2mProperty: Requests without valid auth are rejected with 401 
(Requirement 2.6)[2m > [22m[2mshould reject GET requests without valid authentication
[22m[39m[ARCJET] WARNING: Running without Arcjet protection

[90mstderr[2m | 
tests/property/admin-system-health-fixes/settings-auth.property.test.ts[2m > 
[22m[2mFeature: admin-system-health-fixes, Property 3: Settings Authentication 
Requirement[2m > [22m[2mProperty: Requests without valid auth are rejected with 401 
(Requirement 2.6)[2m > [22m[2mshould reject GET requests without valid authentication
[22m[39m[ARCJET] WARNING: Running without Arcjet protection

[90mstdout[2m | tests/property/admin-system-health-fixes/settings-auth.property.test.ts[2m > [22m[2mFeature: admin-system-health-fixes, Property 3: Settings Authentication Requirement[2m > [22m[2mProperty: Requests without valid auth are rejected with 401 (Requirement 2.6)[2m > [22m[2mshould reject GET requests without valid authentication
[22m[39m[AUTH] Token verification failed: Access token verification failed

[90mstderr[2m | 
tests/property/admin-system-health-fixes/settings-auth.property.test.ts[2m > 
[22m[2mFeature: admin-system-health-fixes, Property 3: Settings Authentication 
Requirement[2m > [22m[2mProperty: Requests without valid auth are rejected with 401 
(Requirement 2.6)[2m > [22m[2mshould reject GET requests without valid authentication
[22m[39m[ARCJET] WARNING: Running without Arcjet protection

[90mstderr[2m | 
tests/property/admin-system-health-fixes/settings-auth.property.test.ts[2m > 
[22m[2mFeature: admin-system-health-fixes, Property 3: Settings Authentication 
Requirement[2m > [22m[2mProperty: Requests without valid auth are rejected with 401 
(Requirement 2.6)[2m > [22m[2mshould reject GET requests without valid authentication
[22m[39m[ARCJET] WARNING: Running without Arcjet protection

[90mstdout[2m | tests/property/admin-system-health-fixes/settings-auth.property.test.ts[2m > [22m[2mFeature: admin-system-health-fixes, Property 3: Settings Authentication Requirement[2m > [22m[2mProperty: Requests without valid auth are rejected with 401 (Requirement 2.6)[2m > [22m[2mshould reject GET requests without valid authentication
[22m[39m[AUTH] Token verification failed: Access token verification failed

[90mstderr[2m | 
tests/property/admin-system-health-fixes/settings-auth.property.test.ts[2m > 
[22m[2mFeature: admin-system-health-fixes, Property 3: Settings Authentication 
Requirement[2m > [22m[2mProperty: Requests without valid auth are rejected with 401 
(Requirement 2.6)[2m > [22m[2mshould reject GET requests without valid authentication
[22m[39m[ARCJET] WARNING: Running without Arcjet protection

[90mstderr[2m | 
tests/property/admin-system-health-fixes/settings-auth.property.test.ts[2m > 
[22m[2mFeature: admin-system-health-fixes, Property 3: Settings Authentication 
Requirement[2m > [22m[2mProperty: Requests without valid auth are rejected with 401 
(Requirement 2.6)[2m > [22m[2mshould reject GET requests without valid authentication
[22m[39m[ARCJET] WARNING: Running without Arcjet protection

[90mstderr[2m | 
tests/property/admin-system-health-fixes/settings-auth.property.test.ts[2m > 
[22m[2mFeature: admin-system-health-fixes, Property 3: Settings Authentication 
Requirement[2m > [22m[2mProperty: Requests without valid auth are rejected with 401 
(Requirement 2.6)[2m > [22m[2mshould reject GET requests without valid authentication
[22m[39m[ARCJET] WARNING: Running without Arcjet protection

[90mstderr[2m | 
tests/property/admin-system-health-fixes/settings-auth.property.test.ts[2m > 
[22m[2mFeature: admin-system-health-fixes, Property 3: Settings Authentication 
Requirement[2m > [22m[2mProperty: Requests without valid auth are rejected with 401 
(Requirement 2.6)[2m > [22m[2mshould reject GET requests without valid authentication
[22m[39m[ARCJET] WARNING: Running without Arcjet protection

[90mstderr[2m | 
tests/property/admin-system-health-fixes/settings-auth.property.test.ts[2m > 
[22m[2mFeature: admin-system-health-fixes, Property 3: Settings Authentication 
Requirement[2m > [22m[2mProperty: Requests without valid auth are rejected with 401 
(Requirement 2.6)[2m > [22m[2mshould reject GET requests without valid authentication
[22m[39m[ARCJET] WARNING: Running without Arcjet protection

[90mstderr[2m | 
tests/property/admin-system-health-fixes/settings-auth.property.test.ts[2m > 
[22m[2mFeature: admin-system-health-fixes, Property 3: Settings Authentication 
Requirement[2m > [22m[2mProperty: Requests without valid auth are rejected with 401 
(Requirement 2.6)[2m > [22m[2mshould reject GET requests without valid authentication
[22m[39m[ARCJET] WARNING: Running without Arcjet protection

[90mstderr[2m | 
tests/property/admin-system-health-fixes/settings-auth.property.test.ts[2m > 
[22m[2mFeature: admin-system-health-fixes, Property 3: Settings Authentication 
Requirement[2m > [22m[2mProperty: Requests without valid auth are rejected with 401 
(Requirement 2.6)[2m > [22m[2mshould reject GET requests without valid authentication
[22m[39m[ARCJET] WARNING: Running without Arcjet protection

[90mstderr[2m | 
tests/property/admin-system-health-fixes/settings-auth.property.test.ts[2m > 
[22m[2mFeature: admin-system-health-fixes, Property 3: Settings Authentication 
Requirement[2m > [22m[2mProperty: Requests without valid auth are rejected with 401 
(Requirement 2.6)[2m > [22m[2mshould reject GET requests without valid authentication
[22m[39m[ARCJET] WARNING: Running without Arcjet protection

[90mstderr[2m | 
tests/property/admin-system-health-fixes/settings-auth.property.test.ts[2m > 
[22m[2mFeature: admin-system-health-fixes, Property 3: Settings Authentication 
Requirement[2m > [22m[2mProperty: Requests without valid auth are rejected with 401 
(Requirement 2.6)[2m > [22m[2mshould reject GET requests without valid authentication
[22m[39m[ARCJET] WARNING: Running without Arcjet protection

[90mstdout[2m | tests/property/admin-system-health-fixes/settings-auth.property.test.ts[2m > [22m[2mFeature: admin-system-health-fixes, Property 3: Settings Authentication Requirement[2m > [22m[2mProperty: Requests without valid auth are rejected with 401 (Requirement 2.6)[2m > [22m[2mshould reject GET requests without valid authentication
[22m[39m[AUTH] Token verification failed: Access token verification failed

[90mstderr[2m | 
tests/property/admin-system-health-fixes/settings-auth.property.test.ts[2m > 
[22m[2mFeature: admin-system-health-fixes, Property 3: Settings Authentication 
Requirement[2m > [22m[2mProperty: Requests without valid auth are rejected with 401 
(Requirement 2.6)[2m > [22m[2mshould reject GET requests without valid authentication
[22m[39m[ARCJET] WARNING: Running without Arcjet protection

[90mstderr[2m | 
tests/property/admin-system-health-fixes/settings-auth.property.test.ts[2m > 
[22m[2mFeature: admin-system-health-fixes, Property 3: Settings Authentication 
Requirement[2m > [22m[2mProperty: Requests without valid auth are rejected with 401 
(Requirement 2.6)[2m > [22m[2mshould reject GET requests without valid authentication
[22m[39m[ARCJET] WARNING: Running without Arcjet protection

[90mstderr[2m | 
tests/property/admin-system-health-fixes/settings-auth.property.test.ts[2m > 
[22m[2mFeature: admin-system-health-fixes, Property 3: Settings Authentication 
Requirement[2m > [22m[2mProperty: Requests without valid auth are rejected with 401 
(Requirement 2.6)[2m > [22m[2mshould reject GET requests without valid authentication
[22m[39m[ARCJET] WARNING: Running without Arcjet protection

[90mstdout[2m | tests/property/admin-system-health-fixes/settings-auth.property.test.ts[2m > [22m[2mFeature: admin-system-health-fixes, Property 3: Settings Authentication Requirement[2m > [22m[2mProperty: Requests without valid auth are rejected with 401 (Requirement 2.6)[2m > [22m[2mshould reject GET requests without valid authentication
[22m[39m[AUTH] Token verification failed: Access token verification failed

[90mstderr[2m | 
tests/property/admin-system-health-fixes/settings-auth.property.test.ts[2m > 
[22m[2mFeature: admin-system-health-fixes, Property 3: Settings Authentication 
Requirement[2m > [22m[2mProperty: Requests without valid auth are rejected with 401 
(Requirement 2.6)[2m > [22m[2mshould reject GET requests without valid authentication
[22m[39m[ARCJET] WARNING: Running without Arcjet protection

[90mstderr[2m | 
tests/property/admin-system-health-fixes/settings-auth.property.test.ts[2m > 
[22m[2mFeature: admin-system-health-fixes, Property 3: Settings Authentication 
Requirement[2m > [22m[2mProperty: Requests without valid auth are rejected with 401 
(Requirement 2.6)[2m > [22m[2mshould reject GET requests without valid authentication
[22m[39m[ARCJET] WARNING: Running without Arcjet protection

[90mstderr[2m | 
tests/property/admin-system-health-fixes/settings-auth.property.test.ts[2m > 
[22m[2mFeature: admin-system-health-fixes, Property 3: Settings Authentication 
Requirement[2m > [22m[2mProperty: Requests without valid auth are rejected with 401 
(Requirement 2.6)[2m > [22m[2mshould reject GET requests without valid authentication
[22m[39m[ARCJET] WARNING: Running without Arcjet protection

[90mstderr[2m | 
tests/property/admin-system-health-fixes/settings-auth.property.test.ts[2m > 
[22m[2mFeature: admin-system-health-fixes, Property 3: Settings Authentication 
Requirement[2m > [22m[2mProperty: Requests without valid auth are rejected with 401 
(Requirement 2.6)[2m > [22m[2mshould reject GET requests without valid authentication
[22m[39m[ARCJET] WARNING: Running without Arcjet protection

[90mstderr[2m | 
tests/property/admin-system-health-fixes/settings-auth.property.test.ts[2m > 
[22m[2mFeature: admin-system-health-fixes, Property 3: Settings Authentication 
Requirement[2m > [22m[2mProperty: Requests without valid auth are rejected with 401 
(Requirement 2.6)[2m > [22m[2mshould reject GET requests without valid authentication
[22m[39m[ARCJET] WARNING: Running without Arcjet protection

[90mstdout[2m | tests/property/admin-system-health-fixes/settings-auth.property.test.ts[2m > [22m[2mFeature: admin-system-health-fixes, Property 3: Settings Authentication Requirement[2m > [22m[2mProperty: Requests without valid auth are rejected with 401 (Requirement 2.6)[2m > [22m[2mshould reject GET requests without valid authentication
[22m[39m[AUTH] Token verification failed: Access token verification failed

[90mstderr[2m | 
tests/property/admin-system-health-fixes/settings-auth.property.test.ts[2m > 
[22m[2mFeature: admin-system-health-fixes, Property 3: Settings Authentication 
Requirement[2m > [22m[2mProperty: Requests without valid auth are rejected with 401 
(Requirement 2.6)[2m > [22m[2mshould reject GET requests without valid authentication
[22m[39m[ARCJET] WARNING: Running without Arcjet protection

[90mstderr[2m | 
tests/property/admin-system-health-fixes/settings-auth.property.test.ts[2m > 
[22m[2mFeature: admin-system-health-fixes, Property 3: Settings Authentication 
Requirement[2m > [22m[2mProperty: Requests without valid auth are rejected with 401 
(Requirement 2.6)[2m > [22m[2mshould reject GET requests without valid authentication
[22m[39m[ARCJET] WARNING: Running without Arcjet protection

[90mstderr[2m | 
tests/property/admin-system-health-fixes/settings-auth.property.test.ts[2m > 
[22m[2mFeature: admin-system-health-fixes, Property 3: Settings Authentication 
Requirement[2m > [22m[2mProperty: Requests without valid auth are rejected with 401 
(Requirement 2.6)[2m > [22m[2mshould reject GET requests without valid authentication
[22m[39m[ARCJET] WARNING: Running without Arcjet protection

[90mstderr[2m | 
tests/property/admin-system-health-fixes/settings-auth.property.test.ts[2m > 
[22m[2mFeature: admin-system-health-fixes, Property 3: Settings Authentication 
Requirement[2m > [22m[2mProperty: Requests without valid auth are rejected with 401 
(Requirement 2.6)[2m > [22m[2mshould reject GET requests without valid authentication
[22m[39m[ARCJET] WARNING: Running without Arcjet protection

[90mstderr[2m | 
tests/property/admin-system-health-fixes/settings-auth.property.test.ts[2m > 
[22m[2mFeature: admin-system-health-fixes, Property 3: Settings Authentication 
Requirement[2m > [22m[2mProperty: Requests without valid auth are rejected with 401 
(Requirement 2.6)[2m > [22m[2mshould reject GET requests without valid authentication
[22m[39m[ARCJET] WARNING: Running without Arcjet protection

[90mstderr[2m | 
tests/property/admin-system-health-fixes/settings-auth.property.test.ts[2m > 
[22m[2mFeature: admin-system-health-fixes, Property 3: Settings Authentication 
Requirement[2m > [22m[2mProperty: Requests without valid auth are rejected with 401 
(Requirement 2.6)[2m > [22m[2mshould reject GET requests without valid authentication
[22m[39m[ARCJET] WARNING: Running without Arcjet protection

[90mstderr[2m | 
tests/property/admin-system-health-fixes/settings-auth.property.test.ts[2m > 
[22m[2mFeature: admin-system-health-fixes, Property 3: Settings Authentication 
Requirement[2m > [22m[2mProperty: Requests without valid auth are rejected with 401 
(Requirement 2.6)[2m > [22m[2mshould reject GET requests without valid authentication
[22m[39m[ARCJET] WARNING: Running without Arcjet protection

[90mstderr[2m | 
tests/property/admin-system-health-fixes/settings-auth.property.test.ts[2m > 
[22m[2mFeature: admin-system-health-fixes, Property 3: Settings Authentication 
Requirement[2m > [22m[2mProperty: Requests without valid auth are rejected with 401 
(Requirement 2.6)[2m > [22m[2mshould reject GET requests without valid authentication
[22m[39m[ARCJET] WARNING: Running without Arcjet protection

[90mstderr[2m | 
tests/property/admin-system-health-fixes/settings-auth.property.test.ts[2m > 
[22m[2mFeature: admin-system-health-fixes, Property 3: Settings Authentication 
Requirement[2m > [22m[2mProperty: Requests without valid auth are rejected with 401 
(Requirement 2.6)[2m > [22m[2mshould reject GET requests without valid authentication
[22m[39m[ARCJET] WARNING: Running without Arcjet protection

[90mstderr[2m | 
tests/property/admin-system-health-fixes/settings-auth.property.test.ts[2m > 
[22m[2mFeature: admin-system-health-fixes, Property 3: Settings Authentication 
Requirement[2m > [22m[2mProperty: Requests without valid auth are rejected with 401 
(Requirement 2.6)[2m > [22m[2mshould reject GET requests without valid authentication
[22m[39m[ARCJET] WARNING: Running without Arcjet protection

[90mstderr[2m | 
tests/property/admin-system-health-fixes/settings-auth.property.test.ts[2m > 
[22m[2mFeature: admin-system-health-fixes, Property 3: Settings Authentication 
Requirement[2m > [22m[2mProperty: Requests without valid auth are rejected with 401 
(Requirement 2.6)[2m > [22m[2mshould reject GET requests without valid authentication
[22m[39m[ARCJET] WARNING: Running without Arcjet protection

[90mstdout[2m | tests/property/admin-system-health-fixes/settings-auth.property.test.ts[2m > [22m[2mFeature: admin-system-health-fixes, Property 3: Settings Authentication Requirement[2m > [22m[2mProperty: Requests without valid auth are rejected with 401 (Requirement 2.6)[2m > [22m[2mshould reject GET requests without valid authentication
[22m[39m[AUTH] Token verification failed: Access token verification failed

[90mstdout[2m | tests/property/admin-system-health-fixes/settings-auth.property.test.ts[2m > [22m[2mFeature: admin-system-health-fixes, Property 3: Settings Authentication Requirement[2m > [22m[2mProperty: Requests without valid auth are rejected with 401 (Requirement 2.6)[2m > [22m[2mshould reject GET requests without valid authentication
[22m[39m[AUTH] Token verification failed: Access token verification failed

[90mstdout[2m | tests/property/admin-system-health-fixes/settings-auth.property.test.ts[2m > [22m[2mFeature: admin-system-health-fixes, Property 3: Settings Authentication Requirement[2m > [22m[2mProperty: Requests without valid auth are rejected with 401 (Requirement 2.6)[2m > [22m[2mshould reject GET requests without valid authentication
[22m[39m[AUTH] Token verification failed: Access token verification failed

[90mstdout[2m | tests/property/admin-system-health-fixes/settings-auth.property.test.ts[2m > [22m[2mFeature: admin-system-health-fixes, Property 3: Settings Authentication Requirement[2m > [22m[2mProperty: Requests without valid auth are rejected with 401 (Requirement 2.6)[2m > [22m[2mshould reject GET requests without valid authentication
[22m[39m[AUTH] Token verification failed: Access token verification failed

[90mstdout[2m | tests/property/admin-system-health-fixes/settings-auth.property.test.ts[2m > [22m[2mFeature: admin-system-health-fixes, Property 3: Settings Authentication Requirement[2m > [22m[2mProperty: Requests without valid auth are rejected with 401 (Requirement 2.6)[2m > [22m[2mshould reject GET requests without valid authentication
[22m[39m[AUTH] Token verification failed: Access token verification failed

[90mstderr[2m | 
tests/property/admin-system-health-fixes/settings-auth.property.test.ts[2m > 
[22m[2mFeature: admin-system-health-fixes, Property 3: Settings Authentication 
Requirement[2m > [22m[2mProperty: Requests without valid auth are rejected with 401 
(Requirement 2.6)[2m > [22m[2mshould reject GET requests without valid authentication
[22m[39m[ARCJET] WARNING: Running without Arcjet protection

[90mstderr[2m | 
tests/property/admin-system-health-fixes/settings-auth.property.test.ts[2m > 
[22m[2mFeature: admin-system-health-fixes, Property 3: Settings Authentication 
Requirement[2m > [22m[2mProperty: Requests without valid auth are rejected with 401 
(Requirement 2.6)[2m > [22m[2mshould reject GET requests without valid authentication
[22m[39m[ARCJET] WARNING: Running without Arcjet protection

[90mstderr[2m | 
tests/property/admin-system-health-fixes/settings-auth.property.test.ts[2m > 
[22m[2mFeature: admin-system-health-fixes, Property 3: Settings Authentication 
Requirement[2m > [22m[2mProperty: Requests without valid auth are rejected with 401 
(Requirement 2.6)[2m > [22m[2mshould reject GET requests without valid authentication
[22m[39m[ARCJET] WARNING: Running without Arcjet protection

[90mstderr[2m | 
tests/property/admin-system-health-fixes/settings-auth.property.test.ts[2m > 
[22m[2mFeature: admin-system-health-fixes, Property 3: Settings Authentication 
Requirement[2m > [22m[2mProperty: Requests without valid auth are rejected with 401 
(Requirement 2.6)[2m > [22m[2mshould reject GET requests without valid authentication
[22m[39m[ARCJET] WARNING: Running without Arcjet protection

[90mstderr[2m | 
tests/property/admin-system-health-fixes/settings-auth.property.test.ts[2m > 
[22m[2mFeature: admin-system-health-fixes, Property 3: Settings Authentication 
Requirement[2m > [22m[2mProperty: Requests without valid auth are rejected with 401 
(Requirement 2.6)[2m > [22m[2mshould reject GET requests without valid authentication
[22m[39m[ARCJET] WARNING: Running without Arcjet protection

[90mstderr[2m | 
tests/property/admin-system-health-fixes/settings-auth.property.test.ts[2m > 
[22m[2mFeature: admin-system-health-fixes, Property 3: Settings Authentication 
Requirement[2m > [22m[2mProperty: Requests without valid auth are rejected with 401 
(Requirement 2.6)[2m > [22m[2mshould reject GET requests without valid authentication
[22m[39m[ARCJET] WARNING: Running without Arcjet protection

[90mstderr[2m | 
tests/property/admin-system-health-fixes/settings-auth.property.test.ts[2m > 
[22m[2mFeature: admin-system-health-fixes, Property 3: Settings Authentication 
Requirement[2m > [22m[2mProperty: Requests without valid auth are rejected with 401 
(Requirement 2.6)[2m > [22m[2mshould reject GET requests without valid authentication
[22m[39m[ARCJET] WARNING: Running without Arcjet protection

[90mstderr[2m | 
tests/property/admin-system-health-fixes/settings-auth.property.test.ts[2m > 
[22m[2mFeature: admin-system-health-fixes, Property 3: Settings Authentication 
Requirement[2m > [22m[2mProperty: Requests without valid auth are rejected with 401 
(Requirement 2.6)[2m > [22m[2mshould reject GET requests without valid authentication
[22m[39m[ARCJET] WARNING: Running without Arcjet protection

[90mstdout[2m | tests/property/admin-system-health-fixes/settings-auth.property.test.ts[2m > [22m[2mFeature: admin-system-health-fixes, Property 3: Settings Authentication Requirement[2m > [22m[2mProperty: Requests without valid auth are rejected with 401 (Requirement 2.6)[2m > [22m[2mshould reject GET requests without valid authentication
[22m[39m[AUTH] Token verification failed: Access token verification failed

[90mstderr[2m | 
tests/property/admin-system-health-fixes/settings-auth.property.test.ts[2m > 
[22m[2mFeature: admin-system-health-fixes, Property 3: Settings Authentication 
Requirement[2m > [22m[2mProperty: Requests without valid auth are rejected with 401 
(Requirement 2.6)[2m > [22m[2mshould reject GET requests without valid authentication
[22m[39m[ARCJET] WARNING: Running without Arcjet protection

[90mstderr[2m | 
tests/property/admin-system-health-fixes/settings-auth.property.test.ts[2m > 
[22m[2mFeature: admin-system-health-fixes, Property 3: Settings Authentication 
Requirement[2m > [22m[2mProperty: Requests without valid auth are rejected with 401 
(Requirement 2.6)[2m > [22m[2mshould reject GET requests without valid authentication
[22m[39m[ARCJET] WARNING: Running without Arcjet protection

[90mstderr[2m | 
tests/property/admin-system-health-fixes/settings-auth.property.test.ts[2m > 
[22m[2mFeature: admin-system-health-fixes, Property 3: Settings Authentication 
Requirement[2m > [22m[2mProperty: Requests without valid auth are rejected with 401 
(Requirement 2.6)[2m > [22m[2mshould reject GET requests without valid authentication
[22m[39m[ARCJET] WARNING: Running without Arcjet protection

[90mstderr[2m | 
tests/property/admin-system-health-fixes/settings-auth.property.test.ts[2m > 
[22m[2mFeature: admin-system-health-fixes, Property 3: Settings Authentication 
Requirement[2m > [22m[2mProperty: Requests without valid auth are rejected with 401 
(Requirement 2.6)[2m > [22m[2mshould reject GET requests without valid authentication
[22m[39m[ARCJET] WARNING: Running without Arcjet protection

[90mstderr[2m | 
tests/property/admin-system-health-fixes/settings-auth.property.test.ts[2m > 
[22m[2mFeature: admin-system-health-fixes, Property 3: Settings Authentication 
Requirement[2m > [22m[2mProperty: Requests without valid auth are rejected with 401 
(Requirement 2.6)[2m > [22m[2mshould reject GET requests without valid authentication
[22m[39m[ARCJET] WARNING: Running without Arcjet protection

[90mstderr[2m | 
tests/property/admin-system-health-fixes/settings-auth.property.test.ts[2m > 
[22m[2mFeature: admin-system-health-fixes, Property 3: Settings Authentication 
Requirement[2m > [22m[2mProperty: Requests without valid auth are rejected with 401 
(Requirement 2.6)[2m > [22m[2mshould reject GET requests without valid authentication
[22m[39m[ARCJET] WARNING: Running without Arcjet protection

[90mstderr[2m | 
tests/property/admin-system-health-fixes/settings-auth.property.test.ts[2m > 
[22m[2mFeature: admin-system-health-fixes, Property 3: Settings Authentication 
Requirement[2m > [22m[2mProperty: Requests without valid auth are rejected with 401 
(Requirement 2.6)[2m > [22m[2mshould reject GET requests without valid authentication
[22m[39m[ARCJET] WARNING: Running without Arcjet protection

[90mstdout[2m | tests/property/admin-system-health-fixes/settings-auth.property.test.ts[2m > [22m[2mFeature: admin-system-health-fixes, Property 3: Settings Authentication Requirement[2m > [22m[2mProperty: Requests without valid auth are rejected with 401 (Requirement 2.6)[2m > [22m[2mshould reject GET requests without valid authentication
[22m[39m[AUTH] Token verification failed: Access token verification failed

[90mstderr[2m | 
tests/property/admin-system-health-fixes/settings-auth.property.test.ts[2m > 
[22m[2mFeature: admin-system-health-fixes, Property 3: Settings Authentication 
Requirement[2m > [22m[2mProperty: Requests without valid auth are rejected with 401 
(Requirement 2.6)[2m > [22m[2mshould reject GET requests without valid authentication
[22m[39m[ARCJET] WARNING: Running without Arcjet protection

[90mstderr[2m | 
tests/property/admin-system-health-fixes/settings-auth.property.test.ts[2m > 
[22m[2mFeature: admin-system-health-fixes, Property 3: Settings Authentication 
Requirement[2m > [22m[2mProperty: Requests without valid auth are rejected with 401 
(Requirement 2.6)[2m > [22m[2mshould reject GET requests without valid authentication
[22m[39m[ARCJET] WARNING: Running without Arcjet protection

[90mstderr[2m | 
tests/property/admin-system-health-fixes/settings-auth.property.test.ts[2m > 
[22m[2mFeature: admin-system-health-fixes, Property 3: Settings Authentication 
Requirement[2m > [22m[2mProperty: Requests without valid auth are rejected with 401 
(Requirement 2.6)[2m > [22m[2mshould reject GET requests without valid authentication
[22m[39m[ARCJET] WARNING: Running without Arcjet protection

[90mstderr[2m | 
tests/property/admin-system-health-fixes/settings-auth.property.test.ts[2m > 
[22m[2mFeature: admin-system-health-fixes, Property 3: Settings Authentication 
Requirement[2m > [22m[2mProperty: Requests without valid auth are rejected with 401 
(Requirement 2.6)[2m > [22m[2mshould reject GET requests without valid authentication
[22m[39m[ARCJET] WARNING: Running without Arcjet protection

[90mstdout[2m | tests/property/admin-system-health-fixes/settings-auth.property.test.ts[2m > [22m[2mFeature: admin-system-health-fixes, Property 3: Settings Authentication Requirement[2m > [22m[2mProperty: Requests without valid auth are rejected with 401 (Requirement 2.6)[2m > [22m[2mshould reject GET requests without valid authentication
[22m[39m[AUTH] Token verification failed: Access token verification failed

[90mstderr[2m | 
tests/property/admin-system-health-fixes/settings-auth.property.test.ts[2m > 
[22m[2mFeature: admin-system-health-fixes, Property 3: Settings Authentication 
Requirement[2m > [22m[2mProperty: Requests without valid auth are rejected with 401 
(Requirement 2.6)[2m > [22m[2mshould reject GET requests without valid authentication
[22m[39m[ARCJET] WARNING: Running without Arcjet protection

[90mstderr[2m | 
tests/property/admin-system-health-fixes/settings-auth.property.test.ts[2m > 
[22m[2mFeature: admin-system-health-fixes, Property 3: Settings Authentication 
Requirement[2m > [22m[2mProperty: Requests without valid auth are rejected with 401 
(Requirement 2.6)[2m > [22m[2mshould reject GET requests without valid authentication
[22m[39m[ARCJET] WARNING: Running without Arcjet protection

[90mstderr[2m | 
tests/property/admin-system-health-fixes/settings-auth.property.test.ts[2m > 
[22m[2mFeature: admin-system-health-fixes, Property 3: Settings Authentication 
Requirement[2m > [22m[2mProperty: Requests without valid auth are rejected with 401 
(Requirement 2.6)[2m > [22m[2mshould reject GET requests without valid authentication
[22m[39m[ARCJET] WARNING: Running without Arcjet protection

[90mstderr[2m | 
tests/property/admin-system-health-fixes/settings-auth.property.test.ts[2m > 
[22m[2mFeature: admin-system-health-fixes, Property 3: Settings Authentication 
Requirement[2m > [22m[2mProperty: Requests without valid auth are rejected with 401 
(Requirement 2.6)[2m > [22m[2mshould reject GET requests without valid authentication
[22m[39m[ARCJET] WARNING: Running without Arcjet protection

[90mstdout[2m | tests/property/admin-system-health-fixes/settings-auth.property.test.ts[2m > [22m[2mFeature: admin-system-health-fixes, Property 3: Settings Authentication Requirement[2m > [22m[2mProperty: Requests without valid auth are rejected with 401 (Requirement 2.6)[2m > [22m[2mshould reject GET requests without valid authentication
[22m[39m[AUTH] Token verification failed: Access token verification failed

[90mstderr[2m | 
tests/property/admin-system-health-fixes/settings-auth.property.test.ts[2m > 
[22m[2mFeature: admin-system-health-fixes, Property 3: Settings Authentication 
Requirement[2m > [22m[2mProperty: Requests without valid auth are rejected with 401 
(Requirement 2.6)[2m > [22m[2mshould reject GET requests without valid authentication
[22m[39m[ARCJET] WARNING: Running without Arcjet protection

[90mstderr[2m | 
tests/property/admin-system-health-fixes/settings-auth.property.test.ts[2m > 
[22m[2mFeature: admin-system-health-fixes, Property 3: Settings Authentication 
Requirement[2m > [22m[2mProperty: Requests without valid auth are rejected with 401 
(Requirement 2.6)[2m > [22m[2mshould reject GET requests without valid authentication
[22m[39m[ARCJET] WARNING: Running without Arcjet protection

[90mstdout[2m | tests/property/admin-system-health-fixes/settings-auth.property.test.ts[2m > [22m[2mFeature: admin-system-health-fixes, Property 3: Settings Authentication Requirement[2m > [22m[2mProperty: Requests without valid auth are rejected with 401 (Requirement 2.6)[2m > [22m[2mshould reject GET requests without valid authentication
[22m[39m[AUTH] Token verification failed: Access token verification failed

[90mstderr[2m | 
tests/property/admin-system-health-fixes/settings-auth.property.test.ts[2m > 
[22m[2mFeature: admin-system-health-fixes, Property 3: Settings Authentication 
Requirement[2m > [22m[2mProperty: Requests without valid auth are rejected with 401 
(Requirement 2.6)[2m > [22m[2mshould reject GET requests without valid authentication
[22m[39m[ARCJET] WARNING: Running without Arcjet protection

[90mstdout[2m | tests/property/admin-system-health-fixes/settings-auth.property.test.ts[2m > [22m[2mFeature: admin-system-health-fixes, Property 3: Settings Authentication Requirement[2m > [22m[2mProperty: Requests without valid auth are rejected with 401 (Requirement 2.6)[2m > [22m[2mshould reject GET requests without valid authentication
[22m[39m[AUTH] Token verification failed: Access token verification failed

[90mstderr[2m | 
tests/property/admin-system-health-fixes/settings-auth.property.test.ts[2m > 
[22m[2mFeature: admin-system-health-fixes, Property 3: Settings Authentication 
Requirement[2m > [22m[2mProperty: Requests without valid auth are rejected with 401 
(Requirement 2.6)[2m > [22m[2mshould reject GET requests without valid authentication
[22m[39m[ARCJET] WARNING: Running without Arcjet protection

[90mstderr[2m | 
tests/property/admin-system-health-fixes/settings-auth.property.test.ts[2m > 
[22m[2mFeature: admin-system-health-fixes, Property 3: Settings Authentication 
Requirement[2m > [22m[2mProperty: Requests without valid auth are rejected with 401 
(Requirement 2.6)[2m > [22m[2mshould reject GET requests without valid authentication
[22m[39m[ARCJET] WARNING: Running without Arcjet protection

[90mstderr[2m | 
tests/property/admin-system-health-fixes/settings-auth.property.test.ts[2m > 
[22m[2mFeature: admin-system-health-fixes, Property 3: Settings Authentication 
Requirement[2m > [22m[2mProperty: Requests without valid auth are rejected with 401 
(Requirement 2.6)[2m > [22m[2mshould reject GET requests without valid authentication
[22m[39m[ARCJET] WARNING: Running without Arcjet protection

[90mstderr[2m | 
tests/property/admin-system-health-fixes/settings-auth.property.test.ts[2m > 
[22m[2mFeature: admin-system-health-fixes, Property 3: Settings Authentication 
Requirement[2m > [22m[2mProperty: Requests without valid auth are rejected with 401 
(Requirement 2.6)[2m > [22m[2mshould reject GET requests without valid authentication
[22m[39m[ARCJET] WARNING: Running without Arcjet protection

[90mstderr[2m | 
tests/property/admin-system-health-fixes/settings-auth.property.test.ts[2m > 
[22m[2mFeature: admin-system-health-fixes, Property 3: Settings Authentication 
Requirement[2m > [22m[2mProperty: Requests without valid auth are rejected with 401 
(Requirement 2.6)[2m > [22m[2mshould reject GET requests without valid authentication
[22m[39m[ARCJET] WARNING: Running without Arcjet protection

[90mstderr[2m | 
tests/property/admin-system-health-fixes/settings-auth.property.test.ts[2m > 
[22m[2mFeature: admin-system-health-fixes, Property 3: Settings Authentication 
Requirement[2m > [22m[2mProperty: Requests without valid auth are rejected with 401 
(Requirement 2.6)[2m > [22m[2mshould reject GET requests without valid authentication
[22m[39m[ARCJET] WARNING: Running without Arcjet protection

[90mstdout[2m | tests/property/admin-system-health-fixes/settings-auth.property.test.ts[2m > [22m[2mFeature: admin-system-health-fixes, Property 3: Settings Authentication Requirement[2m > [22m[2mProperty: Requests without valid auth are rejected with 401 (Requirement 2.6)[2m > [22m[2mshould reject GET requests without valid authentication
[22m[39m[AUTH] Token verification failed: Access token verification failed

[90mstderr[2m | 
tests/property/admin-system-health-fixes/settings-auth.property.test.ts[2m > 
[22m[2mFeature: admin-system-health-fixes, Property 3: Settings Authentication 
Requirement[2m > [22m[2mProperty: Requests without valid auth are rejected with 401 
(Requirement 2.6)[2m > [22m[2mshould reject GET requests without valid authentication
[22m[39m[ARCJET] WARNING: Running without Arcjet protection

[90mstderr[2m | 
tests/property/admin-system-health-fixes/settings-auth.property.test.ts[2m > 
[22m[2mFeature: admin-system-health-fixes, Property 3: Settings Authentication 
Requirement[2m > [22m[2mProperty: Requests without valid auth are rejected with 401 
(Requirement 2.6)[2m > [22m[2mshould reject GET requests without valid authentication
[22m[39m[ARCJET] WARNING: Running without Arcjet protection

[90mstderr[2m | 
tests/property/admin-system-health-fixes/settings-auth.property.test.ts[2m > 
[22m[2mFeature: admin-system-health-fixes, Property 3: Settings Authentication 
Requirement[2m > [22m[2mProperty: Requests without valid auth are rejected with 401 
(Requirement 2.6)[2m > [22m[2mshould reject GET requests without valid authentication
[22m[39m[ARCJET] WARNING: Running without Arcjet protection

[90mstderr[2m | 
tests/property/admin-system-health-fixes/settings-auth.property.test.ts[2m > 
[22m[2mFeature: admin-system-health-fixes, Property 3: Settings Authentication 
Requirement[2m > [22m[2mProperty: Requests without valid auth are rejected with 401 
(Requirement 2.6)[2m > [22m[2mshould reject GET requests without valid authentication
[22m[39m[ARCJET] WARNING: Running without Arcjet protection

[90mstdout[2m | tests/property/admin-system-health-fixes/settings-auth.property.test.ts[2m > [22m[2mFeature: admin-system-health-fixes, Property 3: Settings Authentication Requirement[2m > [22m[2mProperty: Requests without valid auth are rejected with 401 (Requirement 2.6)[2m > [22m[2mshould reject GET requests without valid authentication
[22m[39m[AUTH] Token verification failed: Access token verification failed

[90mstderr[2m | 
tests/property/admin-system-health-fixes/settings-auth.property.test.ts[2m > 
[22m[2mFeature: admin-system-health-fixes, Property 3: Settings Authentication 
Requirement[2m > [22m[2mProperty: Requests without valid auth are rejected with 401 
(Requirement 2.6)[2m > [22m[2mshould reject GET requests without valid authentication
[22m[39m[ARCJET] WARNING: Running without Arcjet protection

[90mstdout[2m | tests/property/admin-system-health-fixes/settings-auth.property.test.ts[2m > [22m[2mFeature: admin-system-health-fixes, Property 3: Settings Authentication Requirement[2m > [22m[2mProperty: Requests without valid auth are rejected with 401 (Requirement 2.6)[2m > [22m[2mshould reject GET requests without valid authentication
[22m[39m[AUTH] Token verification failed: Access token verification failed

[90mstderr[2m | 
tests/property/admin-system-health-fixes/settings-auth.property.test.ts[2m > 
[22m[2mFeature: admin-system-health-fixes, Property 3: Settings Authentication 
Requirement[2m > [22m[2mProperty: Requests without valid auth are rejected with 401 
(Requirement 2.6)[2m > [22m[2mshould reject GET requests without valid authentication
[22m[39m[ARCJET] WARNING: Running without Arcjet protection

[90mstdout[2m | tests/property/admin-system-health-fixes/settings-auth.property.test.ts[2m > [22m[2mFeature: admin-system-health-fixes, Property 3: Settings Authentication Requirement[2m > [22m[2mProperty: Requests without valid auth are rejected with 401 (Requirement 2.6)[2m > [22m[2mshould reject GET requests without valid authentication
[22m[39m[AUTH] Token verification failed: Access token verification failed

[90mstderr[2m | 
tests/property/admin-system-health-fixes/settings-auth.property.test.ts[2m > 
[22m[2mFeature: admin-system-health-fixes, Property 3: Settings Authentication 
Requirement[2m > [22m[2mProperty: Requests without valid auth are rejected with 401 
(Requirement 2.6)[2m > [22m[2mshould reject GET requests without valid authentication
[22m[39m[ARCJET] WARNING: Running without Arcjet protection

[90mstdout[2m | tests/property/admin-system-health-fixes/settings-auth.property.test.ts[2m > [22m[2mFeature: admin-system-health-fixes, Property 3: Settings Authentication Requirement[2m > [22m[2mProperty: Requests without valid auth are rejected with 401 (Requirement 2.6)[2m > [22m[2mshould reject GET requests without valid authentication
[22m[39m[AUTH] Token verification failed: Access token verification failed

[90mstderr[2m | 
tests/property/admin-system-health-fixes/settings-auth.property.test.ts[2m > 
[22m[2mFeature: admin-system-health-fixes, Property 3: Settings Authentication 
Requirement[2m > [22m[2mProperty: Requests without valid auth are rejected with 401 
(Requirement 2.6)[2m > [22m[2mshould reject GET requests without valid authentication
[22m[39m[ARCJET] WARNING: Running without Arcjet protection

[90mstderr[2m | 
tests/property/admin-system-health-fixes/settings-auth.property.test.ts[2m > 
[22m[2mFeature: admin-system-health-fixes, Property 3: Settings Authentication 
Requirement[2m > [22m[2mProperty: Requests without valid auth are rejected with 401 
(Requirement 2.6)[2m > [22m[2mshould reject GET requests without valid authentication
[22m[39m[ARCJET] WARNING: Running without Arcjet protection

[90mstderr[2m | 
tests/property/admin-system-health-fixes/settings-auth.property.test.ts[2m > 
[22m[2mFeature: admin-system-health-fixes, Property 3: Settings Authentication 
Requirement[2m > [22m[2mProperty: Requests without valid auth are rejected with 401 
(Requirement 2.6)[2m > [22m[2mshould reject GET requests without valid authentication
[22m[39m[ARCJET] WARNING: Running without Arcjet protection

[90mstderr[2m | 
tests/property/admin-system-health-fixes/settings-auth.property.test.ts[2m > 
[22m[2mFeature: admin-system-health-fixes, Property 3: Settings Authentication 
Requirement[2m > [22m[2mProperty: Requests without valid auth are rejected with 401 
(Requirement 2.6)[2m > [22m[2mshould reject GET requests without valid authentication
[22m[39m[ARCJET] WARNING: Running without Arcjet protection

[90mstdout[2m | tests/property/admin-system-health-fixes/settings-auth.property.test.ts[2m > [22m[2mFeature: admin-system-health-fixes, Property 3: Settings Authentication Requirement[2m > [22m[2mProperty: Requests without valid auth are rejected with 401 (Requirement 2.6)[2m > [22m[2mshould reject GET requests without valid authentication
[22m[39m[AUTH] Token verification failed: Access token verification failed

[90mstderr[2m | 
tests/property/admin-system-health-fixes/settings-auth.property.test.ts[2m > 
[22m[2mFeature: admin-system-health-fixes, Property 3: Settings Authentication 
Requirement[2m > [22m[2mProperty: Requests without valid auth are rejected with 401 
(Requirement 2.6)[2m > [22m[2mshould reject GET requests without valid authentication
[22m[39m[ARCJET] WARNING: Running without Arcjet protection

[90mstderr[2m | 
tests/property/admin-system-health-fixes/settings-auth.property.test.ts[2m > 
[22m[2mFeature: admin-system-health-fixes, Property 3: Settings Authentication 
Requirement[2m > [22m[2mProperty: Requests without valid auth are rejected with 401 
(Requirement 2.6)[2m > [22m[2mshould reject GET requests without valid authentication
[22m[39m[ARCJET] WARNING: Running without Arcjet protection

[90mstderr[2m | 
tests/property/admin-system-health-fixes/settings-auth.property.test.ts[2m > 
[22m[2mFeature: admin-system-health-fixes, Property 3: Settings Authentication 
Requirement[2m > [22m[2mProperty: Requests without valid auth are rejected with 401 
(Requirement 2.6)[2m > [22m[2mshould reject GET requests without valid authentication
[22m[39m[ARCJET] WARNING: Running without Arcjet protection

[90mstderr[2m | 
tests/property/admin-system-health-fixes/settings-auth.property.test.ts[2m > 
[22m[2mFeature: admin-system-health-fixes, Property 3: Settings Authentication 
Requirement[2m > [22m[2mProperty: Requests without valid auth are rejected with 401 
(Requirement 2.6)[2m > [22m[2mshould reject GET requests without valid authentication
[22m[39m[ARCJET] WARNING: Running without Arcjet protection

[90mstderr[2m | 
tests/property/admin-system-health-fixes/settings-auth.property.test.ts[2m > 
[22m[2mFeature: admin-system-health-fixes, Property 3: Settings Authentication 
Requirement[2m > [22m[2mProperty: Requests without valid auth are rejected with 401 
(Requirement 2.6)[2m > [22m[2mshould reject GET requests without valid authentication
[22m[39m[ARCJET] WARNING: Running without Arcjet protection

[90mstderr[2m | 
tests/property/admin-system-health-fixes/settings-auth.property.test.ts[2m > 
[22m[2mFeature: admin-system-health-fixes, Property 3: Settings Authentication 
Requirement[2m > [22m[2mProperty: Requests without valid auth are rejected with 401 
(Requirement 2.6)[2m > [22m[2mshould reject GET requests without valid authentication
[22m[39m[ARCJET] WARNING: Running without Arcjet protection

[90mstderr[2m | 
tests/property/admin-system-health-fixes/settings-auth.property.test.ts[2m > 
[22m[2mFeature: admin-system-health-fixes, Property 3: Settings Authentication 
Requirement[2m > [22m[2mProperty: Requests without valid auth are rejected with 401 
(Requirement 2.6)[2m > [22m[2mshould reject GET requests without valid authentication
[22m[39m[ARCJET] WARNING: Running without Arcjet protection

[90mstdout[2m | tests/property/admin-system-health-fixes/settings-auth.property.test.ts[2m > [22m[2mFeature: admin-system-health-fixes, Property 3: Settings Authentication Requirement[2m > [22m[2mProperty: Requests without valid auth are rejected with 401 (Requirement 2.6)[2m > [22m[2mshould reject GET requests without valid authentication
[22m[39m[AUTH] Token verification failed: Access token verification failed

[90mstderr[2m | 
tests/property/admin-system-health-fixes/settings-auth.property.test.ts[2m > 
[22m[2mFeature: admin-system-health-fixes, Property 3: Settings Authentication 
Requirement[2m > [22m[2mProperty: Requests without valid auth are rejected with 401 
(Requirement 2.6)[2m > [22m[2mshould reject POST requests without valid authentication
[22m[39m[ARCJET] WARNING: Running without Arcjet protection

[90mstderr[2m | 
tests/property/admin-system-health-fixes/settings-auth.property.test.ts[2m > 
[22m[2mFeature: admin-system-health-fixes, Property 3: Settings Authentication 
Requirement[2m > [22m[2mProperty: Requests without valid auth are rejected with 401 
(Requirement 2.6)[2m > [22m[2mshould reject POST requests without valid authentication
[22m[39m[ARCJET] WARNING: Running without Arcjet protection

[90mstderr[2m | 
tests/property/admin-system-health-fixes/settings-auth.property.test.ts[2m > 
[22m[2mFeature: admin-system-health-fixes, Property 3: Settings Authentication 
Requirement[2m > [22m[2mProperty: Requests without valid auth are rejected with 401 
(Requirement 2.6)[2m > [22m[2mshould reject POST requests without valid authentication
[22m[39m[ARCJET] WARNING: Running without Arcjet protection

[90mstdout[2m | tests/property/admin-system-health-fixes/settings-auth.property.test.ts[2m > [22m[2mFeature: admin-system-health-fixes, Property 3: Settings Authentication Requirement[2m > [22m[2mProperty: Requests without valid auth are rejected with 401 (Requirement 2.6)[2m > [22m[2mshould reject POST requests without valid authentication
[22m[39m[AUTH] Token verification failed: Access token verification failed

[90mstderr[2m | 
tests/property/admin-system-health-fixes/settings-auth.property.test.ts[2m > 
[22m[2mFeature: admin-system-health-fixes, Property 3: Settings Authentication 
Requirement[2m > [22m[2mProperty: Requests without valid auth are rejected with 401 
(Requirement 2.6)[2m > [22m[2mshould reject POST requests without valid authentication
[22m[39m[ARCJET] WARNING: Running without Arcjet protection

[90mstderr[2m | 
tests/property/admin-system-health-fixes/settings-auth.property.test.ts[2m > 
[22m[2mFeature: admin-system-health-fixes, Property 3: Settings Authentication 
Requirement[2m > [22m[2mProperty: Requests without valid auth are rejected with 401 
(Requirement 2.6)[2m > [22m[2mshould reject POST requests without valid authentication
[22m[39m[ARCJET] WARNING: Running without Arcjet protection

[90mstderr[2m | 
tests/property/admin-system-health-fixes/settings-auth.property.test.ts[2m > 
[22m[2mFeature: admin-system-health-fixes, Property 3: Settings Authentication 
Requirement[2m > [22m[2mProperty: Requests without valid auth are rejected with 401 
(Requirement 2.6)[2m > [22m[2mshould reject POST requests without valid authentication
[22m[39m[ARCJET] WARNING: Running without Arcjet protection

[90mstdout[2m | tests/property/admin-system-health-fixes/settings-auth.property.test.ts[2m > [22m[2mFeature: admin-system-health-fixes, Property 3: Settings Authentication Requirement[2m > [22m[2mProperty: Requests without valid auth are rejected with 401 (Requirement 2.6)[2m > [22m[2mshould reject POST requests without valid authentication
[22m[39m[AUTH] Token verification failed: Access token verification failed

[90mstderr[2m | 
tests/property/admin-system-health-fixes/settings-auth.property.test.ts[2m > 
[22m[2mFeature: admin-system-health-fixes, Property 3: Settings Authentication 
Requirement[2m > [22m[2mProperty: Requests without valid auth are rejected with 401 
(Requirement 2.6)[2m > [22m[2mshould reject POST requests without valid authentication
[22m[39m[ARCJET] WARNING: Running without Arcjet protection

[90mstderr[2m | 
tests/property/admin-system-health-fixes/settings-auth.property.test.ts[2m > 
[22m[2mFeature: admin-system-health-fixes, Property 3: Settings Authentication 
Requirement[2m > [22m[2mProperty: Requests without valid auth are rejected with 401 
(Requirement 2.6)[2m > [22m[2mshould reject POST requests without valid authentication
[22m[39m[ARCJET] WARNING: Running without Arcjet protection

[90mstderr[2m | 
tests/property/admin-system-health-fixes/settings-auth.property.test.ts[2m > 
[22m[2mFeature: admin-system-health-fixes, Property 3: Settings Authentication 
Requirement[2m > [22m[2mProperty: Requests without valid auth are rejected with 401 
(Requirement 2.6)[2m > [22m[2mshould reject POST requests without valid authentication
[22m[39m[ARCJET] WARNING: Running without Arcjet protection

[90mstderr[2m | 
tests/property/admin-system-health-fixes/settings-auth.property.test.ts[2m > 
[22m[2mFeature: admin-system-health-fixes, Property 3: Settings Authentication 
Requirement[2m > [22m[2mProperty: Requests without valid auth are rejected with 401 
(Requirement 2.6)[2m > [22m[2mshould reject POST requests without valid authentication
[22m[39m[ARCJET] WARNING: Running without Arcjet protection

[90mstderr[2m | 
tests/property/admin-system-health-fixes/settings-auth.property.test.ts[2m > 
[22m[2mFeature: admin-system-health-fixes, Property 3: Settings Authentication 
Requirement[2m > [22m[2mProperty: Requests without valid auth are rejected with 401 
(Requirement 2.6)[2m > [22m[2mshould reject POST requests without valid authentication
[22m[39m[ARCJET] WARNING: Running without Arcjet protection

[90mstderr[2m | 
tests/property/admin-system-health-fixes/settings-auth.property.test.ts[2m > 
[22m[2mFeature: admin-system-health-fixes, Property 3: Settings Authentication 
Requirement[2m > [22m[2mProperty: Requests without valid auth are rejected with 401 
(Requirement 2.6)[2m > [22m[2mshould reject POST requests without valid authentication
[22m[39m[ARCJET] WARNING: Running without Arcjet protection

[90mstdout[2m | tests/property/admin-system-health-fixes/settings-auth.property.test.ts[2m > [22m[2mFeature: admin-system-health-fixes, Property 3: Settings Authentication Requirement[2m > [22m[2mProperty: Requests without valid auth are rejected with 401 (Requirement 2.6)[2m > [22m[2mshould reject POST requests without valid authentication
[22m[39m[AUTH] Token verification failed: Access token verification failed

[90mstderr[2m | 
tests/property/admin-system-health-fixes/settings-auth.property.test.ts[2m > 
[22m[2mFeature: admin-system-health-fixes, Property 3: Settings Authentication 
Requirement[2m > [22m[2mProperty: Requests without valid auth are rejected with 401 
(Requirement 2.6)[2m > [22m[2mshould reject POST requests without valid authentication
[22m[39m[ARCJET] WARNING: Running without Arcjet protection

[90mstderr[2m | 
tests/property/admin-system-health-fixes/settings-auth.property.test.ts[2m > 
[22m[2mFeature: admin-system-health-fixes, Property 3: Settings Authentication 
Requirement[2m > [22m[2mProperty: Requests without valid auth are rejected with 401 
(Requirement 2.6)[2m > [22m[2mshould reject POST requests without valid authentication
[22m[39m[ARCJET] WARNING: Running without Arcjet protection

[90mstderr[2m | 
tests/property/admin-system-health-fixes/settings-auth.property.test.ts[2m > 
[22m[2mFeature: admin-system-health-fixes, Property 3: Settings Authentication 
Requirement[2m > [22m[2mProperty: Requests without valid auth are rejected with 401 
(Requirement 2.6)[2m > [22m[2mshould reject POST requests without valid authentication
[22m[39m[ARCJET] WARNING: Running without Arcjet protection

[90mstderr[2m | 
tests/property/admin-system-health-fixes/settings-auth.property.test.ts[2m > 
[22m[2mFeature: admin-system-health-fixes, Property 3: Settings Authentication 
Requirement[2m > [22m[2mProperty: Requests without valid auth are rejected with 401 
(Requirement 2.6)[2m > [22m[2mshould reject POST requests without valid authentication
[22m[39m[ARCJET] WARNING: Running without Arcjet protection

[90mstderr[2m | 
tests/property/admin-system-health-fixes/settings-auth.property.test.ts[2m > 
[22m[2mFeature: admin-system-health-fixes, Property 3: Settings Authentication 
Requirement[2m > [22m[2mProperty: Requests without valid auth are rejected with 401 
(Requirement 2.6)[2m > [22m[2mshould reject POST requests without valid authentication
[22m[39m[ARCJET] WARNING: Running without Arcjet protection

[90mstderr[2m | 
tests/property/admin-system-health-fixes/settings-auth.property.test.ts[2m > 
[22m[2mFeature: admin-system-health-fixes, Property 3: Settings Authentication 
Requirement[2m > [22m[2mProperty: Requests without valid auth are rejected with 401 
(Requirement 2.6)[2m > [22m[2mshould reject POST requests without valid authentication
[22m[39m[ARCJET] WARNING: Running without Arcjet protection

[90mstderr[2m | 
tests/property/admin-system-health-fixes/settings-auth.property.test.ts[2m > 
[22m[2mFeature: admin-system-health-fixes, Property 3: Settings Authentication 
Requirement[2m > [22m[2mProperty: Requests without valid auth are rejected with 401 
(Requirement 2.6)[2m > [22m[2mshould reject POST requests without valid authentication
[22m[39m[ARCJET] WARNING: Running without Arcjet protection

[90mstderr[2m | 
tests/property/admin-system-health-fixes/settings-auth.property.test.ts[2m > 
[22m[2mFeature: admin-system-health-fixes, Property 3: Settings Authentication 
Requirement[2m > [22m[2mProperty: Requests without valid auth are rejected with 401 
(Requirement 2.6)[2m > [22m[2mshould reject POST requests without valid authentication
[22m[39m[ARCJET] WARNING: Running without Arcjet protection

[90mstderr[2m | 
tests/property/admin-system-health-fixes/settings-auth.property.test.ts[2m > 
[22m[2mFeature: admin-system-health-fixes, Property 3: Settings Authentication 
Requirement[2m > [22m[2mProperty: Requests without valid auth are rejected with 401 
(Requirement 2.6)[2m > [22m[2mshould reject POST requests without valid authentication
[22m[39m[ARCJET] WARNING: Running without Arcjet protection

[90mstderr[2m | 
tests/property/admin-system-health-fixes/settings-auth.property.test.ts[2m > 
[22m[2mFeature: admin-system-health-fixes, Property 3: Settings Authentication 
Requirement[2m > [22m[2mProperty: Requests without valid auth are rejected with 401 
(Requirement 2.6)[2m > [22m[2mshould reject POST requests without valid authentication
[22m[39m[ARCJET] WARNING: Running without Arcjet protection

[90mstdout[2m | tests/property/admin-system-health-fixes/settings-auth.property.test.ts[2m > [22m[2mFeature: admin-system-health-fixes, Property 3: Settings Authentication Requirement[2m > [22m[2mProperty: Requests without valid auth are rejected with 401 (Requirement 2.6)[2m > [22m[2mshould reject POST requests without valid authentication
[22m[39m[AUTH] Token verification failed: Access token verification failed

[90mstderr[2m | 
tests/property/admin-system-health-fixes/settings-auth.property.test.ts[2m > 
[22m[2mFeature: admin-system-health-fixes, Property 3: Settings Authentication 
Requirement[2m > [22m[2mProperty: Requests without valid auth are rejected with 401 
(Requirement 2.6)[2m > [22m[2mshould reject POST requests without valid authentication
[22m[39m[ARCJET] WARNING: Running without Arcjet protection

[90mstdout[2m | tests/property/admin-system-health-fixes/settings-auth.property.test.ts[2m > [22m[2mFeature: admin-system-health-fixes, Property 3: Settings Authentication Requirement[2m > [22m[2mProperty: Requests without valid auth are rejected with 401 (Requirement 2.6)[2m > [22m[2mshould reject POST requests without valid authentication
[22m[39m[AUTH] Token verification failed: Access token verification failed

[90mstderr[2m | 
tests/property/admin-system-health-fixes/settings-auth.property.test.ts[2m > 
[22m[2mFeature: admin-system-health-fixes, Property 3: Settings Authentication 
Requirement[2m > [22m[2mProperty: Requests without valid auth are rejected with 401 
(Requirement 2.6)[2m > [22m[2mshould reject POST requests without valid authentication
[22m[39m[ARCJET] WARNING: Running without Arcjet protection

[90mstderr[2m | 
tests/property/admin-system-health-fixes/settings-auth.property.test.ts[2m > 
[22m[2mFeature: admin-system-health-fixes, Property 3: Settings Authentication 
Requirement[2m > [22m[2mProperty: Requests without valid auth are rejected with 401 
(Requirement 2.6)[2m > [22m[2mshould reject POST requests without valid authentication
[22m[39m[ARCJET] WARNING: Running without Arcjet protection

[90mstderr[2m | 
tests/property/admin-system-health-fixes/settings-auth.property.test.ts[2m > 
[22m[2mFeature: admin-system-health-fixes, Property 3: Settings Authentication 
Requirement[2m > [22m[2mProperty: Requests without valid auth are rejected with 401 
(Requirement 2.6)[2m > [22m[2mshould reject POST requests without valid authentication
[22m[39m[ARCJET] WARNING: Running without Arcjet protection

[90mstderr[2m | 
tests/property/admin-system-health-fixes/settings-auth.property.test.ts[2m > 
[22m[2mFeature: admin-system-health-fixes, Property 3: Settings Authentication 
Requirement[2m > [22m[2mProperty: Requests without valid auth are rejected with 401 
(Requirement 2.6)[2m > [22m[2mshould reject POST requests without valid authentication
[22m[39m[ARCJET] WARNING: Running without Arcjet protection

[90mstderr[2m | 
tests/property/admin-system-health-fixes/settings-auth.property.test.ts[2m > 
[22m[2mFeature: admin-system-health-fixes, Property 3: Settings Authentication 
Requirement[2m > [22m[2mProperty: Requests without valid auth are rejected with 401 
(Requirement 2.6)[2m > [22m[2mshould reject POST requests without valid authentication
[22m[39m[ARCJET] WARNING: Running without Arcjet protection

[90mstderr[2m | 
tests/property/admin-system-health-fixes/settings-auth.property.test.ts[2m > 
[22m[2mFeature: admin-system-health-fixes, Property 3: Settings Authentication 
Requirement[2m > [22m[2mProperty: Requests without valid auth are rejected with 401 
(Requirement 2.6)[2m > [22m[2mshould reject POST requests without valid authentication
[22m[39m[ARCJET] WARNING: Running without Arcjet protection

[90mstderr[2m | 
tests/property/admin-system-health-fixes/settings-auth.property.test.ts[2m > 
[22m[2mFeature: admin-system-health-fixes, Property 3: Settings Authentication 
Requirement[2m > [22m[2mProperty: Requests without valid auth are rejected with 401 
(Requirement 2.6)[2m > [22m[2mshould reject POST requests without valid authentication
[22m[39m[ARCJET] WARNING: Running without Arcjet protection

[90mstderr[2m | 
tests/property/admin-system-health-fixes/settings-auth.property.test.ts[2m > 
[22m[2mFeature: admin-system-health-fixes, Property 3: Settings Authentication 
Requirement[2m > [22m[2mProperty: Requests without valid auth are rejected with 401 
(Requirement 2.6)[2m > [22m[2mshould reject POST requests without valid authentication
[22m[39m[ARCJET] WARNING: Running without Arcjet protection

[90mstderr[2m | 
tests/property/admin-system-health-fixes/settings-auth.property.test.ts[2m > 
[22m[2mFeature: admin-system-health-fixes, Property 3: Settings Authentication 
Requirement[2m > [22m[2mProperty: Requests without valid auth are rejected with 401 
(Requirement 2.6)[2m > [22m[2mshould reject POST requests without valid authentication
[22m[39m[ARCJET] WARNING: Running without Arcjet protection

[90mstdout[2m | tests/property/admin-system-health-fixes/settings-auth.property.test.ts[2m > [22m[2mFeature: admin-system-health-fixes, Property 3: Settings Authentication Requirement[2m > [22m[2mProperty: Requests without valid auth are rejected with 401 (Requirement 2.6)[2m > [22m[2mshould reject POST requests without valid authentication
[22m[39m[AUTH] Token verification failed: Access token verification failed

[90mstderr[2m | 
tests/property/admin-system-health-fixes/settings-auth.property.test.ts[2m > 
[22m[2mFeature: admin-system-health-fixes, Property 3: Settings Authentication 
Requirement[2m > [22m[2mProperty: Requests without valid auth are rejected with 401 
(Requirement 2.6)[2m > [22m[2mshould reject POST requests without valid authentication
[22m[39m[ARCJET] WARNING: Running without Arcjet protection

[90mstderr[2m | 
tests/property/admin-system-health-fixes/settings-auth.property.test.ts[2m > 
[22m[2mFeature: admin-system-health-fixes, Property 3: Settings Authentication 
Requirement[2m > [22m[2mProperty: Requests without valid auth are rejected with 401 
(Requirement 2.6)[2m > [22m[2mshould reject POST requests without valid authentication
[22m[39m[ARCJET] WARNING: Running without Arcjet protection

[90mstderr[2m | 
tests/property/admin-system-health-fixes/settings-auth.property.test.ts[2m > 
[22m[2mFeature: admin-system-health-fixes, Property 3: Settings Authentication 
Requirement[2m > [22m[2mProperty: Requests without valid auth are rejected with 401 
(Requirement 2.6)[2m > [22m[2mshould reject POST requests without valid authentication
[22m[39m[ARCJET] WARNING: Running without Arcjet protection

[90mstderr[2m | 
tests/property/admin-system-health-fixes/settings-auth.property.test.ts[2m > 
[22m[2mFeature: admin-system-health-fixes, Property 3: Settings Authentication 
Requirement[2m > [22m[2mProperty: Requests without valid auth are rejected with 401 
(Requirement 2.6)[2m > [22m[2mshould reject POST requests without valid authentication
[22m[39m[ARCJET] WARNING: Running without Arcjet protection

[90mstderr[2m | 
tests/property/admin-system-health-fixes/settings-auth.property.test.ts[2m > 
[22m[2mFeature: admin-system-health-fixes, Property 3: Settings Authentication 
Requirement[2m > [22m[2mProperty: Requests without valid auth are rejected with 401 
(Requirement 2.6)[2m > [22m[2mshould reject POST requests without valid authentication
[22m[39m[ARCJET] WARNING: Running without Arcjet protection

[90mstderr[2m | 
tests/property/admin-system-health-fixes/settings-auth.property.test.ts[2m > 
[22m[2mFeature: admin-system-health-fixes, Property 3: Settings Authentication 
Requirement[2m > [22m[2mProperty: Requests without valid auth are rejected with 401 
(Requirement 2.6)[2m > [22m[2mshould reject POST requests without valid authentication
[22m[39m[ARCJET] WARNING: Running without Arcjet protection

[90mstdout[2m | tests/property/admin-system-health-fixes/settings-auth.property.test.ts[2m > [22m[2mFeature: admin-system-health-fixes, Property 3: Settings Authentication Requirement[2m > [22m[2mProperty: Requests without valid auth are rejected with 401 (Requirement 2.6)[2m > [22m[2mshould reject POST requests without valid authentication
[22m[39m[AUTH] Token verification failed: Access token verification failed

[90mstderr[2m | 
tests/property/admin-system-health-fixes/settings-auth.property.test.ts[2m > 
[22m[2mFeature: admin-system-health-fixes, Property 3: Settings Authentication 
Requirement[2m > [22m[2mProperty: Requests without valid auth are rejected with 401 
(Requirement 2.6)[2m > [22m[2mshould reject POST requests without valid authentication
[22m[39m[ARCJET] WARNING: Running without Arcjet protection

[90mstderr[2m | 
tests/property/admin-system-health-fixes/settings-auth.property.test.ts[2m > 
[22m[2mFeature: admin-system-health-fixes, Property 3: Settings Authentication 
Requirement[2m > [22m[2mProperty: Requests without valid auth are rejected with 401 
(Requirement 2.6)[2m > [22m[2mshould reject POST requests without valid authentication
[22m[39m[ARCJET] WARNING: Running without Arcjet protection

[90mstderr[2m | 
tests/property/admin-system-health-fixes/settings-auth.property.test.ts[2m > 
[22m[2mFeature: admin-system-health-fixes, Property 3: Settings Authentication 
Requirement[2m > [22m[2mProperty: Requests without valid auth are rejected with 401 
(Requirement 2.6)[2m > [22m[2mshould reject POST requests without valid authentication
[22m[39m[ARCJET] WARNING: Running without Arcjet protection

[90mstderr[2m | 
tests/property/admin-system-health-fixes/settings-auth.property.test.ts[2m > 
[22m[2mFeature: admin-system-health-fixes, Property 3: Settings Authentication 
Requirement[2m > [22m[2mProperty: Requests without valid auth are rejected with 401 
(Requirement 2.6)[2m > [22m[2mshould reject POST requests without valid authentication
[22m[39m[ARCJET] WARNING: Running without Arcjet protection

[90mstderr[2m | 
tests/property/admin-system-health-fixes/settings-auth.property.test.ts[2m > 
[22m[2mFeature: admin-system-health-fixes, Property 3: Settings Authentication 
Requirement[2m > [22m[2mProperty: Requests without valid auth are rejected with 401 
(Requirement 2.6)[2m > [22m[2mshould reject POST requests without valid authentication
[22m[39m[ARCJET] WARNING: Running without Arcjet protection

[90mstdout[2m | tests/property/admin-system-health-fixes/settings-auth.property.test.ts[2m > [22m[2mFeature: admin-system-health-fixes, Property 3: Settings Authentication Requirement[2m > [22m[2mProperty: Requests without valid auth are rejected with 401 (Requirement 2.6)[2m > [22m[2mshould reject POST requests without valid authentication
[22m[39m[AUTH] Token verification failed: Access token verification failed

[90mstderr[2m | 
tests/property/admin-system-health-fixes/settings-auth.property.test.ts[2m > 
[22m[2mFeature: admin-system-health-fixes, Property 3: Settings Authentication 
Requirement[2m > [22m[2mProperty: Requests without valid auth are rejected with 401 
(Requirement 2.6)[2m > [22m[2mshould reject POST requests without valid authentication
[22m[39m[ARCJET] WARNING: Running without Arcjet protection
[90mstdout[2m | tests/property/admin-system-health-fixes/settings-auth.property.test.ts[2m > [22m[2mFeature: admin-system-health-fixes, Property 3: Settings Authentication Requirement[2m > [22m[2mProperty: Requests without valid auth are rejected with 401 (Requirement 2.6)[2m > [22m[2mshould reject POST requests without valid authentication
[22m[39m[AUTH] Token verification failed: Access token verification failed

[90mstdout[2m | tests/property/admin-system-health-fixes/settings-auth.property.test.ts[2m > [22m[2mFeature: admin-system-health-fixes, Property 3: Settings Authentication Requirement[2m > [22m[2mProperty: Requests without valid auth are rejected with 401 (Requirement 2.6)[2m > [22m[2mshould reject POST requests without valid authentication
[22m[39m[AUTH] Token verification failed: Access token verification failed

[90mstdout[2m | tests/property/admin-system-health-fixes/settings-auth.property.test.ts[2m > [22m[2mFeature: admin-system-health-fixes, Property 3: Settings Authentication Requirement[2m > [22m[2mProperty: Requests without valid auth are rejected with 401 (Requirement 2.6)[2m > [22m[2mshould reject POST requests without valid authentication
[22m[39m[AUTH] Token verification failed: Access token verification failed


[90mstderr[2m | 
tests/property/admin-system-health-fixes/settings-auth.property.test.ts[2m > 
[22m[2mFeature: admin-system-health-fixes, Property 3: Settings Authentication 
Requirement[2m > [22m[2mProperty: Requests without valid auth are rejected with 401 
(Requirement 2.6)[2m > [22m[2mshould reject POST requests without valid authentication
[22m[39m[ARCJET] WARNING: Running without Arcjet protection

[90mstderr[2m | 
tests/property/admin-system-health-fixes/settings-auth.property.test.ts[2m > 
[22m[2mFeature: admin-system-health-fixes, Property 3: Settings Authentication 
Requirement[2m > [22m[2mProperty: Requests without valid auth are rejected with 401 
(Requirement 2.6)[2m > [22m[2mshould reject POST requests without valid authentication
[22m[39m[ARCJET] WARNING: Running without Arcjet protection

[90mstderr[2m | 
tests/property/admin-system-health-fixes/settings-auth.property.test.ts[2m > 
[22m[2mFeature: admin-system-health-fixes, Property 3: Settings Authentication 
Requirement[2m > [22m[2mProperty: Requests without valid auth are rejected with 401 
(Requirement 2.6)[2m > [22m[2mshould reject POST requests without valid authentication
[22m[39m[ARCJET] WARNING: Running without Arcjet protection

[90mstderr[2m | 
tests/property/admin-system-health-fixes/settings-auth.property.test.ts[2m > 
[22m[2mFeature: admin-system-health-fixes, Property 3: Settings Authentication 
Requirement[2m > [22m[2mProperty: Requests without valid auth are rejected with 401 
(Requirement 2.6)[2m > [22m[2mshould reject POST requests without valid authentication
[22m[39m[ARCJET] WARNING: Running without Arcjet protection

[90mstderr[2m | 
tests/property/admin-system-health-fixes/settings-auth.property.test.ts[2m > 
[22m[2mFeature: admin-system-health-fixes, Property 3: Settings Authentication 
Requirement[2m > [22m[2mProperty: Requests without valid auth are rejected with 401 
(Requirement 2.6)[2m > [22m[2mshould reject POST requests without valid authentication
[22m[39m[ARCJET] WARNING: Running without Arcjet protection

[90mstderr[2m | 
tests/property/admin-system-health-fixes/settings-auth.property.test.ts[2m > 
[22m[2mFeature: admin-system-health-fixes, Property 3: Settings Authentication 
Requirement[2m > [22m[2mProperty: Requests without valid auth are rejected with 401 
(Requirement 2.6)[2m > [22m[2mshould reject POST requests without valid authentication
[22m[39m[ARCJET] WARNING: Running without Arcjet protection

[90mstderr[2m | 
tests/property/admin-system-health-fixes/settings-auth.property.test.ts[2m > 
[22m[2mFeature: admin-system-health-fixes, Property 3: Settings Authentication 
Requirement[2m > [22m[2mProperty: Requests without valid auth are rejected with 401 
(Requirement 2.6)[2m > [22m[2mshould reject POST requests without valid authentication
[22m[39m[ARCJET] WARNING: Running without Arcjet protection

[90mstderr[2m | 
tests/property/admin-system-health-fixes/settings-auth.property.test.ts[2m > 
[22m[2mFeature: admin-system-health-fixes, Property 3: Settings Authentication 
Requirement[2m > [22m[2mProperty: Requests without valid auth are rejected with 401 
(Requirement 2.6)[2m > [22m[2mshould reject POST requests without valid authentication
[22m[39m[ARCJET] WARNING: Running without Arcjet protection

[90mstderr[2m | 
tests/property/admin-system-health-fixes/settings-auth.property.test.ts[2m > 
[22m[2mFeature: admin-system-health-fixes, Property 3: Settings Authentication 
Requirement[2m > [22m[2mProperty: Requests without valid auth are rejected with 401 
(Requirement 2.6)[2m > [22m[2mshould reject POST requests without valid authentication
[22m[39m[ARCJET] WARNING: Running without Arcjet protection

[90mstderr[2m | 
tests/property/admin-system-health-fixes/settings-auth.property.test.ts[2m > 
[22m[2mFeature: admin-system-health-fixes, Property 3: Settings Authentication 
Requirement[2m > [22m[2mProperty: Requests without valid auth are rejected with 401 
(Requirement 2.6)[2m > [22m[2mshould reject POST requests without valid authentication
[22m[39m[ARCJET] WARNING: Running without Arcjet protection

[90mstderr[2m | 
tests/property/admin-system-health-fixes/settings-auth.property.test.ts[2m > 
[22m[2mFeature: admin-system-health-fixes, Property 3: Settings Authentication 
Requirement[2m > [22m[2mProperty: Requests without valid auth are rejected with 401 
(Requirement 2.6)[2m > [22m[2mshould reject POST requests without valid authentication
[22m[39m[ARCJET] WARNING: Running without Arcjet protection

[90mstderr[2m | 
tests/property/admin-system-health-fixes/settings-auth.property.test.ts[2m > 
[22m[2mFeature: admin-system-health-fixes, Property 3: Settings Authentication 
Requirement[2m > [22m[2mProperty: Requests without valid auth are rejected with 401 
(Requirement 2.6)[2m > [22m[2mshould reject POST requests without valid authentication
[22m[39m[ARCJET] WARNING: Running without Arcjet protection

[90mstderr[2m | 
tests/property/admin-system-health-fixes/settings-auth.property.test.ts[2m > 
[22m[2mFeature: admin-system-health-fixes, Property 3: Settings Authentication 
Requirement[2m > [22m[2mProperty: Requests without valid auth are rejected with 401 
(Requirement 2.6)[2m > [22m[2mshould reject POST requests without valid authentication
[22m[39m[ARCJET] WARNING: Running without Arcjet protection

[90mstderr[2m | 
tests/property/admin-system-health-fixes/settings-auth.property.test.ts[2m > 
[22m[2mFeature: admin-system-health-fixes, Property 3: Settings Authentication 
Requirement[2m > [22m[2mProperty: Requests without valid auth are rejected with 401 
(Requirement 2.6)[2m > [22m[2mshould reject POST requests without valid authentication
[22m[39m[ARCJET] WARNING: Running without Arcjet protection

[90mstderr[2m | 
tests/property/admin-system-health-fixes/settings-auth.property.test.ts[2m > 
[22m[2mFeature: admin-system-health-fixes, Property 3: Settings Authentication 
Requirement[2m > [22m[2mProperty: Requests without valid auth are rejected with 401 
(Requirement 2.6)[2m > [22m[2mshould reject POST requests without valid authentication
[22m[39m[ARCJET] WARNING: Running without Arcjet protection

[90mstderr[2m | 
tests/property/admin-system-health-fixes/settings-auth.property.test.ts[2m > 
[22m[2mFeature: admin-system-health-fixes, Property 3: Settings Authentication 
Requirement[2m > [22m[2mProperty: Requests without valid auth are rejected with 401 
(Requirement 2.6)[2m > [22m[2mshould reject POST requests without valid authentication
[22m[39m[ARCJET] WARNING: Running without Arcjet protection

[90mstderr[2m | 
tests/property/admin-system-health-fixes/settings-auth.property.test.ts[2m > 
[22m[2mFeature: admin-system-health-fixes, Property 3: Settings Authentication 
Requirement[2m > [22m[2mProperty: Requests without valid auth are rejected with 401 
(Requirement 2.6)[2m > [22m[2mshould reject POST requests without valid authentication
[22m[39m[ARCJET] WARNING: Running without Arcjet protection

[90mstderr[2m | 
tests/property/admin-system-health-fixes/settings-auth.property.test.ts[2m > 
[22m[2mFeature: admin-system-health-fixes, Property 3: Settings Authentication 
Requirement[2m > [22m[2mProperty: Requests without valid auth are rejected with 401 
(Requirement 2.6)[2m > [22m[2mshould reject POST requests without valid authentication
[22m[39m[ARCJET] WARNING: Running without Arcjet protection

[90mstderr[2m | 
tests/property/admin-system-health-fixes/settings-auth.property.test.ts[2m > 
[22m[2mFeature: admin-system-health-fixes, Property 3: Settings Authentication 
Requirement[2m > [22m[2mProperty: Requests without valid auth are rejected with 401 
(Requirement 2.6)[2m > [22m[2mshould reject POST requests without valid authentication
[22m[39m[ARCJET] WARNING: Running without Arcjet protection

[90mstderr[2m | 
tests/property/admin-system-health-fixes/settings-auth.property.test.ts[2m > 
[22m[2mFeature: admin-system-health-fixes, Property 3: Settings Authentication 
Requirement[2m > [22m[2mProperty: Requests without valid auth are rejected with 401 
(Requirement 2.6)[2m > [22m[2mshould reject POST requests without valid authentication
[22m[39m[ARCJET] WARNING: Running without Arcjet protection

[90mstdout[2m | tests/property/admin-system-health-fixes/settings-auth.property.test.ts[2m > [22m[2mFeature: admin-system-health-fixes, Property 3: Settings Authentication Requirement[2m > [22m[2mProperty: Requests without valid auth are rejected with 401 (Requirement 2.6)[2m > [22m[2mshould reject POST requests without valid authentication
[22m[39m[AUTH] Token verification failed: Access token verification failed

[90mstderr[2m | 
tests/property/admin-system-health-fixes/settings-auth.property.test.ts[2m > 
[22m[2mFeature: admin-system-health-fixes, Property 3: Settings Authentication 
Requirement[2m > [22m[2mProperty: Requests without valid auth are rejected with 401 
(Requirement 2.6)[2m > [22m[2mshould reject POST requests without valid authentication
[22m[39m[ARCJET] WARNING: Running without Arcjet protection

[90mstderr[2m | 
tests/property/admin-system-health-fixes/settings-auth.property.test.ts[2m > 
[22m[2mFeature: admin-system-health-fixes, Property 3: Settings Authentication 
Requirement[2m > [22m[2mProperty: Requests without valid auth are rejected with 401 
(Requirement 2.6)[2m > [22m[2mshould reject POST requests without valid authentication
[22m[39m[ARCJET] WARNING: Running without Arcjet protection

[90mstdout[2m | tests/property/admin-system-health-fixes/settings-auth.property.test.ts[2m > [22m[2mFeature: admin-system-health-fixes, Property 3: Settings Authentication Requirement[2m > [22m[2mProperty: Requests without valid auth are rejected with 401 (Requirement 2.6)[2m > [22m[2mshould reject POST requests without valid authentication
[22m[39m[AUTH] Token verification failed: Access token verification failed

[90mstderr[2m | 
tests/property/admin-system-health-fixes/settings-auth.property.test.ts[2m > 
[22m[2mFeature: admin-system-health-fixes, Property 3: Settings Authentication 
Requirement[2m > [22m[2mProperty: Requests without valid auth are rejected with 401 
(Requirement 2.6)[2m > [22m[2mshould reject POST requests without valid authentication
[22m[39m[ARCJET] WARNING: Running without Arcjet protection

[90mstdout[2m | tests/property/admin-system-health-fixes/settings-auth.property.test.ts[2m > [22m[2mFeature: admin-system-health-fixes, Property 3: Settings Authentication Requirement[2m > [22m[2mProperty: Requests without valid auth are rejected with 401 (Requirement 2.6)[2m > [22m[2mshould reject POST requests without valid authentication
[22m[39m[AUTH] Token verification failed: Access token verification failed

[90mstderr[2m | 
tests/property/admin-system-health-fixes/settings-auth.property.test.ts[2m > 
[22m[2mFeature: admin-system-health-fixes, Property 3: Settings Authentication 
Requirement[2m > [22m[2mProperty: Requests without valid auth are rejected with 401 
(Requirement 2.6)[2m > [22m[2mshould reject POST requests without valid authentication
[22m[39m[ARCJET] WARNING: Running without Arcjet protection

[90mstdout[2m | tests/property/admin-system-health-fixes/settings-auth.property.test.ts[2m > [22m[2mFeature: admin-system-health-fixes, Property 3: Settings Authentication Requirement[2m > [22m[2mProperty: Requests without valid auth are rejected with 401 (Requirement 2.6)[2m > [22m[2mshould reject POST requests without valid authentication
[22m[39m[AUTH] Token verification failed: Access token verification failed

[90mstderr[2m | 
tests/property/admin-system-health-fixes/settings-auth.property.test.ts[2m > 
[22m[2mFeature: admin-system-health-fixes, Property 3: Settings Authentication 
Requirement[2m > [22m[2mProperty: Requests without valid auth are rejected with 401 
(Requirement 2.6)[2m > [22m[2mshould reject POST requests without valid authentication
[22m[39m[ARCJET] WARNING: Running without Arcjet protection

[90mstdout[2m | tests/property/admin-system-health-fixes/settings-auth.property.test.ts[2m > [22m[2mFeature: admin-system-health-fixes, Property 3: Settings Authentication Requirement[2m > [22m[2mProperty: Requests without valid auth are rejected with 401 (Requirement 2.6)[2m > [22m[2mshould reject POST requests without valid authentication
[22m[39m[AUTH] Token verification failed: Access token verification failed

[90mstderr[2m | 
tests/property/admin-system-health-fixes/settings-auth.property.test.ts[2m > 
[22m[2mFeature: admin-system-health-fixes, Property 3: Settings Authentication 
Requirement[2m > [22m[2mProperty: Requests without valid auth are rejected with 401 
(Requirement 2.6)[2m > [22m[2mshould reject POST requests without valid authentication
[22m[39m[ARCJET] WARNING: Running without Arcjet protection

[90mstderr[2m | 
tests/property/admin-system-health-fixes/settings-auth.property.test.ts[2m > 
[22m[2mFeature: admin-system-health-fixes, Property 3: Settings Authentication 
Requirement[2m > [22m[2mProperty: Requests without valid auth are rejected with 401 
(Requirement 2.6)[2m > [22m[2mshould reject POST requests without valid authentication
[22m[39m[ARCJET] WARNING: Running without Arcjet protection

[90mstdout[2m | tests/property/admin-system-health-fixes/settings-auth.property.test.ts[2m > [22m[2mFeature: admin-system-health-fixes, Property 3: Settings Authentication Requirement[2m > [22m[2mProperty: Requests without valid auth are rejected with 401 (Requirement 2.6)[2m > [22m[2mshould reject POST requests without valid authentication
[22m[39m[AUTH] Token verification failed: Access token verification failed

[90mstderr[2m | 
tests/property/admin-system-health-fixes/settings-auth.property.test.ts[2m > 
[22m[2mFeature: admin-system-health-fixes, Property 3: Settings Authentication 
Requirement[2m > [22m[2mProperty: Requests without valid auth are rejected with 401 
(Requirement 2.6)[2m > [22m[2mshould reject POST requests without valid authentication
[22m[39m[ARCJET] WARNING: Running without Arcjet protection

[90mstderr[2m | 
tests/property/admin-system-health-fixes/settings-auth.property.test.ts[2m > 
[22m[2mFeature: admin-system-health-fixes, Property 3: Settings Authentication 
Requirement[2m > [22m[2mProperty: Requests without valid auth are rejected with 401 
(Requirement 2.6)[2m > [22m[2mshould reject POST requests without valid authentication
[22m[39m[ARCJET] WARNING: Running without Arcjet protection

[90mstderr[2m | 
tests/property/admin-system-health-fixes/settings-auth.property.test.ts[2m > 
[22m[2mFeature: admin-system-health-fixes, Property 3: Settings Authentication 
Requirement[2m > [22m[2mProperty: Requests without valid auth are rejected with 401 
(Requirement 2.6)[2m > [22m[2mshould reject POST requests without valid authentication
[22m[39m[ARCJET] WARNING: Running without Arcjet protection

[90mstderr[2m | 
tests/property/admin-system-health-fixes/settings-auth.property.test.ts[2m > 
[22m[2mFeature: admin-system-health-fixes, Property 3: Settings Authentication 
Requirement[2m > [22m[2mProperty: Requests without valid auth are rejected with 401 
(Requirement 2.6)[2m > [22m[2mshould reject POST requests without valid authentication
[22m[39m[ARCJET] WARNING: Running without Arcjet protection

[90mstderr[2m | 
tests/property/admin-system-health-fixes/settings-auth.property.test.ts[2m > 
[22m[2mFeature: admin-system-health-fixes, Property 3: Settings Authentication 
Requirement[2m > [22m[2mProperty: Requests without valid auth are rejected with 401 
(Requirement 2.6)[2m > [22m[2mshould reject POST requests without valid authentication
[22m[39m[ARCJET] WARNING: Running without Arcjet protection

[90mstdout[2m | tests/property/admin-system-health-fixes/settings-auth.property.test.ts[2m > [22m[2mFeature: admin-system-health-fixes, Property 3: Settings Authentication Requirement[2m > [22m[2mProperty: Requests without valid auth are rejected with 401 (Requirement 2.6)[2m > [22m[2mshould reject POST requests without valid authentication
[22m[39m[AUTH] Token verification failed: Access token verification failed

[90mstderr[2m | 
tests/property/admin-system-health-fixes/settings-auth.property.test.ts[2m > 
[22m[2mFeature: admin-system-health-fixes, Property 3: Settings Authentication 
Requirement[2m > [22m[2mProperty: Requests without valid auth are rejected with 401 
(Requirement 2.6)[2m > [22m[2mshould reject POST requests without valid authentication
[22m[39m[ARCJET] WARNING: Running without Arcjet protection

[90mstdout[2m | tests/property/admin-system-health-fixes/settings-auth.property.test.ts[2m > [22m[2mFeature: admin-system-health-fixes, Property 3: Settings Authentication Requirement[2m > [22m[2mProperty: Requests without valid auth are rejected with 401 (Requirement 2.6)[2m > [22m[2mshould reject POST requests without valid authentication
[22m[39m[AUTH] Token verification failed: Access token verification failed

[90mstderr[2m | 
tests/property/admin-system-health-fixes/settings-auth.property.test.ts[2m > 
[22m[2mFeature: admin-system-health-fixes, Property 3: Settings Authentication 
Requirement[2m > [22m[2mProperty: Requests without valid auth are rejected with 401 
(Requirement 2.6)[2m > [22m[2mshould reject POST requests without valid authentication
[22m[39m[ARCJET] WARNING: Running without Arcjet protection

[90mstderr[2m | 
tests/property/admin-system-health-fixes/settings-auth.property.test.ts[2m > 
[22m[2mFeature: admin-system-health-fixes, Property 3: Settings Authentication 
Requirement[2m > [22m[2mProperty: Requests without valid auth are rejected with 401 
(Requirement 2.6)[2m > [22m[2mshould reject POST requests without valid authentication
[22m[39m[ARCJET] WARNING: Running without Arcjet protection

[90mstderr[2m | 
tests/property/admin-system-health-fixes/settings-auth.property.test.ts[2m > 
[22m[2mFeature: admin-system-health-fixes, Property 3: Settings Authentication 
Requirement[2m > [22m[2mProperty: Requests without valid auth are rejected with 401 
(Requirement 2.6)[2m > [22m[2mshould reject POST requests without valid authentication
[22m[39m[ARCJET] WARNING: Running without Arcjet protection

[90mstderr[2m | 
tests/property/admin-system-health-fixes/settings-auth.property.test.ts[2m > 
[22m[2mFeature: admin-system-health-fixes, Property 3: Settings Authentication 
Requirement[2m > [22m[2mProperty: Requests without valid auth are rejected with 401 
(Requirement 2.6)[2m > [22m[2mshould reject POST requests without valid authentication
[22m[39m[ARCJET] WARNING: Running without Arcjet protection

[90mstderr[2m | 
tests/property/admin-system-health-fixes/settings-auth.property.test.ts[2m > 
[22m[2mFeature: admin-system-health-fixes, Property 3: Settings Authentication 
Requirement[2m > [22m[2mProperty: Requests without valid auth are rejected with 401 
(Requirement 2.6)[2m > [22m[2mshould reject POST requests without valid authentication
[22m[39m[ARCJET] WARNING: Running without Arcjet protection

[90mstderr[2m | 
tests/property/admin-system-health-fixes/settings-auth.property.test.ts[2m > 
[22m[2mFeature: admin-system-health-fixes, Property 3: Settings Authentication 
Requirement[2m > [22m[2mProperty: Requests without valid auth are rejected with 401 
(Requirement 2.6)[2m > [22m[2mshould reject POST requests without valid authentication
[22m[39m[ARCJET] WARNING: Running without Arcjet protection

[90mstderr[2m | 
tests/property/admin-system-health-fixes/settings-auth.property.test.ts[2m > 
[22m[2mFeature: admin-system-health-fixes, Property 3: Settings Authentication 
Requirement[2m > [22m[2mProperty: Requests without valid auth are rejected with 401 
(Requirement 2.6)[2m > [22m[2mshould reject POST requests without valid authentication
[22m[39m[ARCJET] WARNING: Running without Arcjet protection

[90mstderr[2m | 
tests/property/admin-system-health-fixes/settings-auth.property.test.ts[2m > 
[22m[2mFeature: admin-system-health-fixes, Property 3: Settings Authentication 
Requirement[2m > [22m[2mProperty: Requests without valid auth are rejected with 401 
(Requirement 2.6)[2m > [22m[2mshould reject POST requests without valid authentication
[22m[39m[ARCJET] WARNING: Running without Arcjet protection

[90mstdout[2m | tests/property/admin-system-health-fixes/settings-auth.property.test.ts[2m > [22m[2mFeature: admin-system-health-fixes, Property 3: Settings Authentication Requirement[2m > [22m[2mProperty: Requests without valid auth are rejected with 401 (Requirement 2.6)[2m > [22m[2mshould reject POST requests without valid authentication
[22m[39m[AUTH] Token verification failed: Access token verification failed

[90mstderr[2m | 
tests/property/admin-system-health-fixes/settings-auth.property.test.ts[2m > 
[22m[2mFeature: admin-system-health-fixes, Property 3: Settings Authentication 
Requirement[2m > [22m[2mProperty: Requests without valid auth are rejected with 401 
(Requirement 2.6)[2m > [22m[2mshould reject POST requests without valid authentication
[22m[39m[ARCJET] WARNING: Running without Arcjet protection

[90mstderr[2m | 
tests/property/admin-system-health-fixes/settings-auth.property.test.ts[2m > 
[22m[2mFeature: admin-system-health-fixes, Property 3: Settings Authentication 
Requirement[2m > [22m[2mProperty: Requests without valid auth are rejected with 401 
(Requirement 2.6)[2m > [22m[2mshould reject POST requests without valid authentication
[22m[39m[ARCJET] WARNING: Running without Arcjet protection

[90mstdout[2m | tests/property/admin-system-health-fixes/settings-auth.property.test.ts[2m > [22m[2mFeature: admin-system-health-fixes, Property 3: Settings Authentication Requirement[2m > [22m[2mProperty: Requests without valid auth are rejected with 401 (Requirement 2.6)[2m > [22m[2mshould reject POST requests without valid authentication
[22m[39m[AUTH] Token verification failed: Access token verification failed

[90mstderr[2m | 
tests/property/admin-system-health-fixes/settings-auth.property.test.ts[2m > 
[22m[2mFeature: admin-system-health-fixes, Property 3: Settings Authentication 
Requirement[2m > [22m[2mProperty: Requests without valid auth are rejected with 401 
(Requirement 2.6)[2m > [22m[2mshould reject POST requests without valid authentication
[22m[39m[ARCJET] WARNING: Running without Arcjet protection

[90mstdout[2m | tests/property/admin-system-health-fixes/settings-auth.property.test.ts[2m > [22m[2mFeature: admin-system-health-fixes, Property 3: Settings Authentication Requirement[2m > [22m[2mProperty: Requests without valid auth are rejected with 401 (Requirement 2.6)[2m > [22m[2mshould reject POST requests without valid authentication
[22m[39m[AUTH] Token verification failed: Access token verification failed

[90mstderr[2m | 
tests/property/admin-system-health-fixes/settings-auth.property.test.ts[2m > 
[22m[2mFeature: admin-system-health-fixes, Property 3: Settings Authentication 
Requirement[2m > [22m[2mProperty: Requests without valid auth are rejected with 401 
(Requirement 2.6)[2m > [22m[2mshould reject POST requests without valid authentication
[22m[39m[ARCJET] WARNING: Running without Arcjet protection

[90mstderr[2m | 
tests/property/admin-system-health-fixes/settings-auth.property.test.ts[2m > 
[22m[2mFeature: admin-system-health-fixes, Property 3: Settings Authentication 
Requirement[2m > [22m[2mProperty: Requests without valid auth are rejected with 401 
(Requirement 2.6)[2m > [22m[2mshould reject POST requests without valid authentication
[22m[39m[ARCJET] WARNING: Running without Arcjet protection

[90mstdout[2m | tests/property/admin-system-health-fixes/settings-auth.property.test.ts[2m > [22m[2mFeature: admin-system-health-fixes, Property 3: Settings Authentication Requirement[2m > [22m[2mProperty: Requests without valid auth are rejected with 401 (Requirement 2.6)[2m > [22m[2mshould reject POST requests without valid authentication
[22m[39m[AUTH] Token verification failed: Access token verification failed

[90mstderr[2m | 
tests/property/admin-system-health-fixes/settings-auth.property.test.ts[2m > 
[22m[2mFeature: admin-system-health-fixes, Property 3: Settings Authentication 
Requirement[2m > [22m[2mProperty: Requests without valid auth are rejected with 401 
(Requirement 2.6)[2m > [22m[2mshould reject POST requests without valid authentication
[22m[39m[ARCJET] WARNING: Running without Arcjet protection

[90mstderr[2m | 
tests/property/admin-system-health-fixes/settings-auth.property.test.ts[2m > 
[22m[2mFeature: admin-system-health-fixes, Property 3: Settings Authentication 
Requirement[2m > [22m[2mProperty: Requests without valid auth are rejected with 401 
(Requirement 2.6)[2m > [22m[2mshould reject POST requests without valid authentication
[22m[39m[ARCJET] WARNING: Running without Arcjet protection

[90mstderr[2m | 
tests/property/admin-system-health-fixes/settings-auth.property.test.ts[2m > 
[22m[2mFeature: admin-system-health-fixes, Property 3: Settings Authentication 
Requirement[2m > [22m[2mProperty: Requests without valid auth are rejected with 401 
(Requirement 2.6)[2m > [22m[2mshould reject POST requests without valid authentication
[22m[39m[ARCJET] WARNING: Running without Arcjet protection

[90mstdout[2m | tests/property/admin-system-health-fixes/settings-auth.property.test.ts[2m > [22m[2mFeature: admin-system-health-fixes, Property 3: Settings Authentication Requirement[2m > [22m[2mProperty: Requests without valid auth are rejected with 401 (Requirement 2.6)[2m > [22m[2mshould reject POST requests without valid authentication
[22m[39m[AUTH] Token verification failed: Access token verification failed

[90mstderr[2m | 
tests/property/admin-system-health-fixes/settings-auth.property.test.ts[2m > 
[22m[2mFeature: admin-system-health-fixes, Property 3: Settings Authentication 
Requirement[2m > [22m[2mProperty: Requests without valid auth are rejected with 401 
(Requirement 2.6)[2m > [22m[2mshould reject POST requests without valid authentication
[22m[39m[ARCJET] WARNING: Running without Arcjet protection

[90mstderr[2m | 
tests/property/admin-system-health-fixes/settings-auth.property.test.ts[2m > 
[22m[2mFeature: admin-system-health-fixes, Property 3: Settings Authentication 
Requirement[2m > [22m[2mProperty: Requests without valid auth are rejected with 401 
(Requirement 2.6)[2m > [22m[2mshould reject POST requests without valid authentication
[22m[39m[ARCJET] WARNING: Running without Arcjet protection

[90mstderr[2m | 
tests/property/admin-system-health-fixes/settings-auth.property.test.ts[2m > 
[22m[2mFeature: admin-system-health-fixes, Property 3: Settings Authentication 
Requirement[2m > [22m[2mProperty: Requests without valid auth are rejected with 401 
(Requirement 2.6)[2m > [22m[2mshould reject POST requests without valid authentication
[22m[39m[ARCJET] WARNING: Running without Arcjet protection

[90mstderr[2m | 
tests/property/admin-system-health-fixes/settings-auth.property.test.ts[2m > 
[22m[2mFeature: admin-system-health-fixes, Property 3: Settings Authentication 
Requirement[2m > [22m[2mProperty: Requests without valid auth are rejected with 401 
(Requirement 2.6)[2m > [22m[2mshould reject POST requests without valid authentication
[22m[39m[ARCJET] WARNING: Running without Arcjet protection

[90mstdout[2m | tests/property/admin-system-health-fixes/settings-auth.property.test.ts[2m > [22m[2mFeature: admin-system-health-fixes, Property 3: Settings Authentication Requirement[2m > [22m[2mProperty: Requests without valid auth are rejected with 401 (Requirement 2.6)[2m > [22m[2mshould reject POST requests without valid authentication
[22m[39m[AUTH] Token verification failed: Access token verification failed

[90mstderr[2m | 
tests/property/admin-system-health-fixes/settings-auth.property.test.ts[2m > 
[22m[2mFeature: admin-system-health-fixes, Property 3: Settings Authentication 
Requirement[2m > [22m[2mProperty: Requests without valid auth are rejected with 401 
(Requirement 2.6)[2m > [22m[2mshould reject POST requests without valid authentication
[22m[39m[ARCJET] WARNING: Running without Arcjet protection

[90mstdout[2m | tests/property/admin-system-health-fixes/settings-auth.property.test.ts[2m > [22m[2mFeature: admin-system-health-fixes, Property 3: Settings Authentication Requirement[2m > [22m[2mProperty: Requests without valid auth are rejected with 401 (Requirement 2.6)[2m > [22m[2mshould reject POST requests without valid authentication
[22m[39m[AUTH] Token verification failed: Access token verification failed

[90mstderr[2m | 
tests/property/admin-system-health-fixes/settings-auth.property.test.ts[2m > 
[22m[2mFeature: admin-system-health-fixes, Property 3: Settings Authentication 
Requirement[2m > [22m[2mProperty: Requests without valid auth are rejected with 401 
(Requirement 2.6)[2m > [22m[2mshould reject POST requests without valid authentication
[22m[39m[ARCJET] WARNING: Running without Arcjet protection

[90mstdout[2m | tests/property/admin-system-health-fixes/settings-auth.property.test.ts[2m > [22m[2mFeature: admin-system-health-fixes, Property 3: Settings Authentication Requirement[2m > [22m[2mProperty: Requests without valid auth are rejected with 401 (Requirement 2.6)[2m > [22m[2mshould reject POST requests without valid authentication
[22m[39m[AUTH] Token verification failed: Access token verification failed

[90mstderr[2m | 
tests/property/admin-system-health-fixes/settings-auth.property.test.ts[2m > 
[22m[2mFeature: admin-system-health-fixes, Property 3: Settings Authentication 
Requirement[2m > [22m[2mProperty: Requests without valid auth are rejected with 401 
(Requirement 2.6)[2m > [22m[2mshould reject POST requests without valid authentication
[22m[39m[ARCJET] WARNING: Running without Arcjet protection

[90mstdout[2m | tests/property/admin-system-health-fixes/settings-auth.property.test.ts[2m > [22m[2mFeature: admin-system-health-fixes, Property 3: Settings Authentication Requirement[2m > [22m[2mProperty: Requests without valid auth are rejected with 401 (Requirement 2.6)[2m > [22m[2mshould reject POST requests without valid authentication
[22m[39m[AUTH] Token verification failed: Access token verification failed

[90mstderr[2m | 
tests/property/admin-system-health-fixes/settings-auth.property.test.ts[2m > 
[22m[2mFeature: admin-system-health-fixes, Property 3: Settings Authentication 
Requirement[2m > [22m[2mProperty: Requests without valid auth are rejected with 401 
(Requirement 2.6)[2m > [22m[2mshould reject PUT requests without valid authentication
[22m[39m[ARCJET] WARNING: Running without Arcjet protection

[90mstderr[2m | 
tests/property/admin-system-health-fixes/settings-auth.property.test.ts[2m > 
[22m[2mFeature: admin-system-health-fixes, Property 3: Settings Authentication 
Requirement[2m > [22m[2mProperty: Requests without valid auth are rejected with 401 
(Requirement 2.6)[2m > [22m[2mshould reject PUT requests without valid authentication
[22m[39m[ARCJET] WARNING: Running without Arcjet protection

[90mstderr[2m | 
tests/property/admin-system-health-fixes/settings-auth.property.test.ts[2m > 
[22m[2mFeature: admin-system-health-fixes, Property 3: Settings Authentication 
Requirement[2m > [22m[2mProperty: Requests without valid auth are rejected with 401 
(Requirement 2.6)[2m > [22m[2mshould reject PUT requests without valid authentication
[22m[39m[ARCJET] WARNING: Running without Arcjet protection

[90mstderr[2m | 
tests/property/admin-system-health-fixes/settings-auth.property.test.ts[2m > 
[22m[2mFeature: admin-system-health-fixes, Property 3: Settings Authentication 
Requirement[2m > [22m[2mProperty: Requests without valid auth are rejected with 401 
(Requirement 2.6)[2m > [22m[2mshould reject PUT requests without valid authentication
[22m[39m[ARCJET] WARNING: Running without Arcjet protection

[90mstderr[2m | 
tests/property/admin-system-health-fixes/settings-auth.property.test.ts[2m > 
[22m[2mFeature: admin-system-health-fixes, Property 3: Settings Authentication 
Requirement[2m > [22m[2mProperty: Requests without valid auth are rejected with 401 
(Requirement 2.6)[2m > [22m[2mshould reject PUT requests without valid authentication
[22m[39m[ARCJET] WARNING: Running without Arcjet protection

[90mstderr[2m | 
tests/property/admin-system-health-fixes/settings-auth.property.test.ts[2m > 
[22m[2mFeature: admin-system-health-fixes, Property 3: Settings Authentication 
Requirement[2m > [22m[2mProperty: Requests without valid auth are rejected with 401 
(Requirement 2.6)[2m > [22m[2mshould reject PUT requests without valid authentication
[22m[39m[ARCJET] WARNING: Running without Arcjet protection

[90mstderr[2m | 
tests/property/admin-system-health-fixes/settings-auth.property.test.ts[2m > 
[22m[2mFeature: admin-system-health-fixes, Property 3: Settings Authentication 
Requirement[2m > [22m[2mProperty: Requests without valid auth are rejected with 401 
(Requirement 2.6)[2m > [22m[2mshould reject PUT requests without valid authentication
[22m[39m[ARCJET] WARNING: Running without Arcjet protection

[90mstderr[2m | 
tests/property/admin-system-health-fixes/settings-auth.property.test.ts[2m > 
[22m[2mFeature: admin-system-health-fixes, Property 3: Settings Authentication 
Requirement[2m > [22m[2mProperty: Requests without valid auth are rejected with 401 
(Requirement 2.6)[2m > [22m[2mshould reject PUT requests without valid authentication
[22m[39m[ARCJET] WARNING: Running without Arcjet protection

[90mstderr[2m | 
tests/property/admin-system-health-fixes/settings-auth.property.test.ts[2m > 
[22m[2mFeature: admin-system-health-fixes, Property 3: Settings Authentication 
Requirement[2m > [22m[2mProperty: Requests without valid auth are rejected with 401 
(Requirement 2.6)[2m > [22m[2mshould reject PUT requests without valid authentication
[22m[39m[ARCJET] WARNING: Running without Arcjet protection

[90mstderr[2m | 
tests/property/admin-system-health-fixes/settings-auth.property.test.ts[2m > 
[22m[2mFeature: admin-system-health-fixes, Property 3: Settings Authentication 
Requirement[2m > [22m[2mProperty: Requests without valid auth are rejected with 401 
(Requirement 2.6)[2m > [22m[2mshould reject PUT requests without valid authentication
[22m[39m[ARCJET] WARNING: Running without Arcjet protection

[90mstderr[2m | 
tests/property/admin-system-health-fixes/settings-auth.property.test.ts[2m > 
[22m[2mFeature: admin-system-health-fixes, Property 3: Settings Authentication 
Requirement[2m > [22m[2mProperty: Requests without valid auth are rejected with 401 
(Requirement 2.6)[2m > [22m[2mshould reject PUT requests without valid authentication
[22m[39m[ARCJET] WARNING: Running without Arcjet protection

[90mstderr[2m | 
tests/property/admin-system-health-fixes/settings-auth.property.test.ts[2m > 
[22m[2mFeature: admin-system-health-fixes, Property 3: Settings Authentication 
Requirement[2m > [22m[2mProperty: Requests without valid auth are rejected with 401 
(Requirement 2.6)[2m > [22m[2mshould reject PUT requests without valid authentication
[22m[39m[ARCJET] WARNING: Running without Arcjet protection

[90mstderr[2m | 
tests/property/admin-system-health-fixes/settings-auth.property.test.ts[2m > 
[22m[2mFeature: admin-system-health-fixes, Property 3: Settings Authentication 
Requirement[2m > [22m[2mProperty: Requests without valid auth are rejected with 401 
(Requirement 2.6)[2m > [22m[2mshould reject PUT requests without valid authentication
[22m[39m[ARCJET] WARNING: Running without Arcjet protection

[90mstdout[2m | tests/property/admin-system-health-fixes/settings-auth.property.test.ts[2m > [22m[2mFeature: admin-system-health-fixes, Property 3: Settings Authentication Requirement[2m > [22m[2mProperty: Requests without valid auth are rejected with 401 (Requirement 2.6)[2m > [22m[2mshould reject PUT requests without valid authentication
[22m[39m[AUTH] Token verification failed: Access token verification failed

[90mstderr[2m | 
tests/property/admin-system-health-fixes/settings-auth.property.test.ts[2m > 
[22m[2mFeature: admin-system-health-fixes, Property 3: Settings Authentication 
Requirement[2m > [22m[2mProperty: Requests without valid auth are rejected with 401 
(Requirement 2.6)[2m > [22m[2mshould reject PUT requests without valid authentication
[22m[39m[ARCJET] WARNING: Running without Arcjet protection

[90mstdout[2m | tests/property/admin-system-health-fixes/settings-auth.property.test.ts[2m > [22m[2mFeature: admin-system-health-fixes, Property 3: Settings Authentication Requirement[2m > [22m[2mProperty: Requests without valid auth are rejected with 401 (Requirement 2.6)[2m > [22m[2mshould reject PUT requests without valid authentication
[22m[39m[AUTH] Token verification failed: Access token verification failed

[90mstderr[2m | 
tests/property/admin-system-health-fixes/settings-auth.property.test.ts[2m > 
[22m[2mFeature: admin-system-health-fixes, Property 3: Settings Authentication 
Requirement[2m > [22m[2mProperty: Requests without valid auth are rejected with 401 
(Requirement 2.6)[2m > [22m[2mshould reject PUT requests without valid authentication
[22m[39m[ARCJET] WARNING: Running without Arcjet protection

[90mstdout[2m | tests/property/admin-system-health-fixes/settings-auth.property.test.ts[2m > [22m[2mFeature: admin-system-health-fixes, Property 3: Settings Authentication Requirement[2m > [22m[2mProperty: Requests without valid auth are rejected with 401 (Requirement 2.6)[2m > [22m[2mshould reject PUT requests without valid authentication
[22m[39m[AUTH] Token verification failed: Access token verification failed

[90mstderr[2m | 
tests/property/admin-system-health-fixes/settings-auth.property.test.ts[2m > 
[22m[2mFeature: admin-system-health-fixes, Property 3: Settings Authentication 
Requirement[2m > [22m[2mProperty: Requests without valid auth are rejected with 401 
(Requirement 2.6)[2m > [22m[2mshould reject PUT requests without valid authentication
[22m[39m[ARCJET] WARNING: Running without Arcjet protection

[90mstderr[2m | 
tests/property/admin-system-health-fixes/settings-auth.property.test.ts[2m > 
[22m[2mFeature: admin-system-health-fixes, Property 3: Settings Authentication 
Requirement[2m > [22m[2mProperty: Requests without valid auth are rejected with 401 
(Requirement 2.6)[2m > [22m[2mshould reject PUT requests without valid authentication
[22m[39m[ARCJET] WARNING: Running without Arcjet protection

[90mstderr[2m | 
tests/property/admin-system-health-fixes/settings-auth.property.test.ts[2m > 
[22m[2mFeature: admin-system-health-fixes, Property 3: Settings Authentication 
Requirement[2m > [22m[2mProperty: Requests without valid auth are rejected with 401 
(Requirement 2.6)[2m > [22m[2mshould reject PUT requests without valid authentication
[22m[39m[ARCJET] WARNING: Running without Arcjet protection

[90mstdout[2m | tests/property/admin-system-health-fixes/settings-auth.property.test.ts[2m > [22m[2mFeature: admin-system-health-fixes, Property 3: Settings Authentication Requirement[2m > [22m[2mProperty: Requests without valid auth are rejected with 401 (Requirement 2.6)[2m > [22m[2mshould reject PUT requests without valid authentication
[22m[39m[AUTH] Token verification failed: Access token verification failed

[90mstderr[2m | 
tests/property/admin-system-health-fixes/settings-auth.property.test.ts[2m > 
[22m[2mFeature: admin-system-health-fixes, Property 3: Settings Authentication 
Requirement[2m > [22m[2mProperty: Requests without valid auth are rejected with 401 
(Requirement 2.6)[2m > [22m[2mshould reject PUT requests without valid authentication
[22m[39m[ARCJET] WARNING: Running without Arcjet protection

[90mstderr[2m | 
tests/property/admin-system-health-fixes/settings-auth.property.test.ts[2m > 
[22m[2mFeature: admin-system-health-fixes, Property 3: Settings Authentication 
Requirement[2m > [22m[2mProperty: Requests without valid auth are rejected with 401 
(Requirement 2.6)[2m > [22m[2mshould reject PUT requests without valid authentication
[22m[39m[ARCJET] WARNING: Running without Arcjet protection

[90mstderr[2m | 
tests/property/admin-system-health-fixes/settings-auth.property.test.ts[2m > 
[22m[2mFeature: admin-system-health-fixes, Property 3: Settings Authentication 
Requirement[2m > [22m[2mProperty: Requests without valid auth are rejected with 401 
(Requirement 2.6)[2m > [22m[2mshould reject PUT requests without valid authentication
[22m[39m[ARCJET] WARNING: Running without Arcjet protection

[90mstderr[2m | 
tests/property/admin-system-health-fixes/settings-auth.property.test.ts[2m > 
[22m[2mFeature: admin-system-health-fixes, Property 3: Settings Authentication 
Requirement[2m > [22m[2mProperty: Requests without valid auth are rejected with 401 
(Requirement 2.6)[2m > [22m[2mshould reject PUT requests without valid authentication
[22m[39m[ARCJET] WARNING: Running without Arcjet protection

[90mstdout[2m | tests/property/admin-system-health-fixes/settings-auth.property.test.ts[2m > [22m[2mFeature: admin-system-health-fixes, Property 3: Settings Authentication Requirement[2m > [22m[2mProperty: Requests without valid auth are rejected with 401 (Requirement 2.6)[2m > [22m[2mshould reject PUT requests without valid authentication
[22m[39m[AUTH] Token verification failed: Access token verification failed

[90mstderr[2m | 
tests/property/admin-system-health-fixes/settings-auth.property.test.ts[2m > 
[22m[2mFeature: admin-system-health-fixes, Property 3: Settings Authentication 
Requirement[2m > [22m[2mProperty: Requests without valid auth are rejected with 401 
(Requirement 2.6)[2m > [22m[2mshould reject PUT requests without valid authentication
[22m[39m[ARCJET] WARNING: Running without Arcjet protection

[90mstdout[2m | tests/property/admin-system-health-fixes/settings-auth.property.test.ts[2m > [22m[2mFeature: admin-system-health-fixes, Property 3: Settings Authentication Requirement[2m > [22m[2mProperty: Requests without valid auth are rejected with 401 (Requirement 2.6)[2m > [22m[2mshould reject PUT requests without valid authentication
[22m[39m[AUTH] Token verification failed: Access token verification failed

[90mstderr[2m | 
tests/property/admin-system-health-fixes/settings-auth.property.test.ts[2m > 
[22m[2mFeature: admin-system-health-fixes, Property 3: Settings Authentication 
Requirement[2m > [22m[2mProperty: Requests without valid auth are rejected with 401 
(Requirement 2.6)[2m > [22m[2mshould reject PUT requests without valid authentication
[22m[39m[ARCJET] WARNING: Running without Arcjet protection

[90mstderr[2m | 
tests/property/admin-system-health-fixes/settings-auth.property.test.ts[2m > 
[22m[2mFeature: admin-system-health-fixes, Property 3: Settings Authentication 
Requirement[2m > [22m[2mProperty: Requests without valid auth are rejected with 401 
(Requirement 2.6)[2m > [22m[2mshould reject PUT requests without valid authentication
[22m[39m[ARCJET] WARNING: Running without Arcjet protection

[90mstderr[2m | 
tests/property/admin-system-health-fixes/settings-auth.property.test.ts[2m > 
[22m[2mFeature: admin-system-health-fixes, Property 3: Settings Authentication 
Requirement[2m > [22m[2mProperty: Requests without valid auth are rejected with 401 
(Requirement 2.6)[2m > [22m[2mshould reject PUT requests without valid authentication
[22m[39m[ARCJET] WARNING: Running without Arcjet protection

[90mstderr[2m | 
tests/property/admin-system-health-fixes/settings-auth.property.test.ts[2m > 
[22m[2mFeature: admin-system-health-fixes, Property 3: Settings Authentication 
Requirement[2m > [22m[2mProperty: Requests without valid auth are rejected with 401 
(Requirement 2.6)[2m > [22m[2mshould reject PUT requests without valid authentication
[22m[39m[ARCJET] WARNING: Running without Arcjet protection

[90mstderr[2m | 
tests/property/admin-system-health-fixes/settings-auth.property.test.ts[2m > 
[22m[2mFeature: admin-system-health-fixes, Property 3: Settings Authentication 
Requirement[2m > [22m[2mProperty: Requests without valid auth are rejected with 401 
(Requirement 2.6)[2m > [22m[2mshould reject PUT requests without valid authentication
[22m[39m[ARCJET] WARNING: Running without Arcjet protection

[90mstdout[2m | tests/property/admin-system-health-fixes/settings-auth.property.test.ts[2m > [22m[2mFeature: admin-system-health-fixes, Property 3: Settings Authentication Requirement[2m > [22m[2mProperty: Requests without valid auth are rejected with 401 (Requirement 2.6)[2m > [22m[2mshould reject PUT requests without valid authentication
[22m[39m[AUTH] Token verification failed: Access token verification failed

[90mstderr[2m | 
tests/property/admin-system-health-fixes/settings-auth.property.test.ts[2m > 
[22m[2mFeature: admin-system-health-fixes, Property 3: Settings Authentication 
Requirement[2m > [22m[2mProperty: Requests without valid auth are rejected with 401 
(Requirement 2.6)[2m > [22m[2mshould reject PUT requests without valid authentication
[22m[39m[ARCJET] WARNING: Running without Arcjet protection

[90mstderr[2m | 
tests/property/admin-system-health-fixes/settings-auth.property.test.ts[2m > 
[22m[2mFeature: admin-system-health-fixes, Property 3: Settings Authentication 
Requirement[2m > [22m[2mProperty: Requests without valid auth are rejected with 401 
(Requirement 2.6)[2m > [22m[2mshould reject PUT requests without valid authentication
[22m[39m[ARCJET] WARNING: Running without Arcjet protection

[90mstdout[2m | tests/property/admin-system-health-fixes/settings-auth.property.test.ts[2m > [22m[2mFeature: admin-system-health-fixes, Property 3: Settings Authentication Requirement[2m > [22m[2mProperty: Requests without valid auth are rejected with 401 (Requirement 2.6)[2m > [22m[2mshould reject PUT requests without valid authentication
[22m[39m[AUTH] Token verification failed: Access token verification failed

[90mstderr[2m | 
tests/property/admin-system-health-fixes/settings-auth.property.test.ts[2m > 
[22m[2mFeature: admin-system-health-fixes, Property 3: Settings Authentication 
Requirement[2m > [22m[2mProperty: Requests without valid auth are rejected with 401 
(Requirement 2.6)[2m > [22m[2mshould reject PUT requests without valid authentication
[22m[39m[ARCJET] WARNING: Running without Arcjet protection

[90mstdout[2m | tests/property/admin-system-health-fixes/settings-auth.property.test.ts[2m > [22m[2mFeature: admin-system-health-fixes, Property 3: Settings Authentication Requirement[2m > [22m[2mProperty: Requests without valid auth are rejected with 401 (Requirement 2.6)[2m > [22m[2mshould reject PUT requests without valid authentication
[22m[39m[AUTH] Token verification failed: Access token verification failed

[90mstderr[2m | 
tests/property/admin-system-health-fixes/settings-auth.property.test.ts[2m > 
[22m[2mFeature: admin-system-health-fixes, Property 3: Settings Authentication 
Requirement[2m > [22m[2mProperty: Requests without valid auth are rejected with 401 
(Requirement 2.6)[2m > [22m[2mshould reject PUT requests without valid authentication
[22m[39m[ARCJET] WARNING: Running without Arcjet protection

[90mstderr[2m | 
tests/property/admin-system-health-fixes/settings-auth.property.test.ts[2m > 
[22m[2mFeature: admin-system-health-fixes, Property 3: Settings Authentication 
Requirement[2m > [22m[2mProperty: Requests without valid auth are rejected with 401 
(Requirement 2.6)[2m > [22m[2mshould reject PUT requests without valid authentication
[22m[39m[ARCJET] WARNING: Running without Arcjet protection

[90mstderr[2m | 
tests/property/admin-system-health-fixes/settings-auth.property.test.ts[2m > 
[22m[2mFeature: admin-system-health-fixes, Property 3: Settings Authentication 
Requirement[2m > [22m[2mProperty: Requests without valid auth are rejected with 401 
(Requirement 2.6)[2m > [22m[2mshould reject PUT requests without valid authentication
[22m[39m[ARCJET] WARNING: Running without Arcjet protection

[90mstderr[2m | 
tests/property/admin-system-health-fixes/settings-auth.property.test.ts[2m > 
[22m[2mFeature: admin-system-health-fixes, Property 3: Settings Authentication 
Requirement[2m > [22m[2mProperty: Requests without valid auth are rejected with 401 
(Requirement 2.6)[2m > [22m[2mshould reject PUT requests without valid authentication
[22m[39m[ARCJET] WARNING: Running without Arcjet protection

[90mstderr[2m | 
tests/property/admin-system-health-fixes/settings-auth.property.test.ts[2m > 
[22m[2mFeature: admin-system-health-fixes, Property 3: Settings Authentication 
Requirement[2m > [22m[2mProperty: Requests without valid auth are rejected with 401 
(Requirement 2.6)[2m > [22m[2mshould reject PUT requests without valid authentication
[22m[39m[ARCJET] WARNING: Running without Arcjet protection

[90mstderr[2m | 
tests/property/admin-system-health-fixes/settings-auth.property.test.ts[2m > 
[22m[2mFeature: admin-system-health-fixes, Property 3: Settings Authentication 
Requirement[2m > [22m[2mProperty: Requests without valid auth are rejected with 401 
(Requirement 2.6)[2m > [22m[2mshould reject PUT requests without valid authentication
[22m[39m[ARCJET] WARNING: Running without Arcjet protection

[90mstderr[2m | 
tests/property/admin-system-health-fixes/settings-auth.property.test.ts[2m > 
[22m[2mFeature: admin-system-health-fixes, Property 3: Settings Authentication 
Requirement[2m > [22m[2mProperty: Requests without valid auth are rejected with 401 
(Requirement 2.6)[2m > [22m[2mshould reject PUT requests without valid authentication
[22m[39m[ARCJET] WARNING: Running without Arcjet protection

[90mstderr[2m | 
tests/property/admin-system-health-fixes/settings-auth.property.test.ts[2m > 
[22m[2mFeature: admin-system-health-fixes, Property 3: Settings Authentication 
Requirement[2m > [22m[2mProperty: Requests without valid auth are rejected with 401 
(Requirement 2.6)[2m > [22m[2mshould reject PUT requests without valid authentication
[22m[39m[ARCJET] WARNING: Running without Arcjet protection

[90mstderr[2m | 
tests/property/admin-system-health-fixes/settings-auth.property.test.ts[2m > 
[22m[2mFeature: admin-system-health-fixes, Property 3: Settings Authentication 
Requirement[2m > [22m[2mProperty: Requests without valid auth are rejected with 401 
(Requirement 2.6)[2m > [22m[2mshould reject PUT requests without valid authentication
[22m[39m[ARCJET] WARNING: Running without Arcjet protection

[90mstderr[2m | 
tests/property/admin-system-health-fixes/settings-auth.property.test.ts[2m > 
[22m[2mFeature: admin-system-health-fixes, Property 3: Settings Authentication 
Requirement[2m > [22m[2mProperty: Requests without valid auth are rejected with 401 
(Requirement 2.6)[2m > [22m[2mshould reject PUT requests without valid authentication
[22m[39m[ARCJET] WARNING: Running without Arcjet protection

[90mstderr[2m | 
tests/property/admin-system-health-fixes/settings-auth.property.test.ts[2m > 
[22m[2mFeature: admin-system-health-fixes, Property 3: Settings Authentication 
Requirement[2m > [22m[2mProperty: Requests without valid auth are rejected with 401 
(Requirement 2.6)[2m > [22m[2mshould reject PUT requests without valid authentication
[22m[39m[ARCJET] WARNING: Running without Arcjet protection

[90mstderr[2m | 
tests/property/admin-system-health-fixes/settings-auth.property.test.ts[2m > 
[22m[2mFeature: admin-system-health-fixes, Property 3: Settings Authentication 
Requirement[2m > [22m[2mProperty: Requests without valid auth are rejected with 401 
(Requirement 2.6)[2m > [22m[2mshould reject PUT requests without valid authentication
[22m[39m[ARCJET] WARNING: Running without Arcjet protection

[90mstderr[2m | 
tests/property/admin-system-health-fixes/settings-auth.property.test.ts[2m > 
[22m[2mFeature: admin-system-health-fixes, Property 3: Settings Authentication 
Requirement[2m > [22m[2mProperty: Requests without valid auth are rejected with 401 
(Requirement 2.6)[2m > [22m[2mshould reject PUT requests without valid authentication
[22m[39m[ARCJET] WARNING: Running without Arcjet protection

[90mstdout[2m | tests/property/admin-system-health-fixes/settings-auth.property.test.ts[2m > [22m[2mFeature: admin-system-health-fixes, Property 3: Settings Authentication Requirement[2m > [22m[2mProperty: Requests without valid auth are rejected with 401 (Requirement 2.6)[2m > [22m[2mshould reject PUT requests without valid authentication
[22m[39m[AUTH] Token verification failed: Access token verification failed

[90mstderr[2m | 
tests/property/admin-system-health-fixes/settings-auth.property.test.ts[2m > 
[22m[2mFeature: admin-system-health-fixes, Property 3: Settings Authentication 
Requirement[2m > [22m[2mProperty: Requests without valid auth are rejected with 401 
(Requirement 2.6)[2m > [22m[2mshould reject PUT requests without valid authentication
[22m[39m[ARCJET] WARNING: Running without Arcjet protection

[90mstderr[2m | 
tests/property/admin-system-health-fixes/settings-auth.property.test.ts[2m > 
[22m[2mFeature: admin-system-health-fixes, Property 3: Settings Authentication 
Requirement[2m > [22m[2mProperty: Requests without valid auth are rejected with 401 
(Requirement 2.6)[2m > [22m[2mshould reject PUT requests without valid authentication
[22m[39m[ARCJET] WARNING: Running without Arcjet protection

[90mstderr[2m | 
tests/property/admin-system-health-fixes/settings-auth.property.test.ts[2m > 
[22m[2mFeature: admin-system-health-fixes, Property 3: Settings Authentication 
Requirement[2m > [22m[2mProperty: Requests without valid auth are rejected with 401 
(Requirement 2.6)[2m > [22m[2mshould reject PUT requests without valid authentication
[22m[39m[ARCJET] WARNING: Running without Arcjet protection

[90mstdout[2m | tests/property/admin-system-health-fixes/settings-auth.property.test.ts[2m > [22m[2mFeature: admin-system-health-fixes, Property 3: Settings Authentication Requirement[2m > [22m[2mProperty: Requests without valid auth are rejected with 401 (Requirement 2.6)[2m > [22m[2mshould reject PUT requests without valid authentication
[22m[39m[AUTH] Token verification failed: Access token verification failed

[90mstderr[2m | 
tests/property/admin-system-health-fixes/settings-auth.property.test.ts[2m > 
[22m[2mFeature: admin-system-health-fixes, Property 3: Settings Authentication 
Requirement[2m > [22m[2mProperty: Requests without valid auth are rejected with 401 
(Requirement 2.6)[2m > [22m[2mshould reject PUT requests without valid authentication
[22m[39m[ARCJET] WARNING: Running without Arcjet protection

[90mstderr[2m | 
tests/property/admin-system-health-fixes/settings-auth.property.test.ts[2m > 
[22m[2mFeature: admin-system-health-fixes, Property 3: Settings Authentication 
Requirement[2m > [22m[2mProperty: Requests without valid auth are rejected with 401 
(Requirement 2.6)[2m > [22m[2mshould reject PUT requests without valid authentication
[22m[39m[ARCJET] WARNING: Running without Arcjet protection

[90mstdout[2m | tests/property/admin-system-health-fixes/settings-auth.property.test.ts[2m > [22m[2mFeature: admin-system-health-fixes, Property 3: Settings Authentication Requirement[2m > [22m[2mProperty: Requests without valid auth are rejected with 401 (Requirement 2.6)[2m > [22m[2mshould reject PUT requests without valid authentication
[22m[39m[AUTH] Token verification failed: Access token verification failed

[90mstderr[2m | 
tests/property/admin-system-health-fixes/settings-auth.property.test.ts[2m > 
[22m[2mFeature: admin-system-health-fixes, Property 3: Settings Authentication 
Requirement[2m > [22m[2mProperty: Requests without valid auth are rejected with 401 
(Requirement 2.6)[2m > [22m[2mshould reject PUT requests without valid authentication
[22m[39m[ARCJET] WARNING: Running without Arcjet protection

[90mstderr[2m | 
tests/property/admin-system-health-fixes/settings-auth.property.test.ts[2m > 
[22m[2mFeature: admin-system-health-fixes, Property 3: Settings Authentication 
Requirement[2m > [22m[2mProperty: Requests without valid auth are rejected with 401 
(Requirement 2.6)[2m > [22m[2mshould reject PUT requests without valid authentication
[22m[39m[ARCJET] WARNING: Running without Arcjet protection

[90mstdout[2m | tests/property/admin-system-health-fixes/settings-auth.property.test.ts[2m > [22m[2mFeature: admin-system-health-fixes, Property 3: Settings Authentication Requirement[2m > [22m[2mProperty: Requests without valid auth are rejected with 401 (Requirement 2.6)[2m > [22m[2mshould reject PUT requests without valid authentication
[22m[39m[AUTH] Token verification failed: Access token verification failed

[90mstderr[2m | 
tests/property/admin-system-health-fixes/settings-auth.property.test.ts[2m > 
[22m[2mFeature: admin-system-health-fixes, Property 3: Settings Authentication 
Requirement[2m > [22m[2mProperty: Requests without valid auth are rejected with 401 
(Requirement 2.6)[2m > [22m[2mshould reject PUT requests without valid authentication
[22m[39m[ARCJET] WARNING: Running without Arcjet protection

[90mstderr[2m | 
tests/property/admin-system-health-fixes/settings-auth.property.test.ts[2m > 
[22m[2mFeature: admin-system-health-fixes, Property 3: Settings Authentication 
Requirement[2m > [22m[2mProperty: Requests without valid auth are rejected with 401 
(Requirement 2.6)[2m > [22m[2mshould reject PUT requests without valid authentication
[22m[39m[ARCJET] WARNING: Running without Arcjet protection

[90mstderr[2m | 
tests/property/admin-system-health-fixes/settings-auth.property.test.ts[2m > 
[22m[2mFeature: admin-system-health-fixes, Property 3: Settings Authentication 
Requirement[2m > [22m[2mProperty: Requests without valid auth are rejected with 401 
(Requirement 2.6)[2m > [22m[2mshould reject PUT requests without valid authentication
[22m[39m[ARCJET] WARNING: Running without Arcjet protection

[90mstderr[2m | 
tests/property/admin-system-health-fixes/settings-auth.property.test.ts[2m > 
[22m[2mFeature: admin-system-health-fixes, Property 3: Settings Authentication 
Requirement[2m > [22m[2mProperty: Requests without valid auth are rejected with 401 
(Requirement 2.6)[2m > [22m[2mshould reject PUT requests without valid authentication
[22m[39m[ARCJET] WARNING: Running without Arcjet protection

[90mstdout[2m | tests/property/admin-system-health-fixes/settings-auth.property.test.ts[2m > [22m[2mFeature: admin-system-health-fixes, Property 3: Settings Authentication Requirement[2m > [22m[2mProperty: Requests without valid auth are rejected with 401 (Requirement 2.6)[2m > [22m[2mshould reject PUT requests without valid authentication
[22m[39m[AUTH] Token verification failed: Access token verification failed

[90mstdout[2m | tests/property/admin-system-health-fixes/settings-auth.property.test.ts[2m > [22m[2mFeature: admin-system-health-fixes, Property 3: Settings Authentication Requirement[2m > [22m[2mProperty: Requests without valid auth are rejected with 401 (Requirement 2.6)[2m > [22m[2mshould reject PUT requests without valid authentication
[22m[39m[AUTH] Token verification failed: Access token verification failed

[90mstdout[2m | tests/property/admin-system-health-fixes/settings-auth.property.test.ts[2m > [22m[2mFeature: admin-system-health-fixes, Property 3: Settings Authentication Requirement[2m > [22m[2mProperty: Requests without valid auth are rejected with 401 (Requirement 2.6)[2m > [22m[2mshould reject PUT requests without valid authentication
[22m[39m[AUTH] Token verification failed: Access token verification failed

[90mstdout[2m | tests/property/admin-system-health-fixes/settings-auth.property.test.ts[2m > [22m[2mFeature: admin-system-health-fixes, Property 3: Settings Authentication Requirement[2m > [22m[2mProperty: Requests without valid auth are rejected with 401 (Requirement 2.6)[2m > [22m[2mshould reject PUT requests without valid authentication
[22m[39m[AUTH] Token verification failed: Access token verification failed

[90mstderr[2m | 
tests/property/admin-system-health-fixes/settings-auth.property.test.ts[2m > 
[22m[2mFeature: admin-system-health-fixes, Property 3: Settings Authentication 
Requirement[2m > [22m[2mProperty: Requests without valid auth are rejected with 401 
(Requirement 2.6)[2m > [22m[2mshould reject PUT requests without valid authentication
[22m[39m[ARCJET] WARNING: Running without Arcjet protection

[90mstderr[2m | 
tests/property/admin-system-health-fixes/settings-auth.property.test.ts[2m > 
[22m[2mFeature: admin-system-health-fixes, Property 3: Settings Authentication 
Requirement[2m > [22m[2mProperty: Requests without valid auth are rejected with 401 
(Requirement 2.6)[2m > [22m[2mshould reject PUT requests without valid authentication
[22m[39m[ARCJET] WARNING: Running without Arcjet protection

[90mstderr[2m | 
tests/property/admin-system-health-fixes/settings-auth.property.test.ts[2m > 
[22m[2mFeature: admin-system-health-fixes, Property 3: Settings Authentication 
Requirement[2m > [22m[2mProperty: Requests without valid auth are rejected with 401 
(Requirement 2.6)[2m > [22m[2mshould reject PUT requests without valid authentication
[22m[39m[ARCJET] WARNING: Running without Arcjet protection

[90mstderr[2m | 
tests/property/admin-system-health-fixes/settings-auth.property.test.ts[2m > 
[22m[2mFeature: admin-system-health-fixes, Property 3: Settings Authentication 
Requirement[2m > [22m[2mProperty: Requests without valid auth are rejected with 401 
(Requirement 2.6)[2m > [22m[2mshould reject PUT requests without valid authentication
[22m[39m[ARCJET] WARNING: Running without Arcjet protection

[90mstderr[2m | 
tests/property/admin-system-health-fixes/settings-auth.property.test.ts[2m > 
[22m[2mFeature: admin-system-health-fixes, Property 3: Settings Authentication 
Requirement[2m > [22m[2mProperty: Requests without valid auth are rejected with 401 
(Requirement 2.6)[2m > [22m[2mshould reject PUT requests without valid authentication
[22m[39m[ARCJET] WARNING: Running without Arcjet protection

[90mstderr[2m | 
tests/property/admin-system-health-fixes/settings-auth.property.test.ts[2m > 
[22m[2mFeature: admin-system-health-fixes, Property 3: Settings Authentication 
Requirement[2m > [22m[2mProperty: Requests without valid auth are rejected with 401 
(Requirement 2.6)[2m > [22m[2mshould reject PUT requests without valid authentication
[22m[39m[ARCJET] WARNING: Running without Arcjet protection

[90mstderr[2m | 
tests/property/admin-system-health-fixes/settings-auth.property.test.ts[2m > 
[22m[2mFeature: admin-system-health-fixes, Property 3: Settings Authentication 
Requirement[2m > [22m[2mProperty: Requests without valid auth are rejected with 401 
(Requirement 2.6)[2m > [22m[2mshould reject PUT requests without valid authentication
[22m[39m[ARCJET] WARNING: Running without Arcjet protection

[90mstderr[2m | 
tests/property/admin-system-health-fixes/settings-auth.property.test.ts[2m > 
[22m[2mFeature: admin-system-health-fixes, Property 3: Settings Authentication 
Requirement[2m > [22m[2mProperty: Requests without valid auth are rejected with 401 
(Requirement 2.6)[2m > [22m[2mshould reject PUT requests without valid authentication
[22m[39m[ARCJET] WARNING: Running without Arcjet protection

[90mstdout[2m | tests/property/admin-system-health-fixes/settings-auth.property.test.ts[2m > [22m[2mFeature: admin-system-health-fixes, Property 3: Settings Authentication Requirement[2m > [22m[2mProperty: Requests without valid auth are rejected with 401 (Requirement 2.6)[2m > [22m[2mshould reject PUT requests without valid authentication
[22m[39m[AUTH] Token verification failed: Access token verification failed

[90mstderr[2m | 
tests/property/admin-system-health-fixes/settings-auth.property.test.ts[2m > 
[22m[2mFeature: admin-system-health-fixes, Property 3: Settings Authentication 
Requirement[2m > [22m[2mProperty: Requests without valid auth are rejected with 401 
(Requirement 2.6)[2m > [22m[2mshould reject PUT requests without valid authentication
[22m[39m[ARCJET] WARNING: Running without Arcjet protection

[90mstderr[2m | 
tests/property/admin-system-health-fixes/settings-auth.property.test.ts[2m > 
[22m[2mFeature: admin-system-health-fixes, Property 3: Settings Authentication 
Requirement[2m > [22m[2mProperty: Requests without valid auth are rejected with 401 
(Requirement 2.6)[2m > [22m[2mshould reject PUT requests without valid authentication
[22m[39m[ARCJET] WARNING: Running without Arcjet protection

[90mstderr[2m | 
tests/property/admin-system-health-fixes/settings-auth.property.test.ts[2m > 
[22m[2mFeature: admin-system-health-fixes, Property 3: Settings Authentication 
Requirement[2m > [22m[2mProperty: Requests without valid auth are rejected with 401 
(Requirement 2.6)[2m > [22m[2mshould reject PUT requests without valid authentication
[22m[39m[ARCJET] WARNING: Running without Arcjet protection

[90mstderr[2m | 
tests/property/admin-system-health-fixes/settings-auth.property.test.ts[2m > 
[22m[2mFeature: admin-system-health-fixes, Property 3: Settings Authentication 
Requirement[2m > [22m[2mProperty: Requests without valid auth are rejected with 401 
(Requirement 2.6)[2m > [22m[2mshould reject PUT requests without valid authentication
[22m[39m[ARCJET] WARNING: Running without Arcjet protection

[90mstdout[2m | tests/property/admin-system-health-fixes/settings-auth.property.test.ts[2m > [22m[2mFeature: admin-system-health-fixes, Property 3: Settings Authentication Requirement[2m > [22m[2mProperty: Requests without valid auth are rejected with 401 (Requirement 2.6)[2m > [22m[2mshould reject PUT requests without valid authentication
[22m[39m[AUTH] Token verification failed: Access token verification failed

[90mstderr[2m | 
tests/property/admin-system-health-fixes/settings-auth.property.test.ts[2m > 
[22m[2mFeature: admin-system-health-fixes, Property 3: Settings Authentication 
Requirement[2m > [22m[2mProperty: Requests without valid auth are rejected with 401 
(Requirement 2.6)[2m > [22m[2mshould reject PUT requests without valid authentication
[22m[39m[ARCJET] WARNING: Running without Arcjet protection

[90mstdout[2m | tests/property/admin-system-health-fixes/settings-auth.property.test.ts[2m > [22m[2mFeature: admin-system-health-fixes, Property 3: Settings Authentication Requirement[2m > [22m[2mProperty: Requests without valid auth are rejected with 401 (Requirement 2.6)[2m > [22m[2mshould reject PUT requests without valid authentication
[22m[39m[AUTH] Token verification failed: Access token verification failed

[90mstderr[2m | 
tests/property/admin-system-health-fixes/settings-auth.property.test.ts[2m > 
[22m[2mFeature: admin-system-health-fixes, Property 3: Settings Authentication 
Requirement[2m > [22m[2mProperty: Requests without valid auth are rejected with 401 
(Requirement 2.6)[2m > [22m[2mshould reject PUT requests without valid authentication
[22m[39m[ARCJET] WARNING: Running without Arcjet protection

[90mstdout[2m | tests/property/admin-system-health-fixes/settings-auth.property.test.ts[2m > [22m[2mFeature: admin-system-health-fixes, Property 3: Settings Authentication Requirement[2m > [22m[2mProperty: Requests without valid auth are rejected with 401 (Requirement 2.6)[2m > [22m[2mshould reject PUT requests without valid authentication
[22m[39m[AUTH] Token verification failed: Access token verification failed

[90mstderr[2m | 
tests/property/admin-system-health-fixes/settings-auth.property.test.ts[2m > 
[22m[2mFeature: admin-system-health-fixes, Property 3: Settings Authentication 
Requirement[2m > [22m[2mProperty: Requests without valid auth are rejected with 401 
(Requirement 2.6)[2m > [22m[2mshould reject PUT requests without valid authentication
[22m[39m[ARCJET] WARNING: Running without Arcjet protection

[90mstdout[2m | tests/property/admin-system-health-fixes/settings-auth.property.test.ts[2m > [22m[2mFeature: admin-system-health-fixes, Property 3: Settings Authentication Requirement[2m > [22m[2mProperty: Requests without valid auth are rejected with 401 (Requirement 2.6)[2m > [22m[2mshould reject PUT requests without valid authentication
[22m[39m[AUTH] Token verification failed: Access token verification failed

[90mstderr[2m | 
tests/property/admin-system-health-fixes/settings-auth.property.test.ts[2m > 
[22m[2mFeature: admin-system-health-fixes, Property 3: Settings Authentication 
Requirement[2m > [22m[2mProperty: Requests without valid auth are rejected with 401 
(Requirement 2.6)[2m > [22m[2mshould reject PUT requests without valid authentication
[22m[39m[ARCJET] WARNING: Running without Arcjet protection

[90mstdout[2m | tests/property/admin-system-health-fixes/settings-auth.property.test.ts[2m > [22m[2mFeature: admin-system-health-fixes, Property 3: Settings Authentication Requirement[2m > [22m[2mProperty: Requests without valid auth are rejected with 401 (Requirement 2.6)[2m > [22m[2mshould reject PUT requests without valid authentication
[22m[39m[AUTH] Token verification failed: Access token verification failed

[90mstderr[2m | 
tests/property/admin-system-health-fixes/settings-auth.property.test.ts[2m > 
[22m[2mFeature: admin-system-health-fixes, Property 3: Settings Authentication 
Requirement[2m > [22m[2mProperty: Requests without valid auth are rejected with 401 
(Requirement 2.6)[2m > [22m[2mshould reject PUT requests without valid authentication
[22m[39m[ARCJET] WARNING: Running without Arcjet protection

[90mstderr[2m | 
tests/property/admin-system-health-fixes/settings-auth.property.test.ts[2m > 
[22m[2mFeature: admin-system-health-fixes, Property 3: Settings Authentication 
Requirement[2m > [22m[2mProperty: Requests without valid auth are rejected with 401 
(Requirement 2.6)[2m > [22m[2mshould reject PUT requests without valid authentication
[22m[39m[ARCJET] WARNING: Running without Arcjet protection

[90mstderr[2m | 
tests/property/admin-system-health-fixes/settings-auth.property.test.ts[2m > 
[22m[2mFeature: admin-system-health-fixes, Property 3: Settings Authentication 
Requirement[2m > [22m[2mProperty: Requests without valid auth are rejected with 401 
(Requirement 2.6)[2m > [22m[2mshould reject PUT requests without valid authentication
[22m[39m[ARCJET] WARNING: Running without Arcjet protection

[90mstderr[2m | 
tests/property/admin-system-health-fixes/settings-auth.property.test.ts[2m > 
[22m[2mFeature: admin-system-health-fixes, Property 3: Settings Authentication 
Requirement[2m > [22m[2mProperty: Requests without valid auth are rejected with 401 
(Requirement 2.6)[2m > [22m[2mshould reject PUT requests without valid authentication
[22m[39m[ARCJET] WARNING: Running without Arcjet protection

[90mstderr[2m | 
tests/property/admin-system-health-fixes/settings-auth.property.test.ts[2m > 
[22m[2mFeature: admin-system-health-fixes, Property 3: Settings Authentication 
Requirement[2m > [22m[2mProperty: Requests without valid auth are rejected with 401 
(Requirement 2.6)[2m > [22m[2mshould reject PUT requests without valid authentication
[22m[39m[ARCJET] WARNING: Running without Arcjet protection

[90mstderr[2m | 
tests/property/admin-system-health-fixes/settings-auth.property.test.ts[2m > 
[22m[2mFeature: admin-system-health-fixes, Property 3: Settings Authentication 
Requirement[2m > [22m[2mProperty: Requests without valid auth are rejected with 401 
(Requirement 2.6)[2m > [22m[2mshould reject PUT requests without valid authentication
[22m[39m[ARCJET] WARNING: Running without Arcjet protection

[90mstderr[2m | 
tests/property/admin-system-health-fixes/settings-auth.property.test.ts[2m > 
[22m[2mFeature: admin-system-health-fixes, Property 3: Settings Authentication 
Requirement[2m > [22m[2mProperty: Requests without valid auth are rejected with 401 
(Requirement 2.6)[2m > [22m[2mshould reject PUT requests without valid authentication
[22m[39m[ARCJET] WARNING: Running without Arcjet protection

[90mstderr[2m | 
tests/property/admin-system-health-fixes/settings-auth.property.test.ts[2m > 
[22m[2mFeature: admin-system-health-fixes, Property 3: Settings Authentication 
Requirement[2m > [22m[2mProperty: Requests without valid auth are rejected with 401 
(Requirement 2.6)[2m > [22m[2mshould reject PUT requests without valid authentication
[22m[39m[ARCJET] WARNING: Running without Arcjet protection

[90mstderr[2m | 
tests/property/admin-system-health-fixes/settings-auth.property.test.ts[2m > 
[22m[2mFeature: admin-system-health-fixes, Property 3: Settings Authentication 
Requirement[2m > [22m[2mProperty: Requests without valid auth are rejected with 401 
(Requirement 2.6)[2m > [22m[2mshould reject PUT requests without valid authentication
[22m[39m[ARCJET] WARNING: Running without Arcjet protection

[90mstdout[2m | tests/property/admin-system-health-fixes/settings-auth.property.test.ts[2m > [22m[2mFeature: admin-system-health-fixes, Property 3: Settings Authentication Requirement[2m > [22m[2mProperty: Requests without valid auth are rejected with 401 (Requirement 2.6)[2m > [22m[2mshould reject PUT requests without valid authentication
[22m[39m[AUTH] Token verification failed: Access token verification failed

[90mstderr[2m | 
tests/property/admin-system-health-fixes/settings-auth.property.test.ts[2m > 
[22m[2mFeature: admin-system-health-fixes, Property 3: Settings Authentication 
Requirement[2m > [22m[2mProperty: Requests without valid auth are rejected with 401 
(Requirement 2.6)[2m > [22m[2mshould reject PUT requests without valid authentication
[22m[39m[ARCJET] WARNING: Running without Arcjet protection

[90mstderr[2m | 
tests/property/admin-system-health-fixes/settings-auth.property.test.ts[2m > 
[22m[2mFeature: admin-system-health-fixes, Property 3: Settings Authentication 
Requirement[2m > [22m[2mProperty: Requests without valid auth are rejected with 401 
(Requirement 2.6)[2m > [22m[2mshould reject PUT requests without valid authentication
[22m[39m[ARCJET] WARNING: Running without Arcjet protection

[90mstdout[2m | tests/property/admin-system-health-fixes/settings-auth.property.test.ts[2m > [22m[2mFeature: admin-system-health-fixes, Property 3: Settings Authentication Requirement[2m > [22m[2mProperty: Requests without valid auth are rejected with 401 (Requirement 2.6)[2m > [22m[2mshould reject PUT requests without valid authentication
[22m[39m[AUTH] Token verification failed: Access token verification failed

[90mstderr[2m | 
tests/property/admin-system-health-fixes/settings-auth.property.test.ts[2m > 
[22m[2mFeature: admin-system-health-fixes, Property 3: Settings Authentication 
Requirement[2m > [22m[2mProperty: Requests without valid auth are rejected with 401 
(Requirement 2.6)[2m > [22m[2mshould reject PUT requests without valid authentication
[22m[39m[ARCJET] WARNING: Running without Arcjet protection

[90mstderr[2m | 
tests/property/admin-system-health-fixes/settings-auth.property.test.ts[2m > 
[22m[2mFeature: admin-system-health-fixes, Property 3: Settings Authentication 
Requirement[2m > [22m[2mProperty: Requests without valid auth are rejected with 401 
(Requirement 2.6)[2m > [22m[2mshould reject PUT requests without valid authentication
[22m[39m[ARCJET] WARNING: Running without Arcjet protection

[90mstderr[2m | 
tests/property/admin-system-health-fixes/settings-auth.property.test.ts[2m > 
[22m[2mFeature: admin-system-health-fixes, Property 3: Settings Authentication 
Requirement[2m > [22m[2mProperty: Requests without valid auth are rejected with 401 
(Requirement 2.6)[2m > [22m[2mshould reject PUT requests without valid authentication
[22m[39m[ARCJET] WARNING: Running without Arcjet protection

[90mstderr[2m | 
tests/property/admin-system-health-fixes/settings-auth.property.test.ts[2m > 
[22m[2mFeature: admin-system-health-fixes, Property 3: Settings Authentication 
Requirement[2m > [22m[2mProperty: Requests without valid auth are rejected with 401 
(Requirement 2.6)[2m > [22m[2mshould reject PUT requests without valid authentication
[22m[39m[ARCJET] WARNING: Running without Arcjet protection

[90mstderr[2m | 
tests/property/admin-system-health-fixes/settings-auth.property.test.ts[2m > 
[22m[2mFeature: admin-system-health-fixes, Property 3: Settings Authentication 
Requirement[2m > [22m[2mProperty: Requests without valid auth are rejected with 401 
(Requirement 2.6)[2m > [22m[2mshould reject PUT requests without valid authentication
[22m[39m[ARCJET] WARNING: Running without Arcjet protection

[90mstderr[2m | 
tests/property/admin-system-health-fixes/settings-auth.property.test.ts[2m > 
[22m[2mFeature: admin-system-health-fixes, Property 3: Settings Authentication 
Requirement[2m > [22m[2mProperty: Requests without valid auth are rejected with 401 
(Requirement 2.6)[2m > [22m[2mshould reject PUT requests without valid authentication
[22m[39m[ARCJET] WARNING: Running without Arcjet protection

[90mstdout[2m | tests/property/admin-system-health-fixes/settings-auth.property.test.ts[2m > [22m[2mFeature: admin-system-health-fixes, Property 3: Settings Authentication Requirement[2m > [22m[2mProperty: Requests without valid auth are rejected with 401 (Requirement 2.6)[2m > [22m[2mshould reject PUT requests without valid authentication
[22m[39m[AUTH] Token verification failed: Access token verification failed

[90mstderr[2m | 
tests/property/admin-system-health-fixes/settings-auth.property.test.ts[2m > 
[22m[2mFeature: admin-system-health-fixes, Property 3: Settings Authentication 
Requirement[2m > [22m[2mProperty: Requests without valid auth are rejected with 401 
(Requirement 2.6)[2m > [22m[2mshould reject PUT requests without valid authentication
[22m[39m[ARCJET] WARNING: Running without Arcjet protection

[90mstderr[2m | 
tests/property/admin-system-health-fixes/settings-auth.property.test.ts[2m > 
[22m[2mFeature: admin-system-health-fixes, Property 3: Settings Authentication 
Requirement[2m > [22m[2mProperty: Requests without valid auth are rejected with 401 
(Requirement 2.6)[2m > [22m[2mshould reject PUT requests without valid authentication
[22m[39m[ARCJET] WARNING: Running without Arcjet protection

[90mstderr[2m | 
tests/property/admin-system-health-fixes/settings-auth.property.test.ts[2m > 
[22m[2mFeature: admin-system-health-fixes, Property 3: Settings Authentication 
Requirement[2m > [22m[2mProperty: Requests without valid auth are rejected with 401 
(Requirement 2.6)[2m > [22m[2mshould reject PUT requests without valid authentication
[22m[39m[ARCJET] WARNING: Running without Arcjet protection

[90mstderr[2m | 
tests/property/admin-system-health-fixes/settings-auth.property.test.ts[2m > 
[22m[2mFeature: admin-system-health-fixes, Property 3: Settings Authentication 
Requirement[2m > [22m[2mProperty: Requests without valid auth are rejected with 401 
(Requirement 2.6)[2m > [22m[2mshould reject PUT requests without valid authentication
[22m[39m[ARCJET] WARNING: Running without Arcjet protection

[90mstderr[2m | 
tests/property/admin-system-health-fixes/settings-auth.property.test.ts[2m > 
[22m[2mFeature: admin-system-health-fixes, Property 3: Settings Authentication 
Requirement[2m > [22m[2mProperty: Requests without valid auth are rejected with 401 
(Requirement 2.6)[2m > [22m[2mshould reject PUT requests without valid authentication
[22m[39m[ARCJET] WARNING: Running without Arcjet protection

[90mstderr[2m | 
tests/property/admin-system-health-fixes/settings-auth.property.test.ts[2m > 
[22m[2mFeature: admin-system-health-fixes, Property 3: Settings Authentication 
Requirement[2m > [22m[2mProperty: Requests without valid auth are rejected with 401 
(Requirement 2.6)[2m > [22m[2mshould reject PUT requests without valid authentication
[22m[39m[ARCJET] WARNING: Running without Arcjet protection

[90mstdout[2m | tests/property/admin-system-health-fixes/settings-auth.property.test.ts[2m > [22m[2mFeature: admin-system-health-fixes, Property 3: Settings Authentication Requirement[2m > [22m[2mProperty: Requests without valid auth are rejected with 401 (Requirement 2.6)[2m > [22m[2mshould reject PUT requests without valid authentication
[22m[39m[AUTH] Token verification failed: Access token verification failed

[90mstderr[2m | 
tests/property/admin-system-health-fixes/settings-auth.property.test.ts[2m > 
[22m[2mFeature: admin-system-health-fixes, Property 3: Settings Authentication 
Requirement[2m > [22m[2mProperty: Requests without valid auth are rejected with 401 
(Requirement 2.6)[2m > [22m[2mshould reject PUT requests without valid authentication
[22m[39m[ARCJET] WARNING: Running without Arcjet protection

[90mstderr[2m | 
tests/property/admin-system-health-fixes/settings-auth.property.test.ts[2m > 
[22m[2mFeature: admin-system-health-fixes, Property 3: Settings Authentication 
Requirement[2m > [22m[2mProperty: Requests without valid auth are rejected with 401 
(Requirement 2.6)[2m > [22m[2mshould reject PUT requests without valid authentication
[22m[39m[ARCJET] WARNING: Running without Arcjet protection

[90mstdout[2m | tests/property/admin-system-health-fixes/settings-auth.property.test.ts[2m > [22m[2mFeature: admin-system-health-fixes, Property 3: Settings Authentication Requirement[2m > [22m[2mProperty: Requests without valid auth are rejected with 401 (Requirement 2.6)[2m > [22m[2mshould reject PUT requests without valid authentication
[22m[39m[AUTH] Token verification failed: Access token verification failed

[90mstderr[2m | 
tests/property/admin-system-health-fixes/settings-auth.property.test.ts[2m > 
[22m[2mFeature: admin-system-health-fixes, Property 3: Settings Authentication 
Requirement[2m > [22m[2mProperty: Requests without valid auth are rejected with 401 
(Requirement 2.6)[2m > [22m[2mshould reject PUT requests without valid authentication
[22m[39m[ARCJET] WARNING: Running without Arcjet protection

[90mstderr[2m | 
tests/property/admin-system-health-fixes/settings-auth.property.test.ts[2m > 
[22m[2mFeature: admin-system-health-fixes, Property 3: Settings Authentication 
Requirement[2m > [22m[2mProperty: Requests without valid auth are rejected with 401 
(Requirement 2.6)[2m > [22m[2mshould reject PUT requests without valid authentication
[22m[39m[ARCJET] WARNING: Running without Arcjet protection

[90mstdout[2m | tests/property/admin-system-health-fixes/settings-auth.property.test.ts[2m > [22m[2mFeature: admin-system-health-fixes, Property 3: Settings Authentication Requirement[2m > [22m[2mProperty: Requests without valid auth are rejected with 401 (Requirement 2.6)[2m > [22m[2mshould reject PUT requests without valid authentication
[22m[39m[AUTH] Token verification failed: Access token verification failed

[90mstderr[2m | 
tests/property/admin-system-health-fixes/settings-auth.property.test.ts[2m > 
[22m[2mFeature: admin-system-health-fixes, Property 3: Settings Authentication 
Requirement[2m > [22m[2mProperty: Requests without valid auth are rejected with 401 
(Requirement 2.6)[2m > [22m[2mshould reject PUT requests without valid authentication
[22m[39m[ARCJET] WARNING: Running without Arcjet protection

[90mstderr[2m | 
tests/property/admin-system-health-fixes/settings-auth.property.test.ts[2m > 
[22m[2mFeature: admin-system-health-fixes, Property 3: Settings Authentication 
Requirement[2m > [22m[2mProperty: Requests without valid auth are rejected with 401 
(Requirement 2.6)[2m > [22m[2mshould reject PUT requests without valid authentication
[22m[39m[ARCJET] WARNING: Running without Arcjet protection

[90mstderr[2m | 
tests/property/admin-system-health-fixes/settings-auth.property.test.ts[2m > 
[22m[2mFeature: admin-system-health-fixes, Property 3: Settings Authentication 
Requirement[2m > [22m[2mProperty: Requests without valid auth are rejected with 401 
(Requirement 2.6)[2m > [22m[2mshould reject DELETE requests without valid authentication
[22m[39m[ARCJET] WARNING: Running without Arcjet protection

[90mstderr[2m | 
tests/property/admin-system-health-fixes/settings-auth.property.test.ts[2m > 
[22m[2mFeature: admin-system-health-fixes, Property 3: Settings Authentication 
Requirement[2m > [22m[2mProperty: Requests without valid auth are rejected with 401 
(Requirement 2.6)[2m > [22m[2mshould reject DELETE requests without valid authentication
[22m[39m[ARCJET] WARNING: Running without Arcjet protection

[90mstderr[2m | 
tests/property/admin-system-health-fixes/settings-auth.property.test.ts[2m > 
[22m[2mFeature: admin-system-health-fixes, Property 3: Settings Authentication 
Requirement[2m > [22m[2mProperty: Requests without valid auth are rejected with 401 
(Requirement 2.6)[2m > [22m[2mshould reject DELETE requests without valid authentication
[22m[39m[ARCJET] WARNING: Running without Arcjet protection

[90mstderr[2m | 
tests/property/admin-system-health-fixes/settings-auth.property.test.ts[2m > 
[22m[2mFeature: admin-system-health-fixes, Property 3: Settings Authentication 
Requirement[2m > [22m[2mProperty: Requests without valid auth are rejected with 401 
(Requirement 2.6)[2m > [22m[2mshould reject DELETE requests without valid authentication
[22m[39m[ARCJET] WARNING: Running without Arcjet protection

[90mstdout[2m | tests/property/admin-system-health-fixes/settings-auth.property.test.ts[2m > [22m[2mFeature: admin-system-health-fixes, Property 3: Settings Authentication Requirement[2m > [22m[2mProperty: Requests without valid auth are rejected with 401 (Requirement 2.6)[2m > [22m[2mshould reject DELETE requests without valid authentication
[22m[39m[AUTH] Token verification failed: Access token verification failed

[90mstderr[2m | 
tests/property/admin-system-health-fixes/settings-auth.property.test.ts[2m > 
[22m[2mFeature: admin-system-health-fixes, Property 3: Settings Authentication 
Requirement[2m > [22m[2mProperty: Requests without valid auth are rejected with 401 
(Requirement 2.6)[2m > [22m[2mshould reject DELETE requests without valid authentication
[22m[39m[ARCJET] WARNING: Running without Arcjet protection

[90mstderr[2m | 
tests/property/admin-system-health-fixes/settings-auth.property.test.ts[2m > 
[22m[2mFeature: admin-system-health-fixes, Property 3: Settings Authentication 
Requirement[2m > [22m[2mProperty: Requests without valid auth are rejected with 401 
(Requirement 2.6)[2m > [22m[2mshould reject DELETE requests without valid authentication
[22m[39m[ARCJET] WARNING: Running without Arcjet protection

[90mstderr[2m | 
tests/property/admin-system-health-fixes/settings-auth.property.test.ts[2m > 
[22m[2mFeature: admin-system-health-fixes, Property 3: Settings Authentication 
Requirement[2m > [22m[2mProperty: Requests without valid auth are rejected with 401 
(Requirement 2.6)[2m > [22m[2mshould reject DELETE requests without valid authentication
[22m[39m[ARCJET] WARNING: Running without Arcjet protection

[90mstderr[2m | 
tests/property/admin-system-health-fixes/settings-auth.property.test.ts[2m > 
[22m[2mFeature: admin-system-health-fixes, Property 3: Settings Authentication 
Requirement[2m > [22m[2mProperty: Requests without valid auth are rejected with 401 
(Requirement 2.6)[2m > [22m[2mshould reject DELETE requests without valid authentication
[22m[39m[ARCJET] WARNING: Running without Arcjet protection

[90mstderr[2m | 
tests/property/admin-system-health-fixes/settings-auth.property.test.ts[2m > 
[22m[2mFeature: admin-system-health-fixes, Property 3: Settings Authentication 
Requirement[2m > [22m[2mProperty: Requests without valid auth are rejected with 401 
(Requirement 2.6)[2m > [22m[2mshould reject DELETE requests without valid authentication
[22m[39m[ARCJET] WARNING: Running without Arcjet protection

[90mstderr[2m | 
tests/property/admin-system-health-fixes/settings-auth.property.test.ts[2m > 
[22m[2mFeature: admin-system-health-fixes, Property 3: Settings Authentication 
Requirement[2m > [22m[2mProperty: Requests without valid auth are rejected with 401 
(Requirement 2.6)[2m > [22m[2mshould reject DELETE requests without valid authentication
[22m[39m[ARCJET] WARNING: Running without Arcjet protection

[90mstderr[2m | 
tests/property/admin-system-health-fixes/settings-auth.property.test.ts[2m > 
[22m[2mFeature: admin-system-health-fixes, Property 3: Settings Authentication 
Requirement[2m > [22m[2mProperty: Requests without valid auth are rejected with 401 
(Requirement 2.6)[2m > [22m[2mshould reject DELETE requests without valid authentication
[22m[39m[ARCJET] WARNING: Running without Arcjet protection

[90mstderr[2m | 
tests/property/admin-system-health-fixes/settings-auth.property.test.ts[2m > 
[22m[2mFeature: admin-system-health-fixes, Property 3: Settings Authentication 
Requirement[2m > [22m[2mProperty: Requests without valid auth are rejected with 401 
(Requirement 2.6)[2m > [22m[2mshould reject DELETE requests without valid authentication
[22m[39m[ARCJET] WARNING: Running without Arcjet protection

[90mstderr[2m | 
tests/property/admin-system-health-fixes/settings-auth.property.test.ts[2m > 
[22m[2mFeature: admin-system-health-fixes, Property 3: Settings Authentication 
Requirement[2m > [22m[2mProperty: Requests without valid auth are rejected with 401 
(Requirement 2.6)[2m > [22m[2mshould reject DELETE requests without valid authentication
[22m[39m[ARCJET] WARNING: Running without Arcjet protection

[90mstdout[2m | tests/property/admin-system-health-fixes/settings-auth.property.test.ts[2m > [22m[2mFeature: admin-system-health-fixes, Property 3: Settings Authentication Requirement[2m > [22m[2mProperty: Requests without valid auth are rejected with 401 (Requirement 2.6)[2m > [22m[2mshould reject DELETE requests without valid authentication
[22m[39m[AUTH] Token verification failed: Access token verification failed

[90mstderr[2m | 
tests/property/admin-system-health-fixes/settings-auth.property.test.ts[2m > 
[22m[2mFeature: admin-system-health-fixes, Property 3: Settings Authentication 
Requirement[2m > [22m[2mProperty: Requests without valid auth are rejected with 401 
(Requirement 2.6)[2m > [22m[2mshould reject DELETE requests without valid authentication
[22m[39m[ARCJET] WARNING: Running without Arcjet protection

[90mstdout[2m | tests/property/admin-system-health-fixes/settings-auth.property.test.ts[2m > [22m[2mFeature: admin-system-health-fixes, Property 3: Settings Authentication Requirement[2m > [22m[2mProperty: Requests without valid auth are rejected with 401 (Requirement 2.6)[2m > [22m[2mshould reject DELETE requests without valid authentication
[22m[39m[AUTH] Token verification failed: Access token verification failed

[90mstderr[2m | 
tests/property/admin-system-health-fixes/settings-auth.property.test.ts[2m > 
[22m[2mFeature: admin-system-health-fixes, Property 3: Settings Authentication 
Requirement[2m > [22m[2mProperty: Requests without valid auth are rejected with 401 
(Requirement 2.6)[2m > [22m[2mshould reject DELETE requests without valid authentication
[22m[39m[ARCJET] WARNING: Running without Arcjet protection

[90mstdout[2m | tests/property/admin-system-health-fixes/settings-auth.property.test.ts[2m > [22m[2mFeature: admin-system-health-fixes, Property 3: Settings Authentication Requirement[2m > [22m[2mProperty: Requests without valid auth are rejected with 401 (Requirement 2.6)[2m > [22m[2mshould reject DELETE requests without valid authentication
[22m[39m[AUTH] Token verification failed: Access token verification failed

[90mstderr[2m | 
tests/property/admin-system-health-fixes/settings-auth.property.test.ts[2m > 
[22m[2mFeature: admin-system-health-fixes, Property 3: Settings Authentication 
Requirement[2m > [22m[2mProperty: Requests without valid auth are rejected with 401 
(Requirement 2.6)[2m > [22m[2mshould reject DELETE requests without valid authentication
[22m[39m[ARCJET] WARNING: Running without Arcjet protection

[90mstderr[2m | 
tests/property/admin-system-health-fixes/settings-auth.property.test.ts[2m > 
[22m[2mFeature: admin-system-health-fixes, Property 3: Settings Authentication 
Requirement[2m > [22m[2mProperty: Requests without valid auth are rejected with 401 
(Requirement 2.6)[2m > [22m[2mshould reject DELETE requests without valid authentication
[22m[39m[ARCJET] WARNING: Running without Arcjet protection

[90mstderr[2m | 
tests/property/admin-system-health-fixes/settings-auth.property.test.ts[2m > 
[22m[2mFeature: admin-system-health-fixes, Property 3: Settings Authentication 
Requirement[2m > [22m[2mProperty: Requests without valid auth are rejected with 401 
(Requirement 2.6)[2m > [22m[2mshould reject DELETE requests without valid authentication
[22m[39m[ARCJET] WARNING: Running without Arcjet protection

[90mstderr[2m | 
tests/property/admin-system-health-fixes/settings-auth.property.test.ts[2m > 
[22m[2mFeature: admin-system-health-fixes, Property 3: Settings Authentication 
Requirement[2m > [22m[2mProperty: Requests without valid auth are rejected with 401 
(Requirement 2.6)[2m > [22m[2mshould reject DELETE requests without valid authentication
[22m[39m[ARCJET] WARNING: Running without Arcjet protection

[90mstderr[2m | 
tests/property/admin-system-health-fixes/settings-auth.property.test.ts[2m > 
[22m[2mFeature: admin-system-health-fixes, Property 3: Settings Authentication 
Requirement[2m > [22m[2mProperty: Requests without valid auth are rejected with 401 
(Requirement 2.6)[2m > [22m[2mshould reject DELETE requests without valid authentication
[22m[39m[ARCJET] WARNING: Running without Arcjet protection

[90mstderr[2m | 
tests/property/admin-system-health-fixes/settings-auth.property.test.ts[2m > 
[22m[2mFeature: admin-system-health-fixes, Property 3: Settings Authentication 
Requirement[2m > [22m[2mProperty: Requests without valid auth are rejected with 401 
(Requirement 2.6)[2m > [22m[2mshould reject DELETE requests without valid authentication
[22m[39m[ARCJET] WARNING: Running without Arcjet protection

[90mstderr[2m | 
tests/property/admin-system-health-fixes/settings-auth.property.test.ts[2m > 
[22m[2mFeature: admin-system-health-fixes, Property 3: Settings Authentication 
Requirement[2m > [22m[2mProperty: Requests without valid auth are rejected with 401 
(Requirement 2.6)[2m > [22m[2mshould reject DELETE requests without valid authentication
[22m[39m[ARCJET] WARNING: Running without Arcjet protection

[90mstderr[2m | 
tests/property/admin-system-health-fixes/settings-auth.property.test.ts[2m > 
[22m[2mFeature: admin-system-health-fixes, Property 3: Settings Authentication 
Requirement[2m > [22m[2mProperty: Requests without valid auth are rejected with 401 
(Requirement 2.6)[2m > [22m[2mshould reject DELETE requests without valid authentication
[22m[39m[ARCJET] WARNING: Running without Arcjet protection

[90mstderr[2m | 
tests/property/admin-system-health-fixes/settings-auth.property.test.ts[2m > 
[22m[2mFeature: admin-system-health-fixes, Property 3: Settings Authentication 
Requirement[2m > [22m[2mProperty: Requests without valid auth are rejected with 401 
(Requirement 2.6)[2m > [22m[2mshould reject DELETE requests without valid authentication
[22m[39m[ARCJET] WARNING: Running without Arcjet protection

[90mstderr[2m | 
tests/property/admin-system-health-fixes/settings-auth.property.test.ts[2m > 
[22m[2mFeature: admin-system-health-fixes, Property 3: Settings Authentication 
Requirement[2m > [22m[2mProperty: Requests without valid auth are rejected with 401 
(Requirement 2.6)[2m > [22m[2mshould reject DELETE requests without valid authentication
[22m[39m[ARCJET] WARNING: Running without Arcjet protection

[90mstderr[2m | 
tests/property/admin-system-health-fixes/settings-auth.property.test.ts[2m > 
[22m[2mFeature: admin-system-health-fixes, Property 3: Settings Authentication 
Requirement[2m > [22m[2mProperty: Requests without valid auth are rejected with 401 
(Requirement 2.6)[2m > [22m[2mshould reject DELETE requests without valid authentication
[22m[39m[ARCJET] WARNING: Running without Arcjet protection

[90mstderr[2m | 
tests/property/admin-system-health-fixes/settings-auth.property.test.ts[2m > 
[22m[2mFeature: admin-system-health-fixes, Property 3: Settings Authentication 
Requirement[2m > [22m[2mProperty: Requests without valid auth are rejected with 401 
(Requirement 2.6)[2m > [22m[2mshould reject DELETE requests without valid authentication
[22m[39m[ARCJET] WARNING: Running without Arcjet protection

[90mstderr[2m | 
tests/property/admin-system-health-fixes/settings-auth.property.test.ts[2m > 
[22m[2mFeature: admin-system-health-fixes, Property 3: Settings Authentication 
Requirement[2m > [22m[2mProperty: Requests without valid auth are rejected with 401 
(Requirement 2.6)[2m > [22m[2mshould reject DELETE requests without valid authentication
[22m[39m[ARCJET] WARNING: Running without Arcjet protection

[90mstderr[2m | 
tests/property/admin-system-health-fixes/settings-auth.property.test.ts[2m > 
[22m[2mFeature: admin-system-health-fixes, Property 3: Settings Authentication 
Requirement[2m > [22m[2mProperty: Requests without valid auth are rejected with 401 
(Requirement 2.6)[2m > [22m[2mshould reject DELETE requests without valid authentication
[22m[39m[ARCJET] WARNING: Running without Arcjet protection

[90mstderr[2m | 
tests/property/admin-system-health-fixes/settings-auth.property.test.ts[2m > 
[22m[2mFeature: admin-system-health-fixes, Property 3: Settings Authentication 
Requirement[2m > [22m[2mProperty: Requests without valid auth are rejected with 401 
(Requirement 2.6)[2m > [22m[2mshould reject DELETE requests without valid authentication
[22m[39m[ARCJET] WARNING: Running without Arcjet protection

[90mstderr[2m | 
tests/property/admin-system-health-fixes/settings-auth.property.test.ts[2m > 
[22m[2mFeature: admin-system-health-fixes, Property 3: Settings Authentication 
Requirement[2m > [22m[2mProperty: Requests without valid auth are rejected with 401 
(Requirement 2.6)[2m > [22m[2mshould reject DELETE requests without valid authentication
[22m[39m[ARCJET] WARNING: Running without Arcjet protection

[90mstderr[2m | 
tests/property/admin-system-health-fixes/settings-auth.property.test.ts[2m > 
[22m[2mFeature: admin-system-health-fixes, Property 3: Settings Authentication 
Requirement[2m > [22m[2mProperty: Requests without valid auth are rejected with 401 
(Requirement 2.6)[2m > [22m[2mshould reject DELETE requests without valid authentication
[22m[39m[ARCJET] WARNING: Running without Arcjet protection

[90mstdout[2m | tests/property/admin-system-health-fixes/settings-auth.property.test.ts[2m > [22m[2mFeature: admin-system-health-fixes, Property 3: Settings Authentication Requirement[2m > [22m[2mProperty: Requests without valid auth are rejected with 401 (Requirement 2.6)[2m > [22m[2mshould reject DELETE requests without valid authentication
[22m[39m[AUTH] Token verification failed: Access token verification failed

[90mstdout[2m | tests/property/admin-system-health-fixes/settings-auth.property.test.ts[2m > [22m[2mFeature: admin-system-health-fixes, Property 3: Settings Authentication Requirement[2m > [22m[2mProperty: Requests without valid auth are rejected with 401 (Requirement 2.6)[2m > [22m[2mshould reject DELETE requests without valid authentication
[22m[39m[AUTH] Token verification failed: Access token verification failed

[90mstdout[2m | tests/property/admin-system-health-fixes/settings-auth.property.test.ts[2m > [22m[2mFeature: admin-system-health-fixes, Property 3: Settings Authentication Requirement[2m > [22m[2mProperty: Requests without valid auth are rejected with 401 (Requirement 2.6)[2m > [22m[2mshould reject DELETE requests without valid authentication
[22m[39m[AUTH] Token verification failed: Access token verification failed

[90mstdout[2m | tests/property/admin-system-health-fixes/settings-auth.property.test.ts[2m > [22m[2mFeature: admin-system-health-fixes, Property 3: Settings Authentication Requirement[2m > [22m[2mProperty: Requests without valid auth are rejected with 401 (Requirement 2.6)[2m > [22m[2mshould reject DELETE requests without valid authentication
[22m[39m[AUTH] Token verification failed: Access token verification failed

[90mstdout[2m | tests/property/admin-system-health-fixes/settings-auth.property.test.ts[2m > [22m[2mFeature: admin-system-health-fixes, Property 3: Settings Authentication Requirement[2m > [22m[2mProperty: Requests without valid auth are rejected with 401 (Requirement 2.6)[2m > [22m[2mshould reject DELETE requests without valid authentication
[22m[39m[AUTH] Token verification failed: Access token verification failed

[90mstdout[2m | tests/property/admin-system-health-fixes/settings-auth.property.test.ts[2m > [22m[2mFeature: admin-system-health-fixes, Property 3: Settings Authentication Requirement[2m > [22m[2mProperty: Requests without valid auth are rejected with 401 (Requirement 2.6)[2m > [22m[2mshould reject DELETE requests without valid authentication
[22m[39m[AUTH] Token verification failed: Access token verification failed

[90mstderr[2m | 
tests/property/admin-system-health-fixes/settings-auth.property.test.ts[2m > 
[22m[2mFeature: admin-system-health-fixes, Property 3: Settings Authentication 
Requirement[2m > [22m[2mProperty: Requests without valid auth are rejected with 401 
(Requirement 2.6)[2m > [22m[2mshould reject DELETE requests without valid authentication
[22m[39m[ARCJET] WARNING: Running without Arcjet protection

[90mstderr[2m | 
tests/property/admin-system-health-fixes/settings-auth.property.test.ts[2m > 
[22m[2mFeature: admin-system-health-fixes, Property 3: Settings Authentication 
Requirement[2m > [22m[2mProperty: Requests without valid auth are rejected with 401 
(Requirement 2.6)[2m > [22m[2mshould reject DELETE requests without valid authentication
[22m[39m[ARCJET] WARNING: Running without Arcjet protection

[90mstderr[2m | 
tests/property/admin-system-health-fixes/settings-auth.property.test.ts[2m > 
[22m[2mFeature: admin-system-health-fixes, Property 3: Settings Authentication 
Requirement[2m > [22m[2mProperty: Requests without valid auth are rejected with 401 
(Requirement 2.6)[2m > [22m[2mshould reject DELETE requests without valid authentication
[22m[39m[ARCJET] WARNING: Running without Arcjet protection

[90mstderr[2m | 
tests/property/admin-system-health-fixes/settings-auth.property.test.ts[2m > 
[22m[2mFeature: admin-system-health-fixes, Property 3: Settings Authentication 
Requirement[2m > [22m[2mProperty: Requests without valid auth are rejected with 401 
(Requirement 2.6)[2m > [22m[2mshould reject DELETE requests without valid authentication
[22m[39m[ARCJET] WARNING: Running without Arcjet protection

[90mstderr[2m | 
tests/property/admin-system-health-fixes/settings-auth.property.test.ts[2m > 
[22m[2mFeature: admin-system-health-fixes, Property 3: Settings Authentication 
Requirement[2m > [22m[2mProperty: Requests without valid auth are rejected with 401 
(Requirement 2.6)[2m > [22m[2mshould reject DELETE requests without valid authentication
[22m[39m[ARCJET] WARNING: Running without Arcjet protection

[90mstderr[2m | 
tests/property/admin-system-health-fixes/settings-auth.property.test.ts[2m > 
[22m[2mFeature: admin-system-health-fixes, Property 3: Settings Authentication 
Requirement[2m > [22m[2mProperty: Requests without valid auth are rejected with 401 
(Requirement 2.6)[2m > [22m[2mshould reject DELETE requests without valid authentication
[22m[39m[ARCJET] WARNING: Running without Arcjet protection

[90mstderr[2m | 
tests/property/admin-system-health-fixes/settings-auth.property.test.ts[2m > 
[22m[2mFeature: admin-system-health-fixes, Property 3: Settings Authentication 
Requirement[2m > [22m[2mProperty: Requests without valid auth are rejected with 401 
(Requirement 2.6)[2m > [22m[2mshould reject DELETE requests without valid authentication
[22m[39m[ARCJET] WARNING: Running without Arcjet protection

[90mstderr[2m | 
tests/property/admin-system-health-fixes/settings-auth.property.test.ts[2m > 
[22m[2mFeature: admin-system-health-fixes, Property 3: Settings Authentication 
Requirement[2m > [22m[2mProperty: Requests without valid auth are rejected with 401 
(Requirement 2.6)[2m > [22m[2mshould reject DELETE requests without valid authentication
[22m[39m[ARCJET] WARNING: Running without Arcjet protection

[90mstderr[2m | 
tests/property/admin-system-health-fixes/settings-auth.property.test.ts[2m > 
[22m[2mFeature: admin-system-health-fixes, Property 3: Settings Authentication 
Requirement[2m > [22m[2mProperty: Requests without valid auth are rejected with 401 
(Requirement 2.6)[2m > [22m[2mshould reject DELETE requests without valid authentication
[22m[39m[ARCJET] WARNING: Running without Arcjet protection

[90mstderr[2m | 
tests/property/admin-system-health-fixes/settings-auth.property.test.ts[2m > 
[22m[2mFeature: admin-system-health-fixes, Property 3: Settings Authentication 
Requirement[2m > [22m[2mProperty: Requests without valid auth are rejected with 401 
(Requirement 2.6)[2m > [22m[2mshould reject DELETE requests without valid authentication
[22m[39m[ARCJET] WARNING: Running without Arcjet protection

[90mstderr[2m | 
tests/property/admin-system-health-fixes/settings-auth.property.test.ts[2m > 
[22m[2mFeature: admin-system-health-fixes, Property 3: Settings Authentication 
Requirement[2m > [22m[2mProperty: Requests without valid auth are rejected with 401 
(Requirement 2.6)[2m > [22m[2mshould reject DELETE requests without valid authentication
[22m[39m[ARCJET] WARNING: Running without Arcjet protection

[90mstderr[2m | 
tests/property/admin-system-health-fixes/settings-auth.property.test.ts[2m > 
[22m[2mFeature: admin-system-health-fixes, Property 3: Settings Authentication 
Requirement[2m > [22m[2mProperty: Requests without valid auth are rejected with 401 
(Requirement 2.6)[2m > [22m[2mshould reject DELETE requests without valid authentication
[22m[39m[ARCJET] WARNING: Running without Arcjet protection

[90mstderr[2m | 
tests/property/admin-system-health-fixes/settings-auth.property.test.ts[2m > 
[22m[2mFeature: admin-system-health-fixes, Property 3: Settings Authentication 
Requirement[2m > [22m[2mProperty: Requests without valid auth are rejected with 401 
(Requirement 2.6)[2m > [22m[2mshould reject DELETE requests without valid authentication
[22m[39m[ARCJET] WARNING: Running without Arcjet protection

[90mstderr[2m | 
tests/property/admin-system-health-fixes/settings-auth.property.test.ts[2m > 
[22m[2mFeature: admin-system-health-fixes, Property 3: Settings Authentication 
Requirement[2m > [22m[2mProperty: Requests without valid auth are rejected with 401 
(Requirement 2.6)[2m > [22m[2mshould reject DELETE requests without valid authentication
[22m[39m[ARCJET] WARNING: Running without Arcjet protection

[90mstderr[2m | 
tests/property/admin-system-health-fixes/settings-auth.property.test.ts[2m > 
[22m[2mFeature: admin-system-health-fixes, Property 3: Settings Authentication 
Requirement[2m > [22m[2mProperty: Requests without valid auth are rejected with 401 
(Requirement 2.6)[2m > [22m[2mshould reject DELETE requests without valid authentication
[22m[39m[ARCJET] WARNING: Running without Arcjet protection

[90mstderr[2m | 
tests/property/admin-system-health-fixes/settings-auth.property.test.ts[2m > 
[22m[2mFeature: admin-system-health-fixes, Property 3: Settings Authentication 
Requirement[2m > [22m[2mProperty: Requests without valid auth are rejected with 401 
(Requirement 2.6)[2m > [22m[2mshould reject DELETE requests without valid authentication
[22m[39m[ARCJET] WARNING: Running without Arcjet protection

[90mstderr[2m | 
tests/property/admin-system-health-fixes/settings-auth.property.test.ts[2m > 
[22m[2mFeature: admin-system-health-fixes, Property 3: Settings Authentication 
Requirement[2m > [22m[2mProperty: Requests without valid auth are rejected with 401 
(Requirement 2.6)[2m > [22m[2mshould reject DELETE requests without valid authentication
[22m[39m[ARCJET] WARNING: Running without Arcjet protection

[90mstderr[2m | 
tests/property/admin-system-health-fixes/settings-auth.property.test.ts[2m > 
[22m[2mFeature: admin-system-health-fixes, Property 3: Settings Authentication 
Requirement[2m > [22m[2mProperty: Requests without valid auth are rejected with 401 
(Requirement 2.6)[2m > [22m[2mshould reject DELETE requests without valid authentication
[22m[39m[ARCJET] WARNING: Running without Arcjet protection

[90mstderr[2m | 
tests/property/admin-system-health-fixes/settings-auth.property.test.ts[2m > 
[22m[2mFeature: admin-system-health-fixes, Property 3: Settings Authentication 
Requirement[2m > [22m[2mProperty: Requests without valid auth are rejected with 401 
(Requirement 2.6)[2m > [22m[2mshould reject DELETE requests without valid authentication
[22m[39m[ARCJET] WARNING: Running without Arcjet protection

[90mstderr[2m | 
tests/property/admin-system-health-fixes/settings-auth.property.test.ts[2m > 
[22m[2mFeature: admin-system-health-fixes, Property 3: Settings Authentication 
Requirement[2m > [22m[2mProperty: Requests without valid auth are rejected with 401 
(Requirement 2.6)[2m > [22m[2mshould reject DELETE requests without valid authentication
[22m[39m[ARCJET] WARNING: Running without Arcjet protection

[90mstderr[2m | 
tests/property/admin-system-health-fixes/settings-auth.property.test.ts[2m > 
[22m[2mFeature: admin-system-health-fixes, Property 3: Settings Authentication 
Requirement[2m > [22m[2mProperty: Requests without valid auth are rejected with 401 
(Requirement 2.6)[2m > [22m[2mshould reject DELETE requests without valid authentication
[22m[39m[ARCJET] WARNING: Running without Arcjet protection

[90mstderr[2m | 
tests/property/admin-system-health-fixes/settings-auth.property.test.ts[2m > 
[22m[2mFeature: admin-system-health-fixes, Property 3: Settings Authentication 
Requirement[2m > [22m[2mProperty: Requests without valid auth are rejected with 401 
(Requirement 2.6)[2m > [22m[2mshould reject DELETE requests without valid authentication
[22m[39m[ARCJET] WARNING: Running without Arcjet protection

[90mstderr[2m | 
tests/property/admin-system-health-fixes/settings-auth.property.test.ts[2m > 
[22m[2mFeature: admin-system-health-fixes, Property 3: Settings Authentication 
Requirement[2m > [22m[2mProperty: Requests without valid auth are rejected with 401 
(Requirement 2.6)[2m > [22m[2mshould reject DELETE requests without valid authentication
[22m[39m[ARCJET] WARNING: Running without Arcjet protection

[90mstderr[2m | 
tests/property/admin-system-health-fixes/settings-auth.property.test.ts[2m > 
[22m[2mFeature: admin-system-health-fixes, Property 3: Settings Authentication 
Requirement[2m > [22m[2mProperty: Requests without valid auth are rejected with 401 
(Requirement 2.6)[2m > [22m[2mshould reject DELETE requests without valid authentication
[22m[39m[ARCJET] WARNING: Running without Arcjet protection

[90mstderr[2m | 
tests/property/admin-system-health-fixes/settings-auth.property.test.ts[2m > 
[22m[2mFeature: admin-system-health-fixes, Property 3: Settings Authentication 
Requirement[2m > [22m[2mProperty: Requests without valid auth are rejected with 401 
(Requirement 2.6)[2m > [22m[2mshould reject DELETE requests without valid authentication
[22m[39m[ARCJET] WARNING: Running without Arcjet protection

[90mstderr[2m | 
tests/property/admin-system-health-fixes/settings-auth.property.test.ts[2m > 
[22m[2mFeature: admin-system-health-fixes, Property 3: Settings Authentication 
Requirement[2m > [22m[2mProperty: Requests without valid auth are rejected with 401 
(Requirement 2.6)[2m > [22m[2mshould reject DELETE requests without valid authentication
[22m[39m[ARCJET] WARNING: Running without Arcjet protection

[90mstderr[2m | 
tests/property/admin-system-health-fixes/settings-auth.property.test.ts[2m > 
[22m[2mFeature: admin-system-health-fixes, Property 3: Settings Authentication 
Requirement[2m > [22m[2mProperty: Requests without valid auth are rejected with 401 
(Requirement 2.6)[2m > [22m[2mshould reject DELETE requests without valid authentication
[22m[39m[ARCJET] WARNING: Running without Arcjet protection

[90mstderr[2m | 
tests/property/admin-system-health-fixes/settings-auth.property.test.ts[2m > 
[22m[2mFeature: admin-system-health-fixes, Property 3: Settings Authentication 
Requirement[2m > [22m[2mProperty: Requests without valid auth are rejected with 401 
(Requirement 2.6)[2m > [22m[2mshould reject DELETE requests without valid authentication
[22m[39m[ARCJET] WARNING: Running without Arcjet protection

[90mstderr[2m | 
tests/property/admin-system-health-fixes/settings-auth.property.test.ts[2m > 
[22m[2mFeature: admin-system-health-fixes, Property 3: Settings Authentication 
Requirement[2m > [22m[2mProperty: Requests without valid auth are rejected with 401 
(Requirement 2.6)[2m > [22m[2mshould reject DELETE requests without valid authentication
[22m[39m[ARCJET] WARNING: Running without Arcjet protection
[90mstdout[2m | tests/property/admin-system-health-fixes/settings-auth.property.test.ts[2m > [22m[2mFeature: admin-system-health-fixes, Property 3: Settings Authentication Requirement[2m > [22m[2mProperty: Requests without valid auth are rejected with 401 (Requirement 2.6)[2m > [22m[2mshould reject DELETE requests without valid authentication
[22m[39m[AUTH] Token verification failed: Access token verification failed

[90mstdout[2m | tests/property/admin-system-health-fixes/settings-auth.property.test.ts[2m > [22m[2mFeature: admin-system-health-fixes, Property 3: Settings Authentication Requirement[2m > [22m[2mProperty: Requests without valid auth are rejected with 401 (Requirement 2.6)[2m > [22m[2mshould reject DELETE requests without valid authentication
[22m[39m[AUTH] Token verification failed: Access token verification failed

[90mstdout[2m | tests/property/admin-system-health-fixes/settings-auth.property.test.ts[2m > [22m[2mFeature: admin-system-health-fixes, Property 3: Settings Authentication Requirement[2m > [22m[2mProperty: Requests without valid auth are rejected with 401 (Requirement 2.6)[2m > [22m[2mshould reject DELETE requests without valid authentication
[22m[39m[AUTH] Token verification failed: Access token verification failed

[90mstdout[2m | tests/property/admin-system-health-fixes/settings-auth.property.test.ts[2m > [22m[2mFeature: admin-system-health-fixes, Property 3: Settings Authentication Requirement[2m > [22m[2mProperty: Requests without valid auth are rejected with 401 (Requirement 2.6)[2m > [22m[2mshould reject DELETE requests without valid authentication
[22m[39m[AUTH] Token verification failed: Access token verification failed

[90mstdout[2m | tests/property/admin-system-health-fixes/settings-auth.property.test.ts[2m > [22m[2mFeature: admin-system-health-fixes, Property 3: Settings Authentication Requirement[2m > [22m[2mProperty: Requests without valid auth are rejected with 401 (Requirement 2.6)[2m > [22m[2mshould reject DELETE requests without valid authentication
[22m[39m[AUTH] Token verification failed: Access token verification failed

[90mstdout[2m | tests/property/admin-system-health-fixes/settings-auth.property.test.ts[2m > [22m[2mFeature: admin-system-health-fixes, Property 3: Settings Authentication Requirement[2m > [22m[2mProperty: Requests without valid auth are rejected with 401 (Requirement 2.6)[2m > [22m[2mshould reject DELETE requests without valid authentication
[22m[39m[AUTH] Token verification failed: Access token verification failed

[90mstdout[2m | tests/property/admin-system-health-fixes/settings-auth.property.test.ts[2m > [22m[2mFeature: admin-system-health-fixes, Property 3: Settings Authentication Requirement[2m > [22m[2mProperty: Requests without valid auth are rejected with 401 (Requirement 2.6)[2m > [22m[2mshould reject DELETE requests without valid authentication
[22m[39m[AUTH] Token verification failed: Access token verification failed

[90mstdout[2m | tests/property/admin-system-health-fixes/settings-auth.property.test.ts[2m > [22m[2mFeature: admin-system-health-fixes, Property 3: Settings Authentication Requirement[2m > [22m[2mProperty: Requests without valid auth are rejected with 401 (Requirement 2.6)[2m > [22m[2mshould reject DELETE requests without valid authentication
[22m[39m[AUTH] Token verification failed: Access token verification failed

[90mstdout[2m | tests/property/admin-system-health-fixes/settings-auth.property.test.ts[2m > [22m[2mFeature: admin-system-health-fixes, Property 3: Settings Authentication Requirement[2m > [22m[2mProperty: Requests without valid auth are rejected with 401 (Requirement 2.6)[2m > [22m[2mshould reject DELETE requests without valid authentication
[22m[39m[AUTH] Token verification failed: Access token verification failed

[90mstdout[2m | tests/property/admin-system-health-fixes/settings-auth.property.test.ts[2m > [22m[2mFeature: admin-system-health-fixes, Property 3: Settings Authentication Requirement[2m > [22m[2mProperty: Requests without valid auth are rejected with 401 (Requirement 2.6)[2m > [22m[2mshould reject DELETE requests without valid authentication
[22m[39m[AUTH] Token verification failed: Access token verification failed


[90mstderr[2m | 
tests/property/admin-system-health-fixes/settings-auth.property.test.ts[2m > 
[22m[2mFeature: admin-system-health-fixes, Property 3: Settings Authentication 
Requirement[2m > [22m[2mProperty: Requests without valid auth are rejected with 401 
(Requirement 2.6)[2m > [22m[2mshould reject DELETE requests without valid authentication
[22m[39m[ARCJET] WARNING: Running without Arcjet protection

[90mstderr[2m | 
tests/property/admin-system-health-fixes/settings-auth.property.test.ts[2m > 
[22m[2mFeature: admin-system-health-fixes, Property 3: Settings Authentication 
Requirement[2m > [22m[2mProperty: Requests without valid auth are rejected with 401 
(Requirement 2.6)[2m > [22m[2mshould reject DELETE requests without valid authentication
[22m[39m[ARCJET] WARNING: Running without Arcjet protection

[90mstderr[2m | 
tests/property/admin-system-health-fixes/settings-auth.property.test.ts[2m > 
[22m[2mFeature: admin-system-health-fixes, Property 3: Settings Authentication 
Requirement[2m > [22m[2mProperty: Requests without valid auth are rejected with 401 
(Requirement 2.6)[2m > [22m[2mshould reject DELETE requests without valid authentication
[22m[39m[ARCJET] WARNING: Running without Arcjet protection

[90mstderr[2m | 
tests/property/admin-system-health-fixes/settings-auth.property.test.ts[2m > 
[22m[2mFeature: admin-system-health-fixes, Property 3: Settings Authentication 
Requirement[2m > [22m[2mProperty: Requests without valid auth are rejected with 401 
(Requirement 2.6)[2m > [22m[2mshould reject DELETE requests without valid authentication
[22m[39m[ARCJET] WARNING: Running without Arcjet protection

[90mstderr[2m | 
tests/property/admin-system-health-fixes/settings-auth.property.test.ts[2m > 
[22m[2mFeature: admin-system-health-fixes, Property 3: Settings Authentication 
Requirement[2m > [22m[2mProperty: Requests without valid auth are rejected with 401 
(Requirement 2.6)[2m > [22m[2mshould reject DELETE requests without valid authentication
[22m[39m[ARCJET] WARNING: Running without Arcjet protection

[90mstderr[2m | 
tests/property/admin-system-health-fixes/settings-auth.property.test.ts[2m > 
[22m[2mFeature: admin-system-health-fixes, Property 3: Settings Authentication 
Requirement[2m > [22m[2mProperty: Requests without valid auth are rejected with 401 
(Requirement 2.6)[2m > [22m[2mshould reject DELETE requests without valid authentication
[22m[39m[ARCJET] WARNING: Running without Arcjet protection

[90mstderr[2m | 
tests/property/admin-system-health-fixes/settings-auth.property.test.ts[2m > 
[22m[2mFeature: admin-system-health-fixes, Property 3: Settings Authentication 
Requirement[2m > [22m[2mProperty: Requests without valid auth are rejected with 401 
(Requirement 2.6)[2m > [22m[2mshould reject DELETE requests without valid authentication
[22m[39m[ARCJET] WARNING: Running without Arcjet protection

[90mstderr[2m | 
tests/property/admin-system-health-fixes/settings-auth.property.test.ts[2m > 
[22m[2mFeature: admin-system-health-fixes, Property 3: Settings Authentication 
Requirement[2m > [22m[2mProperty: Requests without valid auth are rejected with 401 
(Requirement 2.6)[2m > [22m[2mshould reject DELETE requests without valid authentication
[22m[39m[ARCJET] WARNING: Running without Arcjet protection

[90mstderr[2m | 
tests/property/admin-system-health-fixes/settings-auth.property.test.ts[2m > 
[22m[2mFeature: admin-system-health-fixes, Property 3: Settings Authentication 
Requirement[2m > [22m[2mProperty: Requests without valid auth are rejected with 401 
(Requirement 2.6)[2m > [22m[2mshould reject DELETE requests without valid authentication
[22m[39m[ARCJET] WARNING: Running without Arcjet protection

[90mstderr[2m | 
tests/property/admin-system-health-fixes/settings-auth.property.test.ts[2m > 
[22m[2mFeature: admin-system-health-fixes, Property 3: Settings Authentication 
Requirement[2m > [22m[2mProperty: Requests without valid auth are rejected with 401 
(Requirement 2.6)[2m > [22m[2mshould reject DELETE requests without valid authentication
[22m[39m[ARCJET] WARNING: Running without Arcjet protection

[90mstderr[2m | 
tests/property/admin-system-health-fixes/settings-auth.property.test.ts[2m > 
[22m[2mFeature: admin-system-health-fixes, Property 3: Settings Authentication 
Requirement[2m > [22m[2mProperty: Requests without valid auth are rejected with 401 
(Requirement 2.6)[2m > [22m[2mshould reject DELETE requests without valid authentication
[22m[39m[ARCJET] WARNING: Running without Arcjet protection

[90mstderr[2m | 
tests/property/admin-system-health-fixes/settings-auth.property.test.ts[2m > 
[22m[2mFeature: admin-system-health-fixes, Property 3: Settings Authentication 
Requirement[2m > [22m[2mProperty: Requests without valid auth are rejected with 401 
(Requirement 2.6)[2m > [22m[2mshould reject DELETE requests without valid authentication
[22m[39m[ARCJET] WARNING: Running without Arcjet protection

[90mstderr[2m | 
tests/property/admin-system-health-fixes/settings-auth.property.test.ts[2m > 
[22m[2mFeature: admin-system-health-fixes, Property 3: Settings Authentication 
Requirement[2m > [22m[2mProperty: Requests without valid auth are rejected with 401 
(Requirement 2.6)[2m > [22m[2mshould reject DELETE requests without valid authentication
[22m[39m[ARCJET] WARNING: Running without Arcjet protection

[90mstderr[2m | 
tests/property/admin-system-health-fixes/settings-auth.property.test.ts[2m > 
[22m[2mFeature: admin-system-health-fixes, Property 3: Settings Authentication 
Requirement[2m > [22m[2mProperty: Requests without valid auth are rejected with 401 
(Requirement 2.6)[2m > [22m[2mshould reject DELETE requests without valid authentication
[22m[39m[ARCJET] WARNING: Running without Arcjet protection

[90mstderr[2m | 
tests/property/admin-system-health-fixes/settings-auth.property.test.ts[2m > 
[22m[2mFeature: admin-system-health-fixes, Property 3: Settings Authentication 
Requirement[2m > [22m[2mProperty: Requests without valid auth are rejected with 401 
(Requirement 2.6)[2m > [22m[2mshould reject DELETE requests without valid authentication
[22m[39m[ARCJET] WARNING: Running without Arcjet protection

[90mstderr[2m | 
tests/property/admin-system-health-fixes/settings-auth.property.test.ts[2m > 
[22m[2mFeature: admin-system-health-fixes, Property 3: Settings Authentication 
Requirement[2m > [22m[2mProperty: Requests without valid auth are rejected with 401 
(Requirement 2.6)[2m > [22m[2mshould reject DELETE requests without valid authentication
[22m[39m[ARCJET] WARNING: Running without Arcjet protection

[90mstderr[2m | 
tests/property/admin-system-health-fixes/settings-auth.property.test.ts[2m > 
[22m[2mFeature: admin-system-health-fixes, Property 3: Settings Authentication 
Requirement[2m > [22m[2mProperty: Requests without valid auth are rejected with 401 
(Requirement 2.6)[2m > [22m[2mshould reject DELETE requests without valid authentication
[22m[39m[ARCJET] WARNING: Running without Arcjet protection

[90mstderr[2m | 
tests/property/admin-system-health-fixes/settings-auth.property.test.ts[2m > 
[22m[2mFeature: admin-system-health-fixes, Property 3: Settings Authentication 
Requirement[2m > [22m[2mProperty: Requests without valid auth are rejected with 401 
(Requirement 2.6)[2m > [22m[2mshould reject DELETE requests without valid authentication
[22m[39m[ARCJET] WARNING: Running without Arcjet protection

[90mstderr[2m | 
tests/property/admin-system-health-fixes/settings-auth.property.test.ts[2m > 
[22m[2mFeature: admin-system-health-fixes, Property 3: Settings Authentication 
Requirement[2m > [22m[2mProperty: Requests without valid auth are rejected with 401 
(Requirement 2.6)[2m > [22m[2mshould reject DELETE requests without valid authentication
[22m[39m[ARCJET] WARNING: Running without Arcjet protection

[90mstderr[2m | 
tests/property/admin-system-health-fixes/settings-auth.property.test.ts[2m > 
[22m[2mFeature: admin-system-health-fixes, Property 3: Settings Authentication 
Requirement[2m > [22m[2mProperty: Requests without valid auth are rejected with 401 
(Requirement 2.6)[2m > [22m[2mshould reject DELETE requests without valid authentication
[22m[39m[ARCJET] WARNING: Running without Arcjet protection

[90mstderr[2m | 
tests/property/admin-system-health-fixes/settings-auth.property.test.ts[2m > 
[22m[2mFeature: admin-system-health-fixes, Property 3: Settings Authentication 
Requirement[2m > [22m[2mProperty: Requests without valid auth are rejected with 401 
(Requirement 2.6)[2m > [22m[2mshould reject DELETE requests without valid authentication
[22m[39m[ARCJET] WARNING: Running without Arcjet protection

[90mstderr[2m | 
tests/property/admin-system-health-fixes/settings-auth.property.test.ts[2m > 
[22m[2mFeature: admin-system-health-fixes, Property 3: Settings Authentication 
Requirement[2m > [22m[2mProperty: Requests without valid auth are rejected with 401 
(Requirement 2.6)[2m > [22m[2mshould reject DELETE requests without valid authentication
[22m[39m[ARCJET] WARNING: Running without Arcjet protection

[90mstdout[2m | tests/property/admin-system-health-fixes/settings-auth.property.test.ts[2m > [22m[2mFeature: admin-system-health-fixes, Property 3: Settings Authentication Requirement[2m > [22m[2mProperty: Requests without valid auth are rejected with 401 (Requirement 2.6)[2m > [22m[2mshould reject DELETE requests without valid authentication
[22m[39m[AUTH] Token verification failed: Access token verification failed

[90mstdout[2m | tests/property/admin-system-health-fixes/settings-auth.property.test.ts[2m > [22m[2mFeature: admin-system-health-fixes, Property 3: Settings Authentication Requirement[2m > [22m[2mProperty: Requests without valid auth are rejected with 401 (Requirement 2.6)[2m > [22m[2mshould reject DELETE requests without valid authentication
[22m[39m[AUTH] Token verification failed: Access token verification failed

[90mstdout[2m | tests/property/admin-system-health-fixes/settings-auth.property.test.ts[2m > [22m[2mFeature: admin-system-health-fixes, Property 3: Settings Authentication Requirement[2m > [22m[2mProperty: Requests without valid auth are rejected with 401 (Requirement 2.6)[2m > [22m[2mshould reject DELETE requests without valid authentication
[22m[39m[AUTH] Token verification failed: Access token verification failed

[90mstdout[2m | tests/property/admin-system-health-fixes/settings-auth.property.test.ts[2m > [22m[2mFeature: admin-system-health-fixes, Property 3: Settings Authentication Requirement[2m > [22m[2mProperty: Requests without valid auth are rejected with 401 (Requirement 2.6)[2m > [22m[2mshould reject DELETE requests without valid authentication
[22m[39m[AUTH] Token verification failed: Access token verification failed

[90mstdout[2m | tests/property/admin-system-health-fixes/settings-auth.property.test.ts[2m > [22m[2mFeature: admin-system-health-fixes, Property 3: Settings Authentication Requirement[2m > [22m[2mProperty: Requests without valid auth are rejected with 401 (Requirement 2.6)[2m > [22m[2mshould reject DELETE requests without valid authentication
[22m[39m[AUTH] Token verification failed: Access token verification failed

[90mstdout[2m | tests/property/admin-system-health-fixes/settings-auth.property.test.ts[2m > [22m[2mFeature: admin-system-health-fixes, Property 3: Settings Authentication Requirement[2m > [22m[2mProperty: Requests without valid auth are rejected with 401 (Requirement 2.6)[2m > [22m[2mshould reject DELETE requests without valid authentication
[22m[39m[AUTH] Token verification failed: Access token verification failed

[90mstdout[2m | tests/property/admin-system-health-fixes/settings-auth.property.test.ts[2m > [22m[2mFeature: admin-system-health-fixes, Property 3: Settings Authentication Requirement[2m > [22m[2mProperty: Requests without valid auth are rejected with 401 (Requirement 2.6)[2m > [22m[2mshould reject DELETE requests without valid authentication
[22m[39m[AUTH] Token verification failed: Access token verification failed

[90mstderr[2m | 
tests/property/admin-system-health-fixes/settings-auth.property.test.ts[2m > 
[22m[2mFeature: admin-system-health-fixes, Property 3: Settings Authentication 
Requirement[2m > [22m[2mProperty: Requests without valid auth are rejected with 401 
(Requirement 2.6)[2m > [22m[2mshould reject DELETE requests without valid authentication
[22m[39m[ARCJET] WARNING: Running without Arcjet protection

[90mstderr[2m | 
tests/property/admin-system-health-fixes/settings-auth.property.test.ts[2m > 
[22m[2mFeature: admin-system-health-fixes, Property 3: Settings Authentication 
Requirement[2m > [22m[2mProperty: Requests without valid auth are rejected with 401 
(Requirement 2.6)[2m > [22m[2mshould reject DELETE requests without valid authentication
[22m[39m[ARCJET] WARNING: Running without Arcjet protection

[90mstderr[2m | 
tests/property/admin-system-health-fixes/settings-auth.property.test.ts[2m > 
[22m[2mFeature: admin-system-health-fixes, Property 3: Settings Authentication 
Requirement[2m > [22m[2mProperty: Requests without valid auth are rejected with 401 
(Requirement 2.6)[2m > [22m[2mshould reject DELETE requests without valid authentication
[22m[39m[ARCJET] WARNING: Running without Arcjet protection

[90mstderr[2m | 
tests/property/admin-system-health-fixes/settings-auth.property.test.ts[2m > 
[22m[2mFeature: admin-system-health-fixes, Property 3: Settings Authentication 
Requirement[2m > [22m[2mProperty: Requests without valid auth are rejected with 401 
(Requirement 2.6)[2m > [22m[2mshould reject DELETE requests without valid authentication
[22m[39m[ARCJET] WARNING: Running without Arcjet protection

[90mstderr[2m | 
tests/property/admin-system-health-fixes/settings-auth.property.test.ts[2m > 
[22m[2mFeature: admin-system-health-fixes, Property 3: Settings Authentication 
Requirement[2m > [22m[2mProperty: Requests without valid auth are rejected with 401 
(Requirement 2.6)[2m > [22m[2mshould reject DELETE requests without valid authentication
[22m[39m[ARCJET] WARNING: Running without Arcjet protection

[90mstderr[2m | 
tests/property/admin-system-health-fixes/settings-auth.property.test.ts[2m > 
[22m[2mFeature: admin-system-health-fixes, Property 3: Settings Authentication 
Requirement[2m > [22m[2mProperty: Requests without valid auth are rejected with 401 
(Requirement 2.6)[2m > [22m[2mshould reject DELETE requests without valid authentication
[22m[39m[ARCJET] WARNING: Running without Arcjet protection

[90mstderr[2m | 
tests/property/admin-system-health-fixes/settings-auth.property.test.ts[2m > 
[22m[2mFeature: admin-system-health-fixes, Property 3: Settings Authentication 
Requirement[2m > [22m[2mProperty: Requests without valid auth are rejected with 401 
(Requirement 2.6)[2m > [22m[2mshould reject DELETE requests without valid authentication
[22m[39m[ARCJET] WARNING: Running without Arcjet protection

[90mstderr[2m | 
tests/property/admin-system-health-fixes/settings-auth.property.test.ts[2m > 
[22m[2mFeature: admin-system-health-fixes, Property 3: Settings Authentication 
Requirement[2m > [22m[2mProperty: Requests without valid auth are rejected with 401 
(Requirement 2.6)[2m > [22m[2mshould reject DELETE requests without valid authentication
[22m[39m[ARCJET] WARNING: Running without Arcjet protection

[90mstderr[2m | 
tests/property/admin-system-health-fixes/settings-auth.property.test.ts[2m > 
[22m[2mFeature: admin-system-health-fixes, Property 3: Settings Authentication 
Requirement[2m > [22m[2mProperty: Requests without valid auth are rejected with 401 
(Requirement 2.6)[2m > [22m[2mshould reject DELETE requests without valid authentication
[22m[39m[ARCJET] WARNING: Running without Arcjet protection

[90mstderr[2m | 
tests/property/admin-system-health-fixes/settings-auth.property.test.ts[2m > 
[22m[2mFeature: admin-system-health-fixes, Property 3: Settings Authentication 
Requirement[2m > [22m[2mProperty: Requests without valid auth are rejected with 401 
(Requirement 2.6)[2m > [22m[2mshould reject DELETE requests without valid authentication
[22m[39m[ARCJET] WARNING: Running without Arcjet protection

[90mstderr[2m | 
tests/property/admin-system-health-fixes/settings-auth.property.test.ts[2m > 
[22m[2mFeature: admin-system-health-fixes, Property 3: Settings Authentication 
Requirement[2m > [22m[2mProperty: Requests without valid auth are rejected with 401 
(Requirement 2.6)[2m > [22m[2mshould reject DELETE requests without valid authentication
[22m[39m[ARCJET] WARNING: Running without Arcjet protection

[90mstderr[2m | 
tests/property/admin-system-health-fixes/settings-auth.property.test.ts[2m > 
[22m[2mFeature: admin-system-health-fixes, Property 3: Settings Authentication 
Requirement[2m > [22m[2mProperty: Requests without valid auth are rejected with 401 
(Requirement 2.6)[2m > [22m[2mshould reject DELETE requests without valid authentication
[22m[39m[ARCJET] WARNING: Running without Arcjet protection

[90mstderr[2m | 
tests/property/admin-system-health-fixes/settings-auth.property.test.ts[2m > 
[22m[2mFeature: admin-system-health-fixes, Property 3: Settings Authentication 
Requirement[2m > [22m[2mProperty: Requests without valid auth are rejected with 401 
(Requirement 2.6)[2m > [22m[2mshould reject DELETE requests without valid authentication
[22m[39m[ARCJET] WARNING: Running without Arcjet protection

[90mstderr[2m | 
tests/property/admin-system-health-fixes/settings-auth.property.test.ts[2m > 
[22m[2mFeature: admin-system-health-fixes, Property 3: Settings Authentication 
Requirement[2m > [22m[2mProperty: Requests without valid auth are rejected with 401 
(Requirement 2.6)[2m > [22m[2mshould reject DELETE requests without valid authentication
[22m[39m[ARCJET] WARNING: Running without Arcjet protection

[90mstderr[2m | 
tests/property/admin-system-health-fixes/settings-auth.property.test.ts[2m > 
[22m[2mFeature: admin-system-health-fixes, Property 3: Settings Authentication 
Requirement[2m > [22m[2mProperty: Requests without valid auth are rejected with 401 
(Requirement 2.6)[2m > [22m[2mshould reject DELETE requests without valid authentication
[22m[39m[ARCJET] WARNING: Running without Arcjet protection

[90mstderr[2m | 
tests/property/admin-system-health-fixes/settings-auth.property.test.ts[2m > 
[22m[2mFeature: admin-system-health-fixes, Property 3: Settings Authentication 
Requirement[2m > [22m[2mProperty: Requests without valid auth are rejected with 401 
(Requirement 2.6)[2m > [22m[2mshould reject DELETE requests without valid authentication
[22m[39m[ARCJET] WARNING: Running without Arcjet protection

[90mstderr[2m | 
tests/property/admin-system-health-fixes/settings-auth.property.test.ts[2m > 
[22m[2mFeature: admin-system-health-fixes, Property 3: Settings Authentication 
Requirement[2m > [22m[2mProperty: Requests without valid auth are rejected with 401 
(Requirement 2.6)[2m > [22m[2mshould reject DELETE requests without valid authentication
[22m[39m[ARCJET] WARNING: Running without Arcjet protection

[90mstderr[2m | 
tests/property/admin-system-health-fixes/settings-auth.property.test.ts[2m > 
[22m[2mFeature: admin-system-health-fixes, Property 3: Settings Authentication 
Requirement[2m > [22m[2mProperty: All HTTP methods require authentication (Requirement 
2.6)[2m > [22m[2mshould reject any settings method without authentication
[22m[39m[ARCJET] WARNING: Running without Arcjet protection

[90mstderr[2m | 
tests/property/admin-system-health-fixes/settings-auth.property.test.ts[2m > 
[22m[2mFeature: admin-system-health-fixes, Property 3: Settings Authentication 
Requirement[2m > [22m[2mProperty: All HTTP methods require authentication (Requirement 
2.6)[2m > [22m[2mshould reject any settings method without authentication
[22m[39m[ARCJET] WARNING: Running without Arcjet protection

[90mstderr[2m | 
tests/property/admin-system-health-fixes/settings-auth.property.test.ts[2m > 
[22m[2mFeature: admin-system-health-fixes, Property 3: Settings Authentication 
Requirement[2m > [22m[2mProperty: All HTTP methods require authentication (Requirement 
2.6)[2m > [22m[2mshould reject any settings method without authentication
[22m[39m[ARCJET] WARNING: Running without Arcjet protection

[90mstderr[2m | 
tests/property/admin-system-health-fixes/settings-auth.property.test.ts[2m > 
[22m[2mFeature: admin-system-health-fixes, Property 3: Settings Authentication 
Requirement[2m > [22m[2mProperty: All HTTP methods require authentication (Requirement 
2.6)[2m > [22m[2mshould reject any settings method without authentication
[22m[39m[ARCJET] WARNING: Running without Arcjet protection

[90mstderr[2m | 
tests/property/admin-system-health-fixes/settings-auth.property.test.ts[2m > 
[22m[2mFeature: admin-system-health-fixes, Property 3: Settings Authentication 
Requirement[2m > [22m[2mProperty: All HTTP methods require authentication (Requirement 
2.6)[2m > [22m[2mshould reject any settings method without authentication
[22m[39m[ARCJET] WARNING: Running without Arcjet protection

[90mstderr[2m | 
tests/property/admin-system-health-fixes/settings-auth.property.test.ts[2m > 
[22m[2mFeature: admin-system-health-fixes, Property 3: Settings Authentication 
Requirement[2m > [22m[2mProperty: All HTTP methods require authentication (Requirement 
2.6)[2m > [22m[2mshould reject any settings method without authentication
[22m[39m[ARCJET] WARNING: Running without Arcjet protection

[90mstderr[2m | 
tests/property/admin-system-health-fixes/settings-auth.property.test.ts[2m > 
[22m[2mFeature: admin-system-health-fixes, Property 3: Settings Authentication 
Requirement[2m > [22m[2mProperty: All HTTP methods require authentication (Requirement 
2.6)[2m > [22m[2mshould reject any settings method without authentication
[22m[39m[ARCJET] WARNING: Running without Arcjet protection

[90mstderr[2m | 
tests/property/admin-system-health-fixes/settings-auth.property.test.ts[2m > 
[22m[2mFeature: admin-system-health-fixes, Property 3: Settings Authentication 
Requirement[2m > [22m[2mProperty: All HTTP methods require authentication (Requirement 
2.6)[2m > [22m[2mshould reject any settings method without authentication
[22m[39m[ARCJET] WARNING: Running without Arcjet protection

[90mstderr[2m | 
tests/property/admin-system-health-fixes/settings-auth.property.test.ts[2m > 
[22m[2mFeature: admin-system-health-fixes, Property 3: Settings Authentication 
Requirement[2m > [22m[2mProperty: All HTTP methods require authentication (Requirement 
2.6)[2m > [22m[2mshould reject any settings method without authentication
[22m[39m[ARCJET] WARNING: Running without Arcjet protection

[90mstderr[2m | 
tests/property/admin-system-health-fixes/settings-auth.property.test.ts[2m > 
[22m[2mFeature: admin-system-health-fixes, Property 3: Settings Authentication 
Requirement[2m > [22m[2mProperty: All HTTP methods require authentication (Requirement 
2.6)[2m > [22m[2mshould reject any settings method without authentication
[90mstdout[2m | tests/property/admin-system-health-fixes/settings-auth.property.test.ts[2m > [22m[2mFeature: admin-system-health-fixes, Property 3: Settings Authentication Requirement[2m > [22m[2mProperty: Requests without valid auth are rejected with 401 (Requirement 2.6)[2m > [22m[2mshould reject DELETE requests without valid authentication
[22m[39m[AUTH] Token verification failed: Access token verification failed

[90mstdout[2m | tests/property/admin-system-health-fixes/settings-auth.property.test.ts[2m > [22m[2mFeature: admin-system-health-fixes, Property 3: Settings Authentication Requirement[2m > [22m[2mProperty: Requests without valid auth are rejected with 401 (Requirement 2.6)[2m > [22m[2mshould reject DELETE requests without valid authentication
[22m[39m[AUTH] Token verification failed: Access token verification failed

[90mstdout[2m | tests/property/admin-system-health-fixes/settings-auth.property.test.ts[2m > [22m[2mFeature: admin-system-health-fixes, Property 3: Settings Authentication Requirement[2m > [22m[2mProperty: Requests without valid auth are rejected with 401 (Requirement 2.6)[2m > [22m[2mshould reject DELETE requests without valid authentication
[22m[39m[AUTH] Token verification failed: Access token verification failed

[90mstdout[2m | tests/property/admin-system-health-fixes/settings-auth.property.test.ts[2m > [22m[2mFeature: admin-system-health-fixes, Property 3: Settings Authentication Requirement[2m > [22m[2mProperty: All HTTP methods require authentication (Requirement 2.6)[2m > [22m[2mshould reject any settings method without authentication
[22m[39m[AUTH] Token verification failed: Access token verification failed

[90mstdout[2m | tests/property/admin-system-health-fixes/settings-auth.property.test.ts[2m > [22m[2mFeature: admin-system-health-fixes, Property 3: Settings Authentication Requirement[2m > [22m[2mProperty: All HTTP methods require authentication (Requirement 2.6)[2m > [22m[2mshould reject any settings method without authentication
[22m[39m[AUTH] Token verification failed: Access token verification failed

[90mstdout[2m | tests/property/admin-system-health-fixes/settings-auth.property.test.ts[2m > [22m[2mFeature: admin-system-health-fixes, Property 3: Settings Authentication Requirement[2m > [22m[2mProperty: All HTTP methods require authentication (Requirement 2.6)[2m > [22m[2mshould reject any settings method without authentication
[22m[39m[AUTH] Token verification failed: Access token verification failed
[22m[39m[ARCJET] WARNING: Running without Arcjet protection

[90mstdout[2m | tests/property/admin-system-health-fixes/settings-auth.property.test.ts[2m > [22m[2mFeature: admin-system-health-fixes, Property 3: Settings Authentication Requirement[2m > [22m[2mProperty: All HTTP methods require authentication (Requirement 2.6)[2m > [22m[2mshould reject any settings method without authentication
[22m[39m[AUTH] Token verification failed: Access token verification failed

[90mstdout[2m | tests/property/admin-system-health-fixes/settings-auth.property.test.ts[2m > [22m[2mFeature: admin-system-health-fixes, Property 3: Settings Authentication Requirement[2m > [22m[2mProperty: All HTTP methods require authentication (Requirement 2.6)[2m > [22m[2mshould reject any settings method without authentication
[22m[39m[AUTH] Token verification failed: Access token verification failed

[90mstdout[2m | tests/property/admin-system-health-fixes/settings-auth.property.test.ts[2m > [22m[2mFeature: admin-system-health-fixes, Property 3: Settings Authentication Requirement[2m > [22m[2mProperty: All HTTP methods require authentication (Requirement 2.6)[2m > [22m[2mshould reject any settings method without authentication
[22m[39m[AUTH] Token verification failed: Access token verification failed

[90mstdout[2m | tests/property/admin-system-health-fixes/settings-auth.property.test.ts[2m > [22m[2mFeature: admin-system-health-fixes, Property 3: Settings Authentication Requirement[2m > [22m[2mProperty: All HTTP methods require authentication (Requirement 2.6)[2m > [22m[2mshould reject any settings method without authentication
[22m[39m[AUTH] Token verification failed: Access token verification failed


[90mstderr[2m | 
tests/property/admin-system-health-fixes/settings-auth.property.test.ts[2m > 
[22m[2mFeature: admin-system-health-fixes, Property 3: Settings Authentication 
Requirement[2m > [22m[2mProperty: All HTTP methods require authentication (Requirement 
2.6)[2m > [22m[2mshould reject any settings method without authentication
[22m[39m[ARCJET] WARNING: Running without Arcjet protection

[90mstderr[2m | 
tests/property/admin-system-health-fixes/settings-auth.property.test.ts[2m > 
[22m[2mFeature: admin-system-health-fixes, Property 3: Settings Authentication 
Requirement[2m > [22m[2mProperty: All HTTP methods require authentication (Requirement 
2.6)[2m > [22m[2mshould reject any settings method without authentication
[22m[39m[ARCJET] WARNING: Running without Arcjet protection

[90mstderr[2m | 
tests/property/admin-system-health-fixes/settings-auth.property.test.ts[2m > 
[22m[2mFeature: admin-system-health-fixes, Property 3: Settings Authentication 
Requirement[2m > [22m[2mProperty: All HTTP methods require authentication (Requirement 
2.6)[2m > [22m[2mshould reject any settings method without authentication
[22m[39m[ARCJET] WARNING: Running without Arcjet protection

[90mstderr[2m | 
tests/property/admin-system-health-fixes/settings-auth.property.test.ts[2m > 
[22m[2mFeature: admin-system-health-fixes, Property 3: Settings Authentication 
Requirement[2m > [22m[2mProperty: All HTTP methods require authentication (Requirement 
2.6)[2m > [22m[2mshould reject any settings method without authentication
[22m[39m[ARCJET] WARNING: Running without Arcjet protection

[90mstderr[2m | 
tests/property/admin-system-health-fixes/settings-auth.property.test.ts[2m > 
[22m[2mFeature: admin-system-health-fixes, Property 3: Settings Authentication 
Requirement[2m > [22m[2mProperty: All HTTP methods require authentication (Requirement 
2.6)[2m > [22m[2mshould reject any settings method without authentication
[22m[39m[ARCJET] WARNING: Running without Arcjet protection

[90mstderr[2m | 
tests/property/admin-system-health-fixes/settings-auth.property.test.ts[2m > 
[22m[2mFeature: admin-system-health-fixes, Property 3: Settings Authentication 
Requirement[2m > [22m[2mProperty: All HTTP methods require authentication (Requirement 
2.6)[2m > [22m[2mshould reject any settings method without authentication
[22m[39m[ARCJET] WARNING: Running without Arcjet protection

[90mstderr[2m | 
tests/property/admin-system-health-fixes/settings-auth.property.test.ts[2m > 
[22m[2mFeature: admin-system-health-fixes, Property 3: Settings Authentication 
Requirement[2m > [22m[2mProperty: All HTTP methods require authentication (Requirement 
2.6)[2m > [22m[2mshould reject any settings method without authentication
[22m[39m[ARCJET] WARNING: Running without Arcjet protection

[90mstderr[2m | 
tests/property/admin-system-health-fixes/settings-auth.property.test.ts[2m > 
[22m[2mFeature: admin-system-health-fixes, Property 3: Settings Authentication 
Requirement[2m > [22m[2mProperty: All HTTP methods require authentication (Requirement 
2.6)[2m > [22m[2mshould reject any settings method without authentication
[22m[39m[ARCJET] WARNING: Running without Arcjet protection

[90mstderr[2m | 
tests/property/admin-system-health-fixes/settings-auth.property.test.ts[2m > 
[22m[2mFeature: admin-system-health-fixes, Property 3: Settings Authentication 
Requirement[2m > [22m[2mProperty: All HTTP methods require authentication (Requirement 
2.6)[2m > [22m[2mshould reject any settings method without authentication
[22m[39m[ARCJET] WARNING: Running without Arcjet protection

[90mstdout[2m | tests/property/admin-system-health-fixes/settings-auth.property.test.ts[2m > [22m[2mFeature: admin-system-health-fixes, Property 3: Settings Authentication Requirement[2m > [22m[2mProperty: All HTTP methods require authentication (Requirement 2.6)[2m > [22m[2mshould reject any settings method without authentication
[22m[39m[AUTH] Token verification failed: Access token verification failed

[90mstdout[2m | tests/property/admin-system-health-fixes/settings-auth.property.test.ts[2m > [22m[2mFeature: admin-system-health-fixes, Property 3: Settings Authentication Requirement[2m > [22m[2mProperty: All HTTP methods require authentication (Requirement 2.6)[2m > [22m[2mshould reject any settings method without authentication
[22m[39m[AUTH] Token verification failed: Access token verification failed

[90mstdout[2m | tests/property/admin-system-health-fixes/settings-auth.property.test.ts[2m > [22m[2mFeature: admin-system-health-fixes, Property 3: Settings Authentication Requirement[2m > [22m[2mProperty: All HTTP methods require authentication (Requirement 2.6)[2m > [22m[2mshould reject any settings method without authentication
[22m[39m[AUTH] Token verification failed: Access token verification failed

[90mstderr[2m | 
tests/property/admin-system-health-fixes/settings-auth.property.test.ts[2m > 
[22m[2mFeature: admin-system-health-fixes, Property 3: Settings Authentication 
Requirement[2m > [22m[2mProperty: All HTTP methods require authentication (Requirement 
2.6)[2m > [22m[2mshould reject any settings method without authentication
[22m[39m[ARCJET] WARNING: Running without Arcjet protection

[90mstderr[2m | 
tests/property/admin-system-health-fixes/settings-auth.property.test.ts[2m > 
[22m[2mFeature: admin-system-health-fixes, Property 3: Settings Authentication 
Requirement[2m > [22m[2mProperty: All HTTP methods require authentication (Requirement 
2.6)[2m > [22m[2mshould reject any settings method without authentication
[22m[39m[ARCJET] WARNING: Running without Arcjet protection

[90mstderr[2m | 
tests/property/admin-system-health-fixes/settings-auth.property.test.ts[2m > 
[22m[2mFeature: admin-system-health-fixes, Property 3: Settings Authentication 
Requirement[2m > [22m[2mProperty: All HTTP methods require authentication (Requirement 
2.6)[2m > [22m[2mshould reject any settings method without authentication
[22m[39m[ARCJET] WARNING: Running without Arcjet protection

[90mstderr[2m | 
tests/property/admin-system-health-fixes/settings-auth.property.test.ts[2m > 
[22m[2mFeature: admin-system-health-fixes, Property 3: Settings Authentication 
Requirement[2m > [22m[2mProperty: All HTTP methods require authentication (Requirement 
2.6)[2m > [22m[2mshould reject any settings method without authentication
[22m[39m[ARCJET] WARNING: Running without Arcjet protection

[90mstderr[2m | 
tests/property/admin-system-health-fixes/settings-auth.property.test.ts[2m > 
[22m[2mFeature: admin-system-health-fixes, Property 3: Settings Authentication 
Requirement[2m > [22m[2mProperty: All HTTP methods require authentication (Requirement 
2.6)[2m > [22m[2mshould reject any settings method without authentication
[22m[39m[ARCJET] WARNING: Running without Arcjet protection

[90mstderr[2m | 
tests/property/admin-system-health-fixes/settings-auth.property.test.ts[2m > 
[22m[2mFeature: admin-system-health-fixes, Property 3: Settings Authentication 
Requirement[2m > [22m[2mProperty: All HTTP methods require authentication (Requirement 
2.6)[2m > [22m[2mshould reject any settings method without authentication
[22m[39m[ARCJET] WARNING: Running without Arcjet protection

[90mstderr[2m | 
tests/property/admin-system-health-fixes/settings-auth.property.test.ts[2m > 
[22m[2mFeature: admin-system-health-fixes, Property 3: Settings Authentication 
Requirement[2m > [22m[2mProperty: All HTTP methods require authentication (Requirement 
2.6)[2m > [22m[2mshould reject any settings method without authentication
[22m[39m[ARCJET] WARNING: Running without Arcjet protection

[90mstderr[2m | 
tests/property/admin-system-health-fixes/settings-auth.property.test.ts[2m > 
[22m[2mFeature: admin-system-health-fixes, Property 3: Settings Authentication 
Requirement[2m > [22m[2mProperty: All HTTP methods require authentication (Requirement 
2.6)[2m > [22m[2mshould reject any settings method without authentication
[22m[39m[ARCJET] WARNING: Running without Arcjet protection

[90mstderr[2m | 
tests/property/admin-system-health-fixes/settings-auth.property.test.ts[2m > 
[22m[2mFeature: admin-system-health-fixes, Property 3: Settings Authentication 
Requirement[2m > [22m[2mProperty: All HTTP methods require authentication (Requirement 
2.6)[2m > [22m[2mshould reject any settings method without authentication
[22m[39m[ARCJET] WARNING: Running without Arcjet protection

[90mstderr[2m | 
tests/property/admin-system-health-fixes/settings-auth.property.test.ts[2m > 
[22m[2mFeature: admin-system-health-fixes, Property 3: Settings Authentication 
Requirement[2m > [22m[2mProperty: All HTTP methods require authentication (Requirement 
2.6)[2m > [22m[2mshould reject any settings method without authentication
[22m[39m[ARCJET] WARNING: Running without Arcjet protection

[90mstdout[2m | tests/property/admin-system-health-fixes/settings-auth.property.test.ts[2m > [22m[2mFeature: admin-system-health-fixes, Property 3: Settings Authentication Requirement[2m > [22m[2mProperty: All HTTP methods require authentication (Requirement 2.6)[2m > [22m[2mshould reject any settings method without authentication
[22m[39m[AUTH] Token verification failed: Access token verification failed

[90mstdout[2m | tests/property/admin-system-health-fixes/settings-auth.property.test.ts[2m > [22m[2mFeature: admin-system-health-fixes, Property 3: Settings Authentication Requirement[2m > [22m[2mProperty: All HTTP methods require authentication (Requirement 2.6)[2m > [22m[2mshould reject any settings method without authentication
[22m[39m[AUTH] Token verification failed: Access token verification failed

[90mstdout[2m | tests/property/admin-system-health-fixes/settings-auth.property.test.ts[2m > [22m[2mFeature: admin-system-health-fixes, Property 3: Settings Authentication Requirement[2m > [22m[2mProperty: All HTTP methods require authentication (Requirement 2.6)[2m > [22m[2mshould reject any settings method without authentication
[22m[39m[AUTH] Token verification failed: Access token verification failed

[90mstdout[2m | tests/property/admin-system-health-fixes/settings-auth.property.test.ts[2m > [22m[2mFeature: admin-system-health-fixes, Property 3: Settings Authentication Requirement[2m > [22m[2mProperty: All HTTP methods require authentication (Requirement 2.6)[2m > [22m[2mshould reject any settings method without authentication
[22m[39m[AUTH] Token verification failed: Access token verification failed

[90mstderr[2m | 
tests/property/admin-system-health-fixes/settings-auth.property.test.ts[2m > 
[22m[2mFeature: admin-system-health-fixes, Property 3: Settings Authentication 
Requirement[2m > [22m[2mProperty: All HTTP methods require authentication (Requirement 
2.6)[2m > [22m[2mshould reject any settings method without authentication
[22m[39m[ARCJET] WARNING: Running without Arcjet protection

[90mstderr[2m | 
tests/property/admin-system-health-fixes/settings-auth.property.test.ts[2m > 
[22m[2mFeature: admin-system-health-fixes, Property 3: Settings Authentication 
Requirement[2m > [22m[2mProperty: All HTTP methods require authentication (Requirement 
2.6)[2m > [22m[2mshould reject any settings method without authentication
[22m[39m[ARCJET] WARNING: Running without Arcjet protection

[90mstderr[2m | 
tests/property/admin-system-health-fixes/settings-auth.property.test.ts[2m > 
[22m[2mFeature: admin-system-health-fixes, Property 3: Settings Authentication 
Requirement[2m > [22m[2mProperty: All HTTP methods require authentication (Requirement 
2.6)[2m > [22m[2mshould reject any settings method without authentication
[22m[39m[ARCJET] WARNING: Running without Arcjet protection

[90mstderr[2m | 
tests/property/admin-system-health-fixes/settings-auth.property.test.ts[2m > 
[22m[2mFeature: admin-system-health-fixes, Property 3: Settings Authentication 
Requirement[2m > [22m[2mProperty: All HTTP methods require authentication (Requirement 
2.6)[2m > [22m[2mshould reject any settings method without authentication
[22m[39m[ARCJET] WARNING: Running without Arcjet protection

[90mstderr[2m | 
tests/property/admin-system-health-fixes/settings-auth.property.test.ts[2m > 
[22m[2mFeature: admin-system-health-fixes, Property 3: Settings Authentication 
Requirement[2m > [22m[2mProperty: All HTTP methods require authentication (Requirement 
2.6)[2m > [22m[2mshould reject any settings method without authentication
[22m[39m[ARCJET] WARNING: Running without Arcjet protection

[90mstderr[2m | 
tests/property/admin-system-health-fixes/settings-auth.property.test.ts[2m > 
[22m[2mFeature: admin-system-health-fixes, Property 3: Settings Authentication 
Requirement[2m > [22m[2mProperty: All HTTP methods require authentication (Requirement 
2.6)[2m > [22m[2mshould reject any settings method without authentication
[22m[39m[ARCJET] WARNING: Running without Arcjet protection

[90mstderr[2m | 
tests/property/admin-system-health-fixes/settings-auth.property.test.ts[2m > 
[22m[2mFeature: admin-system-health-fixes, Property 3: Settings Authentication 
Requirement[2m > [22m[2mProperty: All HTTP methods require authentication (Requirement 
2.6)[2m > [22m[2mshould reject any settings method without authentication
[22m[39m[ARCJET] WARNING: Running without Arcjet protection

[90mstderr[2m | 
tests/property/admin-system-health-fixes/settings-auth.property.test.ts[2m > 
[22m[2mFeature: admin-system-health-fixes, Property 3: Settings Authentication 
Requirement[2m > [22m[2mProperty: All HTTP methods require authentication (Requirement 
2.6)[2m > [22m[2mshould reject any settings method without authentication
[22m[39m[ARCJET] WARNING: Running without Arcjet protection

[90mstderr[2m | 
tests/property/admin-system-health-fixes/settings-auth.property.test.ts[2m > 
[22m[2mFeature: admin-system-health-fixes, Property 3: Settings Authentication 
Requirement[2m > [22m[2mProperty: All HTTP methods require authentication (Requirement 
2.6)[2m > [22m[2mshould reject any settings method without authentication
[22m[39m[ARCJET] WARNING: Running without Arcjet protection

[90mstderr[2m | 
tests/property/admin-system-health-fixes/settings-auth.property.test.ts[2m > 
[22m[2mFeature: admin-system-health-fixes, Property 3: Settings Authentication 
Requirement[2m > [22m[2mProperty: All HTTP methods require authentication (Requirement 
2.6)[2m > [22m[2mshould reject any settings method without authentication
[22m[39m[ARCJET] WARNING: Running without Arcjet protection

[90mstdout[2m | tests/property/admin-system-health-fixes/settings-auth.property.test.ts[2m > [22m[2mFeature: admin-system-health-fixes, Property 3: Settings Authentication Requirement[2m > [22m[2mProperty: All HTTP methods require authentication (Requirement 2.6)[2m > [22m[2mshould reject any settings method without authentication
[22m[39m[AUTH] Token verification failed: Access token verification failed

[90mstdout[2m | tests/property/admin-system-health-fixes/settings-auth.property.test.ts[2m > [22m[2mFeature: admin-system-health-fixes, Property 3: Settings Authentication Requirement[2m > [22m[2mProperty: All HTTP methods require authentication (Requirement 2.6)[2m > [22m[2mshould reject any settings method without authentication
[22m[39m[AUTH] Token verification failed: Access token verification failed

[90mstdout[2m | tests/property/admin-system-health-fixes/settings-auth.property.test.ts[2m > [22m[2mFeature: admin-system-health-fixes, Property 3: Settings Authentication Requirement[2m > [22m[2mProperty: All HTTP methods require authentication (Requirement 2.6)[2m > [22m[2mshould reject any settings method without authentication
[22m[39m[AUTH] Token verification failed: Access token verification failed

[90mstderr[2m | 
tests/property/admin-system-health-fixes/settings-auth.property.test.ts[2m > 
[22m[2mFeature: admin-system-health-fixes, Property 3: Settings Authentication 
Requirement[2m > [22m[2mProperty: All HTTP methods require authentication (Requirement 
2.6)[2m > [22m[2mshould reject any settings method without authentication
[22m[39m[ARCJET] WARNING: Running without Arcjet protection

[90mstderr[2m | 
tests/property/admin-system-health-fixes/settings-auth.property.test.ts[2m > 
[22m[2mFeature: admin-system-health-fixes, Property 3: Settings Authentication 
Requirement[2m > [22m[2mProperty: All HTTP methods require authentication (Requirement 
2.6)[2m > [22m[2mshould reject any settings method without authentication
[22m[39m[ARCJET] WARNING: Running without Arcjet protection

[90mstderr[2m | 
tests/property/admin-system-health-fixes/settings-auth.property.test.ts[2m > 
[22m[2mFeature: admin-system-health-fixes, Property 3: Settings Authentication 
Requirement[2m > [22m[2mProperty: All HTTP methods require authentication (Requirement 
2.6)[2m > [22m[2mshould reject any settings method without authentication
[22m[39m[ARCJET] WARNING: Running without Arcjet protection

[90mstderr[2m | 
tests/property/admin-system-health-fixes/settings-auth.property.test.ts[2m > 
[22m[2mFeature: admin-system-health-fixes, Property 3: Settings Authentication 
Requirement[2m > [22m[2mProperty: All HTTP methods require authentication (Requirement 
2.6)[2m > [22m[2mshould reject any settings method without authentication
[22m[39m[ARCJET] WARNING: Running without Arcjet protection

[90mstderr[2m | 
tests/property/admin-system-health-fixes/settings-auth.property.test.ts[2m > 
[22m[2mFeature: admin-system-health-fixes, Property 3: Settings Authentication 
Requirement[2m > [22m[2mProperty: All HTTP methods require authentication (Requirement 
2.6)[2m > [22m[2mshould reject any settings method without authentication
[22m[39m[ARCJET] WARNING: Running without Arcjet protection

[90mstderr[2m | 
tests/property/admin-system-health-fixes/settings-auth.property.test.ts[2m > 
[22m[2mFeature: admin-system-health-fixes, Property 3: Settings Authentication 
Requirement[2m > [22m[2mProperty: All HTTP methods require authentication (Requirement 
2.6)[2m > [22m[2mshould reject any settings method without authentication
[22m[39m[ARCJET] WARNING: Running without Arcjet protection

[90mstderr[2m | 
tests/property/admin-system-health-fixes/settings-auth.property.test.ts[2m > 
[22m[2mFeature: admin-system-health-fixes, Property 3: Settings Authentication 
Requirement[2m > [22m[2mProperty: All HTTP methods require authentication (Requirement 
2.6)[2m > [22m[2mshould reject any settings method without authentication
[22m[39m[ARCJET] WARNING: Running without Arcjet protection

[90mstderr[2m | 
tests/property/admin-system-health-fixes/settings-auth.property.test.ts[2m > 
[22m[2mFeature: admin-system-health-fixes, Property 3: Settings Authentication 
Requirement[2m > [22m[2mProperty: All HTTP methods require authentication (Requirement 
2.6)[2m > [22m[2mshould reject any settings method without authentication
[22m[39m[ARCJET] WARNING: Running without Arcjet protection

[90mstderr[2m | 
tests/property/admin-system-health-fixes/settings-auth.property.test.ts[2m > 
[22m[2mFeature: admin-system-health-fixes, Property 3: Settings Authentication 
Requirement[2m > [22m[2mProperty: All HTTP methods require authentication (Requirement 
2.6)[2m > [22m[2mshould reject any settings method without authentication
[22m[39m[ARCJET] WARNING: Running without Arcjet protection

[90mstderr[2m | 
tests/property/admin-system-health-fixes/settings-auth.property.test.ts[2m > 
[22m[2mFeature: admin-system-health-fixes, Property 3: Settings Authentication 
Requirement[2m > [22m[2mProperty: All HTTP methods require authentication (Requirement 
2.6)[2m > [22m[2mshould reject any settings method without authentication
[22m[39m[ARCJET] WARNING: Running without Arcjet protection

[90mstdout[2m | tests/property/admin-system-health-fixes/settings-auth.property.test.ts[2m > [22m[2mFeature: admin-system-health-fixes, Property 3: Settings Authentication Requirement[2m > [22m[2mProperty: All HTTP methods require authentication (Requirement 2.6)[2m > [22m[2mshould reject any settings method without authentication
[22m[39m[AUTH] Token verification failed: Access token verification failed

[90mstdout[2m | tests/property/admin-system-health-fixes/settings-auth.property.test.ts[2m > [22m[2mFeature: admin-system-health-fixes, Property 3: Settings Authentication Requirement[2m > [22m[2mProperty: All HTTP methods require authentication (Requirement 2.6)[2m > [22m[2mshould reject any settings method without authentication
[22m[39m[AUTH] Token verification failed: Access token verification failed

[90mstdout[2m | tests/property/admin-system-health-fixes/settings-auth.property.test.ts[2m > [22m[2mFeature: admin-system-health-fixes, Property 3: Settings Authentication Requirement[2m > [22m[2mProperty: All HTTP methods require authentication (Requirement 2.6)[2m > [22m[2mshould reject any settings method without authentication
[22m[39m[AUTH] Token verification failed: Access token verification failed

[90mstderr[2m | 
tests/property/admin-system-health-fixes/settings-auth.property.test.ts[2m > 
[22m[2mFeature: admin-system-health-fixes, Property 3: Settings Authentication 
Requirement[2m > [22m[2mProperty: All HTTP methods require authentication (Requirement 
2.6)[2m > [22m[2mshould reject any settings method without authentication
[22m[39m[ARCJET] WARNING: Running without Arcjet protection

[90mstderr[2m | 
tests/property/admin-system-health-fixes/settings-auth.property.test.ts[2m > 
[22m[2mFeature: admin-system-health-fixes, Property 3: Settings Authentication 
Requirement[2m > [22m[2mProperty: All HTTP methods require authentication (Requirement 
2.6)[2m > [22m[2mshould reject any settings method without authentication
[22m[39m[ARCJET] WARNING: Running without Arcjet protection

[90mstderr[2m | 
tests/property/admin-system-health-fixes/settings-auth.property.test.ts[2m > 
[22m[2mFeature: admin-system-health-fixes, Property 3: Settings Authentication 
Requirement[2m > [22m[2mProperty: All HTTP methods require authentication (Requirement 
2.6)[2m > [22m[2mshould reject any settings method without authentication
[22m[39m[ARCJET] WARNING: Running without Arcjet protection

[90mstderr[2m | 
tests/property/admin-system-health-fixes/settings-auth.property.test.ts[2m > 
[22m[2mFeature: admin-system-health-fixes, Property 3: Settings Authentication 
Requirement[2m > [22m[2mProperty: All HTTP methods require authentication (Requirement 
2.6)[2m > [22m[2mshould reject any settings method without authentication
[22m[39m[ARCJET] WARNING: Running without Arcjet protection

[90mstderr[2m | 
tests/property/admin-system-health-fixes/settings-auth.property.test.ts[2m > 
[22m[2mFeature: admin-system-health-fixes, Property 3: Settings Authentication 
Requirement[2m > [22m[2mProperty: All HTTP methods require authentication (Requirement 
2.6)[2m > [22m[2mshould reject any settings method without authentication
[22m[39m[ARCJET] WARNING: Running without Arcjet protection

[90mstderr[2m | 
tests/property/admin-system-health-fixes/settings-auth.property.test.ts[2m > 
[22m[2mFeature: admin-system-health-fixes, Property 3: Settings Authentication 
Requirement[2m > [22m[2mProperty: All HTTP methods require authentication (Requirement 
2.6)[2m > [22m[2mshould reject any settings method without authentication
[22m[39m[ARCJET] WARNING: Running without Arcjet protection

[90mstderr[2m | 
tests/property/admin-system-health-fixes/settings-auth.property.test.ts[2m > 
[22m[2mFeature: admin-system-health-fixes, Property 3: Settings Authentication 
Requirement[2m > [22m[2mProperty: All HTTP methods require authentication (Requirement 
2.6)[2m > [22m[2mshould reject any settings method without authentication
[22m[39m[ARCJET] WARNING: Running without Arcjet protection

[90mstderr[2m | 
tests/property/admin-system-health-fixes/settings-auth.property.test.ts[2m > 
[22m[2mFeature: admin-system-health-fixes, Property 3: Settings Authentication 
Requirement[2m > [22m[2mProperty: All HTTP methods require authentication (Requirement 
2.6)[2m > [22m[2mshould reject any settings method without authentication
[22m[39m[ARCJET] WARNING: Running without Arcjet protection

[90mstderr[2m | 
tests/property/admin-system-health-fixes/settings-auth.property.test.ts[2m > 
[22m[2mFeature: admin-system-health-fixes, Property 3: Settings Authentication 
Requirement[2m > [22m[2mProperty: All HTTP methods require authentication (Requirement 
2.6)[2m > [22m[2mshould reject any settings method without authentication
[22m[39m[ARCJET] WARNING: Running without Arcjet protection

[90mstderr[2m | 
tests/property/admin-system-health-fixes/settings-auth.property.test.ts[2m > 
[22m[2mFeature: admin-system-health-fixes, Property 3: Settings Authentication 
Requirement[2m > [22m[2mProperty: All HTTP methods require authentication (Requirement 
2.6)[2m > [22m[2mshould reject any settings method without authentication
[22m[39m[ARCJET] WARNING: Running without Arcjet protection

[90mstderr[2m | 
tests/property/admin-system-health-fixes/settings-auth.property.test.ts[2m > 
[22m[2mFeature: admin-system-health-fixes, Property 3: Settings Authentication 
Requirement[2m > [22m[2mProperty: All HTTP methods require authentication (Requirement 
2.6)[2m > [22m[2mshould reject any settings method without authentication
[22m[39m[ARCJET] WARNING: Running without Arcjet protection

[90mstderr[2m | 
tests/property/admin-system-health-fixes/settings-auth.property.test.ts[2m > 
[22m[2mFeature: admin-system-health-fixes, Property 3: Settings Authentication 
Requirement[2m > [22m[2mProperty: All HTTP methods require authentication (Requirement 
2.6)[2m > [22m[2mshould reject any settings method without authentication
[90mstdout[2m | tests/property/admin-system-health-fixes/settings-auth.property.test.ts[2m > [22m[2mFeature: admin-system-health-fixes, Property 3: Settings Authentication Requirement[2m > [22m[2mProperty: All HTTP methods require authentication (Requirement 2.6)[2m > [22m[2mshould reject any settings method without authentication
[22m[39m[AUTH] Token verification failed: Access token verification failed

[90mstdout[2m | tests/property/admin-system-health-fixes/settings-auth.property.test.ts[2m > [22m[2mFeature: admin-system-health-fixes, Property 3: Settings Authentication Requirement[2m > [22m[2mProperty: All HTTP methods require authentication (Requirement 2.6)[2m > [22m[2mshould reject any settings method without authentication
[22m[39m[AUTH] Token verification failed: Access token verification failed

[22m[39m[ARCJET] WARNING: Running without Arcjet protection

[90mstderr[2m | 
tests/property/admin-system-health-fixes/settings-auth.property.test.ts[2m > 
[22m[2mFeature: admin-system-health-fixes, Property 3: Settings Authentication 
Requirement[2m > [22m[2mProperty: All HTTP methods require authentication (Requirement 
2.6)[2m > [22m[2mshould reject any settings method without authentication
[22m[39m[ARCJET] WARNING: Running without Arcjet protection

[90mstderr[2m | 
tests/property/admin-system-health-fixes/settings-auth.property.test.ts[2m > 
[22m[2mFeature: admin-system-health-fixes, Property 3: Settings Authentication 
Requirement[2m > [22m[2mProperty: All HTTP methods require authentication (Requirement 
2.6)[2m > [22m[2mshould reject any settings method without authentication
[22m[39m[ARCJET] WARNING: Running without Arcjet protection

[90mstderr[2m | 
tests/property/admin-system-health-fixes/settings-auth.property.test.ts[2m > 
[22m[2mFeature: admin-system-health-fixes, Property 3: Settings Authentication 
Requirement[2m > [22m[2mProperty: All HTTP methods require authentication (Requirement 
2.6)[2m > [22m[2mshould reject any settings method without authentication
[22m[39m[ARCJET] WARNING: Running without Arcjet protection

[90mstderr[2m | 
tests/property/admin-system-health-fixes/settings-auth.property.test.ts[2m > 
[22m[2mFeature: admin-system-health-fixes, Property 3: Settings Authentication 
Requirement[2m > [22m[2mProperty: All HTTP methods require authentication (Requirement 
2.6)[2m > [22m[2mshould reject any settings method without authentication
[22m[39m[ARCJET] WARNING: Running without Arcjet protection

[90mstderr[2m | 
tests/property/admin-system-health-fixes/settings-auth.property.test.ts[2m > 
[22m[2mFeature: admin-system-health-fixes, Property 3: Settings Authentication 
Requirement[2m > [22m[2mProperty: All HTTP methods require authentication (Requirement 
2.6)[2m > [22m[2mshould reject any settings method without authentication
[22m[39m[ARCJET] WARNING: Running without Arcjet protection

[90mstderr[2m | 
tests/property/admin-system-health-fixes/settings-auth.property.test.ts[2m > 
[22m[2mFeature: admin-system-health-fixes, Property 3: Settings Authentication 
Requirement[2m > [22m[2mProperty: All HTTP methods require authentication (Requirement 
2.6)[2m > [22m[2mshould reject any settings method without authentication
[22m[39m[ARCJET] WARNING: Running without Arcjet protection

[90mstderr[2m | 
tests/property/admin-system-health-fixes/settings-auth.property.test.ts[2m > 
[22m[2mFeature: admin-system-health-fixes, Property 3: Settings Authentication 
Requirement[2m > [22m[2mProperty: All HTTP methods require authentication (Requirement 
2.6)[2m > [22m[2mshould reject any settings method without authentication
[22m[39m[ARCJET] WARNING: Running without Arcjet protection

[90mstderr[2m | 
tests/property/admin-system-health-fixes/settings-auth.property.test.ts[2m > 
[22m[2mFeature: admin-system-health-fixes, Property 3: Settings Authentication 
Requirement[2m > [22m[2mProperty: All HTTP methods require authentication (Requirement 
2.6)[2m > [22m[2mshould reject any settings method without authentication
[22m[39m[ARCJET] WARNING: Running without Arcjet protection

[90mstderr[2m | 
tests/property/admin-system-health-fixes/settings-auth.property.test.ts[2m > 
[22m[2mFeature: admin-system-health-fixes, Property 3: Settings Authentication 
Requirement[2m > [22m[2mProperty: All HTTP methods require authentication (Requirement 
2.6)[2m > [22m[2mshould reject any settings method without authentication
[22m[39m[ARCJET] WARNING: Running without Arcjet protection

[90mstderr[2m | 
tests/property/admin-system-health-fixes/settings-auth.property.test.ts[2m > 
[22m[2mFeature: admin-system-health-fixes, Property 3: Settings Authentication 
Requirement[2m > [22m[2mProperty: All HTTP methods require authentication (Requirement 
2.6)[2m > [22m[2mshould reject any settings method without authentication
[22m[39m[ARCJET] WARNING: Running without Arcjet protection

[90mstderr[2m | 
tests/property/admin-system-health-fixes/settings-auth.property.test.ts[2m > 
[22m[2mFeature: admin-system-health-fixes, Property 3: Settings Authentication 
Requirement[2m > [22m[2mProperty: All HTTP methods require authentication (Requirement 
2.6)[2m > [22m[2mshould reject any settings method without authentication
[22m[39m[ARCJET] WARNING: Running without Arcjet protection

[90mstderr[2m | 
tests/property/admin-system-health-fixes/settings-auth.property.test.ts[2m > 
[22m[2mFeature: admin-system-health-fixes, Property 3: Settings Authentication 
Requirement[2m > [22m[2mProperty: All HTTP methods require authentication (Requirement 
2.6)[2m > [22m[2mshould reject any settings method without authentication
[22m[39m[ARCJET] WARNING: Running without Arcjet protection

[90mstderr[2m | 
tests/property/admin-system-health-fixes/settings-auth.property.test.ts[2m > 
[22m[2mFeature: admin-system-health-fixes, Property 3: Settings Authentication 
Requirement[2m > [22m[2mProperty: All HTTP methods require authentication (Requirement 
2.6)[2m > [22m[2mshould reject any settings method without authentication
[22m[39m[ARCJET] WARNING: Running without Arcjet protection

[90mstderr[2m | 
tests/property/admin-system-health-fixes/settings-auth.property.test.ts[2m > 
[22m[2mFeature: admin-system-health-fixes, Property 3: Settings Authentication 
Requirement[2m > [22m[2mProperty: All HTTP methods require authentication (Requirement 
2.6)[2m > [22m[2mshould reject any settings method without authentication
[22m[39m[ARCJET] WARNING: Running without Arcjet protection

[90mstderr[2m | 
tests/property/admin-system-health-fixes/settings-auth.property.test.ts[2m > 
[22m[2mFeature: admin-system-health-fixes, Property 3: Settings Authentication 
Requirement[2m > [22m[2mProperty: All HTTP methods require authentication (Requirement 
2.6)[2m > [22m[2mshould reject any settings method without authentication
[22m[39m[ARCJET] WARNING: Running without Arcjet protection

[90mstderr[2m | 
tests/property/admin-system-health-fixes/settings-auth.property.test.ts[2m > 
[22m[2mFeature: admin-system-health-fixes, Property 3: Settings Authentication 
Requirement[2m > [22m[2mProperty: All HTTP methods require authentication (Requirement 
2.6)[2m > [22m[2mshould reject any settings method without authentication
[22m[39m[ARCJET] WARNING: Running without Arcjet protection

[90mstderr[2m | 
tests/property/admin-system-health-fixes/settings-auth.property.test.ts[2m > 
[22m[2mFeature: admin-system-health-fixes, Property 3: Settings Authentication 
Requirement[2m > [22m[2mProperty: All HTTP methods require authentication (Requirement 
2.6)[2m > [22m[2mshould reject any settings method without authentication
[22m[39m[ARCJET] WARNING: Running without Arcjet protection

[90mstderr[2m | 
tests/property/admin-system-health-fixes/settings-auth.property.test.ts[2m > 
[22m[2mFeature: admin-system-health-fixes, Property 3: Settings Authentication 
Requirement[2m > [22m[2mProperty: All HTTP methods require authentication (Requirement 
2.6)[2m > [22m[2mshould reject any settings method without authentication
[22m[39m[ARCJET] WARNING: Running without Arcjet protection

[90mstderr[2m | 
tests/property/admin-system-health-fixes/settings-auth.property.test.ts[2m > 
[22m[2mFeature: admin-system-health-fixes, Property 3: Settings Authentication 
Requirement[2m > [22m[2mProperty: All HTTP methods require authentication (Requirement 
2.6)[2m > [22m[2mshould reject any settings method without authentication
[22m[39m[ARCJET] WARNING: Running without Arcjet protection

[90mstderr[2m | 
tests/property/admin-system-health-fixes/settings-auth.property.test.ts[2m > 
[22m[2mFeature: admin-system-health-fixes, Property 3: Settings Authentication 
Requirement[2m > [22m[2mProperty: All HTTP methods require authentication (Requirement 
2.6)[2m > [22m[2mshould reject any settings method without authentication
[22m[39m[ARCJET] WARNING: Running without Arcjet protection

[90mstderr[2m | 
tests/property/admin-system-health-fixes/settings-auth.property.test.ts[2m > 
[22m[2mFeature: admin-system-health-fixes, Property 3: Settings Authentication 
Requirement[2m > [22m[2mProperty: All HTTP methods require authentication (Requirement 
2.6)[2m > [22m[2mshould reject any settings method without authentication
[22m[39m[ARCJET] WARNING: Running without Arcjet protection

[90mstderr[2m | 
tests/property/admin-system-health-fixes/settings-auth.property.test.ts[2m > 
[22m[2mFeature: admin-system-health-fixes, Property 3: Settings Authentication 
Requirement[2m > [22m[2mProperty: All HTTP methods require authentication (Requirement 
2.6)[2m > [22m[2mshould reject any settings method without authentication
[22m[39m[ARCJET] WARNING: Running without Arcjet protection

[90mstderr[2m | 
tests/property/admin-system-health-fixes/settings-auth.property.test.ts[2m > 
[22m[2mFeature: admin-system-health-fixes, Property 3: Settings Authentication 
Requirement[2m > [22m[2mProperty: All HTTP methods require authentication (Requirement 
2.6)[2m > [22m[2mshould reject any settings method without authentication
[22m[39m[ARCJET] WARNING: Running without Arcjet protection

[90mstderr[2m | 
tests/property/admin-system-health-fixes/settings-auth.property.test.ts[2m > 
[22m[2mFeature: admin-system-health-fixes, Property 3: Settings Authentication 
Requirement[2m > [22m[2mProperty: All HTTP methods require authentication (Requirement 
2.6)[2m > [22m[2mshould reject any settings method without authentication
[22m[39m[ARCJET] WARNING: Running without Arcjet protection

[90mstderr[2m | 
tests/property/admin-system-health-fixes/settings-auth.property.test.ts[2m > 
[22m[2mFeature: admin-system-health-fixes, Property 3: Settings Authentication 
Requirement[2m > [22m[2mProperty: All HTTP methods require authentication (Requirement 
2.6)[2m > [22m[2mshould reject any settings method without authentication
[22m[39m[ARCJET] WARNING: Running without Arcjet protection

[90mstderr[2m | 
tests/property/admin-system-health-fixes/settings-auth.property.test.ts[2m > 
[22m[2mFeature: admin-system-health-fixes, Property 3: Settings Authentication 
Requirement[2m > [22m[2mProperty: All HTTP methods require authentication (Requirement 
2.6)[2m > [22m[2mshould reject any settings method without authentication
[22m[39m[ARCJET] WARNING: Running without Arcjet protection

[90mstderr[2m | 
tests/property/admin-system-health-fixes/settings-auth.property.test.ts[2m > 
[22m[2mFeature: admin-system-health-fixes, Property 3: Settings Authentication 
Requirement[2m > [22m[2mProperty: All HTTP methods require authentication (Requirement 
2.6)[2m > [22m[2mshould reject any settings method without authentication
[22m[39m[ARCJET] WARNING: Running without Arcjet protection

[90mstderr[2m | 
tests/property/admin-system-health-fixes/settings-auth.property.test.ts[2m > 
[22m[2mFeature: admin-system-health-fixes, Property 3: Settings Authentication 
Requirement[2m > [22m[2mProperty: All HTTP methods require authentication (Requirement 
2.6)[2m > [22m[2mshould reject any settings method without authentication
[22m[39m[ARCJET] WARNING: Running without Arcjet protection

[90mstderr[2m | 
tests/property/admin-system-health-fixes/settings-auth.property.test.ts[2m > 
[22m[2mFeature: admin-system-health-fixes, Property 3: Settings Authentication 
Requirement[2m > [22m[2mProperty: All HTTP methods require authentication (Requirement 
2.6)[2m > [22m[2mshould reject any settings method without authentication
[22m[39m[ARCJET] WARNING: Running without Arcjet protection

[90mstderr[2m | 
tests/property/admin-system-health-fixes/settings-auth.property.test.ts[2m > 
[22m[2mFeature: admin-system-health-fixes, Property 3: Settings Authentication 
Requirement[2m > [22m[2mProperty: All HTTP methods require authentication (Requirement 
2.6)[2m > [22m[2mshould reject any settings method without authentication
[22m[39m[ARCJET] WARNING: Running without Arcjet protection

[90mstderr[2m | 
tests/property/admin-system-health-fixes/settings-auth.property.test.ts[2m > 
[22m[2mFeature: admin-system-health-fixes, Property 3: Settings Authentication 
Requirement[2m > [22m[2mProperty: All HTTP methods require authentication (Requirement 
2.6)[2m > [22m[2mshould reject any settings method without authentication
[22m[39m[ARCJET] WARNING: Running without Arcjet protection

[90mstderr[2m | 
tests/property/admin-system-health-fixes/settings-auth.property.test.ts[2m > 
[22m[2mFeature: admin-system-health-fixes, Property 3: Settings Authentication 
Requirement[2m > [22m[2mProperty: All HTTP methods require authentication (Requirement 
2.6)[2m > [22m[2mshould reject any settings method without authentication
[22m[39m[ARCJET] WARNING: Running without Arcjet protection

[90mstderr[2m | 
tests/property/admin-system-health-fixes/settings-auth.property.test.ts[2m > 
[22m[2mFeature: admin-system-health-fixes, Property 3: Settings Authentication 
Requirement[2m > [22m[2mProperty: All HTTP methods require authentication (Requirement 
2.6)[2m > [22m[2mshould reject any settings method without authentication
[22m[39m[ARCJET] WARNING: Running without Arcjet protection
[90mstdout[2m | tests/property/admin-system-health-fixes/settings-auth.property.test.ts[2m > [22m[2mFeature: admin-system-health-fixes, Property 3: Settings Authentication Requirement[2m > [22m[2mProperty: All HTTP methods require authentication (Requirement 2.6)[2m > [22m[2mshould reject any settings method without authentication
[22m[39m[AUTH] Token verification failed: Access token verification failed

[90mstdout[2m | tests/property/admin-system-health-fixes/settings-auth.property.test.ts[2m > [22m[2mFeature: admin-system-health-fixes, Property 3: Settings Authentication Requirement[2m > [22m[2mProperty: All HTTP methods require authentication (Requirement 2.6)[2m > [22m[2mshould reject any settings method without authentication
[22m[39m[AUTH] Token verification failed: Access token verification failed

[90mstdout[2m | tests/property/admin-system-health-fixes/settings-auth.property.test.ts[2m > [22m[2mFeature: admin-system-health-fixes, Property 3: Settings Authentication Requirement[2m > [22m[2mProperty: All HTTP methods require authentication (Requirement 2.6)[2m > [22m[2mshould reject any settings method without authentication
[22m[39m[AUTH] Token verification failed: Access token verification failed

[90mstdout[2m | tests/property/admin-system-health-fixes/settings-auth.property.test.ts[2m > [22m[2mFeature: admin-system-health-fixes, Property 3: Settings Authentication Requirement[2m > [22m[2mProperty: All HTTP methods require authentication (Requirement 2.6)[2m > [22m[2mshould reject any settings method without authentication
[22m[39m[AUTH] Token verification failed: Access token verification failed

[90mstdout[2m | tests/property/admin-system-health-fixes/settings-auth.property.test.ts[2m > [22m[2mFeature: admin-system-health-fixes, Property 3: Settings Authentication Requirement[2m > [22m[2mProperty: All HTTP methods require authentication (Requirement 2.6)[2m > [22m[2mshould reject any settings method without authentication
[22m[39m[AUTH] Token verification failed: Access token verification failed

[90mstdout[2m | tests/property/admin-system-health-fixes/settings-auth.property.test.ts[2m > [22m[2mFeature: admin-system-health-fixes, Property 3: Settings Authentication Requirement[2m > [22m[2mProperty: All HTTP methods require authentication (Requirement 2.6)[2m > [22m[2mshould reject any settings method without authentication
[22m[39m[AUTH] Token verification failed: Access token verification failed

[90mstdout[2m | tests/property/admin-system-health-fixes/settings-auth.property.test.ts[2m > [22m[2mFeature: admin-system-health-fixes, Property 3: Settings Authentication Requirement[2m > [22m[2mProperty: All HTTP methods require authentication (Requirement 2.6)[2m > [22m[2mshould reject any settings method without authentication
[22m[39m[AUTH] Token verification failed: Access token verification failed

[90mstdout[2m | tests/property/admin-system-health-fixes/settings-auth.property.test.ts[2m > [22m[2mFeature: admin-system-health-fixes, Property 3: Settings Authentication Requirement[2m > [22m[2mProperty: Non-admin users are rejected (Requirement 2.6)[2m > [22m[2mshould reject requests from non-admin users
[22m[39m[AUTH] Token verification failed: Access token verification failed

[90mstdout[2m | tests/property/admin-system-health-fixes/settings-auth.property.test.ts[2m > [22m[2mFeature: admin-system-health-fixes, Property 3: Settings Authentication Requirement[2m > [22m[2mProperty: Non-admin users are rejected (Requirement 2.6)[2m > [22m[2mshould reject requests from non-admin users
[22m[39m[AUTH] Token verification failed: Access token verification failed

[90mstdout[2m | tests/property/admin-system-health-fixes/settings-auth.property.test.ts[2m > [22m[2mFeature: admin-system-health-fixes, Property 3: Settings Authentication Requirement[2m > [22m[2mProperty: Non-admin users are rejected (Requirement 2.6)[2m > [22m[2mshould reject requests from non-admin users
[22m[39m[AUTH] Token verification failed: Access token verification failed

[90mstdout[2m | tests/property/admin-system-health-fixes/settings-auth.property.test.ts[2m > [22m[2mFeature: admin-system-health-fixes, Property 3: Settings Authentication Requirement[2m > [22m[2mProperty: Non-admin users are rejected (Requirement 2.6)[2m > [22m[2mshould reject requests from non-admin users
[22m[39m[AUTH] Token verification failed: Access token verification failed

[90mstdout[2m | tests/property/admin-system-health-fixes/settings-auth.property.test.ts[2m > [22m[2mFeature: admin-system-health-fixes, Property 3: Settings Authentication Requirement[2m > [22m[2mProperty: Non-admin users are rejected (Requirement 2.6)[2m > [22m[2mshould reject requests from non-admin users
[22m[39m[AUTH] Token verification failed: Access token verification failed

[90mstdout[2m | tests/property/admin-system-health-fixes/settings-auth.property.test.ts[2m > [22m[2mFeature: admin-system-health-fixes, Property 3: Settings Authentication Requirement[2m > [22m[2mProperty: Non-admin users are rejected (Requirement 2.6)[2m > [22m[2mshould reject requests from non-admin users
[22m[39m[AUTH] Token verification failed: Access token verification failed

[90mstdout[2m | tests/property/admin-system-health-fixes/settings-auth.property.test.ts[2m > [22m[2mFeature: admin-system-health-fixes, Property 3: Settings Authentication Requirement[2m > [22m[2mProperty: Non-admin users are rejected (Requirement 2.6)[2m > [22m[2mshould reject requests from non-admin users
[22m[39m[AUTH] Token verification failed: Access token verification failed

[90mstdout[2m | tests/property/admin-system-health-fixes/settings-auth.property.test.ts[2m > [22m[2mFeature: admin-system-health-fixes, Property 3: Settings Authentication Requirement[2m > [22m[2mProperty: Non-admin users are rejected (Requirement 2.6)[2m > [22m[2mshould reject requests from non-admin users
[22m[39m[AUTH] Token verification failed: Access token verification failed

[90mstdout[2m | tests/property/admin-system-health-fixes/settings-auth.property.test.ts[2m > [22m[2mFeature: admin-system-health-fixes, Property 3: Settings Authentication Requirement[2m > [22m[2mProperty: Non-admin users are rejected (Requirement 2.6)[2m > [22m[2mshould reject requests from non-admin users
[22m[39m[AUTH] Token verification failed: Access token verification failed

[90mstdout[2m | tests/property/admin-system-health-fixes/settings-auth.property.test.ts[2m > [22m[2mFeature: admin-system-health-fixes, Property 3: Settings Authentication Requirement[2m > [22m[2mProperty: Non-admin users are rejected (Requirement 2.6)[2m > [22m[2mshould reject requests from non-admin users
[22m[39m[AUTH] Token verification failed: Access token verification failed


[90mstderr[2m | 
tests/property/admin-system-health-fixes/settings-auth.property.test.ts[2m > 
[22m[2mFeature: admin-system-health-fixes, Property 3: Settings Authentication 
Requirement[2m > [22m[2mProperty: All HTTP methods require authentication (Requirement 
2.6)[2m > [22m[2mshould reject any settings method without authentication
[22m[39m[ARCJET] WARNING: Running without Arcjet protection

[90mstderr[2m | 
tests/property/admin-system-health-fixes/settings-auth.property.test.ts[2m > 
[22m[2mFeature: admin-system-health-fixes, Property 3: Settings Authentication 
Requirement[2m > [22m[2mProperty: All HTTP methods require authentication (Requirement 
2.6)[2m > [22m[2mshould reject any settings method without authentication
[22m[39m[ARCJET] WARNING: Running without Arcjet protection

[90mstderr[2m | 
tests/property/admin-system-health-fixes/settings-auth.property.test.ts[2m > 
[22m[2mFeature: admin-system-health-fixes, Property 3: Settings Authentication 
Requirement[2m > [22m[2mProperty: All HTTP methods require authentication (Requirement 
2.6)[2m > [22m[2mshould reject any settings method without authentication
[22m[39m[ARCJET] WARNING: Running without Arcjet protection

[90mstderr[2m | 
tests/property/admin-system-health-fixes/settings-auth.property.test.ts[2m > 
[22m[2mFeature: admin-system-health-fixes, Property 3: Settings Authentication 
Requirement[2m > [22m[2mProperty: All HTTP methods require authentication (Requirement 
2.6)[2m > [22m[2mshould reject any settings method without authentication
[22m[39m[ARCJET] WARNING: Running without Arcjet protection

[90mstderr[2m | 
tests/property/admin-system-health-fixes/settings-auth.property.test.ts[2m > 
[22m[2mFeature: admin-system-health-fixes, Property 3: Settings Authentication 
Requirement[2m > [22m[2mProperty: All HTTP methods require authentication (Requirement 
2.6)[2m > [22m[2mshould reject any settings method without authentication
[22m[39m[ARCJET] WARNING: Running without Arcjet protection

[90mstderr[2m | 
tests/property/admin-system-health-fixes/settings-auth.property.test.ts[2m > 
[22m[2mFeature: admin-system-health-fixes, Property 3: Settings Authentication 
Requirement[2m > [22m[2mProperty: All HTTP methods require authentication (Requirement 
2.6)[2m > [22m[2mshould reject any settings method without authentication
[22m[39m[ARCJET] WARNING: Running without Arcjet protection

[90mstderr[2m | 
tests/property/admin-system-health-fixes/settings-auth.property.test.ts[2m > 
[22m[2mFeature: admin-system-health-fixes, Property 3: Settings Authentication 
Requirement[2m > [22m[2mProperty: Non-admin users are rejected (Requirement 2.6)[2m > 
[22m[2mshould reject requests from non-admin users
[22m[39m[ARCJET] WARNING: Running without Arcjet protection

[90mstderr[2m | 
tests/property/admin-system-health-fixes/settings-auth.property.test.ts[2m > 
[22m[2mFeature: admin-system-health-fixes, Property 3: Settings Authentication 
Requirement[2m > [22m[2mProperty: Non-admin users are rejected (Requirement 2.6)[2m > 
[22m[2mshould reject requests from non-admin users
[22m[39m[ARCJET] WARNING: Running without Arcjet protection

[90mstderr[2m | 
tests/property/admin-system-health-fixes/settings-auth.property.test.ts[2m > 
[22m[2mFeature: admin-system-health-fixes, Property 3: Settings Authentication 
Requirement[2m > [22m[2mProperty: Non-admin users are rejected (Requirement 2.6)[2m > 
[22m[2mshould reject requests from non-admin users
[22m[39m[ARCJET] WARNING: Running without Arcjet protection

[90mstderr[2m | 
tests/property/admin-system-health-fixes/settings-auth.property.test.ts[2m > 
[22m[2mFeature: admin-system-health-fixes, Property 3: Settings Authentication 
Requirement[2m > [22m[2mProperty: Non-admin users are rejected (Requirement 2.6)[2m > 
[22m[2mshould reject requests from non-admin users
[22m[39m[ARCJET] WARNING: Running without Arcjet protection

[90mstderr[2m | 
tests/property/admin-system-health-fixes/settings-auth.property.test.ts[2m > 
[22m[2mFeature: admin-system-health-fixes, Property 3: Settings Authentication 
Requirement[2m > [22m[2mProperty: Non-admin users are rejected (Requirement 2.6)[2m > 
[22m[2mshould reject requests from non-admin users
[22m[39m[ARCJET] WARNING: Running without Arcjet protection

[90mstderr[2m | 
tests/property/admin-system-health-fixes/settings-auth.property.test.ts[2m > 
[22m[2mFeature: admin-system-health-fixes, Property 3: Settings Authentication 
Requirement[2m > [22m[2mProperty: Non-admin users are rejected (Requirement 2.6)[2m > 
[22m[2mshould reject requests from non-admin users
[22m[39m[ARCJET] WARNING: Running without Arcjet protection

[90mstderr[2m | 
tests/property/admin-system-health-fixes/settings-auth.property.test.ts[2m > 
[22m[2mFeature: admin-system-health-fixes, Property 3: Settings Authentication 
Requirement[2m > [22m[2mProperty: Non-admin users are rejected (Requirement 2.6)[2m > 
[22m[2mshould reject requests from non-admin users
[22m[39m[ARCJET] WARNING: Running without Arcjet protection

[90mstderr[2m | 
tests/property/admin-system-health-fixes/settings-auth.property.test.ts[2m > 
[22m[2mFeature: admin-system-health-fixes, Property 3: Settings Authentication 
Requirement[2m > [22m[2mProperty: Non-admin users are rejected (Requirement 2.6)[2m > 
[22m[2mshould reject requests from non-admin users
[22m[39m[ARCJET] WARNING: Running without Arcjet protection

[90mstderr[2m | 
tests/property/admin-system-health-fixes/settings-auth.property.test.ts[2m > 
[22m[2mFeature: admin-system-health-fixes, Property 3: Settings Authentication 
Requirement[2m > [22m[2mProperty: Non-admin users are rejected (Requirement 2.6)[2m > 
[22m[2mshould reject requests from non-admin users
[22m[39m[ARCJET] WARNING: Running without Arcjet protection

[90mstderr[2m | 
tests/property/admin-system-health-fixes/settings-auth.property.test.ts[2m > 
[22m[2mFeature: admin-system-health-fixes, Property 3: Settings Authentication 
Requirement[2m > [22m[2mProperty: Non-admin users are rejected (Requirement 2.6)[2m > 
[22m[2mshould reject requests from non-admin users
[22m[39m[ARCJET] WARNING: Running without Arcjet protection

[90mstderr[2m | 
tests/property/admin-system-health-fixes/settings-auth.property.test.ts[2m > 
[22m[2mFeature: admin-system-health-fixes, Property 3: Settings Authentication 
Requirement[2m > [22m[2mProperty: Non-admin users are rejected (Requirement 2.6)[2m > 
[22m[2mshould reject requests from non-admin users
[22m[39m[ARCJET] WARNING: Running without Arcjet protection

[90mstderr[2m | 
tests/property/admin-system-health-fixes/settings-auth.property.test.ts[2m > 
[22m[2mFeature: admin-system-health-fixes, Property 3: Settings Authentication 
Requirement[2m > [22m[2mProperty: Non-admin users are rejected (Requirement 2.6)[2m > 
[22m[2mshould reject requests from non-admin users
[22m[39m[ARCJET] WARNING: Running without Arcjet protection

[90mstderr[2m | 
tests/property/admin-system-health-fixes/settings-auth.property.test.ts[2m > 
[22m[2mFeature: admin-system-health-fixes, Property 3: Settings Authentication 
Requirement[2m > [22m[2mProperty: Non-admin users are rejected (Requirement 2.6)[2m > 
[22m[2mshould reject requests from non-admin users
[22m[39m[ARCJET] WARNING: Running without Arcjet protection

[90mstderr[2m | 
tests/property/admin-system-health-fixes/settings-auth.property.test.ts[2m > 
[22m[2mFeature: admin-system-health-fixes, Property 3: Settings Authentication 
Requirement[2m > [22m[2mProperty: Non-admin users are rejected (Requirement 2.6)[2m > 
[22m[2mshould reject requests from non-admin users
[22m[39m[ARCJET] WARNING: Running without Arcjet protection

[90mstderr[2m | 
tests/property/admin-system-health-fixes/settings-auth.property.test.ts[2m > 
[22m[2mFeature: admin-system-health-fixes, Property 3: Settings Authentication 
Requirement[2m > [22m[2mProperty: Non-admin users are rejected (Requirement 2.6)[2m > 
[22m[2mshould reject requests from non-admin users
[22m[39m[ARCJET] WARNING: Running without Arcjet protection

[90mstderr[2m | 
tests/property/admin-system-health-fixes/settings-auth.property.test.ts[2m > 
[22m[2mFeature: admin-system-health-fixes, Property 3: Settings Authentication 
Requirement[2m > [22m[2mProperty: Non-admin users are rejected (Requirement 2.6)[2m > 
[22m[2mshould reject requests from non-admin users
[22m[39m[ARCJET] WARNING: Running without Arcjet protection

[90mstderr[2m | 
tests/property/admin-system-health-fixes/settings-auth.property.test.ts[2m > 
[22m[2mFeature: admin-system-health-fixes, Property 3: Settings Authentication 
Requirement[2m > [22m[2mProperty: Non-admin users are rejected (Requirement 2.6)[2m > 
[22m[2mshould reject requests from non-admin users
[22m[39m[ARCJET] WARNING: Running without Arcjet protection

[90mstderr[2m | 
tests/property/admin-system-health-fixes/settings-auth.property.test.ts[2m > 
[22m[2mFeature: admin-system-health-fixes, Property 3: Settings Authentication 
Requirement[2m > [22m[2mProperty: Non-admin users are rejected (Requirement 2.6)[2m > 
[22m[2mshould reject requests from non-admin users
[22m[39m[ARCJET] WARNING: Running without Arcjet protection

[90mstderr[2m | 
tests/property/admin-system-health-fixes/settings-auth.property.test.ts[2m > 
[22m[2mFeature: admin-system-health-fixes, Property 3: Settings Authentication 
Requirement[2m > [22m[2mProperty: Non-admin users are rejected (Requirement 2.6)[2m > 
[22m[2mshould reject requests from non-admin users
[22m[39m[ARCJET] WARNING: Running without Arcjet protection

[90mstderr[2m | 
tests/property/admin-system-health-fixes/settings-auth.property.test.ts[2m > 
[22m[2mFeature: admin-system-health-fixes, Property 3: Settings Authentication 
Requirement[2m > [22m[2mProperty: Non-admin users are rejected (Requirement 2.6)[2m > 
[22m[2mshould reject requests from non-admin users
[22m[39m[ARCJET] WARNING: Running without Arcjet protection

[90mstderr[2m | 
tests/property/admin-system-health-fixes/settings-auth.property.test.ts[2m > 
[22m[2mFeature: admin-system-health-fixes, Property 3: Settings Authentication 
Requirement[2m > [22m[2mProperty: Non-admin users are rejected (Requirement 2.6)[2m > 
[22m[2mshould reject requests from non-admin users
[22m[39m[ARCJET] WARNING: Running without Arcjet protection

[90mstderr[2m | 
tests/property/admin-system-health-fixes/settings-auth.property.test.ts[2m > 
[22m[2mFeature: admin-system-health-fixes, Property 3: Settings Authentication 
Requirement[2m > [22m[2mProperty: Non-admin users are rejected (Requirement 2.6)[2m > 
[22m[2mshould reject requests from non-admin users
[22m[39m[ARCJET] WARNING: Running without Arcjet protection

[90mstdout[2m | tests/property/admin-system-health-fixes/settings-auth.property.test.ts[2m > [22m[2mFeature: admin-system-health-fixes, Property 3: Settings Authentication Requirement[2m > [22m[2mProperty: Non-admin users are rejected (Requirement 2.6)[2m > [22m[2mshould reject requests from non-admin users
[22m[39m[AUTH] Token verification failed: Access token verification failed

[90mstdout[2m | tests/property/admin-system-health-fixes/settings-auth.property.test.ts[2m > [22m[2mFeature: admin-system-health-fixes, Property 3: Settings Authentication Requirement[2m > [22m[2mProperty: Non-admin users are rejected (Requirement 2.6)[2m > [22m[2mshould reject requests from non-admin users
[22m[39m[AUTH] Token verification failed: Access token verification failed

[90mstdout[2m | tests/property/admin-system-health-fixes/settings-auth.property.test.ts[2m > [22m[2mFeature: admin-system-health-fixes, Property 3: Settings Authentication Requirement[2m > [22m[2mProperty: Non-admin users are rejected (Requirement 2.6)[2m > [22m[2mshould reject requests from non-admin users
[22m[39m[AUTH] Token verification failed: Access token verification failed

[90mstdout[2m | tests/property/admin-system-health-fixes/settings-auth.property.test.ts[2m > [22m[2mFeature: admin-system-health-fixes, Property 3: Settings Authentication Requirement[2m > [22m[2mProperty: Non-admin users are rejected (Requirement 2.6)[2m > [22m[2mshould reject requests from non-admin users
[22m[39m[AUTH] Token verification failed: Access token verification failed

[90mstdout[2m | tests/property/admin-system-health-fixes/settings-auth.property.test.ts[2m > [22m[2mFeature: admin-system-health-fixes, Property 3: Settings Authentication Requirement[2m > [22m[2mProperty: Non-admin users are rejected (Requirement 2.6)[2m > [22m[2mshould reject requests from non-admin users
[22m[39m[AUTH] Token verification failed: Access token verification failed

[90mstdout[2m | tests/property/admin-system-health-fixes/settings-auth.property.test.ts[2m > [22m[2mFeature: admin-system-health-fixes, Property 3: Settings Authentication Requirement[2m > [22m[2mProperty: Non-admin users are rejected (Requirement 2.6)[2m > [22m[2mshould reject requests from non-admin users
[22m[39m[AUTH] Token verification failed: Access token verification failed

[90mstdout[2m | tests/property/admin-system-health-fixes/settings-auth.property.test.ts[2m > [22m[2mFeature: admin-system-health-fixes, Property 3: Settings Authentication Requirement[2m > [22m[2mProperty: Non-admin users are rejected (Requirement 2.6)[2m > [22m[2mshould reject requests from non-admin users
[22m[39m[AUTH] Token verification failed: Access token verification failed

[90mstdout[2m | tests/property/admin-system-health-fixes/settings-auth.property.test.ts[2m > [22m[2mFeature: admin-system-health-fixes, Property 3: Settings Authentication Requirement[2m > [22m[2mProperty: Non-admin users are rejected (Requirement 2.6)[2m > [22m[2mshould reject requests from non-admin users
[22m[39m[AUTH] Token verification failed: Access token verification failed

[90mstdout[2m | tests/property/admin-system-health-fixes/settings-auth.property.test.ts[2m > [22m[2mFeature: admin-system-health-fixes, Property 3: Settings Authentication Requirement[2m > [22m[2mProperty: Non-admin users are rejected (Requirement 2.6)[2m > [22m[2mshould reject requests from non-admin users
[22m[39m[AUTH] Token verification failed: Access token verification failed

[90mstdout[2m | tests/property/admin-system-health-fixes/settings-auth.property.test.ts[2m > [22m[2mFeature: admin-system-health-fixes, Property 3: Settings Authentication Requirement[2m > [22m[2mProperty: Non-admin users are rejected (Requirement 2.6)[2m > [22m[2mshould reject requests from non-admin users
[22m[39m[AUTH] Token verification failed: Access token verification failed

[90mstdout[2m | tests/property/admin-system-health-fixes/settings-auth.property.test.ts[2m > [22m[2mFeature: admin-system-health-fixes, Property 3: Settings Authentication Requirement[2m > [22m[2mProperty: Non-admin users are rejected (Requirement 2.6)[2m > [22m[2mshould reject requests from non-admin users
[22m[39m[AUTH] Token verification failed: Access token verification failed

[90mstdout[2m | tests/property/admin-system-health-fixes/settings-auth.property.test.ts[2m > [22m[2mFeature: admin-system-health-fixes, Property 3: Settings Authentication Requirement[2m > [22m[2mProperty: Non-admin users are rejected (Requirement 2.6)[2m > [22m[2mshould reject requests from non-admin users
[22m[39m[AUTH] Token verification failed: Access token verification failed

[90mstdout[2m | tests/property/admin-system-health-fixes/settings-auth.property.test.ts[2m > [22m[2mFeature: admin-system-health-fixes, Property 3: Settings Authentication Requirement[2m > [22m[2mProperty: Non-admin users are rejected (Requirement 2.6)[2m > [22m[2mshould reject requests from non-admin users
[22m[39m[AUTH] Token verification failed: Access token verification failed

[90mstdout[2m | tests/property/admin-system-health-fixes/settings-auth.property.test.ts[2m > [22m[2mFeature: admin-system-health-fixes, Property 3: Settings Authentication Requirement[2m > [22m[2mProperty: Non-admin users are rejected (Requirement 2.6)[2m > [22m[2mshould reject requests from non-admin users
[22m[39m[AUTH] Token verification failed: Access token verification failed

[90mstdout[2m | tests/property/admin-system-health-fixes/settings-auth.property.test.ts[2m > [22m[2mFeature: admin-system-health-fixes, Property 3: Settings Authentication Requirement[2m > [22m[2mProperty: Non-admin users are rejected (Requirement 2.6)[2m > [22m[2mshould reject requests from non-admin users
[22m[39m[AUTH] Token verification failed: Access token verification failed

[90mstdout[2m | tests/property/admin-system-health-fixes/settings-auth.property.test.ts[2m > [22m[2mFeature: admin-system-health-fixes, Property 3: Settings Authentication Requirement[2m > [22m[2mProperty: Non-admin users are rejected (Requirement 2.6)[2m > [22m[2mshould reject requests from non-admin users
[22m[39m[AUTH] Token verification failed: Access token verification failed

[90mstdout[2m | tests/property/admin-system-health-fixes/settings-auth.property.test.ts[2m > [22m[2mFeature: admin-system-health-fixes, Property 3: Settings Authentication Requirement[2m > [22m[2mProperty: Non-admin users are rejected (Requirement 2.6)[2m > [22m[2mshould reject requests from non-admin users
[22m[39m[AUTH] Token verification failed: Access token verification failed

[90mstdout[2m | tests/property/admin-system-health-fixes/settings-auth.property.test.ts[2m > [22m[2mFeature: admin-system-health-fixes, Property 3: Settings Authentication Requirement[2m > [22m[2mProperty: Non-admin users are rejected (Requirement 2.6)[2m > [22m[2mshould reject requests from non-admin users
[22m[39m[AUTH] Token verification failed: Access token verification failed

[90mstdout[2m | tests/property/admin-system-health-fixes/settings-auth.property.test.ts[2m > [22m[2mFeature: admin-system-health-fixes, Property 3: Settings Authentication Requirement[2m > [22m[2mProperty: Non-admin users are rejected (Requirement 2.6)[2m > [22m[2mshould reject requests from non-admin users
[22m[39m[AUTH] Token verification failed: Access token verification failed

[90mstdout[2m | tests/property/admin-system-health-fixes/settings-auth.property.test.ts[2m > [22m[2mFeature: admin-system-health-fixes, Property 3: Settings Authentication Requirement[2m > [22m[2mProperty: Non-admin users are rejected (Requirement 2.6)[2m > [22m[2mshould reject requests from non-admin users
[22m[39m[AUTH] Token verification failed: Access token verification failed

[90mstdout[2m | tests/property/admin-system-health-fixes/settings-auth.property.test.ts[2m > [22m[2mFeature: admin-system-health-fixes, Property 3: Settings Authentication Requirement[2m > [22m[2mProperty: Non-admin users are rejected (Requirement 2.6)[2m > [22m[2mshould reject requests from non-admin users
[22m[39m[AUTH] Token verification failed: Access token verification failed

[90mstdout[2m | tests/property/admin-system-health-fixes/settings-auth.property.test.ts[2m > [22m[2mFeature: admin-system-health-fixes, Property 3: Settings Authentication Requirement[2m > [22m[2mProperty: Non-admin users are rejected (Requirement 2.6)[2m > [22m[2mshould reject requests from non-admin users
[22m[39m[AUTH] Token verification failed: Access token verification failed

[90mstdout[2m | tests/property/admin-system-health-fixes/settings-auth.property.test.ts[2m > [22m[2mFeature: admin-system-health-fixes, Property 3: Settings Authentication Requirement[2m > [22m[2mProperty: Non-admin users are rejected (Requirement 2.6)[2m > [22m[2mshould reject requests from non-admin users
[22m[39m[AUTH] Token verification failed: Access token verification failed

[90mstderr[2m | 
tests/property/admin-system-health-fixes/settings-auth.property.test.ts[2m > 
[22m[2mFeature: admin-system-health-fixes, Property 3: Settings Authentication 
Requirement[2m > [22m[2mProperty: Non-admin users are rejected (Requirement 2.6)[2m > 
[22m[2mshould reject requests from non-admin users
[22m[39m[ARCJET] WARNING: Running without Arcjet protection

[90mstderr[2m | 
tests/property/admin-system-health-fixes/settings-auth.property.test.ts[2m > 
[22m[2mFeature: admin-system-health-fixes, Property 3: Settings Authentication 
Requirement[2m > [22m[2mProperty: Non-admin users are rejected (Requirement 2.6)[2m > 
[22m[2mshould reject requests from non-admin users
[22m[39m[ARCJET] WARNING: Running without Arcjet protection

[90mstderr[2m | 
tests/property/admin-system-health-fixes/settings-auth.property.test.ts[2m > 
[22m[2mFeature: admin-system-health-fixes, Property 3: Settings Authentication 
Requirement[2m > [22m[2mProperty: Non-admin users are rejected (Requirement 2.6)[2m > 
[22m[2mshould reject requests from non-admin users
[22m[39m[ARCJET] WARNING: Running without Arcjet protection

[90mstderr[2m | 
tests/property/admin-system-health-fixes/settings-auth.property.test.ts[2m > 
[22m[2mFeature: admin-system-health-fixes, Property 3: Settings Authentication 
Requirement[2m > [22m[2mProperty: Non-admin users are rejected (Requirement 2.6)[2m > 
[22m[2mshould reject requests from non-admin users
[22m[39m[ARCJET] WARNING: Running without Arcjet protection

[90mstderr[2m | 
tests/property/admin-system-health-fixes/settings-auth.property.test.ts[2m > 
[22m[2mFeature: admin-system-health-fixes, Property 3: Settings Authentication 
Requirement[2m > [22m[2mProperty: Non-admin users are rejected (Requirement 2.6)[2m > 
[22m[2mshould reject requests from non-admin users
[22m[39m[ARCJET] WARNING: Running without Arcjet protection

[90mstderr[2m | 
tests/property/admin-system-health-fixes/settings-auth.property.test.ts[2m > 
[22m[2mFeature: admin-system-health-fixes, Property 3: Settings Authentication 
Requirement[2m > [22m[2mProperty: Non-admin users are rejected (Requirement 2.6)[2m > 
[22m[2mshould reject requests from non-admin users
[22m[39m[ARCJET] WARNING: Running without Arcjet protection

[90mstderr[2m | 
tests/property/admin-system-health-fixes/settings-auth.property.test.ts[2m > 
[22m[2mFeature: admin-system-health-fixes, Property 3: Settings Authentication 
Requirement[2m > [22m[2mProperty: Non-admin users are rejected (Requirement 2.6)[2m > 
[22m[2mshould reject requests from non-admin users
[22m[39m[ARCJET] WARNING: Running without Arcjet protection

[90mstderr[2m | 
tests/property/admin-system-health-fixes/settings-auth.property.test.ts[2m > 
[22m[2mFeature: admin-system-health-fixes, Property 3: Settings Authentication 
Requirement[2m > [22m[2mProperty: Non-admin users are rejected (Requirement 2.6)[2m > 
[22m[2mshould reject requests from non-admin users
[22m[39m[ARCJET] WARNING: Running without Arcjet protection

[90mstderr[2m | 
tests/property/admin-system-health-fixes/settings-auth.property.test.ts[2m > 
[22m[2mFeature: admin-system-health-fixes, Property 3: Settings Authentication 
Requirement[2m > [22m[2mProperty: Non-admin users are rejected (Requirement 2.6)[2m > 
[22m[2mshould reject requests from non-admin users
[22m[39m[ARCJET] WARNING: Running without Arcjet protection

[90mstderr[2m | 
tests/property/admin-system-health-fixes/settings-auth.property.test.ts[2m > 
[22m[2mFeature: admin-system-health-fixes, Property 3: Settings Authentication 
Requirement[2m > [22m[2mProperty: Non-admin users are rejected (Requirement 2.6)[2m > 
[22m[2mshould reject requests from non-admin users
[22m[39m[ARCJET] WARNING: Running without Arcjet protection

[90mstderr[2m | 
tests/property/admin-system-health-fixes/settings-auth.property.test.ts[2m > 
[22m[2mFeature: admin-system-health-fixes, Property 3: Settings Authentication 
Requirement[2m > [22m[2mProperty: Non-admin users are rejected (Requirement 2.6)[2m > 
[22m[2mshould reject requests from non-admin users
[22m[39m[ARCJET] WARNING: Running without Arcjet protection

[90mstderr[2m | 
tests/property/admin-system-health-fixes/settings-auth.property.test.ts[2m > 
[22m[2mFeature: admin-system-health-fixes, Property 3: Settings Authentication 
Requirement[2m > [22m[2mProperty: Non-admin users are rejected (Requirement 2.6)[2m > 
[22m[2mshould reject requests from non-admin users
[22m[39m[ARCJET] WARNING: Running without Arcjet protection

[90mstderr[2m | 
tests/property/admin-system-health-fixes/settings-auth.property.test.ts[2m > 
[22m[2mFeature: admin-system-health-fixes, Property 3: Settings Authentication 
Requirement[2m > [22m[2mProperty: Non-admin users are rejected (Requirement 2.6)[2m > 
[22m[2mshould reject requests from non-admin users
[22m[39m[ARCJET] WARNING: Running without Arcjet protection

[90mstderr[2m | 
tests/property/admin-system-health-fixes/settings-auth.property.test.ts[2m > 
[22m[2mFeature: admin-system-health-fixes, Property 3: Settings Authentication 
Requirement[2m > [22m[2mProperty: Non-admin users are rejected (Requirement 2.6)[2m > 
[22m[2mshould reject requests from non-admin users
[22m[39m[ARCJET] WARNING: Running without Arcjet protection

[90mstderr[2m | 
tests/property/admin-system-health-fixes/settings-auth.property.test.ts[2m > 
[22m[2mFeature: admin-system-health-fixes, Property 3: Settings Authentication 
Requirement[2m > [22m[2mProperty: Non-admin users are rejected (Requirement 2.6)[2m > 
[22m[2mshould reject requests from non-admin users
[22m[39m[ARCJET] WARNING: Running without Arcjet protection

[90mstderr[2m | 
tests/property/admin-system-health-fixes/settings-auth.property.test.ts[2m > 
[22m[2mFeature: admin-system-health-fixes, Property 3: Settings Authentication 
Requirement[2m > [22m[2mProperty: Non-admin users are rejected (Requirement 2.6)[2m > 
[22m[2mshould reject requests from non-admin users
[22m[39m[ARCJET] WARNING: Running without Arcjet protection

[90mstderr[2m | 
tests/property/admin-system-health-fixes/settings-auth.property.test.ts[2m > 
[22m[2mFeature: admin-system-health-fixes, Property 3: Settings Authentication 
Requirement[2m > [22m[2mProperty: Non-admin users are rejected (Requirement 2.6)[2m > 
[22m[2mshould reject requests from non-admin users
[22m[39m[ARCJET] WARNING: Running without Arcjet protection

[90mstderr[2m | 
tests/property/admin-system-health-fixes/settings-auth.property.test.ts[2m > 
[22m[2mFeature: admin-system-health-fixes, Property 3: Settings Authentication 
Requirement[2m > [22m[2mProperty: Non-admin users are rejected (Requirement 2.6)[2m > 
[22m[2mshould reject requests from non-admin users
[22m[39m[ARCJET] WARNING: Running without Arcjet protection

[90mstderr[2m | 
tests/property/admin-system-health-fixes/settings-auth.property.test.ts[2m > 
[22m[2mFeature: admin-system-health-fixes, Property 3: Settings Authentication 
Requirement[2m > [22m[2mProperty: Non-admin users are rejected (Requirement 2.6)[2m > 
[22m[2mshould reject requests from non-admin users
[22m[39m[ARCJET] WARNING: Running without Arcjet protection

[90mstderr[2m | 
tests/property/admin-system-health-fixes/settings-auth.property.test.ts[2m > 
[22m[2mFeature: admin-system-health-fixes, Property 3: Settings Authentication 
Requirement[2m > [22m[2mProperty: Non-admin users are rejected (Requirement 2.6)[2m > 
[22m[2mshould reject requests from non-admin users
[22m[39m[ARCJET] WARNING: Running without Arcjet protection

[90mstderr[2m | 
tests/property/admin-system-health-fixes/settings-auth.property.test.ts[2m > 
[22m[2mFeature: admin-system-health-fixes, Property 3: Settings Authentication 
Requirement[2m > [22m[2mProperty: Non-admin users are rejected (Requirement 2.6)[2m > 
[22m[2mshould reject requests from non-admin users
[22m[39m[ARCJET] WARNING: Running without Arcjet protection

[90mstderr[2m | 
tests/property/admin-system-health-fixes/settings-auth.property.test.ts[2m > 
[22m[2mFeature: admin-system-health-fixes, Property 3: Settings Authentication 
Requirement[2m > [22m[2mProperty: Non-admin users are rejected (Requirement 2.6)[2m > 
[22m[2mshould reject requests from non-admin users
[22m[39m[ARCJET] WARNING: Running without Arcjet protection

[90mstderr[2m | 
tests/property/admin-system-health-fixes/settings-auth.property.test.ts[2m > 
[22m[2mFeature: admin-system-health-fixes, Property 3: Settings Authentication 
Requirement[2m > [22m[2mProperty: Non-admin users are rejected (Requirement 2.6)[2m > 
[22m[2mshould reject requests from non-admin users
[22m[39m[ARCJET] WARNING: Running without Arcjet protection

[90mstdout[2m | tests/property/admin-system-health-fixes/settings-auth.property.test.ts[2m > [22m[2mFeature: admin-system-health-fixes, Property 3: Settings Authentication Requirement[2m > [22m[2mProperty: Non-admin users are rejected (Requirement 2.6)[2m > [22m[2mshould reject requests from non-admin users
[22m[39m[AUTH] Token verification failed: Access token verification failed
[90mstderr[2m | 
tests/property/admin-system-health-fixes/settings-auth.property.test.ts[2m > 
[22m[2mFeature: admin-system-health-fixes, Property 3: Settings Authentication 
Requirement[2m > [22m[2mProperty: Non-admin users are rejected (Requirement 2.6)[2m > 
[22m[2mshould reject requests from non-admin users
[22m[39m[ARCJET] WARNING: Running without Arcjet protection

[90mstderr[2m | 
tests/property/admin-system-health-fixes/settings-auth.property.test.ts[2m > 
[22m[2mFeature: admin-system-health-fixes, Property 3: Settings Authentication 
Requirement[2m > [22m[2mProperty: Non-admin users are rejected (Requirement 2.6)[2m > 
[22m[2mshould reject requests from non-admin users
[22m[39m[ARCJET] WARNING: Running without Arcjet protection

[90mstderr[2m | 
tests/property/admin-system-health-fixes/settings-auth.property.test.ts[2m > 
[22m[2mFeature: admin-system-health-fixes, Property 3: Settings Authentication 
Requirement[2m > [22m[2mProperty: Non-admin users are rejected (Requirement 2.6)[2m > 
[22m[2mshould reject requests from non-admin users
[22m[39m[ARCJET] WARNING: Running without Arcjet protection

[90mstderr[2m | 
tests/property/admin-system-health-fixes/settings-auth.property.test.ts[2m > 
[22m[2mFeature: admin-system-health-fixes, Property 3: Settings Authentication 
Requirement[2m > [22m[2mProperty: Non-admin users are rejected (Requirement 2.6)[2m > 
[22m[2mshould reject requests from non-admin users
[22m[39m[ARCJET] WARNING: Running without Arcjet protection

[90mstderr[2m | 
tests/property/admin-system-health-fixes/settings-auth.property.test.ts[2m > 
[22m[2mFeature: admin-system-health-fixes, Property 3: Settings Authentication 
Requirement[2m > [22m[2mProperty: Non-admin users are rejected (Requirement 2.6)[2m > 
[22m[2mshould reject requests from non-admin users
[22m[39m[ARCJET] WARNING: Running without Arcjet protection

[90mstderr[2m | 
tests/property/admin-system-health-fixes/settings-auth.property.test.ts[2m > 
[22m[2mFeature: admin-system-health-fixes, Property 3: Settings Authentication 
Requirement[2m > [22m[2mProperty: Non-admin users are rejected (Requirement 2.6)[2m > 
[22m[2mshould reject requests from non-admin users
[22m[39m[ARCJET] WARNING: Running without Arcjet protection

[90mstderr[2m | 
tests/property/admin-system-health-fixes/settings-auth.property.test.ts[2m > 
[22m[2mFeature: admin-system-health-fixes, Property 3: Settings Authentication 
Requirement[2m > [22m[2mProperty: Non-admin users are rejected (Requirement 2.6)[2m > 
[22m[2mshould reject requests from non-admin users
[22m[39m[ARCJET] WARNING: Running without Arcjet protection

[90mstderr[2m | 
tests/property/admin-system-health-fixes/settings-auth.property.test.ts[2m > 
[22m[2mFeature: admin-system-health-fixes, Property 3: Settings Authentication 
Requirement[2m > [22m[2mProperty: Non-admin users are rejected (Requirement 2.6)[2m > 
[22m[2mshould reject requests from non-admin users
[22m[39m[ARCJET] WARNING: Running without Arcjet protection

[90mstderr[2m | 
tests/property/admin-system-health-fixes/settings-auth.property.test.ts[2m > 
[22m[2mFeature: admin-system-health-fixes, Property 3: Settings Authentication 
Requirement[2m > [22m[2mProperty: Non-admin users are rejected (Requirement 2.6)[2m > 
[22m[2mshould reject requests from non-admin users
[22m[39m[ARCJET] WARNING: Running without Arcjet protection

[90mstderr[2m | 
tests/property/admin-system-health-fixes/settings-auth.property.test.ts[2m > 
[22m[2mFeature: admin-system-health-fixes, Property 3: Settings Authentication 
Requirement[2m > [22m[2mProperty: Non-admin users are rejected (Requirement 2.6)[2m > 
[22m[2mshould reject requests from non-admin users
[22m[39m[ARCJET] WARNING: Running without Arcjet protection


[90mstdout[2m | tests/property/admin-system-health-fixes/settings-auth.property.test.ts[2m > [22m[2mFeature: admin-system-health-fixes, Property 3: Settings Authentication Requirement[2m > [22m[2mProperty: Non-admin users are rejected (Requirement 2.6)[2m > [22m[2mshould reject requests from non-admin users
[22m[39m[AUTH] Token verification failed: Access token verification failed

[90mstdout[2m | tests/property/admin-system-health-fixes/settings-auth.property.test.ts[2m > [22m[2mFeature: admin-system-health-fixes, Property 3: Settings Authentication Requirement[2m > [22m[2mProperty: Non-admin users are rejected (Requirement 2.6)[2m > [22m[2mshould reject requests from non-admin users
[22m[39m[AUTH] Token verification failed: Access token verification failed

[90mstdout[2m | tests/property/admin-system-health-fixes/settings-auth.property.test.ts[2m > [22m[2mFeature: admin-system-health-fixes, Property 3: Settings Authentication Requirement[2m > [22m[2mProperty: Non-admin users are rejected (Requirement 2.6)[2m > [22m[2mshould reject requests from non-admin users
[22m[39m[AUTH] Token verification failed: Access token verification failed

[90mstdout[2m | tests/property/admin-system-health-fixes/settings-auth.property.test.ts[2m > [22m[2mFeature: admin-system-health-fixes, Property 3: Settings Authentication Requirement[2m > [22m[2mProperty: Non-admin users are rejected (Requirement 2.6)[2m > [22m[2mshould reject requests from non-admin users
[22m[39m[AUTH] Token verification failed: Access token verification failed

[90mstdout[2m | tests/property/admin-system-health-fixes/settings-auth.property.test.ts[2m > [22m[2mFeature: admin-system-health-fixes, Property 3: Settings Authentication Requirement[2m > [22m[2mProperty: Non-admin users are rejected (Requirement 2.6)[2m > [22m[2mshould reject requests from non-admin users
[22m[39m[AUTH] Token verification failed: Access token verification failed

[90mstdout[2m | tests/property/admin-system-health-fixes/settings-auth.property.test.ts[2m > [22m[2mFeature: admin-system-health-fixes, Property 3: Settings Authentication Requirement[2m > [22m[2mProperty: Non-admin users are rejected (Requirement 2.6)[2m > [22m[2mshould reject requests from non-admin users
[22m[39m[AUTH] Token verification failed: Access token verification failed

[90mstdout[2m | tests/property/admin-system-health-fixes/settings-auth.property.test.ts[2m > [22m[2mFeature: admin-system-health-fixes, Property 3: Settings Authentication Requirement[2m > [22m[2mProperty: Non-admin users are rejected (Requirement 2.6)[2m > [22m[2mshould reject requests from non-admin users
[22m[39m[AUTH] Token verification failed: Access token verification failed

[90mstdout[2m | tests/property/admin-system-health-fixes/settings-auth.property.test.ts[2m > [22m[2mFeature: admin-system-health-fixes, Property 3: Settings Authentication Requirement[2m > [22m[2mProperty: Non-admin users are rejected (Requirement 2.6)[2m > [22m[2mshould reject requests from non-admin users
[22m[39m[AUTH] Token verification failed: Access token verification failed

[90mstdout[2m | tests/property/admin-system-health-fixes/settings-auth.property.test.ts[2m > [22m[2mFeature: admin-system-health-fixes, Property 3: Settings Authentication Requirement[2m > [22m[2mProperty: Non-admin users are rejected (Requirement 2.6)[2m > [22m[2mshould reject requests from non-admin users
[22m[39m[AUTH] Token verification failed: Access token verification failed

[90mstdout[2m | tests/property/admin-system-health-fixes/settings-auth.property.test.ts[2m > [22m[2mFeature: admin-system-health-fixes, Property 3: Settings Authentication Requirement[2m > [22m[2mProperty: Non-admin users are rejected (Requirement 2.6)[2m > [22m[2mshould reject requests from non-admin users
[22m[39m[AUTH] Token verification failed: Access token verification failed

[90mstdout[2m | tests/property/admin-system-health-fixes/settings-auth.property.test.ts[2m > [22m[2mFeature: admin-system-health-fixes, Property 3: Settings Authentication Requirement[2m > [22m[2mProperty: Non-admin users are rejected (Requirement 2.6)[2m > [22m[2mshould reject requests from non-admin users
[22m[39m[AUTH] Token verification failed: Access token verification failed

[90mstdout[2m | tests/property/admin-system-health-fixes/settings-auth.property.test.ts[2m > [22m[2mFeature: admin-system-health-fixes, Property 3: Settings Authentication Requirement[2m > [22m[2mProperty: Non-admin users are rejected (Requirement 2.6)[2m > [22m[2mshould reject requests from non-admin users
[22m[39m[AUTH] Token verification failed: Access token verification failed

[90mstdout[2m | tests/property/admin-system-health-fixes/settings-auth.property.test.ts[2m > [22m[2mFeature: admin-system-health-fixes, Property 3: Settings Authentication Requirement[2m > [22m[2mProperty: Non-admin users are rejected (Requirement 2.6)[2m > [22m[2mshould reject requests from non-admin users
[22m[39m[AUTH] Token verification failed: Access token verification failed

[90mstdout[2m | tests/property/admin-system-health-fixes/settings-auth.property.test.ts[2m > [22m[2mFeature: admin-system-health-fixes, Property 3: Settings Authentication Requirement[2m > [22m[2mProperty: Non-admin users are rejected (Requirement 2.6)[2m > [22m[2mshould reject requests from non-admin users
[22m[39m[AUTH] Token verification failed: Access token verification failed

[90mstdout[2m | tests/property/admin-system-health-fixes/settings-auth.property.test.ts[2m > [22m[2mFeature: admin-system-health-fixes, Property 3: Settings Authentication Requirement[2m > [22m[2mProperty: Non-admin users are rejected (Requirement 2.6)[2m > [22m[2mshould reject requests from non-admin users
[22m[39m[AUTH] Token verification failed: Access token verification failed

[90mstdout[2m | tests/property/admin-system-health-fixes/settings-auth.property.test.ts[2m > [22m[2mFeature: admin-system-health-fixes, Property 3: Settings Authentication Requirement[2m > [22m[2mProperty: Non-admin users are rejected (Requirement 2.6)[2m > [22m[2mshould reject requests from non-admin users
[22m[39m[AUTH] Token verification failed: Access token verification failed

[90mstdout[2m | tests/property/admin-system-health-fixes/settings-auth.property.test.ts[2m > [22m[2mFeature: admin-system-health-fixes, Property 3: Settings Authentication Requirement[2m > [22m[2mProperty: Non-admin users are rejected (Requirement 2.6)[2m > [22m[2mshould reject requests from non-admin users
[22m[39m[AUTH] Token verification failed: Access token verification failed

[90mstdout[2m | tests/property/admin-system-health-fixes/settings-auth.property.test.ts[2m > [22m[2mFeature: admin-system-health-fixes, Property 3: Settings Authentication Requirement[2m > [22m[2mProperty: Non-admin users are rejected (Requirement 2.6)[2m > [22m[2mshould reject requests from non-admin users
[22m[39m[AUTH] Token verification failed: Access token verification failed

[90mstdout[2m | tests/property/admin-system-health-fixes/settings-auth.property.test.ts[2m > [22m[2mFeature: admin-system-health-fixes, Property 3: Settings Authentication Requirement[2m > [22m[2mProperty: Non-admin users are rejected (Requirement 2.6)[2m > [22m[2mshould reject requests from non-admin users
[22m[39m[AUTH] Token verification failed: Access token verification failed

[90mstdout[2m | tests/property/admin-system-health-fixes/settings-auth.property.test.ts[2m > [22m[2mFeature: admin-system-health-fixes, Property 3: Settings Authentication Requirement[2m > [22m[2mProperty: Non-admin users are rejected (Requirement 2.6)[2m > [22m[2mshould reject requests from non-admin users
[22m[39m[AUTH] Token verification failed: Access token verification failed

[90mstdout[2m | tests/property/admin-system-health-fixes/settings-auth.property.test.ts[2m > [22m[2mFeature: admin-system-health-fixes, Property 3: Settings Authentication Requirement[2m > [22m[2mProperty: Non-admin users are rejected (Requirement 2.6)[2m > [22m[2mshould reject requests from non-admin users
[22m[39m[AUTH] Token verification failed: Access token verification failed

[90mstdout[2m | tests/property/admin-system-health-fixes/settings-auth.property.test.ts[2m > [22m[2mFeature: admin-system-health-fixes, Property 3: Settings Authentication Requirement[2m > [22m[2mProperty: Non-admin users are rejected (Requirement 2.6)[2m > [22m[2mshould reject requests from non-admin users
[22m[39m[AUTH] Token verification failed: Access token verification failed

[90mstdout[2m | tests/property/admin-system-health-fixes/settings-auth.property.test.ts[2m > [22m[2mFeature: admin-system-health-fixes, Property 3: Settings Authentication Requirement[2m > [22m[2mProperty: Non-admin users are rejected (Requirement 2.6)[2m > [22m[2mshould reject requests from non-admin users
[22m[39m[AUTH] Token verification failed: Access token verification failed

[90mstdout[2m | tests/property/admin-system-health-fixes/settings-auth.property.test.ts[2m > [22m[2mFeature: admin-system-health-fixes, Property 3: Settings Authentication Requirement[2m > [22m[2mProperty: Non-admin users are rejected (Requirement 2.6)[2m > [22m[2mshould reject requests from non-admin users
[22m[39m[AUTH] Token verification failed: Access token verification failed

[90mstdout[2m | tests/property/admin-system-health-fixes/settings-auth.property.test.ts[2m > [22m[2mFeature: admin-system-health-fixes, Property 3: Settings Authentication Requirement[2m > [22m[2mProperty: Non-admin users are rejected (Requirement 2.6)[2m > [22m[2mshould reject requests from non-admin users
[22m[39m[AUTH] Token verification failed: Access token verification failed

[90mstdout[2m | tests/property/admin-system-health-fixes/settings-auth.property.test.ts[2m > [22m[2mFeature: admin-system-health-fixes, Property 3: Settings Authentication Requirement[2m > [22m[2mProperty: Non-admin users are rejected (Requirement 2.6)[2m > [22m[2mshould reject requests from non-admin users
[22m[39m[AUTH] Token verification failed: Access token verification failed

[90mstdout[2m | tests/property/admin-system-health-fixes/settings-auth.property.test.ts[2m > [22m[2mFeature: admin-system-health-fixes, Property 3: Settings Authentication Requirement[2m > [22m[2mProperty: Non-admin users are rejected (Requirement 2.6)[2m > [22m[2mshould reject requests from non-admin users
[22m[39m[AUTH] Token verification failed: Access token verification failed

[90mstdout[2m | tests/property/admin-system-health-fixes/settings-auth.property.test.ts[2m > [22m[2mFeature: admin-system-health-fixes, Property 3: Settings Authentication Requirement[2m > [22m[2mProperty: Non-admin users are rejected (Requirement 2.6)[2m > [22m[2mshould reject requests from non-admin users
[22m[39m[AUTH] Token verification failed: Access token verification failed

[90mstdout[2m | tests/property/admin-system-health-fixes/settings-auth.property.test.ts[2m > [22m[2mFeature: admin-system-health-fixes, Property 3: Settings Authentication Requirement[2m > [22m[2mProperty: Non-admin users are rejected (Requirement 2.6)[2m > [22m[2mshould reject requests from non-admin users
[22m[39m[AUTH] Token verification failed: Access token verification failed

[90mstdout[2m | tests/property/admin-system-health-fixes/settings-auth.property.test.ts[2m > [22m[2mFeature: admin-system-health-fixes, Property 3: Settings Authentication Requirement[2m > [22m[2mProperty: Non-admin users are rejected (Requirement 2.6)[2m > [22m[2mshould reject requests from non-admin users
[22m[39m[AUTH] Token verification failed: Access token verification failed

[90mstdout[2m | tests/property/admin-system-health-fixes/settings-auth.property.test.ts[2m > [22m[2mFeature: admin-system-health-fixes, Property 3: Settings Authentication Requirement[2m > [22m[2mProperty: Non-admin users are rejected (Requirement 2.6)[2m > [22m[2mshould reject requests from non-admin users
[22m[39m[AUTH] Token verification failed: Access token verification failed

[90mstdout[2m | tests/property/admin-system-health-fixes/settings-auth.property.test.ts[2m > [22m[2mFeature: admin-system-health-fixes, Property 3: Settings Authentication Requirement[2m > [22m[2mProperty: Non-admin users are rejected (Requirement 2.6)[2m > [22m[2mshould reject requests from non-admin users
[22m[39m[AUTH] Token verification failed: Access token verification failed

[90mstderr[2m | 
tests/property/admin-system-health-fixes/settings-auth.property.test.ts[2m > 
[22m[2mFeature: admin-system-health-fixes, Property 3: Settings Authentication 
Requirement[2m > [22m[2mProperty: Non-admin users are rejected (Requirement 2.6)[2m > 
[22m[2mshould reject requests from non-admin users
[22m[39m[ARCJET] WARNING: Running without Arcjet protection

[90mstderr[2m | 
tests/property/admin-system-health-fixes/settings-auth.property.test.ts[2m > 
[22m[2mFeature: admin-system-health-fixes, Property 3: Settings Authentication 
Requirement[2m > [22m[2mProperty: Non-admin users are rejected (Requirement 2.6)[2m > 
[22m[2mshould reject requests from non-admin users
[22m[39m[ARCJET] WARNING: Running without Arcjet protection

[90mstderr[2m | 
tests/property/admin-system-health-fixes/settings-auth.property.test.ts[2m > 
[22m[2mFeature: admin-system-health-fixes, Property 3: Settings Authentication 
Requirement[2m > [22m[2mProperty: Non-admin users are rejected (Requirement 2.6)[2m > 
[22m[2mshould reject requests from non-admin users
[22m[39m[ARCJET] WARNING: Running without Arcjet protection

[90mstderr[2m | 
tests/property/admin-system-health-fixes/settings-auth.property.test.ts[2m > 
[22m[2mFeature: admin-system-health-fixes, Property 3: Settings Authentication 
Requirement[2m > [22m[2mProperty: Non-admin users are rejected (Requirement 2.6)[2m > 
[22m[2mshould reject requests from non-admin users
[22m[39m[ARCJET] WARNING: Running without Arcjet protection

[90mstderr[2m | 
tests/property/admin-system-health-fixes/settings-auth.property.test.ts[2m > 
[22m[2mFeature: admin-system-health-fixes, Property 3: Settings Authentication 
Requirement[2m > [22m[2mProperty: Non-admin users are rejected (Requirement 2.6)[2m > 
[22m[2mshould reject requests from non-admin users
[22m[39m[ARCJET] WARNING: Running without Arcjet protection

[90mstderr[2m | 
tests/property/admin-system-health-fixes/settings-auth.property.test.ts[2m > 
[22m[2mFeature: admin-system-health-fixes, Property 3: Settings Authentication 
Requirement[2m > [22m[2mProperty: Non-admin users are rejected (Requirement 2.6)[2m > 
[22m[2mshould reject requests from non-admin users
[22m[39m[ARCJET] WARNING: Running without Arcjet protection

[90mstderr[2m | 
tests/property/admin-system-health-fixes/settings-auth.property.test.ts[2m > 
[22m[2mFeature: admin-system-health-fixes, Property 3: Settings Authentication 
Requirement[2m > [22m[2mProperty: Non-admin users are rejected (Requirement 2.6)[2m > 
[22m[2mshould reject requests from non-admin users
[22m[39m[ARCJET] WARNING: Running without Arcjet protection

[90mstderr[2m | 
tests/property/admin-system-health-fixes/settings-auth.property.test.ts[2m > 
[22m[2mFeature: admin-system-health-fixes, Property 3: Settings Authentication 
Requirement[2m > [22m[2mProperty: Non-admin users are rejected (Requirement 2.6)[2m > 
[22m[2mshould reject requests from non-admin users
[22m[39m[ARCJET] WARNING: Running without Arcjet protection

[90mstderr[2m | 
tests/property/admin-system-health-fixes/settings-auth.property.test.ts[2m > 
[22m[2mFeature: admin-system-health-fixes, Property 3: Settings Authentication 
Requirement[2m > [22m[2mProperty: Non-admin users are rejected (Requirement 2.6)[2m > 
[22m[2mshould reject requests from non-admin users
[22m[39m[ARCJET] WARNING: Running without Arcjet protection

[90mstderr[2m | 
tests/property/admin-system-health-fixes/settings-auth.property.test.ts[2m > 
[22m[2mFeature: admin-system-health-fixes, Property 3: Settings Authentication 
Requirement[2m > [22m[2mProperty: Non-admin users are rejected (Requirement 2.6)[2m > 
[22m[2mshould reject requests from non-admin users
[22m[39m[ARCJET] WARNING: Running without Arcjet protection

[90mstderr[2m | 
tests/property/admin-system-health-fixes/settings-auth.property.test.ts[2m > 
[22m[2mFeature: admin-system-health-fixes, Property 3: Settings Authentication 
Requirement[2m > [22m[2mProperty: Non-admin users are rejected (Requirement 2.6)[2m > 
[22m[2mshould reject requests from non-admin users
[22m[39m[ARCJET] WARNING: Running without Arcjet protection

[90mstderr[2m | 
tests/property/admin-system-health-fixes/settings-auth.property.test.ts[2m > 
[22m[2mFeature: admin-system-health-fixes, Property 3: Settings Authentication 
Requirement[2m > [22m[2mProperty: Non-admin users are rejected (Requirement 2.6)[2m > 
[22m[2mshould reject requests from non-admin users
[22m[39m[ARCJET] WARNING: Running without Arcjet protection

[90mstderr[2m | 
tests/property/admin-system-health-fixes/settings-auth.property.test.ts[2m > 
[22m[2mFeature: admin-system-health-fixes, Property 3: Settings Authentication 
Requirement[2m > [22m[2mProperty: Non-admin users are rejected (Requirement 2.6)[2m > 
[22m[2mshould reject requests from non-admin users
[22m[39m[ARCJET] WARNING: Running without Arcjet protection

[90mstderr[2m | 
tests/property/admin-system-health-fixes/settings-auth.property.test.ts[2m > 
[22m[2mFeature: admin-system-health-fixes, Property 3: Settings Authentication 
Requirement[2m > [22m[2mProperty: Non-admin users are rejected (Requirement 2.6)[2m > 
[22m[2mshould reject requests from non-admin users
[22m[39m[ARCJET] WARNING: Running without Arcjet protection

[90mstderr[2m | 
tests/property/admin-system-health-fixes/settings-auth.property.test.ts[2m > 
[22m[2mFeature: admin-system-health-fixes, Property 3: Settings Authentication 
Requirement[2m > [22m[2mProperty: Non-admin users are rejected (Requirement 2.6)[2m > 
[22m[2mshould reject requests from non-admin users
[22m[39m[ARCJET] WARNING: Running without Arcjet protection

[90mstderr[2m | 
tests/property/admin-system-health-fixes/settings-auth.property.test.ts[2m > 
[22m[2mFeature: admin-system-health-fixes, Property 3: Settings Authentication 
Requirement[2m > [22m[2mProperty: Non-admin users are rejected (Requirement 2.6)[2m > 
[22m[2mshould reject requests from non-admin users
[22m[39m[ARCJET] WARNING: Running without Arcjet protection

[90mstderr[2m | 
tests/property/admin-system-health-fixes/settings-auth.property.test.ts[2m > 
[22m[2mFeature: admin-system-health-fixes, Property 3: Settings Authentication 
Requirement[2m > [22m[2mProperty: Non-admin users are rejected (Requirement 2.6)[2m > 
[22m[2mshould reject requests from non-admin users
[22m[39m[ARCJET] WARNING: Running without Arcjet protection

[90mstderr[2m | 
tests/property/admin-system-health-fixes/settings-auth.property.test.ts[2m > 
[22m[2mFeature: admin-system-health-fixes, Property 3: Settings Authentication 
Requirement[2m > [22m[2mProperty: Non-admin users are rejected (Requirement 2.6)[2m > 
[22m[2mshould reject requests from non-admin users
[22m[39m[ARCJET] WARNING: Running without Arcjet protection

[90mstderr[2m | 
tests/property/admin-system-health-fixes/settings-auth.property.test.ts[2m > 
[22m[2mFeature: admin-system-health-fixes, Property 3: Settings Authentication 
Requirement[2m > [22m[2mProperty: Non-admin users are rejected (Requirement 2.6)[2m > 
[22m[2mshould reject requests from non-admin users
[22m[39m[ARCJET] WARNING: Running without Arcjet protection

[90mstderr[2m | 
tests/property/admin-system-health-fixes/settings-auth.property.test.ts[2m > 
[22m[2mFeature: admin-system-health-fixes, Property 3: Settings Authentication 
Requirement[2m > [22m[2mProperty: Non-admin users are rejected (Requirement 2.6)[2m > 
[22m[2mshould reject requests from non-admin users
[22m[39m[ARCJET] WARNING: Running without Arcjet protection

[90mstderr[2m | 
tests/property/admin-system-health-fixes/settings-auth.property.test.ts[2m > 
[22m[2mFeature: admin-system-health-fixes, Property 3: Settings Authentication 
Requirement[2m > [22m[2mProperty: Non-admin users are rejected (Requirement 2.6)[2m > 
[22m[2mshould reject requests from non-admin users
[22m[39m[ARCJET] WARNING: Running without Arcjet protection

[90mstderr[2m | 
tests/property/admin-system-health-fixes/settings-auth.property.test.ts[2m > 
[22m[2mFeature: admin-system-health-fixes, Property 3: Settings Authentication 
Requirement[2m > [22m[2mProperty: Non-admin users are rejected (Requirement 2.6)[2m > 
[22m[2mshould reject requests from non-admin users
[22m[39m[ARCJET] WARNING: Running without Arcjet protection

[90mstderr[2m | 
tests/property/admin-system-health-fixes/settings-auth.property.test.ts[2m > 
[22m[2mFeature: admin-system-health-fixes, Property 3: Settings Authentication 
Requirement[2m > [22m[2mProperty: Non-admin users are rejected (Requirement 2.6)[2m > 
[22m[2mshould reject requests from non-admin users
[22m[39m[ARCJET] WARNING: Running without Arcjet protection

[90mstdout[2m | tests/property/admin-system-health-fixes/settings-auth.property.test.ts[2m > [22m[2mFeature: admin-system-health-fixes, Property 3: Settings Authentication Requirement[2m > [22m[2mProperty: Non-admin users are rejected (Requirement 2.6)[2m > [22m[2mshould reject requests from non-admin users
[22m[39m[AUTH] Token verification failed: Access token verification failed

[90mstdout[2m | tests/property/admin-system-health-fixes/settings-auth.property.test.ts[2m > [22m[2mFeature: admin-system-health-fixes, Property 3: Settings Authentication Requirement[2m > [22m[2mProperty: Non-admin users are rejected (Requirement 2.6)[2m > [22m[2mshould reject requests from non-admin users
[22m[39m[AUTH] Token verification failed: Access token verification failed

[90mstdout[2m | tests/property/admin-system-health-fixes/settings-auth.property.test.ts[2m > [22m[2mFeature: admin-system-health-fixes, Property 3: Settings Authentication Requirement[2m > [22m[2mProperty: Non-admin users are rejected (Requirement 2.6)[2m > [22m[2mshould reject requests from non-admin users
[22m[39m[AUTH] Token verification failed: Access token verification failed

[90mstdout[2m | tests/property/admin-system-health-fixes/settings-auth.property.test.ts[2m > [22m[2mFeature: admin-system-health-fixes, Property 3: Settings Authentication Requirement[2m > [22m[2mProperty: Non-admin users are rejected (Requirement 2.6)[2m > [22m[2mshould reject requests from non-admin users
[22m[39m[AUTH] Token verification failed: Access token verification failed

[90mstdout[2m | tests/property/admin-system-health-fixes/settings-auth.property.test.ts[2m > [22m[2mFeature: admin-system-health-fixes, Property 3: Settings Authentication Requirement[2m > [22m[2mProperty: Non-admin users are rejected (Requirement 2.6)[2m > [22m[2mshould reject requests from non-admin users
[22m[39m[AUTH] Token verification failed: Access token verification failed

[90mstdout[2m | tests/property/admin-system-health-fixes/settings-auth.property.test.ts[2m > [22m[2mFeature: admin-system-health-fixes, Property 3: Settings Authentication Requirement[2m > [22m[2mProperty: Non-admin users are rejected (Requirement 2.6)[2m > [22m[2mshould reject requests from non-admin users
[22m[39m[AUTH] Token verification failed: Access token verification failed

[90mstdout[2m | tests/property/admin-system-health-fixes/settings-auth.property.test.ts[2m > [22m[2mFeature: admin-system-health-fixes, Property 3: Settings Authentication Requirement[2m > [22m[2mProperty: Non-admin users are rejected (Requirement 2.6)[2m > [22m[2mshould reject requests from non-admin users
[22m[39m[AUTH] Token verification failed: Access token verification failed

[90mstdout[2m | tests/property/admin-system-health-fixes/settings-auth.property.test.ts[2m > [22m[2mFeature: admin-system-health-fixes, Property 3: Settings Authentication Requirement[2m > [22m[2mProperty: Non-admin users are rejected (Requirement 2.6)[2m > [22m[2mshould reject requests from non-admin users
[22m[39m[AUTH] Token verification failed: Access token verification failed

[90mstdout[2m | tests/property/admin-system-health-fixes/settings-auth.property.test.ts[2m > [22m[2mFeature: admin-system-health-fixes, Property 3: Settings Authentication Requirement[2m > [22m[2mProperty: Non-admin users are rejected (Requirement 2.6)[2m > [22m[2mshould reject requests from non-admin users
[22m[39m[AUTH] Token verification failed: Access token verification failed

[90mstdout[2m | tests/property/admin-system-health-fixes/settings-auth.property.test.ts[2m > [22m[2mFeature: admin-system-health-fixes, Property 3: Settings Authentication Requirement[2m > [22m[2mProperty: Non-admin users are rejected (Requirement 2.6)[2m > [22m[2mshould reject requests from non-admin users
[22m[39m[AUTH] Token verification failed: Access token verification failed

[90mstdout[2m | tests/property/admin-system-health-fixes/settings-auth.property.test.ts[2m > [22m[2mFeature: admin-system-health-fixes, Property 3: Settings Authentication Requirement[2m > [22m[2mProperty: Non-admin users are rejected (Requirement 2.6)[2m > [22m[2mshould reject requests from non-admin users
[22m[39m[AUTH] Token verification failed: Access token verification failed

[90mstdout[2m | tests/property/admin-system-health-fixes/settings-auth.property.test.ts[2m > [22m[2mFeature: admin-system-health-fixes, Property 3: Settings Authentication Requirement[2m > [22m[2mProperty: Non-admin users are rejected (Requirement 2.6)[2m > [22m[2mshould reject requests from non-admin users
[22m[39m[AUTH] Token verification failed: Access token verification failed

[90mstdout[2m | tests/property/admin-system-health-fixes/settings-auth.property.test.ts[2m > [22m[2mFeature: admin-system-health-fixes, Property 3: Settings Authentication Requirement[2m > [22m[2mProperty: Non-admin users are rejected (Requirement 2.6)[2m > [22m[2mshould reject requests from non-admin users
[22m[39m[AUTH] Token verification failed: Access token verification failed

[90mstdout[2m | tests/property/admin-system-health-fixes/settings-auth.property.test.ts[2m > [22m[2mFeature: admin-system-health-fixes, Property 3: Settings Authentication Requirement[2m > [22m[2mProperty: Non-admin users are rejected (Requirement 2.6)[2m > [22m[2mshould reject requests from non-admin users
[22m[39m[AUTH] Token verification failed: Access token verification failed

[90mstdout[2m | tests/property/admin-system-health-fixes/settings-auth.property.test.ts[2m > [22m[2mFeature: admin-system-health-fixes, Property 3: Settings Authentication Requirement[2m > [22m[2mProperty: Non-admin users are rejected (Requirement 2.6)[2m > [22m[2mshould reject requests from non-admin users
[22m[39m[AUTH] Token verification failed: Access token verification failed

[90mstdout[2m | tests/property/admin-system-health-fixes/settings-auth.property.test.ts[2m > [22m[2mFeature: admin-system-health-fixes, Property 3: Settings Authentication Requirement[2m > [22m[2mProperty: Non-admin users are rejected (Requirement 2.6)[2m > [22m[2mshould reject requests from non-admin users
[22m[39m[AUTH] Token verification failed: Access token verification failed

[90mstdout[2m | tests/property/admin-system-health-fixes/settings-auth.property.test.ts[2m > [22m[2mFeature: admin-system-health-fixes, Property 3: Settings Authentication Requirement[2m > [22m[2mProperty: Non-admin users are rejected (Requirement 2.6)[2m > [22m[2mshould reject requests from non-admin users
[22m[39m[AUTH] Token verification failed: Access token verification failed

[90mstdout[2m | tests/property/admin-system-health-fixes/settings-auth.property.test.ts[2m > [22m[2mFeature: admin-system-health-fixes, Property 3: Settings Authentication Requirement[2m > [22m[2mProperty: Non-admin users are rejected (Requirement 2.6)[2m > [22m[2mshould reject requests from non-admin users
[22m[39m[AUTH] Token verification failed: Access token verification failed

[90mstdout[2m | tests/property/admin-system-health-fixes/settings-auth.property.test.ts[2m > [22m[2mFeature: admin-system-health-fixes, Property 3: Settings Authentication Requirement[2m > [22m[2mProperty: Non-admin users are rejected (Requirement 2.6)[2m > [22m[2mshould reject requests from non-admin users
[22m[39m[AUTH] Token verification failed: Access token verification failed

[90mstdout[2m | tests/property/admin-system-health-fixes/settings-auth.property.test.ts[2m > [22m[2mFeature: admin-system-health-fixes, Property 3: Settings Authentication Requirement[2m > [22m[2mProperty: Non-admin users are rejected (Requirement 2.6)[2m > [22m[2mshould reject requests from non-admin users
[22m[39m[AUTH] Token verification failed: Access token verification failed

[90mstdout[2m | tests/property/admin-system-health-fixes/settings-auth.property.test.ts[2m > [22m[2mFeature: admin-system-health-fixes, Property 3: Settings Authentication Requirement[2m > [22m[2mProperty: Non-admin users are rejected (Requirement 2.6)[2m > [22m[2mshould reject requests from non-admin users
[22m[39m[AUTH] Token verification failed: Access token verification failed

[90mstdout[2m | tests/property/admin-system-health-fixes/settings-auth.property.test.ts[2m > [22m[2mFeature: admin-system-health-fixes, Property 3: Settings Authentication Requirement[2m > [22m[2mProperty: Non-admin users are rejected (Requirement 2.6)[2m > [22m[2mshould reject requests from non-admin users
[22m[39m[AUTH] Token verification failed: Access token verification failed

[90mstdout[2m | tests/property/admin-system-health-fixes/settings-auth.property.test.ts[2m > [22m[2mFeature: admin-system-health-fixes, Property 3: Settings Authentication Requirement[2m > [22m[2mProperty: Non-admin users are rejected (Requirement 2.6)[2m > [22m[2mshould reject requests from non-admin users
[22m[39m[AUTH] Token verification failed: Access token verification failed

[90mstderr[2m | 
tests/property/admin-system-health-fixes/settings-auth.property.test.ts[2m > 
[22m[2mFeature: admin-system-health-fixes, Property 3: Settings Authentication 
Requirement[2m > [22m[2mProperty: Non-admin users are rejected (Requirement 2.6)[2m > 
[22m[2mshould reject requests from non-admin users
[22m[39m[ARCJET] WARNING: Running without Arcjet protection

[90mstderr[2m | 
tests/property/admin-system-health-fixes/settings-auth.property.test.ts[2m > 
[22m[2mFeature: admin-system-health-fixes, Property 3: Settings Authentication 
Requirement[2m > [22m[2mProperty: Non-admin users are rejected (Requirement 2.6)[2m > 
[22m[2mshould reject requests from non-admin users
[22m[39m[ARCJET] WARNING: Running without Arcjet protection

[90mstderr[2m | 
tests/property/admin-system-health-fixes/settings-auth.property.test.ts[2m > 
[22m[2mFeature: admin-system-health-fixes, Property 3: Settings Authentication 
Requirement[2m > [22m[2mProperty: Non-admin users are rejected (Requirement 2.6)[2m > 
[22m[2mshould reject requests from non-admin users
[22m[39m[ARCJET] WARNING: Running without Arcjet protection

[90mstderr[2m | 
tests/property/admin-system-health-fixes/settings-auth.property.test.ts[2m > 
[22m[2mFeature: admin-system-health-fixes, Property 3: Settings Authentication 
Requirement[2m > [22m[2mProperty: Non-admin users are rejected (Requirement 2.6)[2m > 
[22m[2mshould reject requests from non-admin users
[22m[39m[ARCJET] WARNING: Running without Arcjet protection

[90mstderr[2m | 
tests/property/admin-system-health-fixes/settings-auth.property.test.ts[2m > 
[22m[2mFeature: admin-system-health-fixes, Property 3: Settings Authentication 
Requirement[2m > [22m[2mProperty: Non-admin users are rejected (Requirement 2.6)[2m > 
[22m[2mshould reject requests from non-admin users
[22m[39m[ARCJET] WARNING: Running without Arcjet protection

[90mstderr[2m | 
tests/property/admin-system-health-fixes/settings-auth.property.test.ts[2m > 
[22m[2mFeature: admin-system-health-fixes, Property 3: Settings Authentication 
Requirement[2m > [22m[2mProperty: Non-admin users are rejected (Requirement 2.6)[2m > 
[22m[2mshould reject requests from non-admin users
[22m[39m[ARCJET] WARNING: Running without Arcjet protection

[90mstderr[2m | 
tests/property/admin-system-health-fixes/settings-auth.property.test.ts[2m > 
[22m[2mFeature: admin-system-health-fixes, Property 3: Settings Authentication 
Requirement[2m > [22m[2mProperty: Non-admin users are rejected (Requirement 2.6)[2m > 
[22m[2mshould reject requests from non-admin users
[22m[39m[ARCJET] WARNING: Running without Arcjet protection

[90mstderr[2m | 
tests/property/admin-system-health-fixes/settings-auth.property.test.ts[2m > 
[22m[2mFeature: admin-system-health-fixes, Property 3: Settings Authentication 
Requirement[2m > [22m[2mProperty: Non-admin users are rejected (Requirement 2.6)[2m > 
[22m[2mshould reject requests from non-admin users
[22m[39m[ARCJET] WARNING: Running without Arcjet protection

[90mstderr[2m | 
tests/property/admin-system-health-fixes/settings-auth.property.test.ts[2m > 
[22m[2mFeature: admin-system-health-fixes, Property 3: Settings Authentication 
Requirement[2m > [22m[2mProperty: Non-admin users are rejected (Requirement 2.6)[2m > 
[22m[2mshould reject requests from non-admin users
[22m[39m[ARCJET] WARNING: Running without Arcjet protection

[90mstderr[2m | 
tests/property/admin-system-health-fixes/settings-auth.property.test.ts[2m > 
[22m[2mFeature: admin-system-health-fixes, Property 3: Settings Authentication 
Requirement[2m > [22m[2mProperty: Non-admin users are rejected (Requirement 2.6)[2m > 
[22m[2mshould reject requests from non-admin users
[22m[39m[ARCJET] WARNING: Running without Arcjet protection

[90mstderr[2m | 
tests/property/admin-system-health-fixes/settings-auth.property.test.ts[2m > 
[22m[2mFeature: admin-system-health-fixes, Property 3: Settings Authentication 
Requirement[2m > [22m[2mProperty: Non-admin users are rejected (Requirement 2.6)[2m > 
[22m[2mshould reject requests from non-admin users
[22m[39m[ARCJET] WARNING: Running without Arcjet protection

[90mstderr[2m | 
tests/property/admin-system-health-fixes/settings-auth.property.test.ts[2m > 
[22m[2mFeature: admin-system-health-fixes, Property 3: Settings Authentication 
Requirement[2m > [22m[2mProperty: Non-admin users are rejected (Requirement 2.6)[2m > 
[22m[2mshould reject requests from non-admin users
[22m[39m[ARCJET] WARNING: Running without Arcjet protection

[90mstderr[2m | 
tests/property/admin-system-health-fixes/settings-auth.property.test.ts[2m > 
[22m[2mFeature: admin-system-health-fixes, Property 3: Settings Authentication 
Requirement[2m > [22m[2mProperty: Non-admin users are rejected (Requirement 2.6)[2m > 
[22m[2mshould reject requests from non-admin users
[22m[39m[ARCJET] WARNING: Running without Arcjet protection

[90mstderr[2m | 
tests/property/admin-system-health-fixes/settings-auth.property.test.ts[2m > 
[22m[2mFeature: admin-system-health-fixes, Property 3: Settings Authentication 
Requirement[2m > [22m[2mProperty: Non-admin users are rejected (Requirement 2.6)[2m > 
[22m[2mshould reject requests from non-admin users
[22m[39m[ARCJET] WARNING: Running without Arcjet protection

[90mstderr[2m | 
tests/property/admin-system-health-fixes/settings-auth.property.test.ts[2m > 
[22m[2mFeature: admin-system-health-fixes, Property 3: Settings Authentication 
Requirement[2m > [22m[2mProperty: Non-admin users are rejected (Requirement 2.6)[2m > 
[22m[2mshould reject requests from non-admin users
[22m[39m[ARCJET] WARNING: Running without Arcjet protection

[90mstderr[2m | 
tests/property/admin-system-health-fixes/settings-auth.property.test.ts[2m > 
[22m[2mFeature: admin-system-health-fixes, Property 3: Settings Authentication 
Requirement[2m > [22m[2mProperty: Non-admin users are rejected (Requirement 2.6)[2m > 
[22m[2mshould reject requests from non-admin users
[22m[39m[ARCJET] WARNING: Running without Arcjet protection

[90mstderr[2m | 
tests/property/admin-system-health-fixes/settings-auth.property.test.ts[2m > 
[22m[2mFeature: admin-system-health-fixes, Property 3: Settings Authentication 
Requirement[2m > [22m[2mProperty: Non-admin users are rejected (Requirement 2.6)[2m > 
[22m[2mshould reject requests from non-admin users
[22m[39m[ARCJET] WARNING: Running without Arcjet protection
[90mstdout[2m | tests/property/admin-system-health-fixes/settings-auth.property.test.ts[2m > [22m[2mFeature: admin-system-health-fixes, Property 3: Settings Authentication Requirement[2m > [22m[2mProperty: Non-admin users are rejected (Requirement 2.6)[2m > [22m[2mshould reject requests from non-admin users
[22m[39m[AUTH] Token verification failed: Access token verification failed

[90mstdout[2m | tests/property/admin-system-health-fixes/settings-auth.property.test.ts[2m > [22m[2mFeature: admin-system-health-fixes, Property 3: Settings Authentication Requirement[2m > [22m[2mProperty: Non-admin users are rejected (Requirement 2.6)[2m > [22m[2mshould reject requests from non-admin users
[22m[39m[AUTH] Token verification failed: Access token verification failed

[90mstdout[2m | tests/property/admin-system-health-fixes/settings-auth.property.test.ts[2m > [22m[2mFeature: admin-system-health-fixes, Property 3: Settings Authentication Requirement[2m > [22m[2mProperty: Non-admin users are rejected (Requirement 2.6)[2m > [22m[2mshould reject requests from non-admin users
[22m[39m[AUTH] Token verification failed: Access token verification failed

[90mstdout[2m | tests/property/admin-system-health-fixes/settings-auth.property.test.ts[2m > [22m[2mFeature: admin-system-health-fixes, Property 3: Settings Authentication Requirement[2m > [22m[2mProperty: Non-admin users are rejected (Requirement 2.6)[2m > [22m[2mshould reject requests from non-admin users
[22m[39m[AUTH] Token verification failed: Access token verification failed

[90mstdout[2m | tests/property/admin-system-health-fixes/settings-auth.property.test.ts[2m > [22m[2mFeature: admin-system-health-fixes, Property 3: Settings Authentication Requirement[2m > [22m[2mProperty: Non-admin users are rejected (Requirement 2.6)[2m > [22m[2mshould reject requests from non-admin users
[22m[39m[AUTH] Token verification failed: Access token verification failed

[90mstdout[2m | tests/property/admin-system-health-fixes/settings-auth.property.test.ts[2m > [22m[2mFeature: admin-system-health-fixes, Property 3: Settings Authentication Requirement[2m > [22m[2mProperty: Non-admin users are rejected (Requirement 2.6)[2m > [22m[2mshould reject requests from non-admin users
[22m[39m[AUTH] Token verification failed: Access token verification failed

[90mstdout[2m | tests/property/admin-system-health-fixes/settings-auth.property.test.ts[2m > [22m[2mFeature: admin-system-health-fixes, Property 3: Settings Authentication Requirement[2m > [22m[2mProperty: Non-admin users are rejected (Requirement 2.6)[2m > [22m[2mshould reject requests from non-admin users
[22m[39m[AUTH] Token verification failed: Access token verification failed

[90mstdout[2m | tests/property/admin-system-health-fixes/settings-auth.property.test.ts[2m > [22m[2mFeature: admin-system-health-fixes, Property 3: Settings Authentication Requirement[2m > [22m[2mProperty: Non-admin users are rejected (Requirement 2.6)[2m > [22m[2mshould reject requests from non-admin users
[22m[39m[AUTH] Token verification failed: Access token verification failed

[90mstdout[2m | tests/property/admin-system-health-fixes/settings-auth.property.test.ts[2m > [22m[2mFeature: admin-system-health-fixes, Property 3: Settings Authentication Requirement[2m > [22m[2mProperty: Non-admin users are rejected (Requirement 2.6)[2m > [22m[2mshould reject requests from non-admin users
[22m[39m[AUTH] Token verification failed: Access token verification failed

[90mstdout[2m | tests/property/admin-system-health-fixes/settings-auth.property.test.ts[2m > [22m[2mFeature: admin-system-health-fixes, Property 3: Settings Authentication Requirement[2m > [22m[2mProperty: Non-admin users are rejected (Requirement 2.6)[2m > [22m[2mshould reject requests from non-admin users
[22m[39m[AUTH] Token verification failed: Access token verification failed

[90mstdout[2m | tests/property/admin-system-health-fixes/settings-auth.property.test.ts[2m > [22m[2mFeature: admin-system-health-fixes, Property 3: Settings Authentication Requirement[2m > [22m[2mProperty: Non-admin users are rejected (Requirement 2.6)[2m > [22m[2mshould reject requests from non-admin users
[22m[39m[AUTH] Token verification failed: Access token verification failed

[90mstdout[2m | tests/property/admin-system-health-fixes/settings-auth.property.test.ts[2m > [22m[2mFeature: admin-system-health-fixes, Property 3: Settings Authentication Requirement[2m > [22m[2mProperty: Error responses have consistent format[2m > [22m[2mshould return consistent error format for all auth failures
[22m[39m[AUTH] Token verification failed: Access token verification failed

[90mstdout[2m | tests/property/admin-system-health-fixes/settings-auth.property.test.ts[2m > [22m[2mFeature: admin-system-health-fixes, Property 3: Settings Authentication Requirement[2m > [22m[2mProperty: Error responses have consistent format[2m > [22m[2mshould return consistent error format for all auth failures
[22m[39m[AUTH] Token verification failed: Access token verification failed

[90mstdout[2m | tests/property/admin-system-health-fixes/settings-auth.property.test.ts[2m > [22m[2mFeature: admin-system-health-fixes, Property 3: Settings Authentication Requirement[2m > [22m[2mProperty: Error responses have consistent format[2m > [22m[2mshould return consistent error format for all auth failures
[22m[39m[AUTH] Token verification failed: Access token verification failed

[90mstdout[2m | tests/property/admin-system-health-fixes/settings-auth.property.test.ts[2m > [22m[2mFeature: admin-system-health-fixes, Property 3: Settings Authentication Requirement[2m > [22m[2mProperty: Error responses have consistent format[2m > [22m[2mshould return consistent error format for all auth failures
[22m[39m[AUTH] Token verification failed: Access token verification failed


[90mstderr[2m | 
tests/property/admin-system-health-fixes/settings-auth.property.test.ts[2m > 
[22m[2mFeature: admin-system-health-fixes, Property 3: Settings Authentication 
Requirement[2m > [22m[2mProperty: Non-admin users are rejected (Requirement 2.6)[2m > 
[22m[2mshould reject requests from non-admin users
[22m[39m[ARCJET] WARNING: Running without Arcjet protection

[90mstderr[2m | 
tests/property/admin-system-health-fixes/settings-auth.property.test.ts[2m > 
[22m[2mFeature: admin-system-health-fixes, Property 3: Settings Authentication 
Requirement[2m > [22m[2mProperty: Non-admin users are rejected (Requirement 2.6)[2m > 
[22m[2mshould reject requests from non-admin users
[22m[39m[ARCJET] WARNING: Running without Arcjet protection

[90mstderr[2m | 
tests/property/admin-system-health-fixes/settings-auth.property.test.ts[2m > 
[22m[2mFeature: admin-system-health-fixes, Property 3: Settings Authentication 
Requirement[2m > [22m[2mProperty: Non-admin users are rejected (Requirement 2.6)[2m > 
[22m[2mshould reject requests from non-admin users
[22m[39m[ARCJET] WARNING: Running without Arcjet protection

[90mstderr[2m | 
tests/property/admin-system-health-fixes/settings-auth.property.test.ts[2m > 
[22m[2mFeature: admin-system-health-fixes, Property 3: Settings Authentication 
Requirement[2m > [22m[2mProperty: Non-admin users are rejected (Requirement 2.6)[2m > 
[22m[2mshould reject requests from non-admin users
[22m[39m[ARCJET] WARNING: Running without Arcjet protection

[90mstderr[2m | 
tests/property/admin-system-health-fixes/settings-auth.property.test.ts[2m > 
[22m[2mFeature: admin-system-health-fixes, Property 3: Settings Authentication 
Requirement[2m > [22m[2mProperty: Non-admin users are rejected (Requirement 2.6)[2m > 
[22m[2mshould reject requests from non-admin users
[22m[39m[ARCJET] WARNING: Running without Arcjet protection

[90mstderr[2m | 
tests/property/admin-system-health-fixes/settings-auth.property.test.ts[2m > 
[22m[2mFeature: admin-system-health-fixes, Property 3: Settings Authentication 
Requirement[2m > [22m[2mProperty: Error responses have consistent format[2m > 
[22m[2mshould return consistent error format for all auth failures
[22m[39m[ARCJET] WARNING: Running without Arcjet protection

[90mstderr[2m | 
tests/property/admin-system-health-fixes/settings-auth.property.test.ts[2m > 
[22m[2mFeature: admin-system-health-fixes, Property 3: Settings Authentication 
Requirement[2m > [22m[2mProperty: Error responses have consistent format[2m > 
[22m[2mshould return consistent error format for all auth failures
[22m[39m[ARCJET] WARNING: Running without Arcjet protection

[90mstderr[2m | 
tests/property/admin-system-health-fixes/settings-auth.property.test.ts[2m > 
[22m[2mFeature: admin-system-health-fixes, Property 3: Settings Authentication 
Requirement[2m > [22m[2mProperty: Error responses have consistent format[2m > 
[22m[2mshould return consistent error format for all auth failures
[22m[39m[ARCJET] WARNING: Running without Arcjet protection

[90mstderr[2m | 
tests/property/admin-system-health-fixes/settings-auth.property.test.ts[2m > 
[22m[2mFeature: admin-system-health-fixes, Property 3: Settings Authentication 
Requirement[2m > [22m[2mProperty: Error responses have consistent format[2m > 
[22m[2mshould return consistent error format for all auth failures
[22m[39m[ARCJET] WARNING: Running without Arcjet protection

[90mstderr[2m | 
tests/property/admin-system-health-fixes/settings-auth.property.test.ts[2m > 
[22m[2mFeature: admin-system-health-fixes, Property 3: Settings Authentication 
Requirement[2m > [22m[2mProperty: Error responses have consistent format[2m > 
[22m[2mshould return consistent error format for all auth failures
[22m[39m[ARCJET] WARNING: Running without Arcjet protection

[90mstderr[2m | 
tests/property/admin-system-health-fixes/settings-auth.property.test.ts[2m > 
[22m[2mFeature: admin-system-health-fixes, Property 3: Settings Authentication 
Requirement[2m > [22m[2mProperty: Error responses have consistent format[2m > 
[22m[2mshould return consistent error format for all auth failures
[22m[39m[ARCJET] WARNING: Running without Arcjet protection

[90mstderr[2m | 
tests/property/admin-system-health-fixes/settings-auth.property.test.ts[2m > 
[22m[2mFeature: admin-system-health-fixes, Property 3: Settings Authentication 
Requirement[2m > [22m[2mProperty: Error responses have consistent format[2m > 
[22m[2mshould return consistent error format for all auth failures
[22m[39m[ARCJET] WARNING: Running without Arcjet protection

[90mstderr[2m | 
tests/property/admin-system-health-fixes/settings-auth.property.test.ts[2m > 
[22m[2mFeature: admin-system-health-fixes, Property 3: Settings Authentication 
Requirement[2m > [22m[2mProperty: Error responses have consistent format[2m > 
[22m[2mshould return consistent error format for all auth failures
[22m[39m[ARCJET] WARNING: Running without Arcjet protection

[90mstderr[2m | 
tests/property/admin-system-health-fixes/settings-auth.property.test.ts[2m > 
[22m[2mFeature: admin-system-health-fixes, Property 3: Settings Authentication 
Requirement[2m > [22m[2mProperty: Error responses have consistent format[2m > 
[22m[2mshould return consistent error format for all auth failures
[22m[39m[ARCJET] WARNING: Running without Arcjet protection

[90mstderr[2m | 
tests/property/admin-system-health-fixes/settings-auth.property.test.ts[2m > 
[22m[2mFeature: admin-system-health-fixes, Property 3: Settings Authentication 
Requirement[2m > [22m[2mProperty: Error responses have consistent format[2m > 
[22m[2mshould return consistent error format for all auth failures
[22m[39m[ARCJET] WARNING: Running without Arcjet protection

[90mstderr[2m | 
tests/property/admin-system-health-fixes/settings-auth.property.test.ts[2m > 
[22m[2mFeature: admin-system-health-fixes, Property 3: Settings Authentication 
Requirement[2m > [22m[2mProperty: Error responses have consistent format[2m > 
[22m[2mshould return consistent error format for all auth failures
[22m[39m[ARCJET] WARNING: Running without Arcjet protection

[90mstderr[2m | 
tests/property/admin-system-health-fixes/settings-auth.property.test.ts[2m > 
[22m[2mFeature: admin-system-health-fixes, Property 3: Settings Authentication 
Requirement[2m > [22m[2mProperty: Error responses have consistent format[2m > 
[22m[2mshould return consistent error format for all auth failures
[22m[39m[ARCJET] WARNING: Running without Arcjet protection

[90mstderr[2m | 
tests/property/admin-system-health-fixes/settings-auth.property.test.ts[2m > 
[22m[2mFeature: admin-system-health-fixes, Property 3: Settings Authentication 
Requirement[2m > [22m[2mProperty: Error responses have consistent format[2m > 
[22m[2mshould return consistent error format for all auth failures
[22m[39m[ARCJET] WARNING: Running without Arcjet protection

[90mstderr[2m | 
tests/property/admin-system-health-fixes/settings-auth.property.test.ts[2m > 
[22m[2mFeature: admin-system-health-fixes, Property 3: Settings Authentication 
Requirement[2m > [22m[2mProperty: Error responses have consistent format[2m > 
[22m[2mshould return consistent error format for all auth failures
[22m[39m[ARCJET] WARNING: Running without Arcjet protection

[90mstderr[2m | 
tests/property/admin-system-health-fixes/settings-auth.property.test.ts[2m > 
[22m[2mFeature: admin-system-health-fixes, Property 3: Settings Authentication 
Requirement[2m > [22m[2mProperty: Error responses have consistent format[2m > 
[22m[2mshould return consistent error format for all auth failures
[22m[39m[ARCJET] WARNING: Running without Arcjet protection

[90mstderr[2m | 
tests/property/admin-system-health-fixes/settings-auth.property.test.ts[2m > 
[22m[2mFeature: admin-system-health-fixes, Property 3: Settings Authentication 
Requirement[2m > [22m[2mProperty: Error responses have consistent format[2m > 
[22m[2mshould return consistent error format for all auth failures
[22m[39m[ARCJET] WARNING: Running without Arcjet protection

[90mstderr[2m | 
tests/property/admin-system-health-fixes/settings-auth.property.test.ts[2m > 
[22m[2mFeature: admin-system-health-fixes, Property 3: Settings Authentication 
Requirement[2m > [22m[2mProperty: Error responses have consistent format[2m > 
[22m[2mshould return consistent error format for all auth failures
[22m[39m[ARCJET] WARNING: Running without Arcjet protection

[90mstderr[2m | 
tests/property/admin-system-health-fixes/settings-auth.property.test.ts[2m > 
[22m[2mFeature: admin-system-health-fixes, Property 3: Settings Authentication 
Requirement[2m > [22m[2mProperty: Error responses have consistent format[2m > 
[22m[2mshould return consistent error format for all auth failures
[22m[39m[ARCJET] WARNING: Running without Arcjet protection

[90mstderr[2m | 
tests/property/admin-system-health-fixes/settings-auth.property.test.ts[2m > 
[22m[2mFeature: admin-system-health-fixes, Property 3: Settings Authentication 
Requirement[2m > [22m[2mProperty: Error responses have consistent format[2m > 
[22m[2mshould return consistent error format for all auth failures
[22m[39m[ARCJET] WARNING: Running without Arcjet protection

[90mstderr[2m | 
tests/property/admin-system-health-fixes/settings-auth.property.test.ts[2m > 
[22m[2mFeature: admin-system-health-fixes, Property 3: Settings Authentication 
Requirement[2m > [22m[2mProperty: Error responses have consistent format[2m > 
[22m[2mshould return consistent error format for all auth failures
[22m[39m[ARCJET] WARNING: Running without Arcjet protection

[90mstderr[2m | 
tests/property/admin-system-health-fixes/settings-auth.property.test.ts[2m > 
[22m[2mFeature: admin-system-health-fixes, Property 3: Settings Authentication 
Requirement[2m > [22m[2mProperty: Error responses have consistent format[2m > 
[22m[2mshould return consistent error format for all auth failures
[22m[39m[ARCJET] WARNING: Running without Arcjet protection

[90mstderr[2m | 
tests/property/admin-system-health-fixes/settings-auth.property.test.ts[2m > 
[22m[2mFeature: admin-system-health-fixes, Property 3: Settings Authentication 
Requirement[2m > [22m[2mProperty: Error responses have consistent format[2m > 
[22m[2mshould return consistent error format for all auth failures
[22m[39m[ARCJET] WARNING: Running without Arcjet protection

[90mstderr[2m | 
tests/property/admin-system-health-fixes/settings-auth.property.test.ts[2m > 
[22m[2mFeature: admin-system-health-fixes, Property 3: Settings Authentication 
Requirement[2m > [22m[2mProperty: Error responses have consistent format[2m > 
[22m[2mshould return consistent error format for all auth failures
[22m[39m[ARCJET] WARNING: Running without Arcjet protection

[90mstderr[2m | 
tests/property/admin-system-health-fixes/settings-auth.property.test.ts[2m > 
[22m[2mFeature: admin-system-health-fixes, Property 3: Settings Authentication 
Requirement[2m > [22m[2mProperty: Error responses have consistent format[2m > 
[22m[2mshould return consistent error format for all auth failures
[22m[39m[ARCJET] WARNING: Running without Arcjet protection

[90mstderr[2m | 
tests/property/admin-system-health-fixes/settings-auth.property.test.ts[2m > 
[22m[2mFeature: admin-system-health-fixes, Property 3: Settings Authentication 
Requirement[2m > [22m[2mProperty: Error responses have consistent format[2m > 
[22m[2mshould return consistent error format for all auth failures
[22m[39m[ARCJET] WARNING: Running without Arcjet protection

[90mstderr[2m | 
tests/property/admin-system-health-fixes/settings-auth.property.test.ts[2m > 
[22m[2mFeature: admin-system-health-fixes, Property 3: Settings Authentication 
Requirement[2m > [22m[2mProperty: Error responses have consistent format[2m > 
[22m[2mshould return consistent error format for all auth failures
[22m[39m[ARCJET] WARNING: Running without Arcjet protection

[90mstderr[2m | 
tests/property/admin-system-health-fixes/settings-auth.property.test.ts[2m > 
[22m[2mFeature: admin-system-health-fixes, Property 3: Settings Authentication 
Requirement[2m > [22m[2mProperty: Error responses have consistent format[2m > 
[22m[2mshould return consistent error format for all auth failures
[22m[39m[ARCJET] WARNING: Running without Arcjet protection

[90mstderr[2m | 
tests/property/admin-system-health-fixes/settings-auth.property.test.ts[2m > 
[22m[2mFeature: admin-system-health-fixes, Property 3: Settings Authentication 
Requirement[2m > [22m[2mProperty: Error responses have consistent format[2m > 
[22m[2mshould return consistent error format for all auth failures
[22m[39m[ARCJET] WARNING: Running without Arcjet protection

[90mstderr[2m | 
tests/property/admin-system-health-fixes/settings-auth.property.test.ts[2m > 
[22m[2mFeature: admin-system-health-fixes, Property 3: Settings Authentication 
Requirement[2m > [22m[2mProperty: Error responses have consistent format[2m > 
[22m[2mshould return consistent error format for all auth failures
[22m[39m[ARCJET] WARNING: Running without Arcjet protection

[90mstderr[2m | 
tests/property/admin-system-health-fixes/settings-auth.property.test.ts[2m > 
[22m[2mFeature: admin-system-health-fixes, Property 3: Settings Authentication 
Requirement[2m > [22m[2mProperty: Error responses have consistent format[2m > 
[22m[2mshould return consistent error format for all auth failures
[22m[39m[ARCJET] WARNING: Running without Arcjet protection

[90mstderr[2m | 
tests/property/admin-system-health-fixes/settings-auth.property.test.ts[2m > 
[22m[2mFeature: admin-system-health-fixes, Property 3: Settings Authentication 
Requirement[2m > [22m[2mProperty: Error responses have consistent format[2m > 
[22m[2mshould return consistent error format for all auth failures
[22m[39m[ARCJET] WARNING: Running without Arcjet protection

[90mstdout[2m | tests/property/admin-system-health-fixes/settings-auth.property.test.ts[2m > [22m[2mFeature: admin-system-health-fixes, Property 3: Settings Authentication Requirement[2m > [22m[2mProperty: Error responses have consistent format[2m > [22m[2mshould return consistent error format for all auth failures
[22m[39m[AUTH] Token verification failed: Access token verification failed

[90mstdout[2m | tests/property/admin-system-health-fixes/settings-auth.property.test.ts[2m > [22m[2mFeature: admin-system-health-fixes, Property 3: Settings Authentication Requirement[2m > [22m[2mProperty: Error responses have consistent format[2m > [22m[2mshould return consistent error format for all auth failures
[22m[39m[AUTH] Token verification failed: Access token verification failed

[90mstdout[2m | tests/property/admin-system-health-fixes/settings-auth.property.test.ts[2m > [22m[2mFeature: admin-system-health-fixes, Property 3: Settings Authentication Requirement[2m > [22m[2mProperty: Error responses have consistent format[2m > [22m[2mshould return consistent error format for all auth failures
[22m[39m[AUTH] Token verification failed: Access token verification failed

[90mstdout[2m | tests/property/admin-system-health-fixes/settings-auth.property.test.ts[2m > [22m[2mFeature: admin-system-health-fixes, Property 3: Settings Authentication Requirement[2m > [22m[2mProperty: Error responses have consistent format[2m > [22m[2mshould return consistent error format for all auth failures
[22m[39m[AUTH] Token verification failed: Access token verification failed

[90mstdout[2m | tests/property/admin-system-health-fixes/settings-auth.property.test.ts[2m > [22m[2mFeature: admin-system-health-fixes, Property 3: Settings Authentication Requirement[2m > [22m[2mProperty: Error responses have consistent format[2m > [22m[2mshould return consistent error format for all auth failures
[22m[39m[AUTH] Token verification failed: Access token verification failed

[90mstdout[2m | tests/property/admin-system-health-fixes/settings-auth.property.test.ts[2m > [22m[2mFeature: admin-system-health-fixes, Property 3: Settings Authentication Requirement[2m > [22m[2mProperty: Error responses have consistent format[2m > [22m[2mshould return consistent error format for all auth failures
[22m[39m[AUTH] Token verification failed: Access token verification failed

[90mstdout[2m | tests/property/admin-system-health-fixes/settings-auth.property.test.ts[2m > [22m[2mFeature: admin-system-health-fixes, Property 3: Settings Authentication Requirement[2m > [22m[2mProperty: Error responses have consistent format[2m > [22m[2mshould return consistent error format for all auth failures
[22m[39m[AUTH] Token verification failed: Access token verification failed

[90mstdout[2m | tests/property/admin-system-health-fixes/settings-auth.property.test.ts[2m > [22m[2mFeature: admin-system-health-fixes, Property 3: Settings Authentication Requirement[2m > [22m[2mProperty: Error responses have consistent format[2m > [22m[2mshould return consistent error format for all auth failures
[22m[39m[AUTH] Token verification failed: Access token verification failed

[90mstdout[2m | tests/property/admin-system-health-fixes/settings-auth.property.test.ts[2m > [22m[2mFeature: admin-system-health-fixes, Property 3: Settings Authentication Requirement[2m > [22m[2mProperty: Error responses have consistent format[2m > [22m[2mshould return consistent error format for all auth failures
[22m[39m[AUTH] Token verification failed: Access token verification failed

[90mstdout[2m | tests/property/admin-system-health-fixes/settings-auth.property.test.ts[2m > [22m[2mFeature: admin-system-health-fixes, Property 3: Settings Authentication Requirement[2m > [22m[2mProperty: Error responses have consistent format[2m > [22m[2mshould return consistent error format for all auth failures
[22m[39m[AUTH] Token verification failed: Access token verification failed

[90mstderr[2m | 
tests/property/admin-system-health-fixes/settings-auth.property.test.ts[2m > 
[22m[2mFeature: admin-system-health-fixes, Property 3: Settings Authentication 
Requirement[2m > [22m[2mProperty: Error responses have consistent format[2m > 
[22m[2mshould return consistent error format for all auth failures
[22m[39m[ARCJET] WARNING: Running without Arcjet protection

[90mstderr[2m | 
tests/property/admin-system-health-fixes/settings-auth.property.test.ts[2m > 
[22m[2mFeature: admin-system-health-fixes, Property 3: Settings Authentication 
Requirement[2m > [22m[2mProperty: Error responses have consistent format[2m > 
[22m[2mshould return consistent error format for all auth failures
[22m[39m[ARCJET] WARNING: Running without Arcjet protection

[90mstderr[2m | 
tests/property/admin-system-health-fixes/settings-auth.property.test.ts[2m > 
[22m[2mFeature: admin-system-health-fixes, Property 3: Settings Authentication 
Requirement[2m > [22m[2mProperty: Error responses have consistent format[2m > 
[22m[2mshould return consistent error format for all auth failures
[22m[39m[ARCJET] WARNING: Running without Arcjet protection

[90mstderr[2m | 
tests/property/admin-system-health-fixes/settings-auth.property.test.ts[2m > 
[22m[2mFeature: admin-system-health-fixes, Property 3: Settings Authentication 
Requirement[2m > [22m[2mProperty: Error responses have consistent format[2m > 
[22m[2mshould return consistent error format for all auth failures
[22m[39m[ARCJET] WARNING: Running without Arcjet protection

[90mstderr[2m | 
tests/property/admin-system-health-fixes/settings-auth.property.test.ts[2m > 
[22m[2mFeature: admin-system-health-fixes, Property 3: Settings Authentication 
Requirement[2m > [22m[2mProperty: Error responses have consistent format[2m > 
[22m[2mshould return consistent error format for all auth failures
[22m[39m[ARCJET] WARNING: Running without Arcjet protection

[90mstderr[2m | 
tests/property/admin-system-health-fixes/settings-auth.property.test.ts[2m > 
[22m[2mFeature: admin-system-health-fixes, Property 3: Settings Authentication 
Requirement[2m > [22m[2mProperty: Error responses have consistent format[2m > 
[22m[2mshould return consistent error format for all auth failures
[22m[39m[ARCJET] WARNING: Running without Arcjet protection

[90mstderr[2m | 
tests/property/admin-system-health-fixes/settings-auth.property.test.ts[2m > 
[22m[2mFeature: admin-system-health-fixes, Property 3: Settings Authentication 
Requirement[2m > [22m[2mProperty: Error responses have consistent format[2m > 
[22m[2mshould return consistent error format for all auth failures
[22m[39m[ARCJET] WARNING: Running without Arcjet protection

[90mstderr[2m | 
tests/property/admin-system-health-fixes/settings-auth.property.test.ts[2m > 
[22m[2mFeature: admin-system-health-fixes, Property 3: Settings Authentication 
Requirement[2m > [22m[2mProperty: Error responses have consistent format[2m > 
[22m[2mshould return consistent error format for all auth failures
[22m[39m[ARCJET] WARNING: Running without Arcjet protection

[90mstderr[2m | 
tests/property/admin-system-health-fixes/settings-auth.property.test.ts[2m > 
[22m[2mFeature: admin-system-health-fixes, Property 3: Settings Authentication 
Requirement[2m > [22m[2mProperty: Error responses have consistent format[2m > 
[22m[2mshould return consistent error format for all auth failures
[22m[39m[ARCJET] WARNING: Running without Arcjet protection

[90mstderr[2m | 
tests/property/admin-system-health-fixes/settings-auth.property.test.ts[2m > 
[22m[2mFeature: admin-system-health-fixes, Property 3: Settings Authentication 
Requirement[2m > [22m[2mProperty: Error responses have consistent format[2m > 
[22m[2mshould return consistent error format for all auth failures
[22m[39m[ARCJET] WARNING: Running without Arcjet protection

[90mstderr[2m | 
tests/property/admin-system-health-fixes/settings-auth.property.test.ts[2m > 
[22m[2mFeature: admin-system-health-fixes, Property 3: Settings Authentication 
Requirement[2m > [22m[2mProperty: Error responses have consistent format[2m > 
[22m[2mshould return consistent error format for all auth failures
[22m[39m[ARCJET] WARNING: Running without Arcjet protection

[90mstderr[2m | 
tests/property/admin-system-health-fixes/settings-auth.property.test.ts[2m > 
[22m[2mFeature: admin-system-health-fixes, Property 3: Settings Authentication 
Requirement[2m > [22m[2mProperty: Error responses have consistent format[2m > 
[22m[2mshould return consistent error format for all auth failures
[22m[39m[ARCJET] WARNING: Running without Arcjet protection

[90mstderr[2m | 
tests/property/admin-system-health-fixes/settings-auth.property.test.ts[2m > 
[22m[2mFeature: admin-system-health-fixes, Property 3: Settings Authentication 
Requirement[2m > [22m[2mProperty: Error responses have consistent format[2m > 
[22m[2mshould return consistent error format for all auth failures
[22m[39m[ARCJET] WARNING: Running without Arcjet protection

[90mstderr[2m | 
tests/property/admin-system-health-fixes/settings-auth.property.test.ts[2m > 
[22m[2mFeature: admin-system-health-fixes, Property 3: Settings Authentication 
Requirement[2m > [22m[2mProperty: Error responses have consistent format[2m > 
[22m[2mshould return consistent error format for all auth failures
[22m[39m[ARCJET] WARNING: Running without Arcjet protection

[90mstderr[2m | 
tests/property/admin-system-health-fixes/settings-auth.property.test.ts[2m > 
[22m[2mFeature: admin-system-health-fixes, Property 3: Settings Authentication 
Requirement[2m > [22m[2mProperty: Error responses have consistent format[2m > 
[22m[2mshould return consistent error format for all auth failures
[22m[39m[ARCJET] WARNING: Running without Arcjet protection

[90mstderr[2m | 
tests/property/admin-system-health-fixes/settings-auth.property.test.ts[2m > 
[22m[2mFeature: admin-system-health-fixes, Property 3: Settings Authentication 
Requirement[2m > [22m[2mProperty: Error responses have consistent format[2m > 
[22m[2mshould return consistent error format for all auth failures
[22m[39m[ARCJET] WARNING: Running without Arcjet protection
[90mstdout[2m | tests/property/admin-system-health-fixes/settings-auth.property.test.ts[2m > [22m[2mFeature: admin-system-health-fixes, Property 3: Settings Authentication Requirement[2m > [22m[2mProperty: Error responses have consistent format[2m > [22m[2mshould return consistent error format for all auth failures
[22m[39m[AUTH] Token verification failed: Access token verification failed

[90mstdout[2m | tests/property/admin-system-health-fixes/settings-auth.property.test.ts[2m > [22m[2mFeature: admin-system-health-fixes, Property 3: Settings Authentication Requirement[2m > [22m[2mProperty: Error responses have consistent format[2m > [22m[2mshould return consistent error format for all auth failures
[22m[39m[AUTH] Token verification failed: Access token verification failed

[90mstdout[2m | tests/property/admin-system-health-fixes/settings-auth.property.test.ts[2m > [22m[2mFeature: admin-system-health-fixes, Property 3: Settings Authentication Requirement[2m > [22m[2mProperty: Error responses have consistent format[2m > [22m[2mshould return consistent error format for all auth failures
[22m[39m[AUTH] Token verification failed: Access token verification failed

[90mstdout[2m | tests/property/admin-system-health-fixes/settings-auth.property.test.ts[2m > [22m[2mFeature: admin-system-health-fixes, Property 3: Settings Authentication Requirement[2m > [22m[2mProperty: Error responses have consistent format[2m > [22m[2mshould return consistent error format for all auth failures
[22m[39m[AUTH] Token verification failed: Access token verification failed


[90mstderr[2m | 
tests/property/admin-system-health-fixes/settings-auth.property.test.ts[2m > 
[22m[2mFeature: admin-system-health-fixes, Property 3: Settings Authentication 
Requirement[2m > [22m[2mProperty: Error responses have consistent format[2m > 
[22m[2mshould return consistent error format for all auth failures
[22m[39m[ARCJET] WARNING: Running without Arcjet protection

[90mstderr[2m | 
tests/property/admin-system-health-fixes/settings-auth.property.test.ts[2m > 
[22m[2mFeature: admin-system-health-fixes, Property 3: Settings Authentication 
Requirement[2m > [22m[2mProperty: Error responses have consistent format[2m > 
[22m[2mshould return consistent error format for all auth failures
[22m[39m[ARCJET] WARNING: Running without Arcjet protection

[90mstderr[2m | 
tests/property/admin-system-health-fixes/settings-auth.property.test.ts[2m > 
[22m[2mFeature: admin-system-health-fixes, Property 3: Settings Authentication 
Requirement[2m > [22m[2mProperty: Error responses have consistent format[2m > 
[22m[2mshould return consistent error format for all auth failures
[22m[39m[ARCJET] WARNING: Running without Arcjet protection

[90mstderr[2m | 
tests/property/admin-system-health-fixes/settings-auth.property.test.ts[2m > 
[22m[2mFeature: admin-system-health-fixes, Property 3: Settings Authentication 
Requirement[2m > [22m[2mProperty: Error responses have consistent format[2m > 
[22m[2mshould return consistent error format for all auth failures
[22m[39m[ARCJET] WARNING: Running without Arcjet protection

[90mstderr[2m | 
tests/property/admin-system-health-fixes/settings-auth.property.test.ts[2m > 
[22m[2mFeature: admin-system-health-fixes, Property 3: Settings Authentication 
Requirement[2m > [22m[2mProperty: Error responses have consistent format[2m > 
[22m[2mshould return consistent error format for all auth failures
[22m[39m[ARCJET] WARNING: Running without Arcjet protection

[90mstderr[2m | 
tests/property/admin-system-health-fixes/settings-auth.property.test.ts[2m > 
[22m[2mFeature: admin-system-health-fixes, Property 3: Settings Authentication 
Requirement[2m > [22m[2mProperty: Error responses have consistent format[2m > 
[22m[2mshould return consistent error format for all auth failures
[22m[39m[ARCJET] WARNING: Running without Arcjet protection

[90mstderr[2m | 
tests/property/admin-system-health-fixes/settings-auth.property.test.ts[2m > 
[22m[2mFeature: admin-system-health-fixes, Property 3: Settings Authentication 
Requirement[2m > [22m[2mProperty: Error responses have consistent format[2m > 
[22m[2mshould return consistent error format for all auth failures
[22m[39m[ARCJET] WARNING: Running without Arcjet protection

[90mstderr[2m | 
tests/property/admin-system-health-fixes/settings-auth.property.test.ts[2m > 
[22m[2mFeature: admin-system-health-fixes, Property 3: Settings Authentication 
Requirement[2m > [22m[2mProperty: Error responses have consistent format[2m > 
[22m[2mshould return consistent error format for all auth failures
[22m[39m[ARCJET] WARNING: Running without Arcjet protection

[90mstderr[2m | 
tests/property/admin-system-health-fixes/settings-auth.property.test.ts[2m > 
[22m[2mFeature: admin-system-health-fixes, Property 3: Settings Authentication 
Requirement[2m > [22m[2mProperty: Error responses have consistent format[2m > 
[22m[2mshould return consistent error format for all auth failures
[22m[39m[ARCJET] WARNING: Running without Arcjet protection

[90mstderr[2m | 
tests/property/admin-system-health-fixes/settings-auth.property.test.ts[2m > 
[22m[2mFeature: admin-system-health-fixes, Property 3: Settings Authentication 
Requirement[2m > [22m[2mProperty: Error responses have consistent format[2m > 
[22m[2mshould return consistent error format for all auth failures
[22m[39m[ARCJET] WARNING: Running without Arcjet protection

[90mstderr[2m | 
tests/property/admin-system-health-fixes/settings-auth.property.test.ts[2m > 
[22m[2mFeature: admin-system-health-fixes, Property 3: Settings Authentication 
Requirement[2m > [22m[2mProperty: Error responses have consistent format[2m > 
[22m[2mshould return consistent error format for all auth failures
[22m[39m[ARCJET] WARNING: Running without Arcjet protection

[90mstdout[2m | tests/property/admin-system-health-fixes/settings-auth.property.test.ts[2m > [22m[2mFeature: admin-system-health-fixes, Property 3: Settings Authentication Requirement[2m > [22m[2mProperty: Error responses have consistent format[2m > [22m[2mshould return consistent error format for all auth failures
[22m[39m[AUTH] Token verification failed: Access token verification failed

[90mstdout[2m | tests/property/admin-system-health-fixes/settings-auth.property.test.ts[2m > [22m[2mFeature: admin-system-health-fixes, Property 3: Settings Authentication Requirement[2m > [22m[2mProperty: Error responses have consistent format[2m > [22m[2mshould return consistent error format for all auth failures
[22m[39m[AUTH] Token verification failed: Access token verification failed

[90mstdout[2m | tests/property/admin-system-health-fixes/settings-auth.property.test.ts[2m > [22m[2mFeature: admin-system-health-fixes, Property 3: Settings Authentication Requirement[2m > [22m[2mProperty: Error responses have consistent format[2m > [22m[2mshould return consistent error format for all auth failures
[22m[39m[AUTH] Token verification failed: Access token verification failed

[90mstdout[2m | tests/property/admin-system-health-fixes/settings-auth.property.test.ts[2m > [22m[2mFeature: admin-system-health-fixes, Property 3: Settings Authentication Requirement[2m > [22m[2mProperty: Error responses have consistent format[2m > [22m[2mshould return consistent error format for all auth failures
[22m[39m[AUTH] Token verification failed: Access token verification failed

[90mstderr[2m | 
tests/property/admin-system-health-fixes/settings-auth.property.test.ts[2m > 
[22m[2mFeature: admin-system-health-fixes, Property 3: Settings Authentication 
Requirement[2m > [22m[2mProperty: Error responses have consistent format[2m > 
[22m[2mshould return consistent error format for all auth failures
[22m[39m[ARCJET] WARNING: Running without Arcjet protection

[90mstderr[2m | 
tests/property/admin-system-health-fixes/settings-auth.property.test.ts[2m > 
[22m[2mFeature: admin-system-health-fixes, Property 3: Settings Authentication 
Requirement[2m > [22m[2mProperty: Error responses have consistent format[2m > 
[22m[2mshould return consistent error format for all auth failures
[22m[39m[ARCJET] WARNING: Running without Arcjet protection

[90mstderr[2m | 
tests/property/admin-system-health-fixes/settings-auth.property.test.ts[2m > 
[22m[2mFeature: admin-system-health-fixes, Property 3: Settings Authentication 
Requirement[2m > [22m[2mProperty: Error responses have consistent format[2m > 
[22m[2mshould return consistent error format for all auth failures
[22m[39m[ARCJET] WARNING: Running without Arcjet protection

[90mstderr[2m | 
tests/property/admin-system-health-fixes/settings-auth.property.test.ts[2m > 
[22m[2mFeature: admin-system-health-fixes, Property 3: Settings Authentication 
Requirement[2m > [22m[2mProperty: Error responses have consistent format[2m > 
[22m[2mshould return consistent error format for all auth failures
[22m[39m[ARCJET] WARNING: Running without Arcjet protection

[90mstderr[2m | 
tests/property/admin-system-health-fixes/settings-auth.property.test.ts[2m > 
[22m[2mFeature: admin-system-health-fixes, Property 3: Settings Authentication 
Requirement[2m > [22m[2mProperty: Error responses have consistent format[2m > 
[22m[2mshould return consistent error format for all auth failures
[22m[39m[ARCJET] WARNING: Running without Arcjet protection

[90mstderr[2m | 
tests/property/admin-system-health-fixes/settings-auth.property.test.ts[2m > 
[22m[2mFeature: admin-system-health-fixes, Property 3: Settings Authentication 
Requirement[2m > [22m[2mProperty: Error responses have consistent format[2m > 
[22m[2mshould return consistent error format for all auth failures
[22m[39m[ARCJET] WARNING: Running without Arcjet protection

[90mstderr[2m | 
tests/property/admin-system-health-fixes/settings-auth.property.test.ts[2m > 
[22m[2mFeature: admin-system-health-fixes, Property 3: Settings Authentication 
Requirement[2m > [22m[2mProperty: Error responses have consistent format[2m > 
[22m[2mshould return consistent error format for all auth failures
[22m[39m[ARCJET] WARNING: Running without Arcjet protection

[90mstderr[2m | 
tests/property/admin-system-health-fixes/settings-auth.property.test.ts[2m > 
[22m[2mFeature: admin-system-health-fixes, Property 3: Settings Authentication 
Requirement[2m > [22m[2mProperty: Error responses have consistent format[2m > 
[22m[2mshould return consistent error format for all auth failures
[22m[39m[ARCJET] WARNING: Running without Arcjet protection

[90mstderr[2m | 
tests/property/admin-system-health-fixes/settings-auth.property.test.ts[2m > 
[22m[2mFeature: admin-system-health-fixes, Property 3: Settings Authentication 
Requirement[2m > [22m[2mProperty: Error responses have consistent format[2m > 
[22m[2mshould return consistent error format for all auth failures
[22m[39m[ARCJET] WARNING: Running without Arcjet protection

[90mstderr[2m | 
tests/property/admin-system-health-fixes/settings-auth.property.test.ts[2m > 
[22m[2mFeature: admin-system-health-fixes, Property 3: Settings Authentication 
Requirement[2m > [22m[2mProperty: Error responses have consistent format[2m > 
[22m[2mshould return consistent error format for all auth failures
[22m[39m[ARCJET] WARNING: Running without Arcjet protection

[90mstderr[2m | 
tests/property/admin-system-health-fixes/settings-auth.property.test.ts[2m > 
[22m[2mFeature: admin-system-health-fixes, Property 3: Settings Authentication 
Requirement[2m > [22m[2mProperty: Error responses have consistent format[2m > 
[22m[2mshould return consistent error format for all auth failures
[22m[39m[ARCJET] WARNING: Running without Arcjet protection

[90mstderr[2m | 
tests/property/admin-system-health-fixes/settings-auth.property.test.ts[2m > 
[22m[2mFeature: admin-system-health-fixes, Property 3: Settings Authentication 
Requirement[2m > [22m[2mProperty: Error responses have consistent format[2m > 
[22m[2mshould return consistent error format for all auth failures
[22m[39m[ARCJET] WARNING: Running without Arcjet protection

[90mstderr[2m | 
tests/property/admin-system-health-fixes/settings-auth.property.test.ts[2m > 
[22m[2mFeature: admin-system-health-fixes, Property 3: Settings Authentication 
Requirement[2m > [22m[2mProperty: Error responses have consistent format[2m > 
[22m[2mshould return consistent error format for all auth failures
[22m[39m[ARCJET] WARNING: Running without Arcjet protection

[90mstderr[2m | 
tests/property/admin-system-health-fixes/settings-auth.property.test.ts[2m > 
[22m[2mFeature: admin-system-health-fixes, Property 3: Settings Authentication 
Requirement[2m > [22m[2mProperty: Error responses have consistent format[2m > 
[22m[2mshould return consistent error format for all auth failures
[22m[39m[ARCJET] WARNING: Running without Arcjet protection

[90mstderr[2m | 
tests/property/admin-system-health-fixes/settings-auth.property.test.ts[2m > 
[22m[2mFeature: admin-system-health-fixes, Property 3: Settings Authentication 
Requirement[2m > [22m[2mProperty: Error responses have consistent format[2m > 
[22m[2mshould return consistent error format for all auth failures
[22m[39m[ARCJET] WARNING: Running without Arcjet protection

[90mstderr[2m | 
tests/property/admin-system-health-fixes/settings-auth.property.test.ts[2m > 
[22m[2mFeature: admin-system-health-fixes, Property 3: Settings Authentication 
Requirement[2m > [22m[2mProperty: Error responses have consistent format[2m > 
[22m[2mshould return consistent error format for all auth failures
[90mstdout[2m | tests/property/admin-system-health-fixes/settings-auth.property.test.ts[2m > [22m[2mFeature: admin-system-health-fixes, Property 3: Settings Authentication Requirement[2m > [22m[2mProperty: Error responses have consistent format[2m > [22m[2mshould return consistent error format for all auth failures
[22m[39m[AUTH] Token verification failed: Access token verification failed

[90mstdout[2m | tests/property/admin-system-health-fixes/settings-auth.property.test.ts[2m > [22m[2mFeature: admin-system-health-fixes, Property 3: Settings Authentication Requirement[2m > [22m[2mProperty: Error responses have consistent format[2m > [22m[2mshould return consistent error format for all auth failures
[22m[39m[AUTH] Token verification failed: Access token verification failed

[90mstdout[2m | tests/property/admin-system-health-fixes/settings-auth.property.test.ts[2m > [22m[2mFeature: admin-system-health-fixes, Property 3: Settings Authentication Requirement[2m > [22m[2mProperty: Error responses have consistent format[2m > [22m[2mshould return consistent error format for all auth failures
[22m[39m[AUTH] Token verification failed: Access token verification failed

[90mstdout[2m | tests/property/admin-system-health-fixes/settings-auth.property.test.ts[2m > [22m[2mFeature: admin-system-health-fixes, Property 3: Settings Authentication Requirement[2m > [22m[2mProperty: Error responses have consistent format[2m > [22m[2mshould return consistent error format for all auth failures
[22m[39m[AUTH] Token verification failed: Access token verification failed

[90mstdout[2m | tests/property/admin-system-health-fixes/settings-auth.property.test.ts[2m > [22m[2mFeature: admin-system-health-fixes, Property 3: Settings Authentication Requirement[2m > [22m[2mProperty: Error responses have consistent format[2m > [22m[2mshould return consistent error format for all auth failures
[22m[39m[AUTH] Token verification failed: Access token verification failed

[90mstdout[2m | tests/property/admin-system-health-fixes/settings-auth.property.test.ts[2m > [22m[2mFeature: admin-system-health-fixes, Property 3: Settings Authentication Requirement[2m > [22m[2mProperty: Error responses have consistent format[2m > [22m[2mshould return consistent error format for all auth failures
[22m[39m[AUTH] Token verification failed: Access token verification failed

[22m[39m[ARCJET] WARNING: Running without Arcjet protection

[90mstderr[2m | 
tests/property/admin-system-health-fixes/settings-auth.property.test.ts[2m > 
[22m[2mFeature: admin-system-health-fixes, Property 3: Settings Authentication 
Requirement[2m > [22m[2mProperty: Error responses have consistent format[2m > 
[22m[2mshould return consistent error format for all auth failures
[22m[39m[ARCJET] WARNING: Running without Arcjet protection

[90mstderr[2m | 
tests/property/admin-system-health-fixes/settings-auth.property.test.ts[2m > 
[22m[2mFeature: admin-system-health-fixes, Property 3: Settings Authentication 
Requirement[2m > [22m[2mProperty: Error responses have consistent format[2m > 
[22m[2mshould return consistent error format for all auth failures
[22m[39m[ARCJET] WARNING: Running without Arcjet protection

[90mstderr[2m | 
tests/property/admin-system-health-fixes/settings-auth.property.test.ts[2m > 
[22m[2mFeature: admin-system-health-fixes, Property 3: Settings Authentication 
Requirement[2m > [22m[2mProperty: Error responses have consistent format[2m > 
[22m[2mshould return consistent error format for all auth failures
[22m[39m[ARCJET] WARNING: Running without Arcjet protection

[90mstderr[2m | 
tests/property/admin-system-health-fixes/settings-auth.property.test.ts[2m > 
[22m[2mFeature: admin-system-health-fixes, Property 3: Settings Authentication 
Requirement[2m > [22m[2mProperty: Error responses have consistent format[2m > 
[22m[2mshould return consistent error format for all auth failures
[22m[39m[ARCJET] WARNING: Running without Arcjet protection

[90mstderr[2m | 
tests/property/admin-system-health-fixes/settings-auth.property.test.ts[2m > 
[22m[2mFeature: admin-system-health-fixes, Property 3: Settings Authentication 
Requirement[2m > [22m[2mProperty: Error responses have consistent format[2m > 
[22m[2mshould return consistent error format for all auth failures
[22m[39m[ARCJET] WARNING: Running without Arcjet protection

[90mstderr[2m | 
tests/property/admin-system-health-fixes/settings-auth.property.test.ts[2m > 
[22m[2mFeature: admin-system-health-fixes, Property 3: Settings Authentication 
Requirement[2m > [22m[2mProperty: Error responses have consistent format[2m > 
[22m[2mshould return consistent error format for all auth failures
[22m[39m[ARCJET] WARNING: Running without Arcjet protection

[90mstderr[2m | 
tests/property/admin-system-health-fixes/settings-auth.property.test.ts[2m > 
[22m[2mFeature: admin-system-health-fixes, Property 3: Settings Authentication 
Requirement[2m > [22m[2mProperty: Error responses have consistent format[2m > 
[22m[2mshould return consistent error format for all auth failures
[22m[39m[ARCJET] WARNING: Running without Arcjet protection

[90mstderr[2m | 
tests/property/admin-system-health-fixes/settings-auth.property.test.ts[2m > 
[22m[2mFeature: admin-system-health-fixes, Property 3: Settings Authentication 
Requirement[2m > [22m[2mProperty: Error responses have consistent format[2m > 
[22m[2mshould return consistent error format for all auth failures
[22m[39m[ARCJET] WARNING: Running without Arcjet protection

[90mstderr[2m | 
tests/property/admin-system-health-fixes/settings-auth.property.test.ts[2m > 
[22m[2mFeature: admin-system-health-fixes, Property 3: Settings Authentication 
Requirement[2m > [22m[2mProperty: Error responses have consistent format[2m > 
[22m[2mshould return consistent error format for all auth failures
[22m[39m[ARCJET] WARNING: Running without Arcjet protection

[90mstderr[2m | 
tests/property/admin-system-health-fixes/settings-auth.property.test.ts[2m > 
[22m[2mFeature: admin-system-health-fixes, Property 3: Settings Authentication 
Requirement[2m > [22m[2mProperty: Error responses have consistent format[2m > 
[22m[2mshould return consistent error format for all auth failures
[22m[39m[ARCJET] WARNING: Running without Arcjet protection

[90mstderr[2m | 
tests/property/admin-system-health-fixes/settings-auth.property.test.ts[2m > 
[22m[2mFeature: admin-system-health-fixes, Property 3: Settings Authentication 
Requirement[2m > [22m[2mProperty: Error responses have consistent format[2m > 
[22m[2mshould return consistent error format for all auth failures
[22m[39m[ARCJET] WARNING: Running without Arcjet protection

[90mstderr[2m | 
tests/property/admin-system-health-fixes/settings-auth.property.test.ts[2m > 
[22m[2mFeature: admin-system-health-fixes, Property 3: Settings Authentication 
Requirement[2m > [22m[2mProperty: Error responses have consistent format[2m > 
[22m[2mshould return consistent error format for all auth failures
[90mstdout[2m | tests/property/admin-system-health-fixes/settings-auth.property.test.ts[2m > [22m[2mFeature: admin-system-health-fixes, Property 3: Settings Authentication Requirement[2m > [22m[2mProperty: Error responses have consistent format[2m > [22m[2mshould return consistent error format for all auth failures
[22m[39m[AUTH] Token verification failed: Access token verification failed

[90mstdout[2m | tests/property/admin-system-health-fixes/settings-auth.property.test.ts[2m > [22m[2mFeature: admin-system-health-fixes, Property 3: Settings Authentication Requirement[2m > [22m[2mProperty: Error responses have consistent format[2m > [22m[2mshould return consistent error format for all auth failures
[22m[39m[AUTH] Token verification failed: Access token verification failed

[22m[39m[ARCJET] WARNING: Running without Arcjet protection

[90mstderr[2m | 
tests/property/admin-system-health-fixes/settings-auth.property.test.ts[2m > 
[22m[2mFeature: admin-system-health-fixes, Property 3: Settings Authentication 
Requirement[2m > [22m[2mProperty: Error responses have consistent format[2m > 
[22m[2mshould return consistent error format for all auth failures
[22m[39m[ARCJET] WARNING: Running without Arcjet protection

[90mstderr[2m | 
tests/property/admin-system-health-fixes/settings-auth.property.test.ts[2m > 
[22m[2mFeature: admin-system-health-fixes, Property 3: Settings Authentication 
Requirement[2m > [22m[2mProperty: Error responses have consistent format[2m > 
[22m[2mshould return consistent error format for all auth failures
[22m[39m[ARCJET] WARNING: Running without Arcjet protection

[90mstderr[2m | 
tests/property/admin-system-health-fixes/settings-auth.property.test.ts[2m > 
[22m[2mFeature: admin-system-health-fixes, Property 3: Settings Authentication 
Requirement[2m > [22m[2mProperty: Error responses have consistent format[2m > 
[22m[2mshould return consistent error format for all auth failures
[22m[39m[ARCJET] WARNING: Running without Arcjet protection

[90mstderr[2m | 
tests/property/admin-system-health-fixes/settings-auth.property.test.ts[2m > 
[22m[2mFeature: admin-system-health-fixes, Property 3: Settings Authentication 
Requirement[2m > [22m[2mProperty: Error responses have consistent format[2m > 
[22m[2mshould return consistent error format for all auth failures
[22m[39m[ARCJET] WARNING: Running without Arcjet protection

[90mstderr[2m | 
tests/property/admin-system-health-fixes/settings-auth.property.test.ts[2m > 
[22m[2mFeature: admin-system-health-fixes, Property 3: Settings Authentication 
Requirement[2m > [22m[2mProperty: Error responses have consistent format[2m > 
[22m[2mshould return consistent error format for all auth failures
[22m[39m[ARCJET] WARNING: Running without Arcjet protection

[90mstderr[2m | 
tests/property/admin-system-health-fixes/settings-auth.property.test.ts[2m > 
[22m[2mFeature: admin-system-health-fixes, Property 3: Settings Authentication 
Requirement[2m > [22m[2mProperty: Error responses have consistent format[2m > 
[22m[2mshould return consistent error format for all auth failures
[22m[39m[ARCJET] WARNING: Running without Arcjet protection

[90mstderr[2m | 
tests/property/admin-system-health-fixes/settings-auth.property.test.ts[2m > 
[22m[2mFeature: admin-system-health-fixes, Property 3: Settings Authentication 
Requirement[2m > [22m[2mProperty: Error responses have consistent format[2m > 
[22m[2mshould return consistent error format for all auth failures
[22m[39m[ARCJET] WARNING: Running without Arcjet protection

[90mstderr[2m | 
tests/property/admin-system-health-fixes/settings-auth.property.test.ts[2m > 
[22m[2mFeature: admin-system-health-fixes, Property 3: Settings Authentication 
Requirement[2m > [22m[2mProperty: Error responses have consistent format[2m > 
[22m[2mshould return consistent error format for all auth failures
[22m[39m[ARCJET] WARNING: Running without Arcjet protection

[90mstderr[2m | 
tests/property/admin-system-health-fixes/settings-auth.property.test.ts[2m > 
[22m[2mFeature: admin-system-health-fixes, Property 3: Settings Authentication 
Requirement[2m > [22m[2mProperty: Error responses have consistent format[2m > 
[22m[2mshould return consistent error format for all auth failures
[22m[39m[ARCJET] WARNING: Running without Arcjet protection

[90mstderr[2m | 
tests/property/admin-system-health-fixes/settings-auth.property.test.ts[2m > 
[22m[2mFeature: admin-system-health-fixes, Property 3: Settings Authentication 
Requirement[2m > [22m[2mProperty: Error responses have consistent format[2m > 
[22m[2mshould return consistent error format for all auth failures
[22m[39m[ARCJET] WARNING: Running without Arcjet protection

[90mstderr[2m | 
tests/property/admin-system-health-fixes/settings-auth.property.test.ts[2m > 
[22m[2mFeature: admin-system-health-fixes, Property 3: Settings Authentication 
Requirement[2m > [22m[2mProperty: Error responses have consistent format[2m > 
[22m[2mshould return consistent error format for all auth failures
[22m[39m[ARCJET] WARNING: Running without Arcjet protection

[90mstderr[2m | 
tests/property/admin-system-health-fixes/settings-auth.property.test.ts[2m > 
[22m[2mFeature: admin-system-health-fixes, Property 3: Settings Authentication 
Requirement[2m > [22m[2mProperty: Error responses have consistent format[2m > 
[22m[2mshould return consistent error format for all auth failures
[22m[39m[ARCJET] WARNING: Running without Arcjet protection

[90mstderr[2m | 
tests/property/admin-system-health-fixes/settings-auth.property.test.ts[2m > 
[22m[2mFeature: admin-system-health-fixes, Property 3: Settings Authentication 
Requirement[2m > [22m[2mProperty: Error responses have consistent format[2m > 
[22m[2mshould return consistent error format for all auth failures
[22m[39m[ARCJET] WARNING: Running without Arcjet protection

[90mstderr[2m | 
tests/property/admin-system-health-fixes/settings-auth.property.test.ts[2m > 
[22m[2mFeature: admin-system-health-fixes, Property 3: Settings Authentication 
Requirement[2m > [22m[2mProperty: Error responses have consistent format[2m > 
[22m[2mshould return consistent error format for all auth failures
[22m[39m[ARCJET] WARNING: Running without Arcjet protection

 [32mΓ£ô[39m tests/property/admin-system-health-fixes/settings-auth.property.test.ts [2m([22m[2m7 tests[22m[2m)[22m[33m 692[2mms[22m[39m
       [33m[2mΓ£ô[22m[39m should reject GET requests without valid authentication [33m 544[2mms[22m[39m
[90mstderr[2m | tests/property/jsonResponses.property.test.ts[2m > [22m[2mFeature: 
bun-vercel-runtime-forensics, Property 2: API Responses Are Always JSON[2m > 
[22m[2mProperty: handleError always returns JSON for unhandled exceptions (Requirement 
4.5)[2m > [22m[2mshould set Content-Type: application/json header for any exception
[22m[39m[test] Error: [pr
[test] Error: forbidden
[test] Error: validation error
[test] Error: {~_*i
[test] Error: permission denied
[test] Error: unauthorized
[test] Error: Resource not found
[test] Error: forbidden
[test] Error: x
[test] Error: forbidden
[test] Error: Access denied
[test] Error: rate limit exceeded
[test] Error: 92P+"M
[test] Error: 8O0<?
[test] Error: Database connection failed
[test] Error: rate limit exceeded
[test] Error: ?AWUO{^9mQ
[test] Error: rate limit exceeded
[test] Error: not found
[test] Error: Invalid input
[test] Error: H^nCyTHJ )h4
[test] Error: {
[test] Error: i|g
[test] Error: ZF
[test] Error: O~N~u
[test] Error: v_xlf#@)>Hs
[test] Error: URB_]W
[test] Error: gM%T/i
[test] Error: dl"i7
[test] Error: Invalid input
[test] Error: permission denied
[test] Error: unauthorized
[test] Error: WG
[test] Error: timeout
[test] Error: validation error
[test] Error: %E2:/ ulXO,
[test] Error: hy-
[test] Error: Unknown error
[test] Error: econ
[test] Error: service unavailable
[test] Error: Invalid input
[test] Error: ?^
[test] Error: not found
[test] Error: o6-9~E\KYU7L
[test] Error: Access denied
[test] Error: Y>Gr:g
[test] Error: g7HT
[test] Error: Resource not found
[test] Error: ]&Nq~
[test] Error: too many requests
[test] Error: ^E'M-rj^I{Y
[test] Error: %UytY8y%xR
[test] Error: pYB
[test] Error: E$(sn8a+bMT
[test] Error: Database connection failed
[test] Error: "R
[test] Error: timeout
[test] Error: K}Fd/
[test] Error: service unavailable
[test] Error: 5iMifR08`
[test] Error: permission denied
[test] Error: % "t
[test] Error: :Oo0;}m7C
[test] Error: Database connection failed
[test] Error: yC
[test] Error: ~
[test] Error: forbidden
[test] Error: \&hPf"W!~
[test] Error: permission denied
[test] Error: O+/
[test] Error: ][#
[test] Error: service unavailable
[test] Error: toStringr
[test] Error: DwP
[test] Error: Database connection failed
[test] Error: Access denied
[test] Error: 0$=,
[test] Error: too many requests
[test] Error: )C:)!"q
[test] Error: length
[test] Error: Unauthorized access
[test] Error: unauthorized
[test] Error: timeout
[test] Error: Access denied
[test] Error: zEB\hx
[test] Error: Access denied
[test] Error: Invalid input
[test] Error: .
[test] Error: Unauthorized access
[test] Error: Unauthorized access
[test] Error: $Yq
[test] Error: Access denied
[test] Error: forbidden
[test] Error: B/Ol.3}mVq
[test] Error: b9P 7\iR
[test] Error: a|!D
[test] Error: too many requests
[test] Error: hn\Xt.K
[test] Error: Invalid input
[test] Error: validation error

[90mstderr[2m | tests/property/jsonResponses.property.test.ts[2m > [22m[2mFeature: 
bun-vercel-runtime-forensics, Property 2: API Responses Are Always JSON[2m > 
[22m[2mProperty: handleError always returns JSON for unhandled exceptions (Requirement 
4.5)[2m > [22m[2mshould return valid JSON body for any exception
[22m[39m[test] Error: validation error
[test] Error: service unavailable
[test] Error: Z/0Np(
[test] Error: service unavailable
[test] Error: Invalid input
[test] Error: rate limit exceeded
[test] Error:  "PvOa.2
[test] Error: ap
[test] Error: bi
[test] Error: service unavailable
[test] Error: rate limit exceeded
[test] Error: zP16
[test] Error: forbidden
[test] Error: Invalid input
[test] Error: &wc[
[test] Error: YHSPX
[test] Error: S'=-N_
[test] Error: !cl
[test] Error: unauthorized
[test] Error: {"
[test] Error: forbidden
[test] Error: Resource not found
[test] Error: PyI[
[test] Error: }ZUWf
[test] Error: unauthorized
[test] Error: not found
[test] Error: &']
[test] Error: bind__defi
[test] Error: Access denied
[test] Error: !\ysK*Sc9i
[test] Error: forbidden
[test] Error: #z56K7CC`"c
[test] Error: _m,747#*%ScO
[test] Error: Database connection failed
[test] Error: !M>#$Uj-
[test] Error: N
[test] Error: service unavailable
[test] Error: Invalid input
[test] Error: timeout
[test] Error: v
[test] Error: :vp 
[test] Error: Access denied
[test] Error: too many requests
[test] Error: Access denied
[test] Error: ?4u8{
[test] Error: +F0be*
[test] Error: Resource not found
[test] Error: |f<""y8yKdAQ
[test] Error: nnNUD+H!ui
[test] Error:  f&E
[test] Error: M}x{d
[test] Error: Database connection failed
[test] Error: e^Yr2KP
[test] Error: Unauthorized access
[test] Error: Unauthorized access
[test] Error: E3_yos,}ygbx
[test] Error: Database connection failed
[test] Error: too many requests
[test] Error: yT{U
[test] Error: Access denied
[test] Error: =7RD32z
[test] Error: too many requests
[test] Error: Access denied
[test] Error: forbidden
[test] Error: timeout
[test] Error: kZpsbn8`6
[test] Error: fVrhD!vB0uKG
[test] Error: :UdH!
[test] Error: Unauthorized access
[test] Error: 9SaBS`|l?B
[test] Error: $$9
[test] Error: Access denied
[test] Error: pwMV+T3eJ345
[test] Error: forbidden
[test] Error: too many requests
[test] Error: ha>f
[test] Error: timeout
[test] Error: Unknown error
[test] Error: Resource not found
[test] Error: Cxg
[test] Error: h]C>uA.= @rI
[test] Error: Unauthorized access
[test] Error: G^M.
[test] Error: t.zt%LIJQ
[test] Error: !XVW{D
[test] Error: arguments
[test] Error: T
[test] Error: :^N^t(p
[test] Error: :W#An6?&
[test] Error: Database connection failed
[test] Error: E2^uM5rNw_
[test] Error: Unknown error
[test] Error: OuvsV
[test] Error: Access denied
[test] Error: Unauthorized access
[test] Error: Unauthorized access
[test] Error: >C'
[test] Error: Unauthorized access
[test] Error: Resource not found
[test] Error: r

[90mstderr[2m | tests/property/jsonResponses.property.test.ts[2m > [22m[2mFeature: 
bun-vercel-runtime-forensics, Property 2: API Responses Are Always JSON[2m > 
[22m[2mProperty: handleError always returns JSON for unhandled exceptions (Requirement 
4.5)[2m > [22m[2mshould return response matching ErrorResponse format for any exception
[22m[39m[test] Error: not found
[test] Error: Access denied
[test] Error: arg
[test] Error: timeout
[test] Error:  }4,
[test] Error: Unknown error
[test] Error: service unavailable
[test] Error: timeout
[test] Error: #c
[test] Error: Access denied
[test] Error: Invalid input
[test] Error: rate limit exceeded
[test] Error: , 
[test] Error: 7t@}
[test] Error: validation error
[test] Error: Unauthorized access
[test] Error: "!!}~
[test] Error: Resource not found
[test] Error: permission denied
[test] Error: w&|B
[test] Error: `S#Il-z?$TG
[test] Error: Unauthorized access
[test] Error: too many requests
[test] Error: unauthorized
[test] Error: permission denied
[test] Error: service unavailable
[test] Error: Unknown error
[test] Error: Access denied
[test] Error: 4]&yx_
[test] Error: |^W1AIPS?_?Y
[test] Error: %4x
[test] Error: $Zi}}__
[test] Error: service unavailable
[test] Error: not found
[test] Error: (g8;
[test] Error: D 7Jg^r
[test] Error: validation error
[test] Error: 7Xi/r?
[test] Error: __de
[test] Error: i*(
[test] Error: timeout
[test] Error: {Rjhc+hH
[test] Error: R}0X_I:(Q1
[test] Error: {
[test] Error: _?tf@/UBq7
[test] Error: not found
[test] Error: length
[test] Error: ]0ByI{)WzGu
[test] Error: X
[test] Error: kaY a
[test] Error: Resource not found
[test] Error: k
[test] Error: RL0hph!Fx.|4
[test] Error: unauthorized
[test] Error: L'7r5.x
[test] Error: -d:vN]-@
[test] Error: validation error
[test] Error: VH=\
[test] Error: permission denied
[test] Error: validation error
[test] Error:  g
[test] Error: J
[test] Error: Y
[test] Error: rate limit exceeded
[test] Error: 8~
[test] Error: Resource not found
[test] Error: +R~"
[test] Error: toString
[test] Error: Access denied
[test] Error: not found
[test] Error: ;1SM
[test] Error: Access denied
[test] Error: Unauthorized access
[test] Error: $01r&K<"
[test] Error: Unauthorized access
[test] Error: {
[test] Error: validation error
[test] Error: fI-Vhz3&9#P
[test] Error: too many requests
[test] Error: W.WDkon> #&*
[test] Error: 4Xj;X#9#|}hR
[test] Error: Invalid input
[test] Error: validation error
[test] Error: not found
[test] Error: rate limit exceeded
[test] Error: Xhx2{<
[test] Error: K&N
[test] Error: 4TR8X;,mcB
[test] Error: not found
[test] Error: /IXsfB
[test] Error: l1wb1
[test] Error: QvVyuv6qn-g
[test] Error: {}X
[test] Error: Unknown error
[test] Error: validation error
[test] Error: Unknown error
[test] Error: +7=!{]
[test] Error: "
[test] Error: Database connection failed
[test] Error: permission denied

[90mstderr[2m | tests/property/jsonResponses.property.test.ts[2m > [22m[2mFeature: 
bun-vercel-runtime-forensics, Property 2: API Responses Are Always JSON[2m > 
[22m[2mProperty: handleError always returns JSON for unhandled exceptions (Requirement 
4.5)[2m > [22m[2mshould never return HTML for any exception
[22m[39m[test] Error: cal
[test] Error: e$!6U}#{
[test] Error: service unavailable
[test] Error: too many requests
[test] Error: 7cYrA_}g
[test] Error: too many requests
[test] Error: timeout
[test] Error: rate limit exceeded
[test] Error: &
[test] Error: *Tz<
[test] Error: WIzBPsx 
[test] Error:  0
[test] Error: not found
[test] Error: rate limit exceeded
[test] Error: ."|y`
[test] Error: rate limit exceeded
[test] Error: J:e\R
[test] Error: Invalid input
[test] Error: >H$V>
[test] Error: too many requests
[test] Error: not found
[test] Error: nf+4P4i^oG
[test] Error: forbidden
[test] Error: too many requests
[test] Error: mj}Aogj)T#)1
[test] Error: validation error
[test] Error: alueO}bH
[test] Error: RI#E/d`Xt
[test] Error: $J:OS(`
[test] Error: rate limit exceeded
[test] Error: Invalid input
[test] Error: ut
[test] Error: unauthorized
[test] Error: Unauthorized access
[test] Error: rate limit exceeded
[test] Error: !W
[test] Error: 7#xfaX&0
[test] Error: "
[test] Error: Unknown error
[test] Error: 4:6o'.91GLn
[test] Error: timeout
[test] Error: too many requests
[test] Error: p[,&2nZ+HLu&
[test] Error: ir^-GFDjx
[test] Error: permission denied
[test] Error: _=Qtvx_p'Dq;
[test] Error: too many requests
[test] Error: forbidden
[test] Error: rate limit exceeded
[test] Error: y1hasOwn
[test] Error: u%
[test] Error: permission denied
[test] Error: W,C$
[test] Error: Invalid input
[test] Error: forbidden
[test] Error: ZIq<nl)
[test] Error: Unauthorized access
[test] Error: unauthorized
[test] Error: 0
[test] Error: Invalid input
[test] Error: "s
[test] Error: ]T/w9)Xoia
[test] Error: ie*SD
[test] Error: rate limit exceeded
[test] Error: #
[test] Error: validation error
[test] Error: %N
[test] Error: Y)]Z\
[test] Error: permission denied
[test] Error: Nel;raz
[test] Error: rate limit exceeded
[test] Error: uosg
[test] Error: U_
[test] Error: validation error
[test] Error: unauthorized
[test] Error: b-cHOYSu+P
[test] Error: validation error
[test] Error: rate limit exceeded
[test] Error: forbidden
[test] Error: Access denied
[test] Error: forbidden
[test] Error: aeZAL SYwa
[test] Error: >
[test] Error: #^IGh`
[test] Error: service unavailable
[test] Error: }G]l+
[test] Error: Resource not found
[test] Error: Access denied
[test] Error: not found
[test] Error: [9
[test] Error: Invalid input
[test] Error: Invalid input
[test] Error: service unavailable
[test] Error: *.v2X>1a"?F
[test] Error: Unknown error
[test] Error: iMZH
[test] Error: too many requests
[test] Error: MykD$%dWz"N 
[test] Error: Unknown error
[test] Error: JHAb!SGViT[

[90mstderr[2m | tests/property/jsonResponses.property.test.ts[2m > [22m[2mFeature: 
bun-vercel-runtime-forensics, Property 2: API Responses Are Always JSON[2m > 
[22m[2mProperty: handleError always returns JSON for unhandled exceptions (Requirement 
4.5)[2m > [22m[2mshould handle non-Error objects gracefully
[22m[39m[test] Error: [object Object]
[test] Error: [PHONE]
[test] Error: [object Object]
[test] Error: [object Object]
[test] Error: [object Object]
[test] Error: %2#`dKzI@
[test] Error: [object Object]
[test] Error: HSlVF+o
[test] Error: [object Object]
[test] Error: [object Object]
[test] Error: [object Object]
[test] Error: [object Object]
[test] Error: `2@t
[test] Error: [object Object]
[test] Error: [object Object]
[test] Error: [object Object]
[test] Error: [object Object]
[test] Error: -22
[test] Error: [PHONE]
[test] Error: [object Object]
[test] Error: [object Object]
[test] Error: [object Object]
[test] Error: [object Object]
[test] Error: Z\52^"'
[test] Error: [object Object]
[test] Error: -[PHONE]
[test] Error: [object Object]
[test] Error: [object Object]
[test] Error: [object Object]
[test] Error: [object Object]
[test] Error: [object Object]
[test] Error: [PHONE]
[test] Error: [object Object]
[test] Error: [object Object]
[test] Error: [object Object]
[test] Error: [object Object]
[test] Error: [object Object]
[test] Error: [object Object]
[test] Error: [PHONE]
[test] Error: 6r~dntG"
[test] Error: [object Object]
[test] Error: j]`]C
[test] Error: -[PHONE]
[test] Error: [object Object]
[test] Error: >a>lJ8+e&
[test] Error: [object Object]
[test] Error: -[PHONE]
[test] Error: [object Object]
[test] Error: [object Object]
[test] Error: [object Object]
[test] Error: [object Object]
[test] Error: [object Object]
[test] Error: 9
[test] Error: [object Object]
[test] Error: [object Object]
[test] Error: [object Object]
[test] Error: [PHONE]
[test] Error: [object Object]
[test] Error: [object Object]
[test] Error: 6_
[test] Error: l|ennazt
[test] Error: -22
[test] Error: %%iDC;P
[test] Error: [object Object]
[test] Error: [object Object]
[test] Error: bBH9d%umT
[test] Error: [object Object]
[test] Error: [object Object]
[test] Error: fxl1
[test] Error: [object Object]
[test] Error: A cv<n,GEZ
[test] Error: [object Object]
[test] Error: [object Object]
[test] Error: [object Object]
[test] Error: An error occurred
[test] Error: [object Object]
[test] Error: [object Object]
[test] Error: [PHONE]
[test] Error: <:
[test] Error: [object Object]
[test] Error: [PHONE]
[test] Error: [object Object]
[test] Error: [PHONE]
[test] Error: [object Object]
[test] Error: [object Object]
[test] Error: [object Object]
[test] Error: -[PHONE]
[test] Error: [object Object]
[test] Error: -,
[test] Error: [object Object]
[test] Error: [object Object]
[test] Error: [object Object]
[test] Error: [object Object]
[test] Error: _hGl!D7
[test] Error: .jAI,]|wK
[test] Error: [object Object]
[test] Error: [object Object]
[test] Error: [object Object]
[test] Error: [object Object]
[test] Error: [object Object]

[90mstderr[2m | tests/property/jsonResponses.property.test.ts[2m > [22m[2mFeature: 
bun-vercel-runtime-forensics, Property 2: API Responses Are Always JSON[2m > 
[22m[2mProperty: handleError always returns JSON for unhandled exceptions (Requirement 
4.5)[2m > [22m[2mshould handle null and undefined errors gracefully
[22m[39m[test] Error: null
[test] Error: undefined

[90mstderr[2m | tests/property/jsonResponses.property.test.ts[2m > [22m[2mFeature: 
bun-vercel-runtime-forensics, Property 2: API Responses Are Always JSON[2m > 
[22m[2mProperty: Response format is consistent across all response types[2m > 
[22m[2mshould have consistent structure for handleError responses
[22m[39m[test] Error: Resource not found
[test] Error: e<R8qyWi':^
[test] Error: too many requests
[test] Error: $
[test] Error: ^%%sFo
[test] Error: rate limit exceeded
[test] Error: %(refdrty
[test] Error: K)O
[test] Error: Access denied
[test] Error: QoQP'NXr`/0Z
[test] Error: $1%e_1`x*/f
[test] Error: 9$=EihIoiu.7
[test] Error: permission denied
[test] Error: Invalid input
[test] Error: Access denied
[test] Error: forbidden
[test] Error: ~
[test] Error: Unknown error
[test] Error: \207x
[test] Error: q0DmW:
[test] Error: *rr'x_H!p
[test] Error: "p|l
[test] Error: >FY(^7,|
[test] Error: Unknown error
[test] Error: K
[test] Error: m$
[test] Error: kNYn$U3WDc}-
[test] Error: kW3{z7.
[test] Error: uH8
[test] Error: rate limit exceeded
[test] Error: validation error
[test] Error: A
[test] Error: bML8
[test] Error: !
[test] Error: rate limit exceeded
[test] Error: 5r
[test] Error: C+~
[test] Error: 3tbK
[test] Error: #
[test] Error: Resource not found
[test] Error: validation error
[test] Error: forbidden
[test] Error: Unknown error
[test] Error: Bne2T7
[test] Error: #;+7aI
[test] Error: timeout
[test] Error: bindH_
[test] Error: forbidden
[test] Error: service unavailable
[test] Error: #W)r}VPd?!:
[test] Error: M1Wxw7p
[test] Error: l
[test] Error: &.eu>|Kt
[test] Error: Database connection failed
[test] Error: +bL
[test] Error: d
[test] Error: ~~#fI#}~XK<
[test] Error: Invalid input
[test] Error: not found
[test] Error: bc!u'_\'ET
[test] Error: service unavailable
[test] Error: zOgqBT()rE
[test] Error: {x
[test] Error: >gVbua2[;.!
[test] Error: bind
[test] Error: t=>M>16I$9o
[test] Error: KZ
[test] Error: Invalid input
[test] Error: Invalid input
[test] Error: "Ii&
[test] Error: jy[m!|(Nj1}
[test] Error: d*mq
[test] Error: 9au:lHe' Q(}
[test] Error: Access denied
[test] Error: $Ly
[test] Error: "
[test] Error: validation error
[test] Error: validation error
[test] Error: #<@#EuF<
[test] Error: Invalid input
[test] Error: Y$^nISQG1S
[test] Error: service unavailable
[test] Error: z@7=Zg
[test] Error: mmaCWP t@$3
[test] Error: =
[test] Error: validation error
[test] Error: forbidden
[test] Error: service unavailable
[test] Error: too many requests
[test] Error: too many requests
[test] Error: 6Be4BGjT`
[test] Error: gmplV7iC%}
[test] Error: unauthorized
[test] Error: w:~4
[test] Error: Unknown error
[test] Error: Invalid input
[test] Error: rate limit exceeded
[test] Error: timeout
[test] Error: f.?p|Z3:'
[test] Error: service unavailable

[90mstderr[2m | tests/property/jsonResponses.property.test.ts[2m > [22m[2mFeature: 
bun-vercel-runtime-forensics, Property 2: API Responses Are Always JSON[2m > 
[22m[2mProperty: handleError maps error types to correct status codes[2m > 
[22m[2mshould return 401 for unauthorized errors
[22m[39m[test] Error: unauthorized
[test] Error: Unauthorized access
[test] Error: no authorization header

[90mstderr[2m | tests/property/jsonResponses.property.test.ts[2m > [22m[2mFeature: 
bun-vercel-runtime-forensics, Property 2: API Responses Are Always JSON[2m > 
[22m[2mProperty: handleError maps error types to correct status codes[2m > 
[22m[2mshould return 403 for forbidden errors
[22m[39m[test] Error: forbidden
[test] Error: access denied
[test] Error: permission denied

[90mstderr[2m | tests/property/jsonResponses.property.test.ts[2m > [22m[2mFeature: 
bun-vercel-runtime-forensics, Property 2: API Responses Are Always JSON[2m > 
[22m[2mProperty: handleError maps error types to correct status codes[2m > 
[22m[2mshould return 404 for not found errors
[22m[39m[test] Error: not found
[test] Error: Resource not found

[90mstderr[2m | tests/property/jsonResponses.property.test.ts[2m > [22m[2mFeature: 
bun-vercel-runtime-forensics, Property 2: API Responses Are Always JSON[2m > 
[22m[2mProperty: handleError maps error types to correct status codes[2m > 
[22m[2mshould return 400 for validation errors
[22m[39m[test] Error: validation error
[test] Error: invalid input

[90mstderr[2m | tests/property/jsonResponses.property.test.ts[2m > [22m[2mFeature: 
bun-vercel-runtime-forensics, Property 2: API Responses Are Always JSON[2m > 
[22m[2mProperty: handleError maps error types to correct status codes[2m > 
[22m[2mshould return 429 for rate limit errors
[22m[39m[test] Error: rate limit exceeded
[test] Error: too many requests

[90mstderr[2m | tests/property/jsonResponses.property.test.ts[2m > [22m[2mFeature: 
bun-vercel-runtime-forensics, Property 2: API Responses Are Always JSON[2m > 
[22m[2mProperty: handleError maps error types to correct status codes[2m > 
[22m[2mshould return 503 for service unavailable errors
[22m[39m[test] Error: service unavailable
[test] Error: timeout

[90mstderr[2m | tests/property/jsonResponses.property.test.ts[2m > [22m[2mFeature: 
bun-vercel-runtime-forensics, Property 2: API Responses Are Always JSON[2m > 
[22m[2mProperty: handleError maps error types to correct status codes[2m > 
[22m[2mshould return 500 for unknown errors
[22m[39m[test] Error: something went wrong
[test] Error: unexpected error
[test] Error: database connection failed

 [32mΓ£ô[39m tests/property/jsonResponses.property.test.ts [2m([22m[2m38 tests[22m[2m)[22m[33m 405[2mms[22m[39m
 [32mΓ£ô[39m tests/property/jwt.property.test.ts [2m([22m[2m22 tests[22m[2m)[22m[32m 287[2mms[22m[39m
 [32mΓ£ô[39m tests/property/admin-system-health-fixes/user-roles-rls.property.test.ts [2m([22m[2m19 tests[22m[2m)[22m[32m 232[2mms[22m[39m
 [32mΓ£ô[39m tests/property/offline-sync.property.ts [2m([22m[2m8 tests[22m[2m)[22m[32m 230[2mms[22m[39m
[90mstderr[2m | tests/property/rbac.property.test.ts[2m > [22m[2mEdge Cases[2m > 
[22m[2mInvalid Role Handling[2m > [22m[2mPROPERTY: getPermissionsForRole returns empty 
array for invalid roles
[22m[39m[PERMISSIONS] Unknown role requested: xappn Dn
[PERMISSIONS] Unknown role requested: G5!>{@wQ>C's
[PERMISSIONS] Unknown role requested: w{)
[PERMISSIONS] Unknown role requested: {(`LBz
[PERMISSIONS] Unknown role requested: SGwCM|
[PERMISSIONS] Unknown role requested: I
[PERMISSIONS] Unknown role requested: Ly"
[PERMISSIONS] Unknown role requested: |rE
[PERMISSIONS] Unknown role requested: .i-3.HUu#H
[PERMISSIONS] Unknown role requested: argu
[PERMISSIONS] Unknown role requested: L?ss
[PERMISSIONS] Unknown role requested: IOzz[g}~
[PERMISSIONS] Unknown role requested: name
[PERMISSIONS] Unknown role requested: sO
[PERMISSIONS] Unknown role requested: Y,e%45QIe:3
[PERMISSIONS] Unknown role requested: b
[PERMISSIONS] Unknown role requested: g
[PERMISSIONS] Unknown role requested: $y
[PERMISSIONS] Unknown role requested: bY~
[PERMISSIONS] Unknown role requested: T@RB
[PERMISSIONS] Unknown role requested: !~`)
[PERMISSIONS] Unknown role requested: rNW:KG>2wOU@
[PERMISSIONS] Unknown role requested: #t,$!keyp4
[PERMISSIONS] Unknown role requested: mqOF*E|rG
[PERMISSIONS] Unknown role requested: jAU,7omA-0
[PERMISSIONS] Unknown role requested: !&Y
[PERMISSIONS] Unknown role requested: 3!W*;W{<_YV+
[PERMISSIONS] Unknown role requested: )KY_gg
[PERMISSIONS] Unknown role requested: F3p5Utvy&
[PERMISSIONS] Unknown role requested: "$/&={[
[PERMISSIONS] Unknown role requested: !3L8b'
[PERMISSIONS] Unknown role requested: pg0?}D
[PERMISSIONS] Unknown role requested: o
[PERMISSIONS] Unknown role requested: bwqTm/
[PERMISSIONS] Unknown role requested: %<?;N1~g
[PERMISSIONS] Unknown role requested: {j
[PERMISSIONS] Unknown role requested: ]^92a?q<(g$
[PERMISSIONS] Unknown role requested: IB0+4u
[PERMISSIONS] Unknown role requested: h=BV^9P8.
[PERMISSIONS] Unknown role requested: sL
[PERMISSIONS] Unknown role requested: `$$W).) \#
[PERMISSIONS] Unknown role requested: :B
[PERMISSIONS] Unknown role requested: $'
[PERMISSIONS] Unknown role requested: c1Z&hx^a+k
[PERMISSIONS] Unknown role requested: T<`j6
[PERMISSIONS] Unknown role requested: s
[PERMISSIONS] Unknown role requested: up
[PERMISSIONS] Unknown role requested: 22*2x0pK
[PERMISSIONS] Unknown role requested: R#~:XE.%2N&T
[PERMISSIONS] Unknown role requested: Mp$sjulSIZ-x
[PERMISSIONS] Unknown role requested: l1phD/M3
[PERMISSIONS] Unknown role requested: G\=>Fe/.[na4
[PERMISSIONS] Unknown role requested: ArvCksBGE0
[PERMISSIONS] Unknown role requested: s[<9>%
[PERMISSIONS] Unknown role requested: el<L&k=f
[PERMISSIONS] Unknown role requested: .# "%14
[PERMISSIONS] Unknown role requested: 2:%3lz>{+
[PERMISSIONS] Unknown role requested: 7_cleqy4
[PERMISSIONS] Unknown role requested: Y
[PERMISSIONS] Unknown role requested: :-m$SOO=9(:
[PERMISSIONS] Unknown role requested: toX__defin
[PERMISSIONS] Unknown role requested: J+mwyR#?1 "
[PERMISSIONS] Unknown role requested: name
[PERMISSIONS] Unknown role requested: M 
[PERMISSIONS] Unknown role requested: i
[PERMISSIONS] Unknown role requested: JI%WX$
[PERMISSIONS] Unknown role requested: $w
[PERMISSIONS] Unknown role requested: h
[PERMISSIONS] Unknown role requested: lr0n@Z~EG
[PERMISSIONS] Unknown role requested: qdAfIog>x
[PERMISSIONS] Unknown role requested: "UK
[PERMISSIONS] Unknown role requested: e
[PERMISSIONS] Unknown role requested: k
[PERMISSIONS] Unknown role requested: l'OiBn
[PERMISSIONS] Unknown role requested: XU!4AL:r"
[PERMISSIONS] Unknown role requested: oD(&wv
[PERMISSIONS] Unknown role requested: N%g".s"
[PERMISSIONS] Unknown role requested: ,p!{\n
[PERMISSIONS] Unknown role requested: rwKWrZ |
[PERMISSIONS] Unknown role requested: $?a8Y"Eg7M
[PERMISSIONS] Unknown role requested: Tj
[PERMISSIONS] Unknown role requested: s$Tlvzw$WO
[PERMISSIONS] Unknown role requested: 3
[PERMISSIONS] Unknown role requested:  I~6V0F!$!/$
[PERMISSIONS] Unknown role requested: sNyt
[PERMISSIONS] Unknown role requested: "Y="]/Gv
[PERMISSIONS] Unknown role requested: v)3
[PERMISSIONS] Unknown role requested:  % !dzf)W}
[PERMISSIONS] Unknown role requested: V
[PERMISSIONS] Unknown role requested: .{}<#6Y3G?}
[PERMISSIONS] Unknown role requested: [BtoStr
[PERMISSIONS] Unknown role requested: {$%%XO%F,d&
[PERMISSIONS] Unknown role requested: !6x*G)R2
[PERMISSIONS] Unknown role requested: M9R:yUF%
[PERMISSIONS] Unknown role requested: #
[PERMISSIONS] Unknown role requested: yH_M9!h&
[PERMISSIONS] Unknown role requested: DdTmo6'L.dk
[PERMISSIONS] Unknown role requested: z*q
[PERMISSIONS] Unknown role requested: BS/-l9d:C$
[PERMISSIONS] Unknown role requested: D- r

[90mstderr[2m | tests/property/rbac.property.test.ts[2m > [22m[2mEdge Cases[2m > 
[22m[2mInvalid Role Handling[2m > [22m[2mPROPERTY: Invalid role handling is 
deterministic
[22m[39m[PERMISSIONS] Unknown role requested: 2c5sth^IE
[PERMISSIONS] Unknown role requested: 2c5sth^IE
[PERMISSIONS] Unknown role requested: 2c5sth^IE
[PERMISSIONS] Unknown role requested: 2c5sth^IE
[PERMISSIONS] Unknown role requested: 2c5sth^IE
[PERMISSIONS] Unknown role requested: 2c5sth^IE
[PERMISSIONS] Unknown role requested: 2c5sth^IE
[PERMISSIONS] Unknown role requested: 2c5sth^IE
[PERMISSIONS] Unknown role requested: 2c5sth^IE
[PERMISSIONS] Unknown role requested: 2c5sth^IE
[PERMISSIONS] Unknown role requested: S,E$@$i;:O
[PERMISSIONS] Unknown role requested: S,E$@$i;:O
[PERMISSIONS] Unknown role requested: S,E$@$i;:O
[PERMISSIONS] Unknown role requested: S,E$@$i;:O
[PERMISSIONS] Unknown role requested: S,E$@$i;:O
[PERMISSIONS] Unknown role requested: S,E$@$i;:O
[PERMISSIONS] Unknown role requested: S,E$@$i;:O
[PERMISSIONS] Unknown role requested: S,E$@$i;:O
[PERMISSIONS] Unknown role requested: S,E$@$i;:O
[PERMISSIONS] Unknown role requested: S,E$@$i;:O
[PERMISSIONS] Unknown role requested: PO%|
[PERMISSIONS] Unknown role requested: PO%|
[PERMISSIONS] Unknown role requested: PO%|
[PERMISSIONS] Unknown role requested: PO%|
[PERMISSIONS] Unknown role requested: PO%|
[PERMISSIONS] Unknown role requested: PO%|
[PERMISSIONS] Unknown role requested: PO%|
[PERMISSIONS] Unknown role requested: PO%|
[PERMISSIONS] Unknown role requested: PO%|
[PERMISSIONS] Unknown role requested: PO%|
[PERMISSIONS] Unknown role requested: ref_
[PERMISSIONS] Unknown role requested: ref_
[PERMISSIONS] Unknown role requested: ref_
[PERMISSIONS] Unknown role requested: ref_
[PERMISSIONS] Unknown role requested: ref_
[PERMISSIONS] Unknown role requested: ref_
[PERMISSIONS] Unknown role requested: ref_
[PERMISSIONS] Unknown role requested: ref_
[PERMISSIONS] Unknown role requested: ref_
[PERMISSIONS] Unknown role requested: ref_
[PERMISSIONS] Unknown role requested: ="aL'k4?vsU
[PERMISSIONS] Unknown role requested: ="aL'k4?vsU
[PERMISSIONS] Unknown role requested: ="aL'k4?vsU
[PERMISSIONS] Unknown role requested: ="aL'k4?vsU
[PERMISSIONS] Unknown role requested: ="aL'k4?vsU
[PERMISSIONS] Unknown role requested: ="aL'k4?vsU
[PERMISSIONS] Unknown role requested: ="aL'k4?vsU
[PERMISSIONS] Unknown role requested: ="aL'k4?vsU
[PERMISSIONS] Unknown role requested: ="aL'k4?vsU
[PERMISSIONS] Unknown role requested: ="aL'k4?vsU
[PERMISSIONS] Unknown role requested: 8U1A,W8e}
[PERMISSIONS] Unknown role requested: 8U1A,W8e}
[PERMISSIONS] Unknown role requested: 8U1A,W8e}
[PERMISSIONS] Unknown role requested: 8U1A,W8e}
[PERMISSIONS] Unknown role requested: 8U1A,W8e}
[PERMISSIONS] Unknown role requested: 8U1A,W8e}
[PERMISSIONS] Unknown role requested: 8U1A,W8e}
[PERMISSIONS] Unknown role requested: 8U1A,W8e}
[PERMISSIONS] Unknown role requested: 8U1A,W8e}
[PERMISSIONS] Unknown role requested: 8U1A,W8e}
[PERMISSIONS] Unknown role requested: PMX$
[PERMISSIONS] Unknown role requested: PMX$
[PERMISSIONS] Unknown role requested: PMX$
[PERMISSIONS] Unknown role requested: PMX$
[PERMISSIONS] Unknown role requested: PMX$
[PERMISSIONS] Unknown role requested: PMX$
[PERMISSIONS] Unknown role requested: PMX$
[PERMISSIONS] Unknown role requested: PMX$
[PERMISSIONS] Unknown role requested: PMX$
[PERMISSIONS] Unknown role requested: PMX$
[PERMISSIONS] Unknown role requested: \kt
[PERMISSIONS] Unknown role requested: \kt
[PERMISSIONS] Unknown role requested: \kt
[PERMISSIONS] Unknown role requested: \kt
[PERMISSIONS] Unknown role requested: \kt
[PERMISSIONS] Unknown role requested: \kt
[PERMISSIONS] Unknown role requested: \kt
[PERMISSIONS] Unknown role requested: \kt
[PERMISSIONS] Unknown role requested: \kt
[PERMISSIONS] Unknown role requested: \kt
[PERMISSIONS] Unknown role requested: %
[PERMISSIONS] Unknown role requested: %
[PERMISSIONS] Unknown role requested: %
[PERMISSIONS] Unknown role requested: %
[PERMISSIONS] Unknown role requested: %
[PERMISSIONS] Unknown role requested: %
[PERMISSIONS] Unknown role requested: %
[PERMISSIONS] Unknown role requested: %
[PERMISSIONS] Unknown role requested: %
[PERMISSIONS] Unknown role requested: %
[PERMISSIONS] Unknown role requested: ~E}}ZB%G
[PERMISSIONS] Unknown role requested: ~E}}ZB%G
[PERMISSIONS] Unknown role requested: ~E}}ZB%G
[PERMISSIONS] Unknown role requested: ~E}}ZB%G
[PERMISSIONS] Unknown role requested: ~E}}ZB%G
[PERMISSIONS] Unknown role requested: ~E}}ZB%G
[PERMISSIONS] Unknown role requested: ~E}}ZB%G
[PERMISSIONS] Unknown role requested: ~E}}ZB%G
[PERMISSIONS] Unknown role requested: ~E}}ZB%G
[PERMISSIONS] Unknown role requested: ~E}}ZB%G
[PERMISSIONS] Unknown role requested: G,8zL
[PERMISSIONS] Unknown role requested: G,8zL
[PERMISSIONS] Unknown role requested: G,8zL
[PERMISSIONS] Unknown role requested: G,8zL
[PERMISSIONS] Unknown role requested: G,8zL
[PERMISSIONS] Unknown role requested: G,8zL
[PERMISSIONS] Unknown role requested: G,8zL
[PERMISSIONS] Unknown role requested: G,8zL
[PERMISSIONS] Unknown role requested: G,8zL
[PERMISSIONS] Unknown role requested: G,8zL
[PERMISSIONS] Unknown role requested: p
[PERMISSIONS] Unknown role requested: p
[PERMISSIONS] Unknown role requested: p
[PERMISSIONS] Unknown role requested: p
[PERMISSIONS] Unknown role requested: p
[PERMISSIONS] Unknown role requested: p
[PERMISSIONS] Unknown role requested: p
[PERMISSIONS] Unknown role requested: p
[PERMISSIONS] Unknown role requested: p
[PERMISSIONS] Unknown role requested: p
[PERMISSIONS] Unknown role requested: 4^k;x!A%i6%
[PERMISSIONS] Unknown role requested: 4^k;x!A%i6%
[PERMISSIONS] Unknown role requested: 4^k;x!A%i6%
[PERMISSIONS] Unknown role requested: 4^k;x!A%i6%
[PERMISSIONS] Unknown role requested: 4^k;x!A%i6%
[PERMISSIONS] Unknown role requested: 4^k;x!A%i6%
[PERMISSIONS] Unknown role requested: 4^k;x!A%i6%
[PERMISSIONS] Unknown role requested: 4^k;x!A%i6%
[PERMISSIONS] Unknown role requested: 4^k;x!A%i6%
[PERMISSIONS] Unknown role requested: 4^k;x!A%i6%
[PERMISSIONS] Unknown role requested: l:}
[PERMISSIONS] Unknown role requested: l:}
[PERMISSIONS] Unknown role requested: l:}
[PERMISSIONS] Unknown role requested: l:}
[PERMISSIONS] Unknown role requested: l:}
[PERMISSIONS] Unknown role requested: l:}
[PERMISSIONS] Unknown role requested: l:}
[PERMISSIONS] Unknown role requested: l:}
[PERMISSIONS] Unknown role requested: l:}
[PERMISSIONS] Unknown role requested: l:}
[PERMISSIONS] Unknown role requested: L%T
[PERMISSIONS] Unknown role requested: L%T
[PERMISSIONS] Unknown role requested: L%T
[PERMISSIONS] Unknown role requested: L%T
[PERMISSIONS] Unknown role requested: L%T
[PERMISSIONS] Unknown role requested: L%T
[PERMISSIONS] Unknown role requested: L%T
[PERMISSIONS] Unknown role requested: L%T
[PERMISSIONS] Unknown role requested: L%T
[PERMISSIONS] Unknown role requested: L%T
[PERMISSIONS] Unknown role requested: Y
[PERMISSIONS] Unknown role requested: Y
[PERMISSIONS] Unknown role requested: Y
[PERMISSIONS] Unknown role requested: Y
[PERMISSIONS] Unknown role requested: Y
[PERMISSIONS] Unknown role requested: Y
[PERMISSIONS] Unknown role requested: Y
[PERMISSIONS] Unknown role requested: Y
[PERMISSIONS] Unknown role requested: Y
[PERMISSIONS] Unknown role requested: Y
[PERMISSIONS] Unknown role requested: J/
[PERMISSIONS] Unknown role requested: J/
[PERMISSIONS] Unknown role requested: J/
[PERMISSIONS] Unknown role requested: J/
[PERMISSIONS] Unknown role requested: J/
[PERMISSIONS] Unknown role requested: J/
[PERMISSIONS] Unknown role requested: J/
[PERMISSIONS] Unknown role requested: J/
[PERMISSIONS] Unknown role requested: J/
[PERMISSIONS] Unknown role requested: J/
[PERMISSIONS] Unknown role requested: tg'
[PERMISSIONS] Unknown role requested: tg'
[PERMISSIONS] Unknown role requested: tg'
[PERMISSIONS] Unknown role requested: tg'
[PERMISSIONS] Unknown role requested: tg'
[PERMISSIONS] Unknown role requested: tg'
[PERMISSIONS] Unknown role requested: tg'
[PERMISSIONS] Unknown role requested: tg'
[PERMISSIONS] Unknown role requested: tg'
[PERMISSIONS] Unknown role requested: tg'
[PERMISSIONS] Unknown role requested: ]q
[PERMISSIONS] Unknown role requested: ]q
[PERMISSIONS] Unknown role requested: ]q
[PERMISSIONS] Unknown role requested: ]q
[PERMISSIONS] Unknown role requested: ]q
[PERMISSIONS] Unknown role requested: ]q
[PERMISSIONS] Unknown role requested: ]q
[PERMISSIONS] Unknown role requested: ]q
[PERMISSIONS] Unknown role requested: ]q
[PERMISSIONS] Unknown role requested: ]q
[PERMISSIONS] Unknown role requested: C<[Hv'&gZ
[PERMISSIONS] Unknown role requested: C<[Hv'&gZ
[PERMISSIONS] Unknown role requested: C<[Hv'&gZ
[PERMISSIONS] Unknown role requested: C<[Hv'&gZ
[PERMISSIONS] Unknown role requested: C<[Hv'&gZ
[PERMISSIONS] Unknown role requested: C<[Hv'&gZ
[PERMISSIONS] Unknown role requested: C<[Hv'&gZ
[PERMISSIONS] Unknown role requested: C<[Hv'&gZ
[PERMISSIONS] Unknown role requested: C<[Hv'&gZ
[PERMISSIONS] Unknown role requested: C<[Hv'&gZ
[PERMISSIONS] Unknown role requested: hQQZ^e6o
[PERMISSIONS] Unknown role requested: hQQZ^e6o
[PERMISSIONS] Unknown role requested: hQQZ^e6o
[PERMISSIONS] Unknown role requested: hQQZ^e6o
[PERMISSIONS] Unknown role requested: hQQZ^e6o
[PERMISSIONS] Unknown role requested: hQQZ^e6o
[PERMISSIONS] Unknown role requested: hQQZ^e6o
[PERMISSIONS] Unknown role requested: hQQZ^e6o
[PERMISSIONS] Unknown role requested: hQQZ^e6o
[PERMISSIONS] Unknown role requested: hQQZ^e6o
[PERMISSIONS] Unknown role requested: Q}doz^
[PERMISSIONS] Unknown role requested: Q}doz^
[PERMISSIONS] Unknown role requested: Q}doz^
[PERMISSIONS] Unknown role requested: Q}doz^
[PERMISSIONS] Unknown role requested: Q}doz^
[PERMISSIONS] Unknown role requested: Q}doz^
[PERMISSIONS] Unknown role requested: Q}doz^
[PERMISSIONS] Unknown role requested: Q}doz^
[PERMISSIONS] Unknown role requested: Q}doz^
[PERMISSIONS] Unknown role requested: Q}doz^
[PERMISSIONS] Unknown role requested: x}-J;^<
[PERMISSIONS] Unknown role requested: x}-J;^<
[PERMISSIONS] Unknown role requested: x}-J;^<
[PERMISSIONS] Unknown role requested: x}-J;^<
[PERMISSIONS] Unknown role requested: x}-J;^<
[PERMISSIONS] Unknown role requested: x}-J;^<
[PERMISSIONS] Unknown role requested: x}-J;^<
[PERMISSIONS] Unknown role requested: x}-J;^<
[PERMISSIONS] Unknown role requested: x}-J;^<
[PERMISSIONS] Unknown role requested: x}-J;^<
[PERMISSIONS] Unknown role requested: wrys
[PERMISSIONS] Unknown role requested: wrys
[PERMISSIONS] Unknown role requested: wrys
[PERMISSIONS] Unknown role requested: wrys
[PERMISSIONS] Unknown role requested: wrys
[PERMISSIONS] Unknown role requested: wrys
[PERMISSIONS] Unknown role requested: wrys
[PERMISSIONS] Unknown role requested: wrys
[PERMISSIONS] Unknown role requested: wrys
[PERMISSIONS] Unknown role requested: wrys
[PERMISSIONS] Unknown role requested: 7l
[PERMISSIONS] Unknown role requested: 7l
[PERMISSIONS] Unknown role requested: 7l
[PERMISSIONS] Unknown role requested: 7l
[PERMISSIONS] Unknown role requested: 7l
[PERMISSIONS] Unknown role requested: 7l
[PERMISSIONS] Unknown role requested: 7l
[PERMISSIONS] Unknown role requested: 7l
[PERMISSIONS] Unknown role requested: 7l
[PERMISSIONS] Unknown role requested: 7l
[PERMISSIONS] Unknown role requested: C_j~
[PERMISSIONS] Unknown role requested: C_j~
[PERMISSIONS] Unknown role requested: C_j~
[PERMISSIONS] Unknown role requested: C_j~
[PERMISSIONS] Unknown role requested: C_j~
[PERMISSIONS] Unknown role requested: C_j~
[PERMISSIONS] Unknown role requested: C_j~
[PERMISSIONS] Unknown role requested: C_j~
[PERMISSIONS] Unknown role requested: C_j~
[PERMISSIONS] Unknown role requested: C_j~
[PERMISSIONS] Unknown role requested: !$
[PERMISSIONS] Unknown role requested: !$
[PERMISSIONS] Unknown role requested: !$
[PERMISSIONS] Unknown role requested: !$
[PERMISSIONS] Unknown role requested: !$
[PERMISSIONS] Unknown role requested: !$
[PERMISSIONS] Unknown role requested: !$
[PERMISSIONS] Unknown role requested: !$
[PERMISSIONS] Unknown role requested: !$
[PERMISSIONS] Unknown role requested: !$
[PERMISSIONS] Unknown role requested: 7:rK
[PERMISSIONS] Unknown role requested: 7:rK
[PERMISSIONS] Unknown role requested: 7:rK
[PERMISSIONS] Unknown role requested: 7:rK
[PERMISSIONS] Unknown role requested: 7:rK
[PERMISSIONS] Unknown role requested: 7:rK
[PERMISSIONS] Unknown role requested: 7:rK
[PERMISSIONS] Unknown role requested: 7:rK
[PERMISSIONS] Unknown role requested: 7:rK
[PERMISSIONS] Unknown role requested: 7:rK
[PERMISSIONS] Unknown role requested: L%&)#zw4Kl"_
[PERMISSIONS] Unknown role requested: L%&)#zw4Kl"_
[PERMISSIONS] Unknown role requested: L%&)#zw4Kl"_
[PERMISSIONS] Unknown role requested: L%&)#zw4Kl"_
[PERMISSIONS] Unknown role requested: L%&)#zw4Kl"_
[PERMISSIONS] Unknown role requested: L%&)#zw4Kl"_
[PERMISSIONS] Unknown role requested: L%&)#zw4Kl"_
[PERMISSIONS] Unknown role requested: L%&)#zw4Kl"_
[PERMISSIONS] Unknown role requested: L%&)#zw4Kl"_
[PERMISSIONS] Unknown role requested: L%&)#zw4Kl"_
[PERMISSIONS] Unknown role requested: r 5>Fb8P.z
[PERMISSIONS] Unknown role requested: r 5>Fb8P.z
[PERMISSIONS] Unknown role requested: r 5>Fb8P.z
[PERMISSIONS] Unknown role requested: r 5>Fb8P.z
[PERMISSIONS] Unknown role requested: r 5>Fb8P.z
[PERMISSIONS] Unknown role requested: r 5>Fb8P.z
[PERMISSIONS] Unknown role requested: r 5>Fb8P.z
[PERMISSIONS] Unknown role requested: r 5>Fb8P.z
[PERMISSIONS] Unknown role requested: r 5>Fb8P.z
[PERMISSIONS] Unknown role requested: r 5>Fb8P.z
[PERMISSIONS] Unknown role requested: valueOfZ
[PERMISSIONS] Unknown role requested: valueOfZ
[PERMISSIONS] Unknown role requested: valueOfZ
[PERMISSIONS] Unknown role requested: valueOfZ
[PERMISSIONS] Unknown role requested: valueOfZ
[PERMISSIONS] Unknown role requested: valueOfZ
[PERMISSIONS] Unknown role requested: valueOfZ
[PERMISSIONS] Unknown role requested: valueOfZ
[PERMISSIONS] Unknown role requested: valueOfZ
[PERMISSIONS] Unknown role requested: valueOfZ
[PERMISSIONS] Unknown role requested: E
[PERMISSIONS] Unknown role requested: E
[PERMISSIONS] Unknown role requested: E
[PERMISSIONS] Unknown role requested: E
[PERMISSIONS] Unknown role requested: E
[PERMISSIONS] Unknown role requested: E
[PERMISSIONS] Unknown role requested: E
[PERMISSIONS] Unknown role requested: E
[PERMISSIONS] Unknown role requested: E
[PERMISSIONS] Unknown role requested: E
[PERMISSIONS] Unknown role requested: kBxg:
[PERMISSIONS] Unknown role requested: kBxg:
[PERMISSIONS] Unknown role requested: kBxg:
[PERMISSIONS] Unknown role requested: kBxg:
[PERMISSIONS] Unknown role requested: kBxg:
[PERMISSIONS] Unknown role requested: kBxg:
[PERMISSIONS] Unknown role requested: kBxg:
[PERMISSIONS] Unknown role requested: kBxg:
[PERMISSIONS] Unknown role requested: kBxg:
[PERMISSIONS] Unknown role requested: kBxg:
[PERMISSIONS] Unknown role requested: ,H*{WOK^
[PERMISSIONS] Unknown role requested: ,H*{WOK^
[PERMISSIONS] Unknown role requested: ,H*{WOK^
[PERMISSIONS] Unknown role requested: ,H*{WOK^
[PERMISSIONS] Unknown role requested: ,H*{WOK^
[PERMISSIONS] Unknown role requested: ,H*{WOK^
[PERMISSIONS] Unknown role requested: ,H*{WOK^
[PERMISSIONS] Unknown role requested: ,H*{WOK^
[PERMISSIONS] Unknown role requested: ,H*{WOK^
[PERMISSIONS] Unknown role requested: ,H*{WOK^
[PERMISSIONS] Unknown role requested: `fc6K 
[PERMISSIONS] Unknown role requested: `fc6K 
[PERMISSIONS] Unknown role requested: `fc6K 
[PERMISSIONS] Unknown role requested: `fc6K 
[PERMISSIONS] Unknown role requested: `fc6K 
[PERMISSIONS] Unknown role requested: `fc6K 
[PERMISSIONS] Unknown role requested: `fc6K 
[PERMISSIONS] Unknown role requested: `fc6K 
[PERMISSIONS] Unknown role requested: `fc6K 
[PERMISSIONS] Unknown role requested: `fc6K 
[PERMISSIONS] Unknown role requested: $
[PERMISSIONS] Unknown role requested: $
[PERMISSIONS] Unknown role requested: $
[PERMISSIONS] Unknown role requested: $
[PERMISSIONS] Unknown role requested: $
[PERMISSIONS] Unknown role requested: $
[PERMISSIONS] Unknown role requested: $
[PERMISSIONS] Unknown role requested: $
[PERMISSIONS] Unknown role requested: $
[PERMISSIONS] Unknown role requested: $
[PERMISSIONS] Unknown role requested: %p
[PERMISSIONS] Unknown role requested: %p
[PERMISSIONS] Unknown role requested: %p
[PERMISSIONS] Unknown role requested: %p
[PERMISSIONS] Unknown role requested: %p
[PERMISSIONS] Unknown role requested: %p
[PERMISSIONS] Unknown role requested: %p
[PERMISSIONS] Unknown role requested: %p
[PERMISSIONS] Unknown role requested: %p
[PERMISSIONS] Unknown role requested: %p
[PERMISSIONS] Unknown role requested:  jDfY/=
[PERMISSIONS] Unknown role requested:  jDfY/=
[PERMISSIONS] Unknown role requested:  jDfY/=
[PERMISSIONS] Unknown role requested:  jDfY/=
[PERMISSIONS] Unknown role requested:  jDfY/=
[PERMISSIONS] Unknown role requested:  jDfY/=
[PERMISSIONS] Unknown role requested:  jDfY/=
[PERMISSIONS] Unknown role requested:  jDfY/=
[PERMISSIONS] Unknown role requested:  jDfY/=
[PERMISSIONS] Unknown role requested:  jDfY/=
[PERMISSIONS] Unknown role requested: TMkn{"3I^
[PERMISSIONS] Unknown role requested: TMkn{"3I^
[PERMISSIONS] Unknown role requested: TMkn{"3I^
[PERMISSIONS] Unknown role requested: TMkn{"3I^
[PERMISSIONS] Unknown role requested: TMkn{"3I^
[PERMISSIONS] Unknown role requested: TMkn{"3I^
[PERMISSIONS] Unknown role requested: TMkn{"3I^
[PERMISSIONS] Unknown role requested: TMkn{"3I^
[PERMISSIONS] Unknown role requested: TMkn{"3I^
[PERMISSIONS] Unknown role requested: TMkn{"3I^
[PERMISSIONS] Unknown role requested: ]Ht
[PERMISSIONS] Unknown role requested: ]Ht
[PERMISSIONS] Unknown role requested: ]Ht
[PERMISSIONS] Unknown role requested: ]Ht
[PERMISSIONS] Unknown role requested: ]Ht
[PERMISSIONS] Unknown role requested: ]Ht
[PERMISSIONS] Unknown role requested: ]Ht
[PERMISSIONS] Unknown role requested: ]Ht
[PERMISSIONS] Unknown role requested: ]Ht
[PERMISSIONS] Unknown role requested: ]Ht
[PERMISSIONS] Unknown role requested: 2DvMfZR
[PERMISSIONS] Unknown role requested: 2DvMfZR
[PERMISSIONS] Unknown role requested: 2DvMfZR
[PERMISSIONS] Unknown role requested: 2DvMfZR
[PERMISSIONS] Unknown role requested: 2DvMfZR
[PERMISSIONS] Unknown role requested: 2DvMfZR
[PERMISSIONS] Unknown role requested: 2DvMfZR
[PERMISSIONS] Unknown role requested: 2DvMfZR
[PERMISSIONS] Unknown role requested: 2DvMfZR
[PERMISSIONS] Unknown role requested: 2DvMfZR
[PERMISSIONS] Unknown role requested: i)0
[PERMISSIONS] Unknown role requested: i)0
[PERMISSIONS] Unknown role requested: i)0
[PERMISSIONS] Unknown role requested: i)0
[PERMISSIONS] Unknown role requested: i)0
[PERMISSIONS] Unknown role requested: i)0
[PERMISSIONS] Unknown role requested: i)0
[PERMISSIONS] Unknown role requested: i)0
[PERMISSIONS] Unknown role requested: i)0
[PERMISSIONS] Unknown role requested: i)0
[PERMISSIONS] Unknown role requested: ^&wi+\g`8
[PERMISSIONS] Unknown role requested: ^&wi+\g`8
[PERMISSIONS] Unknown role requested: ^&wi+\g`8
[PERMISSIONS] Unknown role requested: ^&wi+\g`8
[PERMISSIONS] Unknown role requested: ^&wi+\g`8
[PERMISSIONS] Unknown role requested: ^&wi+\g`8
[PERMISSIONS] Unknown role requested: ^&wi+\g`8
[PERMISSIONS] Unknown role requested: ^&wi+\g`8
[PERMISSIONS] Unknown role requested: ^&wi+\g`8
[PERMISSIONS] Unknown role requested: ^&wi+\g`8
[PERMISSIONS] Unknown role requested: x
[PERMISSIONS] Unknown role requested: x
[PERMISSIONS] Unknown role requested: x
[PERMISSIONS] Unknown role requested: x
[PERMISSIONS] Unknown role requested: x
[PERMISSIONS] Unknown role requested: x
[PERMISSIONS] Unknown role requested: x
[PERMISSIONS] Unknown role requested: x
[PERMISSIONS] Unknown role requested: x
[PERMISSIONS] Unknown role requested: x
[PERMISSIONS] Unknown role requested: z&
[PERMISSIONS] Unknown role requested: z&
[PERMISSIONS] Unknown role requested: z&
[PERMISSIONS] Unknown role requested: z&
[PERMISSIONS] Unknown role requested: z&
[PERMISSIONS] Unknown role requested: z&
[PERMISSIONS] Unknown role requested: z&
[PERMISSIONS] Unknown role requested: z&
[PERMISSIONS] Unknown role requested: z&
[PERMISSIONS] Unknown role requested: z&
[PERMISSIONS] Unknown role requested: 2/HoO$%
[PERMISSIONS] Unknown role requested: 2/HoO$%
[PERMISSIONS] Unknown role requested: 2/HoO$%
[PERMISSIONS] Unknown role requested: 2/HoO$%
[PERMISSIONS] Unknown role requested: 2/HoO$%
[PERMISSIONS] Unknown role requested: 2/HoO$%
[PERMISSIONS] Unknown role requested: 2/HoO$%
[PERMISSIONS] Unknown role requested: 2/HoO$%
[PERMISSIONS] Unknown role requested: 2/HoO$%
[PERMISSIONS] Unknown role requested: 2/HoO$%
[PERMISSIONS] Unknown role requested: iRz?p&Lr
[PERMISSIONS] Unknown role requested: iRz?p&Lr
[PERMISSIONS] Unknown role requested: iRz?p&Lr
[PERMISSIONS] Unknown role requested: iRz?p&Lr
[PERMISSIONS] Unknown role requested: iRz?p&Lr
[PERMISSIONS] Unknown role requested: iRz?p&Lr
[PERMISSIONS] Unknown role requested: iRz?p&Lr
[PERMISSIONS] Unknown role requested: iRz?p&Lr
[PERMISSIONS] Unknown role requested: iRz?p&Lr
[PERMISSIONS] Unknown role requested: iRz?p&Lr
[PERMISSIONS] Unknown role requested: |J~  &$ICe
[PERMISSIONS] Unknown role requested: |J~  &$ICe
[PERMISSIONS] Unknown role requested: |J~  &$ICe
[PERMISSIONS] Unknown role requested: |J~  &$ICe
[PERMISSIONS] Unknown role requested: |J~  &$ICe
[PERMISSIONS] Unknown role requested: |J~  &$ICe
[PERMISSIONS] Unknown role requested: |J~  &$ICe
[PERMISSIONS] Unknown role requested: |J~  &$ICe
[PERMISSIONS] Unknown role requested: |J~  &$ICe
[PERMISSIONS] Unknown role requested: |J~  &$ICe
[PERMISSIONS] Unknown role requested: )|aB{K
[PERMISSIONS] Unknown role requested: )|aB{K
[PERMISSIONS] Unknown role requested: )|aB{K
[PERMISSIONS] Unknown role requested: )|aB{K
[PERMISSIONS] Unknown role requested: )|aB{K
[PERMISSIONS] Unknown role requested: )|aB{K
[PERMISSIONS] Unknown role requested: )|aB{K
[PERMISSIONS] Unknown role requested: )|aB{K
[PERMISSIONS] Unknown role requested: )|aB{K
[PERMISSIONS] Unknown role requested: )|aB{K
[PERMISSIONS] Unknown role requested: RHI*Lv
[PERMISSIONS] Unknown role requested: RHI*Lv
[PERMISSIONS] Unknown role requested: RHI*Lv
[PERMISSIONS] Unknown role requested: RHI*Lv
[PERMISSIONS] Unknown role requested: RHI*Lv
[PERMISSIONS] Unknown role requested: RHI*Lv
[PERMISSIONS] Unknown role requested: RHI*Lv
[PERMISSIONS] Unknown role requested: RHI*Lv
[PERMISSIONS] Unknown role requested: RHI*Lv
[PERMISSIONS] Unknown role requested: RHI*Lv
[PERMISSIONS] Unknown role requested: >1[WJ]g. ;e!
[PERMISSIONS] Unknown role requested: >1[WJ]g. ;e!
[PERMISSIONS] Unknown role requested: >1[WJ]g. ;e!
[PERMISSIONS] Unknown role requested: >1[WJ]g. ;e!
[PERMISSIONS] Unknown role requested: >1[WJ]g. ;e!
[PERMISSIONS] Unknown role requested: >1[WJ]g. ;e!
[PERMISSIONS] Unknown role requested: >1[WJ]g. ;e!
[PERMISSIONS] Unknown role requested: >1[WJ]g. ;e!
[PERMISSIONS] Unknown role requested: >1[WJ]g. ;e!
[PERMISSIONS] Unknown role requested: >1[WJ]g. ;e!
[PERMISSIONS] Unknown role requested: H-+&S|Oo
[PERMISSIONS] Unknown role requested: H-+&S|Oo
[PERMISSIONS] Unknown role requested: H-+&S|Oo
[PERMISSIONS] Unknown role requested: H-+&S|Oo
[PERMISSIONS] Unknown role requested: H-+&S|Oo
[PERMISSIONS] Unknown role requested: H-+&S|Oo
[PERMISSIONS] Unknown role requested: H-+&S|Oo
[PERMISSIONS] Unknown role requested: H-+&S|Oo
[PERMISSIONS] Unknown role requested: H-+&S|Oo
[PERMISSIONS] Unknown role requested: H-+&S|Oo
[PERMISSIONS] Unknown role requested: kyw5
[PERMISSIONS] Unknown role requested: kyw5
[PERMISSIONS] Unknown role requested: kyw5
[PERMISSIONS] Unknown role requested: kyw5
[PERMISSIONS] Unknown role requested: kyw5
[PERMISSIONS] Unknown role requested: kyw5
[PERMISSIONS] Unknown role requested: kyw5
[PERMISSIONS] Unknown role requested: kyw5
[PERMISSIONS] Unknown role requested: kyw5
[PERMISSIONS] Unknown role requested: kyw5
[PERMISSIONS] Unknown role requested: ,-;)x
[PERMISSIONS] Unknown role requested: ,-;)x
[PERMISSIONS] Unknown role requested: ,-;)x
[PERMISSIONS] Unknown role requested: ,-;)x
[PERMISSIONS] Unknown role requested: ,-;)x
[PERMISSIONS] Unknown role requested: ,-;)x
[PERMISSIONS] Unknown role requested: ,-;)x
[PERMISSIONS] Unknown role requested: ,-;)x
[PERMISSIONS] Unknown role requested: ,-;)x
[PERMISSIONS] Unknown role requested: ,-;)x
[PERMISSIONS] Unknown role requested: mV
[PERMISSIONS] Unknown role requested: mV
[PERMISSIONS] Unknown role requested: mV
[PERMISSIONS] Unknown role requested: mV
[PERMISSIONS] Unknown role requested: mV
[PERMISSIONS] Unknown role requested: mV
[PERMISSIONS] Unknown role requested: mV
[PERMISSIONS] Unknown role requested: mV
[PERMISSIONS] Unknown role requested: mV
[PERMISSIONS] Unknown role requested: mV
[PERMISSIONS] Unknown role requested: 2.8L2D
[PERMISSIONS] Unknown role requested: 2.8L2D
[PERMISSIONS] Unknown role requested: 2.8L2D
[PERMISSIONS] Unknown role requested: 2.8L2D
[PERMISSIONS] Unknown role requested: 2.8L2D
[PERMISSIONS] Unknown role requested: 2.8L2D
[PERMISSIONS] Unknown role requested: 2.8L2D
[PERMISSIONS] Unknown role requested: 2.8L2D
[PERMISSIONS] Unknown role requested: 2.8L2D
[PERMISSIONS] Unknown role requested: 2.8L2D
[PERMISSIONS] Unknown role requested: P ^ 
[PERMISSIONS] Unknown role requested: P ^ 
[PERMISSIONS] Unknown role requested: P ^ 
[PERMISSIONS] Unknown role requested: P ^ 
[PERMISSIONS] Unknown role requested: P ^ 
[PERMISSIONS] Unknown role requested: P ^ 
[PERMISSIONS] Unknown role requested: P ^ 
[PERMISSIONS] Unknown role requested: P ^ 
[PERMISSIONS] Unknown role requested: P ^ 
[PERMISSIONS] Unknown role requested: P ^ 
[PERMISSIONS] Unknown role requested: 1I"Fq[OUUe
[PERMISSIONS] Unknown role requested: 1I"Fq[OUUe
[PERMISSIONS] Unknown role requested: 1I"Fq[OUUe
[PERMISSIONS] Unknown role requested: 1I"Fq[OUUe
[PERMISSIONS] Unknown role requested: 1I"Fq[OUUe
[PERMISSIONS] Unknown role requested: 1I"Fq[OUUe
[PERMISSIONS] Unknown role requested: 1I"Fq[OUUe
[PERMISSIONS] Unknown role requested: 1I"Fq[OUUe
[PERMISSIONS] Unknown role requested: 1I"Fq[OUUe
[PERMISSIONS] Unknown role requested: 1I"Fq[OUUe
[PERMISSIONS] Unknown role requested: 0k
[PERMISSIONS] Unknown role requested: 0k
[PERMISSIONS] Unknown role requested: 0k
[PERMISSIONS] Unknown role requested: 0k
[PERMISSIONS] Unknown role requested: 0k
[PERMISSIONS] Unknown role requested: 0k
[PERMISSIONS] Unknown role requested: 0k
[PERMISSIONS] Unknown role requested: 0k
[PERMISSIONS] Unknown role requested: 0k
[PERMISSIONS] Unknown role requested: 0k
[PERMISSIONS] Unknown role requested: J9
[PERMISSIONS] Unknown role requested: J9
[PERMISSIONS] Unknown role requested: J9
[PERMISSIONS] Unknown role requested: J9
[PERMISSIONS] Unknown role requested: J9
[PERMISSIONS] Unknown role requested: J9
[PERMISSIONS] Unknown role requested: J9
[PERMISSIONS] Unknown role requested: J9
[PERMISSIONS] Unknown role requested: J9
[PERMISSIONS] Unknown role requested: J9
[PERMISSIONS] Unknown role requested: /`
[PERMISSIONS] Unknown role requested: /`
[PERMISSIONS] Unknown role requested: /`
[PERMISSIONS] Unknown role requested: /`
[PERMISSIONS] Unknown role requested: /`
[PERMISSIONS] Unknown role requested: /`
[PERMISSIONS] Unknown role requested: /`
[PERMISSIONS] Unknown role requested: /`
[PERMISSIONS] Unknown role requested: /`
[PERMISSIONS] Unknown role requested: /`
[PERMISSIONS] Unknown role requested: wg&=Z,'|:'
[PERMISSIONS] Unknown role requested: wg&=Z,'|:'
[PERMISSIONS] Unknown role requested: wg&=Z,'|:'
[PERMISSIONS] Unknown role requested: wg&=Z,'|:'
[PERMISSIONS] Unknown role requested: wg&=Z,'|:'
[PERMISSIONS] Unknown role requested: wg&=Z,'|:'
[PERMISSIONS] Unknown role requested: wg&=Z,'|:'
[PERMISSIONS] Unknown role requested: wg&=Z,'|:'
[PERMISSIONS] Unknown role requested: wg&=Z,'|:'
[PERMISSIONS] Unknown role requested: wg&=Z,'|:'
[PERMISSIONS] Unknown role requested: X=A_M9e^l>g
[PERMISSIONS] Unknown role requested: X=A_M9e^l>g
[PERMISSIONS] Unknown role requested: X=A_M9e^l>g
[PERMISSIONS] Unknown role requested: X=A_M9e^l>g
[PERMISSIONS] Unknown role requested: X=A_M9e^l>g
[PERMISSIONS] Unknown role requested: X=A_M9e^l>g
[PERMISSIONS] Unknown role requested: X=A_M9e^l>g
[PERMISSIONS] Unknown role requested: X=A_M9e^l>g
[PERMISSIONS] Unknown role requested: X=A_M9e^l>g
[PERMISSIONS] Unknown role requested: X=A_M9e^l>g
[PERMISSIONS] Unknown role requested: j.
[PERMISSIONS] Unknown role requested: j.
[PERMISSIONS] Unknown role requested: j.
[PERMISSIONS] Unknown role requested: j.
[PERMISSIONS] Unknown role requested: j.
[PERMISSIONS] Unknown role requested: j.
[PERMISSIONS] Unknown role requested: j.
[PERMISSIONS] Unknown role requested: j.
[PERMISSIONS] Unknown role requested: j.
[PERMISSIONS] Unknown role requested: j.
[PERMISSIONS] Unknown role requested: ?{+}Z4GJ(b
[PERMISSIONS] Unknown role requested: ?{+}Z4GJ(b
[PERMISSIONS] Unknown role requested: ?{+}Z4GJ(b
[PERMISSIONS] Unknown role requested: ?{+}Z4GJ(b
[PERMISSIONS] Unknown role requested: ?{+}Z4GJ(b
[PERMISSIONS] Unknown role requested: ?{+}Z4GJ(b
[PERMISSIONS] Unknown role requested: ?{+}Z4GJ(b
[PERMISSIONS] Unknown role requested: ?{+}Z4GJ(b
[PERMISSIONS] Unknown role requested: ?{+}Z4GJ(b
[PERMISSIONS] Unknown role requested: ?{+}Z4GJ(b
[PERMISSIONS] Unknown role requested: @O#~L$*g$?
[PERMISSIONS] Unknown role requested: @O#~L$*g$?
[PERMISSIONS] Unknown role requested: @O#~L$*g$?
[PERMISSIONS] Unknown role requested: @O#~L$*g$?
[PERMISSIONS] Unknown role requested: @O#~L$*g$?
[PERMISSIONS] Unknown role requested: @O#~L$*g$?
[PERMISSIONS] Unknown role requested: @O#~L$*g$?
[PERMISSIONS] Unknown role requested: @O#~L$*g$?
[PERMISSIONS] Unknown role requested: @O#~L$*g$?
[PERMISSIONS] Unknown role requested: @O#~L$*g$?
[PERMISSIONS] Unknown role requested: asN 7'IW&S
[PERMISSIONS] Unknown role requested: asN 7'IW&S
[PERMISSIONS] Unknown role requested: asN 7'IW&S
[PERMISSIONS] Unknown role requested: asN 7'IW&S
[PERMISSIONS] Unknown role requested: asN 7'IW&S
[PERMISSIONS] Unknown role requested: asN 7'IW&S
[PERMISSIONS] Unknown role requested: asN 7'IW&S
[PERMISSIONS] Unknown role requested: asN 7'IW&S
[PERMISSIONS] Unknown role requested: asN 7'IW&S
[PERMISSIONS] Unknown role requested: asN 7'IW&S
[PERMISSIONS] Unknown role requested: VB"N
[PERMISSIONS] Unknown role requested: VB"N
[PERMISSIONS] Unknown role requested: VB"N
[PERMISSIONS] Unknown role requested: VB"N
[PERMISSIONS] Unknown role requested: VB"N
[PERMISSIONS] Unknown role requested: VB"N
[PERMISSIONS] Unknown role requested: VB"N
[PERMISSIONS] Unknown role requested: VB"N
[PERMISSIONS] Unknown role requested: VB"N
[PERMISSIONS] Unknown role requested: VB"N
[PERMISSIONS] Unknown role requested: =BYY4ue'f\{
[PERMISSIONS] Unknown role requested: =BYY4ue'f\{
[PERMISSIONS] Unknown role requested: =BYY4ue'f\{
[PERMISSIONS] Unknown role requested: =BYY4ue'f\{
[PERMISSIONS] Unknown role requested: =BYY4ue'f\{
[PERMISSIONS] Unknown role requested: =BYY4ue'f\{
[PERMISSIONS] Unknown role requested: =BYY4ue'f\{
[PERMISSIONS] Unknown role requested: =BYY4ue'f\{
[PERMISSIONS] Unknown role requested: =BYY4ue'f\{
[PERMISSIONS] Unknown role requested: =BYY4ue'f\{
[PERMISSIONS] Unknown role requested: "i
[PERMISSIONS] Unknown role requested: "i
[PERMISSIONS] Unknown role requested: "i
[PERMISSIONS] Unknown role requested: "i
[PERMISSIONS] Unknown role requested: "i
[PERMISSIONS] Unknown role requested: "i
[PERMISSIONS] Unknown role requested: "i
[PERMISSIONS] Unknown role requested: "i
[PERMISSIONS] Unknown role requested: "i
[PERMISSIONS] Unknown role requested: "i
[PERMISSIONS] Unknown role requested: 3/qRX?)-+?'8
[PERMISSIONS] Unknown role requested: 3/qRX?)-+?'8
[PERMISSIONS] Unknown role requested: 3/qRX?)-+?'8
[PERMISSIONS] Unknown role requested: 3/qRX?)-+?'8
[PERMISSIONS] Unknown role requested: 3/qRX?)-+?'8
[PERMISSIONS] Unknown role requested: 3/qRX?)-+?'8
[PERMISSIONS] Unknown role requested: 3/qRX?)-+?'8
[PERMISSIONS] Unknown role requested: 3/qRX?)-+?'8
[PERMISSIONS] Unknown role requested: 3/qRX?)-+?'8
[PERMISSIONS] Unknown role requested: 3/qRX?)-+?'8
[PERMISSIONS] Unknown role requested: '
[PERMISSIONS] Unknown role requested: '
[PERMISSIONS] Unknown role requested: '
[PERMISSIONS] Unknown role requested: '
[PERMISSIONS] Unknown role requested: '
[PERMISSIONS] Unknown role requested: '
[PERMISSIONS] Unknown role requested: '
[PERMISSIONS] Unknown role requested: '
[PERMISSIONS] Unknown role requested: '
[PERMISSIONS] Unknown role requested: '
[PERMISSIONS] Unknown role requested: @7h|
[PERMISSIONS] Unknown role requested: @7h|
[PERMISSIONS] Unknown role requested: @7h|
[PERMISSIONS] Unknown role requested: @7h|
[PERMISSIONS] Unknown role requested: @7h|
[PERMISSIONS] Unknown role requested: @7h|
[PERMISSIONS] Unknown role requested: @7h|
[PERMISSIONS] Unknown role requested: @7h|
[PERMISSIONS] Unknown role requested: @7h|
[PERMISSIONS] Unknown role requested: @7h|
[PERMISSIONS] Unknown role requested: "ip01 3%M 
[PERMISSIONS] Unknown role requested: "ip01 3%M 
[PERMISSIONS] Unknown role requested: "ip01 3%M 
[PERMISSIONS] Unknown role requested: "ip01 3%M 
[PERMISSIONS] Unknown role requested: "ip01 3%M 
[PERMISSIONS] Unknown role requested: "ip01 3%M 
[PERMISSIONS] Unknown role requested: "ip01 3%M 
[PERMISSIONS] Unknown role requested: "ip01 3%M 
[PERMISSIONS] Unknown role requested: "ip01 3%M 
[PERMISSIONS] Unknown role requested: "ip01 3%M 
[PERMISSIONS] Unknown role requested: TTyebpr}Zp*<
[PERMISSIONS] Unknown role requested: TTyebpr}Zp*<
[PERMISSIONS] Unknown role requested: TTyebpr}Zp*<
[PERMISSIONS] Unknown role requested: TTyebpr}Zp*<
[PERMISSIONS] Unknown role requested: TTyebpr}Zp*<
[PERMISSIONS] Unknown role requested: TTyebpr}Zp*<
[PERMISSIONS] Unknown role requested: TTyebpr}Zp*<
[PERMISSIONS] Unknown role requested: TTyebpr}Zp*<
[PERMISSIONS] Unknown role requested: TTyebpr}Zp*<
[PERMISSIONS] Unknown role requested: TTyebpr}Zp*<
[PERMISSIONS] Unknown role requested: H(JHvxY
[PERMISSIONS] Unknown role requested: H(JHvxY
[PERMISSIONS] Unknown role requested: H(JHvxY
[PERMISSIONS] Unknown role requested: H(JHvxY
[PERMISSIONS] Unknown role requested: H(JHvxY
[PERMISSIONS] Unknown role requested: H(JHvxY
[PERMISSIONS] Unknown role requested: H(JHvxY
[PERMISSIONS] Unknown role requested: H(JHvxY
[PERMISSIONS] Unknown role requested: H(JHvxY
[PERMISSIONS] Unknown role requested: H(JHvxY
[PERMISSIONS] Unknown role requested: ~BV$
[PERMISSIONS] Unknown role requested: ~BV$
[PERMISSIONS] Unknown role requested: ~BV$
[PERMISSIONS] Unknown role requested: ~BV$
[PERMISSIONS] Unknown role requested: ~BV$
[PERMISSIONS] Unknown role requested: ~BV$
[PERMISSIONS] Unknown role requested: ~BV$
[PERMISSIONS] Unknown role requested: ~BV$
[PERMISSIONS] Unknown role requested: ~BV$
[PERMISSIONS] Unknown role requested: ~BV$
[PERMISSIONS] Unknown role requested: lsgu-j
[PERMISSIONS] Unknown role requested: lsgu-j
[PERMISSIONS] Unknown role requested: lsgu-j
[PERMISSIONS] Unknown role requested: lsgu-j
[PERMISSIONS] Unknown role requested: lsgu-j
[PERMISSIONS] Unknown role requested: lsgu-j
[PERMISSIONS] Unknown role requested: lsgu-j
[PERMISSIONS] Unknown role requested: lsgu-j
[PERMISSIONS] Unknown role requested: lsgu-j
[PERMISSIONS] Unknown role requested: lsgu-j
[PERMISSIONS] Unknown role requested: "7(M
[PERMISSIONS] Unknown role requested: "7(M
[PERMISSIONS] Unknown role requested: "7(M
[PERMISSIONS] Unknown role requested: "7(M
[PERMISSIONS] Unknown role requested: "7(M
[PERMISSIONS] Unknown role requested: "7(M
[PERMISSIONS] Unknown role requested: "7(M
[PERMISSIONS] Unknown role requested: "7(M
[PERMISSIONS] Unknown role requested: "7(M
[PERMISSIONS] Unknown role requested: "7(M
[PERMISSIONS] Unknown role requested: G__d
[PERMISSIONS] Unknown role requested: G__d
[PERMISSIONS] Unknown role requested: G__d
[PERMISSIONS] Unknown role requested: G__d
[PERMISSIONS] Unknown role requested: G__d
[PERMISSIONS] Unknown role requested: G__d
[PERMISSIONS] Unknown role requested: G__d
[PERMISSIONS] Unknown role requested: G__d
[PERMISSIONS] Unknown role requested: G__d
[PERMISSIONS] Unknown role requested: G__d
[PERMISSIONS] Unknown role requested: a
[PERMISSIONS] Unknown role requested: a
[PERMISSIONS] Unknown role requested: a
[PERMISSIONS] Unknown role requested: a
[PERMISSIONS] Unknown role requested: a
[PERMISSIONS] Unknown role requested: a
[PERMISSIONS] Unknown role requested: a
[PERMISSIONS] Unknown role requested: a
[PERMISSIONS] Unknown role requested: a
[PERMISSIONS] Unknown role requested: a
[PERMISSIONS] Unknown role requested: |
[PERMISSIONS] Unknown role requested: |
[PERMISSIONS] Unknown role requested: |
[PERMISSIONS] Unknown role requested: |
[PERMISSIONS] Unknown role requested: |
[PERMISSIONS] Unknown role requested: |
[PERMISSIONS] Unknown role requested: |
[PERMISSIONS] Unknown role requested: |
[PERMISSIONS] Unknown role requested: |
[PERMISSIONS] Unknown role requested: |
[PERMISSIONS] Unknown role requested: 9R$9y
[PERMISSIONS] Unknown role requested: 9R$9y
[PERMISSIONS] Unknown role requested: 9R$9y
[PERMISSIONS] Unknown role requested: 9R$9y
[PERMISSIONS] Unknown role requested: 9R$9y
[PERMISSIONS] Unknown role requested: 9R$9y
[PERMISSIONS] Unknown role requested: 9R$9y
[PERMISSIONS] Unknown role requested: 9R$9y
[PERMISSIONS] Unknown role requested: 9R$9y
[PERMISSIONS] Unknown role requested: 9R$9y
[PERMISSIONS] Unknown role requested: 78K\ioA%R;
[PERMISSIONS] Unknown role requested: 78K\ioA%R;
[PERMISSIONS] Unknown role requested: 78K\ioA%R;
[PERMISSIONS] Unknown role requested: 78K\ioA%R;
[PERMISSIONS] Unknown role requested: 78K\ioA%R;
[PERMISSIONS] Unknown role requested: 78K\ioA%R;
[PERMISSIONS] Unknown role requested: 78K\ioA%R;
[PERMISSIONS] Unknown role requested: 78K\ioA%R;
[PERMISSIONS] Unknown role requested: 78K\ioA%R;
[PERMISSIONS] Unknown role requested: 78K\ioA%R;
[PERMISSIONS] Unknown role requested: dfuT5xkCm#f
[PERMISSIONS] Unknown role requested: dfuT5xkCm#f
[PERMISSIONS] Unknown role requested: dfuT5xkCm#f
[PERMISSIONS] Unknown role requested: dfuT5xkCm#f
[PERMISSIONS] Unknown role requested: dfuT5xkCm#f
[PERMISSIONS] Unknown role requested: dfuT5xkCm#f
[PERMISSIONS] Unknown role requested: dfuT5xkCm#f
[PERMISSIONS] Unknown role requested: dfuT5xkCm#f
[PERMISSIONS] Unknown role requested: dfuT5xkCm#f
[PERMISSIONS] Unknown role requested: dfuT5xkCm#f
[PERMISSIONS] Unknown role requested: nX;eT<aEB^w:
[PERMISSIONS] Unknown role requested: nX;eT<aEB^w:
[PERMISSIONS] Unknown role requested: nX;eT<aEB^w:
[PERMISSIONS] Unknown role requested: nX;eT<aEB^w:
[PERMISSIONS] Unknown role requested: nX;eT<aEB^w:
[PERMISSIONS] Unknown role requested: nX;eT<aEB^w:
[PERMISSIONS] Unknown role requested: nX;eT<aEB^w:
[PERMISSIONS] Unknown role requested: nX;eT<aEB^w:
[PERMISSIONS] Unknown role requested: nX;eT<aEB^w:
[PERMISSIONS] Unknown role requested: nX;eT<aEB^w:
[PERMISSIONS] Unknown role requested: XM1yD
[PERMISSIONS] Unknown role requested: XM1yD
[PERMISSIONS] Unknown role requested: XM1yD
[PERMISSIONS] Unknown role requested: XM1yD
[PERMISSIONS] Unknown role requested: XM1yD
[PERMISSIONS] Unknown role requested: XM1yD
[PERMISSIONS] Unknown role requested: XM1yD
[PERMISSIONS] Unknown role requested: XM1yD
[PERMISSIONS] Unknown role requested: XM1yD
[PERMISSIONS] Unknown role requested: XM1yD
[PERMISSIONS] Unknown role requested: 9yDO"
[PERMISSIONS] Unknown role requested: 9yDO"
[PERMISSIONS] Unknown role requested: 9yDO"
[PERMISSIONS] Unknown role requested: 9yDO"
[PERMISSIONS] Unknown role requested: 9yDO"
[PERMISSIONS] Unknown role requested: 9yDO"
[PERMISSIONS] Unknown role requested: 9yDO"
[PERMISSIONS] Unknown role requested: 9yDO"
[PERMISSIONS] Unknown role requested: 9yDO"
[PERMISSIONS] Unknown role requested: 9yDO"
[PERMISSIONS] Unknown role requested: xTK)^Ew<6E
[PERMISSIONS] Unknown role requested: xTK)^Ew<6E
[PERMISSIONS] Unknown role requested: xTK)^Ew<6E
[PERMISSIONS] Unknown role requested: xTK)^Ew<6E
[PERMISSIONS] Unknown role requested: xTK)^Ew<6E
[PERMISSIONS] Unknown role requested: xTK)^Ew<6E
[PERMISSIONS] Unknown role requested: xTK)^Ew<6E
[PERMISSIONS] Unknown role requested: xTK)^Ew<6E
[PERMISSIONS] Unknown role requested: xTK)^Ew<6E
[PERMISSIONS] Unknown role requested: xTK)^Ew<6E
[PERMISSIONS] Unknown role requested: |{%2:#V\<
[PERMISSIONS] Unknown role requested: |{%2:#V\<
[PERMISSIONS] Unknown role requested: |{%2:#V\<
[PERMISSIONS] Unknown role requested: |{%2:#V\<
[PERMISSIONS] Unknown role requested: |{%2:#V\<
[PERMISSIONS] Unknown role requested: |{%2:#V\<
[PERMISSIONS] Unknown role requested: |{%2:#V\<
[PERMISSIONS] Unknown role requested: |{%2:#V\<
[PERMISSIONS] Unknown role requested: |{%2:#V\<
[PERMISSIONS] Unknown role requested: |{%2:#V\<
[PERMISSIONS] Unknown role requested: )Y
[PERMISSIONS] Unknown role requested: )Y
[PERMISSIONS] Unknown role requested: )Y
[PERMISSIONS] Unknown role requested: )Y
[PERMISSIONS] Unknown role requested: )Y
[PERMISSIONS] Unknown role requested: )Y
[PERMISSIONS] Unknown role requested: )Y
[PERMISSIONS] Unknown role requested: )Y
[PERMISSIONS] Unknown role requested: )Y
[PERMISSIONS] Unknown role requested: )Y
[PERMISSIONS] Unknown role requested: |T~>Eo8X#}
[PERMISSIONS] Unknown role requested: |T~>Eo8X#}
[PERMISSIONS] Unknown role requested: |T~>Eo8X#}
[PERMISSIONS] Unknown role requested: |T~>Eo8X#}
[PERMISSIONS] Unknown role requested: |T~>Eo8X#}
[PERMISSIONS] Unknown role requested: |T~>Eo8X#}
[PERMISSIONS] Unknown role requested: |T~>Eo8X#}
[PERMISSIONS] Unknown role requested: |T~>Eo8X#}
[PERMISSIONS] Unknown role requested: |T~>Eo8X#}
[PERMISSIONS] Unknown role requested: |T~>Eo8X#}
[PERMISSIONS] Unknown role requested: T,^?U
[PERMISSIONS] Unknown role requested: T,^?U
[PERMISSIONS] Unknown role requested: T,^?U
[PERMISSIONS] Unknown role requested: T,^?U
[PERMISSIONS] Unknown role requested: T,^?U
[PERMISSIONS] Unknown role requested: T,^?U
[PERMISSIONS] Unknown role requested: T,^?U
[PERMISSIONS] Unknown role requested: T,^?U
[PERMISSIONS] Unknown role requested: T,^?U
[PERMISSIONS] Unknown role requested: T,^?U
[PERMISSIONS] Unknown role requested: uX9)<
[PERMISSIONS] Unknown role requested: uX9)<
[PERMISSIONS] Unknown role requested: uX9)<
[PERMISSIONS] Unknown role requested: uX9)<
[PERMISSIONS] Unknown role requested: uX9)<
[PERMISSIONS] Unknown role requested: uX9)<
[PERMISSIONS] Unknown role requested: uX9)<
[PERMISSIONS] Unknown role requested: uX9)<
[PERMISSIONS] Unknown role requested: uX9)<
[PERMISSIONS] Unknown role requested: uX9)<
[PERMISSIONS] Unknown role requested: $lf?jnYp%&
[PERMISSIONS] Unknown role requested: $lf?jnYp%&
[PERMISSIONS] Unknown role requested: $lf?jnYp%&
[PERMISSIONS] Unknown role requested: $lf?jnYp%&
[PERMISSIONS] Unknown role requested: $lf?jnYp%&
[PERMISSIONS] Unknown role requested: $lf?jnYp%&
[PERMISSIONS] Unknown role requested: $lf?jnYp%&
[PERMISSIONS] Unknown role requested: $lf?jnYp%&
[PERMISSIONS] Unknown role requested: $lf?jnYp%&
[PERMISSIONS] Unknown role requested: $lf?jnYp%&
[PERMISSIONS] Unknown role requested: 6DL
[PERMISSIONS] Unknown role requested: 6DL
[PERMISSIONS] Unknown role requested: 6DL
[PERMISSIONS] Unknown role requested: 6DL
[PERMISSIONS] Unknown role requested: 6DL
[PERMISSIONS] Unknown role requested: 6DL
[PERMISSIONS] Unknown role requested: 6DL
[PERMISSIONS] Unknown role requested: 6DL
[PERMISSIONS] Unknown role requested: 6DL
[PERMISSIONS] Unknown role requested: 6DL
[PERMISSIONS] Unknown role requested: ^.\KbfW
[PERMISSIONS] Unknown role requested: ^.\KbfW
[PERMISSIONS] Unknown role requested: ^.\KbfW
[PERMISSIONS] Unknown role requested: ^.\KbfW
[PERMISSIONS] Unknown role requested: ^.\KbfW
[PERMISSIONS] Unknown role requested: ^.\KbfW
[PERMISSIONS] Unknown role requested: ^.\KbfW
[PERMISSIONS] Unknown role requested: ^.\KbfW
[PERMISSIONS] Unknown role requested: ^.\KbfW
[PERMISSIONS] Unknown role requested: ^.\KbfW
[PERMISSIONS] Unknown role requested: 7I
[PERMISSIONS] Unknown role requested: 7I
[PERMISSIONS] Unknown role requested: 7I
[PERMISSIONS] Unknown role requested: 7I
[PERMISSIONS] Unknown role requested: 7I
[PERMISSIONS] Unknown role requested: 7I
[PERMISSIONS] Unknown role requested: 7I
[PERMISSIONS] Unknown role requested: 7I
[PERMISSIONS] Unknown role requested: 7I
[PERMISSIONS] Unknown role requested: 7I
[PERMISSIONS] Unknown role requested: $oto
[PERMISSIONS] Unknown role requested: $oto
[PERMISSIONS] Unknown role requested: $oto
[PERMISSIONS] Unknown role requested: $oto
[PERMISSIONS] Unknown role requested: $oto
[PERMISSIONS] Unknown role requested: $oto
[PERMISSIONS] Unknown role requested: $oto
[PERMISSIONS] Unknown role requested: $oto
[PERMISSIONS] Unknown role requested: $oto
[PERMISSIONS] Unknown role requested: $oto
[PERMISSIONS] Unknown role requested: *
[PERMISSIONS] Unknown role requested: *
[PERMISSIONS] Unknown role requested: *
[PERMISSIONS] Unknown role requested: *
[PERMISSIONS] Unknown role requested: *
[PERMISSIONS] Unknown role requested: *
[PERMISSIONS] Unknown role requested: *
[PERMISSIONS] Unknown role requested: *
[PERMISSIONS] Unknown role requested: *
[PERMISSIONS] Unknown role requested: *

 [32mΓ£ô[39m tests/property/rbac.property.test.ts [2m([22m[2m34 tests[22m[2m)[22m[32m 205[2mms[22m[39m
[90mstderr[2m | 
tests/property/vercel-production-fixes/error-response.property.test.ts[2m > 
[22m[2mFeature: vercel-production-fixes, Property 4: API Error Responses Are Consistent 
and Safe[2m > [22m[2mProperty: Error responses do not expose internal details 
(Requirement 6.5)[2m > [22m[2mshould not expose stack traces in error responses via 
handleError
[22m[39m[test] Error: 8r!%
[test] Error: Cz1
[test] Error: toString
[test] Error: !V&,a3ZMeZ.N
[test] Error: 6U#n2>
[test] Error: @mT`tq:UWZ]K
[test] Error: Hmpc9"XQ_&
[test] Error: constructor
[test] Error: 'M
[test] Error: vv
[test] Error: Cw(H
[test] Error: callerapp
[test] Error: 0V
[test] Error: L^t OYK
[test] Error: pDz;vt/
[test] Error: &1SRk15NG
[test] Error: z3
[test] Error: jY`S~z
[test] Error: fWLXt{`#Y`.
[test] Error: T@dm<u@l[
[test] Error: &]i@~^)n0
[test] Error: |ja| ,^P3
[test] Error: 6QG7x{MARf
[test] Error: LA.Hpe
[test] Error: mp;o>Rii
[test] Error: 7xVd
[test] Error: @=Q!" M
[test] Error: (/
[test] Error: /*\/~U9
[test] Error: Y!X
[test] Error: OC'.k?&
[test] Error: $#x6zC&?m!J
[test] Error: .ZC&A4Ct@L
[test] Error: "y
[test] Error: la
[test] Error: #!puS"x&
[test] Error: WxSz}Z
[test] Error: -(,-
[test] Error: bind__
[test] Error: ns
[test] Error: E;jzg Sjx
[test] Error: r}$
[test] Error: "^xCJ
[test] Error: /x
[test] Error: }We
[test] Error: d keyHI__loo
[test] Error: constru
[test] Error: #y
[test] Error:  !7
[test] Error: l
[test] Error:  o$-%,
[test] Error: kSj4Bj:
[test] Error: key
[test] Error: e.(uO
[test] Error: BH[A3x"z&"<7
[test] Error: B
[test] Error: ;
[test] Error: g,
[test] Error: 0N'
[test] Error: __
[test] Error: C
[test] Error: F}3
[test] Error: 7r_{~
[test] Error: I
[test] Error: 9
[test] Error: sargumen
[test] Error: TRB\] aO
[test] Error: <6'IlUH(0
[test] Error: \T
[test] Error: 22/]hN%d$*:\
[test] Error: &s:%Z(3)!|
[test] Error: /?OKv
[test] Error: yU:X
[test] Error: ,&C "5vW
[test] Error: Z*
[test] Error: caller
[test] Error: -CIZGibAtqa
[test] Error: #
[test] Error: !
[test] Error: xq:%"A%.\
[test] Error: V?*8
[test] Error: ln.V
[test] Error: <
[test] Error: Az J>&_%OBZZ
[test] Error: H }K
[test] Error: qWVKW
[test] Error: &+p>I~[%!IZB
[test] Error: wV
[test] Error: Bp{*bXqCb
[test] Error: xg
[test] Error: ob;NA"
[test] Error: c-
[test] Error: X]
[test] Error: T|42A1`
[test] Error: u
[test] Error: *yYp"=Z
[test] Error: M4z~yb&WgbO
[test] Error: '+!c"|F8$6n
[test] Error: Ax GR!
[test] Error: v~.QV$zCHu

[90mstderr[2m | 
tests/property/vercel-production-fixes/error-response.property.test.ts[2m > 
[22m[2mFeature: vercel-production-fixes, Property 4: API Error Responses Are Consistent 
and Safe[2m > [22m[2mProperty: Error responses do not expose internal details 
(Requirement 6.5)[2m > [22m[2mshould not expose file paths in error responses via 
handleError
[22m[39m[test] Error: Error in [PATH]
[test] Error: Error in [PATH]
[test] Error: Error in /api/_lib/errorHandler.ts
[test] Error: Error in /api/auth.ts
[test] Error: Error in [PATH]
[test] Error: Error in /api/_lib/errorHandler.ts
[test] Error: Error in /api/auth.ts
[test] Error: Error in /api/auth.ts
[test] Error: Error in [PATH]
[test] Error: Error in [PATH]
[test] Error: Error in [PATH]
[test] Error: Error in /api/_lib/errorHandler.ts
[test] Error: Error in [PATH]
[test] Error: Error in [PATH]
[test] Error: Error in /api/auth.ts
[test] Error: Error in [PATH]
[test] Error: Error in /api/_lib/errorHandler.ts
[test] Error: Error in /api/_lib/errorHandler.ts
[test] Error: Error in [PATH]
[test] Error: Error in [PATH]
[test] Error: Error in [PATH]
[test] Error: Error in /api/auth.ts
[test] Error: Error in /api/auth.ts
[test] Error: Error in [PATH]
[test] Error: Error in /api/auth.ts
[test] Error: Error in /api/_lib/errorHandler.ts
[test] Error: Error in /api/auth.ts
[test] Error: Error in /api/_lib/errorHandler.ts
[test] Error: Error in /api/auth.ts
[test] Error: Error in [PATH]
[test] Error: Error in [PATH]
[test] Error: Error in /api/_lib/errorHandler.ts
[test] Error: Error in [PATH]
[test] Error: Error in [PATH]
[test] Error: Error in [PATH]
[test] Error: Error in [PATH]
[test] Error: Error in [PATH]
[test] Error: Error in [PATH]
[test] Error: Error in [PATH]
[test] Error: Error in /api/auth.ts
[test] Error: Error in [PATH]
[test] Error: Error in /api/_lib/errorHandler.ts
[test] Error: Error in /api/auth.ts
[test] Error: Error in [PATH]
[test] Error: Error in [PATH]
[test] Error: Error in [PATH]
[test] Error: Error in [PATH]
[test] Error: Error in /api/_lib/errorHandler.ts
[test] Error: Error in /api/auth.ts
[test] Error: Error in /api/_lib/errorHandler.ts
[test] Error: Error in /api/_lib/errorHandler.ts
[test] Error: Error in /api/auth.ts
[test] Error: Error in /api/auth.ts
[test] Error: Error in [PATH]
[test] Error: Error in /api/_lib/errorHandler.ts
[test] Error: Error in /api/auth.ts
[test] Error: Error in /api/auth.ts
[test] Error: Error in /api/_lib/errorHandler.ts
[test] Error: Error in /api/auth.ts
[test] Error: Error in [PATH]
[test] Error: Error in /api/auth.ts
[test] Error: Error in /api/_lib/errorHandler.ts
[test] Error: Error in /api/_lib/errorHandler.ts
[test] Error: Error in /api/auth.ts
[test] Error: Error in /api/_lib/errorHandler.ts
[test] Error: Error in /api/auth.ts
[test] Error: Error in /api/auth.ts
[test] Error: Error in /api/_lib/errorHandler.ts
[test] Error: Error in /api/_lib/errorHandler.ts
[test] Error: Error in /api/auth.ts
[test] Error: Error in /api/auth.ts
[test] Error: Error in /api/auth.ts
[test] Error: Error in [PATH]
[test] Error: Error in [PATH]
[test] Error: Error in /api/auth.ts
[test] Error: Error in /api/auth.ts
[test] Error: Error in /api/_lib/errorHandler.ts
[test] Error: Error in /api/_lib/errorHandler.ts
[test] Error: Error in [PATH]
[test] Error: Error in /api/_lib/errorHandler.ts
[test] Error: Error in /api/_lib/errorHandler.ts
[test] Error: Error in /api/auth.ts
[test] Error: Error in /api/_lib/errorHandler.ts
[test] Error: Error in [PATH]
[test] Error: Error in /api/_lib/errorHandler.ts
[test] Error: Error in /api/_lib/errorHandler.ts
[test] Error: Error in /api/auth.ts
[test] Error: Error in [PATH]
[test] Error: Error in /api/auth.ts
[test] Error: Error in [PATH]
[test] Error: Error in /api/_lib/errorHandler.ts
[test] Error: Error in [PATH]
[test] Error: Error in [PATH]
[test] Error: Error in [PATH]
[test] Error: Error in [PATH]
[test] Error: Error in [PATH]
[test] Error: Error in /api/_lib/errorHandler.ts
[test] Error: Error in /api/_lib/errorHandler.ts
[test] Error: Error in /api/_lib/errorHandler.ts
[test] Error: Error in [PATH]

[90mstderr[2m | 
tests/property/vercel-production-fixes/error-response.property.test.ts[2m > 
[22m[2mFeature: vercel-production-fixes, Property 4: API Error Responses Are Consistent 
and Safe[2m > [22m[2mProperty: handleError maps error types to correct status codes[2m 
> [22m[2mshould return 401 for unauthorized errors
[22m[39m[test] Error: Request no authorization
[test] Error: Request no authorization
[test] Error: Request no authorization
[test] Error: Request no authorization
[test] Error: Request no authorization
[test] Error: Request Unauthorized access
[test] Error: Request no authorization
[test] Error: Request Unauthorized access
[test] Error: Request no authorization
[test] Error: Request unauthorized
[test] Error: Request no authorization
[test] Error: Request no authorization
[test] Error: Request no authorization
[test] Error: Request no authorization
[test] Error: Request Unauthorized access
[test] Error: Request no authorization
[test] Error: Request unauthorized
[test] Error: Request unauthorized
[test] Error: Request Unauthorized access
[test] Error: Request no authorization
[test] Error: Request Unauthorized access
[test] Error: Request unauthorized
[test] Error: Request unauthorized
[test] Error: Request Unauthorized access
[test] Error: Request no authorization
[test] Error: Request unauthorized
[test] Error: Request unauthorized
[test] Error: Request Unauthorized access
[test] Error: Request unauthorized
[test] Error: Request no authorization
[test] Error: Request unauthorized
[test] Error: Request Unauthorized access
[test] Error: Request no authorization
[test] Error: Request Unauthorized access
[test] Error: Request no authorization
[test] Error: Request unauthorized
[test] Error: Request no authorization
[test] Error: Request unauthorized
[test] Error: Request Unauthorized access
[test] Error: Request Unauthorized access
[test] Error: Request no authorization
[test] Error: Request unauthorized
[test] Error: Request no authorization
[test] Error: Request no authorization
[test] Error: Request Unauthorized access
[test] Error: Request unauthorized
[test] Error: Request unauthorized
[test] Error: Request unauthorized
[test] Error: Request Unauthorized access
[test] Error: Request no authorization
[test] Error: Request Unauthorized access
[test] Error: Request Unauthorized access
[test] Error: Request unauthorized
[test] Error: Request no authorization
[test] Error: Request Unauthorized access
[test] Error: Request no authorization
[test] Error: Request unauthorized
[test] Error: Request no authorization
[test] Error: Request no authorization
[test] Error: Request unauthorized
[test] Error: Request no authorization
[test] Error: Request no authorization
[test] Error: Request unauthorized
[test] Error: Request Unauthorized access
[test] Error: Request no authorization
[test] Error: Request no authorization
[test] Error: Request no authorization
[test] Error: Request no authorization
[test] Error: Request no authorization
[test] Error: Request no authorization
[test] Error: Request unauthorized
[test] Error: Request Unauthorized access
[test] Error: Request unauthorized
[test] Error: Request Unauthorized access
[test] Error: Request no authorization
[test] Error: Request no authorization
[test] Error: Request Unauthorized access
[test] Error: Request unauthorized
[test] Error: Request Unauthorized access
[test] Error: Request Unauthorized access
[test] Error: Request no authorization
[test] Error: Request no authorization
[test] Error: Request unauthorized
[test] Error: Request Unauthorized access
[test] Error: Request unauthorized
[test] Error: Request no authorization
[test] Error: Request Unauthorized access
[test] Error: Request no authorization
[test] Error: Request unauthorized
[test] Error: Request Unauthorized access
[test] Error: Request unauthorized
[test] Error: Request Unauthorized access
[test] Error: Request Unauthorized access
[test] Error: Request Unauthorized access
[test] Error: Request Unauthorized access
[test] Error: Request no authorization
[test] Error: Request Unauthorized access
[test] Error: Request unauthorized
[test] Error: Request Unauthorized access
[test] Error: Request Unauthorized access

[90mstderr[2m | 
tests/property/vercel-production-fixes/error-response.property.test.ts[2m > 
[22m[2mFeature: vercel-production-fixes, Property 4: API Error Responses Are Consistent 
and Safe[2m > [22m[2mProperty: handleError maps error types to correct status codes[2m 
> [22m[2mshould return 403 for forbidden errors
[22m[39m[test] Error: Request access denied
[test] Error: Request forbidden
[test] Error: Request access denied
[test] Error: Request permission denied
[test] Error: Request forbidden
[test] Error: Request access denied
[test] Error: Request access denied
[test] Error: Request permission denied
[test] Error: Request access denied
[test] Error: Request access denied
[test] Error: Request permission denied
[test] Error: Request permission denied
[test] Error: Request forbidden
[test] Error: Request permission denied
[test] Error: Request forbidden
[test] Error: Request permission denied
[test] Error: Request access denied
[test] Error: Request permission denied
[test] Error: Request forbidden
[test] Error: Request forbidden
[test] Error: Request forbidden
[test] Error: Request access denied
[test] Error: Request permission denied
[test] Error: Request permission denied
[test] Error: Request access denied
[test] Error: Request forbidden
[test] Error: Request access denied
[test] Error: Request access denied
[test] Error: Request forbidden
[test] Error: Request access denied
[test] Error: Request permission denied
[test] Error: Request access denied
[test] Error: Request permission denied
[test] Error: Request forbidden
[test] Error: Request forbidden
[test] Error: Request access denied
[test] Error: Request access denied
[test] Error: Request forbidden
[test] Error: Request forbidden
[test] Error: Request permission denied
[test] Error: Request access denied
[test] Error: Request access denied
[test] Error: Request permission denied
[test] Error: Request access denied
[test] Error: Request access denied
[test] Error: Request access denied
[test] Error: Request permission denied
[test] Error: Request forbidden
[test] Error: Request access denied
[test] Error: Request permission denied
[test] Error: Request forbidden
[test] Error: Request access denied
[test] Error: Request access denied
[test] Error: Request permission denied
[test] Error: Request access denied
[test] Error: Request access denied
[test] Error: Request permission denied
[test] Error: Request forbidden
[test] Error: Request forbidden
[test] Error: Request forbidden
[test] Error: Request access denied
[test] Error: Request access denied
[test] Error: Request access denied
[test] Error: Request permission denied
[test] Error: Request forbidden
[test] Error: Request access denied
[test] Error: Request forbidden
[test] Error: Request forbidden
[test] Error: Request access denied
[test] Error: Request permission denied
[test] Error: Request permission denied
[test] Error: Request forbidden
[test] Error: Request permission denied
[test] Error: Request forbidden
[test] Error: Request permission denied
[test] Error: Request forbidden
[test] Error: Request access denied
[test] Error: Request forbidden
[test] Error: Request permission denied
[test] Error: Request permission denied
[test] Error: Request forbidden
[test] Error: Request access denied
[test] Error: Request access denied
[test] Error: Request permission denied
[test] Error: Request permission denied
[test] Error: Request forbidden
[test] Error: Request forbidden
[test] Error: Request permission denied
[test] Error: Request permission denied
[test] Error: Request permission denied
[test] Error: Request forbidden
[test] Error: Request permission denied
[test] Error: Request access denied
[test] Error: Request forbidden
[test] Error: Request access denied
[test] Error: Request forbidden
[test] Error: Request forbidden
[test] Error: Request forbidden
[test] Error: Request forbidden
[test] Error: Request forbidden

[90mstderr[2m | 
tests/property/vercel-production-fixes/error-response.property.test.ts[2m > 
[22m[2mFeature: vercel-production-fixes, Property 4: API Error Responses Are Consistent 
and Safe[2m > [22m[2mProperty: handleError maps error types to correct status codes[2m 
> [22m[2mshould return 404 for not found errors
[22m[39m[test] Error: Resource not found
[test] Error: Resource Not Found
[test] Error: Resource not found
[test] Error: Resource not found
[test] Error: Resource resource not found
[test] Error: Resource Not Found
[test] Error: Resource Not Found
[test] Error: Resource not found
[test] Error: Resource resource not found
[test] Error: Resource resource not found
[test] Error: Resource Not Found
[test] Error: Resource not found
[test] Error: Resource Not Found
[test] Error: Resource not found
[test] Error: Resource resource not found
[test] Error: Resource resource not found
[test] Error: Resource resource not found
[test] Error: Resource not found
[test] Error: Resource resource not found
[test] Error: Resource Not Found
[test] Error: Resource not found
[test] Error: Resource resource not found
[test] Error: Resource resource not found
[test] Error: Resource Not Found
[test] Error: Resource resource not found
[test] Error: Resource not found
[test] Error: Resource not found
[test] Error: Resource Not Found
[test] Error: Resource not found
[test] Error: Resource not found
[test] Error: Resource not found
[test] Error: Resource Not Found
[test] Error: Resource not found
[test] Error: Resource resource not found
[test] Error: Resource resource not found
[test] Error: Resource Not Found
[test] Error: Resource resource not found
[test] Error: Resource not found
[test] Error: Resource not found
[test] Error: Resource resource not found
[test] Error: Resource resource not found
[test] Error: Resource Not Found
[test] Error: Resource Not Found
[test] Error: Resource not found
[test] Error: Resource not found
[test] Error: Resource resource not found
[test] Error: Resource resource not found
[test] Error: Resource not found
[test] Error: Resource resource not found
[test] Error: Resource Not Found
[test] Error: Resource resource not found
[test] Error: Resource not found
[test] Error: Resource not found
[test] Error: Resource not found
[test] Error: Resource resource not found
[test] Error: Resource resource not found
[test] Error: Resource resource not found
[test] Error: Resource resource not found
[test] Error: Resource resource not found
[test] Error: Resource resource not found
[test] Error: Resource Not Found
[test] Error: Resource resource not found
[test] Error: Resource resource not found
[test] Error: Resource not found
[test] Error: Resource Not Found
[test] Error: Resource not found
[test] Error: Resource Not Found
[test] Error: Resource resource not found
[test] Error: Resource resource not found
[test] Error: Resource resource not found
[test] Error: Resource resource not found
[test] Error: Resource resource not found
[test] Error: Resource resource not found
[test] Error: Resource Not Found
[test] Error: Resource resource not found
[test] Error: Resource Not Found
[test] Error: Resource not found
[test] Error: Resource resource not found
[test] Error: Resource Not Found
[test] Error: Resource not found
[test] Error: Resource not found
[test] Error: Resource Not Found
[test] Error: Resource Not Found
[test] Error: Resource Not Found
[test] Error: Resource not found
[test] Error: Resource not found
[test] Error: Resource resource not found
[test] Error: Resource not found
[test] Error: Resource Not Found
[test] Error: Resource Not Found
[test] Error: Resource Not Found
[test] Error: Resource Not Found
[test] Error: Resource not found
[test] Error: Resource resource not found
[test] Error: Resource Not Found
[test] Error: Resource Not Found
[test] Error: Resource not found
[test] Error: Resource resource not found
[test] Error: Resource resource not found
[test] Error: Resource resource not found

[90mstderr[2m | 
tests/property/vercel-production-fixes/error-response.property.test.ts[2m > 
[22m[2mFeature: vercel-production-fixes, Property 4: API Error Responses Are Consistent 
and Safe[2m > [22m[2mProperty: handleError maps error types to correct status codes[2m 
> [22m[2mshould return 400 for validation errors
[22m[39m[test] Error: Request validation failed
[test] Error: Request validation failed
[test] Error: Request Invalid parameter
[test] Error: Request invalid input
[test] Error: Request Invalid parameter
[test] Error: Request invalid input
[test] Error: Request Invalid parameter
[test] Error: Request Invalid parameter
[test] Error: Request validation failed
[test] Error: Request invalid input
[test] Error: Request validation failed
[test] Error: Request Invalid parameter
[test] Error: Request Invalid parameter
[test] Error: Request validation failed
[test] Error: Request invalid input
[test] Error: Request Invalid parameter
[test] Error: Request validation failed
[test] Error: Request Invalid parameter
[test] Error: Request validation failed
[test] Error: Request validation failed
[test] Error: Request validation failed
[test] Error: Request Invalid parameter
[test] Error: Request Invalid parameter
[test] Error: Request Invalid parameter
[test] Error: Request validation failed
[test] Error: Request validation failed
[test] Error: Request Invalid parameter
[test] Error: Request invalid input
[test] Error: Request Invalid parameter
[test] Error: Request validation failed
[test] Error: Request invalid input
[test] Error: Request invalid input
[test] Error: Request validation failed
[test] Error: Request validation failed
[test] Error: Request Invalid parameter
[test] Error: Request validation failed
[test] Error: Request Invalid parameter
[test] Error: Request Invalid parameter
[test] Error: Request invalid input
[test] Error: Request validation failed
[test] Error: Request Invalid parameter
[test] Error: Request Invalid parameter
[test] Error: Request invalid input
[test] Error: Request invalid input
[test] Error: Request Invalid parameter
[test] Error: Request validation failed
[test] Error: Request invalid input
[test] Error: Request invalid input
[test] Error: Request validation failed
[test] Error: Request Invalid parameter
[test] Error: Request validation failed
[test] Error: Request Invalid parameter
[test] Error: Request validation failed
[test] Error: Request Invalid parameter
[test] Error: Request Invalid parameter
[test] Error: Request Invalid parameter
[test] Error: Request validation failed
[test] Error: Request invalid input
[test] Error: Request invalid input
[test] Error: Request Invalid parameter
[test] Error: Request invalid input
[test] Error: Request Invalid parameter
[test] Error: Request Invalid parameter
[test] Error: Request validation failed
[test] Error: Request validation failed
[test] Error: Request invalid input
[test] Error: Request validation failed
[test] Error: Request invalid input
[test] Error: Request validation failed
[test] Error: Request invalid input
[test] Error: Request invalid input
[test] Error: Request validation failed
[test] Error: Request validation failed
[test] Error: Request invalid input
[test] Error: Request validation failed
[test] Error: Request validation failed
[test] Error: Request validation failed
[test] Error: Request validation failed
[test] Error: Request validation failed
[test] Error: Request validation failed
[test] Error: Request invalid input
[test] Error: Request validation failed
[test] Error: Request validation failed
[test] Error: Request invalid input
[test] Error: Request validation failed
[test] Error: Request invalid input
[test] Error: Request Invalid parameter
[test] Error: Request validation failed
[test] Error: Request validation failed
[test] Error: Request invalid input
[test] Error: Request invalid input
[test] Error: Request invalid input
[test] Error: Request invalid input
[test] Error: Request validation failed
[test] Error: Request invalid input
[test] Error: Request Invalid parameter
[test] Error: Request Invalid parameter
[test] Error: Request validation failed
[test] Error: Request validation failed
[test] Error: Request invalid input

[90mstderr[2m | 
tests/property/vercel-production-fixes/error-response.property.test.ts[2m > 
[22m[2mFeature: vercel-production-fixes, Property 4: API Error Responses Are Consistent 
and Safe[2m > [22m[2mProperty: handleError maps error types to correct status codes[2m 
> [22m[2mshould return 429 for rate limit errors
[22m[39m[test] Error: Request Rate Limited
[test] Error: Request Rate Limited
[test] Error: Request rate limit exceeded
[test] Error: Request too many requests
[test] Error: Request rate limit exceeded
[test] Error: Request too many requests
[test] Error: Request too many requests
[test] Error: Request too many requests
[test] Error: Request rate limit exceeded
[test] Error: Request rate limit exceeded
[test] Error: Request too many requests
[test] Error: Request rate limit exceeded
[test] Error: Request rate limit exceeded
[test] Error: Request Rate Limited
[test] Error: Request rate limit exceeded
[test] Error: Request rate limit exceeded
[test] Error: Request Rate Limited
[test] Error: Request Rate Limited
[test] Error: Request Rate Limited
[test] Error: Request rate limit exceeded
[test] Error: Request rate limit exceeded
[test] Error: Request rate limit exceeded
[test] Error: Request rate limit exceeded
[test] Error: Request rate limit exceeded
[test] Error: Request too many requests
[test] Error: Request too many requests
[test] Error: Request Rate Limited
[test] Error: Request too many requests
[test] Error: Request rate limit exceeded
[test] Error: Request too many requests
[test] Error: Request Rate Limited
[test] Error: Request Rate Limited
[test] Error: Request Rate Limited
[test] Error: Request Rate Limited
[test] Error: Request too many requests
[test] Error: Request Rate Limited
[test] Error: Request Rate Limited
[test] Error: Request too many requests
[test] Error: Request too many requests
[test] Error: Request Rate Limited
[test] Error: Request Rate Limited
[test] Error: Request rate limit exceeded
[test] Error: Request Rate Limited
[test] Error: Request too many requests
[test] Error: Request rate limit exceeded
[test] Error: Request Rate Limited
[test] Error: Request rate limit exceeded
[test] Error: Request rate limit exceeded
[test] Error: Request too many requests
[test] Error: Request too many requests
[test] Error: Request too many requests
[test] Error: Request too many requests
[test] Error: Request too many requests
[test] Error: Request too many requests
[test] Error: Request Rate Limited
[test] Error: Request Rate Limited
[test] Error: Request rate limit exceeded
[test] Error: Request Rate Limited
[test] Error: Request rate limit exceeded
[test] Error: Request Rate Limited
[test] Error: Request Rate Limited
[test] Error: Request Rate Limited
[test] Error: Request rate limit exceeded
[test] Error: Request rate limit exceeded
[test] Error: Request Rate Limited
[test] Error: Request too many requests
[test] Error: Request Rate Limited
[test] Error: Request rate limit exceeded
[test] Error: Request Rate Limited
[test] Error: Request rate limit exceeded
[test] Error: Request too many requests
[test] Error: Request Rate Limited
[test] Error: Request rate limit exceeded
[test] Error: Request Rate Limited
[test] Error: Request too many requests
[test] Error: Request too many requests
[test] Error: Request Rate Limited
[test] Error: Request too many requests
[test] Error: Request rate limit exceeded
[test] Error: Request too many requests
[test] Error: Request rate limit exceeded
[test] Error: Request too many requests
[test] Error: Request Rate Limited
[test] Error: Request Rate Limited
[test] Error: Request Rate Limited
[test] Error: Request rate limit exceeded
[test] Error: Request Rate Limited
[test] Error: Request Rate Limited
[test] Error: Request Rate Limited
[test] Error: Request too many requests
[test] Error: Request too many requests
[test] Error: Request too many requests
[test] Error: Request too many requests
[test] Error: Request Rate Limited
[test] Error: Request rate limit exceeded
[test] Error: Request too many requests
[test] Error: Request too many requests
[test] Error: Request Rate Limited
[test] Error: Request Rate Limited
[test] Error: Request Rate Limited

[90mstderr[2m | 
tests/property/vercel-production-fixes/error-response.property.test.ts[2m > 
[22m[2mFeature: vercel-production-fixes, Property 4: API Error Responses Are Consistent 
and Safe[2m > [22m[2mProperty: handleError maps error types to correct status codes[2m 
> [22m[2mshould return 500 for unknown errors
[22m[39m[test] Error: &
[test] Error: o&"&#${b
[test] Error: m%ty
[test] Error: %
[test] Error: tru
[test] Error: 9%M;,B6$EFJ
[test] Error: #{oL
[test] Error: apply
[test] Error: Bq=N<hyt{
[test] Error: ~DL.99Jm7{
[test] Error: lOXoP,'(
[test] Error: zV&
[test] Error: m.
[test] Error: Q4Q
[test] Error: arguments
[test] Error: ]E?y:Astl_
[test] Error: 0yt!
[test] Error: X2
[test] Error: $;|
[test] Error: t
[test] Error: |9y[Gah|O
[test] Error: ref
[test] Error: E;<k
[test] Error: Q0+
[test] Error: xp6X0{n<t9
[test] Error: ;
[test] Error: a|&
[test] Error: eBI$VVV*JdL
[test] Error: mt<X!OOM"jDn
[test] Error: "j
[test] Error: jBMe| 
[test] Error: hKm`
[test] Error: 1t
[test] Error: "|#"|*
[test] Error: Oc
[test] Error: X_
[test] Error: 8X46X$| 
[test] Error: ]7bNm=C)rZ)
[test] Error: K|$o"?h%
[test] Error: "A`|`<UL
[test] Error: k &
[test] Error: f1d|Vp
[test] Error: KA;'1 Vv|~
[test] Error: iicigk5a`S
[test] Error: ! d }[ i
[test] Error: xFgIrl@MMrV=
[test] Error: O"[l2k/9
[test] Error: IprZTzTv,
[test] Error: #^G9Lz6W
[test] Error: 73Hq$e@%s
[test] Error: :>9<3J`QS,t
[test] Error: z2TLLHL
[test] Error: lMs:
[test] Error: $@K~/hS)*@hY
[test] Error: f3${[-+-3 
[test] Error: ak
[test] Error: (|
[test] Error: &ME
[test] Error: HFAU2p
[test] Error: >p7
[test] Error: ?i%Yx=
[test] Error: toString
[test] Error: @4!,s~,YkufV
[test] Error: wH{.3
[test] Error: -s3/kcFwM-<k
[test] Error: "
[test] Error: key
[test] Error:  HAJ-z ~
[test] Error: <Ry3#
[test] Error: *A
[test] Error: 7!PCE)_'&
[test] Error: vPgA>:k9de)#
[test] Error: #B!J"
[test] Error: `@ar
[test] Error: =2X{J&aV
[test] Error: X&NSI[W`D]C
[test] Error: QNf3|
[test] Error: X'#prop
[test] Error: :e<_XCx*
[test] Error: __proto___
[test] Error: n?
[test] Error: X#&&~nW'prot
[test] Error: TUCv"@.Z1<
[test] Error: d$hw|I
[test] Error: ?z4)re
[test] Error: ,w%}N|hb
[test] Error: ):VQx>?}f4{r
[test] Error: #u| 
[test] Error: KJt_Z
[test] Error: `[C
[test] Error: WM
[test] Error: q+Pg5
[test] Error: "`~
[test] Error: 1LsX&2GCI|T(
[test] Error: !g
[test] Error: VJ2NIFs
[test] Error: c'%r(]E'R4N
[test] Error: C
[test] Error: caller
[test] Error: `3 3^<`]`bJ

 [32mΓ£ô[39m tests/property/vercel-production-fixes/error-response.property.test.ts [2m([22m[2m21 tests[22m[2m)[22m[32m 132[2mms[22m[39m
 [32mΓ£ô[39m tests/property/admin-system-health-fixes/html-response-detection.property.test.ts [2m([22m[2m18 tests[22m[2m)[22m[32m 124[2mms[22m[39m
 [32mΓ£ô[39m tests/property/jwtDecoding.property.test.ts [2m([22m[2m17 tests[22m[2m)[22m[32m 131[2mms[22m[39m
 [32mΓ£ô[39m tests/property/cookies.property.test.ts [2m([22m[2m23 tests[22m[2m)[22m[32m 124[2mms[22m[39m
 [32mΓ£ô[39m tests/property/auto-save.property.ts [2m([22m[2m6 tests[22m[2m)[22m[32m 100[2mms[22m[39m
 [32mΓ£ô[39m tests/property/error-handling.property.test.ts [2m([22m[2m19 tests[22m[2m)[22m[32m 106[2mms[22m[39m
 [32mΓ£ô[39m tests/property/sensitiveDataSanitization.property.test.ts [2m([22m[2m15 tests[22m[2m)[22m[32m 72[2mms[22m[39m
 [32mΓ£ô[39m tests/property/non-blocking-validation.property.ts [2m([22m[2m7 tests[22m[2m)[22m[32m 76[2mms[22m[39m
 [32mΓ£ô[39m tests/property/sessions.property.test.ts [2m([22m[2m21 tests[22m[2m)[22m[32m 75[2mms[22m[39m
 [32mΓ£ô[39m tests/property/function-conversion.property.ts [2m([22m[2m6 tests[22m[2m)[22m[32m 56[2mms[22m[39m
 [32mΓ£ô[39m tests/property/pollingConfiguration.property.test.ts [2m([22m[2m25 tests[22m[2m)[22m[32m 67[2mms[22m[39m
 [32mΓ£ô[39m tests/property/zambian-formats.property.ts [2m([22m[2m10 tests[22m[2m)[22m[32m 51[2mms[22m[39m
 [32mΓ£ô[39m tests/property/no-pii-logs.property.ts [2m([22m[2m6 tests[22m[2m)[22m[32m 64[2mms[22m[39m
 [32mΓ£ô[39m tests/property/cors.property.ts [2m([22m[2m6 tests[22m[2m)[22m[32m 50[2mms[22m[39m
 [32mΓ£ô[39m tests/property/polling-interval.property.ts [2m([22m[2m13 tests[22m[2m)[22m[32m 38[2mms[22m[39m
 [32mΓ£ô[39m tests/unit/api/health.test.ts [2m([22m[2m21 tests[22m[2m)[22m[32m 18[2mms[22m[39m
[90mstderr[2m | tests/unit/auth-permissions.test.ts[2m > [22m[2mRole-Based Permissions 
Module[2m > [22m[2mgetPermissionsForRole()[2m > [22m[2mshould return empty array for 
invalid roles
[22m[39m[PERMISSIONS] Unknown role requested: invalid_role

 [32mΓ£ô[39m tests/unit/auth-permissions.test.ts [2m([22m[2m66 tests[22m[2m)[22m[32m 21[2mms[22m[39m
 [32mΓ£ô[39m tests/unit/realtime.test.ts [2m([22m[2m14 tests[22m[2m)[22m[32m 10[2mms[22m[39m
 [32mΓ£ô[39m tests/unit/api/catch-all-404.test.ts [2m([22m[2m29 tests[22m[2m)[22m[32m 14[2mms[22m[39m
[90mstdout[2m | tests/unit/auth-middleware.test.ts[2m > [22m[2mAuth Middleware[2m > [22m[2mgetAuthUser[2m > [22m[2mshould return null when token verification fails
[22m[39m[AUTH] Token verification failed: Invalid signature

[90mstdout[2m | tests/unit/auth-middleware.test.ts[2m > [22m[2mAuth Middleware[2m > [22m[2mrequireAuth (Requirement 8.5)[2m > [22m[2mshould throw AuthenticationError with TOKEN_EXPIRED code when token is expired
[22m[39m[AUTH] Token verification failed: Access token has expired

[90mstdout[2m | tests/unit/auth-middleware.test.ts[2m > [22m[2mAuth Middleware[2m > [22m[2mrequireAuth (Requirement 8.5)[2m > [22m[2mshould throw AuthenticationError with INVALID_TOKEN code when signature is invalid
[22m[39m[AUTH] Token verification failed: Invalid token signature

[90mstdout[2m | tests/unit/auth-middleware.test.ts[2m > [22m[2mAuth Middleware[2m > [22m[2mrequireRole (Requirement 8.6)[2m > [22m[2mshould throw AuthorizationError when user lacks required role
[22m[39m[AUTH] Authorization failed: user role student not in required roles admin, super_admin

[90mstdout[2m | tests/unit/auth-middleware.test.ts[2m > [22m[2mAuth Middleware[2m > [22m[2mrequireRole (Requirement 8.6)[2m > [22m[2mshould throw AuthorizationError when user lacks required role
[22m[39m[AUTH] Authorization failed: user role student not in required roles admin, super_admin

[90mstdout[2m | tests/unit/auth-middleware.test.ts[2m > [22m[2mAuth Middleware[2m > [22m[2mrequirePermission[2m > [22m[2mshould throw AuthorizationError when user lacks required permission
[22m[39m[AUTH] Authorization failed: user lacks permission users:delete

 [32mΓ£ô[39m tests/unit/auth-middleware.test.ts [2m([22m[2m26 tests[22m[2m)[22m[32m 23[2mms[22m[39m
 [32mΓ£ô[39m tests/unit/frontend-auth.test.ts [2m([22m[2m15 tests[22m[2m)[22m[32m 17[2mms[22m[39m
 [32mΓ£ô[39m tests/integration/auth-flows.integration.test.ts [2m([22m[2m21 tests[22m[2m)[22m[32m 13[2mms[22m[39m
 [32mΓ£ô[39m tests/unit/api/decodeBase64Url.test.ts [2m([22m[2m18 tests[22m[2m)[22m[32m 13[2mms[22m[39m
[90mstdout[2m | tests/unit/api/sessions.test.ts[2m > [22m[2mFeature: bun-vercel-runtime-forensics, Sessions Endpoint[2m > [22m[2mSession Tracking (Requirement 9.3)[2m > [22m[2mshould successfully create a new session
[22m[39m[sessions] New session created: new-sess...

[90mstdout[2m | tests/unit/api/sessions.test.ts[2m > [22m[2mFeature: bun-vercel-runtime-forensics, Sessions Endpoint[2m > [22m[2mSession Tracking (Requirement 9.3)[2m > [22m[2mshould update existing session activity
[22m[39m[sessions] Session activity updated: 123e4567...

 [32mΓ£ô[39m tests/unit/api/sessions.test.ts [2m([22m[2m10 tests[22m[2m)[22m[32m 9[2mms[22m[39m
 [32mΓ£ô[39m tests/integration/mime-types.integration.test.ts [2m([22m[2m14 tests[22m[2m)[22m[32m 9[2mms[22m[39m
 [32mΓ£ô[39m tests/unit/arcjet.test.ts [2m([22m[2m23 tests[22m[2m)[22m[32m 9[2mms[22m[39m
 [32mΓ£ô[39m tests/integration/no-infinite-loops.integration.test.ts [2m([22m[2m13 tests[22m[2m)[22m[32m 8[2mms[22m[39m
 [2m[90mΓåô[39m[22m tests/property/admin-system-health-fixes/settings-crud.property.test.ts [2m([22m[2m8 tests[22m[2m | [22m[33m8 skipped[39m[2m)[22m
 [32mΓ£ô[39m tests/property/auth-api.property.test.ts [2m([22m[2m12 tests[22m[2m)[22m[33m 66240[2mms[22m[39m
       [33m[2mΓ£ô[22m[39m PROPERTY: For any valid refresh operation, the new refresh token hash SHALL differ from the previous hash [33m 11052[2mms[22m[39m
       [33m[2mΓ£ô[22m[39m PROPERTY: Token rotation produces tokens with different issuance times [33m 11041[2mms[22m[39m
       [33m[2mΓ£ô[22m[39m PROPERTY: For any refresh token used once, subsequent use SHALL be rejected (hash mismatch) [33m 11053[2mms[22m[39m
       [33m[2mΓ£ô[22m[39m PROPERTY: A token only verifies against its own hash [33m 11021[2mms[22m[39m
       [33m[2mΓ£ô[22m[39m PROPERTY: After multiple rotations, all previous tokens fail verification [33m 11015[2mms[22m[39m
     [33m[2mΓ£ô[22m[39m SCENARIO: Complete refresh flow with replay attack attempt [33m 5517[2mms[22m[39m
     [33m[2mΓ£ô[22m[39m SCENARIO: Token theft and rotation race condition [33m 5509[2mms[22m[39m
 [32mΓ£ô[39m tests/property/password.property.test.ts [2m([22m[2m20 tests[22m[2m)[22m[33m 86376[2mms[22m[39m
       [33m[2mΓ£ô[22m[39m PROPERTY: For any valid password, hashing then verifying returns true [33m 6315[2mms[22m[39m
       [33m[2mΓ£ô[22m[39m PROPERTY: For any password with special characters, hashing then verifying returns true [33m 6074[2mms[22m[39m
       [33m[2mΓ£ô[22m[39m PROPERTY: For any unicode password, hashing then verifying returns true [33m 5991[2mms[22m[39m
       [33m[2mΓ£ô[22m[39m PROPERTY: Different passwords produce different hashes [33m 5990[2mms[22m[39m
       [33m[2mΓ£ô[22m[39m PROPERTY: Same password hashed twice produces different hashes (due to salt) [33m 12035[2mms[22m[39m
       [33m[2mΓ£ô[22m[39m PROPERTY: Verification with wrong password returns false [33m 5956[2mms[22m[39m
       [33m[2mΓ£ô[22m[39m PROPERTY: Verification with modified password returns false [33m 6047[2mms[22m[39m
       [33m[2mΓ£ô[22m[39m PROPERTY: Hash format is valid bcrypt with 12 rounds [33m 2973[2mms[22m[39m
       [33m[2mΓ£ô[22m[39m PROPERTY: Single character passwords hash and verify correctly [33m 5962[2mms[22m[39m
       [33m[2mΓ£ô[22m[39m PROPERTY: Long passwords (up to 72 bytes) hash and verify correctly [33m 5745[2mms[22m[39m
       [33m[2mΓ£ô[22m[39m PROPERTY: Passwords with only whitespace hash and verify correctly [33m 5712[2mms[22m[39m
       [33m[2mΓ£ô[22m[39m PROPERTY: Passwords with null bytes hash and verify correctly [33m 5783[2mms[22m[39m
       [33m[2mΓ£ô[22m[39m PROPERTY: Hash does not contain the original password [33m 2858[2mms[22m[39m
       [33m[2mΓ£ô[22m[39m PROPERTY: Verification is case-sensitive [33m 8628[2mms[22m[39m

[31mΓÄ»ΓÄ»ΓÄ»ΓÄ»ΓÄ»ΓÄ»ΓÄ»[39m[1m[41m Failed Tests 1 
[49m[22m[31mΓÄ»ΓÄ»ΓÄ»ΓÄ»ΓÄ»ΓÄ»ΓÄ»[39m

[41m[1m FAIL [22m[49m tests/property/db.property.test.ts[2m > [22mProperty 1: 
Parameterized queries prevent SQL injection[2m > [22mArbitrary String Generation - 
Comprehensive Testing[2m > [22mPROPERTY: Any arbitrary string is safely parameterized in 
findByEmail
[31m[1mError[22m: Property failed after 321 tests
{ seed: -1071656935, path: "320", endOnFailure: true }
Counterexample: ["ref"]
Shrunk 0 time(s)

Hint: Enable verbose mode in order to have the list of all failing values encountered 
during the run[39m
[90m [2mΓ¥»[22m buildError 
node_modules/fast-check/lib/check/runner/utils/RunDetailsFormatter.js:[2m156:19[22m[39m
[90m [2mΓ¥»[22m throwIfFailed 
node_modules/fast-check/lib/check/runner/utils/RunDetailsFormatter.js:[2m165:11[22m[39m
[90m [2mΓ¥»[22m reportRunDetails 
node_modules/fast-check/lib/check/runner/utils/RunDetailsFormatter.js:[2m178:16[22m[39m
[90m [2mΓ¥»[22m Proxy.assert 
node_modules/fast-check/lib/check/runner/Runner.js:[2m61:9[22m[39m
[36m [2mΓ¥»[22m tests/property/db.property.test.ts:[2m595:10[22m[39m
    [90m593| [39m     */[39m
    [90m594| [39m    it('PROPERTY: Any arbitrary string is safely parameterized in findΓÇª
    [90m595| [39m      fc[33m.[39m[34massert[39m(
    [90m   | [39m         [31m^[39m
    [90m596| [39m        fc[33m.[39m[34mproperty[39m(
    [90m597| [39m          fc[33m.[39m[34mstring[39m({ minLength[33m:[39m 
[34m0[39m[33m,[39m maxLength[33m:[39m [34m1000[39m })[33m,[39m

[31m[1mCaused by: AssertionError[22m: expected '\n      SELECT \n        id, email, 
pΓÇª' not to contain 'ref'[39m

[32m- Expected[39m
[31m+ Received[39m

[32m- ref[39m
[31m+[39m
[31m+       SELECT [39m
[31m+         id, email, password_hash, refresh_token_hash, role,[39m
[31m+         first_name, last_name, full_name, phone, is_active,[39m
[31m+         failed_login_attempts, locked_until, password_changed_at,[39m
[31m+         created_at, updated_at[39m
[31m+       FROM profiles[39m
[31m+       WHERE email = $1[39m
[31m+       LIMIT 1[39m
[31m+     [39m

[36m [2mΓ¥»[22m tests/property/db.property.test.ts:[2m606:44[22m[39m
[90m [2mΓ¥»[22m Property.predicate 
node_modules/fast-check/lib/check/property/Property.js:[2m14:54[22m[39m
[90m [2mΓ¥»[22m Property.run 
node_modules/fast-check/lib/check/property/Property.generic.js:[2m43:33[22m[39m
[90m [2mΓ¥»[22m runIt 
node_modules/fast-check/lib/check/runner/Runner.js:[2m14:30[22m[39m
[90m [2mΓ¥»[22m check 
node_modules/fast-check/lib/check/runner/Runner.js:[2m54:11[22m[39m
[90m [2mΓ¥»[22m Proxy.assert 
node_modules/fast-check/lib/check/runner/Runner.js:[2m57:17[22m[39m
[90m [2mΓ¥»[22m tests/property/db.property.test.ts:[2m595:10[22m[39m

[31m[2mΓÄ»ΓÄ»ΓÄ»ΓÄ»ΓÄ»ΓÄ»ΓÄ»ΓÄ»ΓÄ»ΓÄ»ΓÄ»ΓÄ»ΓÄ»ΓÄ»ΓÄ»ΓÄ»ΓÄ»ΓÄ»ΓÄ»ΓÄ»ΓÄ»ΓÄ»ΓÄ»ΓÄ»[1/1]ΓÄ»[2
2m[39m


[2m Test Files [22m [1m[31m1 failed[39m[22m[2m | [22m[1m[32m38 passed[39m[22m[2m | [22m[33m1 skipped[39m[90m (40)[39m
[2m      Tests [22m [1m[31m1 failed[39m[22m[2m | [22m[1m[32m701 passed[39m[22m[2m | [22m[33m8 skipped[39m[90m (710)[39m
[2m   Start at [22m 08:04:20
[2m   Duration [22m 88.87s[2m (transform 1.65s, setup 0ms, import 9.08s, tests 159.93s, environment 36.09s)[22m

error: script "test" exited with code 1
