bun : $ bun run check:mojibake && bunx vitest run --run --reporter dot
At line:1 char:1
+ bun run test -- --run --reporter dot 2>&1 > test-output.txt; Get-Cont ...
+ ~~~~~~~~~~~~~~~~~~~~~~~~~~~~~~~~~~~~~~~~~~~~~~~~~~~~~~~~~~~
    + CategoryInfo          : NotSpecified: ($ bun run check... --reporter dot:String) [],  
   RemoteException
    + FullyQualifiedErrorId : NativeCommandError
 
$ node scripts/check-mojibake.js
No mojibake patterns found.

[1m[46m RUN [49m[22m [36mv4.0.18 [39m[90mC:/Users/Administrator/Documents/mihasv3[39m

[90mstderr[2m | tests/property/contractAuditor.property.test.ts[2m > [22m[2mProperty 
1: API Call Extraction Completeness[2m > [22m[2mEvery extracted APICallInfo has all 
required fields[2m > [22m[2mPROPERTY: Every extracted APICallInfo has lineNumber 
(positive integer)
[22m[39mWarning: Could not parse file C:\Users\Administrator\Documents\mihasv3\.test-fixtu
res-contract-auditor\src\services\service1.ts: Error: ENOENT: no such file or directory, 
open 'C:\Users\Administrator\Documents\mihasv3\.test-fixtures-contract-auditor\src\services\
service1.ts'
[90m    at open (node:internal/fs/promises:637:25)[39m
[90m    at readFile (node:internal/fs/promises:1269:14)[39m
    at parseFile 
(C:/Users/Administrator/Documents/mihasv3/scripts/audit/contract/frontendScanner.ts:282:19)
    at scanFrontendAPICalls 
(C:/Users/Administrator/Documents/mihasv3/scripts/audit/contract/frontendScanner.ts:477:23)
    at C:/Users/Administrator/Documents/mihasv3/tests/property/contractAuditor.property.test
.ts:287:29
    at AsyncProperty.run [90m(file:///C:/Users/Administrator/Documents/mihasv3/[39mnode_mo
dules/[4mfast-check[24m/lib/check/property/AsyncProperty.generic.js:43:28[90m)[39m
    at asyncRunIt [90m(file:///C:/Users/Administrator/Documents/mihasv3/[39mnode_modules/
[4mfast-check[24m/lib/check/runner/Runner.js:24:21[90m)[39m
    at C:/Users/Administrator/Documents/mihasv3/tests/property/contractAuditor.property.test
.ts:280:7
    at [90mfile:///C:/Users/Administrator/Documents/mihasv3/[39mnode_modules/[4m@vitest/r
unner[24m/dist/index.js:915:20 {
  errno: [33m-4058[39m,
  code: [32m'ENOENT'[39m,
  syscall: [32m'open'[39m,
  path: [32m'C:\\Users\\Administrator\\Documents\\mihasv3\\.test-fixtures-contract-auditor\
\src\\services\\service1.ts'[39m
}

[90mstderr[2m | tests/property/contractAuditor.property.test.ts[2m > [22m[2mProperty 
1: API Call Extraction Completeness[2m > [22m[2mEvery extracted APICallInfo has all 
required fields[2m > [22m[2mPROPERTY: Every extracted APICallInfo has lineNumber 
(positive integer)
[22m[39mWarning: Could not parse file C:\Users\Administrator\Documents\mihasv3\.test-fixtu
res-contract-auditor\src\services\service2.ts: Error: ENOENT: no such file or directory, 
open 'C:\Users\Administrator\Documents\mihasv3\.test-fixtures-contract-auditor\src\services\
service2.ts'
[90m    at open (node:internal/fs/promises:637:25)[39m
[90m    at readFile (node:internal/fs/promises:1269:14)[39m
    at parseFile 
(C:/Users/Administrator/Documents/mihasv3/scripts/audit/contract/frontendScanner.ts:282:19)
    at scanFrontendAPICalls 
(C:/Users/Administrator/Documents/mihasv3/scripts/audit/contract/frontendScanner.ts:477:23)
    at C:/Users/Administrator/Documents/mihasv3/tests/property/contractAuditor.property.test
.ts:287:29
    at AsyncProperty.run [90m(file:///C:/Users/Administrator/Documents/mihasv3/[39mnode_mo
dules/[4mfast-check[24m/lib/check/property/AsyncProperty.generic.js:43:28[90m)[39m
    at asyncRunIt [90m(file:///C:/Users/Administrator/Documents/mihasv3/[39mnode_modules/
[4mfast-check[24m/lib/check/runner/Runner.js:24:21[90m)[39m
    at C:/Users/Administrator/Documents/mihasv3/tests/property/contractAuditor.property.test
.ts:280:7
    at [90mfile:///C:/Users/Administrator/Documents/mihasv3/[39mnode_modules/[4m@vitest/r
unner[24m/dist/index.js:915:20 {
  errno: [33m-4058[39m,
  code: [32m'ENOENT'[39m,
  syscall: [32m'open'[39m,
  path: [32m'C:\\Users\\Administrator\\Documents\\mihasv3\\.test-fixtures-contract-auditor\
\src\\services\\service2.ts'[39m
}

[90mstderr[2m | tests/property/contractAuditor.property.test.ts[2m > [22m[2mProperty 
1: API Call Extraction Completeness[2m > [22m[2mEvery extracted APICallInfo has all 
required fields[2m > [22m[2mPROPERTY: Every extracted APICallInfo has lineNumber 
(positive integer)
[22m[39mWarning: Could not parse file C:\Users\Administrator\Documents\mihasv3\.test-fixtu
res-contract-auditor\src\services\sorted-test.ts: Error: ENOENT: no such file or directory, 
open 'C:\Users\Administrator\Documents\mihasv3\.test-fixtures-contract-auditor\src\services\
sorted-test.ts'
[90m    at open (node:internal/fs/promises:637:25)[39m
[90m    at readFile (node:internal/fs/promises:1269:14)[39m
    at parseFile 
(C:/Users/Administrator/Documents/mihasv3/scripts/audit/contract/frontendScanner.ts:282:19)
    at scanFrontendAPICalls 
(C:/Users/Administrator/Documents/mihasv3/scripts/audit/contract/frontendScanner.ts:477:23)
    at C:/Users/Administrator/Documents/mihasv3/tests/property/contractAuditor.property.test
.ts:287:29
    at AsyncProperty.run [90m(file:///C:/Users/Administrator/Documents/mihasv3/[39mnode_mo
dules/[4mfast-check[24m/lib/check/property/AsyncProperty.generic.js:43:28[90m)[39m
    at asyncRunIt [90m(file:///C:/Users/Administrator/Documents/mihasv3/[39mnode_modules/
[4mfast-check[24m/lib/check/runner/Runner.js:24:21[90m)[39m
    at C:/Users/Administrator/Documents/mihasv3/tests/property/contractAuditor.property.test
.ts:280:7
    at [90mfile:///C:/Users/Administrator/Documents/mihasv3/[39mnode_modules/[4m@vitest/r
unner[24m/dist/index.js:915:20 {
  errno: [33m-4058[39m,
  code: [32m'ENOENT'[39m,
  syscall: [32m'open'[39m,
  path: [32m'C:\\Users\\Administrator\\Documents\\mihasv3\\.test-fixtures-contract-auditor\
\src\\services\\sorted-test.ts'[39m
}

[90mstderr[2m | tests/property/contractAuditor.property.test.ts[2m > [22m[2mProperty 
1: API Call Extraction Completeness[2m > [22m[2mEvery extracted APICallInfo has all 
required fields[2m > [22m[2mPROPERTY: Every extracted APICallInfo has endpoint (starts 
with /api or /)
[22m[39mWarning: Could not parse file C:\Users\Administrator\Documents\mihasv3\.test-fixtu
res-contract-auditor\src\services\test-service.ts: Error: ENOENT: no such file or 
directory, open 'C:\Users\Administrator\Documents\mihasv3\.test-fixtures-contract-auditor\sr
c\services\test-service.ts'
[90m    at open (node:internal/fs/promises:637:25)[39m
[90m    at readFile (node:internal/fs/promises:1269:14)[39m
    at parseFile 
(C:/Users/Administrator/Documents/mihasv3/scripts/audit/contract/frontendScanner.ts:282:19)
    at scanFrontendAPICalls 
(C:/Users/Administrator/Documents/mihasv3/scripts/audit/contract/frontendScanner.ts:477:23)
    at C:/Users/Administrator/Documents/mihasv3/tests/property/contractAuditor.property.test
.ts:287:29
    at AsyncProperty.run [90m(file:///C:/Users/Administrator/Documents/mihasv3/[39mnode_mo
dules/[4mfast-check[24m/lib/check/property/AsyncProperty.generic.js:43:28[90m)[39m
    at asyncRunIt [90m(file:///C:/Users/Administrator/Documents/mihasv3/[39mnode_modules/
[4mfast-check[24m/lib/check/runner/Runner.js:24:21[90m)[39m
    at C:/Users/Administrator/Documents/mihasv3/tests/property/contractAuditor.property.test
.ts:280:7
    at [90mfile:///C:/Users/Administrator/Documents/mihasv3/[39mnode_modules/[4m@vitest/r
unner[24m/dist/index.js:915:20 {
  errno: [33m-4058[39m,
  code: [32m'ENOENT'[39m,
  syscall: [32m'open'[39m,
  path: [32m'C:\\Users\\Administrator\\Documents\\mihasv3\\.test-fixtures-contract-auditor\
\src\\services\\test-service.ts'[39m
}

[90mstderr[2m | tests/property/contractAuditor.property.test.ts[2m > [22m[2mProperty 
1: API Call Extraction Completeness[2m > [22m[2mHTTP methods are valid[2m > 
[22m[2mPROPERTY: Extracted method matches the method in the source code
[22m[39mWarning: Could not parse file C:\Users\Administrator\Documents\mihasv3\.test-fixtu
res-contract-auditor\src\services\method-test.ts: Error: ENOENT: no such file or directory, 
open 'C:\Users\Administrator\Documents\mihasv3\.test-fixtures-contract-auditor\src\services\
method-test.ts'
[90m    at open (node:internal/fs/promises:637:25)[39m
[90m    at readFile (node:internal/fs/promises:1269:14)[39m
    at parseFile 
(C:/Users/Administrator/Documents/mihasv3/scripts/audit/contract/frontendScanner.ts:282:19)
    at scanFrontendAPICalls 
(C:/Users/Administrator/Documents/mihasv3/scripts/audit/contract/frontendScanner.ts:477:23)
    at C:/Users/Administrator/Documents/mihasv3/tests/property/contractAuditor.property.test
.ts:450:29
    at AsyncProperty.run [90m(file:///C:/Users/Administrator/Documents/mihasv3/[39mnode_mo
dules/[4mfast-check[24m/lib/check/property/AsyncProperty.generic.js:43:28[90m)[39m
    at asyncRunIt [90m(file:///C:/Users/Administrator/Documents/mihasv3/[39mnode_modules/
[4mfast-check[24m/lib/check/runner/Runner.js:24:21[90m)[39m
    at C:/Users/Administrator/Documents/mihasv3/tests/property/contractAuditor.property.test
.ts:443:7
    at [90mfile:///C:/Users/Administrator/Documents/mihasv3/[39mnode_modules/[4m@vitest/r
unner[24m/dist/index.js:915:20 {
  errno: [33m-4058[39m,
  code: [32m'ENOENT'[39m,
  syscall: [32m'open'[39m,
  path: [32m'C:\\Users\\Administrator\\Documents\\mihasv3\\.test-fixtures-contract-auditor\
\src\\services\\method-test.ts'[39m
}

[2m8:50:08 AM[22m [33m[1m[vite][22m[39m [33m[2m(client)[22m[39m [33mwarning: 
invalid import "../../../api/${endpoint}". A file extension must be included in the static 
part of the import. For example: import(`./foo/${bar}.js`).[39m
  Plugin: [35mvite:dynamic-import-vars[39m
  File: [36mC:/Users/Administrator/Documents/mihasv3/tests/property/admin-system-health-fix
es/head-method.property.test.ts[39m
[2m8:50:09 AM[22m [33m[1m[vite][22m[39m [33m[2m(client)[22m[39m [33mwarning: 
invalid import "../../../api/${endpoint}". A file extension must be included in the static 
part of the import. For example: import(`./foo/${bar}.js`).[39m
  Plugin: [35mvite:dynamic-import-vars[39m
  File: [36mC:/Users/Administrator/Documents/mihasv3/tests/property/admin-system-health-fix
es/head-method.property.test.ts[39m
[2m8:50:09 AM[22m [33m[1m[vite][22m[39m [33m[2m(client)[22m[39m [33mwarning: 
invalid import "../../../api/${endpoint}". A file extension must be included in the static 
part of the import. For example: import(`./foo/${bar}.js`).[39m
  Plugin: [35mvite:dynamic-import-vars[39m
  File: [36mC:/Users/Administrator/Documents/mihasv3/tests/property/admin-system-health-fix
es/head-method.property.test.ts[39m
[2m8:50:09 AM[22m [33m[1m[vite][22m[39m [33m[2m(client)[22m[39m [33mwarning: 
invalid import "../../../api/${endpoint}". A file extension must be included in the static 
part of the import. For example: import(`./foo/${bar}.js`).[39m
  Plugin: [35mvite:dynamic-import-vars[39m
  File: [36mC:/Users/Administrator/Documents/mihasv3/tests/property/admin-system-health-fix
es/head-method.property.test.ts[39m
[2m8:50:09 AM[22m [33m[1m[vite][22m[39m [33m[2m(client)[22m[39m [33mwarning: 
invalid import "../../../api/${endpoint}". A file extension must be included in the static 
part of the import. For example: import(`./foo/${bar}.js`).[39m
  Plugin: [35mvite:dynamic-import-vars[39m
  File: [36mC:/Users/Administrator/Documents/mihasv3/tests/property/admin-system-health-fix
es/head-method.property.test.ts[39m
[90mstderr[2m | tests/property/admin-system-health-fixes/head-method.property.test.ts[2m 
> [22m[2mFeature: admin-system-health-fixes, Property 1: HEAD Method Support for API 
Endpoints[2m > [22m[2mProperty: HEAD requests return 200 without authentication 
(Requirements 1.1, 1.2, 1.3)[2m > [22m[2mshould return 200 for HEAD request to any API 
endpoint
[22m[39m[ARCJET] FATAL: ARCJET_KEY environment variable not set
[ARCJET] Security layer DISABLED - set ARCJET_KEY immediately

[90mstderr[2m | tests/property/admin-system-health-fixes/head-method.property.test.ts[2m 
> [22m[2mFeature: admin-system-health-fixes, Property 1: HEAD Method Support for API 
Endpoints[2m > [22m[2mProperty: HEAD requests return 200 without authentication 
(Requirements 1.1, 1.2, 1.3)[2m > [22m[2mshould return 200 for HEAD request to any API 
endpoint
[22m[39m[ARCJET] WARNING: Running without Arcjet protection

[90mstderr[2m | tests/property/admin-system-health-fixes/head-method.property.test.ts[2m 
> [22m[2mFeature: admin-system-health-fixes, Property 1: HEAD Method Support for API 
Endpoints[2m > [22m[2mProperty: HEAD requests return 200 without authentication 
(Requirements 1.1, 1.2, 1.3)[2m > [22m[2mshould return 200 for HEAD request to any API 
endpoint
[22m[39m[ARCJET] FATAL: ARCJET_KEY environment variable not set
[ARCJET] Security layer DISABLED - set ARCJET_KEY immediately

[90mstderr[2m | tests/property/admin-system-health-fixes/head-method.property.test.ts[2m 
> [22m[2mFeature: admin-system-health-fixes, Property 1: HEAD Method Support for API 
Endpoints[2m > [22m[2mProperty: HEAD requests return 200 without authentication 
(Requirements 1.1, 1.2, 1.3)[2m > [22m[2mshould return 200 for HEAD request to any API 
endpoint
[22m[39m[ARCJET] WARNING: Running without Arcjet protection

[90mstderr[2m | tests/property/admin-system-health-fixes/head-method.property.test.ts[2m 
> [22m[2mFeature: admin-system-health-fixes, Property 1: HEAD Method Support for API 
Endpoints[2m > [22m[2mProperty: HEAD requests return 200 without authentication 
(Requirements 1.1, 1.2, 1.3)[2m > [22m[2mshould return 200 for HEAD request to any API 
endpoint
[22m[39m[ARCJET] FATAL: ARCJET_KEY environment variable not set
[ARCJET] Security layer DISABLED - set ARCJET_KEY immediately

[90mstderr[2m | tests/property/admin-system-health-fixes/head-method.property.test.ts[2m 
> [22m[2mFeature: admin-system-health-fixes, Property 1: HEAD Method Support for API 
Endpoints[2m > [22m[2mProperty: HEAD requests return 200 without authentication 
(Requirements 1.1, 1.2, 1.3)[2m > [22m[2mshould return 200 for HEAD request to any API 
endpoint
[22m[39m[ARCJET] WARNING: Running without Arcjet protection

[90mstderr[2m | tests/property/admin-system-health-fixes/head-method.property.test.ts[2m 
> [22m[2mFeature: admin-system-health-fixes, Property 1: HEAD Method Support for API 
Endpoints[2m > [22m[2mProperty: HEAD requests return 200 without authentication 
(Requirements 1.1, 1.2, 1.3)[2m > [22m[2mshould return 200 for HEAD request to 
/api/applications (Requirement 1.1)
[22m[39m[ARCJET] WARNING: Running without Arcjet protection

[90mstderr[2m | tests/property/admin-system-health-fixes/head-method.property.test.ts[2m 
> [22m[2mFeature: admin-system-health-fixes, Property 1: HEAD Method Support for API 
Endpoints[2m > [22m[2mProperty: HEAD requests return 200 without authentication 
(Requirements 1.1, 1.2, 1.3)[2m > [22m[2mshould return 200 for HEAD request to 
/api/notifications (Requirement 1.2)
[22m[39m[ARCJET] FATAL: ARCJET_KEY environment variable not set
[ARCJET] Security layer DISABLED - set ARCJET_KEY immediately

[90mstderr[2m | tests/property/admin-system-health-fixes/head-method.property.test.ts[2m 
> [22m[2mFeature: admin-system-health-fixes, Property 1: HEAD Method Support for API 
Endpoints[2m > [22m[2mProperty: HEAD requests return 200 without authentication 
(Requirements 1.1, 1.2, 1.3)[2m > [22m[2mshould return 200 for HEAD request to 
/api/notifications (Requirement 1.2)
[22m[39m[ARCJET] WARNING: Running without Arcjet protection

[90mstderr[2m | tests/property/admin-system-health-fixes/head-method.property.test.ts[2m 
> [22m[2mFeature: admin-system-health-fixes, Property 1: HEAD Method Support for API 
Endpoints[2m > [22m[2mProperty: HEAD requests return 200 without authentication 
(Requirements 1.1, 1.2, 1.3)[2m > [22m[2mshould set CORS headers for HEAD requests
[22m[39m[ARCJET] WARNING: Running without Arcjet protection

[90mstderr[2m | tests/property/admin-system-health-fixes/head-method.property.test.ts[2m 
> [22m[2mFeature: admin-system-health-fixes, Property 1: HEAD Method Support for API 
Endpoints[2m > [22m[2mProperty: HEAD requests return 200 without authentication 
(Requirements 1.1, 1.2, 1.3)[2m > [22m[2mshould set CORS headers for HEAD requests
[22m[39m[ARCJET] FATAL: ARCJET_KEY environment variable not set
[ARCJET] Security layer DISABLED - set ARCJET_KEY immediately

[90mstderr[2m | tests/property/admin-system-health-fixes/head-method.property.test.ts[2m 
> [22m[2mFeature: admin-system-health-fixes, Property 1: HEAD Method Support for API 
Endpoints[2m > [22m[2mProperty: HEAD requests return 200 without authentication 
(Requirements 1.1, 1.2, 1.3)[2m > [22m[2mshould set CORS headers for HEAD requests
[22m[39m[ARCJET] WARNING: Running without Arcjet protection

[90mstderr[2m | tests/property/admin-system-health-fixes/head-method.property.test.ts[2m 
> [22m[2mFeature: admin-system-health-fixes, Property 1: HEAD Method Support for API 
Endpoints[2m > [22m[2mProperty: HEAD requests return 200 without authentication 
(Requirements 1.1, 1.2, 1.3)[2m > [22m[2mshould set CORS headers for HEAD requests
[22m[39m[ARCJET] WARNING: Running without Arcjet protection

[90mstderr[2m | tests/property/admin-system-health-fixes/head-method.property.test.ts[2m 
> [22m[2mFeature: admin-system-health-fixes, Property 1: HEAD Method Support for API 
Endpoints[2m > [22m[2mProperty: HEAD requests return 200 without authentication 
(Requirements 1.1, 1.2, 1.3)[2m > [22m[2mshould set CORS headers for HEAD requests
[22m[39m[ARCJET] FATAL: ARCJET_KEY environment variable not set
[ARCJET] Security layer DISABLED - set ARCJET_KEY immediately

[90mstderr[2m | tests/property/admin-system-health-fixes/head-method.property.test.ts[2m 
> [22m[2mFeature: admin-system-health-fixes, Property 1: HEAD Method Support for API 
Endpoints[2m > [22m[2mProperty: HEAD requests return 200 without authentication 
(Requirements 1.1, 1.2, 1.3)[2m > [22m[2mshould set CORS headers for HEAD requests
[22m[39m[ARCJET] WARNING: Running without Arcjet protection

[90mstderr[2m | tests/property/admin-system-health-fixes/head-method.property.test.ts[2m 
> [22m[2mFeature: admin-system-health-fixes, Property 1: HEAD Method Support for API 
Endpoints[2m > [22m[2mProperty: HEAD requests return 200 without authentication 
(Requirements 1.1, 1.2, 1.3)[2m > [22m[2mshould set CORS headers for HEAD requests
[22m[39m[ARCJET] WARNING: Running without Arcjet protection

[90mstderr[2m | tests/property/admin-system-health-fixes/head-method.property.test.ts[2m 
> [22m[2mFeature: admin-system-health-fixes, Property 1: HEAD Method Support for API 
Endpoints[2m > [22m[2mProperty: HEAD requests return 200 without authentication 
(Requirements 1.1, 1.2, 1.3)[2m > [22m[2mshould set CORS headers for HEAD requests
[22m[39m[ARCJET] WARNING: Running without Arcjet protection

[90mstderr[2m | tests/property/admin-system-health-fixes/head-method.property.test.ts[2m 
> [22m[2mFeature: admin-system-health-fixes, Property 1: HEAD Method Support for API 
Endpoints[2m > [22m[2mProperty: HEAD requests return 200 without authentication 
(Requirements 1.1, 1.2, 1.3)[2m > [22m[2mshould set CORS headers for HEAD requests
[22m[39m[ARCJET] FATAL: ARCJET_KEY environment variable not set
[ARCJET] Security layer DISABLED - set ARCJET_KEY immediately

[90mstderr[2m | tests/property/admin-system-health-fixes/head-method.property.test.ts[2m 
> [22m[2mFeature: admin-system-health-fixes, Property 1: HEAD Method Support for API 
Endpoints[2m > [22m[2mProperty: HEAD requests return 200 without authentication 
(Requirements 1.1, 1.2, 1.3)[2m > [22m[2mshould set CORS headers for HEAD requests
[22m[39m[ARCJET] WARNING: Running without Arcjet protection

[90mstderr[2m | tests/property/admin-system-health-fixes/head-method.property.test.ts[2m 
> [22m[2mFeature: admin-system-health-fixes, Property 1: HEAD Method Support for API 
Endpoints[2m > [22m[2mProperty: HEAD requests return 200 without authentication 
(Requirements 1.1, 1.2, 1.3)[2m > [22m[2mshould set CORS headers for HEAD requests
[22m[39m[ARCJET] WARNING: Running without Arcjet protection

[90mstderr[2m | tests/property/admin-system-health-fixes/head-method.property.test.ts[2m 
> [22m[2mFeature: admin-system-health-fixes, Property 1: HEAD Method Support for API 
Endpoints[2m > [22m[2mProperty: HEAD requests return 200 without authentication 
(Requirements 1.1, 1.2, 1.3)[2m > [22m[2mshould set CORS headers for HEAD requests
[22m[39m[ARCJET] WARNING: Running without Arcjet protection

[90mstderr[2m | tests/property/admin-system-health-fixes/head-method.property.test.ts[2m 
> [22m[2mFeature: admin-system-health-fixes, Property 1: HEAD Method Support for API 
Endpoints[2m > [22m[2mProperty: HEAD requests return 200 without authentication 
(Requirements 1.1, 1.2, 1.3)[2m > [22m[2mshould set CORS headers for HEAD requests
[22m[39m[ARCJET] WARNING: Running without Arcjet protection

[90mstderr[2m | tests/property/admin-system-health-fixes/head-method.property.test.ts[2m 
> [22m[2mFeature: admin-system-health-fixes, Property 1: HEAD Method Support for API 
Endpoints[2m > [22m[2mProperty: HEAD requests return 200 without authentication 
(Requirements 1.1, 1.2, 1.3)[2m > [22m[2mshould set CORS headers for HEAD requests
[22m[39m[ARCJET] WARNING: Running without Arcjet protection

[90mstderr[2m | tests/property/contractAuditor.property.test.ts[2m > [22m[2mProperty 
1: API Call Extraction Completeness[2m > [22m[2mSummary statistics are accurate[2m > 
[22m[2mPROPERTY: Summary byAuthMechanism counts sum to totalCalls
[22m[39mWarning: Could not parse file C:\Users\Administrator\Documents\mihasv3\.test-fixtu
res-contract-auditor\src\services\auth-counts.ts: Error: ENOENT: no such file or directory, 
open 'C:\Users\Administrator\Documents\mihasv3\.test-fixtures-contract-auditor\src\services\
auth-counts.ts'
[90m    at open (node:internal/fs/promises:637:25)[39m
[90m    at readFile (node:internal/fs/promises:1269:14)[39m
    at parseFile 
(C:/Users/Administrator/Documents/mihasv3/scripts/audit/contract/frontendScanner.ts:282:19)
    at scanFrontendAPICalls 
(C:/Users/Administrator/Documents/mihasv3/scripts/audit/contract/frontendScanner.ts:477:23)
    at C:/Users/Administrator/Documents/mihasv3/tests/property/contractAuditor.property.test
.ts:725:29
    at AsyncProperty.run [90m(file:///C:/Users/Administrator/Documents/mihasv3/[39mnode_mo
dules/[4mfast-check[24m/lib/check/property/AsyncProperty.generic.js:43:28[90m)[39m
    at asyncRunIt [90m(file:///C:/Users/Administrator/Documents/mihasv3/[39mnode_modules/
[4mfast-check[24m/lib/check/runner/Runner.js:24:21[90m)[39m
    at C:/Users/Administrator/Documents/mihasv3/tests/property/contractAuditor.property.test
.ts:718:7
    at [90mfile:///C:/Users/Administrator/Documents/mihasv3/[39mnode_modules/[4m@vitest/r
unner[24m/dist/index.js:915:20 {
  errno: [33m-4058[39m,
  code: [32m'ENOENT'[39m,
  syscall: [32m'open'[39m,
  path: [32m'C:\\Users\\Administrator\\Documents\\mihasv3\\.test-fixtures-contract-auditor\
\src\\services\\auth-counts.ts'[39m
}

[90mstderr[2m | tests/property/admin-system-health-fixes/head-method.property.test.ts[2m 
> [22m[2mFeature: admin-system-health-fixes, Property 1: HEAD Method Support for API 
Endpoints[2m > [22m[2mProperty: HEAD requests do not require authentication (Requirement 
1.3)[2m > [22m[2mshould not require Authorization header for HEAD requests
[22m[39m[ARCJET] FATAL: ARCJET_KEY environment variable not set
[ARCJET] Security layer DISABLED - set ARCJET_KEY immediately

[90mstderr[2m | tests/property/admin-system-health-fixes/head-method.property.test.ts[2m 
> [22m[2mFeature: admin-system-health-fixes, Property 1: HEAD Method Support for API 
Endpoints[2m > [22m[2mProperty: HEAD requests do not require authentication (Requirement 
1.3)[2m > [22m[2mshould not require Authorization header for HEAD requests
[22m[39m[ARCJET] WARNING: Running without Arcjet protection
[ARCJET] WARNING: Running without Arcjet protection

[90mstderr[2m | tests/property/admin-system-health-fixes/head-method.property.test.ts[2m 
> [22m[2mFeature: admin-system-health-fixes, Property 1: HEAD Method Support for API 
Endpoints[2m > [22m[2mProperty: HEAD requests do not require authentication (Requirement 
1.3)[2m > [22m[2mshould not require Authorization header for HEAD requests
[22m[39m[ARCJET] WARNING: Running without Arcjet protection

[90mstderr[2m | tests/property/admin-system-health-fixes/head-method.property.test.ts[2m 
> [22m[2mFeature: admin-system-health-fixes, Property 1: HEAD Method Support for API 
Endpoints[2m > [22m[2mProperty: HEAD requests do not require authentication (Requirement 
1.3)[2m > [22m[2mshould not require Authorization header for HEAD requests
[22m[39m[ARCJET] WARNING: Running without Arcjet protection

[90mstderr[2m | tests/property/admin-system-health-fixes/head-method.property.test.ts[2m 
> [22m[2mFeature: admin-system-health-fixes, Property 1: HEAD Method Support for API 
Endpoints[2m > [22m[2mProperty: HEAD requests do not require authentication (Requirement 
1.3)[2m > [22m[2mshould not require Authorization header for HEAD requests
[22m[39m[ARCJET] WARNING: Running without Arcjet protection

[90mstderr[2m | tests/property/admin-system-health-fixes/head-method.property.test.ts[2m 
> [22m[2mFeature: admin-system-health-fixes, Property 1: HEAD Method Support for API 
Endpoints[2m > [22m[2mProperty: HEAD requests do not require authentication (Requirement 
1.3)[2m > [22m[2mshould not require Authorization header for HEAD requests
[22m[39m[ARCJET] WARNING: Running without Arcjet protection

[90mstderr[2m | tests/property/admin-system-health-fixes/head-method.property.test.ts[2m 
> [22m[2mFeature: admin-system-health-fixes, Property 1: HEAD Method Support for API 
Endpoints[2m > [22m[2mProperty: HEAD requests do not require authentication (Requirement 
1.3)[2m > [22m[2mshould not require Authorization header for HEAD requests
[22m[39m[ARCJET] WARNING: Running without Arcjet protection

[90mstderr[2m | tests/property/admin-system-health-fixes/head-method.property.test.ts[2m 
> [22m[2mFeature: admin-system-health-fixes, Property 1: HEAD Method Support for API 
Endpoints[2m > [22m[2mProperty: HEAD requests do not require authentication (Requirement 
1.3)[2m > [22m[2mshould not require Authorization header for HEAD requests
[22m[39m[ARCJET] WARNING: Running without Arcjet protection

[90mstderr[2m | tests/property/admin-system-health-fixes/head-method.property.test.ts[2m 
> [22m[2mFeature: admin-system-health-fixes, Property 1: HEAD Method Support for API 
Endpoints[2m > [22m[2mProperty: HEAD requests do not require authentication (Requirement 
1.3)[2m > [22m[2mshould not require Authorization header for HEAD requests
[22m[39m[ARCJET] WARNING: Running without Arcjet protection

[90mstderr[2m | tests/property/admin-system-health-fixes/head-method.property.test.ts[2m 
> [22m[2mFeature: admin-system-health-fixes, Property 1: HEAD Method Support for API 
Endpoints[2m > [22m[2mProperty: HEAD requests do not require authentication (Requirement 
1.3)[2m > [22m[2mshould bypass authentication check for HEAD requests
[22m[39m[ARCJET] WARNING: Running without Arcjet protection
[ARCJET] WARNING: Running without Arcjet protection

[90mstderr[2m | tests/property/admin-system-health-fixes/head-method.property.test.ts[2m 
> [22m[2mFeature: admin-system-health-fixes, Property 1: HEAD Method Support for API 
Endpoints[2m > [22m[2mProperty: HEAD requests do not require authentication (Requirement 
1.3)[2m > [22m[2mshould bypass authentication check for HEAD requests
[22m[39m[ARCJET] WARNING: Running without Arcjet protection

[90mstderr[2m | tests/property/admin-system-health-fixes/head-method.property.test.ts[2m 
> [22m[2mFeature: admin-system-health-fixes, Property 1: HEAD Method Support for API 
Endpoints[2m > [22m[2mProperty: HEAD requests do not require authentication (Requirement 
1.3)[2m > [22m[2mshould bypass authentication check for HEAD requests
[22m[39m[ARCJET] WARNING: Running without Arcjet protection
[ARCJET] WARNING: Running without Arcjet protection

[90mstderr[2m | tests/property/admin-system-health-fixes/head-method.property.test.ts[2m 
> [22m[2mFeature: admin-system-health-fixes, Property 1: HEAD Method Support for API 
Endpoints[2m > [22m[2mProperty: HEAD requests do not require authentication (Requirement 
1.3)[2m > [22m[2mshould bypass authentication check for HEAD requests
[22m[39m[ARCJET] WARNING: Running without Arcjet protection
[ARCJET] WARNING: Running without Arcjet protection

[90mstderr[2m | tests/property/admin-system-health-fixes/head-method.property.test.ts[2m 
> [22m[2mFeature: admin-system-health-fixes, Property 1: HEAD Method Support for API 
Endpoints[2m > [22m[2mProperty: HEAD requests do not require authentication (Requirement 
1.3)[2m > [22m[2mshould bypass authentication check for HEAD requests
[22m[39m[ARCJET] WARNING: Running without Arcjet protection

[90mstderr[2m | tests/property/admin-system-health-fixes/head-method.property.test.ts[2m 
> [22m[2mFeature: admin-system-health-fixes, Property 1: HEAD Method Support for API 
Endpoints[2m > [22m[2mProperty: HEAD requests do not require authentication (Requirement 
1.3)[2m > [22m[2mshould bypass authentication check for HEAD requests
[22m[39m[ARCJET] WARNING: Running without Arcjet protection

[90mstderr[2m | tests/property/admin-system-health-fixes/head-method.property.test.ts[2m 
> [22m[2mFeature: admin-system-health-fixes, Property 1: HEAD Method Support for API 
Endpoints[2m > [22m[2mProperty: HEAD requests do not require authentication (Requirement 
1.3)[2m > [22m[2mshould bypass authentication check for HEAD requests
[22m[39m[ARCJET] WARNING: Running without Arcjet protection

[90mstderr[2m | tests/property/admin-system-health-fixes/head-method.property.test.ts[2m 
> [22m[2mFeature: admin-system-health-fixes, Property 1: HEAD Method Support for API 
Endpoints[2m > [22m[2mProperty: HEAD requests are handled before other logic[2m > 
[22m[2mshould handle HEAD before checking query parameters
[22m[39m[ARCJET] WARNING: Running without Arcjet protection
[ARCJET] WARNING: Running without Arcjet protection

[90mstderr[2m | tests/property/admin-system-health-fixes/head-method.property.test.ts[2m 
> [22m[2mFeature: admin-system-health-fixes, Property 1: HEAD Method Support for API 
Endpoints[2m > [22m[2mProperty: HEAD requests are handled before other logic[2m > 
[22m[2mshould handle HEAD before checking query parameters
[22m[39m[ARCJET] WARNING: Running without Arcjet protection

[90mstderr[2m | tests/property/admin-system-health-fixes/head-method.property.test.ts[2m 
> [22m[2mFeature: admin-system-health-fixes, Property 1: HEAD Method Support for API 
Endpoints[2m > [22m[2mProperty: HEAD requests are handled before other logic[2m > 
[22m[2mshould handle HEAD before checking query parameters
[22m[39m[ARCJET] WARNING: Running without Arcjet protection

[90mstderr[2m | tests/property/admin-system-health-fixes/head-method.property.test.ts[2m 
> [22m[2mFeature: admin-system-health-fixes, Property 1: HEAD Method Support for API 
Endpoints[2m > [22m[2mProperty: HEAD requests are handled before other logic[2m > 
[22m[2mshould handle HEAD before checking query parameters
[22m[39m[ARCJET] WARNING: Running without Arcjet protection

[90mstderr[2m | tests/property/admin-system-health-fixes/head-method.property.test.ts[2m 
> [22m[2mFeature: admin-system-health-fixes, Property 1: HEAD Method Support for API 
Endpoints[2m > [22m[2mProperty: HEAD requests are handled before other logic[2m > 
[22m[2mshould handle HEAD before checking query parameters
[22m[39m[ARCJET] WARNING: Running without Arcjet protection

[90mstderr[2m | tests/property/admin-system-health-fixes/head-method.property.test.ts[2m 
> [22m[2mFeature: admin-system-health-fixes, Property 1: HEAD Method Support for API 
Endpoints[2m > [22m[2mProperty: HEAD requests are handled before other logic[2m > 
[22m[2mshould handle HEAD before checking query parameters
[22m[39m[ARCJET] WARNING: Running without Arcjet protection

[90mstderr[2m | tests/property/admin-system-health-fixes/head-method.property.test.ts[2m 
> [22m[2mFeature: admin-system-health-fixes, Property 1: HEAD Method Support for API 
Endpoints[2m > [22m[2mProperty: HEAD requests are handled before other logic[2m > 
[22m[2mshould handle HEAD before checking request body
[22m[39m[ARCJET] WARNING: Running without Arcjet protection

[90mstderr[2m | tests/property/admin-system-health-fixes/head-method.property.test.ts[2m 
> [22m[2mFeature: admin-system-health-fixes, Property 1: HEAD Method Support for API 
Endpoints[2m > [22m[2mProperty: HEAD requests are handled before other logic[2m > 
[22m[2mshould handle HEAD before checking request body
[22m[39m[ARCJET] WARNING: Running without Arcjet protection

[90mstderr[2m | tests/property/admin-system-health-fixes/head-method.property.test.ts[2m 
> [22m[2mFeature: admin-system-health-fixes, Property 1: HEAD Method Support for API 
Endpoints[2m > [22m[2mProperty: HEAD requests are handled before other logic[2m > 
[22m[2mshould handle HEAD before checking request body
[22m[39m[ARCJET] WARNING: Running without Arcjet protection

[90mstderr[2m | tests/property/admin-system-health-fixes/head-method.property.test.ts[2m 
> [22m[2mFeature: admin-system-health-fixes, Property 1: HEAD Method Support for API 
Endpoints[2m > [22m[2mProperty: HEAD requests are handled before other logic[2m > 
[22m[2mshould handle HEAD before checking request body
[22m[39m[ARCJET] WARNING: Running without Arcjet protection

[90mstderr[2m | tests/property/admin-system-health-fixes/head-method.property.test.ts[2m 
> [22m[2mFeature: admin-system-health-fixes, Property 1: HEAD Method Support for API 
Endpoints[2m > [22m[2mProperty: HEAD requests are handled before other logic[2m > 
[22m[2mshould handle HEAD before checking request body
[22m[39m[ARCJET] WARNING: Running without Arcjet protection

[90mstderr[2m | tests/property/admin-system-health-fixes/head-method.property.test.ts[2m 
> [22m[2mFeature: admin-system-health-fixes, Property 1: HEAD Method Support for API 
Endpoints[2m > [22m[2mProperty: HEAD requests are handled before other logic[2m > 
[22m[2mshould handle HEAD before checking request body
[22m[39m[ARCJET] WARNING: Running without Arcjet protection

[90mstderr[2m | tests/property/admin-system-health-fixes/head-method.property.test.ts[2m 
> [22m[2mFeature: admin-system-health-fixes, Property 1: HEAD Method Support for API 
Endpoints[2m > [22m[2mProperty: HEAD requests are handled before other logic[2m > 
[22m[2mshould handle HEAD before checking request body
[22m[39m[ARCJET] WARNING: Running without Arcjet protection

[90mstderr[2m | tests/property/admin-system-health-fixes/head-method.property.test.ts[2m 
> [22m[2mFeature: admin-system-health-fixes, Property 1: HEAD Method Support for API 
Endpoints[2m > [22m[2mProperty: HEAD requests are handled before other logic[2m > 
[22m[2mshould handle HEAD before checking request body
[22m[39m[ARCJET] WARNING: Running without Arcjet protection

[90mstderr[2m | tests/property/admin-system-health-fixes/head-method.property.test.ts[2m 
> [22m[2mFeature: admin-system-health-fixes, Property 1: HEAD Method Support for API 
Endpoints[2m > [22m[2mProperty: HEAD requests are handled before other logic[2m > 
[22m[2mshould handle HEAD before checking request body
[22m[39m[ARCJET] WARNING: Running without Arcjet protection

[90mstderr[2m | tests/property/admin-system-health-fixes/head-method.property.test.ts[2m 
> [22m[2mFeature: admin-system-health-fixes, Property 1: HEAD Method Support for API 
Endpoints[2m > [22m[2mProperty: HEAD requests are handled before other logic[2m > 
[22m[2mshould handle HEAD before checking request body
[22m[39m[ARCJET] WARNING: Running without Arcjet protection

[90mstderr[2m | tests/property/admin-system-health-fixes/head-method.property.test.ts[2m 
> [22m[2mFeature: admin-system-health-fixes, Property 1: HEAD Method Support for API 
Endpoints[2m > [22m[2mProperty: HEAD requests are handled before other logic[2m > 
[22m[2mshould handle HEAD before checking request body
[22m[39m[ARCJET] WARNING: Running without Arcjet protection

[90mstderr[2m | tests/property/admin-system-health-fixes/head-method.property.test.ts[2m 
> [22m[2mFeature: admin-system-health-fixes, Property 1: HEAD Method Support for API 
Endpoints[2m > [22m[2mProperty: HEAD requests are handled before other logic[2m > 
[22m[2mshould handle HEAD before checking request body
[22m[39m[ARCJET] WARNING: Running without Arcjet protection

[90mstderr[2m | tests/property/admin-system-health-fixes/head-method.property.test.ts[2m 
> [22m[2mFeature: admin-system-health-fixes, Property 1: HEAD Method Support for API 
Endpoints[2m > [22m[2mProperty: HEAD requests are handled before other logic[2m > 
[22m[2mshould handle HEAD before checking request body
[22m[39m[ARCJET] WARNING: Running without Arcjet protection

[90mstderr[2m | tests/property/admin-system-health-fixes/head-method.property.test.ts[2m 
> [22m[2mFeature: admin-system-health-fixes, Property 1: HEAD Method Support for API 
Endpoints[2m > [22m[2mProperty: HEAD requests are handled before other logic[2m > 
[22m[2mshould handle HEAD before checking request body
[22m[39m[ARCJET] WARNING: Running without Arcjet protection

[90mstderr[2m | tests/property/admin-system-health-fixes/head-method.property.test.ts[2m 
> [22m[2mFeature: admin-system-health-fixes, Property 1: HEAD Method Support for API 
Endpoints[2m > [22m[2mProperty: HEAD requests are handled before other logic[2m > 
[22m[2mshould handle HEAD before checking request body
[22m[39m[ARCJET] WARNING: Running without Arcjet protection

[90mstderr[2m | tests/property/admin-system-health-fixes/head-method.property.test.ts[2m 
> [22m[2mFeature: admin-system-health-fixes, Property 1: HEAD Method Support for API 
Endpoints[2m > [22m[2mProperty: HEAD requests are handled before other logic[2m > 
[22m[2mshould handle HEAD before checking request body
[22m[39m[ARCJET] WARNING: Running without Arcjet protection

[90mstderr[2m | tests/property/admin-system-health-fixes/head-method.property.test.ts[2m 
> [22m[2mFeature: admin-system-health-fixes, Property 1: HEAD Method Support for API 
Endpoints[2m > [22m[2mProperty: HEAD requests are handled before other logic[2m > 
[22m[2mshould handle HEAD before checking request body
[22m[39m[ARCJET] WARNING: Running without Arcjet protection

[90mstderr[2m | tests/property/admin-system-health-fixes/head-method.property.test.ts[2m 
> [22m[2mFeature: admin-system-health-fixes, Property 1: HEAD Method Support for API 
Endpoints[2m > [22m[2mProperty: HEAD requests are handled before other logic[2m > 
[22m[2mshould handle HEAD before checking request body
[22m[39m[ARCJET] WARNING: Running without Arcjet protection

[90mstderr[2m | tests/property/admin-system-health-fixes/head-method.property.test.ts[2m 
> [22m[2mFeature: admin-system-health-fixes, Property 1: HEAD Method Support for API 
Endpoints[2m > [22m[2mProperty: HEAD requests are handled before other logic[2m > 
[22m[2mshould handle HEAD before checking request body
[22m[39m[ARCJET] WARNING: Running without Arcjet protection

[90mstderr[2m | tests/property/admin-system-health-fixes/head-method.property.test.ts[2m 
> [22m[2mFeature: admin-system-health-fixes, Property 1: HEAD Method Support for API 
Endpoints[2m > [22m[2mProperty: HEAD requests are handled before other logic[2m > 
[22m[2mshould handle HEAD before checking request body
[22m[39m[ARCJET] WARNING: Running without Arcjet protection

[90mstderr[2m | tests/property/admin-system-health-fixes/head-method.property.test.ts[2m 
> [22m[2mFeature: admin-system-health-fixes, Property 1: HEAD Method Support for API 
Endpoints[2m > [22m[2mProperty: HEAD requests are handled before other logic[2m > 
[22m[2mshould handle HEAD before checking request body
[22m[39m[ARCJET] WARNING: Running without Arcjet protection

[90mstderr[2m | tests/property/admin-system-health-fixes/head-method.property.test.ts[2m 
> [22m[2mFeature: admin-system-health-fixes, Property 1: HEAD Method Support for API 
Endpoints[2m > [22m[2mProperty: HEAD requests are handled before other logic[2m > 
[22m[2mshould handle HEAD before checking request body
[22m[39m[ARCJET] WARNING: Running without Arcjet protection

[90mstderr[2m | tests/property/admin-system-health-fixes/head-method.property.test.ts[2m 
> [22m[2mFeature: admin-system-health-fixes, Property 1: HEAD Method Support for API 
Endpoints[2m > [22m[2mProperty: HEAD response has no body[2m > [22m[2mshould return 
empty body for all HEAD requests
[22m[39m[ARCJET] WARNING: Running without Arcjet protection

[90mstderr[2m | tests/property/admin-system-health-fixes/head-method.property.test.ts[2m 
> [22m[2mFeature: admin-system-health-fixes, Property 1: HEAD Method Support for API 
Endpoints[2m > [22m[2mProperty: HEAD response has no body[2m > [22m[2mshould return 
empty body for all HEAD requests
[22m[39m[ARCJET] WARNING: Running without Arcjet protection

[90mstderr[2m | tests/property/admin-system-health-fixes/head-method.property.test.ts[2m 
> [22m[2mFeature: admin-system-health-fixes, Property 1: HEAD Method Support for API 
Endpoints[2m > [22m[2mProperty: HEAD response has no body[2m > [22m[2mshould return 
empty body for all HEAD requests
[22m[39m[ARCJET] WARNING: Running without Arcjet protection

[90mstderr[2m | tests/property/admin-system-health-fixes/head-method.property.test.ts[2m 
> [22m[2mFeature: admin-system-health-fixes, Property 1: HEAD Method Support for API 
Endpoints[2m > [22m[2mProperty: HEAD response has no body[2m > [22m[2mshould return 
empty body for all HEAD requests
[22m[39m[ARCJET] WARNING: Running without Arcjet protection

[90mstderr[2m | tests/property/admin-system-health-fixes/head-method.property.test.ts[2m 
> [22m[2mFeature: admin-system-health-fixes, Property 1: HEAD Method Support for API 
Endpoints[2m > [22m[2mProperty: HEAD response has no body[2m > [22m[2mshould return 
empty body for all HEAD requests
[22m[39m[ARCJET] WARNING: Running without Arcjet protection

[90mstderr[2m | tests/property/admin-system-health-fixes/head-method.property.test.ts[2m 
> [22m[2mFeature: admin-system-health-fixes, Property 1: HEAD Method Support for API 
Endpoints[2m > [22m[2mProperty: HEAD response has no body[2m > [22m[2mshould return 
empty body for all HEAD requests
[22m[39m[ARCJET] WARNING: Running without Arcjet protection

[90mstderr[2m | tests/property/admin-system-health-fixes/head-method.property.test.ts[2m 
> [22m[2mFeature: admin-system-health-fixes, Property 1: HEAD Method Support for API 
Endpoints[2m > [22m[2mProperty: HEAD response has no body[2m > [22m[2mshould return 
empty body for all HEAD requests
[22m[39m[ARCJET] WARNING: Running without Arcjet protection

[90mstderr[2m | tests/property/admin-system-health-fixes/head-method.property.test.ts[2m 
> [22m[2mFeature: admin-system-health-fixes, Property 1: HEAD Method Support for API 
Endpoints[2m > [22m[2mProperty: HEAD response has no body[2m > [22m[2mshould return 
empty body for all HEAD requests
[22m[39m[ARCJET] WARNING: Running without Arcjet protection
[ARCJET] WARNING: Running without Arcjet protection

[90mstderr[2m | tests/property/admin-system-health-fixes/head-method.property.test.ts[2m 
> [22m[2mFeature: admin-system-health-fixes, Property 1: HEAD Method Support for API 
Endpoints[2m > [22m[2mProperty: HEAD response has no body[2m > [22m[2mshould return 
empty body for all HEAD requests
[22m[39m[ARCJET] WARNING: Running without Arcjet protection
[ARCJET] WARNING: Running without Arcjet protection

[90mstderr[2m | tests/property/admin-system-health-fixes/head-method.property.test.ts
[22m[39m[ARCJET] WARNING: Running without Arcjet protection

[90mstderr[2m | api\auth:963:15
[22m[39m[ARCJET] WARNING: Running without Arcjet protection

[90mstderr[2m | api\applications:346:15
[22m[39m[ARCJET] WARNING: Running without Arcjet protection

[90mstderr[2m | tests/property/workflowTransitions.property.test.ts[2m > 
[22m[2mProperty 15: Workflow Transition Completeness[2m > [22m[2mRoute config 
parsing[2m > [22m[2mPROPERTY: parseRouteConfig returns empty array for non-existent 
config
[22m[39mRoute config not found at: \non\existent\path\src\routes\config.tsx

[90mstderr[2m | tests/property/workflowTransitions.property.test.ts[2m > 
[22m[2mProperty 15: Workflow Transition Completeness[2m > [22m[2mFull workflow 
mapping[2m > [22m[2mPROPERTY: Workflow errors are captured
[22m[39mRoute config not found at: \non\existent\path\src\routes\config.tsx

[90mstderr[2m | 
tests/property/admin-system-health-fixes/settings-auth.property.test.ts[2m > 
[22m[2mFeature: admin-system-health-fixes, Property 3: Settings Authentication 
Requirement[2m > [22m[2mProperty: Requests without valid auth are rejected with 401 
(Requirement 2.6)[2m > [22m[2mshould reject GET requests without valid authentication
[22m[39m[ARCJET] FATAL: ARCJET_KEY environment variable not set
[ARCJET] Security layer DISABLED - set ARCJET_KEY immediately

[90mstderr[2m | 
tests/property/admin-system-health-fixes/settings-auth.property.test.ts[2m > 
[22m[2mFeature: admin-system-health-fixes, Property 3: Settings Authentication 
Requirement[2m > [22m[2mProperty: Requests without valid auth are rejected with 401 
(Requirement 2.6)[2m > [22m[2mshould reject GET requests without valid authentication
[22m[39m[ARCJET] WARNING: Running without Arcjet protection

[33m[39m[31mx[39m[33m[39m[31mx[39m[33m[39m[31mx[39m[33m[39m[31mx[39m[33m[39m[31mx[39m[33m[39m[31mx[39m[33m[39m[31mx[39m[33m[39m[31mx[39m[33m[39m[31mx[39m[33m[39m[31mx[39m[33m[39m[31mx[39m[33m[39m[31mx[39m[33m[39m[31mx[39m[33m[39m[31mx[39m[33m[39m[31mx[39m[33m[39m[31mx[39m[33m[39m[31mx[39m[33m[39m[31mx[39m[33m[39m[31mx[39m[33m[39m[32m┬╖[39m[33m[39m[31mx[39m[33m[39m[31mx[39m[33m[39m[31mx[39m[33m[39m[31mx[39m[33m[39m[31mx[39m[33m[39m[31mx[39m[33m[39m[31mx[39m[33m[39m[31mx[39m[33m[39m[31mx[39m[33m[39m[31mx[39m[33m[39m[31mx[39m[33m[39m[32m┬╖[39m[33m[39m[31mx[39m[33m[39m[31mx[39m[33m[39m[31mx[39m[33m[39m[32m┬╖[39m[33m[39m[32m┬╖[39m[33m[39m[32m┬╖[39m[33m[39m[31mx[39m[33m[39m[31mx[39m[33m[39m[32m┬╖[39m[33m[39m[31mx[39m[33m[39m[31mx[39m[33m[39m[31mx[39m[33m[39m[31mx[39m[33m[39m[31mx[39m[33m[39m[31mx[39m[33m[39m[31mx[39m[33m[39m[32m┬╖[39m[33m[39m[32m┬╖[39m[33m[39m[31mx[39m[33m[39m[32m┬╖[39m[33m[39m[32m┬╖[39m[33m[39m[32m┬╖[39m[33m[39m[32m┬╖[39m[33m[39m[31mx[39m[33m[39m[32m┬╖[39m[33m[39m[31mx[39m[33m[39m[31mx[39m[33m[39m[31mx[39m[33m[39m[32m┬╖[39m[33m[39m[32m┬╖[39m[33m[39m[31mx[39m[33m[39m[31mx[39m[33m[39m[31mx[39m[33m[39m[32m┬╖[39m[33m[39m[32m┬╖[39m[33m[39m[32m┬╖[39m[33m[39m[31mx[39m[33m[39m[31mx[39m[33m[39m[31mx[39m[33m[39m[31mx[39m[33m[39m[31mx[39m[33m[39m[31mx[39m[33m[39m[31mx[39m[33m[39m[31mx[39m[33m[39m[32m┬╖[39m[33m[39m[32m┬╖[39m[33m[39m[32m┬╖[39m[33m[39m[32m┬╖[39m[33m[39m[32m┬╖[39m[33m[39m[32m┬╖[39m[33m[39m[32m┬╖[39m[33m[39m[32m┬╖[39m[33m[39m[32m┬╖[39m[33m[39m[32m┬╖[39m[33m[39m[32m┬╖[39m[33m[39m[32m┬╖[39m[33m[39m[32m┬╖[39m[33m[39m[32m┬╖[39m[33m[39m[32m┬╖[39m[33m[39m[31mx[39m[33m[39m[32m┬╖[39m[33m[39m[32m┬╖[39m[33m[39m[32m┬╖[39m[33m[39m[32m┬╖[39m[33m[39m[32m┬╖[39m[33m[39m[32m┬╖[39m[33m[39m[32m┬╖[39m[33m[39m[32m┬╖[39m[33m[39m[32m┬╖[39m[33m[39m[31mx[39m[33m[39m[32m┬╖[39m[33m[39m[32m┬╖[39m[33m[39m[32m┬╖[39m[33m[39m[32m┬╖[39m[33m[39m[32m┬╖[39m[33m[39m[32m┬╖[39m[33m[39m[32m┬╖[39m[33m[39m[32m┬╖[39m[33m[39m[32m┬╖[39m[33m[39m[32m┬╖[39m[33m[39m[32m┬╖[39m[33m[39m[32m┬╖[39m[33m[39m[32m┬╖[39m[33m[39m[32m┬╖[39m[33m[39m[32m┬╖[39m[33m[39m[32m┬╖[39m[33m[39m[31mx[39m[33m[39m[31mx[39m[33m[39m[31mx[39m[33m[39m[32m┬╖[39m[33m[39m[32m┬╖[39m[33m[39m[32m┬╖[39m[33m[39m[32m┬╖[39m[33m[39m[32m┬╖[39m[33m[39m[32m┬╖[39m[33m[39m[32m┬╖[39m[33m[39m[31mx[39m[33m[39m[32m┬╖[39m[33m[39m[32m┬╖[39m[33m[39m[32m┬╖[39m[33m[39m[32m┬╖[39m[33m[39m[32m┬╖[39m[33m[39m[32m┬╖[39m[33m[39m[31mx[39m[33m[39m[31mx[39m[33m[39m[32m┬╖[39m[33m[39m[31mx[39m[33m[39m[32m┬╖[39m[33m[39m[31mx[39m[33m[39m[31mx[39m[33m[39m[32m┬╖[39m[33m[39m[31mx[39m[33m[39m[31mx[39m[33m[39m[31mx[39m[33m[39m[32m┬╖[39m[33m[39m[32m┬╖[39m[33m[39m[32m┬╖[39m[33m[39m[32m┬╖[39m[33m[39m[32m┬╖[39m[33m[39m[31mx[39m[33m[39m[31mx[39m[33m[39m[32m┬╖[39m[33m[39m[32m┬╖[39m[33m[39m[32m┬╖[39m[33m[39m[31mx[39m[33m[39m[31mx[39m[33m[39m[31mx[39m[33m[39m[32m┬╖[39m[33m[39m[32m┬╖[39m[33m[39m[32m┬╖[39m[33m[39m[32m┬╖[39m[33m[39m[32m┬╖[39m[33m[39m[32m┬╖[39m[33m[39m[31mx[39m[33m[39m[31mx[39m[33m[39m[32m┬╖[39m[33m[39m[31mx[39m[33m[39m[32m┬╖[39m[33m[39m[32m┬╖[39m[33m[39m[32m┬╖[39m[33m[39m[32m┬╖[39m[33m[39m[32m┬╖[39m[33m[39m[32m┬╖[39m[33m[39m[32m┬╖[39m[33m[39m[32m┬╖[39m[33m[39m[32m┬╖[39m[33m[39m[32m┬╖[39m[33m[39m[32m┬╖[39m[33m[39m[32m┬╖[39m[33m[39m[32m┬╖[39m[33m[39m[32m┬╖[39m[33m[39m[32m┬╖[39m[33m[39m[32m┬╖[39m[33m[39m[32m┬╖[39m[33m[39m[32m┬╖[39m[33m[39m[32m┬╖[39m[33m[39m[32m┬╖[39m[33m[39m[32m┬╖[39m[33m[39m[32m┬╖[39m[33m[39m[32m┬╖[39m[33m[39m[32m┬╖[39m[33m[39m[32m┬╖[39m[33m[39m[32m┬╖[39m[33m[39m[32m┬╖[39m[33m[39m[32m┬╖[39m[33m[39m[32m┬╖[39m[33m[39m[32m┬╖[39m[33m[39m[32m┬╖[39m[33m[39m[32m┬╖[39m[33m[39m[32m┬╖[39m[33m[39m[32m┬╖[39m[33m[39m[32m┬╖[39m[33m[39m[32m┬╖[39m[33m[39m[32m┬╖[39m[33m[39m[32m┬╖[39m[33m[39m[32m┬╖[39m[33m[39m[32m┬╖[39m[33m[39m[32m┬╖[39m[33m[39m[32m┬╖[39m[33m[39m[32m┬╖[39m[33m[39m[32m┬╖[39m[33m[39m[32m┬╖[39m[33m[39m[32m┬╖[39m[33m[39m[32m┬╖[39m[33m[39m[32m┬╖[39m[33m[39m[32m┬╖[39m[33m[39m[32m┬╖[39m[33m[39m[32m┬╖[39m[33m[39m[32m┬╖[39m[33m[39m[32m┬╖[39m[33m[39m[32m┬╖[39m[33m[39m[32m┬╖[39m[33m[39m[32m┬╖[39m[33m[39m[32m┬╖[39m[33m[39m[32m┬╖[39m[33m[39m[32m┬╖[39m[33m[39m[32m┬╖[39m[33m[39m[32m┬╖[39m[33m[39m[32m┬╖[39m[33m[39m[32m┬╖[39m[33m[39m[32m┬╖[39m[33m[39m[32m┬╖[39m[33m[39m[32m┬╖[39m[33m[39m[32m┬╖[39m[33m[39m[32m┬╖[39m[33m[39m[32m┬╖[39m[33m[39m[32m┬╖[39m[33m[39m[32m┬╖[39m[33m[39m[32m┬╖[39m[33m[39m[32m┬╖[39m[33m[39m[32m┬╖[39m[33m[39m[32m┬╖[39m[33m[39m[32m┬╖[39m[33m[39m[32m┬╖[39m[33m[39m[32m┬╖[39m[33m[39m[32m┬╖[39m[33m[39m[32m┬╖[39m[33m[39m[32m┬╖[39m[33m[39m[32m┬╖[39m[33m[39m[32m┬╖[39m[33m[39m[32m┬╖[39m[33m[39m[32m┬╖[39m[33m[39m[32m┬╖[39m[33m[39m[32m┬╖[39m[33m[39m[32m┬╖[39m[33m[39m[32m┬╖[39m[33m[39m[32m┬╖[39m[33m[39m[32m┬╖[39m[33m[39m[32m┬╖[39m[33m[39m[32m┬╖[39m[33m[39m[32m┬╖[39m[33m[39m[32m┬╖[39m[33m[39m[32m┬╖[39m[33m[39m[32m┬╖[39m[33m[39m[32m┬╖[39m[33m[39m[32m┬╖[39m[33m[39m[32m┬╖[39m[33m[39m[32m┬╖[39m[33m[39m[32m┬╖[39m[33m[39m[32m┬╖[39m[33m[39m[32m┬╖[39m[33m[39m[32m┬╖[39m[33m[39m[32m┬╖[39m[33m[39m[32m┬╖[39m[33m[39m[32m┬╖[39m[33m[39m[32m┬╖[39m[33m[39m[32m┬╖[39m[33m[39m[32m┬╖[39m[33m[39m[32m┬╖[39m[33m[39m[32m┬╖[39m[33m[39m[32m┬╖[39m[33m[39m[32m┬╖[39m[33m[39m[32m┬╖[39m[33m[39m[32m┬╖[39m[33m[39m[32m┬╖[39m[33m[39m[32m┬╖[39m[33m[39m[32m┬╖[39m[33m[39m[32m┬╖[39m[33m[39m[32m┬╖[39m[33m[39m[32m┬╖[39m[33m[39m[32m┬╖[39m[33m[39m[32m┬╖[39m[33m[39m[32m┬╖[39m[90mstdout[2m | tests/property/admin-system-health-fixes/settings-auth.property.test.ts[2m > [22m[2mFeature: admin-system-health-fixes, Property 3: Settings Authentication Requirement[2m > [22m[2mProperty: Requests without valid auth are rejected with 401 (Requirement 2.6)[2m > [22m[2mshould reject GET requests without valid authentication
[22m[39m[AUTH] Token verification failed: Access token verification failed

[90mstderr[2m | 
tests/property/admin-system-health-fixes/settings-auth.property.test.ts[2m > 
[22m[2mFeature: admin-system-health-fixes, Property 3: Settings Authentication 
Requirement[2m > [22m[2mProperty: Requests without valid auth are rejected with 401 
(Requirement 2.6)[2m > [22m[2mshould reject GET requests without valid authentication
[22m[39m[ARCJET] WARNING: Running without Arcjet protection

[90mstderr[2m | 
tests/property/admin-system-health-fixes/settings-auth.property.test.ts[2m > 
[22m[2mFeature: admin-system-health-fixes, Property 3: Settings Authentication 
Requirement[2m > [22m[2mProperty: Requests without valid auth are rejected with 401 
(Requirement 2.6)[2m > [22m[2mshould reject GET requests without valid authentication
[22m[39m[ARCJET] WARNING: Running without Arcjet protection

[90mstderr[2m | 
tests/property/admin-system-health-fixes/settings-auth.property.test.ts[2m > 
[22m[2mFeature: admin-system-health-fixes, Property 3: Settings Authentication 
Requirement[2m > [22m[2mProperty: Requests without valid auth are rejected with 401 
(Requirement 2.6)[2m > [22m[2mshould reject GET requests without valid authentication
[22m[39m[ARCJET] WARNING: Running without Arcjet protection

[90mstderr[2m | 
tests/property/admin-system-health-fixes/settings-auth.property.test.ts[2m > 
[22m[2mFeature: admin-system-health-fixes, Property 3: Settings Authentication 
Requirement[2m > [22m[2mProperty: Requests without valid auth are rejected with 401 
(Requirement 2.6)[2m > [22m[2mshould reject GET requests without valid authentication
[22m[39m[ARCJET] WARNING: Running without Arcjet protection

[90mstderr[2m | 
tests/property/admin-system-health-fixes/settings-auth.property.test.ts[2m > 
[22m[2mFeature: admin-system-health-fixes, Property 3: Settings Authentication 
Requirement[2m > [22m[2mProperty: Requests without valid auth are rejected with 401 
(Requirement 2.6)[2m > [22m[2mshould reject GET requests without valid authentication
[22m[39m[ARCJET] WARNING: Running without Arcjet protection

[90mstderr[2m | 
tests/property/admin-system-health-fixes/settings-auth.property.test.ts[2m > 
[22m[2mFeature: admin-system-health-fixes, Property 3: Settings Authentication 
Requirement[2m > [22m[2mProperty: Requests without valid auth are rejected with 401 
(Requirement 2.6)[2m > [22m[2mshould reject GET requests without valid authentication
[22m[39m[ARCJET] WARNING: Running without Arcjet protection

[90mstdout[2m | tests/property/admin-system-health-fixes/settings-auth.property.test.ts[2m > [22m[2mFeature: admin-system-health-fixes, Property 3: Settings Authentication Requirement[2m > [22m[2mProperty: Requests without valid auth are rejected with 401 (Requirement 2.6)[2m > [22m[2mshould reject GET requests without valid authentication
[22m[39m[AUTH] Token verification failed: Access token verification failed

[90mstderr[2m | 
tests/property/admin-system-health-fixes/settings-auth.property.test.ts[2m > 
[22m[2mFeature: admin-system-health-fixes, Property 3: Settings Authentication 
Requirement[2m > [22m[2mProperty: Requests without valid auth are rejected with 401 
(Requirement 2.6)[2m > [22m[2mshould reject GET requests without valid authentication
[22m[39m[ARCJET] WARNING: Running without Arcjet protection

[90mstderr[2m | 
tests/property/admin-system-health-fixes/settings-auth.property.test.ts[2m > 
[22m[2mFeature: admin-system-health-fixes, Property 3: Settings Authentication 
Requirement[2m > [22m[2mProperty: Requests without valid auth are rejected with 401 
(Requirement 2.6)[2m > [22m[2mshould reject GET requests without valid authentication
[22m[39m[ARCJET] WARNING: Running without Arcjet protection

[90mstderr[2m | 
tests/property/admin-system-health-fixes/settings-auth.property.test.ts[2m > 
[22m[2mFeature: admin-system-health-fixes, Property 3: Settings Authentication 
Requirement[2m > [22m[2mProperty: Requests without valid auth are rejected with 401 
(Requirement 2.6)[2m > [22m[2mshould reject GET requests without valid authentication
[22m[39m[ARCJET] WARNING: Running without Arcjet protection

[90mstdout[2m | tests/property/admin-system-health-fixes/settings-auth.property.test.ts[2m > [22m[2mFeature: admin-system-health-fixes, Property 3: Settings Authentication Requirement[2m > [22m[2mProperty: Requests without valid auth are rejected with 401 (Requirement 2.6)[2m > [22m[2mshould reject GET requests without valid authentication
[22m[39m[AUTH] Token verification failed: Access token verification failed

[90mstderr[2m | 
tests/property/admin-system-health-fixes/settings-auth.property.test.ts[2m > 
[22m[2mFeature: admin-system-health-fixes, Property 3: Settings Authentication 
Requirement[2m > [22m[2mProperty: Requests without valid auth are rejected with 401 
(Requirement 2.6)[2m > [22m[2mshould reject GET requests without valid authentication
[22m[39m[ARCJET] WARNING: Running without Arcjet protection

[90mstderr[2m | 
tests/property/admin-system-health-fixes/settings-auth.property.test.ts[2m > 
[22m[2mFeature: admin-system-health-fixes, Property 3: Settings Authentication 
Requirement[2m > [22m[2mProperty: Requests without valid auth are rejected with 401 
(Requirement 2.6)[2m > [22m[2mshould reject GET requests without valid authentication
[22m[39m[ARCJET] WARNING: Running without Arcjet protection

[90mstdout[2m | tests/property/admin-system-health-fixes/settings-auth.property.test.ts[2m > [22m[2mFeature: admin-system-health-fixes, Property 3: Settings Authentication Requirement[2m > [22m[2mProperty: Requests without valid auth are rejected with 401 (Requirement 2.6)[2m > [22m[2mshould reject GET requests without valid authentication
[22m[39m[AUTH] Token verification failed: Access token verification failed

[90mstderr[2m | 
tests/property/admin-system-health-fixes/settings-auth.property.test.ts[2m > 
[22m[2mFeature: admin-system-health-fixes, Property 3: Settings Authentication 
Requirement[2m > [22m[2mProperty: Requests without valid auth are rejected with 401 
(Requirement 2.6)[2m > [22m[2mshould reject GET requests without valid authentication
[22m[39m[ARCJET] WARNING: Running without Arcjet protection

[90mstderr[2m | 
tests/property/admin-system-health-fixes/settings-auth.property.test.ts[2m > 
[22m[2mFeature: admin-system-health-fixes, Property 3: Settings Authentication 
Requirement[2m > [22m[2mProperty: Requests without valid auth are rejected with 401 
(Requirement 2.6)[2m > [22m[2mshould reject GET requests without valid authentication
[22m[39m[ARCJET] WARNING: Running without Arcjet protection

[90mstderr[2m | 
tests/property/admin-system-health-fixes/settings-auth.property.test.ts[2m > 
[22m[2mFeature: admin-system-health-fixes, Property 3: Settings Authentication 
Requirement[2m > [22m[2mProperty: Requests without valid auth are rejected with 401 
(Requirement 2.6)[2m > [22m[2mshould reject GET requests without valid authentication
[22m[39m[ARCJET] WARNING: Running without Arcjet protection

[90mstderr[2m | 
tests/property/admin-system-health-fixes/settings-auth.property.test.ts[2m > 
[22m[2mFeature: admin-system-health-fixes, Property 3: Settings Authentication 
Requirement[2m > [22m[2mProperty: Requests without valid auth are rejected with 401 
(Requirement 2.6)[2m > [22m[2mshould reject GET requests without valid authentication
[22m[39m[ARCJET] WARNING: Running without Arcjet protection

[90mstderr[2m | 
tests/property/admin-system-health-fixes/settings-auth.property.test.ts[2m > 
[22m[2mFeature: admin-system-health-fixes, Property 3: Settings Authentication 
Requirement[2m > [22m[2mProperty: Requests without valid auth are rejected with 401 
(Requirement 2.6)[2m > [22m[2mshould reject GET requests without valid authentication
[22m[39m[ARCJET] WARNING: Running without Arcjet protection

[90mstdout[2m | tests/property/admin-system-health-fixes/settings-auth.property.test.ts[2m > [22m[2mFeature: admin-system-health-fixes, Property 3: Settings Authentication Requirement[2m > [22m[2mProperty: Requests without valid auth are rejected with 401 (Requirement 2.6)[2m > [22m[2mshould reject GET requests without valid authentication
[22m[39m[AUTH] Token verification failed: Access token verification failed

[90mstderr[2m | 
tests/property/admin-system-health-fixes/settings-auth.property.test.ts[2m > 
[22m[2mFeature: admin-system-health-fixes, Property 3: Settings Authentication 
Requirement[2m > [22m[2mProperty: Requests without valid auth are rejected with 401 
(Requirement 2.6)[2m > [22m[2mshould reject GET requests without valid authentication
[22m[39m[ARCJET] WARNING: Running without Arcjet protection

[90mstderr[2m | 
tests/property/admin-system-health-fixes/settings-auth.property.test.ts[2m > 
[22m[2mFeature: admin-system-health-fixes, Property 3: Settings Authentication 
Requirement[2m > [22m[2mProperty: Requests without valid auth are rejected with 401 
(Requirement 2.6)[2m > [22m[2mshould reject GET requests without valid authentication
[22m[39m[ARCJET] WARNING: Running without Arcjet protection

[90mstderr[2m | 
tests/property/admin-system-health-fixes/settings-auth.property.test.ts[2m > 
[22m[2mFeature: admin-system-health-fixes, Property 3: Settings Authentication 
Requirement[2m > [22m[2mProperty: Requests without valid auth are rejected with 401 
(Requirement 2.6)[2m > [22m[2mshould reject GET requests without valid authentication
[22m[39m[ARCJET] WARNING: Running without Arcjet protection

[90mstderr[2m | 
tests/property/admin-system-health-fixes/settings-auth.property.test.ts[2m > 
[22m[2mFeature: admin-system-health-fixes, Property 3: Settings Authentication 
Requirement[2m > [22m[2mProperty: Requests without valid auth are rejected with 401 
(Requirement 2.6)[2m > [22m[2mshould reject GET requests without valid authentication
[22m[39m[ARCJET] WARNING: Running without Arcjet protection

[90mstderr[2m | 
tests/property/admin-system-health-fixes/settings-auth.property.test.ts[2m > 
[22m[2mFeature: admin-system-health-fixes, Property 3: Settings Authentication 
Requirement[2m > [22m[2mProperty: Requests without valid auth are rejected with 401 
(Requirement 2.6)[2m > [22m[2mshould reject GET requests without valid authentication
[22m[39m[ARCJET] WARNING: Running without Arcjet protection

[90mstderr[2m | 
tests/property/admin-system-health-fixes/settings-auth.property.test.ts[2m > 
[22m[2mFeature: admin-system-health-fixes, Property 3: Settings Authentication 
Requirement[2m > [22m[2mProperty: Requests without valid auth are rejected with 401 
(Requirement 2.6)[2m > [22m[2mshould reject GET requests without valid authentication
[22m[39m[ARCJET] WARNING: Running without Arcjet protection

[90mstderr[2m | 
tests/property/admin-system-health-fixes/settings-auth.property.test.ts[2m > 
[22m[2mFeature: admin-system-health-fixes, Property 3: Settings Authentication 
Requirement[2m > [22m[2mProperty: Requests without valid auth are rejected with 401 
(Requirement 2.6)[2m > [22m[2mshould reject GET requests without valid authentication
[22m[39m[ARCJET] WARNING: Running without Arcjet protection

[90mstderr[2m | 
tests/property/admin-system-health-fixes/settings-auth.property.test.ts[2m > 
[22m[2mFeature: admin-system-health-fixes, Property 3: Settings Authentication 
Requirement[2m > [22m[2mProperty: Requests without valid auth are rejected with 401 
(Requirement 2.6)[2m > [22m[2mshould reject GET requests without valid authentication
[22m[39m[ARCJET] WARNING: Running without Arcjet protection

[90mstderr[2m | 
tests/property/admin-system-health-fixes/settings-auth.property.test.ts[2m > 
[22m[2mFeature: admin-system-health-fixes, Property 3: Settings Authentication 
Requirement[2m > [22m[2mProperty: Requests without valid auth are rejected with 401 
(Requirement 2.6)[2m > [22m[2mshould reject GET requests without valid authentication
[22m[39m[ARCJET] WARNING: Running without Arcjet protection

[90mstderr[2m | 
tests/property/admin-system-health-fixes/settings-auth.property.test.ts[2m > 
[22m[2mFeature: admin-system-health-fixes, Property 3: Settings Authentication 
Requirement[2m > [22m[2mProperty: Requests without valid auth are rejected with 401 
(Requirement 2.6)[2m > [22m[2mshould reject GET requests without valid authentication
[22m[39m[ARCJET] WARNING: Running without Arcjet protection

[90mstderr[2m | 
tests/property/admin-system-health-fixes/settings-auth.property.test.ts[2m > 
[22m[2mFeature: admin-system-health-fixes, Property 3: Settings Authentication 
Requirement[2m > [22m[2mProperty: Requests without valid auth are rejected with 401 
(Requirement 2.6)[2m > [22m[2mshould reject GET requests without valid authentication
[22m[39m[ARCJET] WARNING: Running without Arcjet protection

[90mstdout[2m | tests/property/admin-system-health-fixes/settings-auth.property.test.ts[2m > [22m[2mFeature: admin-system-health-fixes, Property 3: Settings Authentication Requirement[2m > [22m[2mProperty: Requests without valid auth are rejected with 401 (Requirement 2.6)[2m > [22m[2mshould reject GET requests without valid authentication
[22m[39m[AUTH] Token verification failed: Access token verification failed

[90mstderr[2m | 
tests/property/admin-system-health-fixes/settings-auth.property.test.ts[2m > 
[22m[2mFeature: admin-system-health-fixes, Property 3: Settings Authentication 
Requirement[2m > [22m[2mProperty: Requests without valid auth are rejected with 401 
(Requirement 2.6)[2m > [22m[2mshould reject GET requests without valid authentication
[22m[39m[ARCJET] WARNING: Running without Arcjet protection

[90mstderr[2m | 
tests/property/admin-system-health-fixes/settings-auth.property.test.ts[2m > 
[22m[2mFeature: admin-system-health-fixes, Property 3: Settings Authentication 
Requirement[2m > [22m[2mProperty: Requests without valid auth are rejected with 401 
(Requirement 2.6)[2m > [22m[2mshould reject GET requests without valid authentication
[22m[39m[ARCJET] WARNING: Running without Arcjet protection

[90mstderr[2m | 
tests/property/admin-system-health-fixes/settings-auth.property.test.ts[2m > 
[22m[2mFeature: admin-system-health-fixes, Property 3: Settings Authentication 
Requirement[2m > [22m[2mProperty: Requests without valid auth are rejected with 401 
(Requirement 2.6)[2m > [22m[2mshould reject GET requests without valid authentication
[22m[39m[ARCJET] WARNING: Running without Arcjet protection

[90mstderr[2m | 
tests/property/admin-system-health-fixes/settings-auth.property.test.ts[2m > 
[22m[2mFeature: admin-system-health-fixes, Property 3: Settings Authentication 
Requirement[2m > [22m[2mProperty: Requests without valid auth are rejected with 401 
(Requirement 2.6)[2m > [22m[2mshould reject GET requests without valid authentication
[22m[39m[ARCJET] WARNING: Running without Arcjet protection

[90mstderr[2m | 
tests/property/admin-system-health-fixes/settings-auth.property.test.ts[2m > 
[22m[2mFeature: admin-system-health-fixes, Property 3: Settings Authentication 
Requirement[2m > [22m[2mProperty: Requests without valid auth are rejected with 401 
(Requirement 2.6)[2m > [22m[2mshould reject GET requests without valid authentication
[22m[39m[ARCJET] WARNING: Running without Arcjet protection

[90mstderr[2m | 
tests/property/admin-system-health-fixes/settings-auth.property.test.ts[2m > 
[22m[2mFeature: admin-system-health-fixes, Property 3: Settings Authentication 
Requirement[2m > [22m[2mProperty: Requests without valid auth are rejected with 401 
(Requirement 2.6)[2m > [22m[2mshould reject GET requests without valid authentication
[22m[39m[ARCJET] WARNING: Running without Arcjet protection

[90mstdout[2m | tests/property/admin-system-health-fixes/settings-auth.property.test.ts[2m > [22m[2mFeature: admin-system-health-fixes, Property 3: Settings Authentication Requirement[2m > [22m[2mProperty: Requests without valid auth are rejected with 401 (Requirement 2.6)[2m > [22m[2mshould reject GET requests without valid authentication
[22m[39m[AUTH] Token verification failed: Access token verification failed

[90mstderr[2m | 
tests/property/admin-system-health-fixes/settings-auth.property.test.ts[2m > 
[22m[2mFeature: admin-system-health-fixes, Property 3: Settings Authentication 
Requirement[2m > [22m[2mProperty: Requests without valid auth are rejected with 401 
(Requirement 2.6)[2m > [22m[2mshould reject GET requests without valid authentication
[22m[39m[ARCJET] WARNING: Running without Arcjet protection

[90mstderr[2m | 
tests/property/admin-system-health-fixes/settings-auth.property.test.ts[2m > 
[22m[2mFeature: admin-system-health-fixes, Property 3: Settings Authentication 
Requirement[2m > [22m[2mProperty: Requests without valid auth are rejected with 401 
(Requirement 2.6)[2m > [22m[2mshould reject GET requests without valid authentication
[22m[39m[ARCJET] WARNING: Running without Arcjet protection

[90mstderr[2m | 
tests/property/admin-system-health-fixes/settings-auth.property.test.ts[2m > 
[22m[2mFeature: admin-system-health-fixes, Property 3: Settings Authentication 
Requirement[2m > [22m[2mProperty: Requests without valid auth are rejected with 401 
(Requirement 2.6)[2m > [22m[2mshould reject GET requests without valid authentication
[22m[39m[ARCJET] WARNING: Running without Arcjet protection

[90mstdout[2m | tests/property/admin-system-health-fixes/settings-auth.property.test.ts[2m > [22m[2mFeature: admin-system-health-fixes, Property 3: Settings Authentication Requirement[2m > [22m[2mProperty: Requests without valid auth are rejected with 401 (Requirement 2.6)[2m > [22m[2mshould reject GET requests without valid authentication
[22m[39m[AUTH] Token verification failed: Access token verification failed

[90mstderr[2m | 
tests/property/admin-system-health-fixes/settings-auth.property.test.ts[2m > 
[22m[2mFeature: admin-system-health-fixes, Property 3: Settings Authentication 
Requirement[2m > [22m[2mProperty: Requests without valid auth are rejected with 401 
(Requirement 2.6)[2m > [22m[2mshould reject GET requests without valid authentication
[22m[39m[ARCJET] WARNING: Running without Arcjet protection

[90mstderr[2m | 
tests/property/admin-system-health-fixes/settings-auth.property.test.ts[2m > 
[22m[2mFeature: admin-system-health-fixes, Property 3: Settings Authentication 
Requirement[2m > [22m[2mProperty: Requests without valid auth are rejected with 401 
(Requirement 2.6)[2m > [22m[2mshould reject GET requests without valid authentication
[22m[39m[ARCJET] WARNING: Running without Arcjet protection

[90mstderr[2m | 
tests/property/admin-system-health-fixes/settings-auth.property.test.ts[2m > 
[22m[2mFeature: admin-system-health-fixes, Property 3: Settings Authentication 
Requirement[2m > [22m[2mProperty: Requests without valid auth are rejected with 401 
(Requirement 2.6)[2m > [22m[2mshould reject GET requests without valid authentication
[22m[39m[ARCJET] WARNING: Running without Arcjet protection

[90mstderr[2m | 
tests/property/admin-system-health-fixes/settings-auth.property.test.ts[2m > 
[22m[2mFeature: admin-system-health-fixes, Property 3: Settings Authentication 
Requirement[2m > [22m[2mProperty: Requests without valid auth are rejected with 401 
(Requirement 2.6)[2m > [22m[2mshould reject GET requests without valid authentication
[22m[39m[ARCJET] WARNING: Running without Arcjet protection

[90mstdout[2m | tests/property/admin-system-health-fixes/settings-auth.property.test.ts[2m > [22m[2mFeature: admin-system-health-fixes, Property 3: Settings Authentication Requirement[2m > [22m[2mProperty: Requests without valid auth are rejected with 401 (Requirement 2.6)[2m > [22m[2mshould reject GET requests without valid authentication
[22m[39m[AUTH] Token verification failed: Access token verification failed

[90mstderr[2m | 
tests/property/admin-system-health-fixes/settings-auth.property.test.ts[2m > 
[22m[2mFeature: admin-system-health-fixes, Property 3: Settings Authentication 
Requirement[2m > [22m[2mProperty: Requests without valid auth are rejected with 401 
(Requirement 2.6)[2m > [22m[2mshould reject GET requests without valid authentication
[22m[39m[ARCJET] WARNING: Running without Arcjet protection

[90mstderr[2m | 
tests/property/admin-system-health-fixes/settings-auth.property.test.ts[2m > 
[22m[2mFeature: admin-system-health-fixes, Property 3: Settings Authentication 
Requirement[2m > [22m[2mProperty: Requests without valid auth are rejected with 401 
(Requirement 2.6)[2m > [22m[2mshould reject GET requests without valid authentication
[22m[39m[ARCJET] WARNING: Running without Arcjet protection

[90mstderr[2m | 
tests/property/admin-system-health-fixes/settings-auth.property.test.ts[2m > 
[22m[2mFeature: admin-system-health-fixes, Property 3: Settings Authentication 
Requirement[2m > [22m[2mProperty: Requests without valid auth are rejected with 401 
(Requirement 2.6)[2m > [22m[2mshould reject GET requests without valid authentication
[22m[39m[ARCJET] WARNING: Running without Arcjet protection

[90mstdout[2m | tests/property/admin-system-health-fixes/settings-auth.property.test.ts[2m > [22m[2mFeature: admin-system-health-fixes, Property 3: Settings Authentication Requirement[2m > [22m[2mProperty: Requests without valid auth are rejected with 401 (Requirement 2.6)[2m > [22m[2mshould reject GET requests without valid authentication
[22m[39m[AUTH] Token verification failed: Access token verification failed

[90mstderr[2m | 
tests/property/admin-system-health-fixes/settings-auth.property.test.ts[2m > 
[22m[2mFeature: admin-system-health-fixes, Property 3: Settings Authentication 
Requirement[2m > [22m[2mProperty: Requests without valid auth are rejected with 401 
(Requirement 2.6)[2m > [22m[2mshould reject GET requests without valid authentication
[22m[39m[ARCJET] WARNING: Running without Arcjet protection

[90mstderr[2m | 
tests/property/admin-system-health-fixes/settings-auth.property.test.ts[2m > 
[22m[2mFeature: admin-system-health-fixes, Property 3: Settings Authentication 
Requirement[2m > [22m[2mProperty: Requests without valid auth are rejected with 401 
(Requirement 2.6)[2m > [22m[2mshould reject GET requests without valid authentication
[22m[39m[ARCJET] WARNING: Running without Arcjet protection

[90mstderr[2m | 
tests/property/admin-system-health-fixes/settings-auth.property.test.ts[2m > 
[22m[2mFeature: admin-system-health-fixes, Property 3: Settings Authentication 
Requirement[2m > [22m[2mProperty: Requests without valid auth are rejected with 401 
(Requirement 2.6)[2m > [22m[2mshould reject GET requests without valid authentication
[22m[39m[ARCJET] WARNING: Running without Arcjet protection

[90mstderr[2m | 
tests/property/admin-system-health-fixes/settings-auth.property.test.ts[2m > 
[22m[2mFeature: admin-system-health-fixes, Property 3: Settings Authentication 
Requirement[2m > [22m[2mProperty: Requests without valid auth are rejected with 401 
(Requirement 2.6)[2m > [22m[2mshould reject GET requests without valid authentication
[22m[39m[ARCJET] WARNING: Running without Arcjet protection

[90mstdout[2m | tests/property/admin-system-health-fixes/settings-auth.property.test.ts[2m > [22m[2mFeature: admin-system-health-fixes, Property 3: Settings Authentication Requirement[2m > [22m[2mProperty: Requests without valid auth are rejected with 401 (Requirement 2.6)[2m > [22m[2mshould reject GET requests without valid authentication
[22m[39m[AUTH] Token verification failed: Access token verification failed

[90mstderr[2m | 
tests/property/admin-system-health-fixes/settings-auth.property.test.ts[2m > 
[22m[2mFeature: admin-system-health-fixes, Property 3: Settings Authentication 
Requirement[2m > [22m[2mProperty: Requests without valid auth are rejected with 401 
(Requirement 2.6)[2m > [22m[2mshould reject GET requests without valid authentication
[22m[39m[ARCJET] WARNING: Running without Arcjet protection

[90mstderr[2m | 
tests/property/admin-system-health-fixes/settings-auth.property.test.ts[2m > 
[22m[2mFeature: admin-system-health-fixes, Property 3: Settings Authentication 
Requirement[2m > [22m[2mProperty: Requests without valid auth are rejected with 401 
(Requirement 2.6)[2m > [22m[2mshould reject GET requests without valid authentication
[22m[39m[ARCJET] WARNING: Running without Arcjet protection

[90mstdout[2m | tests/property/admin-system-health-fixes/settings-auth.property.test.ts[2m > [22m[2mFeature: admin-system-health-fixes, Property 3: Settings Authentication Requirement[2m > [22m[2mProperty: Requests without valid auth are rejected with 401 (Requirement 2.6)[2m > [22m[2mshould reject GET requests without valid authentication
[22m[39m[AUTH] Token verification failed: Access token verification failed

[90mstderr[2m | 
tests/property/admin-system-health-fixes/settings-auth.property.test.ts[2m > 
[22m[2mFeature: admin-system-health-fixes, Property 3: Settings Authentication 
Requirement[2m > [22m[2mProperty: Requests without valid auth are rejected with 401 
(Requirement 2.6)[2m > [22m[2mshould reject GET requests without valid authentication
[22m[39m[ARCJET] WARNING: Running without Arcjet protection

[90mstderr[2m | 
tests/property/admin-system-health-fixes/settings-auth.property.test.ts[2m > 
[22m[2mFeature: admin-system-health-fixes, Property 3: Settings Authentication 
Requirement[2m > [22m[2mProperty: Requests without valid auth are rejected with 401 
(Requirement 2.6)[2m > [22m[2mshould reject GET requests without valid authentication
[22m[39m[ARCJET] WARNING: Running without Arcjet protection

[90mstderr[2m | 
tests/property/admin-system-health-fixes/settings-auth.property.test.ts[2m > 
[22m[2mFeature: admin-system-health-fixes, Property 3: Settings Authentication 
Requirement[2m > [22m[2mProperty: Requests without valid auth are rejected with 401 
(Requirement 2.6)[2m > [22m[2mshould reject GET requests without valid authentication
[22m[39m[ARCJET] WARNING: Running without Arcjet protection

[90mstderr[2m | 
tests/property/admin-system-health-fixes/settings-auth.property.test.ts[2m > 
[22m[2mFeature: admin-system-health-fixes, Property 3: Settings Authentication 
Requirement[2m > [22m[2mProperty: Requests without valid auth are rejected with 401 
(Requirement 2.6)[2m > [22m[2mshould reject GET requests without valid authentication
[22m[39m[ARCJET] WARNING: Running without Arcjet protection

[90mstdout[2m | tests/property/admin-system-health-fixes/settings-auth.property.test.ts[2m > [22m[2mFeature: admin-system-health-fixes, Property 3: Settings Authentication Requirement[2m > [22m[2mProperty: Requests without valid auth are rejected with 401 (Requirement 2.6)[2m > [22m[2mshould reject GET requests without valid authentication
[22m[39m[AUTH] Token verification failed: Access token verification failed

[90mstderr[2m | 
tests/property/admin-system-health-fixes/settings-auth.property.test.ts[2m > 
[22m[2mFeature: admin-system-health-fixes, Property 3: Settings Authentication 
Requirement[2m > [22m[2mProperty: Requests without valid auth are rejected with 401 
(Requirement 2.6)[2m > [22m[2mshould reject GET requests without valid authentication
[22m[39m[ARCJET] WARNING: Running without Arcjet protection

[90mstderr[2m | 
tests/property/admin-system-health-fixes/settings-auth.property.test.ts[2m > 
[22m[2mFeature: admin-system-health-fixes, Property 3: Settings Authentication 
Requirement[2m > [22m[2mProperty: Requests without valid auth are rejected with 401 
(Requirement 2.6)[2m > [22m[2mshould reject GET requests without valid authentication
[22m[39m[ARCJET] WARNING: Running without Arcjet protection

[90mstdout[2m | tests/property/admin-system-health-fixes/settings-auth.property.test.ts[2m > [22m[2mFeature: admin-system-health-fixes, Property 3: Settings Authentication Requirement[2m > [22m[2mProperty: Requests without valid auth are rejected with 401 (Requirement 2.6)[2m > [22m[2mshould reject GET requests without valid authentication
[22m[39m[AUTH] Token verification failed: Access token verification failed

[90mstderr[2m | 
tests/property/admin-system-health-fixes/settings-auth.property.test.ts[2m > 
[22m[2mFeature: admin-system-health-fixes, Property 3: Settings Authentication 
Requirement[2m > [22m[2mProperty: Requests without valid auth are rejected with 401 
(Requirement 2.6)[2m > [22m[2mshould reject GET requests without valid authentication
[22m[39m[ARCJET] WARNING: Running without Arcjet protection

[90mstderr[2m | 
tests/property/admin-system-health-fixes/settings-auth.property.test.ts[2m > 
[22m[2mFeature: admin-system-health-fixes, Property 3: Settings Authentication 
Requirement[2m > [22m[2mProperty: Requests without valid auth are rejected with 401 
(Requirement 2.6)[2m > [22m[2mshould reject GET requests without valid authentication
[22m[39m[ARCJET] WARNING: Running without Arcjet protection

[90mstderr[2m | 
tests/property/admin-system-health-fixes/settings-auth.property.test.ts[2m > 
[22m[2mFeature: admin-system-health-fixes, Property 3: Settings Authentication 
Requirement[2m > [22m[2mProperty: Requests without valid auth are rejected with 401 
(Requirement 2.6)[2m > [22m[2mshould reject GET requests without valid authentication
[22m[39m[ARCJET] WARNING: Running without Arcjet protection

[90mstderr[2m | 
tests/property/admin-system-health-fixes/settings-auth.property.test.ts[2m > 
[22m[2mFeature: admin-system-health-fixes, Property 3: Settings Authentication 
Requirement[2m > [22m[2mProperty: Requests without valid auth are rejected with 401 
(Requirement 2.6)[2m > [22m[2mshould reject GET requests without valid authentication
[22m[39m[ARCJET] WARNING: Running without Arcjet protection

[90mstdout[2m | tests/property/admin-system-health-fixes/settings-auth.property.test.ts[2m > [22m[2mFeature: admin-system-health-fixes, Property 3: Settings Authentication Requirement[2m > [22m[2mProperty: Requests without valid auth are rejected with 401 (Requirement 2.6)[2m > [22m[2mshould reject GET requests without valid authentication
[22m[39m[AUTH] Token verification failed: Access token verification failed

[90mstderr[2m | 
tests/property/admin-system-health-fixes/settings-auth.property.test.ts[2m > 
[22m[2mFeature: admin-system-health-fixes, Property 3: Settings Authentication 
Requirement[2m > [22m[2mProperty: Requests without valid auth are rejected with 401 
(Requirement 2.6)[2m > [22m[2mshould reject GET requests without valid authentication
[22m[39m[ARCJET] WARNING: Running without Arcjet protection

[90mstdout[2m | tests/property/admin-system-health-fixes/settings-auth.property.test.ts[2m > [22m[2mFeature: admin-system-health-fixes, Property 3: Settings Authentication Requirement[2m > [22m[2mProperty: Requests without valid auth are rejected with 401 (Requirement 2.6)[2m > [22m[2mshould reject GET requests without valid authentication
[22m[39m[AUTH] Token verification failed: Access token verification failed

[90mstderr[2m | 
tests/property/admin-system-health-fixes/settings-auth.property.test.ts[2m > 
[22m[2mFeature: admin-system-health-fixes, Property 3: Settings Authentication 
Requirement[2m > [22m[2mProperty: Requests without valid auth are rejected with 401 
(Requirement 2.6)[2m > [22m[2mshould reject GET requests without valid authentication
[22m[39m[ARCJET] WARNING: Running without Arcjet protection

[90mstdout[2m | tests/property/admin-system-health-fixes/settings-auth.property.test.ts[2m > [22m[2mFeature: admin-system-health-fixes, Property 3: Settings Authentication Requirement[2m > [22m[2mProperty: Requests without valid auth are rejected with 401 (Requirement 2.6)[2m > [22m[2mshould reject GET requests without valid authentication
[22m[39m[AUTH] Token verification failed: Access token verification failed

[90mstderr[2m | 
tests/property/admin-system-health-fixes/settings-auth.property.test.ts[2m > 
[22m[2mFeature: admin-system-health-fixes, Property 3: Settings Authentication 
Requirement[2m > [22m[2mProperty: Requests without valid auth are rejected with 401 
(Requirement 2.6)[2m > [22m[2mshould reject GET requests without valid authentication
[22m[39m[ARCJET] WARNING: Running without Arcjet protection

[90mstdout[2m | tests/property/admin-system-health-fixes/settings-auth.property.test.ts[2m > [22m[2mFeature: admin-system-health-fixes, Property 3: Settings Authentication Requirement[2m > [22m[2mProperty: Requests without valid auth are rejected with 401 (Requirement 2.6)[2m > [22m[2mshould reject GET requests without valid authentication
[22m[39m[AUTH] Token verification failed: Access token verification failed

[90mstderr[2m | 
tests/property/admin-system-health-fixes/settings-auth.property.test.ts[2m > 
[22m[2mFeature: admin-system-health-fixes, Property 3: Settings Authentication 
Requirement[2m > [22m[2mProperty: Requests without valid auth are rejected with 401 
(Requirement 2.6)[2m > [22m[2mshould reject GET requests without valid authentication
[22m[39m[ARCJET] WARNING: Running without Arcjet protection

[90mstderr[2m | 
tests/property/admin-system-health-fixes/settings-auth.property.test.ts[2m > 
[22m[2mFeature: admin-system-health-fixes, Property 3: Settings Authentication 
Requirement[2m > [22m[2mProperty: Requests without valid auth are rejected with 401 
(Requirement 2.6)[2m > [22m[2mshould reject GET requests without valid authentication
[22m[39m[ARCJET] WARNING: Running without Arcjet protection

[90mstderr[2m | 
tests/property/admin-system-health-fixes/settings-auth.property.test.ts[2m > 
[22m[2mFeature: admin-system-health-fixes, Property 3: Settings Authentication 
Requirement[2m > [22m[2mProperty: Requests without valid auth are rejected with 401 
(Requirement 2.6)[2m > [22m[2mshould reject GET requests without valid authentication
[90mstdout[2m | tests/property/admin-system-health-fixes/settings-auth.property.test.ts[2m > [22m[2mFeature: admin-system-health-fixes, Property 3: Settings Authentication Requirement[2m > [22m[2mProperty: Requests without valid auth are rejected with 401 (Requirement 2.6)[2m > [22m[2mshould reject GET requests without valid authentication
[22m[39m[AUTH] Token verification failed: Access token verification failed

[90mstdout[2m | tests/property/admin-system-health-fixes/settings-auth.property.test.ts[2m > [22m[2mFeature: admin-system-health-fixes, Property 3: Settings Authentication Requirement[2m > [22m[2mProperty: Requests without valid auth are rejected with 401 (Requirement 2.6)[2m > [22m[2mshould reject GET requests without valid authentication
[22m[39m[AUTH] Token verification failed: Access token verification failed

[90mstdout[2m | tests/property/admin-system-health-fixes/settings-auth.property.test.ts[2m > [22m[2mFeature: admin-system-health-fixes, Property 3: Settings Authentication Requirement[2m > [22m[2mProperty: Requests without valid auth are rejected with 401 (Requirement 2.6)[2m > [22m[2mshould reject GET requests without valid authentication
[22m[39m[AUTH] Token verification failed: Access token verification failed

[90mstdout[2m | tests/property/admin-system-health-fixes/settings-auth.property.test.ts[2m > [22m[2mFeature: admin-system-health-fixes, Property 3: Settings Authentication Requirement[2m > [22m[2mProperty: Requests without valid auth are rejected with 401 (Requirement 2.6)[2m > [22m[2mshould reject GET requests without valid authentication
[22m[39m[AUTH] Token verification failed: Access token verification failed

[22m[39m[ARCJET] WARNING: Running without Arcjet protection

[90mstderr[2m | 
tests/property/admin-system-health-fixes/settings-auth.property.test.ts[2m > 
[22m[2mFeature: admin-system-health-fixes, Property 3: Settings Authentication 
Requirement[2m > [22m[2mProperty: Requests without valid auth are rejected with 401 
(Requirement 2.6)[2m > [22m[2mshould reject GET requests without valid authentication
[22m[39m[ARCJET] WARNING: Running without Arcjet protection

[90mstderr[2m | 
tests/property/admin-system-health-fixes/settings-auth.property.test.ts[2m > 
[22m[2mFeature: admin-system-health-fixes, Property 3: Settings Authentication 
Requirement[2m > [22m[2mProperty: Requests without valid auth are rejected with 401 
(Requirement 2.6)[2m > [22m[2mshould reject GET requests without valid authentication
[22m[39m[ARCJET] WARNING: Running without Arcjet protection

[90mstderr[2m | 
tests/property/admin-system-health-fixes/settings-auth.property.test.ts[2m > 
[22m[2mFeature: admin-system-health-fixes, Property 3: Settings Authentication 
Requirement[2m > [22m[2mProperty: Requests without valid auth are rejected with 401 
(Requirement 2.6)[2m > [22m[2mshould reject GET requests without valid authentication
[22m[39m[ARCJET] WARNING: Running without Arcjet protection

[90mstderr[2m | 
tests/property/admin-system-health-fixes/settings-auth.property.test.ts[2m > 
[22m[2mFeature: admin-system-health-fixes, Property 3: Settings Authentication 
Requirement[2m > [22m[2mProperty: Requests without valid auth are rejected with 401 
(Requirement 2.6)[2m > [22m[2mshould reject GET requests without valid authentication
[22m[39m[ARCJET] WARNING: Running without Arcjet protection

[90mstderr[2m | 
tests/property/admin-system-health-fixes/settings-auth.property.test.ts[2m > 
[22m[2mFeature: admin-system-health-fixes, Property 3: Settings Authentication 
Requirement[2m > [22m[2mProperty: Requests without valid auth are rejected with 401 
(Requirement 2.6)[2m > [22m[2mshould reject GET requests without valid authentication
[22m[39m[ARCJET] WARNING: Running without Arcjet protection

[90mstderr[2m | 
tests/property/admin-system-health-fixes/settings-auth.property.test.ts[2m > 
[22m[2mFeature: admin-system-health-fixes, Property 3: Settings Authentication 
Requirement[2m > [22m[2mProperty: Requests without valid auth are rejected with 401 
(Requirement 2.6)[2m > [22m[2mshould reject GET requests without valid authentication
[22m[39m[ARCJET] WARNING: Running without Arcjet protection

[90mstderr[2m | 
tests/property/admin-system-health-fixes/settings-auth.property.test.ts[2m > 
[22m[2mFeature: admin-system-health-fixes, Property 3: Settings Authentication 
Requirement[2m > [22m[2mProperty: Requests without valid auth are rejected with 401 
(Requirement 2.6)[2m > [22m[2mshould reject GET requests without valid authentication
[22m[39m[ARCJET] WARNING: Running without Arcjet protection

[90mstderr[2m | 
tests/property/admin-system-health-fixes/settings-auth.property.test.ts[2m > 
[22m[2mFeature: admin-system-health-fixes, Property 3: Settings Authentication 
Requirement[2m > [22m[2mProperty: Requests without valid auth are rejected with 401 
(Requirement 2.6)[2m > [22m[2mshould reject GET requests without valid authentication
[22m[39m[ARCJET] WARNING: Running without Arcjet protection

[90mstderr[2m | 
tests/property/admin-system-health-fixes/settings-auth.property.test.ts[2m > 
[22m[2mFeature: admin-system-health-fixes, Property 3: Settings Authentication 
Requirement[2m > [22m[2mProperty: Requests without valid auth are rejected with 401 
(Requirement 2.6)[2m > [22m[2mshould reject GET requests without valid authentication
[22m[39m[ARCJET] WARNING: Running without Arcjet protection

[90mstderr[2m | 
tests/property/admin-system-health-fixes/settings-auth.property.test.ts[2m > 
[22m[2mFeature: admin-system-health-fixes, Property 3: Settings Authentication 
Requirement[2m > [22m[2mProperty: Requests without valid auth are rejected with 401 
(Requirement 2.6)[2m > [22m[2mshould reject GET requests without valid authentication
[22m[39m[ARCJET] WARNING: Running without Arcjet protection

[90mstderr[2m | 
tests/property/admin-system-health-fixes/settings-auth.property.test.ts[2m > 
[22m[2mFeature: admin-system-health-fixes, Property 3: Settings Authentication 
Requirement[2m > [22m[2mProperty: Requests without valid auth are rejected with 401 
(Requirement 2.6)[2m > [22m[2mshould reject GET requests without valid authentication
[22m[39m[ARCJET] WARNING: Running without Arcjet protection

[90mstderr[2m | 
tests/property/admin-system-health-fixes/settings-auth.property.test.ts[2m > 
[22m[2mFeature: admin-system-health-fixes, Property 3: Settings Authentication 
Requirement[2m > [22m[2mProperty: Requests without valid auth are rejected with 401 
(Requirement 2.6)[2m > [22m[2mshould reject GET requests without valid authentication
[22m[39m[ARCJET] WARNING: Running without Arcjet protection

[90mstderr[2m | 
tests/property/admin-system-health-fixes/settings-auth.property.test.ts[2m > 
[22m[2mFeature: admin-system-health-fixes, Property 3: Settings Authentication 
Requirement[2m > [22m[2mProperty: Requests without valid auth are rejected with 401 
(Requirement 2.6)[2m > [22m[2mshould reject GET requests without valid authentication
[22m[39m[ARCJET] WARNING: Running without Arcjet protection

[90mstderr[2m | 
tests/property/admin-system-health-fixes/settings-auth.property.test.ts[2m > 
[22m[2mFeature: admin-system-health-fixes, Property 3: Settings Authentication 
Requirement[2m > [22m[2mProperty: Requests without valid auth are rejected with 401 
(Requirement 2.6)[2m > [22m[2mshould reject GET requests without valid authentication
[22m[39m[ARCJET] WARNING: Running without Arcjet protection

[90mstderr[2m | 
tests/property/admin-system-health-fixes/settings-auth.property.test.ts[2m > 
[22m[2mFeature: admin-system-health-fixes, Property 3: Settings Authentication 
Requirement[2m > [22m[2mProperty: Requests without valid auth are rejected with 401 
(Requirement 2.6)[2m > [22m[2mshould reject GET requests without valid authentication
[22m[39m[ARCJET] WARNING: Running without Arcjet protection

[90mstderr[2m | 
tests/property/admin-system-health-fixes/settings-auth.property.test.ts[2m > 
[22m[2mFeature: admin-system-health-fixes, Property 3: Settings Authentication 
Requirement[2m > [22m[2mProperty: Requests without valid auth are rejected with 401 
(Requirement 2.6)[2m > [22m[2mshould reject GET requests without valid authentication
[22m[39m[ARCJET] WARNING: Running without Arcjet protection

[90mstderr[2m | 
tests/property/admin-system-health-fixes/settings-auth.property.test.ts[2m > 
[22m[2mFeature: admin-system-health-fixes, Property 3: Settings Authentication 
Requirement[2m > [22m[2mProperty: Requests without valid auth are rejected with 401 
(Requirement 2.6)[2m > [22m[2mshould reject GET requests without valid authentication
[22m[39m[ARCJET] WARNING: Running without Arcjet protection

[90mstderr[2m | 
tests/property/admin-system-health-fixes/settings-auth.property.test.ts[2m > 
[22m[2mFeature: admin-system-health-fixes, Property 3: Settings Authentication 
Requirement[2m > [22m[2mProperty: Requests without valid auth are rejected with 401 
(Requirement 2.6)[2m > [22m[2mshould reject GET requests without valid authentication
[22m[39m[ARCJET] WARNING: Running without Arcjet protection

[90mstderr[2m | 
tests/property/admin-system-health-fixes/settings-auth.property.test.ts[2m > 
[22m[2mFeature: admin-system-health-fixes, Property 3: Settings Authentication 
Requirement[2m > [22m[2mProperty: Requests without valid auth are rejected with 401 
(Requirement 2.6)[2m > [22m[2mshould reject GET requests without valid authentication
[22m[39m[ARCJET] WARNING: Running without Arcjet protection

[90mstderr[2m | 
tests/property/admin-system-health-fixes/settings-auth.property.test.ts[2m > 
[22m[2mFeature: admin-system-health-fixes, Property 3: Settings Authentication 
Requirement[2m > [22m[2mProperty: Requests without valid auth are rejected with 401 
(Requirement 2.6)[2m > [22m[2mshould reject GET requests without valid authentication
[22m[39m[ARCJET] WARNING: Running without Arcjet protection

[90mstderr[2m | 
tests/property/admin-system-health-fixes/settings-auth.property.test.ts[2m > 
[22m[2mFeature: admin-system-health-fixes, Property 3: Settings Authentication 
Requirement[2m > [22m[2mProperty: Requests without valid auth are rejected with 401 
(Requirement 2.6)[2m > [22m[2mshould reject GET requests without valid authentication
[22m[39m[ARCJET] WARNING: Running without Arcjet protection

[90mstderr[2m | 
tests/property/admin-system-health-fixes/settings-auth.property.test.ts[2m > 
[22m[2mFeature: admin-system-health-fixes, Property 3: Settings Authentication 
Requirement[2m > [22m[2mProperty: Requests without valid auth are rejected with 401 
(Requirement 2.6)[2m > [22m[2mshould reject GET requests without valid authentication
[22m[39m[ARCJET] WARNING: Running without Arcjet protection

[90mstderr[2m | 
tests/property/admin-system-health-fixes/settings-auth.property.test.ts[2m > 
[22m[2mFeature: admin-system-health-fixes, Property 3: Settings Authentication 
Requirement[2m > [22m[2mProperty: Requests without valid auth are rejected with 401 
(Requirement 2.6)[2m > [22m[2mshould reject GET requests without valid authentication
[22m[39m[ARCJET] WARNING: Running without Arcjet protection

[90mstderr[2m | 
tests/property/admin-system-health-fixes/settings-auth.property.test.ts[2m > 
[22m[2mFeature: admin-system-health-fixes, Property 3: Settings Authentication 
Requirement[2m > [22m[2mProperty: Requests without valid auth are rejected with 401 
(Requirement 2.6)[2m > [22m[2mshould reject GET requests without valid authentication
[22m[39m[ARCJET] WARNING: Running without Arcjet protection

[90mstderr[2m | 
tests/property/admin-system-health-fixes/settings-auth.property.test.ts[2m > 
[22m[2mFeature: admin-system-health-fixes, Property 3: Settings Authentication 
Requirement[2m > [22m[2mProperty: Requests without valid auth are rejected with 401 
(Requirement 2.6)[2m > [22m[2mshould reject GET requests without valid authentication
[22m[39m[ARCJET] WARNING: Running without Arcjet protection

[90mstderr[2m | 
tests/property/admin-system-health-fixes/settings-auth.property.test.ts[2m > 
[22m[2mFeature: admin-system-health-fixes, Property 3: Settings Authentication 
Requirement[2m > [22m[2mProperty: Requests without valid auth are rejected with 401 
(Requirement 2.6)[2m > [22m[2mshould reject GET requests without valid authentication
[22m[39m[ARCJET] WARNING: Running without Arcjet protection

[90mstderr[2m | 
tests/property/admin-system-health-fixes/settings-auth.property.test.ts[2m > 
[22m[2mFeature: admin-system-health-fixes, Property 3: Settings Authentication 
Requirement[2m > [22m[2mProperty: Requests without valid auth are rejected with 401 
(Requirement 2.6)[2m > [22m[2mshould reject GET requests without valid authentication
[22m[39m[ARCJET] WARNING: Running without Arcjet protection

[90mstderr[2m | 
tests/property/admin-system-health-fixes/settings-auth.property.test.ts[2m > 
[22m[2mFeature: admin-system-health-fixes, Property 3: Settings Authentication 
Requirement[2m > [22m[2mProperty: Requests without valid auth are rejected with 401 
(Requirement 2.6)[2m > [22m[2mshould reject GET requests without valid authentication
[22m[39m[ARCJET] WARNING: Running without Arcjet protection

[90mstderr[2m | 
tests/property/admin-system-health-fixes/settings-auth.property.test.ts[2m > 
[22m[2mFeature: admin-system-health-fixes, Property 3: Settings Authentication 
Requirement[2m > [22m[2mProperty: Requests without valid auth are rejected with 401 
(Requirement 2.6)[2m > [22m[2mshould reject GET requests without valid authentication
[22m[39m[ARCJET] WARNING: Running without Arcjet protection

[90mstderr[2m | 
tests/property/admin-system-health-fixes/settings-auth.property.test.ts[2m > 
[22m[2mFeature: admin-system-health-fixes, Property 3: Settings Authentication 
Requirement[2m > [22m[2mProperty: Requests without valid auth are rejected with 401 
(Requirement 2.6)[2m > [22m[2mshould reject GET requests without valid authentication
[22m[39m[ARCJET] WARNING: Running without Arcjet protection

[90mstderr[2m | 
tests/property/admin-system-health-fixes/settings-auth.property.test.ts[2m > 
[22m[2mFeature: admin-system-health-fixes, Property 3: Settings Authentication 
Requirement[2m > [22m[2mProperty: Requests without valid auth are rejected with 401 
(Requirement 2.6)[2m > [22m[2mshould reject GET requests without valid authentication
[22m[39m[ARCJET] WARNING: Running without Arcjet protection

[90mstderr[2m | 
tests/property/admin-system-health-fixes/settings-auth.property.test.ts[2m > 
[22m[2mFeature: admin-system-health-fixes, Property 3: Settings Authentication 
Requirement[2m > [22m[2mProperty: Requests without valid auth are rejected with 401 
(Requirement 2.6)[2m > [22m[2mshould reject GET requests without valid authentication
[22m[39m[ARCJET] WARNING: Running without Arcjet protection

[90mstderr[2m | 
tests/property/admin-system-health-fixes/settings-auth.property.test.ts[2m > 
[22m[2mFeature: admin-system-health-fixes, Property 3: Settings Authentication 
Requirement[2m > [22m[2mProperty: Requests without valid auth are rejected with 401 
(Requirement 2.6)[2m > [22m[2mshould reject GET requests without valid authentication
[22m[39m[ARCJET] WARNING: Running without Arcjet protection

[90mstderr[2m | 
tests/property/admin-system-health-fixes/settings-auth.property.test.ts[2m > 
[22m[2mFeature: admin-system-health-fixes, Property 3: Settings Authentication 
Requirement[2m > [22m[2mProperty: Requests without valid auth are rejected with 401 
(Requirement 2.6)[2m > [22m[2mshould reject GET requests without valid authentication
[22m[39m[ARCJET] WARNING: Running without Arcjet protection

[90mstderr[2m | 
tests/property/admin-system-health-fixes/settings-auth.property.test.ts[2m > 
[22m[2mFeature: admin-system-health-fixes, Property 3: Settings Authentication 
Requirement[2m > [22m[2mProperty: Requests without valid auth are rejected with 401 
(Requirement 2.6)[2m > [22m[2mshould reject POST requests without valid authentication
[22m[39m[ARCJET] WARNING: Running without Arcjet protection

[90mstderr[2m | 
tests/property/admin-system-health-fixes/settings-auth.property.test.ts[2m > 
[22m[2mFeature: admin-system-health-fixes, Property 3: Settings Authentication 
Requirement[2m > [22m[2mProperty: Requests without valid auth are rejected with 401 
(Requirement 2.6)[2m > [22m[2mshould reject POST requests without valid authentication
[22m[39m[ARCJET] WARNING: Running without Arcjet protection

[90mstderr[2m | 
tests/property/admin-system-health-fixes/settings-auth.property.test.ts[2m > 
[22m[2mFeature: admin-system-health-fixes, Property 3: Settings Authentication 
Requirement[2m > [22m[2mProperty: Requests without valid auth are rejected with 401 
(Requirement 2.6)[2m > [22m[2mshould reject POST requests without valid authentication
[22m[39m[ARCJET] WARNING: Running without Arcjet protection

[90mstderr[2m | 
tests/property/admin-system-health-fixes/settings-auth.property.test.ts[2m > 
[22m[2mFeature: admin-system-health-fixes, Property 3: Settings Authentication 
Requirement[2m > [22m[2mProperty: Requests without valid auth are rejected with 401 
(Requirement 2.6)[2m > [22m[2mshould reject POST requests without valid authentication
[22m[39m[ARCJET] WARNING: Running without Arcjet protection

[90mstderr[2m | 
tests/property/admin-system-health-fixes/settings-auth.property.test.ts[2m > 
[22m[2mFeature: admin-system-health-fixes, Property 3: Settings Authentication 
Requirement[2m > [22m[2mProperty: Requests without valid auth are rejected with 401 
(Requirement 2.6)[2m > [22m[2mshould reject POST requests without valid authentication
[22m[39m[ARCJET] WARNING: Running without Arcjet protection

[90mstderr[2m | 
tests/property/admin-system-health-fixes/settings-auth.property.test.ts[2m > 
[22m[2mFeature: admin-system-health-fixes, Property 3: Settings Authentication 
Requirement[2m > [22m[2mProperty: Requests without valid auth are rejected with 401 
(Requirement 2.6)[2m > [22m[2mshould reject POST requests without valid authentication
[22m[39m[ARCJET] WARNING: Running without Arcjet protection

[90mstderr[2m | 
tests/property/admin-system-health-fixes/settings-auth.property.test.ts[2m > 
[22m[2mFeature: admin-system-health-fixes, Property 3: Settings Authentication 
Requirement[2m > [22m[2mProperty: Requests without valid auth are rejected with 401 
(Requirement 2.6)[2m > [22m[2mshould reject POST requests without valid authentication
[22m[39m[ARCJET] WARNING: Running without Arcjet protection

[90mstderr[2m | 
tests/property/admin-system-health-fixes/settings-auth.property.test.ts[2m > 
[22m[2mFeature: admin-system-health-fixes, Property 3: Settings Authentication 
Requirement[2m > [22m[2mProperty: Requests without valid auth are rejected with 401 
(Requirement 2.6)[2m > [22m[2mshould reject POST requests without valid authentication
[22m[39m[ARCJET] WARNING: Running without Arcjet protection

[90mstderr[2m | 
tests/property/admin-system-health-fixes/settings-auth.property.test.ts[2m > 
[22m[2mFeature: admin-system-health-fixes, Property 3: Settings Authentication 
Requirement[2m > [22m[2mProperty: Requests without valid auth are rejected with 401 
(Requirement 2.6)[2m > [22m[2mshould reject POST requests without valid authentication
[22m[39m[ARCJET] WARNING: Running without Arcjet protection

[90mstderr[2m | 
tests/property/admin-system-health-fixes/settings-auth.property.test.ts[2m > 
[22m[2mFeature: admin-system-health-fixes, Property 3: Settings Authentication 
Requirement[2m > [22m[2mProperty: Requests without valid auth are rejected with 401 
(Requirement 2.6)[2m > [22m[2mshould reject POST requests without valid authentication
[22m[39m[ARCJET] WARNING: Running without Arcjet protection

[90mstderr[2m | 
tests/property/admin-system-health-fixes/settings-auth.property.test.ts[2m > 
[22m[2mFeature: admin-system-health-fixes, Property 3: Settings Authentication 
Requirement[2m > [22m[2mProperty: Requests without valid auth are rejected with 401 
(Requirement 2.6)[2m > [22m[2mshould reject POST requests without valid authentication
[22m[39m[ARCJET] WARNING: Running without Arcjet protection

[90mstderr[2m | 
tests/property/admin-system-health-fixes/settings-auth.property.test.ts[2m > 
[22m[2mFeature: admin-system-health-fixes, Property 3: Settings Authentication 
Requirement[2m > [22m[2mProperty: Requests without valid auth are rejected with 401 
(Requirement 2.6)[2m > [22m[2mshould reject POST requests without valid authentication
[22m[39m[ARCJET] WARNING: Running without Arcjet protection

[90mstderr[2m | 
tests/property/admin-system-health-fixes/settings-auth.property.test.ts[2m > 
[22m[2mFeature: admin-system-health-fixes, Property 3: Settings Authentication 
Requirement[2m > [22m[2mProperty: Requests without valid auth are rejected with 401 
(Requirement 2.6)[2m > [22m[2mshould reject POST requests without valid authentication
[22m[39m[ARCJET] WARNING: Running without Arcjet protection

[90mstderr[2m | 
tests/property/admin-system-health-fixes/settings-auth.property.test.ts[2m > 
[22m[2mFeature: admin-system-health-fixes, Property 3: Settings Authentication 
Requirement[2m > [22m[2mProperty: Requests without valid auth are rejected with 401 
(Requirement 2.6)[2m > [22m[2mshould reject POST requests without valid authentication
[22m[39m[ARCJET] WARNING: Running without Arcjet protection

[90mstderr[2m | 
tests/property/admin-system-health-fixes/settings-auth.property.test.ts[2m > 
[22m[2mFeature: admin-system-health-fixes, Property 3: Settings Authentication 
Requirement[2m > [22m[2mProperty: Requests without valid auth are rejected with 401 
(Requirement 2.6)[2m > [22m[2mshould reject POST requests without valid authentication
[22m[39m[ARCJET] WARNING: Running without Arcjet protection

[90mstderr[2m | 
tests/property/admin-system-health-fixes/settings-auth.property.test.ts[2m > 
[22m[2mFeature: admin-system-health-fixes, Property 3: Settings Authentication 
Requirement[2m > [22m[2mProperty: Requests without valid auth are rejected with 401 
(Requirement 2.6)[2m > [22m[2mshould reject POST requests without valid authentication
[22m[39m[ARCJET] WARNING: Running without Arcjet protection

[90mstderr[2m | 
tests/property/admin-system-health-fixes/settings-auth.property.test.ts[2m > 
[22m[2mFeature: admin-system-health-fixes, Property 3: Settings Authentication 
Requirement[2m > [22m[2mProperty: Requests without valid auth are rejected with 401 
(Requirement 2.6)[2m > [22m[2mshould reject POST requests without valid authentication
[22m[39m[ARCJET] WARNING: Running without Arcjet protection

[90mstderr[2m | 
tests/property/admin-system-health-fixes/settings-auth.property.test.ts[2m > 
[22m[2mFeature: admin-system-health-fixes, Property 3: Settings Authentication 
Requirement[2m > [22m[2mProperty: Requests without valid auth are rejected with 401 
(Requirement 2.6)[2m > [22m[2mshould reject POST requests without valid authentication
[22m[39m[ARCJET] WARNING: Running without Arcjet protection

[90mstderr[2m | 
tests/property/admin-system-health-fixes/settings-auth.property.test.ts[2m > 
[22m[2mFeature: admin-system-health-fixes, Property 3: Settings Authentication 
Requirement[2m > [22m[2mProperty: Requests without valid auth are rejected with 401 
(Requirement 2.6)[2m > [22m[2mshould reject POST requests without valid authentication
[22m[39m[ARCJET] WARNING: Running without Arcjet protection

[90mstderr[2m | 
tests/property/admin-system-health-fixes/settings-auth.property.test.ts[2m > 
[22m[2mFeature: admin-system-health-fixes, Property 3: Settings Authentication 
Requirement[2m > [22m[2mProperty: Requests without valid auth are rejected with 401 
(Requirement 2.6)[2m > [22m[2mshould reject POST requests without valid authentication
[22m[39m[ARCJET] WARNING: Running without Arcjet protection

[90mstdout[2m | tests/property/admin-system-health-fixes/settings-auth.property.test.ts[2m > [22m[2mFeature: admin-system-health-fixes, Property 3: Settings Authentication Requirement[2m > [22m[2mProperty: Requests without valid auth are rejected with 401 (Requirement 2.6)[2m > [22m[2mshould reject GET requests without valid authentication
[22m[39m[AUTH] Token verification failed: Access token verification failed
[90mstderr[2m | 
tests/property/admin-system-health-fixes/settings-auth.property.test.ts[2m > 
[22m[2mFeature: admin-system-health-fixes, Property 3: Settings Authentication 
Requirement[2m > [22m[2mProperty: Requests without valid auth are rejected with 401 
(Requirement 2.6)[2m > [22m[2mshould reject POST requests without valid authentication
[22m[39m[ARCJET] WARNING: Running without Arcjet protection

[90mstderr[2m | 
tests/property/admin-system-health-fixes/settings-auth.property.test.ts[2m > 
[22m[2mFeature: admin-system-health-fixes, Property 3: Settings Authentication 
Requirement[2m > [22m[2mProperty: Requests without valid auth are rejected with 401 
(Requirement 2.6)[2m > [22m[2mshould reject POST requests without valid authentication
[22m[39m[ARCJET] WARNING: Running without Arcjet protection

[90mstderr[2m | 
tests/property/admin-system-health-fixes/settings-auth.property.test.ts[2m > 
[22m[2mFeature: admin-system-health-fixes, Property 3: Settings Authentication 
Requirement[2m > [22m[2mProperty: Requests without valid auth are rejected with 401 
(Requirement 2.6)[2m > [22m[2mshould reject POST requests without valid authentication
[22m[39m[ARCJET] WARNING: Running without Arcjet protection

[90mstderr[2m | 
tests/property/admin-system-health-fixes/settings-auth.property.test.ts[2m > 
[22m[2mFeature: admin-system-health-fixes, Property 3: Settings Authentication 
Requirement[2m > [22m[2mProperty: Requests without valid auth are rejected with 401 
(Requirement 2.6)[2m > [22m[2mshould reject POST requests without valid authentication
[22m[39m[ARCJET] WARNING: Running without Arcjet protection

[90mstderr[2m | 
tests/property/admin-system-health-fixes/settings-auth.property.test.ts[2m > 
[22m[2mFeature: admin-system-health-fixes, Property 3: Settings Authentication 
Requirement[2m > [22m[2mProperty: Requests without valid auth are rejected with 401 
(Requirement 2.6)[2m > [22m[2mshould reject POST requests without valid authentication
[22m[39m[ARCJET] WARNING: Running without Arcjet protection

[90mstderr[2m | 
tests/property/admin-system-health-fixes/settings-auth.property.test.ts[2m > 
[22m[2mFeature: admin-system-health-fixes, Property 3: Settings Authentication 
Requirement[2m > [22m[2mProperty: Requests without valid auth are rejected with 401 
(Requirement 2.6)[2m > [22m[2mshould reject POST requests without valid authentication
[22m[39m[ARCJET] WARNING: Running without Arcjet protection

[90mstderr[2m | 
tests/property/admin-system-health-fixes/settings-auth.property.test.ts[2m > 
[22m[2mFeature: admin-system-health-fixes, Property 3: Settings Authentication 
Requirement[2m > [22m[2mProperty: Requests without valid auth are rejected with 401 
(Requirement 2.6)[2m > [22m[2mshould reject POST requests without valid authentication
[22m[39m[ARCJET] WARNING: Running without Arcjet protection

[90mstderr[2m | 
tests/property/admin-system-health-fixes/settings-auth.property.test.ts[2m > 
[22m[2mFeature: admin-system-health-fixes, Property 3: Settings Authentication 
Requirement[2m > [22m[2mProperty: Requests without valid auth are rejected with 401 
(Requirement 2.6)[2m > [22m[2mshould reject POST requests without valid authentication
[22m[39m[ARCJET] WARNING: Running without Arcjet protection

[90mstderr[2m | 
tests/property/admin-system-health-fixes/settings-auth.property.test.ts[2m > 
[22m[2mFeature: admin-system-health-fixes, Property 3: Settings Authentication 
Requirement[2m > [22m[2mProperty: Requests without valid auth are rejected with 401 
(Requirement 2.6)[2m > [22m[2mshould reject POST requests without valid authentication
[22m[39m[ARCJET] WARNING: Running without Arcjet protection

[90mstderr[2m | 
tests/property/admin-system-health-fixes/settings-auth.property.test.ts[2m > 
[22m[2mFeature: admin-system-health-fixes, Property 3: Settings Authentication 
Requirement[2m > [22m[2mProperty: Requests without valid auth are rejected with 401 
(Requirement 2.6)[2m > [22m[2mshould reject POST requests without valid authentication
[22m[39m[ARCJET] WARNING: Running without Arcjet protection

[90mstderr[2m | 
tests/property/admin-system-health-fixes/settings-auth.property.test.ts[2m > 
[22m[2mFeature: admin-system-health-fixes, Property 3: Settings Authentication 
Requirement[2m > [22m[2mProperty: Requests without valid auth are rejected with 401 
(Requirement 2.6)[2m > [22m[2mshould reject POST requests without valid authentication
[22m[39m[ARCJET] WARNING: Running without Arcjet protection

[90mstderr[2m | 
tests/property/admin-system-health-fixes/settings-auth.property.test.ts[2m > 
[22m[2mFeature: admin-system-health-fixes, Property 3: Settings Authentication 
Requirement[2m > [22m[2mProperty: Requests without valid auth are rejected with 401 
(Requirement 2.6)[2m > [22m[2mshould reject POST requests without valid authentication
[22m[39m[ARCJET] WARNING: Running without Arcjet protection

[90mstderr[2m | 
tests/property/admin-system-health-fixes/settings-auth.property.test.ts[2m > 
[22m[2mFeature: admin-system-health-fixes, Property 3: Settings Authentication 
Requirement[2m > [22m[2mProperty: Requests without valid auth are rejected with 401 
(Requirement 2.6)[2m > [22m[2mshould reject POST requests without valid authentication
[22m[39m[ARCJET] WARNING: Running without Arcjet protection

[90mstderr[2m | 
tests/property/admin-system-health-fixes/settings-auth.property.test.ts[2m > 
[22m[2mFeature: admin-system-health-fixes, Property 3: Settings Authentication 
Requirement[2m > [22m[2mProperty: Requests without valid auth are rejected with 401 
(Requirement 2.6)[2m > [22m[2mshould reject POST requests without valid authentication
[22m[39m[ARCJET] WARNING: Running without Arcjet protection

[90mstderr[2m | 
tests/property/admin-system-health-fixes/settings-auth.property.test.ts[2m > 
[22m[2mFeature: admin-system-health-fixes, Property 3: Settings Authentication 
Requirement[2m > [22m[2mProperty: Requests without valid auth are rejected with 401 
(Requirement 2.6)[2m > [22m[2mshould reject POST requests without valid authentication
[22m[39m[ARCJET] WARNING: Running without Arcjet protection

[90mstderr[2m | 
tests/property/admin-system-health-fixes/settings-auth.property.test.ts[2m > 
[22m[2mFeature: admin-system-health-fixes, Property 3: Settings Authentication 
Requirement[2m > [22m[2mProperty: Requests without valid auth are rejected with 401 
(Requirement 2.6)[2m > [22m[2mshould reject POST requests without valid authentication
[22m[39m[ARCJET] WARNING: Running without Arcjet protection

[90mstderr[2m | 
tests/property/admin-system-health-fixes/settings-auth.property.test.ts[2m > 
[22m[2mFeature: admin-system-health-fixes, Property 3: Settings Authentication 
Requirement[2m > [22m[2mProperty: Requests without valid auth are rejected with 401 
(Requirement 2.6)[2m > [22m[2mshould reject POST requests without valid authentication
[22m[39m[ARCJET] WARNING: Running without Arcjet protection

[90mstderr[2m | 
tests/property/admin-system-health-fixes/settings-auth.property.test.ts[2m > 
[22m[2mFeature: admin-system-health-fixes, Property 3: Settings Authentication 
Requirement[2m > [22m[2mProperty: Requests without valid auth are rejected with 401 
(Requirement 2.6)[2m > [22m[2mshould reject POST requests without valid authentication
[22m[39m[ARCJET] WARNING: Running without Arcjet protection

[90mstderr[2m | 
tests/property/admin-system-health-fixes/settings-auth.property.test.ts[2m > 
[22m[2mFeature: admin-system-health-fixes, Property 3: Settings Authentication 
Requirement[2m > [22m[2mProperty: Requests without valid auth are rejected with 401 
(Requirement 2.6)[2m > [22m[2mshould reject POST requests without valid authentication
[22m[39m[ARCJET] WARNING: Running without Arcjet protection

[90mstderr[2m | 
tests/property/admin-system-health-fixes/settings-auth.property.test.ts[2m > 
[22m[2mFeature: admin-system-health-fixes, Property 3: Settings Authentication 
Requirement[2m > [22m[2mProperty: Requests without valid auth are rejected with 401 
(Requirement 2.6)[2m > [22m[2mshould reject POST requests without valid authentication
[22m[39m[ARCJET] WARNING: Running without Arcjet protection

[90mstderr[2m | 
tests/property/admin-system-health-fixes/settings-auth.property.test.ts[2m > 
[22m[2mFeature: admin-system-health-fixes, Property 3: Settings Authentication 
Requirement[2m > [22m[2mProperty: Requests without valid auth are rejected with 401 
(Requirement 2.6)[2m > [22m[2mshould reject POST requests without valid authentication
[22m[39m[ARCJET] WARNING: Running without Arcjet protection


[90mstdout[2m | tests/property/admin-system-health-fixes/settings-auth.property.test.ts[2m > [22m[2mFeature: admin-system-health-fixes, Property 3: Settings Authentication Requirement[2m > [22m[2mProperty: Requests without valid auth are rejected with 401 (Requirement 2.6)[2m > [22m[2mshould reject GET requests without valid authentication
[22m[39m[AUTH] Token verification failed: Access token verification failed

[90mstdout[2m | tests/property/admin-system-health-fixes/settings-auth.property.test.ts[2m > [22m[2mFeature: admin-system-health-fixes, Property 3: Settings Authentication Requirement[2m > [22m[2mProperty: Requests without valid auth are rejected with 401 (Requirement 2.6)[2m > [22m[2mshould reject GET requests without valid authentication
[22m[39m[AUTH] Token verification failed: Access token verification failed

[90mstdout[2m | tests/property/admin-system-health-fixes/settings-auth.property.test.ts[2m > [22m[2mFeature: admin-system-health-fixes, Property 3: Settings Authentication Requirement[2m > [22m[2mProperty: Requests without valid auth are rejected with 401 (Requirement 2.6)[2m > [22m[2mshould reject GET requests without valid authentication
[22m[39m[AUTH] Token verification failed: Access token verification failed

[90mstdout[2m | tests/property/admin-system-health-fixes/settings-auth.property.test.ts[2m > [22m[2mFeature: admin-system-health-fixes, Property 3: Settings Authentication Requirement[2m > [22m[2mProperty: Requests without valid auth are rejected with 401 (Requirement 2.6)[2m > [22m[2mshould reject GET requests without valid authentication
[22m[39m[AUTH] Token verification failed: Access token verification failed

[90mstdout[2m | tests/property/admin-system-health-fixes/settings-auth.property.test.ts[2m > [22m[2mFeature: admin-system-health-fixes, Property 3: Settings Authentication Requirement[2m > [22m[2mProperty: Requests without valid auth are rejected with 401 (Requirement 2.6)[2m > [22m[2mshould reject POST requests without valid authentication
[22m[39m[AUTH] Token verification failed: Access token verification failed

[90mstdout[2m | tests/property/admin-system-health-fixes/settings-auth.property.test.ts[2m > [22m[2mFeature: admin-system-health-fixes, Property 3: Settings Authentication Requirement[2m > [22m[2mProperty: Requests without valid auth are rejected with 401 (Requirement 2.6)[2m > [22m[2mshould reject POST requests without valid authentication
[22m[39m[AUTH] Token verification failed: Access token verification failed

[90mstdout[2m | tests/property/admin-system-health-fixes/settings-auth.property.test.ts[2m > [22m[2mFeature: admin-system-health-fixes, Property 3: Settings Authentication Requirement[2m > [22m[2mProperty: Requests without valid auth are rejected with 401 (Requirement 2.6)[2m > [22m[2mshould reject POST requests without valid authentication
[22m[39m[AUTH] Token verification failed: Access token verification failed

[90mstdout[2m | tests/property/admin-system-health-fixes/settings-auth.property.test.ts[2m > [22m[2mFeature: admin-system-health-fixes, Property 3: Settings Authentication Requirement[2m > [22m[2mProperty: Requests without valid auth are rejected with 401 (Requirement 2.6)[2m > [22m[2mshould reject POST requests without valid authentication
[22m[39m[AUTH] Token verification failed: Access token verification failed

[90mstdout[2m | tests/property/admin-system-health-fixes/settings-auth.property.test.ts[2m > [22m[2mFeature: admin-system-health-fixes, Property 3: Settings Authentication Requirement[2m > [22m[2mProperty: Requests without valid auth are rejected with 401 (Requirement 2.6)[2m > [22m[2mshould reject POST requests without valid authentication
[22m[39m[AUTH] Token verification failed: Access token verification failed

[90mstdout[2m | tests/property/admin-system-health-fixes/settings-auth.property.test.ts[2m > [22m[2mFeature: admin-system-health-fixes, Property 3: Settings Authentication Requirement[2m > [22m[2mProperty: Requests without valid auth are rejected with 401 (Requirement 2.6)[2m > [22m[2mshould reject POST requests without valid authentication
[22m[39m[AUTH] Token verification failed: Access token verification failed

[90mstdout[2m | tests/property/admin-system-health-fixes/settings-auth.property.test.ts[2m > [22m[2mFeature: admin-system-health-fixes, Property 3: Settings Authentication Requirement[2m > [22m[2mProperty: Requests without valid auth are rejected with 401 (Requirement 2.6)[2m > [22m[2mshould reject POST requests without valid authentication
[22m[39m[AUTH] Token verification failed: Access token verification failed

[90mstdout[2m | tests/property/admin-system-health-fixes/settings-auth.property.test.ts[2m > [22m[2mFeature: admin-system-health-fixes, Property 3: Settings Authentication Requirement[2m > [22m[2mProperty: Requests without valid auth are rejected with 401 (Requirement 2.6)[2m > [22m[2mshould reject POST requests without valid authentication
[22m[39m[AUTH] Token verification failed: Access token verification failed

[90mstdout[2m | tests/property/admin-system-health-fixes/settings-auth.property.test.ts[2m > [22m[2mFeature: admin-system-health-fixes, Property 3: Settings Authentication Requirement[2m > [22m[2mProperty: Requests without valid auth are rejected with 401 (Requirement 2.6)[2m > [22m[2mshould reject POST requests without valid authentication
[22m[39m[AUTH] Token verification failed: Access token verification failed

[90mstdout[2m | tests/property/admin-system-health-fixes/settings-auth.property.test.ts[2m > [22m[2mFeature: admin-system-health-fixes, Property 3: Settings Authentication Requirement[2m > [22m[2mProperty: Requests without valid auth are rejected with 401 (Requirement 2.6)[2m > [22m[2mshould reject POST requests without valid authentication
[22m[39m[AUTH] Token verification failed: Access token verification failed

[90mstdout[2m | tests/property/admin-system-health-fixes/settings-auth.property.test.ts[2m > [22m[2mFeature: admin-system-health-fixes, Property 3: Settings Authentication Requirement[2m > [22m[2mProperty: Requests without valid auth are rejected with 401 (Requirement 2.6)[2m > [22m[2mshould reject POST requests without valid authentication
[22m[39m[AUTH] Token verification failed: Access token verification failed

[90mstdout[2m | tests/property/admin-system-health-fixes/settings-auth.property.test.ts[2m > [22m[2mFeature: admin-system-health-fixes, Property 3: Settings Authentication Requirement[2m > [22m[2mProperty: Requests without valid auth are rejected with 401 (Requirement 2.6)[2m > [22m[2mshould reject POST requests without valid authentication
[22m[39m[AUTH] Token verification failed: Access token verification failed

[90mstdout[2m | tests/property/admin-system-health-fixes/settings-auth.property.test.ts[2m > [22m[2mFeature: admin-system-health-fixes, Property 3: Settings Authentication Requirement[2m > [22m[2mProperty: Requests without valid auth are rejected with 401 (Requirement 2.6)[2m > [22m[2mshould reject POST requests without valid authentication
[22m[39m[AUTH] Token verification failed: Access token verification failed

[90mstdout[2m | tests/property/admin-system-health-fixes/settings-auth.property.test.ts[2m > [22m[2mFeature: admin-system-health-fixes, Property 3: Settings Authentication Requirement[2m > [22m[2mProperty: Requests without valid auth are rejected with 401 (Requirement 2.6)[2m > [22m[2mshould reject POST requests without valid authentication
[22m[39m[AUTH] Token verification failed: Access token verification failed

[90mstdout[2m | tests/property/admin-system-health-fixes/settings-auth.property.test.ts[2m > [22m[2mFeature: admin-system-health-fixes, Property 3: Settings Authentication Requirement[2m > [22m[2mProperty: Requests without valid auth are rejected with 401 (Requirement 2.6)[2m > [22m[2mshould reject POST requests without valid authentication
[22m[39m[AUTH] Token verification failed: Access token verification failed

[90mstdout[2m | tests/property/admin-system-health-fixes/settings-auth.property.test.ts[2m > [22m[2mFeature: admin-system-health-fixes, Property 3: Settings Authentication Requirement[2m > [22m[2mProperty: Requests without valid auth are rejected with 401 (Requirement 2.6)[2m > [22m[2mshould reject POST requests without valid authentication
[22m[39m[AUTH] Token verification failed: Access token verification failed

[90mstdout[2m | tests/property/admin-system-health-fixes/settings-auth.property.test.ts[2m > [22m[2mFeature: admin-system-health-fixes, Property 3: Settings Authentication Requirement[2m > [22m[2mProperty: Requests without valid auth are rejected with 401 (Requirement 2.6)[2m > [22m[2mshould reject POST requests without valid authentication
[22m[39m[AUTH] Token verification failed: Access token verification failed

[90mstdout[2m | tests/property/admin-system-health-fixes/settings-auth.property.test.ts[2m > [22m[2mFeature: admin-system-health-fixes, Property 3: Settings Authentication Requirement[2m > [22m[2mProperty: Requests without valid auth are rejected with 401 (Requirement 2.6)[2m > [22m[2mshould reject POST requests without valid authentication
[22m[39m[AUTH] Token verification failed: Access token verification failed

[90mstdout[2m | tests/property/admin-system-health-fixes/settings-auth.property.test.ts[2m > [22m[2mFeature: admin-system-health-fixes, Property 3: Settings Authentication Requirement[2m > [22m[2mProperty: Requests without valid auth are rejected with 401 (Requirement 2.6)[2m > [22m[2mshould reject POST requests without valid authentication
[22m[39m[AUTH] Token verification failed: Access token verification failed

[90mstdout[2m | tests/property/admin-system-health-fixes/settings-auth.property.test.ts[2m > [22m[2mFeature: admin-system-health-fixes, Property 3: Settings Authentication Requirement[2m > [22m[2mProperty: Requests without valid auth are rejected with 401 (Requirement 2.6)[2m > [22m[2mshould reject POST requests without valid authentication
[22m[39m[AUTH] Token verification failed: Access token verification failed

[90mstderr[2m | 
tests/property/admin-system-health-fixes/settings-auth.property.test.ts[2m > 
[22m[2mFeature: admin-system-health-fixes, Property 3: Settings Authentication 
Requirement[2m > [22m[2mProperty: Requests without valid auth are rejected with 401 
(Requirement 2.6)[2m > [22m[2mshould reject POST requests without valid authentication
[22m[39m[ARCJET] WARNING: Running without Arcjet protection

[90mstderr[2m | 
tests/property/admin-system-health-fixes/settings-auth.property.test.ts[2m > 
[22m[2mFeature: admin-system-health-fixes, Property 3: Settings Authentication 
Requirement[2m > [22m[2mProperty: Requests without valid auth are rejected with 401 
(Requirement 2.6)[2m > [22m[2mshould reject POST requests without valid authentication
[22m[39m[ARCJET] WARNING: Running without Arcjet protection

[90mstderr[2m | 
tests/property/admin-system-health-fixes/settings-auth.property.test.ts[2m > 
[22m[2mFeature: admin-system-health-fixes, Property 3: Settings Authentication 
Requirement[2m > [22m[2mProperty: Requests without valid auth are rejected with 401 
(Requirement 2.6)[2m > [22m[2mshould reject POST requests without valid authentication
[22m[39m[ARCJET] WARNING: Running without Arcjet protection

[90mstderr[2m | 
tests/property/admin-system-health-fixes/settings-auth.property.test.ts[2m > 
[22m[2mFeature: admin-system-health-fixes, Property 3: Settings Authentication 
Requirement[2m > [22m[2mProperty: Requests without valid auth are rejected with 401 
(Requirement 2.6)[2m > [22m[2mshould reject POST requests without valid authentication
[22m[39m[ARCJET] WARNING: Running without Arcjet protection

[90mstdout[2m | tests/property/admin-system-health-fixes/settings-auth.property.test.ts[2m > [22m[2mFeature: admin-system-health-fixes, Property 3: Settings Authentication Requirement[2m > [22m[2mProperty: Requests without valid auth are rejected with 401 (Requirement 2.6)[2m > [22m[2mshould reject POST requests without valid authentication
[22m[39m[AUTH] Token verification failed: Access token verification failed

[90mstdout[2m | tests/property/admin-system-health-fixes/settings-auth.property.test.ts[2m > [22m[2mFeature: admin-system-health-fixes, Property 3: Settings Authentication Requirement[2m > [22m[2mProperty: Requests without valid auth are rejected with 401 (Requirement 2.6)[2m > [22m[2mshould reject POST requests without valid authentication
[22m[39m[AUTH] Token verification failed: Access token verification failed

[90mstdout[2m | tests/property/admin-system-health-fixes/settings-auth.property.test.ts[2m > [22m[2mFeature: admin-system-health-fixes, Property 3: Settings Authentication Requirement[2m > [22m[2mProperty: Requests without valid auth are rejected with 401 (Requirement 2.6)[2m > [22m[2mshould reject POST requests without valid authentication
[22m[39m[AUTH] Token verification failed: Access token verification failed

[90mstderr[2m | 
tests/property/admin-system-health-fixes/settings-auth.property.test.ts[2m > 
[22m[2mFeature: admin-system-health-fixes, Property 3: Settings Authentication 
Requirement[2m > [22m[2mProperty: Requests without valid auth are rejected with 401 
(Requirement 2.6)[2m > [22m[2mshould reject POST requests without valid authentication
[22m[39m[ARCJET] WARNING: Running without Arcjet protection

[90mstderr[2m | 
tests/property/admin-system-health-fixes/settings-auth.property.test.ts[2m > 
[22m[2mFeature: admin-system-health-fixes, Property 3: Settings Authentication 
Requirement[2m > [22m[2mProperty: Requests without valid auth are rejected with 401 
(Requirement 2.6)[2m > [22m[2mshould reject POST requests without valid authentication
[22m[39m[ARCJET] WARNING: Running without Arcjet protection

[90mstderr[2m | 
tests/property/admin-system-health-fixes/settings-auth.property.test.ts[2m > 
[22m[2mFeature: admin-system-health-fixes, Property 3: Settings Authentication 
Requirement[2m > [22m[2mProperty: Requests without valid auth are rejected with 401 
(Requirement 2.6)[2m > [22m[2mshould reject POST requests without valid authentication
[22m[39m[ARCJET] WARNING: Running without Arcjet protection

[90mstderr[2m | 
tests/property/admin-system-health-fixes/settings-auth.property.test.ts[2m > 
[22m[2mFeature: admin-system-health-fixes, Property 3: Settings Authentication 
Requirement[2m > [22m[2mProperty: Requests without valid auth are rejected with 401 
(Requirement 2.6)[2m > [22m[2mshould reject POST requests without valid authentication
[22m[39m[ARCJET] WARNING: Running without Arcjet protection

[90mstderr[2m | 
tests/property/admin-system-health-fixes/settings-auth.property.test.ts[2m > 
[22m[2mFeature: admin-system-health-fixes, Property 3: Settings Authentication 
Requirement[2m > [22m[2mProperty: Requests without valid auth are rejected with 401 
(Requirement 2.6)[2m > [22m[2mshould reject POST requests without valid authentication
[22m[39m[ARCJET] WARNING: Running without Arcjet protection

[90mstderr[2m | 
tests/property/admin-system-health-fixes/settings-auth.property.test.ts[2m > 
[22m[2mFeature: admin-system-health-fixes, Property 3: Settings Authentication 
Requirement[2m > [22m[2mProperty: Requests without valid auth are rejected with 401 
(Requirement 2.6)[2m > [22m[2mshould reject POST requests without valid authentication
[22m[39m[ARCJET] WARNING: Running without Arcjet protection

[90mstderr[2m | 
tests/property/admin-system-health-fixes/settings-auth.property.test.ts[2m > 
[22m[2mFeature: admin-system-health-fixes, Property 3: Settings Authentication 
Requirement[2m > [22m[2mProperty: Requests without valid auth are rejected with 401 
(Requirement 2.6)[2m > [22m[2mshould reject POST requests without valid authentication
[22m[39m[ARCJET] WARNING: Running without Arcjet protection

[90mstderr[2m | 
tests/property/admin-system-health-fixes/settings-auth.property.test.ts[2m > 
[22m[2mFeature: admin-system-health-fixes, Property 3: Settings Authentication 
Requirement[2m > [22m[2mProperty: Requests without valid auth are rejected with 401 
(Requirement 2.6)[2m > [22m[2mshould reject POST requests without valid authentication
[22m[39m[ARCJET] WARNING: Running without Arcjet protection

[90mstderr[2m | 
tests/property/admin-system-health-fixes/settings-auth.property.test.ts[2m > 
[22m[2mFeature: admin-system-health-fixes, Property 3: Settings Authentication 
Requirement[2m > [22m[2mProperty: Requests without valid auth are rejected with 401 
(Requirement 2.6)[2m > [22m[2mshould reject POST requests without valid authentication
[22m[39m[ARCJET] WARNING: Running without Arcjet protection

[90mstdout[2m | tests/property/admin-system-health-fixes/settings-auth.property.test.ts[2m > [22m[2mFeature: admin-system-health-fixes, Property 3: Settings Authentication Requirement[2m > [22m[2mProperty: Requests without valid auth are rejected with 401 (Requirement 2.6)[2m > [22m[2mshould reject POST requests without valid authentication
[22m[39m[AUTH] Token verification failed: Access token verification failed

[90mstderr[2m | 
tests/property/admin-system-health-fixes/settings-auth.property.test.ts[2m > 
[22m[2mFeature: admin-system-health-fixes, Property 3: Settings Authentication 
Requirement[2m > [22m[2mProperty: Requests without valid auth are rejected with 401 
(Requirement 2.6)[2m > [22m[2mshould reject POST requests without valid authentication
[22m[39m[ARCJET] WARNING: Running without Arcjet protection

[90mstderr[2m | 
tests/property/admin-system-health-fixes/settings-auth.property.test.ts[2m > 
[22m[2mFeature: admin-system-health-fixes, Property 3: Settings Authentication 
Requirement[2m > [22m[2mProperty: Requests without valid auth are rejected with 401 
(Requirement 2.6)[2m > [22m[2mshould reject POST requests without valid authentication
[22m[39m[ARCJET] WARNING: Running without Arcjet protection

[90mstderr[2m | 
tests/property/admin-system-health-fixes/settings-auth.property.test.ts[2m > 
[22m[2mFeature: admin-system-health-fixes, Property 3: Settings Authentication 
Requirement[2m > [22m[2mProperty: Requests without valid auth are rejected with 401 
(Requirement 2.6)[2m > [22m[2mshould reject POST requests without valid authentication
[22m[39m[ARCJET] WARNING: Running without Arcjet protection

[90mstderr[2m | 
tests/property/admin-system-health-fixes/settings-auth.property.test.ts[2m > 
[22m[2mFeature: admin-system-health-fixes, Property 3: Settings Authentication 
Requirement[2m > [22m[2mProperty: Requests without valid auth are rejected with 401 
(Requirement 2.6)[2m > [22m[2mshould reject POST requests without valid authentication
[22m[39m[ARCJET] WARNING: Running without Arcjet protection

[90mstderr[2m | 
tests/property/admin-system-health-fixes/settings-auth.property.test.ts[2m > 
[22m[2mFeature: admin-system-health-fixes, Property 3: Settings Authentication 
Requirement[2m > [22m[2mProperty: Requests without valid auth are rejected with 401 
(Requirement 2.6)[2m > [22m[2mshould reject POST requests without valid authentication
[22m[39m[ARCJET] WARNING: Running without Arcjet protection

[90mstderr[2m | 
tests/property/admin-system-health-fixes/settings-auth.property.test.ts[2m > 
[22m[2mFeature: admin-system-health-fixes, Property 3: Settings Authentication 
Requirement[2m > [22m[2mProperty: Requests without valid auth are rejected with 401 
(Requirement 2.6)[2m > [22m[2mshould reject POST requests without valid authentication
[22m[39m[ARCJET] WARNING: Running without Arcjet protection

[90mstderr[2m | 
tests/property/admin-system-health-fixes/settings-auth.property.test.ts[2m > 
[22m[2mFeature: admin-system-health-fixes, Property 3: Settings Authentication 
Requirement[2m > [22m[2mProperty: Requests without valid auth are rejected with 401 
(Requirement 2.6)[2m > [22m[2mshould reject POST requests without valid authentication
[22m[39m[ARCJET] WARNING: Running without Arcjet protection

[90mstderr[2m | 
tests/property/admin-system-health-fixes/settings-auth.property.test.ts[2m > 
[22m[2mFeature: admin-system-health-fixes, Property 3: Settings Authentication 
Requirement[2m > [22m[2mProperty: Requests without valid auth are rejected with 401 
(Requirement 2.6)[2m > [22m[2mshould reject POST requests without valid authentication
[22m[39m[ARCJET] WARNING: Running without Arcjet protection

[90mstderr[2m | 
tests/property/admin-system-health-fixes/settings-auth.property.test.ts[2m > 
[22m[2mFeature: admin-system-health-fixes, Property 3: Settings Authentication 
Requirement[2m > [22m[2mProperty: Requests without valid auth are rejected with 401 
(Requirement 2.6)[2m > [22m[2mshould reject POST requests without valid authentication
[22m[39m[ARCJET] WARNING: Running without Arcjet protection

[90mstderr[2m | 
tests/property/admin-system-health-fixes/settings-auth.property.test.ts[2m > 
[22m[2mFeature: admin-system-health-fixes, Property 3: Settings Authentication 
Requirement[2m > [22m[2mProperty: Requests without valid auth are rejected with 401 
(Requirement 2.6)[2m > [22m[2mshould reject POST requests without valid authentication
[22m[39m[ARCJET] WARNING: Running without Arcjet protection

[90mstdout[2m | tests/property/admin-system-health-fixes/settings-auth.property.test.ts[2m > [22m[2mFeature: admin-system-health-fixes, Property 3: Settings Authentication Requirement[2m > [22m[2mProperty: Requests without valid auth are rejected with 401 (Requirement 2.6)[2m > [22m[2mshould reject POST requests without valid authentication
[22m[39m[AUTH] Token verification failed: Access token verification failed

[90mstdout[2m | tests/property/admin-system-health-fixes/settings-auth.property.test.ts[2m > [22m[2mFeature: admin-system-health-fixes, Property 3: Settings Authentication Requirement[2m > [22m[2mProperty: Requests without valid auth are rejected with 401 (Requirement 2.6)[2m > [22m[2mshould reject POST requests without valid authentication
[22m[39m[AUTH] Token verification failed: Access token verification failed

[90mstdout[2m | tests/property/admin-system-health-fixes/settings-auth.property.test.ts[2m > [22m[2mFeature: admin-system-health-fixes, Property 3: Settings Authentication Requirement[2m > [22m[2mProperty: Requests without valid auth are rejected with 401 (Requirement 2.6)[2m > [22m[2mshould reject POST requests without valid authentication
[22m[39m[AUTH] Token verification failed: Access token verification failed

[90mstdout[2m | tests/property/admin-system-health-fixes/settings-auth.property.test.ts[2m > [22m[2mFeature: admin-system-health-fixes, Property 3: Settings Authentication Requirement[2m > [22m[2mProperty: Requests without valid auth are rejected with 401 (Requirement 2.6)[2m > [22m[2mshould reject POST requests without valid authentication
[22m[39m[AUTH] Token verification failed: Access token verification failed

[90mstderr[2m | 
tests/property/admin-system-health-fixes/settings-auth.property.test.ts[2m > 
[22m[2mFeature: admin-system-health-fixes, Property 3: Settings Authentication 
Requirement[2m > [22m[2mProperty: Requests without valid auth are rejected with 401 
(Requirement 2.6)[2m > [22m[2mshould reject POST requests without valid authentication
[22m[39m[ARCJET] WARNING: Running without Arcjet protection

[90mstderr[2m | 
tests/property/admin-system-health-fixes/settings-auth.property.test.ts[2m > 
[22m[2mFeature: admin-system-health-fixes, Property 3: Settings Authentication 
Requirement[2m > [22m[2mProperty: Requests without valid auth are rejected with 401 
(Requirement 2.6)[2m > [22m[2mshould reject POST requests without valid authentication
[22m[39m[ARCJET] WARNING: Running without Arcjet protection

[90mstderr[2m | 
tests/property/admin-system-health-fixes/settings-auth.property.test.ts[2m > 
[22m[2mFeature: admin-system-health-fixes, Property 3: Settings Authentication 
Requirement[2m > [22m[2mProperty: Requests without valid auth are rejected with 401 
(Requirement 2.6)[2m > [22m[2mshould reject POST requests without valid authentication
[22m[39m[ARCJET] WARNING: Running without Arcjet protection

[90mstderr[2m | 
tests/property/admin-system-health-fixes/settings-auth.property.test.ts[2m > 
[22m[2mFeature: admin-system-health-fixes, Property 3: Settings Authentication 
Requirement[2m > [22m[2mProperty: Requests without valid auth are rejected with 401 
(Requirement 2.6)[2m > [22m[2mshould reject POST requests without valid authentication
[22m[39m[ARCJET] WARNING: Running without Arcjet protection

[90mstderr[2m | 
tests/property/admin-system-health-fixes/settings-auth.property.test.ts[2m > 
[22m[2mFeature: admin-system-health-fixes, Property 3: Settings Authentication 
Requirement[2m > [22m[2mProperty: Requests without valid auth are rejected with 401 
(Requirement 2.6)[2m > [22m[2mshould reject POST requests without valid authentication
[22m[39m[ARCJET] WARNING: Running without Arcjet protection

[90mstderr[2m | 
tests/property/admin-system-health-fixes/settings-auth.property.test.ts[2m > 
[22m[2mFeature: admin-system-health-fixes, Property 3: Settings Authentication 
Requirement[2m > [22m[2mProperty: Requests without valid auth are rejected with 401 
(Requirement 2.6)[2m > [22m[2mshould reject POST requests without valid authentication
[22m[39m[ARCJET] WARNING: Running without Arcjet protection

[90mstderr[2m | 
tests/property/admin-system-health-fixes/settings-auth.property.test.ts[2m > 
[22m[2mFeature: admin-system-health-fixes, Property 3: Settings Authentication 
Requirement[2m > [22m[2mProperty: Requests without valid auth are rejected with 401 
(Requirement 2.6)[2m > [22m[2mshould reject POST requests without valid authentication
[22m[39m[ARCJET] WARNING: Running without Arcjet protection

[90mstderr[2m | 
tests/property/admin-system-health-fixes/settings-auth.property.test.ts[2m > 
[22m[2mFeature: admin-system-health-fixes, Property 3: Settings Authentication 
Requirement[2m > [22m[2mProperty: Requests without valid auth are rejected with 401 
(Requirement 2.6)[2m > [22m[2mshould reject POST requests without valid authentication
[22m[39m[ARCJET] WARNING: Running without Arcjet protection

[90mstderr[2m | 
tests/property/admin-system-health-fixes/settings-auth.property.test.ts[2m > 
[22m[2mFeature: admin-system-health-fixes, Property 3: Settings Authentication 
Requirement[2m > [22m[2mProperty: Requests without valid auth are rejected with 401 
(Requirement 2.6)[2m > [22m[2mshould reject POST requests without valid authentication
[22m[39m[ARCJET] WARNING: Running without Arcjet protection

[90mstderr[2m | 
tests/property/admin-system-health-fixes/settings-auth.property.test.ts[2m > 
[22m[2mFeature: admin-system-health-fixes, Property 3: Settings Authentication 
Requirement[2m > [22m[2mProperty: Requests without valid auth are rejected with 401 
(Requirement 2.6)[2m > [22m[2mshould reject POST requests without valid authentication
[22m[39m[ARCJET] WARNING: Running without Arcjet protection

[90mstdout[2m | tests/property/admin-system-health-fixes/settings-auth.property.test.ts[2m > [22m[2mFeature: admin-system-health-fixes, Property 3: Settings Authentication Requirement[2m > [22m[2mProperty: Requests without valid auth are rejected with 401 (Requirement 2.6)[2m > [22m[2mshould reject POST requests without valid authentication
[22m[39m[AUTH] Token verification failed: Access token verification failed

[90mstdout[2m | tests/property/admin-system-health-fixes/settings-auth.property.test.ts[2m > [22m[2mFeature: admin-system-health-fixes, Property 3: Settings Authentication Requirement[2m > [22m[2mProperty: Requests without valid auth are rejected with 401 (Requirement 2.6)[2m > [22m[2mshould reject POST requests without valid authentication
[22m[39m[AUTH] Token verification failed: Access token verification failed

[90mstdout[2m | tests/property/admin-system-health-fixes/settings-auth.property.test.ts[2m > [22m[2mFeature: admin-system-health-fixes, Property 3: Settings Authentication Requirement[2m > [22m[2mProperty: Requests without valid auth are rejected with 401 (Requirement 2.6)[2m > [22m[2mshould reject POST requests without valid authentication
[22m[39m[AUTH] Token verification failed: Access token verification failed

[90mstdout[2m | tests/property/admin-system-health-fixes/settings-auth.property.test.ts[2m > [22m[2mFeature: admin-system-health-fixes, Property 3: Settings Authentication Requirement[2m > [22m[2mProperty: Requests without valid auth are rejected with 401 (Requirement 2.6)[2m > [22m[2mshould reject POST requests without valid authentication
[22m[39m[AUTH] Token verification failed: Access token verification failed

[90mstdout[2m | tests/property/admin-system-health-fixes/settings-auth.property.test.ts[2m > [22m[2mFeature: admin-system-health-fixes, Property 3: Settings Authentication Requirement[2m > [22m[2mProperty: Requests without valid auth are rejected with 401 (Requirement 2.6)[2m > [22m[2mshould reject POST requests without valid authentication
[22m[39m[AUTH] Token verification failed: Access token verification failed

[90mstdout[2m | tests/property/admin-system-health-fixes/settings-auth.property.test.ts[2m > [22m[2mFeature: admin-system-health-fixes, Property 3: Settings Authentication Requirement[2m > [22m[2mProperty: Requests without valid auth are rejected with 401 (Requirement 2.6)[2m > [22m[2mshould reject POST requests without valid authentication
[22m[39m[AUTH] Token verification failed: Access token verification failed

[90mstderr[2m | 
tests/property/admin-system-health-fixes/settings-auth.property.test.ts[2m > 
[22m[2mFeature: admin-system-health-fixes, Property 3: Settings Authentication 
Requirement[2m > [22m[2mProperty: Requests without valid auth are rejected with 401 
(Requirement 2.6)[2m > [22m[2mshould reject POST requests without valid authentication
[22m[39m[ARCJET] WARNING: Running without Arcjet protection

[90mstderr[2m | 
tests/property/admin-system-health-fixes/settings-auth.property.test.ts[2m > 
[22m[2mFeature: admin-system-health-fixes, Property 3: Settings Authentication 
Requirement[2m > [22m[2mProperty: Requests without valid auth are rejected with 401 
(Requirement 2.6)[2m > [22m[2mshould reject POST requests without valid authentication
[22m[39m[ARCJET] WARNING: Running without Arcjet protection

[90mstderr[2m | 
tests/property/admin-system-health-fixes/settings-auth.property.test.ts[2m > 
[22m[2mFeature: admin-system-health-fixes, Property 3: Settings Authentication 
Requirement[2m > [22m[2mProperty: Requests without valid auth are rejected with 401 
(Requirement 2.6)[2m > [22m[2mshould reject POST requests without valid authentication
[22m[39m[ARCJET] WARNING: Running without Arcjet protection

[90mstderr[2m | 
tests/property/admin-system-health-fixes/settings-auth.property.test.ts[2m > 
[22m[2mFeature: admin-system-health-fixes, Property 3: Settings Authentication 
Requirement[2m > [22m[2mProperty: Requests without valid auth are rejected with 401 
(Requirement 2.6)[2m > [22m[2mshould reject POST requests without valid authentication
[22m[39m[ARCJET] WARNING: Running without Arcjet protection

[90mstderr[2m | 
tests/property/admin-system-health-fixes/settings-auth.property.test.ts[2m > 
[22m[2mFeature: admin-system-health-fixes, Property 3: Settings Authentication 
Requirement[2m > [22m[2mProperty: Requests without valid auth are rejected with 401 
(Requirement 2.6)[2m > [22m[2mshould reject POST requests without valid authentication
[22m[39m[ARCJET] WARNING: Running without Arcjet protection

[90mstderr[2m | 
tests/property/admin-system-health-fixes/settings-auth.property.test.ts[2m > 
[22m[2mFeature: admin-system-health-fixes, Property 3: Settings Authentication 
Requirement[2m > [22m[2mProperty: Requests without valid auth are rejected with 401 
(Requirement 2.6)[2m > [22m[2mshould reject POST requests without valid authentication
[22m[39m[ARCJET] WARNING: Running without Arcjet protection

[90mstderr[2m | 
tests/property/admin-system-health-fixes/settings-auth.property.test.ts[2m > 
[22m[2mFeature: admin-system-health-fixes, Property 3: Settings Authentication 
Requirement[2m > [22m[2mProperty: Requests without valid auth are rejected with 401 
(Requirement 2.6)[2m > [22m[2mshould reject POST requests without valid authentication
[22m[39m[ARCJET] WARNING: Running without Arcjet protection

[90mstderr[2m | 
tests/property/admin-system-health-fixes/settings-auth.property.test.ts[2m > 
[22m[2mFeature: admin-system-health-fixes, Property 3: Settings Authentication 
Requirement[2m > [22m[2mProperty: Requests without valid auth are rejected with 401 
(Requirement 2.6)[2m > [22m[2mshould reject POST requests without valid authentication
[22m[39m[ARCJET] WARNING: Running without Arcjet protection

[90mstderr[2m | 
tests/property/admin-system-health-fixes/settings-auth.property.test.ts[2m > 
[22m[2mFeature: admin-system-health-fixes, Property 3: Settings Authentication 
Requirement[2m > [22m[2mProperty: Requests without valid auth are rejected with 401 
(Requirement 2.6)[2m > [22m[2mshould reject POST requests without valid authentication
[22m[39m[ARCJET] WARNING: Running without Arcjet protection

[90mstderr[2m | 
tests/property/admin-system-health-fixes/settings-auth.property.test.ts[2m > 
[22m[2mFeature: admin-system-health-fixes, Property 3: Settings Authentication 
Requirement[2m > [22m[2mProperty: Requests without valid auth are rejected with 401 
(Requirement 2.6)[2m > [22m[2mshould reject POST requests without valid authentication
[22m[39m[ARCJET] WARNING: Running without Arcjet protection

[90mstderr[2m | 
tests/property/admin-system-health-fixes/settings-auth.property.test.ts[2m > 
[22m[2mFeature: admin-system-health-fixes, Property 3: Settings Authentication 
Requirement[2m > [22m[2mProperty: Requests without valid auth are rejected with 401 
(Requirement 2.6)[2m > [22m[2mshould reject POST requests without valid authentication
[22m[39m[ARCJET] WARNING: Running without Arcjet protection

[90mstderr[2m | 
tests/property/admin-system-health-fixes/settings-auth.property.test.ts[2m > 
[22m[2mFeature: admin-system-health-fixes, Property 3: Settings Authentication 
Requirement[2m > [22m[2mProperty: Requests without valid auth are rejected with 401 
(Requirement 2.6)[2m > [22m[2mshould reject POST requests without valid authentication
[22m[39m[ARCJET] WARNING: Running without Arcjet protection

[90mstderr[2m | 
tests/property/admin-system-health-fixes/settings-auth.property.test.ts[2m > 
[22m[2mFeature: admin-system-health-fixes, Property 3: Settings Authentication 
Requirement[2m > [22m[2mProperty: Requests without valid auth are rejected with 401 
(Requirement 2.6)[2m > [22m[2mshould reject POST requests without valid authentication
[22m[39m[ARCJET] WARNING: Running without Arcjet protection

[90mstderr[2m | 
tests/property/admin-system-health-fixes/settings-auth.property.test.ts[2m > 
[22m[2mFeature: admin-system-health-fixes, Property 3: Settings Authentication 
Requirement[2m > [22m[2mProperty: Requests without valid auth are rejected with 401 
(Requirement 2.6)[2m > [22m[2mshould reject POST requests without valid authentication
[22m[39m[ARCJET] WARNING: Running without Arcjet protection

[90mstderr[2m | 
tests/property/admin-system-health-fixes/settings-auth.property.test.ts[2m > 
[22m[2mFeature: admin-system-health-fixes, Property 3: Settings Authentication 
Requirement[2m > [22m[2mProperty: Requests without valid auth are rejected with 401 
(Requirement 2.6)[2m > [22m[2mshould reject POST requests without valid authentication
[22m[39m[ARCJET] WARNING: Running without Arcjet protection

[90mstderr[2m | 
tests/property/admin-system-health-fixes/settings-auth.property.test.ts[2m > 
[22m[2mFeature: admin-system-health-fixes, Property 3: Settings Authentication 
Requirement[2m > [22m[2mProperty: Requests without valid auth are rejected with 401 
(Requirement 2.6)[2m > [22m[2mshould reject POST requests without valid authentication
[22m[39m[ARCJET] WARNING: Running without Arcjet protection

[90mstderr[2m | 
tests/property/admin-system-health-fixes/settings-auth.property.test.ts[2m > 
[22m[2mFeature: admin-system-health-fixes, Property 3: Settings Authentication 
Requirement[2m > [22m[2mProperty: Requests without valid auth are rejected with 401 
(Requirement 2.6)[2m > [22m[2mshould reject POST requests without valid authentication
[22m[39m[ARCJET] WARNING: Running without Arcjet protection

[90mstderr[2m | 
tests/property/admin-system-health-fixes/settings-auth.property.test.ts[2m > 
[22m[2mFeature: admin-system-health-fixes, Property 3: Settings Authentication 
Requirement[2m > [22m[2mProperty: Requests without valid auth are rejected with 401 
(Requirement 2.6)[2m > [22m[2mshould reject POST requests without valid authentication
[22m[39m[ARCJET] WARNING: Running without Arcjet protection

[90mstderr[2m | 
tests/property/admin-system-health-fixes/settings-auth.property.test.ts[2m > 
[22m[2mFeature: admin-system-health-fixes, Property 3: Settings Authentication 
Requirement[2m > [22m[2mProperty: Requests without valid auth are rejected with 401 
(Requirement 2.6)[2m > [22m[2mshould reject POST requests without valid authentication
[22m[39m[ARCJET] WARNING: Running without Arcjet protection

[90mstderr[2m | 
tests/property/admin-system-health-fixes/settings-auth.property.test.ts[2m > 
[22m[2mFeature: admin-system-health-fixes, Property 3: Settings Authentication 
Requirement[2m > [22m[2mProperty: Requests without valid auth are rejected with 401 
(Requirement 2.6)[2m > [22m[2mshould reject POST requests without valid authentication
[22m[39m[ARCJET] WARNING: Running without Arcjet protection

[90mstderr[2m | 
tests/property/admin-system-health-fixes/settings-auth.property.test.ts[2m > 
[22m[2mFeature: admin-system-health-fixes, Property 3: Settings Authentication 
Requirement[2m > [22m[2mProperty: Requests without valid auth are rejected with 401 
(Requirement 2.6)[2m > [22m[2mshould reject POST requests without valid authentication
[22m[39m[ARCJET] WARNING: Running without Arcjet protection

[90mstderr[2m | 
tests/property/admin-system-health-fixes/settings-auth.property.test.ts[2m > 
[22m[2mFeature: admin-system-health-fixes, Property 3: Settings Authentication 
Requirement[2m > [22m[2mProperty: Requests without valid auth are rejected with 401 
(Requirement 2.6)[2m > [22m[2mshould reject POST requests without valid authentication
[22m[39m[ARCJET] WARNING: Running without Arcjet protection

[90mstderr[2m | 
tests/property/admin-system-health-fixes/settings-auth.property.test.ts[2m > 
[22m[2mFeature: admin-system-health-fixes, Property 3: Settings Authentication 
Requirement[2m > [22m[2mProperty: Requests without valid auth are rejected with 401 
(Requirement 2.6)[2m > [22m[2mshould reject POST requests without valid authentication
[22m[39m[ARCJET] WARNING: Running without Arcjet protection

[90mstderr[2m | 
tests/property/admin-system-health-fixes/settings-auth.property.test.ts[2m > 
[22m[2mFeature: admin-system-health-fixes, Property 3: Settings Authentication 
Requirement[2m > [22m[2mProperty: Requests without valid auth are rejected with 401 
(Requirement 2.6)[2m > [22m[2mshould reject POST requests without valid authentication
[22m[39m[ARCJET] WARNING: Running without Arcjet protection

[90mstderr[2m | 
tests/property/admin-system-health-fixes/settings-auth.property.test.ts[2m > 
[22m[2mFeature: admin-system-health-fixes, Property 3: Settings Authentication 
Requirement[2m > [22m[2mProperty: Requests without valid auth are rejected with 401 
(Requirement 2.6)[2m > [22m[2mshould reject POST requests without valid authentication
[22m[39m[ARCJET] WARNING: Running without Arcjet protection

[90mstderr[2m | 
tests/property/admin-system-health-fixes/settings-auth.property.test.ts[2m > 
[22m[2mFeature: admin-system-health-fixes, Property 3: Settings Authentication 
Requirement[2m > [22m[2mProperty: Requests without valid auth are rejected with 401 
(Requirement 2.6)[2m > [22m[2mshould reject POST requests without valid authentication
[22m[39m[ARCJET] WARNING: Running without Arcjet protection

[90mstderr[2m | 
tests/property/admin-system-health-fixes/settings-auth.property.test.ts[2m > 
[22m[2mFeature: admin-system-health-fixes, Property 3: Settings Authentication 
Requirement[2m > [22m[2mProperty: Requests without valid auth are rejected with 401 
(Requirement 2.6)[2m > [22m[2mshould reject PUT requests without valid authentication
[22m[39m[ARCJET] WARNING: Running without Arcjet protection

[90mstderr[2m | 
tests/property/admin-system-health-fixes/settings-auth.property.test.ts[2m > 
[22m[2mFeature: admin-system-health-fixes, Property 3: Settings Authentication 
Requirement[2m > [22m[2mProperty: Requests without valid auth are rejected with 401 
(Requirement 2.6)[2m > [22m[2mshould reject PUT requests without valid authentication
[22m[39m[ARCJET] WARNING: Running without Arcjet protection

[90mstderr[2m | 
tests/property/admin-system-health-fixes/settings-auth.property.test.ts[2m > 
[22m[2mFeature: admin-system-health-fixes, Property 3: Settings Authentication 
Requirement[2m > [22m[2mProperty: Requests without valid auth are rejected with 401 
(Requirement 2.6)[2m > [22m[2mshould reject PUT requests without valid authentication
[22m[39m[ARCJET] WARNING: Running without Arcjet protection

[90mstderr[2m | 
tests/property/admin-system-health-fixes/settings-auth.property.test.ts[2m > 
[22m[2mFeature: admin-system-health-fixes, Property 3: Settings Authentication 
Requirement[2m > [22m[2mProperty: Requests without valid auth are rejected with 401 
(Requirement 2.6)[2m > [22m[2mshould reject PUT requests without valid authentication
[33m[39m[32m┬╖[39m[90mstdout[2m | tests/property/admin-system-health-fixes/settings-auth.property.test.ts[2m > [22m[2mFeature: admin-system-health-fixes, Property 3: Settings Authentication Requirement[2m > [22m[2mProperty: Requests without valid auth are rejected with 401 (Requirement 2.6)[2m > [22m[2mshould reject PUT requests without valid authentication
[22m[39m[AUTH] Token verification failed: Access token verification failed

[90mstdout[2m | tests/property/admin-system-health-fixes/settings-auth.property.test.ts[2m > [22m[2mFeature: admin-system-health-fixes, Property 3: Settings Authentication Requirement[2m > [22m[2mProperty: Requests without valid auth are rejected with 401 (Requirement 2.6)[2m > [22m[2mshould reject PUT requests without valid authentication
[22m[39m[AUTH] Token verification failed: Access token verification failed

[90mstdout[2m | tests/property/admin-system-health-fixes/settings-auth.property.test.ts[2m > [22m[2mFeature: admin-system-health-fixes, Property 3: Settings Authentication Requirement[2m > [22m[2mProperty: Requests without valid auth are rejected with 401 (Requirement 2.6)[2m > [22m[2mshould reject PUT requests without valid authentication
[22m[39m[AUTH] Token verification failed: Access token verification failed

[90mstdout[2m | tests/property/admin-system-health-fixes/settings-auth.property.test.ts[2m > [22m[2mFeature: admin-system-health-fixes, Property 3: Settings Authentication Requirement[2m > [22m[2mProperty: Requests without valid auth are rejected with 401 (Requirement 2.6)[2m > [22m[2mshould reject PUT requests without valid authentication
[22m[39m[AUTH] Token verification failed: Access token verification failed

[22m[39m[ARCJET] WARNING: Running without Arcjet protection

[90mstderr[2m | 
tests/property/admin-system-health-fixes/settings-auth.property.test.ts[2m > 
[22m[2mFeature: admin-system-health-fixes, Property 3: Settings Authentication 
Requirement[2m > [22m[2mProperty: Requests without valid auth are rejected with 401 
(Requirement 2.6)[2m > [22m[2mshould reject PUT requests without valid authentication
[22m[39m[ARCJET] WARNING: Running without Arcjet protection

[90mstderr[2m | 
tests/property/admin-system-health-fixes/settings-auth.property.test.ts[2m > 
[22m[2mFeature: admin-system-health-fixes, Property 3: Settings Authentication 
Requirement[2m > [22m[2mProperty: Requests without valid auth are rejected with 401 
(Requirement 2.6)[2m > [22m[2mshould reject PUT requests without valid authentication
[22m[39m[ARCJET] WARNING: Running without Arcjet protection

[90mstderr[2m | 
tests/property/admin-system-health-fixes/settings-auth.property.test.ts[2m > 
[22m[2mFeature: admin-system-health-fixes, Property 3: Settings Authentication 
Requirement[2m > [22m[2mProperty: Requests without valid auth are rejected with 401 
(Requirement 2.6)[2m > [22m[2mshould reject PUT requests without valid authentication
[22m[39m[ARCJET] WARNING: Running without Arcjet protection

[90mstderr[2m | 
tests/property/admin-system-health-fixes/settings-auth.property.test.ts[2m > 
[22m[2mFeature: admin-system-health-fixes, Property 3: Settings Authentication 
Requirement[2m > [22m[2mProperty: Requests without valid auth are rejected with 401 
(Requirement 2.6)[2m > [22m[2mshould reject PUT requests without valid authentication
[22m[39m[ARCJET] WARNING: Running without Arcjet protection

[90mstderr[2m | 
tests/property/admin-system-health-fixes/settings-auth.property.test.ts[2m > 
[22m[2mFeature: admin-system-health-fixes, Property 3: Settings Authentication 
Requirement[2m > [22m[2mProperty: Requests without valid auth are rejected with 401 
(Requirement 2.6)[2m > [22m[2mshould reject PUT requests without valid authentication
[22m[39m[ARCJET] WARNING: Running without Arcjet protection

[90mstderr[2m | 
tests/property/admin-system-health-fixes/settings-auth.property.test.ts[2m > 
[22m[2mFeature: admin-system-health-fixes, Property 3: Settings Authentication 
Requirement[2m > [22m[2mProperty: Requests without valid auth are rejected with 401 
(Requirement 2.6)[2m > [22m[2mshould reject PUT requests without valid authentication
[22m[39m[ARCJET] WARNING: Running without Arcjet protection

[90mstderr[2m | 
tests/property/admin-system-health-fixes/settings-auth.property.test.ts[2m > 
[22m[2mFeature: admin-system-health-fixes, Property 3: Settings Authentication 
Requirement[2m > [22m[2mProperty: Requests without valid auth are rejected with 401 
(Requirement 2.6)[2m > [22m[2mshould reject PUT requests without valid authentication
[22m[39m[ARCJET] WARNING: Running without Arcjet protection

[90mstderr[2m | 
tests/property/admin-system-health-fixes/settings-auth.property.test.ts[2m > 
[22m[2mFeature: admin-system-health-fixes, Property 3: Settings Authentication 
Requirement[2m > [22m[2mProperty: Requests without valid auth are rejected with 401 
(Requirement 2.6)[2m > [22m[2mshould reject PUT requests without valid authentication
[22m[39m[ARCJET] WARNING: Running without Arcjet protection

[90mstderr[2m | 
tests/property/admin-system-health-fixes/settings-auth.property.test.ts[2m > 
[22m[2mFeature: admin-system-health-fixes, Property 3: Settings Authentication 
Requirement[2m > [22m[2mProperty: Requests without valid auth are rejected with 401 
(Requirement 2.6)[2m > [22m[2mshould reject PUT requests without valid authentication
[22m[39m[ARCJET] WARNING: Running without Arcjet protection

[90mstderr[2m | 
tests/property/admin-system-health-fixes/settings-auth.property.test.ts[2m > 
[22m[2mFeature: admin-system-health-fixes, Property 3: Settings Authentication 
Requirement[2m > [22m[2mProperty: Requests without valid auth are rejected with 401 
(Requirement 2.6)[2m > [22m[2mshould reject PUT requests without valid authentication
[22m[39m[ARCJET] WARNING: Running without Arcjet protection

[90mstderr[2m | 
tests/property/admin-system-health-fixes/settings-auth.property.test.ts[2m > 
[22m[2mFeature: admin-system-health-fixes, Property 3: Settings Authentication 
Requirement[2m > [22m[2mProperty: Requests without valid auth are rejected with 401 
(Requirement 2.6)[2m > [22m[2mshould reject PUT requests without valid authentication
[22m[39m[ARCJET] WARNING: Running without Arcjet protection

[90mstderr[2m | 
tests/property/admin-system-health-fixes/settings-auth.property.test.ts[2m > 
[22m[2mFeature: admin-system-health-fixes, Property 3: Settings Authentication 
Requirement[2m > [22m[2mProperty: Requests without valid auth are rejected with 401 
(Requirement 2.6)[2m > [22m[2mshould reject PUT requests without valid authentication
[22m[39m[ARCJET] WARNING: Running without Arcjet protection

[90mstderr[2m | 
tests/property/admin-system-health-fixes/settings-auth.property.test.ts[2m > 
[22m[2mFeature: admin-system-health-fixes, Property 3: Settings Authentication 
Requirement[2m > [22m[2mProperty: Requests without valid auth are rejected with 401 
(Requirement 2.6)[2m > [22m[2mshould reject PUT requests without valid authentication
[22m[39m[ARCJET] WARNING: Running without Arcjet protection

[90mstderr[2m | 
tests/property/admin-system-health-fixes/settings-auth.property.test.ts[2m > 
[22m[2mFeature: admin-system-health-fixes, Property 3: Settings Authentication 
Requirement[2m > [22m[2mProperty: Requests without valid auth are rejected with 401 
(Requirement 2.6)[2m > [22m[2mshould reject PUT requests without valid authentication
[22m[39m[ARCJET] WARNING: Running without Arcjet protection

[90mstderr[2m | 
tests/property/admin-system-health-fixes/settings-auth.property.test.ts[2m > 
[22m[2mFeature: admin-system-health-fixes, Property 3: Settings Authentication 
Requirement[2m > [22m[2mProperty: Requests without valid auth are rejected with 401 
(Requirement 2.6)[2m > [22m[2mshould reject PUT requests without valid authentication
[22m[39m[ARCJET] WARNING: Running without Arcjet protection

[90mstderr[2m | 
tests/property/admin-system-health-fixes/settings-auth.property.test.ts[2m > 
[22m[2mFeature: admin-system-health-fixes, Property 3: Settings Authentication 
Requirement[2m > [22m[2mProperty: Requests without valid auth are rejected with 401 
(Requirement 2.6)[2m > [22m[2mshould reject PUT requests without valid authentication
[22m[39m[ARCJET] WARNING: Running without Arcjet protection

[90mstderr[2m | 
tests/property/admin-system-health-fixes/settings-auth.property.test.ts[2m > 
[22m[2mFeature: admin-system-health-fixes, Property 3: Settings Authentication 
Requirement[2m > [22m[2mProperty: Requests without valid auth are rejected with 401 
(Requirement 2.6)[2m > [22m[2mshould reject PUT requests without valid authentication
[22m[39m[ARCJET] WARNING: Running without Arcjet protection

[90mstderr[2m | 
tests/property/admin-system-health-fixes/settings-auth.property.test.ts[2m > 
[22m[2mFeature: admin-system-health-fixes, Property 3: Settings Authentication 
Requirement[2m > [22m[2mProperty: Requests without valid auth are rejected with 401 
(Requirement 2.6)[2m > [22m[2mshould reject PUT requests without valid authentication
[22m[39m[ARCJET] WARNING: Running without Arcjet protection

[90mstderr[2m | 
tests/property/admin-system-health-fixes/settings-auth.property.test.ts[2m > 
[22m[2mFeature: admin-system-health-fixes, Property 3: Settings Authentication 
Requirement[2m > [22m[2mProperty: Requests without valid auth are rejected with 401 
(Requirement 2.6)[2m > [22m[2mshould reject PUT requests without valid authentication
[22m[39m[ARCJET] WARNING: Running without Arcjet protection

[90mstderr[2m | 
tests/property/admin-system-health-fixes/settings-auth.property.test.ts[2m > 
[22m[2mFeature: admin-system-health-fixes, Property 3: Settings Authentication 
Requirement[2m > [22m[2mProperty: Requests without valid auth are rejected with 401 
(Requirement 2.6)[2m > [22m[2mshould reject PUT requests without valid authentication
[22m[39m[ARCJET] WARNING: Running without Arcjet protection

[90mstderr[2m | 
tests/property/admin-system-health-fixes/settings-auth.property.test.ts[2m > 
[22m[2mFeature: admin-system-health-fixes, Property 3: Settings Authentication 
Requirement[2m > [22m[2mProperty: Requests without valid auth are rejected with 401 
(Requirement 2.6)[2m > [22m[2mshould reject PUT requests without valid authentication
[22m[39m[ARCJET] WARNING: Running without Arcjet protection

[90mstderr[2m | 
tests/property/admin-system-health-fixes/settings-auth.property.test.ts[2m > 
[22m[2mFeature: admin-system-health-fixes, Property 3: Settings Authentication 
Requirement[2m > [22m[2mProperty: Requests without valid auth are rejected with 401 
(Requirement 2.6)[2m > [22m[2mshould reject PUT requests without valid authentication
[22m[39m[ARCJET] WARNING: Running without Arcjet protection

[90mstderr[2m | 
tests/property/admin-system-health-fixes/settings-auth.property.test.ts[2m > 
[22m[2mFeature: admin-system-health-fixes, Property 3: Settings Authentication 
Requirement[2m > [22m[2mProperty: Requests without valid auth are rejected with 401 
(Requirement 2.6)[2m > [22m[2mshould reject PUT requests without valid authentication
[22m[39m[ARCJET] WARNING: Running without Arcjet protection

[90mstderr[2m | 
tests/property/admin-system-health-fixes/settings-auth.property.test.ts[2m > 
[22m[2mFeature: admin-system-health-fixes, Property 3: Settings Authentication 
Requirement[2m > [22m[2mProperty: Requests without valid auth are rejected with 401 
(Requirement 2.6)[2m > [22m[2mshould reject PUT requests without valid authentication
[22m[39m[ARCJET] WARNING: Running without Arcjet protection

[90mstderr[2m | 
tests/property/admin-system-health-fixes/settings-auth.property.test.ts[2m > 
[22m[2mFeature: admin-system-health-fixes, Property 3: Settings Authentication 
Requirement[2m > [22m[2mProperty: Requests without valid auth are rejected with 401 
(Requirement 2.6)[2m > [22m[2mshould reject PUT requests without valid authentication
[22m[39m[ARCJET] WARNING: Running without Arcjet protection

[90mstderr[2m | 
tests/property/admin-system-health-fixes/settings-auth.property.test.ts[2m > 
[22m[2mFeature: admin-system-health-fixes, Property 3: Settings Authentication 
Requirement[2m > [22m[2mProperty: Requests without valid auth are rejected with 401 
(Requirement 2.6)[2m > [22m[2mshould reject PUT requests without valid authentication
[22m[39m[ARCJET] WARNING: Running without Arcjet protection

[90mstderr[2m | 
tests/property/admin-system-health-fixes/settings-auth.property.test.ts[2m > 
[22m[2mFeature: admin-system-health-fixes, Property 3: Settings Authentication 
Requirement[2m > [22m[2mProperty: Requests without valid auth are rejected with 401 
(Requirement 2.6)[2m > [22m[2mshould reject PUT requests without valid authentication
[22m[39m[ARCJET] WARNING: Running without Arcjet protection

[90mstderr[2m | 
tests/property/admin-system-health-fixes/settings-auth.property.test.ts[2m > 
[22m[2mFeature: admin-system-health-fixes, Property 3: Settings Authentication 
Requirement[2m > [22m[2mProperty: Requests without valid auth are rejected with 401 
(Requirement 2.6)[2m > [22m[2mshould reject PUT requests without valid authentication
[22m[39m[ARCJET] WARNING: Running without Arcjet protection

[90mstderr[2m | 
tests/property/admin-system-health-fixes/settings-auth.property.test.ts[2m > 
[22m[2mFeature: admin-system-health-fixes, Property 3: Settings Authentication 
Requirement[2m > [22m[2mProperty: Requests without valid auth are rejected with 401 
(Requirement 2.6)[2m > [22m[2mshould reject PUT requests without valid authentication
[22m[39m[ARCJET] WARNING: Running without Arcjet protection

[90mstderr[2m | 
tests/property/admin-system-health-fixes/settings-auth.property.test.ts[2m > 
[22m[2mFeature: admin-system-health-fixes, Property 3: Settings Authentication 
Requirement[2m > [22m[2mProperty: Requests without valid auth are rejected with 401 
(Requirement 2.6)[2m > [22m[2mshould reject PUT requests without valid authentication
[22m[39m[ARCJET] WARNING: Running without Arcjet protection

[90mstderr[2m | 
tests/property/admin-system-health-fixes/settings-auth.property.test.ts[2m > 
[22m[2mFeature: admin-system-health-fixes, Property 3: Settings Authentication 
Requirement[2m > [22m[2mProperty: Requests without valid auth are rejected with 401 
(Requirement 2.6)[2m > [22m[2mshould reject PUT requests without valid authentication
[22m[39m[ARCJET] WARNING: Running without Arcjet protection

[90mstderr[2m | 
tests/property/admin-system-health-fixes/settings-auth.property.test.ts[2m > 
[22m[2mFeature: admin-system-health-fixes, Property 3: Settings Authentication 
Requirement[2m > [22m[2mProperty: Requests without valid auth are rejected with 401 
(Requirement 2.6)[2m > [22m[2mshould reject PUT requests without valid authentication
[22m[39m[ARCJET] WARNING: Running without Arcjet protection

[90mstderr[2m | 
tests/property/admin-system-health-fixes/settings-auth.property.test.ts[2m > 
[22m[2mFeature: admin-system-health-fixes, Property 3: Settings Authentication 
Requirement[2m > [22m[2mProperty: Requests without valid auth are rejected with 401 
(Requirement 2.6)[2m > [22m[2mshould reject PUT requests without valid authentication
[22m[39m[ARCJET] WARNING: Running without Arcjet protection

[90mstderr[2m | 
tests/property/admin-system-health-fixes/settings-auth.property.test.ts[2m > 
[22m[2mFeature: admin-system-health-fixes, Property 3: Settings Authentication 
Requirement[2m > [22m[2mProperty: Requests without valid auth are rejected with 401 
(Requirement 2.6)[2m > [22m[2mshould reject PUT requests without valid authentication
[22m[39m[ARCJET] WARNING: Running without Arcjet protection

[90mstderr[2m | 
tests/property/admin-system-health-fixes/settings-auth.property.test.ts[2m > 
[22m[2mFeature: admin-system-health-fixes, Property 3: Settings Authentication 
Requirement[2m > [22m[2mProperty: Requests without valid auth are rejected with 401 
(Requirement 2.6)[2m > [22m[2mshould reject PUT requests without valid authentication
[22m[39m[ARCJET] WARNING: Running without Arcjet protection

[90mstderr[2m | 
tests/property/admin-system-health-fixes/settings-auth.property.test.ts[2m > 
[22m[2mFeature: admin-system-health-fixes, Property 3: Settings Authentication 
Requirement[2m > [22m[2mProperty: Requests without valid auth are rejected with 401 
(Requirement 2.6)[2m > [22m[2mshould reject PUT requests without valid authentication
[22m[39m[ARCJET] WARNING: Running without Arcjet protection

[90mstderr[2m | 
tests/property/admin-system-health-fixes/settings-auth.property.test.ts[2m > 
[22m[2mFeature: admin-system-health-fixes, Property 3: Settings Authentication 
Requirement[2m > [22m[2mProperty: Requests without valid auth are rejected with 401 
(Requirement 2.6)[2m > [22m[2mshould reject PUT requests without valid authentication
[22m[39m[ARCJET] WARNING: Running without Arcjet protection

[90mstderr[2m | 
tests/property/admin-system-health-fixes/settings-auth.property.test.ts[2m > 
[22m[2mFeature: admin-system-health-fixes, Property 3: Settings Authentication 
Requirement[2m > [22m[2mProperty: Requests without valid auth are rejected with 401 
(Requirement 2.6)[2m > [22m[2mshould reject PUT requests without valid authentication
[22m[39m[ARCJET] WARNING: Running without Arcjet protection

[90mstderr[2m | 
tests/property/admin-system-health-fixes/settings-auth.property.test.ts[2m > 
[22m[2mFeature: admin-system-health-fixes, Property 3: Settings Authentication 
Requirement[2m > [22m[2mProperty: Requests without valid auth are rejected with 401 
(Requirement 2.6)[2m > [22m[2mshould reject PUT requests without valid authentication
[22m[39m[ARCJET] WARNING: Running without Arcjet protection

[90mstderr[2m | 
tests/property/admin-system-health-fixes/settings-auth.property.test.ts[2m > 
[22m[2mFeature: admin-system-health-fixes, Property 3: Settings Authentication 
Requirement[2m > [22m[2mProperty: Requests without valid auth are rejected with 401 
(Requirement 2.6)[2m > [22m[2mshould reject PUT requests without valid authentication
[22m[39m[ARCJET] WARNING: Running without Arcjet protection

[90mstderr[2m | 
tests/property/admin-system-health-fixes/settings-auth.property.test.ts[2m > 
[22m[2mFeature: admin-system-health-fixes, Property 3: Settings Authentication 
Requirement[2m > [22m[2mProperty: Requests without valid auth are rejected with 401 
(Requirement 2.6)[2m > [22m[2mshould reject PUT requests without valid authentication
[22m[39m[ARCJET] WARNING: Running without Arcjet protection

[90mstderr[2m | 
tests/property/admin-system-health-fixes/settings-auth.property.test.ts[2m > 
[22m[2mFeature: admin-system-health-fixes, Property 3: Settings Authentication 
Requirement[2m > [22m[2mProperty: Requests without valid auth are rejected with 401 
(Requirement 2.6)[2m > [22m[2mshould reject PUT requests without valid authentication
[22m[39m[ARCJET] WARNING: Running without Arcjet protection

[90mstderr[2m | 
tests/property/admin-system-health-fixes/settings-auth.property.test.ts[2m > 
[22m[2mFeature: admin-system-health-fixes, Property 3: Settings Authentication 
Requirement[2m > [22m[2mProperty: Requests without valid auth are rejected with 401 
(Requirement 2.6)[2m > [22m[2mshould reject PUT requests without valid authentication
[22m[39m[ARCJET] WARNING: Running without Arcjet protection

[90mstdout[2m | tests/property/admin-system-health-fixes/settings-auth.property.test.ts[2m > [22m[2mFeature: admin-system-health-fixes, Property 3: Settings Authentication Requirement[2m > [22m[2mProperty: Requests without valid auth are rejected with 401 (Requirement 2.6)[2m > [22m[2mshould reject PUT requests without valid authentication
[22m[39m[AUTH] Token verification failed: Access token verification failed
[90mstderr[2m | 
tests/property/admin-system-health-fixes/settings-auth.property.test.ts[2m > 
[22m[2mFeature: admin-system-health-fixes, Property 3: Settings Authentication 
Requirement[2m > [22m[2mProperty: Requests without valid auth are rejected with 401 
(Requirement 2.6)[2m > [22m[2mshould reject PUT requests without valid authentication
[22m[39m[ARCJET] WARNING: Running without Arcjet protection

[90mstderr[2m | 
tests/property/admin-system-health-fixes/settings-auth.property.test.ts[2m > 
[22m[2mFeature: admin-system-health-fixes, Property 3: Settings Authentication 
Requirement[2m > [22m[2mProperty: Requests without valid auth are rejected with 401 
(Requirement 2.6)[2m > [22m[2mshould reject PUT requests without valid authentication
[22m[39m[ARCJET] WARNING: Running without Arcjet protection

[90mstderr[2m | 
tests/property/admin-system-health-fixes/settings-auth.property.test.ts[2m > 
[22m[2mFeature: admin-system-health-fixes, Property 3: Settings Authentication 
Requirement[2m > [22m[2mProperty: Requests without valid auth are rejected with 401 
(Requirement 2.6)[2m > [22m[2mshould reject PUT requests without valid authentication
[22m[39m[ARCJET] WARNING: Running without Arcjet protection

[90mstderr[2m | 
tests/property/admin-system-health-fixes/settings-auth.property.test.ts[2m > 
[22m[2mFeature: admin-system-health-fixes, Property 3: Settings Authentication 
Requirement[2m > [22m[2mProperty: Requests without valid auth are rejected with 401 
(Requirement 2.6)[2m > [22m[2mshould reject PUT requests without valid authentication
[22m[39m[ARCJET] WARNING: Running without Arcjet protection

[90mstderr[2m | 
tests/property/admin-system-health-fixes/settings-auth.property.test.ts[2m > 
[22m[2mFeature: admin-system-health-fixes, Property 3: Settings Authentication 
Requirement[2m > [22m[2mProperty: Requests without valid auth are rejected with 401 
(Requirement 2.6)[2m > [22m[2mshould reject PUT requests without valid authentication
[22m[39m[ARCJET] WARNING: Running without Arcjet protection

[90mstderr[2m | 
tests/property/admin-system-health-fixes/settings-auth.property.test.ts[2m > 
[22m[2mFeature: admin-system-health-fixes, Property 3: Settings Authentication 
Requirement[2m > [22m[2mProperty: Requests without valid auth are rejected with 401 
(Requirement 2.6)[2m > [22m[2mshould reject PUT requests without valid authentication
[22m[39m[ARCJET] WARNING: Running without Arcjet protection

[90mstderr[2m | 
tests/property/admin-system-health-fixes/settings-auth.property.test.ts[2m > 
[22m[2mFeature: admin-system-health-fixes, Property 3: Settings Authentication 
Requirement[2m > [22m[2mProperty: Requests without valid auth are rejected with 401 
(Requirement 2.6)[2m > [22m[2mshould reject PUT requests without valid authentication
[22m[39m[ARCJET] WARNING: Running without Arcjet protection

[90mstderr[2m | 
tests/property/admin-system-health-fixes/settings-auth.property.test.ts[2m > 
[22m[2mFeature: admin-system-health-fixes, Property 3: Settings Authentication 
Requirement[2m > [22m[2mProperty: Requests without valid auth are rejected with 401 
(Requirement 2.6)[2m > [22m[2mshould reject PUT requests without valid authentication
[22m[39m[ARCJET] WARNING: Running without Arcjet protection

[90mstderr[2m | 
tests/property/admin-system-health-fixes/settings-auth.property.test.ts[2m > 
[22m[2mFeature: admin-system-health-fixes, Property 3: Settings Authentication 
Requirement[2m > [22m[2mProperty: Requests without valid auth are rejected with 401 
(Requirement 2.6)[2m > [22m[2mshould reject PUT requests without valid authentication
[22m[39m[ARCJET] WARNING: Running without Arcjet protection

[90mstderr[2m | 
tests/property/admin-system-health-fixes/settings-auth.property.test.ts[2m > 
[22m[2mFeature: admin-system-health-fixes, Property 3: Settings Authentication 
Requirement[2m > [22m[2mProperty: Requests without valid auth are rejected with 401 
(Requirement 2.6)[2m > [22m[2mshould reject PUT requests without valid authentication
[22m[39m[ARCJET] WARNING: Running without Arcjet protection

[90mstderr[2m | 
tests/property/admin-system-health-fixes/settings-auth.property.test.ts[2m > 
[22m[2mFeature: admin-system-health-fixes, Property 3: Settings Authentication 
Requirement[2m > [22m[2mProperty: Requests without valid auth are rejected with 401 
(Requirement 2.6)[2m > [22m[2mshould reject PUT requests without valid authentication
[22m[39m[ARCJET] WARNING: Running without Arcjet protection

[90mstderr[2m | 
tests/property/admin-system-health-fixes/settings-auth.property.test.ts[2m > 
[22m[2mFeature: admin-system-health-fixes, Property 3: Settings Authentication 
Requirement[2m > [22m[2mProperty: Requests without valid auth are rejected with 401 
(Requirement 2.6)[2m > [22m[2mshould reject PUT requests without valid authentication
[22m[39m[ARCJET] WARNING: Running without Arcjet protection

[90mstderr[2m | 
tests/property/admin-system-health-fixes/settings-auth.property.test.ts[2m > 
[22m[2mFeature: admin-system-health-fixes, Property 3: Settings Authentication 
Requirement[2m > [22m[2mProperty: Requests without valid auth are rejected with 401 
(Requirement 2.6)[2m > [22m[2mshould reject PUT requests without valid authentication
[22m[39m[ARCJET] WARNING: Running without Arcjet protection

[90mstderr[2m | 
tests/property/admin-system-health-fixes/settings-auth.property.test.ts[2m > 
[22m[2mFeature: admin-system-health-fixes, Property 3: Settings Authentication 
Requirement[2m > [22m[2mProperty: Requests without valid auth are rejected with 401 
(Requirement 2.6)[2m > [22m[2mshould reject PUT requests without valid authentication
[22m[39m[ARCJET] WARNING: Running without Arcjet protection

[90mstderr[2m | 
tests/property/admin-system-health-fixes/settings-auth.property.test.ts[2m > 
[22m[2mFeature: admin-system-health-fixes, Property 3: Settings Authentication 
Requirement[2m > [22m[2mProperty: Requests without valid auth are rejected with 401 
(Requirement 2.6)[2m > [22m[2mshould reject PUT requests without valid authentication
[22m[39m[ARCJET] WARNING: Running without Arcjet protection

[90mstderr[2m | 
tests/property/admin-system-health-fixes/settings-auth.property.test.ts[2m > 
[22m[2mFeature: admin-system-health-fixes, Property 3: Settings Authentication 
Requirement[2m > [22m[2mProperty: Requests without valid auth are rejected with 401 
(Requirement 2.6)[2m > [22m[2mshould reject PUT requests without valid authentication
[22m[39m[ARCJET] WARNING: Running without Arcjet protection

[90mstderr[2m | 
tests/property/admin-system-health-fixes/settings-auth.property.test.ts[2m > 
[22m[2mFeature: admin-system-health-fixes, Property 3: Settings Authentication 
Requirement[2m > [22m[2mProperty: Requests without valid auth are rejected with 401 
(Requirement 2.6)[2m > [22m[2mshould reject PUT requests without valid authentication
[22m[39m[ARCJET] WARNING: Running without Arcjet protection

[90mstderr[2m | 
tests/property/admin-system-health-fixes/settings-auth.property.test.ts[2m > 
[22m[2mFeature: admin-system-health-fixes, Property 3: Settings Authentication 
Requirement[2m > [22m[2mProperty: Requests without valid auth are rejected with 401 
(Requirement 2.6)[2m > [22m[2mshould reject PUT requests without valid authentication
[22m[39m[ARCJET] WARNING: Running without Arcjet protection

[90mstderr[2m | 
tests/property/admin-system-health-fixes/settings-auth.property.test.ts[2m > 
[22m[2mFeature: admin-system-health-fixes, Property 3: Settings Authentication 
Requirement[2m > [22m[2mProperty: Requests without valid auth are rejected with 401 
(Requirement 2.6)[2m > [22m[2mshould reject PUT requests without valid authentication
[22m[39m[ARCJET] WARNING: Running without Arcjet protection

[90mstderr[2m | 
tests/property/admin-system-health-fixes/settings-auth.property.test.ts[2m > 
[22m[2mFeature: admin-system-health-fixes, Property 3: Settings Authentication 
Requirement[2m > [22m[2mProperty: Requests without valid auth are rejected with 401 
(Requirement 2.6)[2m > [22m[2mshould reject PUT requests without valid authentication
[22m[39m[ARCJET] WARNING: Running without Arcjet protection

[90mstderr[2m | 
tests/property/admin-system-health-fixes/settings-auth.property.test.ts[2m > 
[22m[2mFeature: admin-system-health-fixes, Property 3: Settings Authentication 
Requirement[2m > [22m[2mProperty: Requests without valid auth are rejected with 401 
(Requirement 2.6)[2m > [22m[2mshould reject PUT requests without valid authentication
[22m[39m[ARCJET] WARNING: Running without Arcjet protection

[90mstderr[2m | 
tests/property/admin-system-health-fixes/settings-auth.property.test.ts[2m > 
[22m[2mFeature: admin-system-health-fixes, Property 3: Settings Authentication 
Requirement[2m > [22m[2mProperty: Requests without valid auth are rejected with 401 
(Requirement 2.6)[2m > [22m[2mshould reject PUT requests without valid authentication
[22m[39m[ARCJET] WARNING: Running without Arcjet protection

[90mstderr[2m | 
tests/property/admin-system-health-fixes/settings-auth.property.test.ts[2m > 
[22m[2mFeature: admin-system-health-fixes, Property 3: Settings Authentication 
Requirement[2m > [22m[2mProperty: Requests without valid auth are rejected with 401 
(Requirement 2.6)[2m > [22m[2mshould reject PUT requests without valid authentication
[22m[39m[ARCJET] WARNING: Running without Arcjet protection

[90mstderr[2m | 
tests/property/admin-system-health-fixes/settings-auth.property.test.ts[2m > 
[22m[2mFeature: admin-system-health-fixes, Property 3: Settings Authentication 
Requirement[2m > [22m[2mProperty: Requests without valid auth are rejected with 401 
(Requirement 2.6)[2m > [22m[2mshould reject PUT requests without valid authentication
[22m[39m[ARCJET] WARNING: Running without Arcjet protection

[90mstderr[2m | 
tests/property/admin-system-health-fixes/settings-auth.property.test.ts[2m > 
[22m[2mFeature: admin-system-health-fixes, Property 3: Settings Authentication 
Requirement[2m > [22m[2mProperty: Requests without valid auth are rejected with 401 
(Requirement 2.6)[2m > [22m[2mshould reject PUT requests without valid authentication
[22m[39m[ARCJET] WARNING: Running without Arcjet protection

[90mstderr[2m | 
tests/property/admin-system-health-fixes/settings-auth.property.test.ts[2m > 
[22m[2mFeature: admin-system-health-fixes, Property 3: Settings Authentication 
Requirement[2m > [22m[2mProperty: Requests without valid auth are rejected with 401 
(Requirement 2.6)[2m > [22m[2mshould reject PUT requests without valid authentication
[22m[39m[ARCJET] WARNING: Running without Arcjet protection

[90mstderr[2m | 
tests/property/admin-system-health-fixes/settings-auth.property.test.ts[2m > 
[22m[2mFeature: admin-system-health-fixes, Property 3: Settings Authentication 
Requirement[2m > [22m[2mProperty: Requests without valid auth are rejected with 401 
(Requirement 2.6)[2m > [22m[2mshould reject PUT requests without valid authentication
[22m[39m[ARCJET] WARNING: Running without Arcjet protection

[90mstderr[2m | 
tests/property/admin-system-health-fixes/settings-auth.property.test.ts[2m > 
[22m[2mFeature: admin-system-health-fixes, Property 3: Settings Authentication 
Requirement[2m > [22m[2mProperty: Requests without valid auth are rejected with 401 
(Requirement 2.6)[2m > [22m[2mshould reject PUT requests without valid authentication
[22m[39m[ARCJET] WARNING: Running without Arcjet protection

[90mstderr[2m | 
tests/property/admin-system-health-fixes/settings-auth.property.test.ts[2m > 
[22m[2mFeature: admin-system-health-fixes, Property 3: Settings Authentication 
Requirement[2m > [22m[2mProperty: Requests without valid auth are rejected with 401 
(Requirement 2.6)[2m > [22m[2mshould reject PUT requests without valid authentication
[22m[39m[ARCJET] WARNING: Running without Arcjet protection

[90mstderr[2m | 
tests/property/admin-system-health-fixes/settings-auth.property.test.ts[2m > 
[22m[2mFeature: admin-system-health-fixes, Property 3: Settings Authentication 
Requirement[2m > [22m[2mProperty: Requests without valid auth are rejected with 401 
(Requirement 2.6)[2m > [22m[2mshould reject PUT requests without valid authentication
[22m[39m[ARCJET] WARNING: Running without Arcjet protection

[90mstderr[2m | 
tests/property/admin-system-health-fixes/settings-auth.property.test.ts[2m > 
[22m[2mFeature: admin-system-health-fixes, Property 3: Settings Authentication 
Requirement[2m > [22m[2mProperty: Requests without valid auth are rejected with 401 
(Requirement 2.6)[2m > [22m[2mshould reject PUT requests without valid authentication
[22m[39m[ARCJET] WARNING: Running without Arcjet protection

[90mstderr[2m | 
tests/property/admin-system-health-fixes/settings-auth.property.test.ts[2m > 
[22m[2mFeature: admin-system-health-fixes, Property 3: Settings Authentication 
Requirement[2m > [22m[2mProperty: Requests without valid auth are rejected with 401 
(Requirement 2.6)[2m > [22m[2mshould reject PUT requests without valid authentication
[22m[39m[ARCJET] WARNING: Running without Arcjet protection

[90mstderr[2m | 
tests/property/admin-system-health-fixes/settings-auth.property.test.ts[2m > 
[22m[2mFeature: admin-system-health-fixes, Property 3: Settings Authentication 
Requirement[2m > [22m[2mProperty: Requests without valid auth are rejected with 401 
(Requirement 2.6)[2m > [22m[2mshould reject PUT requests without valid authentication
[22m[39m[ARCJET] WARNING: Running without Arcjet protection

[90mstderr[2m | 
tests/property/admin-system-health-fixes/settings-auth.property.test.ts[2m > 
[22m[2mFeature: admin-system-health-fixes, Property 3: Settings Authentication 
Requirement[2m > [22m[2mProperty: Requests without valid auth are rejected with 401 
(Requirement 2.6)[2m > [22m[2mshould reject PUT requests without valid authentication
[22m[39m[ARCJET] WARNING: Running without Arcjet protection


[90mstdout[2m | tests/property/admin-system-health-fixes/settings-auth.property.test.ts[2m > [22m[2mFeature: admin-system-health-fixes, Property 3: Settings Authentication Requirement[2m > [22m[2mProperty: Requests without valid auth are rejected with 401 (Requirement 2.6)[2m > [22m[2mshould reject PUT requests without valid authentication
[22m[39m[AUTH] Token verification failed: Access token verification failed

[90mstdout[2m | tests/property/admin-system-health-fixes/settings-auth.property.test.ts[2m > [22m[2mFeature: admin-system-health-fixes, Property 3: Settings Authentication Requirement[2m > [22m[2mProperty: Requests without valid auth are rejected with 401 (Requirement 2.6)[2m > [22m[2mshould reject PUT requests without valid authentication
[22m[39m[AUTH] Token verification failed: Access token verification failed

[90mstdout[2m | tests/property/admin-system-health-fixes/settings-auth.property.test.ts[2m > [22m[2mFeature: admin-system-health-fixes, Property 3: Settings Authentication Requirement[2m > [22m[2mProperty: Requests without valid auth are rejected with 401 (Requirement 2.6)[2m > [22m[2mshould reject PUT requests without valid authentication
[22m[39m[AUTH] Token verification failed: Access token verification failed

[90mstdout[2m | tests/property/admin-system-health-fixes/settings-auth.property.test.ts[2m > [22m[2mFeature: admin-system-health-fixes, Property 3: Settings Authentication Requirement[2m > [22m[2mProperty: Requests without valid auth are rejected with 401 (Requirement 2.6)[2m > [22m[2mshould reject PUT requests without valid authentication
[22m[39m[AUTH] Token verification failed: Access token verification failed

[90mstdout[2m | tests/property/admin-system-health-fixes/settings-auth.property.test.ts[2m > [22m[2mFeature: admin-system-health-fixes, Property 3: Settings Authentication Requirement[2m > [22m[2mProperty: Requests without valid auth are rejected with 401 (Requirement 2.6)[2m > [22m[2mshould reject PUT requests without valid authentication
[22m[39m[AUTH] Token verification failed: Access token verification failed

[90mstdout[2m | tests/property/admin-system-health-fixes/settings-auth.property.test.ts[2m > [22m[2mFeature: admin-system-health-fixes, Property 3: Settings Authentication Requirement[2m > [22m[2mProperty: Requests without valid auth are rejected with 401 (Requirement 2.6)[2m > [22m[2mshould reject PUT requests without valid authentication
[22m[39m[AUTH] Token verification failed: Access token verification failed

[90mstdout[2m | tests/property/admin-system-health-fixes/settings-auth.property.test.ts[2m > [22m[2mFeature: admin-system-health-fixes, Property 3: Settings Authentication Requirement[2m > [22m[2mProperty: Requests without valid auth are rejected with 401 (Requirement 2.6)[2m > [22m[2mshould reject PUT requests without valid authentication
[22m[39m[AUTH] Token verification failed: Access token verification failed

[90mstdout[2m | tests/property/admin-system-health-fixes/settings-auth.property.test.ts[2m > [22m[2mFeature: admin-system-health-fixes, Property 3: Settings Authentication Requirement[2m > [22m[2mProperty: Requests without valid auth are rejected with 401 (Requirement 2.6)[2m > [22m[2mshould reject PUT requests without valid authentication
[22m[39m[AUTH] Token verification failed: Access token verification failed

[90mstdout[2m | tests/property/admin-system-health-fixes/settings-auth.property.test.ts[2m > [22m[2mFeature: admin-system-health-fixes, Property 3: Settings Authentication Requirement[2m > [22m[2mProperty: Requests without valid auth are rejected with 401 (Requirement 2.6)[2m > [22m[2mshould reject PUT requests without valid authentication
[22m[39m[AUTH] Token verification failed: Access token verification failed

[90mstdout[2m | tests/property/admin-system-health-fixes/settings-auth.property.test.ts[2m > [22m[2mFeature: admin-system-health-fixes, Property 3: Settings Authentication Requirement[2m > [22m[2mProperty: Requests without valid auth are rejected with 401 (Requirement 2.6)[2m > [22m[2mshould reject PUT requests without valid authentication
[22m[39m[AUTH] Token verification failed: Access token verification failed

[90mstdout[2m | tests/property/admin-system-health-fixes/settings-auth.property.test.ts[2m > [22m[2mFeature: admin-system-health-fixes, Property 3: Settings Authentication Requirement[2m > [22m[2mProperty: Requests without valid auth are rejected with 401 (Requirement 2.6)[2m > [22m[2mshould reject PUT requests without valid authentication
[22m[39m[AUTH] Token verification failed: Access token verification failed

[90mstdout[2m | tests/property/admin-system-health-fixes/settings-auth.property.test.ts[2m > [22m[2mFeature: admin-system-health-fixes, Property 3: Settings Authentication Requirement[2m > [22m[2mProperty: Requests without valid auth are rejected with 401 (Requirement 2.6)[2m > [22m[2mshould reject PUT requests without valid authentication
[22m[39m[AUTH] Token verification failed: Access token verification failed

[90mstdout[2m | tests/property/admin-system-health-fixes/settings-auth.property.test.ts[2m > [22m[2mFeature: admin-system-health-fixes, Property 3: Settings Authentication Requirement[2m > [22m[2mProperty: Requests without valid auth are rejected with 401 (Requirement 2.6)[2m > [22m[2mshould reject PUT requests without valid authentication
[22m[39m[AUTH] Token verification failed: Access token verification failed

[90mstdout[2m | tests/property/admin-system-health-fixes/settings-auth.property.test.ts[2m > [22m[2mFeature: admin-system-health-fixes, Property 3: Settings Authentication Requirement[2m > [22m[2mProperty: Requests without valid auth are rejected with 401 (Requirement 2.6)[2m > [22m[2mshould reject PUT requests without valid authentication
[22m[39m[AUTH] Token verification failed: Access token verification failed

[90mstdout[2m | tests/property/admin-system-health-fixes/settings-auth.property.test.ts[2m > [22m[2mFeature: admin-system-health-fixes, Property 3: Settings Authentication Requirement[2m > [22m[2mProperty: Requests without valid auth are rejected with 401 (Requirement 2.6)[2m > [22m[2mshould reject PUT requests without valid authentication
[22m[39m[AUTH] Token verification failed: Access token verification failed

[90mstdout[2m | tests/property/admin-system-health-fixes/settings-auth.property.test.ts[2m > [22m[2mFeature: admin-system-health-fixes, Property 3: Settings Authentication Requirement[2m > [22m[2mProperty: Requests without valid auth are rejected with 401 (Requirement 2.6)[2m > [22m[2mshould reject PUT requests without valid authentication
[22m[39m[AUTH] Token verification failed: Access token verification failed

[90mstdout[2m | tests/property/admin-system-health-fixes/settings-auth.property.test.ts[2m > [22m[2mFeature: admin-system-health-fixes, Property 3: Settings Authentication Requirement[2m > [22m[2mProperty: Requests without valid auth are rejected with 401 (Requirement 2.6)[2m > [22m[2mshould reject PUT requests without valid authentication
[22m[39m[AUTH] Token verification failed: Access token verification failed

[90mstdout[2m | tests/property/admin-system-health-fixes/settings-auth.property.test.ts[2m > [22m[2mFeature: admin-system-health-fixes, Property 3: Settings Authentication Requirement[2m > [22m[2mProperty: Requests without valid auth are rejected with 401 (Requirement 2.6)[2m > [22m[2mshould reject PUT requests without valid authentication
[22m[39m[AUTH] Token verification failed: Access token verification failed

[90mstdout[2m | tests/property/admin-system-health-fixes/settings-auth.property.test.ts[2m > [22m[2mFeature: admin-system-health-fixes, Property 3: Settings Authentication Requirement[2m > [22m[2mProperty: Requests without valid auth are rejected with 401 (Requirement 2.6)[2m > [22m[2mshould reject PUT requests without valid authentication
[22m[39m[AUTH] Token verification failed: Access token verification failed

[90mstdout[2m | tests/property/admin-system-health-fixes/settings-auth.property.test.ts[2m > [22m[2mFeature: admin-system-health-fixes, Property 3: Settings Authentication Requirement[2m > [22m[2mProperty: Requests without valid auth are rejected with 401 (Requirement 2.6)[2m > [22m[2mshould reject PUT requests without valid authentication
[22m[39m[AUTH] Token verification failed: Access token verification failed

[90mstderr[2m | 
tests/property/admin-system-health-fixes/settings-auth.property.test.ts[2m > 
[22m[2mFeature: admin-system-health-fixes, Property 3: Settings Authentication 
Requirement[2m > [22m[2mProperty: Requests without valid auth are rejected with 401 
(Requirement 2.6)[2m > [22m[2mshould reject PUT requests without valid authentication
[22m[39m[ARCJET] WARNING: Running without Arcjet protection

[90mstderr[2m | 
tests/property/admin-system-health-fixes/settings-auth.property.test.ts[2m > 
[22m[2mFeature: admin-system-health-fixes, Property 3: Settings Authentication 
Requirement[2m > [22m[2mProperty: Requests without valid auth are rejected with 401 
(Requirement 2.6)[2m > [22m[2mshould reject PUT requests without valid authentication
[22m[39m[ARCJET] WARNING: Running without Arcjet protection

[90mstdout[2m | tests/property/admin-system-health-fixes/settings-auth.property.test.ts[2m > [22m[2mFeature: admin-system-health-fixes, Property 3: Settings Authentication Requirement[2m > [22m[2mProperty: Requests without valid auth are rejected with 401 (Requirement 2.6)[2m > [22m[2mshould reject PUT requests without valid authentication
[22m[39m[AUTH] Token verification failed: Access token verification failed

[90mstdout[2m | tests/property/admin-system-health-fixes/settings-auth.property.test.ts[2m > [22m[2mFeature: admin-system-health-fixes, Property 3: Settings Authentication Requirement[2m > [22m[2mProperty: Requests without valid auth are rejected with 401 (Requirement 2.6)[2m > [22m[2mshould reject PUT requests without valid authentication
[22m[39m[AUTH] Token verification failed: Access token verification failed

[90mstdout[2m | tests/property/admin-system-health-fixes/settings-auth.property.test.ts[2m > [22m[2mFeature: admin-system-health-fixes, Property 3: Settings Authentication Requirement[2m > [22m[2mProperty: Requests without valid auth are rejected with 401 (Requirement 2.6)[2m > [22m[2mshould reject PUT requests without valid authentication
[22m[39m[AUTH] Token verification failed: Access token verification failed

[33m[39m[32m┬╖[39m[90mstdout[2m | tests/property/admin-system-health-fixes/settings-auth.property.test.ts[2m > [22m[2mFeature: admin-system-health-fixes, Property 3: Settings Authentication Requirement[2m > [22m[2mProperty: Requests without valid auth are rejected with 401 (Requirement 2.6)[2m > [22m[2mshould reject DELETE requests without valid authentication
[22m[39m[AUTH] Token verification failed: Access token verification failed

[90mstderr[2m | 
tests/property/admin-system-health-fixes/settings-auth.property.test.ts[2m > 
[22m[2mFeature: admin-system-health-fixes, Property 3: Settings Authentication 
Requirement[2m > [22m[2mProperty: Requests without valid auth are rejected with 401 
(Requirement 2.6)[2m > [22m[2mshould reject PUT requests without valid authentication
[22m[39m[ARCJET] WARNING: Running without Arcjet protection

[90mstderr[2m | 
tests/property/admin-system-health-fixes/settings-auth.property.test.ts[2m > 
[22m[2mFeature: admin-system-health-fixes, Property 3: Settings Authentication 
Requirement[2m > [22m[2mProperty: Requests without valid auth are rejected with 401 
(Requirement 2.6)[2m > [22m[2mshould reject PUT requests without valid authentication
[22m[39m[ARCJET] WARNING: Running without Arcjet protection

[90mstderr[2m | 
tests/property/admin-system-health-fixes/settings-auth.property.test.ts[2m > 
[22m[2mFeature: admin-system-health-fixes, Property 3: Settings Authentication 
Requirement[2m > [22m[2mProperty: Requests without valid auth are rejected with 401 
(Requirement 2.6)[2m > [22m[2mshould reject PUT requests without valid authentication
[22m[39m[ARCJET] WARNING: Running without Arcjet protection

[90mstderr[2m | 
tests/property/admin-system-health-fixes/settings-auth.property.test.ts[2m > 
[22m[2mFeature: admin-system-health-fixes, Property 3: Settings Authentication 
Requirement[2m > [22m[2mProperty: Requests without valid auth are rejected with 401 
(Requirement 2.6)[2m > [22m[2mshould reject PUT requests without valid authentication
[22m[39m[ARCJET] WARNING: Running without Arcjet protection

[90mstderr[2m | 
tests/property/admin-system-health-fixes/settings-auth.property.test.ts[2m > 
[22m[2mFeature: admin-system-health-fixes, Property 3: Settings Authentication 
Requirement[2m > [22m[2mProperty: Requests without valid auth are rejected with 401 
(Requirement 2.6)[2m > [22m[2mshould reject PUT requests without valid authentication
[22m[39m[ARCJET] WARNING: Running without Arcjet protection

[90mstderr[2m | 
tests/property/admin-system-health-fixes/settings-auth.property.test.ts[2m > 
[22m[2mFeature: admin-system-health-fixes, Property 3: Settings Authentication 
Requirement[2m > [22m[2mProperty: Requests without valid auth are rejected with 401 
(Requirement 2.6)[2m > [22m[2mshould reject PUT requests without valid authentication
[22m[39m[ARCJET] WARNING: Running without Arcjet protection

[90mstderr[2m | 
tests/property/admin-system-health-fixes/settings-auth.property.test.ts[2m > 
[22m[2mFeature: admin-system-health-fixes, Property 3: Settings Authentication 
Requirement[2m > [22m[2mProperty: Requests without valid auth are rejected with 401 
(Requirement 2.6)[2m > [22m[2mshould reject PUT requests without valid authentication
[22m[39m[ARCJET] WARNING: Running without Arcjet protection

[90mstderr[2m | 
tests/property/admin-system-health-fixes/settings-auth.property.test.ts[2m > 
[22m[2mFeature: admin-system-health-fixes, Property 3: Settings Authentication 
Requirement[2m > [22m[2mProperty: Requests without valid auth are rejected with 401 
(Requirement 2.6)[2m > [22m[2mshould reject PUT requests without valid authentication
[22m[39m[ARCJET] WARNING: Running without Arcjet protection

[90mstderr[2m | 
tests/property/admin-system-health-fixes/settings-auth.property.test.ts[2m > 
[22m[2mFeature: admin-system-health-fixes, Property 3: Settings Authentication 
Requirement[2m > [22m[2mProperty: Requests without valid auth are rejected with 401 
(Requirement 2.6)[2m > [22m[2mshould reject PUT requests without valid authentication
[22m[39m[ARCJET] WARNING: Running without Arcjet protection

[90mstderr[2m | 
tests/property/admin-system-health-fixes/settings-auth.property.test.ts[2m > 
[22m[2mFeature: admin-system-health-fixes, Property 3: Settings Authentication 
Requirement[2m > [22m[2mProperty: Requests without valid auth are rejected with 401 
(Requirement 2.6)[2m > [22m[2mshould reject PUT requests without valid authentication
[22m[39m[ARCJET] WARNING: Running without Arcjet protection

[90mstderr[2m | 
tests/property/admin-system-health-fixes/settings-auth.property.test.ts[2m > 
[22m[2mFeature: admin-system-health-fixes, Property 3: Settings Authentication 
Requirement[2m > [22m[2mProperty: Requests without valid auth are rejected with 401 
(Requirement 2.6)[2m > [22m[2mshould reject PUT requests without valid authentication
[22m[39m[ARCJET] WARNING: Running without Arcjet protection

[90mstderr[2m | 
tests/property/admin-system-health-fixes/settings-auth.property.test.ts[2m > 
[22m[2mFeature: admin-system-health-fixes, Property 3: Settings Authentication 
Requirement[2m > [22m[2mProperty: Requests without valid auth are rejected with 401 
(Requirement 2.6)[2m > [22m[2mshould reject PUT requests without valid authentication
[22m[39m[ARCJET] WARNING: Running without Arcjet protection

[90mstderr[2m | 
tests/property/admin-system-health-fixes/settings-auth.property.test.ts[2m > 
[22m[2mFeature: admin-system-health-fixes, Property 3: Settings Authentication 
Requirement[2m > [22m[2mProperty: Requests without valid auth are rejected with 401 
(Requirement 2.6)[2m > [22m[2mshould reject PUT requests without valid authentication
[22m[39m[ARCJET] WARNING: Running without Arcjet protection

[90mstderr[2m | 
tests/property/admin-system-health-fixes/settings-auth.property.test.ts[2m > 
[22m[2mFeature: admin-system-health-fixes, Property 3: Settings Authentication 
Requirement[2m > [22m[2mProperty: Requests without valid auth are rejected with 401 
(Requirement 2.6)[2m > [22m[2mshould reject PUT requests without valid authentication
[22m[39m[ARCJET] WARNING: Running without Arcjet protection

[90mstderr[2m | 
tests/property/admin-system-health-fixes/settings-auth.property.test.ts[2m > 
[22m[2mFeature: admin-system-health-fixes, Property 3: Settings Authentication 
Requirement[2m > [22m[2mProperty: Requests without valid auth are rejected with 401 
(Requirement 2.6)[2m > [22m[2mshould reject PUT requests without valid authentication
[22m[39m[ARCJET] WARNING: Running without Arcjet protection

[90mstderr[2m | 
tests/property/admin-system-health-fixes/settings-auth.property.test.ts[2m > 
[22m[2mFeature: admin-system-health-fixes, Property 3: Settings Authentication 
Requirement[2m > [22m[2mProperty: Requests without valid auth are rejected with 401 
(Requirement 2.6)[2m > [22m[2mshould reject PUT requests without valid authentication
[22m[39m[ARCJET] WARNING: Running without Arcjet protection

[90mstderr[2m | 
tests/property/admin-system-health-fixes/settings-auth.property.test.ts[2m > 
[22m[2mFeature: admin-system-health-fixes, Property 3: Settings Authentication 
Requirement[2m > [22m[2mProperty: Requests without valid auth are rejected with 401 
(Requirement 2.6)[2m > [22m[2mshould reject PUT requests without valid authentication
[22m[39m[ARCJET] WARNING: Running without Arcjet protection

[90mstderr[2m | 
tests/property/admin-system-health-fixes/settings-auth.property.test.ts[2m > 
[22m[2mFeature: admin-system-health-fixes, Property 3: Settings Authentication 
Requirement[2m > [22m[2mProperty: Requests without valid auth are rejected with 401 
(Requirement 2.6)[2m > [22m[2mshould reject DELETE requests without valid authentication
[22m[39m[ARCJET] WARNING: Running without Arcjet protection

[90mstderr[2m | 
tests/property/admin-system-health-fixes/settings-auth.property.test.ts[2m > 
[22m[2mFeature: admin-system-health-fixes, Property 3: Settings Authentication 
Requirement[2m > [22m[2mProperty: Requests without valid auth are rejected with 401 
(Requirement 2.6)[2m > [22m[2mshould reject DELETE requests without valid authentication
[22m[39m[ARCJET] WARNING: Running without Arcjet protection

[90mstdout[2m | tests/property/admin-system-health-fixes/settings-auth.property.test.ts[2m > [22m[2mFeature: admin-system-health-fixes, Property 3: Settings Authentication Requirement[2m > [22m[2mProperty: Requests without valid auth are rejected with 401 (Requirement 2.6)[2m > [22m[2mshould reject DELETE requests without valid authentication
[22m[39m[AUTH] Token verification failed: Access token verification failed

[90mstdout[2m | tests/property/admin-system-health-fixes/settings-auth.property.test.ts[2m > [22m[2mFeature: admin-system-health-fixes, Property 3: Settings Authentication Requirement[2m > [22m[2mProperty: Requests without valid auth are rejected with 401 (Requirement 2.6)[2m > [22m[2mshould reject DELETE requests without valid authentication
[22m[39m[AUTH] Token verification failed: Access token verification failed

[90mstdout[2m | tests/property/admin-system-health-fixes/settings-auth.property.test.ts[2m > [22m[2mFeature: admin-system-health-fixes, Property 3: Settings Authentication Requirement[2m > [22m[2mProperty: Requests without valid auth are rejected with 401 (Requirement 2.6)[2m > [22m[2mshould reject DELETE requests without valid authentication
[22m[39m[AUTH] Token verification failed: Access token verification failed

[90mstdout[2m | tests/property/admin-system-health-fixes/settings-auth.property.test.ts[2m > [22m[2mFeature: admin-system-health-fixes, Property 3: Settings Authentication Requirement[2m > [22m[2mProperty: Requests without valid auth are rejected with 401 (Requirement 2.6)[2m > [22m[2mshould reject DELETE requests without valid authentication
[22m[39m[AUTH] Token verification failed: Access token verification failed

[90mstderr[2m | 
tests/property/admin-system-health-fixes/settings-auth.property.test.ts[2m > 
[22m[2mFeature: admin-system-health-fixes, Property 3: Settings Authentication 
Requirement[2m > [22m[2mProperty: Requests without valid auth are rejected with 401 
(Requirement 2.6)[2m > [22m[2mshould reject DELETE requests without valid authentication
[22m[39m[ARCJET] WARNING: Running without Arcjet protection

[90mstderr[2m | 
tests/property/admin-system-health-fixes/settings-auth.property.test.ts[2m > 
[22m[2mFeature: admin-system-health-fixes, Property 3: Settings Authentication 
Requirement[2m > [22m[2mProperty: Requests without valid auth are rejected with 401 
(Requirement 2.6)[2m > [22m[2mshould reject DELETE requests without valid authentication
[22m[39m[ARCJET] WARNING: Running without Arcjet protection

[90mstderr[2m | 
tests/property/admin-system-health-fixes/settings-auth.property.test.ts[2m > 
[22m[2mFeature: admin-system-health-fixes, Property 3: Settings Authentication 
Requirement[2m > [22m[2mProperty: Requests without valid auth are rejected with 401 
(Requirement 2.6)[2m > [22m[2mshould reject DELETE requests without valid authentication
[22m[39m[ARCJET] WARNING: Running without Arcjet protection

[90mstderr[2m | 
tests/property/admin-system-health-fixes/settings-auth.property.test.ts[2m > 
[22m[2mFeature: admin-system-health-fixes, Property 3: Settings Authentication 
Requirement[2m > [22m[2mProperty: Requests without valid auth are rejected with 401 
(Requirement 2.6)[2m > [22m[2mshould reject DELETE requests without valid authentication
[22m[39m[ARCJET] WARNING: Running without Arcjet protection

[90mstderr[2m | 
tests/property/admin-system-health-fixes/settings-auth.property.test.ts[2m > 
[22m[2mFeature: admin-system-health-fixes, Property 3: Settings Authentication 
Requirement[2m > [22m[2mProperty: Requests without valid auth are rejected with 401 
(Requirement 2.6)[2m > [22m[2mshould reject DELETE requests without valid authentication
[22m[39m[ARCJET] WARNING: Running without Arcjet protection

[90mstderr[2m | 
tests/property/admin-system-health-fixes/settings-auth.property.test.ts[2m > 
[22m[2mFeature: admin-system-health-fixes, Property 3: Settings Authentication 
Requirement[2m > [22m[2mProperty: Requests without valid auth are rejected with 401 
(Requirement 2.6)[2m > [22m[2mshould reject DELETE requests without valid authentication
[22m[39m[ARCJET] WARNING: Running without Arcjet protection

[90mstderr[2m | 
tests/property/admin-system-health-fixes/settings-auth.property.test.ts[2m > 
[22m[2mFeature: admin-system-health-fixes, Property 3: Settings Authentication 
Requirement[2m > [22m[2mProperty: Requests without valid auth are rejected with 401 
(Requirement 2.6)[2m > [22m[2mshould reject DELETE requests without valid authentication
[22m[39m[ARCJET] WARNING: Running without Arcjet protection

[90mstderr[2m | 
tests/property/admin-system-health-fixes/settings-auth.property.test.ts[2m > 
[22m[2mFeature: admin-system-health-fixes, Property 3: Settings Authentication 
Requirement[2m > [22m[2mProperty: Requests without valid auth are rejected with 401 
(Requirement 2.6)[2m > [22m[2mshould reject DELETE requests without valid authentication
[22m[39m[ARCJET] WARNING: Running without Arcjet protection

[90mstderr[2m | 
tests/property/admin-system-health-fixes/settings-auth.property.test.ts[2m > 
[22m[2mFeature: admin-system-health-fixes, Property 3: Settings Authentication 
Requirement[2m > [22m[2mProperty: Requests without valid auth are rejected with 401 
(Requirement 2.6)[2m > [22m[2mshould reject DELETE requests without valid authentication
[22m[39m[ARCJET] WARNING: Running without Arcjet protection

[90mstderr[2m | 
tests/property/admin-system-health-fixes/settings-auth.property.test.ts[2m > 
[22m[2mFeature: admin-system-health-fixes, Property 3: Settings Authentication 
Requirement[2m > [22m[2mProperty: Requests without valid auth are rejected with 401 
(Requirement 2.6)[2m > [22m[2mshould reject DELETE requests without valid authentication
[22m[39m[ARCJET] WARNING: Running without Arcjet protection

[90mstdout[2m | tests/property/admin-system-health-fixes/settings-auth.property.test.ts[2m > [22m[2mFeature: admin-system-health-fixes, Property 3: Settings Authentication Requirement[2m > [22m[2mProperty: Requests without valid auth are rejected with 401 (Requirement 2.6)[2m > [22m[2mshould reject DELETE requests without valid authentication
[22m[39m[AUTH] Token verification failed: Access token verification failed

[90mstdout[2m | tests/property/admin-system-health-fixes/settings-auth.property.test.ts[2m > [22m[2mFeature: admin-system-health-fixes, Property 3: Settings Authentication Requirement[2m > [22m[2mProperty: Requests without valid auth are rejected with 401 (Requirement 2.6)[2m > [22m[2mshould reject DELETE requests without valid authentication
[22m[39m[AUTH] Token verification failed: Access token verification failed

[90mstdout[2m | tests/property/admin-system-health-fixes/settings-auth.property.test.ts[2m > [22m[2mFeature: admin-system-health-fixes, Property 3: Settings Authentication Requirement[2m > [22m[2mProperty: Requests without valid auth are rejected with 401 (Requirement 2.6)[2m > [22m[2mshould reject DELETE requests without valid authentication
[22m[39m[AUTH] Token verification failed: Access token verification failed

[90mstderr[2m | 
tests/property/admin-system-health-fixes/settings-auth.property.test.ts[2m > 
[22m[2mFeature: admin-system-health-fixes, Property 3: Settings Authentication 
Requirement[2m > [22m[2mProperty: Requests without valid auth are rejected with 401 
(Requirement 2.6)[2m > [22m[2mshould reject DELETE requests without valid authentication
[22m[39m[ARCJET] WARNING: Running without Arcjet protection

[90mstderr[2m | 
tests/property/admin-system-health-fixes/settings-auth.property.test.ts[2m > 
[22m[2mFeature: admin-system-health-fixes, Property 3: Settings Authentication 
Requirement[2m > [22m[2mProperty: Requests without valid auth are rejected with 401 
(Requirement 2.6)[2m > [22m[2mshould reject DELETE requests without valid authentication
[22m[39m[ARCJET] WARNING: Running without Arcjet protection

[90mstderr[2m | 
tests/property/admin-system-health-fixes/settings-auth.property.test.ts[2m > 
[22m[2mFeature: admin-system-health-fixes, Property 3: Settings Authentication 
Requirement[2m > [22m[2mProperty: Requests without valid auth are rejected with 401 
(Requirement 2.6)[2m > [22m[2mshould reject DELETE requests without valid authentication
[22m[39m[ARCJET] WARNING: Running without Arcjet protection

[90mstderr[2m | 
tests/property/admin-system-health-fixes/settings-auth.property.test.ts[2m > 
[22m[2mFeature: admin-system-health-fixes, Property 3: Settings Authentication 
Requirement[2m > [22m[2mProperty: Requests without valid auth are rejected with 401 
(Requirement 2.6)[2m > [22m[2mshould reject DELETE requests without valid authentication
[22m[39m[ARCJET] WARNING: Running without Arcjet protection

[90mstderr[2m | 
tests/property/admin-system-health-fixes/settings-auth.property.test.ts[2m > 
[22m[2mFeature: admin-system-health-fixes, Property 3: Settings Authentication 
Requirement[2m > [22m[2mProperty: Requests without valid auth are rejected with 401 
(Requirement 2.6)[2m > [22m[2mshould reject DELETE requests without valid authentication
[22m[39m[ARCJET] WARNING: Running without Arcjet protection

[90mstderr[2m | 
tests/property/admin-system-health-fixes/settings-auth.property.test.ts[2m > 
[22m[2mFeature: admin-system-health-fixes, Property 3: Settings Authentication 
Requirement[2m > [22m[2mProperty: Requests without valid auth are rejected with 401 
(Requirement 2.6)[2m > [22m[2mshould reject DELETE requests without valid authentication
[22m[39m[ARCJET] WARNING: Running without Arcjet protection

[90mstderr[2m | 
tests/property/admin-system-health-fixes/settings-auth.property.test.ts[2m > 
[22m[2mFeature: admin-system-health-fixes, Property 3: Settings Authentication 
Requirement[2m > [22m[2mProperty: Requests without valid auth are rejected with 401 
(Requirement 2.6)[2m > [22m[2mshould reject DELETE requests without valid authentication
[22m[39m[ARCJET] WARNING: Running without Arcjet protection

[90mstderr[2m | 
tests/property/admin-system-health-fixes/settings-auth.property.test.ts[2m > 
[22m[2mFeature: admin-system-health-fixes, Property 3: Settings Authentication 
Requirement[2m > [22m[2mProperty: Requests without valid auth are rejected with 401 
(Requirement 2.6)[2m > [22m[2mshould reject DELETE requests without valid authentication
[22m[39m[ARCJET] WARNING: Running without Arcjet protection

[90mstderr[2m | 
tests/property/admin-system-health-fixes/settings-auth.property.test.ts[2m > 
[22m[2mFeature: admin-system-health-fixes, Property 3: Settings Authentication 
Requirement[2m > [22m[2mProperty: Requests without valid auth are rejected with 401 
(Requirement 2.6)[2m > [22m[2mshould reject DELETE requests without valid authentication
[22m[39m[ARCJET] WARNING: Running without Arcjet protection

[90mstderr[2m | 
tests/property/admin-system-health-fixes/settings-auth.property.test.ts[2m > 
[22m[2mFeature: admin-system-health-fixes, Property 3: Settings Authentication 
Requirement[2m > [22m[2mProperty: Requests without valid auth are rejected with 401 
(Requirement 2.6)[2m > [22m[2mshould reject DELETE requests without valid authentication
[22m[39m[ARCJET] WARNING: Running without Arcjet protection

[90mstderr[2m | 
tests/property/admin-system-health-fixes/settings-auth.property.test.ts[2m > 
[22m[2mFeature: admin-system-health-fixes, Property 3: Settings Authentication 
Requirement[2m > [22m[2mProperty: Requests without valid auth are rejected with 401 
(Requirement 2.6)[2m > [22m[2mshould reject DELETE requests without valid authentication
[22m[39m[ARCJET] WARNING: Running without Arcjet protection

[90mstderr[2m | 
tests/property/admin-system-health-fixes/settings-auth.property.test.ts[2m > 
[22m[2mFeature: admin-system-health-fixes, Property 3: Settings Authentication 
Requirement[2m > [22m[2mProperty: Requests without valid auth are rejected with 401 
(Requirement 2.6)[2m > [22m[2mshould reject DELETE requests without valid authentication
[22m[39m[ARCJET] WARNING: Running without Arcjet protection

[90mstderr[2m | 
tests/property/admin-system-health-fixes/settings-auth.property.test.ts[2m > 
[22m[2mFeature: admin-system-health-fixes, Property 3: Settings Authentication 
Requirement[2m > [22m[2mProperty: Requests without valid auth are rejected with 401 
(Requirement 2.6)[2m > [22m[2mshould reject DELETE requests without valid authentication
[22m[39m[ARCJET] WARNING: Running without Arcjet protection

[90mstderr[2m | 
tests/property/admin-system-health-fixes/settings-auth.property.test.ts[2m > 
[22m[2mFeature: admin-system-health-fixes, Property 3: Settings Authentication 
Requirement[2m > [22m[2mProperty: Requests without valid auth are rejected with 401 
(Requirement 2.6)[2m > [22m[2mshould reject DELETE requests without valid authentication
[22m[39m[ARCJET] WARNING: Running without Arcjet protection

[90mstderr[2m | 
tests/property/admin-system-health-fixes/settings-auth.property.test.ts[2m > 
[22m[2mFeature: admin-system-health-fixes, Property 3: Settings Authentication 
Requirement[2m > [22m[2mProperty: Requests without valid auth are rejected with 401 
(Requirement 2.6)[2m > [22m[2mshould reject DELETE requests without valid authentication
[22m[39m[ARCJET] WARNING: Running without Arcjet protection

[90mstderr[2m | 
tests/property/admin-system-health-fixes/settings-auth.property.test.ts[2m > 
[22m[2mFeature: admin-system-health-fixes, Property 3: Settings Authentication 
Requirement[2m > [22m[2mProperty: Requests without valid auth are rejected with 401 
(Requirement 2.6)[2m > [22m[2mshould reject DELETE requests without valid authentication
[22m[39m[ARCJET] WARNING: Running without Arcjet protection

[90mstderr[2m | 
tests/property/admin-system-health-fixes/settings-auth.property.test.ts[2m > 
[22m[2mFeature: admin-system-health-fixes, Property 3: Settings Authentication 
Requirement[2m > [22m[2mProperty: Requests without valid auth are rejected with 401 
(Requirement 2.6)[2m > [22m[2mshould reject DELETE requests without valid authentication
[22m[39m[ARCJET] WARNING: Running without Arcjet protection

[90mstderr[2m | 
tests/property/admin-system-health-fixes/settings-auth.property.test.ts[2m > 
[22m[2mFeature: admin-system-health-fixes, Property 3: Settings Authentication 
Requirement[2m > [22m[2mProperty: Requests without valid auth are rejected with 401 
(Requirement 2.6)[2m > [22m[2mshould reject DELETE requests without valid authentication
[22m[39m[ARCJET] WARNING: Running without Arcjet protection

[90mstderr[2m | 
tests/property/admin-system-health-fixes/settings-auth.property.test.ts[2m > 
[22m[2mFeature: admin-system-health-fixes, Property 3: Settings Authentication 
Requirement[2m > [22m[2mProperty: Requests without valid auth are rejected with 401 
(Requirement 2.6)[2m > [22m[2mshould reject DELETE requests without valid authentication
[22m[39m[ARCJET] WARNING: Running without Arcjet protection

[90mstderr[2m | 
tests/property/admin-system-health-fixes/settings-auth.property.test.ts[2m > 
[22m[2mFeature: admin-system-health-fixes, Property 3: Settings Authentication 
Requirement[2m > [22m[2mProperty: Requests without valid auth are rejected with 401 
(Requirement 2.6)[2m > [22m[2mshould reject DELETE requests without valid authentication
[22m[39m[ARCJET] WARNING: Running without Arcjet protection

[90mstdout[2m | tests/property/admin-system-health-fixes/settings-auth.property.test.ts[2m > [22m[2mFeature: admin-system-health-fixes, Property 3: Settings Authentication Requirement[2m > [22m[2mProperty: Requests without valid auth are rejected with 401 (Requirement 2.6)[2m > [22m[2mshould reject DELETE requests without valid authentication
[22m[39m[AUTH] Token verification failed: Access token verification failed

[90mstdout[2m | tests/property/admin-system-health-fixes/settings-auth.property.test.ts[2m > [22m[2mFeature: admin-system-health-fixes, Property 3: Settings Authentication Requirement[2m > [22m[2mProperty: Requests without valid auth are rejected with 401 (Requirement 2.6)[2m > [22m[2mshould reject DELETE requests without valid authentication
[22m[39m[AUTH] Token verification failed: Access token verification failed

[90mstdout[2m | tests/property/admin-system-health-fixes/settings-auth.property.test.ts[2m > [22m[2mFeature: admin-system-health-fixes, Property 3: Settings Authentication Requirement[2m > [22m[2mProperty: Requests without valid auth are rejected with 401 (Requirement 2.6)[2m > [22m[2mshould reject DELETE requests without valid authentication
[22m[39m[AUTH] Token verification failed: Access token verification failed

[90mstdout[2m | tests/property/admin-system-health-fixes/settings-auth.property.test.ts[2m > [22m[2mFeature: admin-system-health-fixes, Property 3: Settings Authentication Requirement[2m > [22m[2mProperty: Requests without valid auth are rejected with 401 (Requirement 2.6)[2m > [22m[2mshould reject DELETE requests without valid authentication
[22m[39m[AUTH] Token verification failed: Access token verification failed

[90mstdout[2m | tests/property/admin-system-health-fixes/settings-auth.property.test.ts[2m > [22m[2mFeature: admin-system-health-fixes, Property 3: Settings Authentication Requirement[2m > [22m[2mProperty: Requests without valid auth are rejected with 401 (Requirement 2.6)[2m > [22m[2mshould reject DELETE requests without valid authentication
[22m[39m[AUTH] Token verification failed: Access token verification failed

[90mstderr[2m | 
tests/property/admin-system-health-fixes/settings-auth.property.test.ts[2m > 
[22m[2mFeature: admin-system-health-fixes, Property 3: Settings Authentication 
Requirement[2m > [22m[2mProperty: Requests without valid auth are rejected with 401 
(Requirement 2.6)[2m > [22m[2mshould reject DELETE requests without valid authentication
[22m[39m[ARCJET] WARNING: Running without Arcjet protection

[90mstderr[2m | 
tests/property/admin-system-health-fixes/settings-auth.property.test.ts[2m > 
[22m[2mFeature: admin-system-health-fixes, Property 3: Settings Authentication 
Requirement[2m > [22m[2mProperty: Requests without valid auth are rejected with 401 
(Requirement 2.6)[2m > [22m[2mshould reject DELETE requests without valid authentication
[22m[39m[ARCJET] WARNING: Running without Arcjet protection

[90mstderr[2m | 
tests/property/admin-system-health-fixes/settings-auth.property.test.ts[2m > 
[22m[2mFeature: admin-system-health-fixes, Property 3: Settings Authentication 
Requirement[2m > [22m[2mProperty: Requests without valid auth are rejected with 401 
(Requirement 2.6)[2m > [22m[2mshould reject DELETE requests without valid authentication
[22m[39m[ARCJET] WARNING: Running without Arcjet protection

[90mstderr[2m | 
tests/property/admin-system-health-fixes/settings-auth.property.test.ts[2m > 
[22m[2mFeature: admin-system-health-fixes, Property 3: Settings Authentication 
Requirement[2m > [22m[2mProperty: Requests without valid auth are rejected with 401 
(Requirement 2.6)[2m > [22m[2mshould reject DELETE requests without valid authentication
[22m[39m[ARCJET] WARNING: Running without Arcjet protection

[90mstderr[2m | 
tests/property/admin-system-health-fixes/settings-auth.property.test.ts[2m > 
[22m[2mFeature: admin-system-health-fixes, Property 3: Settings Authentication 
Requirement[2m > [22m[2mProperty: Requests without valid auth are rejected with 401 
(Requirement 2.6)[2m > [22m[2mshould reject DELETE requests without valid authentication
[22m[39m[ARCJET] WARNING: Running without Arcjet protection

[90mstderr[2m | 
tests/property/admin-system-health-fixes/settings-auth.property.test.ts[2m > 
[22m[2mFeature: admin-system-health-fixes, Property 3: Settings Authentication 
Requirement[2m > [22m[2mProperty: Requests without valid auth are rejected with 401 
(Requirement 2.6)[2m > [22m[2mshould reject DELETE requests without valid authentication
[22m[39m[ARCJET] WARNING: Running without Arcjet protection

[90mstderr[2m | 
tests/property/admin-system-health-fixes/settings-auth.property.test.ts[2m > 
[22m[2mFeature: admin-system-health-fixes, Property 3: Settings Authentication 
Requirement[2m > [22m[2mProperty: Requests without valid auth are rejected with 401 
(Requirement 2.6)[2m > [22m[2mshould reject DELETE requests without valid authentication
[22m[39m[ARCJET] WARNING: Running without Arcjet protection

[90mstderr[2m | 
tests/property/admin-system-health-fixes/settings-auth.property.test.ts[2m > 
[22m[2mFeature: admin-system-health-fixes, Property 3: Settings Authentication 
Requirement[2m > [22m[2mProperty: Requests without valid auth are rejected with 401 
(Requirement 2.6)[2m > [22m[2mshould reject DELETE requests without valid authentication
[22m[39m[ARCJET] WARNING: Running without Arcjet protection

[90mstderr[2m | 
tests/property/admin-system-health-fixes/settings-auth.property.test.ts[2m > 
[22m[2mFeature: admin-system-health-fixes, Property 3: Settings Authentication 
Requirement[2m > [22m[2mProperty: Requests without valid auth are rejected with 401 
(Requirement 2.6)[2m > [22m[2mshould reject DELETE requests without valid authentication
[22m[39m[ARCJET] WARNING: Running without Arcjet protection

[90mstderr[2m | 
tests/property/admin-system-health-fixes/settings-auth.property.test.ts[2m > 
[22m[2mFeature: admin-system-health-fixes, Property 3: Settings Authentication 
Requirement[2m > [22m[2mProperty: Requests without valid auth are rejected with 401 
(Requirement 2.6)[2m > [22m[2mshould reject DELETE requests without valid authentication
[22m[39m[ARCJET] WARNING: Running without Arcjet protection

[90mstderr[2m | 
tests/property/admin-system-health-fixes/settings-auth.property.test.ts[2m > 
[22m[2mFeature: admin-system-health-fixes, Property 3: Settings Authentication 
Requirement[2m > [22m[2mProperty: Requests without valid auth are rejected with 401 
(Requirement 2.6)[2m > [22m[2mshould reject DELETE requests without valid authentication
[22m[39m[ARCJET] WARNING: Running without Arcjet protection

[90mstderr[2m | 
tests/property/admin-system-health-fixes/settings-auth.property.test.ts[2m > 
[22m[2mFeature: admin-system-health-fixes, Property 3: Settings Authentication 
Requirement[2m > [22m[2mProperty: Requests without valid auth are rejected with 401 
(Requirement 2.6)[2m > [22m[2mshould reject DELETE requests without valid authentication
[22m[39m[ARCJET] WARNING: Running without Arcjet protection

[90mstderr[2m | 
tests/property/admin-system-health-fixes/settings-auth.property.test.ts[2m > 
[22m[2mFeature: admin-system-health-fixes, Property 3: Settings Authentication 
Requirement[2m > [22m[2mProperty: Requests without valid auth are rejected with 401 
(Requirement 2.6)[2m > [22m[2mshould reject DELETE requests without valid authentication
[22m[39m[ARCJET] WARNING: Running without Arcjet protection

[90mstderr[2m | 
tests/property/admin-system-health-fixes/settings-auth.property.test.ts[2m > 
[22m[2mFeature: admin-system-health-fixes, Property 3: Settings Authentication 
Requirement[2m > [22m[2mProperty: Requests without valid auth are rejected with 401 
(Requirement 2.6)[2m > [22m[2mshould reject DELETE requests without valid authentication
[22m[39m[ARCJET] WARNING: Running without Arcjet protection

[90mstderr[2m | 
tests/property/admin-system-health-fixes/settings-auth.property.test.ts[2m > 
[22m[2mFeature: admin-system-health-fixes, Property 3: Settings Authentication 
Requirement[2m > [22m[2mProperty: Requests without valid auth are rejected with 401 
(Requirement 2.6)[2m > [22m[2mshould reject DELETE requests without valid authentication
[22m[39m[ARCJET] WARNING: Running without Arcjet protection

[90mstderr[2m | 
tests/property/admin-system-health-fixes/settings-auth.property.test.ts[2m > 
[22m[2mFeature: admin-system-health-fixes, Property 3: Settings Authentication 
Requirement[2m > [22m[2mProperty: Requests without valid auth are rejected with 401 
(Requirement 2.6)[2m > [22m[2mshould reject DELETE requests without valid authentication
[22m[39m[ARCJET] WARNING: Running without Arcjet protection

[90mstderr[2m | 
tests/property/admin-system-health-fixes/settings-auth.property.test.ts[2m > 
[22m[2mFeature: admin-system-health-fixes, Property 3: Settings Authentication 
Requirement[2m > [22m[2mProperty: Requests without valid auth are rejected with 401 
(Requirement 2.6)[2m > [22m[2mshould reject DELETE requests without valid authentication
[22m[39m[ARCJET] WARNING: Running without Arcjet protection

[90mstderr[2m | 
tests/property/admin-system-health-fixes/settings-auth.property.test.ts[2m > 
[22m[2mFeature: admin-system-health-fixes, Property 3: Settings Authentication 
Requirement[2m > [22m[2mProperty: Requests without valid auth are rejected with 401 
(Requirement 2.6)[2m > [22m[2mshould reject DELETE requests without valid authentication
[22m[39m[ARCJET] WARNING: Running without Arcjet protection

[90mstderr[2m | 
tests/property/admin-system-health-fixes/settings-auth.property.test.ts[2m > 
[22m[2mFeature: admin-system-health-fixes, Property 3: Settings Authentication 
Requirement[2m > [22m[2mProperty: Requests without valid auth are rejected with 401 
(Requirement 2.6)[2m > [22m[2mshould reject DELETE requests without valid authentication
[22m[39m[ARCJET] WARNING: Running without Arcjet protection

[90mstderr[2m | 
tests/property/admin-system-health-fixes/settings-auth.property.test.ts[2m > 
[22m[2mFeature: admin-system-health-fixes, Property 3: Settings Authentication 
Requirement[2m > [22m[2mProperty: Requests without valid auth are rejected with 401 
(Requirement 2.6)[2m > [22m[2mshould reject DELETE requests without valid authentication
[22m[39m[ARCJET] WARNING: Running without Arcjet protection

[90mstderr[2m | 
tests/property/admin-system-health-fixes/settings-auth.property.test.ts[2m > 
[22m[2mFeature: admin-system-health-fixes, Property 3: Settings Authentication 
Requirement[2m > [22m[2mProperty: Requests without valid auth are rejected with 401 
(Requirement 2.6)[2m > [22m[2mshould reject DELETE requests without valid authentication
[22m[39m[ARCJET] WARNING: Running without Arcjet protection
[90mstdout[2m | tests/property/admin-system-health-fixes/settings-auth.property.test.ts[2m > [22m[2mFeature: admin-system-health-fixes, Property 3: Settings Authentication Requirement[2m > [22m[2mProperty: Requests without valid auth are rejected with 401 (Requirement 2.6)[2m > [22m[2mshould reject DELETE requests without valid authentication
[22m[39m[AUTH] Token verification failed: Access token verification failed

[90mstdout[2m | tests/property/admin-system-health-fixes/settings-auth.property.test.ts[2m > [22m[2mFeature: admin-system-health-fixes, Property 3: Settings Authentication Requirement[2m > [22m[2mProperty: Requests without valid auth are rejected with 401 (Requirement 2.6)[2m > [22m[2mshould reject DELETE requests without valid authentication
[22m[39m[AUTH] Token verification failed: Access token verification failed


[90mstderr[2m | 
tests/property/admin-system-health-fixes/settings-auth.property.test.ts[2m > 
[22m[2mFeature: admin-system-health-fixes, Property 3: Settings Authentication 
Requirement[2m > [22m[2mProperty: Requests without valid auth are rejected with 401 
(Requirement 2.6)[2m > [22m[2mshould reject DELETE requests without valid authentication
[22m[39m[ARCJET] WARNING: Running without Arcjet protection

[90mstderr[2m | 
tests/property/admin-system-health-fixes/settings-auth.property.test.ts[2m > 
[22m[2mFeature: admin-system-health-fixes, Property 3: Settings Authentication 
Requirement[2m > [22m[2mProperty: Requests without valid auth are rejected with 401 
(Requirement 2.6)[2m > [22m[2mshould reject DELETE requests without valid authentication
[22m[39m[ARCJET] WARNING: Running without Arcjet protection

[90mstderr[2m | 
tests/property/admin-system-health-fixes/settings-auth.property.test.ts[2m > 
[22m[2mFeature: admin-system-health-fixes, Property 3: Settings Authentication 
Requirement[2m > [22m[2mProperty: Requests without valid auth are rejected with 401 
(Requirement 2.6)[2m > [22m[2mshould reject DELETE requests without valid authentication
[22m[39m[ARCJET] WARNING: Running without Arcjet protection

[90mstderr[2m | 
tests/property/admin-system-health-fixes/settings-auth.property.test.ts[2m > 
[22m[2mFeature: admin-system-health-fixes, Property 3: Settings Authentication 
Requirement[2m > [22m[2mProperty: Requests without valid auth are rejected with 401 
(Requirement 2.6)[2m > [22m[2mshould reject DELETE requests without valid authentication
[22m[39m[ARCJET] WARNING: Running without Arcjet protection

[90mstderr[2m | 
tests/property/admin-system-health-fixes/settings-auth.property.test.ts[2m > 
[22m[2mFeature: admin-system-health-fixes, Property 3: Settings Authentication 
Requirement[2m > [22m[2mProperty: Requests without valid auth are rejected with 401 
(Requirement 2.6)[2m > [22m[2mshould reject DELETE requests without valid authentication
[22m[39m[ARCJET] WARNING: Running without Arcjet protection

[90mstderr[2m | 
tests/property/admin-system-health-fixes/settings-auth.property.test.ts[2m > 
[22m[2mFeature: admin-system-health-fixes, Property 3: Settings Authentication 
Requirement[2m > [22m[2mProperty: Requests without valid auth are rejected with 401 
(Requirement 2.6)[2m > [22m[2mshould reject DELETE requests without valid authentication
[22m[39m[ARCJET] WARNING: Running without Arcjet protection

[90mstderr[2m | 
tests/property/admin-system-health-fixes/settings-auth.property.test.ts[2m > 
[22m[2mFeature: admin-system-health-fixes, Property 3: Settings Authentication 
Requirement[2m > [22m[2mProperty: Requests without valid auth are rejected with 401 
(Requirement 2.6)[2m > [22m[2mshould reject DELETE requests without valid authentication
[22m[39m[ARCJET] WARNING: Running without Arcjet protection

[90mstderr[2m | 
tests/property/admin-system-health-fixes/settings-auth.property.test.ts[2m > 
[22m[2mFeature: admin-system-health-fixes, Property 3: Settings Authentication 
Requirement[2m > [22m[2mProperty: Requests without valid auth are rejected with 401 
(Requirement 2.6)[2m > [22m[2mshould reject DELETE requests without valid authentication
[22m[39m[ARCJET] WARNING: Running without Arcjet protection
[90mstdout[2m | tests/property/admin-system-health-fixes/settings-auth.property.test.ts[2m > [22m[2mFeature: admin-system-health-fixes, Property 3: Settings Authentication Requirement[2m > [22m[2mProperty: Requests without valid auth are rejected with 401 (Requirement 2.6)[2m > [22m[2mshould reject DELETE requests without valid authentication
[22m[39m[AUTH] Token verification failed: Access token verification failed

[90mstdout[2m | tests/property/admin-system-health-fixes/settings-auth.property.test.ts[2m > [22m[2mFeature: admin-system-health-fixes, Property 3: Settings Authentication Requirement[2m > [22m[2mProperty: Requests without valid auth are rejected with 401 (Requirement 2.6)[2m > [22m[2mshould reject DELETE requests without valid authentication
[22m[39m[AUTH] Token verification failed: Access token verification failed

[90mstdout[2m | tests/property/admin-system-health-fixes/settings-auth.property.test.ts[2m > [22m[2mFeature: admin-system-health-fixes, Property 3: Settings Authentication Requirement[2m > [22m[2mProperty: Requests without valid auth are rejected with 401 (Requirement 2.6)[2m > [22m[2mshould reject DELETE requests without valid authentication
[22m[39m[AUTH] Token verification failed: Access token verification failed

[90mstdout[2m | tests/property/admin-system-health-fixes/settings-auth.property.test.ts[2m > [22m[2mFeature: admin-system-health-fixes, Property 3: Settings Authentication Requirement[2m > [22m[2mProperty: Requests without valid auth are rejected with 401 (Requirement 2.6)[2m > [22m[2mshould reject DELETE requests without valid authentication
[22m[39m[AUTH] Token verification failed: Access token verification failed

[90mstdout[2m | tests/property/admin-system-health-fixes/settings-auth.property.test.ts[2m > [22m[2mFeature: admin-system-health-fixes, Property 3: Settings Authentication Requirement[2m > [22m[2mProperty: Requests without valid auth are rejected with 401 (Requirement 2.6)[2m > [22m[2mshould reject DELETE requests without valid authentication
[22m[39m[AUTH] Token verification failed: Access token verification failed

[90mstdout[2m | tests/property/admin-system-health-fixes/settings-auth.property.test.ts[2m > [22m[2mFeature: admin-system-health-fixes, Property 3: Settings Authentication Requirement[2m > [22m[2mProperty: Requests without valid auth are rejected with 401 (Requirement 2.6)[2m > [22m[2mshould reject DELETE requests without valid authentication
[22m[39m[AUTH] Token verification failed: Access token verification failed

[90mstdout[2m | tests/property/admin-system-health-fixes/settings-auth.property.test.ts[2m > [22m[2mFeature: admin-system-health-fixes, Property 3: Settings Authentication Requirement[2m > [22m[2mProperty: Requests without valid auth are rejected with 401 (Requirement 2.6)[2m > [22m[2mshould reject DELETE requests without valid authentication
[22m[39m[AUTH] Token verification failed: Access token verification failed


[90mstderr[2m | 
tests/property/admin-system-health-fixes/settings-auth.property.test.ts[2m > 
[22m[2mFeature: admin-system-health-fixes, Property 3: Settings Authentication 
Requirement[2m > [22m[2mProperty: Requests without valid auth are rejected with 401 
(Requirement 2.6)[2m > [22m[2mshould reject DELETE requests without valid authentication
[22m[39m[ARCJET] WARNING: Running without Arcjet protection

[90mstderr[2m | 
tests/property/admin-system-health-fixes/settings-auth.property.test.ts[2m > 
[22m[2mFeature: admin-system-health-fixes, Property 3: Settings Authentication 
Requirement[2m > [22m[2mProperty: Requests without valid auth are rejected with 401 
(Requirement 2.6)[2m > [22m[2mshould reject DELETE requests without valid authentication
[22m[39m[ARCJET] WARNING: Running without Arcjet protection

[90mstderr[2m | 
tests/property/admin-system-health-fixes/settings-auth.property.test.ts[2m > 
[22m[2mFeature: admin-system-health-fixes, Property 3: Settings Authentication 
Requirement[2m > [22m[2mProperty: Requests without valid auth are rejected with 401 
(Requirement 2.6)[2m > [22m[2mshould reject DELETE requests without valid authentication
[22m[39m[ARCJET] WARNING: Running without Arcjet protection

[90mstderr[2m | 
tests/property/admin-system-health-fixes/settings-auth.property.test.ts[2m > 
[22m[2mFeature: admin-system-health-fixes, Property 3: Settings Authentication 
Requirement[2m > [22m[2mProperty: Requests without valid auth are rejected with 401 
(Requirement 2.6)[2m > [22m[2mshould reject DELETE requests without valid authentication
[22m[39m[ARCJET] WARNING: Running without Arcjet protection

[90mstderr[2m | 
tests/property/admin-system-health-fixes/settings-auth.property.test.ts[2m > 
[22m[2mFeature: admin-system-health-fixes, Property 3: Settings Authentication 
Requirement[2m > [22m[2mProperty: Requests without valid auth are rejected with 401 
(Requirement 2.6)[2m > [22m[2mshould reject DELETE requests without valid authentication
[22m[39m[ARCJET] WARNING: Running without Arcjet protection

[90mstderr[2m | 
tests/property/admin-system-health-fixes/settings-auth.property.test.ts[2m > 
[22m[2mFeature: admin-system-health-fixes, Property 3: Settings Authentication 
Requirement[2m > [22m[2mProperty: Requests without valid auth are rejected with 401 
(Requirement 2.6)[2m > [22m[2mshould reject DELETE requests without valid authentication
[22m[39m[ARCJET] WARNING: Running without Arcjet protection

[90mstderr[2m | 
tests/property/admin-system-health-fixes/settings-auth.property.test.ts[2m > 
[22m[2mFeature: admin-system-health-fixes, Property 3: Settings Authentication 
Requirement[2m > [22m[2mProperty: Requests without valid auth are rejected with 401 
(Requirement 2.6)[2m > [22m[2mshould reject DELETE requests without valid authentication
[22m[39m[ARCJET] WARNING: Running without Arcjet protection

[90mstderr[2m | 
tests/property/admin-system-health-fixes/settings-auth.property.test.ts[2m > 
[22m[2mFeature: admin-system-health-fixes, Property 3: Settings Authentication 
Requirement[2m > [22m[2mProperty: Requests without valid auth are rejected with 401 
(Requirement 2.6)[2m > [22m[2mshould reject DELETE requests without valid authentication
[22m[39m[ARCJET] WARNING: Running without Arcjet protection

[90mstderr[2m | 
tests/property/admin-system-health-fixes/settings-auth.property.test.ts[2m > 
[22m[2mFeature: admin-system-health-fixes, Property 3: Settings Authentication 
Requirement[2m > [22m[2mProperty: Requests without valid auth are rejected with 401 
(Requirement 2.6)[2m > [22m[2mshould reject DELETE requests without valid authentication
[22m[39m[ARCJET] WARNING: Running without Arcjet protection

[90mstderr[2m | 
tests/property/admin-system-health-fixes/settings-auth.property.test.ts[2m > 
[22m[2mFeature: admin-system-health-fixes, Property 3: Settings Authentication 
Requirement[2m > [22m[2mProperty: Requests without valid auth are rejected with 401 
(Requirement 2.6)[2m > [22m[2mshould reject DELETE requests without valid authentication
[22m[39m[ARCJET] WARNING: Running without Arcjet protection

[90mstderr[2m | 
tests/property/admin-system-health-fixes/settings-auth.property.test.ts[2m > 
[22m[2mFeature: admin-system-health-fixes, Property 3: Settings Authentication 
Requirement[2m > [22m[2mProperty: Requests without valid auth are rejected with 401 
(Requirement 2.6)[2m > [22m[2mshould reject DELETE requests without valid authentication
[22m[39m[ARCJET] WARNING: Running without Arcjet protection

[90mstderr[2m | 
tests/property/admin-system-health-fixes/settings-auth.property.test.ts[2m > 
[22m[2mFeature: admin-system-health-fixes, Property 3: Settings Authentication 
Requirement[2m > [22m[2mProperty: Requests without valid auth are rejected with 401 
(Requirement 2.6)[2m > [22m[2mshould reject DELETE requests without valid authentication
[22m[39m[ARCJET] WARNING: Running without Arcjet protection

[90mstderr[2m | 
tests/property/admin-system-health-fixes/settings-auth.property.test.ts[2m > 
[22m[2mFeature: admin-system-health-fixes, Property 3: Settings Authentication 
Requirement[2m > [22m[2mProperty: Requests without valid auth are rejected with 401 
(Requirement 2.6)[2m > [22m[2mshould reject DELETE requests without valid authentication
[22m[39m[ARCJET] WARNING: Running without Arcjet protection

[90mstderr[2m | 
tests/property/admin-system-health-fixes/settings-auth.property.test.ts[2m > 
[22m[2mFeature: admin-system-health-fixes, Property 3: Settings Authentication 
Requirement[2m > [22m[2mProperty: Requests without valid auth are rejected with 401 
(Requirement 2.6)[2m > [22m[2mshould reject DELETE requests without valid authentication
[22m[39m[ARCJET] WARNING: Running without Arcjet protection

[90mstderr[2m | 
tests/property/admin-system-health-fixes/settings-auth.property.test.ts[2m > 
[22m[2mFeature: admin-system-health-fixes, Property 3: Settings Authentication 
Requirement[2m > [22m[2mProperty: Requests without valid auth are rejected with 401 
(Requirement 2.6)[2m > [22m[2mshould reject DELETE requests without valid authentication
[22m[39m[ARCJET] WARNING: Running without Arcjet protection

[90mstderr[2m | 
tests/property/admin-system-health-fixes/settings-auth.property.test.ts[2m > 
[22m[2mFeature: admin-system-health-fixes, Property 3: Settings Authentication 
Requirement[2m > [22m[2mProperty: Requests without valid auth are rejected with 401 
(Requirement 2.6)[2m > [22m[2mshould reject DELETE requests without valid authentication
[22m[39m[ARCJET] WARNING: Running without Arcjet protection

[90mstderr[2m | 
tests/property/admin-system-health-fixes/settings-auth.property.test.ts[2m > 
[22m[2mFeature: admin-system-health-fixes, Property 3: Settings Authentication 
Requirement[2m > [22m[2mProperty: Requests without valid auth are rejected with 401 
(Requirement 2.6)[2m > [22m[2mshould reject DELETE requests without valid authentication
[22m[39m[ARCJET] WARNING: Running without Arcjet protection

[90mstderr[2m | 
tests/property/admin-system-health-fixes/settings-auth.property.test.ts[2m > 
[22m[2mFeature: admin-system-health-fixes, Property 3: Settings Authentication 
Requirement[2m > [22m[2mProperty: Requests without valid auth are rejected with 401 
(Requirement 2.6)[2m > [22m[2mshould reject DELETE requests without valid authentication
[22m[39m[ARCJET] WARNING: Running without Arcjet protection

[90mstderr[2m | 
tests/property/admin-system-health-fixes/settings-auth.property.test.ts[2m > 
[22m[2mFeature: admin-system-health-fixes, Property 3: Settings Authentication 
Requirement[2m > [22m[2mProperty: Requests without valid auth are rejected with 401 
(Requirement 2.6)[2m > [22m[2mshould reject DELETE requests without valid authentication
[22m[39m[ARCJET] WARNING: Running without Arcjet protection

[90mstderr[2m | 
tests/property/admin-system-health-fixes/settings-auth.property.test.ts[2m > 
[22m[2mFeature: admin-system-health-fixes, Property 3: Settings Authentication 
Requirement[2m > [22m[2mProperty: Requests without valid auth are rejected with 401 
(Requirement 2.6)[2m > [22m[2mshould reject DELETE requests without valid authentication
[22m[39m[ARCJET] WARNING: Running without Arcjet protection

[90mstderr[2m | 
tests/property/admin-system-health-fixes/settings-auth.property.test.ts[2m > 
[22m[2mFeature: admin-system-health-fixes, Property 3: Settings Authentication 
Requirement[2m > [22m[2mProperty: Requests without valid auth are rejected with 401 
(Requirement 2.6)[2m > [22m[2mshould reject DELETE requests without valid authentication
[22m[39m[ARCJET] WARNING: Running without Arcjet protection

[90mstderr[2m | 
tests/property/admin-system-health-fixes/settings-auth.property.test.ts[2m > 
[22m[2mFeature: admin-system-health-fixes, Property 3: Settings Authentication 
Requirement[2m > [22m[2mProperty: Requests without valid auth are rejected with 401 
(Requirement 2.6)[2m > [22m[2mshould reject DELETE requests without valid authentication
[22m[39m[ARCJET] WARNING: Running without Arcjet protection

[90mstderr[2m | 
tests/property/admin-system-health-fixes/settings-auth.property.test.ts[2m > 
[22m[2mFeature: admin-system-health-fixes, Property 3: Settings Authentication 
Requirement[2m > [22m[2mProperty: Requests without valid auth are rejected with 401 
(Requirement 2.6)[2m > [22m[2mshould reject DELETE requests without valid authentication
[22m[39m[ARCJET] WARNING: Running without Arcjet protection

[90mstderr[2m | 
tests/property/admin-system-health-fixes/settings-auth.property.test.ts[2m > 
[22m[2mFeature: admin-system-health-fixes, Property 3: Settings Authentication 
Requirement[2m > [22m[2mProperty: Requests without valid auth are rejected with 401 
(Requirement 2.6)[2m > [22m[2mshould reject DELETE requests without valid authentication
[22m[39m[ARCJET] WARNING: Running without Arcjet protection

[90mstderr[2m | 
tests/property/admin-system-health-fixes/settings-auth.property.test.ts[2m > 
[22m[2mFeature: admin-system-health-fixes, Property 3: Settings Authentication 
Requirement[2m > [22m[2mProperty: Requests without valid auth are rejected with 401 
(Requirement 2.6)[2m > [22m[2mshould reject DELETE requests without valid authentication
[22m[39m[ARCJET] WARNING: Running without Arcjet protection

[90mstderr[2m | 
tests/property/admin-system-health-fixes/settings-auth.property.test.ts[2m > 
[22m[2mFeature: admin-system-health-fixes, Property 3: Settings Authentication 
Requirement[2m > [22m[2mProperty: Requests without valid auth are rejected with 401 
(Requirement 2.6)[2m > [22m[2mshould reject DELETE requests without valid authentication
[22m[39m[ARCJET] WARNING: Running without Arcjet protection

[90mstderr[2m | 
tests/property/admin-system-health-fixes/settings-auth.property.test.ts[2m > 
[22m[2mFeature: admin-system-health-fixes, Property 3: Settings Authentication 
Requirement[2m > [22m[2mProperty: Requests without valid auth are rejected with 401 
(Requirement 2.6)[2m > [22m[2mshould reject DELETE requests without valid authentication
[22m[39m[ARCJET] WARNING: Running without Arcjet protection

[90mstderr[2m | 
tests/property/admin-system-health-fixes/settings-auth.property.test.ts[2m > 
[22m[2mFeature: admin-system-health-fixes, Property 3: Settings Authentication 
Requirement[2m > [22m[2mProperty: Requests without valid auth are rejected with 401 
(Requirement 2.6)[2m > [22m[2mshould reject DELETE requests without valid authentication
[22m[39m[ARCJET] WARNING: Running without Arcjet protection

[90mstderr[2m | 
tests/property/admin-system-health-fixes/settings-auth.property.test.ts[2m > 
[22m[2mFeature: admin-system-health-fixes, Property 3: Settings Authentication 
Requirement[2m > [22m[2mProperty: Requests without valid auth are rejected with 401 
(Requirement 2.6)[2m > [22m[2mshould reject DELETE requests without valid authentication
[22m[39m[ARCJET] WARNING: Running without Arcjet protection

[90mstderr[2m | 
tests/property/admin-system-health-fixes/settings-auth.property.test.ts[2m > 
[22m[2mFeature: admin-system-health-fixes, Property 3: Settings Authentication 
Requirement[2m > [22m[2mProperty: Requests without valid auth are rejected with 401 
(Requirement 2.6)[2m > [22m[2mshould reject DELETE requests without valid authentication
[22m[39m[ARCJET] WARNING: Running without Arcjet protection

[90mstderr[2m | 
tests/property/admin-system-health-fixes/settings-auth.property.test.ts[2m > 
[22m[2mFeature: admin-system-health-fixes, Property 3: Settings Authentication 
Requirement[2m > [22m[2mProperty: Requests without valid auth are rejected with 401 
(Requirement 2.6)[2m > [22m[2mshould reject DELETE requests without valid authentication
[22m[39m[ARCJET] WARNING: Running without Arcjet protection

[90mstderr[2m | 
tests/property/admin-system-health-fixes/settings-auth.property.test.ts[2m > 
[22m[2mFeature: admin-system-health-fixes, Property 3: Settings Authentication 
Requirement[2m > [22m[2mProperty: Requests without valid auth are rejected with 401 
(Requirement 2.6)[2m > [22m[2mshould reject DELETE requests without valid authentication
[22m[39m[ARCJET] WARNING: Running without Arcjet protection

[90mstderr[2m | 
tests/property/admin-system-health-fixes/settings-auth.property.test.ts[2m > 
[22m[2mFeature: admin-system-health-fixes, Property 3: Settings Authentication 
Requirement[2m > [22m[2mProperty: Requests without valid auth are rejected with 401 
(Requirement 2.6)[2m > [22m[2mshould reject DELETE requests without valid authentication
[22m[39m[ARCJET] WARNING: Running without Arcjet protection

[90mstderr[2m | 
tests/property/admin-system-health-fixes/settings-auth.property.test.ts[2m > 
[22m[2mFeature: admin-system-health-fixes, Property 3: Settings Authentication 
Requirement[2m > [22m[2mProperty: Requests without valid auth are rejected with 401 
(Requirement 2.6)[2m > [22m[2mshould reject DELETE requests without valid authentication
[22m[39m[ARCJET] WARNING: Running without Arcjet protection

[90mstderr[2m | 
tests/property/admin-system-health-fixes/settings-auth.property.test.ts[2m > 
[22m[2mFeature: admin-system-health-fixes, Property 3: Settings Authentication 
Requirement[2m > [22m[2mProperty: Requests without valid auth are rejected with 401 
(Requirement 2.6)[2m > [22m[2mshould reject DELETE requests without valid authentication
[22m[39m[ARCJET] WARNING: Running without Arcjet protection

[90mstderr[2m | 
tests/property/admin-system-health-fixes/settings-auth.property.test.ts[2m > 
[22m[2mFeature: admin-system-health-fixes, Property 3: Settings Authentication 
Requirement[2m > [22m[2mProperty: Requests without valid auth are rejected with 401 
(Requirement 2.6)[2m > [22m[2mshould reject DELETE requests without valid authentication
[22m[39m[ARCJET] WARNING: Running without Arcjet protection

[90mstderr[2m | 
tests/property/admin-system-health-fixes/settings-auth.property.test.ts[2m > 
[22m[2mFeature: admin-system-health-fixes, Property 3: Settings Authentication 
Requirement[2m > [22m[2mProperty: Requests without valid auth are rejected with 401 
(Requirement 2.6)[2m > [22m[2mshould reject DELETE requests without valid authentication
[22m[39m[ARCJET] WARNING: Running without Arcjet protection

[90mstderr[2m | 
tests/property/admin-system-health-fixes/settings-auth.property.test.ts[2m > 
[22m[2mFeature: admin-system-health-fixes, Property 3: Settings Authentication 
Requirement[2m > [22m[2mProperty: Requests without valid auth are rejected with 401 
(Requirement 2.6)[2m > [22m[2mshould reject DELETE requests without valid authentication
[22m[39m[ARCJET] WARNING: Running without Arcjet protection

[90mstderr[2m | 
tests/property/admin-system-health-fixes/settings-auth.property.test.ts[2m > 
[22m[2mFeature: admin-system-health-fixes, Property 3: Settings Authentication 
Requirement[2m > [22m[2mProperty: Requests without valid auth are rejected with 401 
(Requirement 2.6)[2m > [22m[2mshould reject DELETE requests without valid authentication
[22m[39m[ARCJET] WARNING: Running without Arcjet protection

[90mstderr[2m | 
tests/property/admin-system-health-fixes/settings-auth.property.test.ts[2m > 
[22m[2mFeature: admin-system-health-fixes, Property 3: Settings Authentication 
Requirement[2m > [22m[2mProperty: All HTTP methods require authentication (Requirement 
2.6)[2m > [22m[2mshould reject any settings method without authentication
[22m[39m[ARCJET] WARNING: Running without Arcjet protection

[90mstderr[2m | 
tests/property/admin-system-health-fixes/settings-auth.property.test.ts[2m > 
[22m[2mFeature: admin-system-health-fixes, Property 3: Settings Authentication 
Requirement[2m > [22m[2mProperty: All HTTP methods require authentication (Requirement 
2.6)[2m > [22m[2mshould reject any settings method without authentication
[22m[39m[ARCJET] WARNING: Running without Arcjet protection

[90mstderr[2m | 
tests/property/admin-system-health-fixes/settings-auth.property.test.ts[2m > 
[22m[2mFeature: admin-system-health-fixes, Property 3: Settings Authentication 
Requirement[2m > [22m[2mProperty: All HTTP methods require authentication (Requirement 
2.6)[2m > [22m[2mshould reject any settings method without authentication
[22m[39m[ARCJET] WARNING: Running without Arcjet protection

[90mstderr[2m | 
tests/property/admin-system-health-fixes/settings-auth.property.test.ts[2m > 
[22m[2mFeature: admin-system-health-fixes, Property 3: Settings Authentication 
Requirement[2m > [22m[2mProperty: All HTTP methods require authentication (Requirement 
2.6)[2m > [22m[2mshould reject any settings method without authentication
[22m[39m[ARCJET] WARNING: Running without Arcjet protection

[90mstderr[2m | 
tests/property/admin-system-health-fixes/settings-auth.property.test.ts[2m > 
[22m[2mFeature: admin-system-health-fixes, Property 3: Settings Authentication 
Requirement[2m > [22m[2mProperty: All HTTP methods require authentication (Requirement 
2.6)[2m > [22m[2mshould reject any settings method without authentication
[22m[39m[ARCJET] WARNING: Running without Arcjet protection

[90mstderr[2m | 
tests/property/admin-system-health-fixes/settings-auth.property.test.ts[2m > 
[22m[2mFeature: admin-system-health-fixes, Property 3: Settings Authentication 
Requirement[2m > [22m[2mProperty: All HTTP methods require authentication (Requirement 
2.6)[2m > [22m[2mshould reject any settings method without authentication
[22m[39m[ARCJET] WARNING: Running without Arcjet protection

[90mstderr[2m | 
tests/property/admin-system-health-fixes/settings-auth.property.test.ts[2m > 
[22m[2mFeature: admin-system-health-fixes, Property 3: Settings Authentication 
Requirement[2m > [22m[2mProperty: All HTTP methods require authentication (Requirement 
2.6)[2m > [22m[2mshould reject any settings method without authentication
[22m[39m[ARCJET] WARNING: Running without Arcjet protection

[90mstderr[2m | 
tests/property/admin-system-health-fixes/settings-auth.property.test.ts[2m > 
[22m[2mFeature: admin-system-health-fixes, Property 3: Settings Authentication 
Requirement[2m > [22m[2mProperty: All HTTP methods require authentication (Requirement 
2.6)[2m > [22m[2mshould reject any settings method without authentication
[22m[39m[ARCJET] WARNING: Running without Arcjet protection

[90mstderr[2m | 
tests/property/admin-system-health-fixes/settings-auth.property.test.ts[2m > 
[22m[2mFeature: admin-system-health-fixes, Property 3: Settings Authentication 
Requirement[2m > [22m[2mProperty: All HTTP methods require authentication (Requirement 
2.6)[2m > [22m[2mshould reject any settings method without authentication
[22m[39m[ARCJET] WARNING: Running without Arcjet protection

[90mstderr[2m | 
tests/property/admin-system-health-fixes/settings-auth.property.test.ts[2m > 
[22m[2mFeature: admin-system-health-fixes, Property 3: Settings Authentication 
Requirement[2m > [22m[2mProperty: All HTTP methods require authentication (Requirement 
2.6)[2m > [22m[2mshould reject any settings method without authentication
[22m[39m[ARCJET] WARNING: Running without Arcjet protection

[90mstderr[2m | 
tests/property/admin-system-health-fixes/settings-auth.property.test.ts[2m > 
[22m[2mFeature: admin-system-health-fixes, Property 3: Settings Authentication 
Requirement[2m > [22m[2mProperty: All HTTP methods require authentication (Requirement 
2.6)[2m > [22m[2mshould reject any settings method without authentication
[22m[39m[ARCJET] WARNING: Running without Arcjet protection

[90mstderr[2m | 
tests/property/admin-system-health-fixes/settings-auth.property.test.ts[2m > 
[22m[2mFeature: admin-system-health-fixes, Property 3: Settings Authentication 
Requirement[2m > [22m[2mProperty: All HTTP methods require authentication (Requirement 
2.6)[2m > [22m[2mshould reject any settings method without authentication
[22m[39m[ARCJET] WARNING: Running without Arcjet protection

[90mstderr[2m | 
tests/property/admin-system-health-fixes/settings-auth.property.test.ts[2m > 
[22m[2mFeature: admin-system-health-fixes, Property 3: Settings Authentication 
Requirement[2m > [22m[2mProperty: All HTTP methods require authentication (Requirement 
2.6)[2m > [22m[2mshould reject any settings method without authentication
[22m[39m[ARCJET] WARNING: Running without Arcjet protection

[90mstderr[2m | 
tests/property/admin-system-health-fixes/settings-auth.property.test.ts[2m > 
[22m[2mFeature: admin-system-health-fixes, Property 3: Settings Authentication 
Requirement[2m > [22m[2mProperty: All HTTP methods require authentication (Requirement 
2.6)[2m > [22m[2mshould reject any settings method without authentication
[22m[39m[ARCJET] WARNING: Running without Arcjet protection

[90mstderr[2m | 
tests/property/admin-system-health-fixes/settings-auth.property.test.ts[2m > 
[22m[2mFeature: admin-system-health-fixes, Property 3: Settings Authentication 
Requirement[2m > [22m[2mProperty: All HTTP methods require authentication (Requirement 
2.6)[2m > [22m[2mshould reject any settings method without authentication
[22m[39m[ARCJET] WARNING: Running without Arcjet protection

[90mstdout[2m | tests/property/admin-system-health-fixes/settings-auth.property.test.ts[2m > [22m[2mFeature: admin-system-health-fixes, Property 3: Settings Authentication Requirement[2m > [22m[2mProperty: Requests without valid auth are rejected with 401 (Requirement 2.6)[2m > [22m[2mshould reject DELETE requests without valid authentication
[22m[39m[AUTH] Token verification failed: Access token verification failed

[90mstdout[2m | tests/property/admin-system-health-fixes/settings-auth.property.test.ts[2m > [22m[2mFeature: admin-system-health-fixes, Property 3: Settings Authentication Requirement[2m > [22m[2mProperty: Requests without valid auth are rejected with 401 (Requirement 2.6)[2m > [22m[2mshould reject DELETE requests without valid authentication
[22m[39m[AUTH] Token verification failed: Access token verification failed

[90mstdout[2m | tests/property/admin-system-health-fixes/settings-auth.property.test.ts[2m > [22m[2mFeature: admin-system-health-fixes, Property 3: Settings Authentication Requirement[2m > [22m[2mProperty: Requests without valid auth are rejected with 401 (Requirement 2.6)[2m > [22m[2mshould reject DELETE requests without valid authentication
[22m[39m[AUTH] Token verification failed: Access token verification failed

[90mstdout[2m | tests/property/admin-system-health-fixes/settings-auth.property.test.ts[2m > [22m[2mFeature: admin-system-health-fixes, Property 3: Settings Authentication Requirement[2m > [22m[2mProperty: Requests without valid auth are rejected with 401 (Requirement 2.6)[2m > [22m[2mshould reject DELETE requests without valid authentication
[22m[39m[AUTH] Token verification failed: Access token verification failed

[90mstdout[2m | tests/property/admin-system-health-fixes/settings-auth.property.test.ts[2m > [22m[2mFeature: admin-system-health-fixes, Property 3: Settings Authentication Requirement[2m > [22m[2mProperty: Requests without valid auth are rejected with 401 (Requirement 2.6)[2m > [22m[2mshould reject DELETE requests without valid authentication
[22m[39m[AUTH] Token verification failed: Access token verification failed

[90mstdout[2m | tests/property/admin-system-health-fixes/settings-auth.property.test.ts[2m > [22m[2mFeature: admin-system-health-fixes, Property 3: Settings Authentication Requirement[2m > [22m[2mProperty: Requests without valid auth are rejected with 401 (Requirement 2.6)[2m > [22m[2mshould reject DELETE requests without valid authentication
[22m[39m[AUTH] Token verification failed: Access token verification failed

[90mstdout[2m | tests/property/admin-system-health-fixes/settings-auth.property.test.ts[2m > [22m[2mFeature: admin-system-health-fixes, Property 3: Settings Authentication Requirement[2m > [22m[2mProperty: Requests without valid auth are rejected with 401 (Requirement 2.6)[2m > [22m[2mshould reject DELETE requests without valid authentication
[22m[39m[AUTH] Token verification failed: Access token verification failed

[33m[39m[32m┬╖[39m[90mstdout[2m | tests/property/admin-system-health-fixes/settings-auth.property.test.ts[2m > [22m[2mFeature: admin-system-health-fixes, Property 3: Settings Authentication Requirement[2m > [22m[2mProperty: All HTTP methods require authentication (Requirement 2.6)[2m > [22m[2mshould reject any settings method without authentication
[22m[39m[AUTH] Token verification failed: Access token verification failed

[90mstdout[2m | tests/property/admin-system-health-fixes/settings-auth.property.test.ts[2m > [22m[2mFeature: admin-system-health-fixes, Property 3: Settings Authentication Requirement[2m > [22m[2mProperty: All HTTP methods require authentication (Requirement 2.6)[2m > [22m[2mshould reject any settings method without authentication
[22m[39m[AUTH] Token verification failed: Access token verification failed

[90mstdout[2m | tests/property/admin-system-health-fixes/settings-auth.property.test.ts[2m > [22m[2mFeature: admin-system-health-fixes, Property 3: Settings Authentication Requirement[2m > [22m[2mProperty: All HTTP methods require authentication (Requirement 2.6)[2m > [22m[2mshould reject any settings method without authentication
[22m[39m[AUTH] Token verification failed: Access token verification failed

[90mstdout[2m | tests/property/admin-system-health-fixes/settings-auth.property.test.ts[2m > [22m[2mFeature: admin-system-health-fixes, Property 3: Settings Authentication Requirement[2m > [22m[2mProperty: All HTTP methods require authentication (Requirement 2.6)[2m > [22m[2mshould reject any settings method without authentication
[22m[39m[AUTH] Token verification failed: Access token verification failed

[90mstdout[2m | tests/property/admin-system-health-fixes/settings-auth.property.test.ts[2m > [22m[2mFeature: admin-system-health-fixes, Property 3: Settings Authentication Requirement[2m > [22m[2mProperty: All HTTP methods require authentication (Requirement 2.6)[2m > [22m[2mshould reject any settings method without authentication
[22m[39m[AUTH] Token verification failed: Access token verification failed

[90mstdout[2m | tests/property/admin-system-health-fixes/settings-auth.property.test.ts[2m > [22m[2mFeature: admin-system-health-fixes, Property 3: Settings Authentication Requirement[2m > [22m[2mProperty: All HTTP methods require authentication (Requirement 2.6)[2m > [22m[2mshould reject any settings method without authentication
[22m[39m[AUTH] Token verification failed: Access token verification failed

[90mstderr[2m | 
tests/property/admin-system-health-fixes/settings-auth.property.test.ts[2m > 
[22m[2mFeature: admin-system-health-fixes, Property 3: Settings Authentication 
Requirement[2m > [22m[2mProperty: All HTTP methods require authentication (Requirement 
2.6)[2m > [22m[2mshould reject any settings method without authentication
[22m[39m[ARCJET] WARNING: Running without Arcjet protection

[90mstderr[2m | 
tests/property/admin-system-health-fixes/settings-auth.property.test.ts[2m > 
[22m[2mFeature: admin-system-health-fixes, Property 3: Settings Authentication 
Requirement[2m > [22m[2mProperty: All HTTP methods require authentication (Requirement 
2.6)[2m > [22m[2mshould reject any settings method without authentication
[22m[39m[ARCJET] WARNING: Running without Arcjet protection

[90mstderr[2m | 
tests/property/admin-system-health-fixes/settings-auth.property.test.ts[2m > 
[22m[2mFeature: admin-system-health-fixes, Property 3: Settings Authentication 
Requirement[2m > [22m[2mProperty: All HTTP methods require authentication (Requirement 
2.6)[2m > [22m[2mshould reject any settings method without authentication
[22m[39m[ARCJET] WARNING: Running without Arcjet protection

[90mstderr[2m | 
tests/property/admin-system-health-fixes/settings-auth.property.test.ts[2m > 
[22m[2mFeature: admin-system-health-fixes, Property 3: Settings Authentication 
Requirement[2m > [22m[2mProperty: All HTTP methods require authentication (Requirement 
2.6)[2m > [22m[2mshould reject any settings method without authentication
[22m[39m[ARCJET] WARNING: Running without Arcjet protection

[90mstderr[2m | 
tests/property/admin-system-health-fixes/settings-auth.property.test.ts[2m > 
[22m[2mFeature: admin-system-health-fixes, Property 3: Settings Authentication 
Requirement[2m > [22m[2mProperty: All HTTP methods require authentication (Requirement 
2.6)[2m > [22m[2mshould reject any settings method without authentication
[22m[39m[ARCJET] WARNING: Running without Arcjet protection

[90mstderr[2m | 
tests/property/admin-system-health-fixes/settings-auth.property.test.ts[2m > 
[22m[2mFeature: admin-system-health-fixes, Property 3: Settings Authentication 
Requirement[2m > [22m[2mProperty: All HTTP methods require authentication (Requirement 
2.6)[2m > [22m[2mshould reject any settings method without authentication
[22m[39m[ARCJET] WARNING: Running without Arcjet protection

[90mstderr[2m | 
tests/property/admin-system-health-fixes/settings-auth.property.test.ts[2m > 
[22m[2mFeature: admin-system-health-fixes, Property 3: Settings Authentication 
Requirement[2m > [22m[2mProperty: All HTTP methods require authentication (Requirement 
2.6)[2m > [22m[2mshould reject any settings method without authentication
[22m[39m[ARCJET] WARNING: Running without Arcjet protection

[90mstderr[2m | 
tests/property/admin-system-health-fixes/settings-auth.property.test.ts[2m > 
[22m[2mFeature: admin-system-health-fixes, Property 3: Settings Authentication 
Requirement[2m > [22m[2mProperty: All HTTP methods require authentication (Requirement 
2.6)[2m > [22m[2mshould reject any settings method without authentication
[22m[39m[ARCJET] WARNING: Running without Arcjet protection

[90mstderr[2m | 
tests/property/admin-system-health-fixes/settings-auth.property.test.ts[2m > 
[22m[2mFeature: admin-system-health-fixes, Property 3: Settings Authentication 
Requirement[2m > [22m[2mProperty: All HTTP methods require authentication (Requirement 
2.6)[2m > [22m[2mshould reject any settings method without authentication
[22m[39m[ARCJET] WARNING: Running without Arcjet protection

[90mstderr[2m | 
tests/property/admin-system-health-fixes/settings-auth.property.test.ts[2m > 
[22m[2mFeature: admin-system-health-fixes, Property 3: Settings Authentication 
Requirement[2m > [22m[2mProperty: All HTTP methods require authentication (Requirement 
2.6)[2m > [22m[2mshould reject any settings method without authentication
[22m[39m[ARCJET] WARNING: Running without Arcjet protection

[90mstderr[2m | 
tests/property/admin-system-health-fixes/settings-auth.property.test.ts[2m > 
[22m[2mFeature: admin-system-health-fixes, Property 3: Settings Authentication 
Requirement[2m > [22m[2mProperty: All HTTP methods require authentication (Requirement 
2.6)[2m > [22m[2mshould reject any settings method without authentication
[22m[39m[ARCJET] WARNING: Running without Arcjet protection

[90mstderr[2m | 
tests/property/admin-system-health-fixes/settings-auth.property.test.ts[2m > 
[22m[2mFeature: admin-system-health-fixes, Property 3: Settings Authentication 
Requirement[2m > [22m[2mProperty: All HTTP methods require authentication (Requirement 
2.6)[2m > [22m[2mshould reject any settings method without authentication
[22m[39m[ARCJET] WARNING: Running without Arcjet protection

[90mstderr[2m | 
tests/property/admin-system-health-fixes/settings-auth.property.test.ts[2m > 
[22m[2mFeature: admin-system-health-fixes, Property 3: Settings Authentication 
Requirement[2m > [22m[2mProperty: All HTTP methods require authentication (Requirement 
2.6)[2m > [22m[2mshould reject any settings method without authentication
[22m[39m[ARCJET] WARNING: Running without Arcjet protection

[90mstderr[2m | 
tests/property/admin-system-health-fixes/settings-auth.property.test.ts[2m > 
[22m[2mFeature: admin-system-health-fixes, Property 3: Settings Authentication 
Requirement[2m > [22m[2mProperty: All HTTP methods require authentication (Requirement 
2.6)[2m > [22m[2mshould reject any settings method without authentication
[22m[39m[ARCJET] WARNING: Running without Arcjet protection

[90mstderr[2m | 
tests/property/admin-system-health-fixes/settings-auth.property.test.ts[2m > 
[22m[2mFeature: admin-system-health-fixes, Property 3: Settings Authentication 
Requirement[2m > [22m[2mProperty: All HTTP methods require authentication (Requirement 
2.6)[2m > [22m[2mshould reject any settings method without authentication
[22m[39m[ARCJET] WARNING: Running without Arcjet protection

[90mstderr[2m | 
tests/property/admin-system-health-fixes/settings-auth.property.test.ts[2m > 
[22m[2mFeature: admin-system-health-fixes, Property 3: Settings Authentication 
Requirement[2m > [22m[2mProperty: All HTTP methods require authentication (Requirement 
2.6)[2m > [22m[2mshould reject any settings method without authentication
[22m[39m[ARCJET] WARNING: Running without Arcjet protection

[90mstderr[2m | 
tests/property/admin-system-health-fixes/settings-auth.property.test.ts[2m > 
[22m[2mFeature: admin-system-health-fixes, Property 3: Settings Authentication 
Requirement[2m > [22m[2mProperty: All HTTP methods require authentication (Requirement 
2.6)[2m > [22m[2mshould reject any settings method without authentication
[22m[39m[ARCJET] WARNING: Running without Arcjet protection

[90mstderr[2m | 
tests/property/admin-system-health-fixes/settings-auth.property.test.ts[2m > 
[22m[2mFeature: admin-system-health-fixes, Property 3: Settings Authentication 
Requirement[2m > [22m[2mProperty: All HTTP methods require authentication (Requirement 
2.6)[2m > [22m[2mshould reject any settings method without authentication
[22m[39m[ARCJET] WARNING: Running without Arcjet protection

[90mstderr[2m | 
tests/property/admin-system-health-fixes/settings-auth.property.test.ts[2m > 
[22m[2mFeature: admin-system-health-fixes, Property 3: Settings Authentication 
Requirement[2m > [22m[2mProperty: All HTTP methods require authentication (Requirement 
2.6)[2m > [22m[2mshould reject any settings method without authentication
[22m[39m[ARCJET] WARNING: Running without Arcjet protection

[90mstderr[2m | 
tests/property/admin-system-health-fixes/settings-auth.property.test.ts[2m > 
[22m[2mFeature: admin-system-health-fixes, Property 3: Settings Authentication 
Requirement[2m > [22m[2mProperty: All HTTP methods require authentication (Requirement 
2.6)[2m > [22m[2mshould reject any settings method without authentication
[22m[39m[ARCJET] WARNING: Running without Arcjet protection

[90mstderr[2m | 
tests/property/admin-system-health-fixes/settings-auth.property.test.ts[2m > 
[22m[2mFeature: admin-system-health-fixes, Property 3: Settings Authentication 
Requirement[2m > [22m[2mProperty: All HTTP methods require authentication (Requirement 
2.6)[2m > [22m[2mshould reject any settings method without authentication
[22m[39m[ARCJET] WARNING: Running without Arcjet protection

[90mstderr[2m | 
tests/property/admin-system-health-fixes/settings-auth.property.test.ts[2m > 
[22m[2mFeature: admin-system-health-fixes, Property 3: Settings Authentication 
Requirement[2m > [22m[2mProperty: All HTTP methods require authentication (Requirement 
2.6)[2m > [22m[2mshould reject any settings method without authentication
[22m[39m[ARCJET] WARNING: Running without Arcjet protection

[90mstderr[2m | 
tests/property/admin-system-health-fixes/settings-auth.property.test.ts[2m > 
[22m[2mFeature: admin-system-health-fixes, Property 3: Settings Authentication 
Requirement[2m > [22m[2mProperty: All HTTP methods require authentication (Requirement 
2.6)[2m > [22m[2mshould reject any settings method without authentication
[22m[39m[ARCJET] WARNING: Running without Arcjet protection

[90mstderr[2m | 
tests/property/admin-system-health-fixes/settings-auth.property.test.ts[2m > 
[22m[2mFeature: admin-system-health-fixes, Property 3: Settings Authentication 
Requirement[2m > [22m[2mProperty: All HTTP methods require authentication (Requirement 
2.6)[2m > [22m[2mshould reject any settings method without authentication
[22m[39m[ARCJET] WARNING: Running without Arcjet protection

[90mstderr[2m | 
tests/property/admin-system-health-fixes/settings-auth.property.test.ts[2m > 
[22m[2mFeature: admin-system-health-fixes, Property 3: Settings Authentication 
Requirement[2m > [22m[2mProperty: All HTTP methods require authentication (Requirement 
2.6)[2m > [22m[2mshould reject any settings method without authentication
[22m[39m[ARCJET] WARNING: Running without Arcjet protection

[90mstderr[2m | 
tests/property/admin-system-health-fixes/settings-auth.property.test.ts[2m > 
[22m[2mFeature: admin-system-health-fixes, Property 3: Settings Authentication 
Requirement[2m > [22m[2mProperty: All HTTP methods require authentication (Requirement 
2.6)[2m > [22m[2mshould reject any settings method without authentication
[22m[39m[ARCJET] WARNING: Running without Arcjet protection

[90mstderr[2m | 
tests/property/admin-system-health-fixes/settings-auth.property.test.ts[2m > 
[22m[2mFeature: admin-system-health-fixes, Property 3: Settings Authentication 
Requirement[2m > [22m[2mProperty: All HTTP methods require authentication (Requirement 
2.6)[2m > [22m[2mshould reject any settings method without authentication
[22m[39m[ARCJET] WARNING: Running without Arcjet protection

[90mstderr[2m | 
tests/property/admin-system-health-fixes/settings-auth.property.test.ts[2m > 
[22m[2mFeature: admin-system-health-fixes, Property 3: Settings Authentication 
Requirement[2m > [22m[2mProperty: All HTTP methods require authentication (Requirement 
2.6)[2m > [22m[2mshould reject any settings method without authentication
[22m[39m[ARCJET] WARNING: Running without Arcjet protection

[90mstderr[2m | 
tests/property/admin-system-health-fixes/settings-auth.property.test.ts[2m > 
[22m[2mFeature: admin-system-health-fixes, Property 3: Settings Authentication 
Requirement[2m > [22m[2mProperty: All HTTP methods require authentication (Requirement 
2.6)[2m > [22m[2mshould reject any settings method without authentication
[22m[39m[ARCJET] WARNING: Running without Arcjet protection

[90mstderr[2m | 
tests/property/admin-system-health-fixes/settings-auth.property.test.ts[2m > 
[22m[2mFeature: admin-system-health-fixes, Property 3: Settings Authentication 
Requirement[2m > [22m[2mProperty: All HTTP methods require authentication (Requirement 
2.6)[2m > [22m[2mshould reject any settings method without authentication
[22m[39m[ARCJET] WARNING: Running without Arcjet protection

[90mstderr[2m | 
tests/property/admin-system-health-fixes/settings-auth.property.test.ts[2m > 
[22m[2mFeature: admin-system-health-fixes, Property 3: Settings Authentication 
Requirement[2m > [22m[2mProperty: All HTTP methods require authentication (Requirement 
2.6)[2m > [22m[2mshould reject any settings method without authentication
[22m[39m[ARCJET] WARNING: Running without Arcjet protection

[90mstderr[2m | 
tests/property/admin-system-health-fixes/settings-auth.property.test.ts[2m > 
[22m[2mFeature: admin-system-health-fixes, Property 3: Settings Authentication 
Requirement[2m > [22m[2mProperty: All HTTP methods require authentication (Requirement 
2.6)[2m > [22m[2mshould reject any settings method without authentication
[22m[39m[ARCJET] WARNING: Running without Arcjet protection

[90mstderr[2m | 
tests/property/admin-system-health-fixes/settings-auth.property.test.ts[2m > 
[22m[2mFeature: admin-system-health-fixes, Property 3: Settings Authentication 
Requirement[2m > [22m[2mProperty: All HTTP methods require authentication (Requirement 
2.6)[2m > [22m[2mshould reject any settings method without authentication
[22m[39m[ARCJET] WARNING: Running without Arcjet protection

[90mstderr[2m | 
tests/property/admin-system-health-fixes/settings-auth.property.test.ts[2m > 
[22m[2mFeature: admin-system-health-fixes, Property 3: Settings Authentication 
Requirement[2m > [22m[2mProperty: All HTTP methods require authentication (Requirement 
2.6)[2m > [22m[2mshould reject any settings method without authentication
[22m[39m[ARCJET] WARNING: Running without Arcjet protection

[90mstderr[2m | 
tests/property/admin-system-health-fixes/settings-auth.property.test.ts[2m > 
[22m[2mFeature: admin-system-health-fixes, Property 3: Settings Authentication 
Requirement[2m > [22m[2mProperty: All HTTP methods require authentication (Requirement 
2.6)[2m > [22m[2mshould reject any settings method without authentication
[22m[39m[ARCJET] WARNING: Running without Arcjet protection

[90mstderr[2m | 
tests/property/admin-system-health-fixes/settings-auth.property.test.ts[2m > 
[22m[2mFeature: admin-system-health-fixes, Property 3: Settings Authentication 
Requirement[2m > [22m[2mProperty: All HTTP methods require authentication (Requirement 
2.6)[2m > [22m[2mshould reject any settings method without authentication
[22m[39m[ARCJET] WARNING: Running without Arcjet protection

[90mstderr[2m | 
tests/property/admin-system-health-fixes/settings-auth.property.test.ts[2m > 
[22m[2mFeature: admin-system-health-fixes, Property 3: Settings Authentication 
Requirement[2m > [22m[2mProperty: All HTTP methods require authentication (Requirement 
2.6)[2m > [22m[2mshould reject any settings method without authentication
[22m[39m[ARCJET] WARNING: Running without Arcjet protection

[90mstderr[2m | 
tests/property/admin-system-health-fixes/settings-auth.property.test.ts[2m > 
[22m[2mFeature: admin-system-health-fixes, Property 3: Settings Authentication 
Requirement[2m > [22m[2mProperty: All HTTP methods require authentication (Requirement 
2.6)[2m > [22m[2mshould reject any settings method without authentication
[22m[39m[ARCJET] WARNING: Running without Arcjet protection

[90mstderr[2m | 
tests/property/admin-system-health-fixes/settings-auth.property.test.ts[2m > 
[22m[2mFeature: admin-system-health-fixes, Property 3: Settings Authentication 
Requirement[2m > [22m[2mProperty: All HTTP methods require authentication (Requirement 
2.6)[2m > [22m[2mshould reject any settings method without authentication
[22m[39m[ARCJET] WARNING: Running without Arcjet protection

[90mstderr[2m | 
tests/property/admin-system-health-fixes/settings-auth.property.test.ts[2m > 
[22m[2mFeature: admin-system-health-fixes, Property 3: Settings Authentication 
Requirement[2m > [22m[2mProperty: All HTTP methods require authentication (Requirement 
2.6)[2m > [22m[2mshould reject any settings method without authentication
[22m[39m[ARCJET] WARNING: Running without Arcjet protection

[90mstderr[2m | 
tests/property/admin-system-health-fixes/settings-auth.property.test.ts[2m > 
[22m[2mFeature: admin-system-health-fixes, Property 3: Settings Authentication 
Requirement[2m > [22m[2mProperty: All HTTP methods require authentication (Requirement 
2.6)[2m > [22m[2mshould reject any settings method without authentication
[22m[39m[ARCJET] WARNING: Running without Arcjet protection

[90mstderr[2m | 
tests/property/admin-system-health-fixes/settings-auth.property.test.ts[2m > 
[22m[2mFeature: admin-system-health-fixes, Property 3: Settings Authentication 
Requirement[2m > [22m[2mProperty: All HTTP methods require authentication (Requirement 
2.6)[2m > [22m[2mshould reject any settings method without authentication
[22m[39m[ARCJET] WARNING: Running without Arcjet protection

[90mstderr[2m | 
tests/property/admin-system-health-fixes/settings-auth.property.test.ts[2m > 
[22m[2mFeature: admin-system-health-fixes, Property 3: Settings Authentication 
Requirement[2m > [22m[2mProperty: All HTTP methods require authentication (Requirement 
2.6)[2m > [22m[2mshould reject any settings method without authentication
[22m[39m[ARCJET] WARNING: Running without Arcjet protection

[90mstderr[2m | 
tests/property/admin-system-health-fixes/settings-auth.property.test.ts[2m > 
[22m[2mFeature: admin-system-health-fixes, Property 3: Settings Authentication 
Requirement[2m > [22m[2mProperty: All HTTP methods require authentication (Requirement 
2.6)[2m > [22m[2mshould reject any settings method without authentication
[22m[39m[ARCJET] WARNING: Running without Arcjet protection

[90mstderr[2m | 
tests/property/admin-system-health-fixes/settings-auth.property.test.ts[2m > 
[22m[2mFeature: admin-system-health-fixes, Property 3: Settings Authentication 
Requirement[2m > [22m[2mProperty: All HTTP methods require authentication (Requirement 
2.6)[2m > [22m[2mshould reject any settings method without authentication
[22m[39m[ARCJET] WARNING: Running without Arcjet protection

[90mstderr[2m | 
tests/property/admin-system-health-fixes/settings-auth.property.test.ts[2m > 
[22m[2mFeature: admin-system-health-fixes, Property 3: Settings Authentication 
Requirement[2m > [22m[2mProperty: All HTTP methods require authentication (Requirement 
2.6)[2m > [22m[2mshould reject any settings method without authentication
[22m[39m[ARCJET] WARNING: Running without Arcjet protection

[90mstderr[2m | 
tests/property/admin-system-health-fixes/settings-auth.property.test.ts[2m > 
[22m[2mFeature: admin-system-health-fixes, Property 3: Settings Authentication 
Requirement[2m > [22m[2mProperty: All HTTP methods require authentication (Requirement 
2.6)[2m > [22m[2mshould reject any settings method without authentication
[22m[39m[ARCJET] WARNING: Running without Arcjet protection

[90mstderr[2m | 
tests/property/admin-system-health-fixes/settings-auth.property.test.ts[2m > 
[22m[2mFeature: admin-system-health-fixes, Property 3: Settings Authentication 
Requirement[2m > [22m[2mProperty: All HTTP methods require authentication (Requirement 
2.6)[2m > [22m[2mshould reject any settings method without authentication
[22m[39m[ARCJET] WARNING: Running without Arcjet protection

[90mstderr[2m | 
tests/property/admin-system-health-fixes/settings-auth.property.test.ts[2m > 
[22m[2mFeature: admin-system-health-fixes, Property 3: Settings Authentication 
Requirement[2m > [22m[2mProperty: All HTTP methods require authentication (Requirement 
2.6)[2m > [22m[2mshould reject any settings method without authentication
[22m[39m[ARCJET] WARNING: Running without Arcjet protection

[90mstderr[2m | 
tests/property/admin-system-health-fixes/settings-auth.property.test.ts[2m > 
[22m[2mFeature: admin-system-health-fixes, Property 3: Settings Authentication 
Requirement[2m > [22m[2mProperty: All HTTP methods require authentication (Requirement 
2.6)[2m > [22m[2mshould reject any settings method without authentication
[22m[39m[ARCJET] WARNING: Running without Arcjet protection

[90mstderr[2m | 
tests/property/admin-system-health-fixes/settings-auth.property.test.ts[2m > 
[22m[2mFeature: admin-system-health-fixes, Property 3: Settings Authentication 
Requirement[2m > [22m[2mProperty: All HTTP methods require authentication (Requirement 
2.6)[2m > [22m[2mshould reject any settings method without authentication
[22m[39m[ARCJET] WARNING: Running without Arcjet protection

[90mstderr[2m | 
tests/property/admin-system-health-fixes/settings-auth.property.test.ts[2m > 
[22m[2mFeature: admin-system-health-fixes, Property 3: Settings Authentication 
Requirement[2m > [22m[2mProperty: All HTTP methods require authentication (Requirement 
2.6)[2m > [22m[2mshould reject any settings method without authentication
[22m[39m[ARCJET] WARNING: Running without Arcjet protection

[90mstderr[2m | 
tests/property/admin-system-health-fixes/settings-auth.property.test.ts[2m > 
[22m[2mFeature: admin-system-health-fixes, Property 3: Settings Authentication 
Requirement[2m > [22m[2mProperty: All HTTP methods require authentication (Requirement 
2.6)[2m > [22m[2mshould reject any settings method without authentication
[22m[39m[ARCJET] WARNING: Running without Arcjet protection

[90mstdout[2m | tests/property/admin-system-health-fixes/settings-auth.property.test.ts[2m > [22m[2mFeature: admin-system-health-fixes, Property 3: Settings Authentication Requirement[2m > [22m[2mProperty: All HTTP methods require authentication (Requirement 2.6)[2m > [22m[2mshould reject any settings method without authentication
[22m[39m[AUTH] Token verification failed: Access token verification failed
[90mstderr[2m | 
tests/property/admin-system-health-fixes/settings-auth.property.test.ts[2m > 
[22m[2mFeature: admin-system-health-fixes, Property 3: Settings Authentication 
Requirement[2m > [22m[2mProperty: All HTTP methods require authentication (Requirement 
2.6)[2m > [22m[2mshould reject any settings method without authentication
[22m[39m[ARCJET] WARNING: Running without Arcjet protection

[90mstderr[2m | 
tests/property/admin-system-health-fixes/settings-auth.property.test.ts[2m > 
[22m[2mFeature: admin-system-health-fixes, Property 3: Settings Authentication 
Requirement[2m > [22m[2mProperty: All HTTP methods require authentication (Requirement 
2.6)[2m > [22m[2mshould reject any settings method without authentication
[22m[39m[ARCJET] WARNING: Running without Arcjet protection

[90mstderr[2m | 
tests/property/admin-system-health-fixes/settings-auth.property.test.ts[2m > 
[22m[2mFeature: admin-system-health-fixes, Property 3: Settings Authentication 
Requirement[2m > [22m[2mProperty: All HTTP methods require authentication (Requirement 
2.6)[2m > [22m[2mshould reject any settings method without authentication
[22m[39m[ARCJET] WARNING: Running without Arcjet protection

[90mstderr[2m | 
tests/property/admin-system-health-fixes/settings-auth.property.test.ts[2m > 
[22m[2mFeature: admin-system-health-fixes, Property 3: Settings Authentication 
Requirement[2m > [22m[2mProperty: All HTTP methods require authentication (Requirement 
2.6)[2m > [22m[2mshould reject any settings method without authentication
[22m[39m[ARCJET] WARNING: Running without Arcjet protection

[90mstderr[2m | 
tests/property/admin-system-health-fixes/settings-auth.property.test.ts[2m > 
[22m[2mFeature: admin-system-health-fixes, Property 3: Settings Authentication 
Requirement[2m > [22m[2mProperty: All HTTP methods require authentication (Requirement 
2.6)[2m > [22m[2mshould reject any settings method without authentication
[22m[39m[ARCJET] WARNING: Running without Arcjet protection

[90mstderr[2m | 
tests/property/admin-system-health-fixes/settings-auth.property.test.ts[2m > 
[22m[2mFeature: admin-system-health-fixes, Property 3: Settings Authentication 
Requirement[2m > [22m[2mProperty: All HTTP methods require authentication (Requirement 
2.6)[2m > [22m[2mshould reject any settings method without authentication
[22m[39m[ARCJET] WARNING: Running without Arcjet protection

[90mstderr[2m | 
tests/property/admin-system-health-fixes/settings-auth.property.test.ts[2m > 
[22m[2mFeature: admin-system-health-fixes, Property 3: Settings Authentication 
Requirement[2m > [22m[2mProperty: All HTTP methods require authentication (Requirement 
2.6)[2m > [22m[2mshould reject any settings method without authentication
[22m[39m[ARCJET] WARNING: Running without Arcjet protection

[90mstderr[2m | 
tests/property/admin-system-health-fixes/settings-auth.property.test.ts[2m > 
[22m[2mFeature: admin-system-health-fixes, Property 3: Settings Authentication 
Requirement[2m > [22m[2mProperty: All HTTP methods require authentication (Requirement 
2.6)[2m > [22m[2mshould reject any settings method without authentication
[22m[39m[ARCJET] WARNING: Running without Arcjet protection

[90mstderr[2m | 
tests/property/admin-system-health-fixes/settings-auth.property.test.ts[2m > 
[22m[2mFeature: admin-system-health-fixes, Property 3: Settings Authentication 
Requirement[2m > [22m[2mProperty: All HTTP methods require authentication (Requirement 
2.6)[2m > [22m[2mshould reject any settings method without authentication
[22m[39m[ARCJET] WARNING: Running without Arcjet protection

[90mstderr[2m | 
tests/property/admin-system-health-fixes/settings-auth.property.test.ts[2m > 
[22m[2mFeature: admin-system-health-fixes, Property 3: Settings Authentication 
Requirement[2m > [22m[2mProperty: All HTTP methods require authentication (Requirement 
2.6)[2m > [22m[2mshould reject any settings method without authentication
[22m[39m[ARCJET] WARNING: Running without Arcjet protection

[90mstderr[2m | 
tests/property/admin-system-health-fixes/settings-auth.property.test.ts[2m > 
[22m[2mFeature: admin-system-health-fixes, Property 3: Settings Authentication 
Requirement[2m > [22m[2mProperty: All HTTP methods require authentication (Requirement 
2.6)[2m > [22m[2mshould reject any settings method without authentication
[22m[39m[ARCJET] WARNING: Running without Arcjet protection

[90mstderr[2m | 
tests/property/admin-system-health-fixes/settings-auth.property.test.ts[2m > 
[22m[2mFeature: admin-system-health-fixes, Property 3: Settings Authentication 
Requirement[2m > [22m[2mProperty: All HTTP methods require authentication (Requirement 
2.6)[2m > [22m[2mshould reject any settings method without authentication
[22m[39m[ARCJET] WARNING: Running without Arcjet protection

[90mstderr[2m | 
tests/property/admin-system-health-fixes/settings-auth.property.test.ts[2m > 
[22m[2mFeature: admin-system-health-fixes, Property 3: Settings Authentication 
Requirement[2m > [22m[2mProperty: All HTTP methods require authentication (Requirement 
2.6)[2m > [22m[2mshould reject any settings method without authentication
[22m[39m[ARCJET] WARNING: Running without Arcjet protection

[90mstderr[2m | 
tests/property/admin-system-health-fixes/settings-auth.property.test.ts[2m > 
[22m[2mFeature: admin-system-health-fixes, Property 3: Settings Authentication 
Requirement[2m > [22m[2mProperty: All HTTP methods require authentication (Requirement 
2.6)[2m > [22m[2mshould reject any settings method without authentication
[22m[39m[ARCJET] WARNING: Running without Arcjet protection

[90mstderr[2m | 
tests/property/admin-system-health-fixes/settings-auth.property.test.ts[2m > 
[22m[2mFeature: admin-system-health-fixes, Property 3: Settings Authentication 
Requirement[2m > [22m[2mProperty: All HTTP methods require authentication (Requirement 
2.6)[2m > [22m[2mshould reject any settings method without authentication
[22m[39m[ARCJET] WARNING: Running without Arcjet protection

[90mstderr[2m | 
tests/property/admin-system-health-fixes/settings-auth.property.test.ts[2m > 
[22m[2mFeature: admin-system-health-fixes, Property 3: Settings Authentication 
Requirement[2m > [22m[2mProperty: All HTTP methods require authentication (Requirement 
2.6)[2m > [22m[2mshould reject any settings method without authentication
[22m[39m[ARCJET] WARNING: Running without Arcjet protection

[90mstderr[2m | 
tests/property/admin-system-health-fixes/settings-auth.property.test.ts[2m > 
[22m[2mFeature: admin-system-health-fixes, Property 3: Settings Authentication 
Requirement[2m > [22m[2mProperty: All HTTP methods require authentication (Requirement 
2.6)[2m > [22m[2mshould reject any settings method without authentication
[22m[39m[ARCJET] WARNING: Running without Arcjet protection

[90mstderr[2m | 
tests/property/admin-system-health-fixes/settings-auth.property.test.ts[2m > 
[22m[2mFeature: admin-system-health-fixes, Property 3: Settings Authentication 
Requirement[2m > [22m[2mProperty: All HTTP methods require authentication (Requirement 
2.6)[2m > [22m[2mshould reject any settings method without authentication
[22m[39m[ARCJET] WARNING: Running without Arcjet protection

[90mstderr[2m | 
tests/property/admin-system-health-fixes/settings-auth.property.test.ts[2m > 
[22m[2mFeature: admin-system-health-fixes, Property 3: Settings Authentication 
Requirement[2m > [22m[2mProperty: All HTTP methods require authentication (Requirement 
2.6)[2m > [22m[2mshould reject any settings method without authentication
[22m[39m[ARCJET] WARNING: Running without Arcjet protection

[90mstderr[2m | 
tests/property/admin-system-health-fixes/settings-auth.property.test.ts[2m > 
[22m[2mFeature: admin-system-health-fixes, Property 3: Settings Authentication 
Requirement[2m > [22m[2mProperty: All HTTP methods require authentication (Requirement 
2.6)[2m > [22m[2mshould reject any settings method without authentication
[22m[39m[ARCJET] WARNING: Running without Arcjet protection

[90mstderr[2m | 
tests/property/admin-system-health-fixes/settings-auth.property.test.ts[2m > 
[22m[2mFeature: admin-system-health-fixes, Property 3: Settings Authentication 
Requirement[2m > [22m[2mProperty: All HTTP methods require authentication (Requirement 
2.6)[2m > [22m[2mshould reject any settings method without authentication
[22m[39m[ARCJET] WARNING: Running without Arcjet protection

[90mstderr[2m | 
tests/property/admin-system-health-fixes/settings-auth.property.test.ts[2m > 
[22m[2mFeature: admin-system-health-fixes, Property 3: Settings Authentication 
Requirement[2m > [22m[2mProperty: All HTTP methods require authentication (Requirement 
2.6)[2m > [22m[2mshould reject any settings method without authentication
[22m[39m[ARCJET] WARNING: Running without Arcjet protection

[90mstderr[2m | 
tests/property/admin-system-health-fixes/settings-auth.property.test.ts[2m > 
[22m[2mFeature: admin-system-health-fixes, Property 3: Settings Authentication 
Requirement[2m > [22m[2mProperty: All HTTP methods require authentication (Requirement 
2.6)[2m > [22m[2mshould reject any settings method without authentication
[22m[39m[ARCJET] WARNING: Running without Arcjet protection

[90mstderr[2m | 
tests/property/admin-system-health-fixes/settings-auth.property.test.ts[2m > 
[22m[2mFeature: admin-system-health-fixes, Property 3: Settings Authentication 
Requirement[2m > [22m[2mProperty: All HTTP methods require authentication (Requirement 
2.6)[2m > [22m[2mshould reject any settings method without authentication
[22m[39m[ARCJET] WARNING: Running without Arcjet protection

[90mstderr[2m | 
tests/property/admin-system-health-fixes/settings-auth.property.test.ts[2m > 
[22m[2mFeature: admin-system-health-fixes, Property 3: Settings Authentication 
Requirement[2m > [22m[2mProperty: All HTTP methods require authentication (Requirement 
2.6)[2m > [22m[2mshould reject any settings method without authentication
[22m[39m[ARCJET] WARNING: Running without Arcjet protection

[90mstderr[2m | 
tests/property/admin-system-health-fixes/settings-auth.property.test.ts[2m > 
[22m[2mFeature: admin-system-health-fixes, Property 3: Settings Authentication 
Requirement[2m > [22m[2mProperty: All HTTP methods require authentication (Requirement 
2.6)[2m > [22m[2mshould reject any settings method without authentication
[22m[39m[ARCJET] WARNING: Running without Arcjet protection

[90mstderr[2m | 
tests/property/admin-system-health-fixes/settings-auth.property.test.ts[2m > 
[22m[2mFeature: admin-system-health-fixes, Property 3: Settings Authentication 
Requirement[2m > [22m[2mProperty: All HTTP methods require authentication (Requirement 
2.6)[2m > [22m[2mshould reject any settings method without authentication
[22m[39m[ARCJET] WARNING: Running without Arcjet protection

[90mstderr[2m | 
tests/property/admin-system-health-fixes/settings-auth.property.test.ts[2m > 
[22m[2mFeature: admin-system-health-fixes, Property 3: Settings Authentication 
Requirement[2m > [22m[2mProperty: All HTTP methods require authentication (Requirement 
2.6)[2m > [22m[2mshould reject any settings method without authentication
[22m[39m[ARCJET] WARNING: Running without Arcjet protection

[90mstderr[2m | 
tests/property/admin-system-health-fixes/settings-auth.property.test.ts[2m > 
[22m[2mFeature: admin-system-health-fixes, Property 3: Settings Authentication 
Requirement[2m > [22m[2mProperty: All HTTP methods require authentication (Requirement 
2.6)[2m > [22m[2mshould reject any settings method without authentication
[22m[39m[ARCJET] WARNING: Running without Arcjet protection

[90mstderr[2m | 
tests/property/admin-system-health-fixes/settings-auth.property.test.ts[2m > 
[22m[2mFeature: admin-system-health-fixes, Property 3: Settings Authentication 
Requirement[2m > [22m[2mProperty: All HTTP methods require authentication (Requirement 
2.6)[2m > [22m[2mshould reject any settings method without authentication
[22m[39m[ARCJET] WARNING: Running without Arcjet protection


[90mstdout[2m | tests/property/admin-system-health-fixes/settings-auth.property.test.ts[2m > [22m[2mFeature: admin-system-health-fixes, Property 3: Settings Authentication Requirement[2m > [22m[2mProperty: All HTTP methods require authentication (Requirement 2.6)[2m > [22m[2mshould reject any settings method without authentication
[22m[39m[AUTH] Token verification failed: Access token verification failed

[90mstdout[2m | tests/property/admin-system-health-fixes/settings-auth.property.test.ts[2m > [22m[2mFeature: admin-system-health-fixes, Property 3: Settings Authentication Requirement[2m > [22m[2mProperty: All HTTP methods require authentication (Requirement 2.6)[2m > [22m[2mshould reject any settings method without authentication
[22m[39m[AUTH] Token verification failed: Access token verification failed

[90mstdout[2m | tests/property/admin-system-health-fixes/settings-auth.property.test.ts[2m > [22m[2mFeature: admin-system-health-fixes, Property 3: Settings Authentication Requirement[2m > [22m[2mProperty: All HTTP methods require authentication (Requirement 2.6)[2m > [22m[2mshould reject any settings method without authentication
[22m[39m[AUTH] Token verification failed: Access token verification failed

[90mstdout[2m | tests/property/admin-system-health-fixes/settings-auth.property.test.ts[2m > [22m[2mFeature: admin-system-health-fixes, Property 3: Settings Authentication Requirement[2m > [22m[2mProperty: All HTTP methods require authentication (Requirement 2.6)[2m > [22m[2mshould reject any settings method without authentication
[22m[39m[AUTH] Token verification failed: Access token verification failed

[90mstdout[2m | tests/property/admin-system-health-fixes/settings-auth.property.test.ts[2m > [22m[2mFeature: admin-system-health-fixes, Property 3: Settings Authentication Requirement[2m > [22m[2mProperty: All HTTP methods require authentication (Requirement 2.6)[2m > [22m[2mshould reject any settings method without authentication
[22m[39m[AUTH] Token verification failed: Access token verification failed

[90mstdout[2m | tests/property/admin-system-health-fixes/settings-auth.property.test.ts[2m > [22m[2mFeature: admin-system-health-fixes, Property 3: Settings Authentication Requirement[2m > [22m[2mProperty: All HTTP methods require authentication (Requirement 2.6)[2m > [22m[2mshould reject any settings method without authentication
[22m[39m[AUTH] Token verification failed: Access token verification failed

[90mstdout[2m | tests/property/admin-system-health-fixes/settings-auth.property.test.ts[2m > [22m[2mFeature: admin-system-health-fixes, Property 3: Settings Authentication Requirement[2m > [22m[2mProperty: All HTTP methods require authentication (Requirement 2.6)[2m > [22m[2mshould reject any settings method without authentication
[22m[39m[AUTH] Token verification failed: Access token verification failed

[90mstdout[2m | tests/property/admin-system-health-fixes/settings-auth.property.test.ts[2m > [22m[2mFeature: admin-system-health-fixes, Property 3: Settings Authentication Requirement[2m > [22m[2mProperty: All HTTP methods require authentication (Requirement 2.6)[2m > [22m[2mshould reject any settings method without authentication
[22m[39m[AUTH] Token verification failed: Access token verification failed

[90mstdout[2m | tests/property/admin-system-health-fixes/settings-auth.property.test.ts[2m > [22m[2mFeature: admin-system-health-fixes, Property 3: Settings Authentication Requirement[2m > [22m[2mProperty: All HTTP methods require authentication (Requirement 2.6)[2m > [22m[2mshould reject any settings method without authentication
[22m[39m[AUTH] Token verification failed: Access token verification failed

[90mstderr[2m | 
tests/property/admin-system-health-fixes/settings-auth.property.test.ts[2m > 
[22m[2mFeature: admin-system-health-fixes, Property 3: Settings Authentication 
Requirement[2m > [22m[2mProperty: All HTTP methods require authentication (Requirement 
2.6)[2m > [22m[2mshould reject any settings method without authentication
[22m[39m[ARCJET] WARNING: Running without Arcjet protection

[90mstderr[2m | 
tests/property/admin-system-health-fixes/settings-auth.property.test.ts[2m > 
[22m[2mFeature: admin-system-health-fixes, Property 3: Settings Authentication 
Requirement[2m > [22m[2mProperty: All HTTP methods require authentication (Requirement 
2.6)[2m > [22m[2mshould reject any settings method without authentication
[22m[39m[ARCJET] WARNING: Running without Arcjet protection

[90mstderr[2m | 
tests/property/admin-system-health-fixes/settings-auth.property.test.ts[2m > 
[22m[2mFeature: admin-system-health-fixes, Property 3: Settings Authentication 
Requirement[2m > [22m[2mProperty: Non-admin users are rejected (Requirement 2.6)[2m > 
[22m[2mshould reject requests from non-admin users
[22m[39m[ARCJET] WARNING: Running without Arcjet protection

[90mstderr[2m | 
tests/property/admin-system-health-fixes/settings-auth.property.test.ts[2m > 
[22m[2mFeature: admin-system-health-fixes, Property 3: Settings Authentication 
Requirement[2m > [22m[2mProperty: Non-admin users are rejected (Requirement 2.6)[2m > 
[22m[2mshould reject requests from non-admin users
[22m[39m[ARCJET] WARNING: Running without Arcjet protection

[90mstderr[2m | 
tests/property/admin-system-health-fixes/settings-auth.property.test.ts[2m > 
[22m[2mFeature: admin-system-health-fixes, Property 3: Settings Authentication 
Requirement[2m > [22m[2mProperty: Non-admin users are rejected (Requirement 2.6)[2m > 
[22m[2mshould reject requests from non-admin users
[22m[39m[ARCJET] WARNING: Running without Arcjet protection

[90mstderr[2m | 
tests/property/admin-system-health-fixes/settings-auth.property.test.ts[2m > 
[22m[2mFeature: admin-system-health-fixes, Property 3: Settings Authentication 
Requirement[2m > [22m[2mProperty: Non-admin users are rejected (Requirement 2.6)[2m > 
[22m[2mshould reject requests from non-admin users
[22m[39m[ARCJET] WARNING: Running without Arcjet protection

[90mstderr[2m | 
tests/property/admin-system-health-fixes/settings-auth.property.test.ts[2m > 
[22m[2mFeature: admin-system-health-fixes, Property 3: Settings Authentication 
Requirement[2m > [22m[2mProperty: Non-admin users are rejected (Requirement 2.6)[2m > 
[22m[2mshould reject requests from non-admin users
[22m[39m[ARCJET] WARNING: Running without Arcjet protection

[90mstderr[2m | 
tests/property/admin-system-health-fixes/settings-auth.property.test.ts[2m > 
[22m[2mFeature: admin-system-health-fixes, Property 3: Settings Authentication 
Requirement[2m > [22m[2mProperty: Non-admin users are rejected (Requirement 2.6)[2m > 
[22m[2mshould reject requests from non-admin users
[22m[39m[ARCJET] WARNING: Running without Arcjet protection

[90mstderr[2m | 
tests/property/admin-system-health-fixes/settings-auth.property.test.ts[2m > 
[22m[2mFeature: admin-system-health-fixes, Property 3: Settings Authentication 
Requirement[2m > [22m[2mProperty: Non-admin users are rejected (Requirement 2.6)[2m > 
[22m[2mshould reject requests from non-admin users
[22m[39m[ARCJET] WARNING: Running without Arcjet protection

[90mstderr[2m | 
tests/property/admin-system-health-fixes/settings-auth.property.test.ts[2m > 
[22m[2mFeature: admin-system-health-fixes, Property 3: Settings Authentication 
Requirement[2m > [22m[2mProperty: Non-admin users are rejected (Requirement 2.6)[2m > 
[22m[2mshould reject requests from non-admin users
[22m[39m[ARCJET] WARNING: Running without Arcjet protection

[90mstderr[2m | 
tests/property/admin-system-health-fixes/settings-auth.property.test.ts[2m > 
[22m[2mFeature: admin-system-health-fixes, Property 3: Settings Authentication 
Requirement[2m > [22m[2mProperty: Non-admin users are rejected (Requirement 2.6)[2m > 
[22m[2mshould reject requests from non-admin users
[22m[39m[ARCJET] WARNING: Running without Arcjet protection

[90mstdout[2m | tests/property/admin-system-health-fixes/settings-auth.property.test.ts[2m > [22m[2mFeature: admin-system-health-fixes, Property 3: Settings Authentication Requirement[2m > [22m[2mProperty: All HTTP methods require authentication (Requirement 2.6)[2m > [22m[2mshould reject any settings method without authentication
[22m[39m[AUTH] Token verification failed: Access token verification failed

[90mstdout[2m | tests/property/admin-system-health-fixes/settings-auth.property.test.ts[2m > [22m[2mFeature: admin-system-health-fixes, Property 3: Settings Authentication Requirement[2m > [22m[2mProperty: All HTTP methods require authentication (Requirement 2.6)[2m > [22m[2mshould reject any settings method without authentication
[22m[39m[AUTH] Token verification failed: Access token verification failed

[90mstdout[2m | tests/property/admin-system-health-fixes/settings-auth.property.test.ts[2m > [22m[2mFeature: admin-system-health-fixes, Property 3: Settings Authentication Requirement[2m > [22m[2mProperty: All HTTP methods require authentication (Requirement 2.6)[2m > [22m[2mshould reject any settings method without authentication
[22m[39m[AUTH] Token verification failed: Access token verification failed

[90mstdout[2m | tests/property/admin-system-health-fixes/settings-auth.property.test.ts[2m > [22m[2mFeature: admin-system-health-fixes, Property 3: Settings Authentication Requirement[2m > [22m[2mProperty: All HTTP methods require authentication (Requirement 2.6)[2m > [22m[2mshould reject any settings method without authentication
[22m[39m[AUTH] Token verification failed: Access token verification failed

[90mstdout[2m | tests/property/admin-system-health-fixes/settings-auth.property.test.ts[2m > [22m[2mFeature: admin-system-health-fixes, Property 3: Settings Authentication Requirement[2m > [22m[2mProperty: All HTTP methods require authentication (Requirement 2.6)[2m > [22m[2mshould reject any settings method without authentication
[22m[39m[AUTH] Token verification failed: Access token verification failed

[90mstdout[2m | tests/property/admin-system-health-fixes/settings-auth.property.test.ts[2m > [22m[2mFeature: admin-system-health-fixes, Property 3: Settings Authentication Requirement[2m > [22m[2mProperty: All HTTP methods require authentication (Requirement 2.6)[2m > [22m[2mshould reject any settings method without authentication
[22m[39m[AUTH] Token verification failed: Access token verification failed

[90mstdout[2m | tests/property/admin-system-health-fixes/settings-auth.property.test.ts[2m > [22m[2mFeature: admin-system-health-fixes, Property 3: Settings Authentication Requirement[2m > [22m[2mProperty: All HTTP methods require authentication (Requirement 2.6)[2m > [22m[2mshould reject any settings method without authentication
[22m[39m[AUTH] Token verification failed: Access token verification failed

[90mstdout[2m | tests/property/admin-system-health-fixes/settings-auth.property.test.ts[2m > [22m[2mFeature: admin-system-health-fixes, Property 3: Settings Authentication Requirement[2m > [22m[2mProperty: All HTTP methods require authentication (Requirement 2.6)[2m > [22m[2mshould reject any settings method without authentication
[22m[39m[AUTH] Token verification failed: Access token verification failed

[90mstdout[2m | tests/property/admin-system-health-fixes/settings-auth.property.test.ts[2m > [22m[2mFeature: admin-system-health-fixes, Property 3: Settings Authentication Requirement[2m > [22m[2mProperty: All HTTP methods require authentication (Requirement 2.6)[2m > [22m[2mshould reject any settings method without authentication
[22m[39m[AUTH] Token verification failed: Access token verification failed

[90mstdout[2m | tests/property/admin-system-health-fixes/settings-auth.property.test.ts[2m > [22m[2mFeature: admin-system-health-fixes, Property 3: Settings Authentication Requirement[2m > [22m[2mProperty: All HTTP methods require authentication (Requirement 2.6)[2m > [22m[2mshould reject any settings method without authentication
[22m[39m[AUTH] Token verification failed: Access token verification failed

[90mstderr[2m | 
tests/property/admin-system-health-fixes/settings-auth.property.test.ts[2m > 
[22m[2mFeature: admin-system-health-fixes, Property 3: Settings Authentication 
Requirement[2m > [22m[2mProperty: Non-admin users are rejected (Requirement 2.6)[2m > 
[22m[2mshould reject requests from non-admin users
[22m[39m[ARCJET] WARNING: Running without Arcjet protection

[90mstderr[2m | 
tests/property/admin-system-health-fixes/settings-auth.property.test.ts[2m > 
[22m[2mFeature: admin-system-health-fixes, Property 3: Settings Authentication 
Requirement[2m > [22m[2mProperty: Non-admin users are rejected (Requirement 2.6)[2m > 
[22m[2mshould reject requests from non-admin users
[22m[39m[ARCJET] WARNING: Running without Arcjet protection

[90mstderr[2m | 
tests/property/admin-system-health-fixes/settings-auth.property.test.ts[2m > 
[22m[2mFeature: admin-system-health-fixes, Property 3: Settings Authentication 
Requirement[2m > [22m[2mProperty: Non-admin users are rejected (Requirement 2.6)[2m > 
[22m[2mshould reject requests from non-admin users
[22m[39m[ARCJET] WARNING: Running without Arcjet protection

[90mstderr[2m | 
tests/property/admin-system-health-fixes/settings-auth.property.test.ts[2m > 
[22m[2mFeature: admin-system-health-fixes, Property 3: Settings Authentication 
Requirement[2m > [22m[2mProperty: Non-admin users are rejected (Requirement 2.6)[2m > 
[22m[2mshould reject requests from non-admin users
[22m[39m[ARCJET] WARNING: Running without Arcjet protection

[90mstderr[2m | 
tests/property/admin-system-health-fixes/settings-auth.property.test.ts[2m > 
[22m[2mFeature: admin-system-health-fixes, Property 3: Settings Authentication 
Requirement[2m > [22m[2mProperty: Non-admin users are rejected (Requirement 2.6)[2m > 
[22m[2mshould reject requests from non-admin users
[22m[39m[ARCJET] WARNING: Running without Arcjet protection

[90mstderr[2m | 
tests/property/admin-system-health-fixes/settings-auth.property.test.ts[2m > 
[22m[2mFeature: admin-system-health-fixes, Property 3: Settings Authentication 
Requirement[2m > [22m[2mProperty: Non-admin users are rejected (Requirement 2.6)[2m > 
[22m[2mshould reject requests from non-admin users
[22m[39m[ARCJET] WARNING: Running without Arcjet protection

[90mstderr[2m | 
tests/property/admin-system-health-fixes/settings-auth.property.test.ts[2m > 
[22m[2mFeature: admin-system-health-fixes, Property 3: Settings Authentication 
Requirement[2m > [22m[2mProperty: Non-admin users are rejected (Requirement 2.6)[2m > 
[22m[2mshould reject requests from non-admin users
[22m[39m[ARCJET] WARNING: Running without Arcjet protection

[90mstderr[2m | 
tests/property/admin-system-health-fixes/settings-auth.property.test.ts[2m > 
[22m[2mFeature: admin-system-health-fixes, Property 3: Settings Authentication 
Requirement[2m > [22m[2mProperty: Non-admin users are rejected (Requirement 2.6)[2m > 
[22m[2mshould reject requests from non-admin users
[22m[39m[ARCJET] WARNING: Running without Arcjet protection

[90mstderr[2m | 
tests/property/admin-system-health-fixes/settings-auth.property.test.ts[2m > 
[22m[2mFeature: admin-system-health-fixes, Property 3: Settings Authentication 
Requirement[2m > [22m[2mProperty: Non-admin users are rejected (Requirement 2.6)[2m > 
[22m[2mshould reject requests from non-admin users
[22m[39m[ARCJET] WARNING: Running without Arcjet protection
[90mstdout[2m | tests/property/admin-system-health-fixes/settings-auth.property.test.ts[2m > [22m[2mFeature: admin-system-health-fixes, Property 3: Settings Authentication Requirement[2m > [22m[2mProperty: All HTTP methods require authentication (Requirement 2.6)[2m > [22m[2mshould reject any settings method without authentication
[22m[39m[AUTH] Token verification failed: Access token verification failed

[90mstdout[2m | tests/property/admin-system-health-fixes/settings-auth.property.test.ts[2m > [22m[2mFeature: admin-system-health-fixes, Property 3: Settings Authentication Requirement[2m > [22m[2mProperty: All HTTP methods require authentication (Requirement 2.6)[2m > [22m[2mshould reject any settings method without authentication
[22m[39m[AUTH] Token verification failed: Access token verification failed

[33m[39m[32m┬╖[39m[90mstdout[2m | tests/property/admin-system-health-fixes/settings-auth.property.test.ts[2m > [22m[2mFeature: admin-system-health-fixes, Property 3: Settings Authentication Requirement[2m > [22m[2mProperty: Non-admin users are rejected (Requirement 2.6)[2m > [22m[2mshould reject requests from non-admin users
[22m[39m[AUTH] Token verification failed: Access token verification failed

[90mstdout[2m | tests/property/admin-system-health-fixes/settings-auth.property.test.ts[2m > [22m[2mFeature: admin-system-health-fixes, Property 3: Settings Authentication Requirement[2m > [22m[2mProperty: Non-admin users are rejected (Requirement 2.6)[2m > [22m[2mshould reject requests from non-admin users
[22m[39m[AUTH] Token verification failed: Access token verification failed

[90mstdout[2m | tests/property/admin-system-health-fixes/settings-auth.property.test.ts[2m > [22m[2mFeature: admin-system-health-fixes, Property 3: Settings Authentication Requirement[2m > [22m[2mProperty: Non-admin users are rejected (Requirement 2.6)[2m > [22m[2mshould reject requests from non-admin users
[22m[39m[AUTH] Token verification failed: Access token verification failed

[90mstdout[2m | tests/property/admin-system-health-fixes/settings-auth.property.test.ts[2m > [22m[2mFeature: admin-system-health-fixes, Property 3: Settings Authentication Requirement[2m > [22m[2mProperty: Non-admin users are rejected (Requirement 2.6)[2m > [22m[2mshould reject requests from non-admin users
[22m[39m[AUTH] Token verification failed: Access token verification failed

[90mstdout[2m | tests/property/admin-system-health-fixes/settings-auth.property.test.ts[2m > [22m[2mFeature: admin-system-health-fixes, Property 3: Settings Authentication Requirement[2m > [22m[2mProperty: Non-admin users are rejected (Requirement 2.6)[2m > [22m[2mshould reject requests from non-admin users
[22m[39m[AUTH] Token verification failed: Access token verification failed

[90mstdout[2m | tests/property/admin-system-health-fixes/settings-auth.property.test.ts[2m > [22m[2mFeature: admin-system-health-fixes, Property 3: Settings Authentication Requirement[2m > [22m[2mProperty: Non-admin users are rejected (Requirement 2.6)[2m > [22m[2mshould reject requests from non-admin users
[22m[39m[AUTH] Token verification failed: Access token verification failed

[90mstdout[2m | tests/property/admin-system-health-fixes/settings-auth.property.test.ts[2m > [22m[2mFeature: admin-system-health-fixes, Property 3: Settings Authentication Requirement[2m > [22m[2mProperty: Non-admin users are rejected (Requirement 2.6)[2m > [22m[2mshould reject requests from non-admin users
[22m[39m[AUTH] Token verification failed: Access token verification failed

[90mstdout[2m | tests/property/admin-system-health-fixes/settings-auth.property.test.ts[2m > [22m[2mFeature: admin-system-health-fixes, Property 3: Settings Authentication Requirement[2m > [22m[2mProperty: Non-admin users are rejected (Requirement 2.6)[2m > [22m[2mshould reject requests from non-admin users
[22m[39m[AUTH] Token verification failed: Access token verification failed

[90mstdout[2m | tests/property/admin-system-health-fixes/settings-auth.property.test.ts[2m > [22m[2mFeature: admin-system-health-fixes, Property 3: Settings Authentication Requirement[2m > [22m[2mProperty: Non-admin users are rejected (Requirement 2.6)[2m > [22m[2mshould reject requests from non-admin users
[22m[39m[AUTH] Token verification failed: Access token verification failed

[90mstdout[2m | tests/property/admin-system-health-fixes/settings-auth.property.test.ts[2m > [22m[2mFeature: admin-system-health-fixes, Property 3: Settings Authentication Requirement[2m > [22m[2mProperty: Non-admin users are rejected (Requirement 2.6)[2m > [22m[2mshould reject requests from non-admin users
[22m[39m[AUTH] Token verification failed: Access token verification failed

[90mstdout[2m | tests/property/admin-system-health-fixes/settings-auth.property.test.ts[2m > [22m[2mFeature: admin-system-health-fixes, Property 3: Settings Authentication Requirement[2m > [22m[2mProperty: Non-admin users are rejected (Requirement 2.6)[2m > [22m[2mshould reject requests from non-admin users
[22m[39m[AUTH] Token verification failed: Access token verification failed

[90mstdout[2m | tests/property/admin-system-health-fixes/settings-auth.property.test.ts[2m > [22m[2mFeature: admin-system-health-fixes, Property 3: Settings Authentication Requirement[2m > [22m[2mProperty: Non-admin users are rejected (Requirement 2.6)[2m > [22m[2mshould reject requests from non-admin users
[22m[39m[AUTH] Token verification failed: Access token verification failed

[90mstdout[2m | tests/property/admin-system-health-fixes/settings-auth.property.test.ts[2m > [22m[2mFeature: admin-system-health-fixes, Property 3: Settings Authentication Requirement[2m > [22m[2mProperty: Non-admin users are rejected (Requirement 2.6)[2m > [22m[2mshould reject requests from non-admin users
[22m[39m[AUTH] Token verification failed: Access token verification failed

[90mstdout[2m | tests/property/admin-system-health-fixes/settings-auth.property.test.ts[2m > [22m[2mFeature: admin-system-health-fixes, Property 3: Settings Authentication Requirement[2m > [22m[2mProperty: Non-admin users are rejected (Requirement 2.6)[2m > [22m[2mshould reject requests from non-admin users
[22m[39m[AUTH] Token verification failed: Access token verification failed

[90mstdout[2m | tests/property/admin-system-health-fixes/settings-auth.property.test.ts[2m > [22m[2mFeature: admin-system-health-fixes, Property 3: Settings Authentication Requirement[2m > [22m[2mProperty: Non-admin users are rejected (Requirement 2.6)[2m > [22m[2mshould reject requests from non-admin users
[22m[39m[AUTH] Token verification failed: Access token verification failed

[90mstdout[2m | tests/property/admin-system-health-fixes/settings-auth.property.test.ts[2m > [22m[2mFeature: admin-system-health-fixes, Property 3: Settings Authentication Requirement[2m > [22m[2mProperty: Non-admin users are rejected (Requirement 2.6)[2m > [22m[2mshould reject requests from non-admin users
[22m[39m[AUTH] Token verification failed: Access token verification failed

[90mstdout[2m | tests/property/admin-system-health-fixes/settings-auth.property.test.ts[2m > [22m[2mFeature: admin-system-health-fixes, Property 3: Settings Authentication Requirement[2m > [22m[2mProperty: Non-admin users are rejected (Requirement 2.6)[2m > [22m[2mshould reject requests from non-admin users
[22m[39m[AUTH] Token verification failed: Access token verification failed

[90mstdout[2m | tests/property/admin-system-health-fixes/settings-auth.property.test.ts[2m > [22m[2mFeature: admin-system-health-fixes, Property 3: Settings Authentication Requirement[2m > [22m[2mProperty: Non-admin users are rejected (Requirement 2.6)[2m > [22m[2mshould reject requests from non-admin users
[22m[39m[AUTH] Token verification failed: Access token verification failed

[90mstdout[2m | tests/property/admin-system-health-fixes/settings-auth.property.test.ts[2m > [22m[2mFeature: admin-system-health-fixes, Property 3: Settings Authentication Requirement[2m > [22m[2mProperty: Non-admin users are rejected (Requirement 2.6)[2m > [22m[2mshould reject requests from non-admin users
[22m[39m[AUTH] Token verification failed: Access token verification failed

[90mstdout[2m | tests/property/admin-system-health-fixes/settings-auth.property.test.ts[2m > [22m[2mFeature: admin-system-health-fixes, Property 3: Settings Authentication Requirement[2m > [22m[2mProperty: Non-admin users are rejected (Requirement 2.6)[2m > [22m[2mshould reject requests from non-admin users
[22m[39m[AUTH] Token verification failed: Access token verification failed

[90mstdout[2m | tests/property/admin-system-health-fixes/settings-auth.property.test.ts[2m > [22m[2mFeature: admin-system-health-fixes, Property 3: Settings Authentication Requirement[2m > [22m[2mProperty: Non-admin users are rejected (Requirement 2.6)[2m > [22m[2mshould reject requests from non-admin users
[22m[39m[AUTH] Token verification failed: Access token verification failed

[90mstdout[2m | tests/property/admin-system-health-fixes/settings-auth.property.test.ts[2m > [22m[2mFeature: admin-system-health-fixes, Property 3: Settings Authentication Requirement[2m > [22m[2mProperty: Non-admin users are rejected (Requirement 2.6)[2m > [22m[2mshould reject requests from non-admin users
[22m[39m[AUTH] Token verification failed: Access token verification failed

[90mstdout[2m | tests/property/admin-system-health-fixes/settings-auth.property.test.ts[2m > [22m[2mFeature: admin-system-health-fixes, Property 3: Settings Authentication Requirement[2m > [22m[2mProperty: Non-admin users are rejected (Requirement 2.6)[2m > [22m[2mshould reject requests from non-admin users
[22m[39m[AUTH] Token verification failed: Access token verification failed

[90mstdout[2m | tests/property/admin-system-health-fixes/settings-auth.property.test.ts[2m > [22m[2mFeature: admin-system-health-fixes, Property 3: Settings Authentication Requirement[2m > [22m[2mProperty: Non-admin users are rejected (Requirement 2.6)[2m > [22m[2mshould reject requests from non-admin users
[22m[39m[AUTH] Token verification failed: Access token verification failed

[90mstdout[2m | tests/property/admin-system-health-fixes/settings-auth.property.test.ts[2m > [22m[2mFeature: admin-system-health-fixes, Property 3: Settings Authentication Requirement[2m > [22m[2mProperty: Non-admin users are rejected (Requirement 2.6)[2m > [22m[2mshould reject requests from non-admin users
[22m[39m[AUTH] Token verification failed: Access token verification failed

[90mstdout[2m | tests/property/admin-system-health-fixes/settings-auth.property.test.ts[2m > [22m[2mFeature: admin-system-health-fixes, Property 3: Settings Authentication Requirement[2m > [22m[2mProperty: Non-admin users are rejected (Requirement 2.6)[2m > [22m[2mshould reject requests from non-admin users
[22m[39m[AUTH] Token verification failed: Access token verification failed

[90mstdout[2m | tests/property/admin-system-health-fixes/settings-auth.property.test.ts[2m > [22m[2mFeature: admin-system-health-fixes, Property 3: Settings Authentication Requirement[2m > [22m[2mProperty: Non-admin users are rejected (Requirement 2.6)[2m > [22m[2mshould reject requests from non-admin users
[22m[39m[AUTH] Token verification failed: Access token verification failed

[90mstdout[2m | tests/property/admin-system-health-fixes/settings-auth.property.test.ts[2m > [22m[2mFeature: admin-system-health-fixes, Property 3: Settings Authentication Requirement[2m > [22m[2mProperty: Non-admin users are rejected (Requirement 2.6)[2m > [22m[2mshould reject requests from non-admin users
[22m[39m[AUTH] Token verification failed: Access token verification failed

[90mstdout[2m | tests/property/admin-system-health-fixes/settings-auth.property.test.ts[2m > [22m[2mFeature: admin-system-health-fixes, Property 3: Settings Authentication Requirement[2m > [22m[2mProperty: Non-admin users are rejected (Requirement 2.6)[2m > [22m[2mshould reject requests from non-admin users
[22m[39m[AUTH] Token verification failed: Access token verification failed


[90mstderr[2m | 
tests/property/admin-system-health-fixes/settings-auth.property.test.ts[2m > 
[22m[2mFeature: admin-system-health-fixes, Property 3: Settings Authentication 
Requirement[2m > [22m[2mProperty: Non-admin users are rejected (Requirement 2.6)[2m > 
[22m[2mshould reject requests from non-admin users
[22m[39m[ARCJET] WARNING: Running without Arcjet protection

[90mstderr[2m | 
tests/property/admin-system-health-fixes/settings-auth.property.test.ts[2m > 
[22m[2mFeature: admin-system-health-fixes, Property 3: Settings Authentication 
Requirement[2m > [22m[2mProperty: Non-admin users are rejected (Requirement 2.6)[2m > 
[22m[2mshould reject requests from non-admin users
[22m[39m[ARCJET] WARNING: Running without Arcjet protection

[90mstderr[2m | 
tests/property/admin-system-health-fixes/settings-auth.property.test.ts[2m > 
[22m[2mFeature: admin-system-health-fixes, Property 3: Settings Authentication 
Requirement[2m > [22m[2mProperty: Non-admin users are rejected (Requirement 2.6)[2m > 
[22m[2mshould reject requests from non-admin users
[22m[39m[ARCJET] WARNING: Running without Arcjet protection

[90mstderr[2m | 
tests/property/admin-system-health-fixes/settings-auth.property.test.ts[2m > 
[22m[2mFeature: admin-system-health-fixes, Property 3: Settings Authentication 
Requirement[2m > [22m[2mProperty: Non-admin users are rejected (Requirement 2.6)[2m > 
[22m[2mshould reject requests from non-admin users
[22m[39m[ARCJET] WARNING: Running without Arcjet protection

[90mstderr[2m | 
tests/property/admin-system-health-fixes/settings-auth.property.test.ts[2m > 
[22m[2mFeature: admin-system-health-fixes, Property 3: Settings Authentication 
Requirement[2m > [22m[2mProperty: Non-admin users are rejected (Requirement 2.6)[2m > 
[22m[2mshould reject requests from non-admin users
[22m[39m[ARCJET] WARNING: Running without Arcjet protection

[90mstderr[2m | 
tests/property/admin-system-health-fixes/settings-auth.property.test.ts[2m > 
[22m[2mFeature: admin-system-health-fixes, Property 3: Settings Authentication 
Requirement[2m > [22m[2mProperty: Non-admin users are rejected (Requirement 2.6)[2m > 
[22m[2mshould reject requests from non-admin users
[22m[39m[ARCJET] WARNING: Running without Arcjet protection

[90mstderr[2m | 
tests/property/admin-system-health-fixes/settings-auth.property.test.ts[2m > 
[22m[2mFeature: admin-system-health-fixes, Property 3: Settings Authentication 
Requirement[2m > [22m[2mProperty: Non-admin users are rejected (Requirement 2.6)[2m > 
[22m[2mshould reject requests from non-admin users
[22m[39m[ARCJET] WARNING: Running without Arcjet protection

[90mstderr[2m | 
tests/property/admin-system-health-fixes/settings-auth.property.test.ts[2m > 
[22m[2mFeature: admin-system-health-fixes, Property 3: Settings Authentication 
Requirement[2m > [22m[2mProperty: Non-admin users are rejected (Requirement 2.6)[2m > 
[22m[2mshould reject requests from non-admin users
[22m[39m[ARCJET] WARNING: Running without Arcjet protection

[90mstderr[2m | 
tests/property/admin-system-health-fixes/settings-auth.property.test.ts[2m > 
[22m[2mFeature: admin-system-health-fixes, Property 3: Settings Authentication 
Requirement[2m > [22m[2mProperty: Non-admin users are rejected (Requirement 2.6)[2m > 
[22m[2mshould reject requests from non-admin users
[22m[39m[ARCJET] WARNING: Running without Arcjet protection

[90mstderr[2m | 
tests/property/admin-system-health-fixes/settings-auth.property.test.ts[2m > 
[22m[2mFeature: admin-system-health-fixes, Property 3: Settings Authentication 
Requirement[2m > [22m[2mProperty: Non-admin users are rejected (Requirement 2.6)[2m > 
[22m[2mshould reject requests from non-admin users
[22m[39m[ARCJET] WARNING: Running without Arcjet protection

[90mstderr[2m | 
tests/property/admin-system-health-fixes/settings-auth.property.test.ts[2m > 
[22m[2mFeature: admin-system-health-fixes, Property 3: Settings Authentication 
Requirement[2m > [22m[2mProperty: Non-admin users are rejected (Requirement 2.6)[2m > 
[22m[2mshould reject requests from non-admin users
[22m[39m[ARCJET] WARNING: Running without Arcjet protection

[90mstderr[2m | 
tests/property/admin-system-health-fixes/settings-auth.property.test.ts[2m > 
[22m[2mFeature: admin-system-health-fixes, Property 3: Settings Authentication 
Requirement[2m > [22m[2mProperty: Non-admin users are rejected (Requirement 2.6)[2m > 
[22m[2mshould reject requests from non-admin users
[22m[39m[ARCJET] WARNING: Running without Arcjet protection

[90mstderr[2m | 
tests/property/admin-system-health-fixes/settings-auth.property.test.ts[2m > 
[22m[2mFeature: admin-system-health-fixes, Property 3: Settings Authentication 
Requirement[2m > [22m[2mProperty: Non-admin users are rejected (Requirement 2.6)[2m > 
[22m[2mshould reject requests from non-admin users
[22m[39m[ARCJET] WARNING: Running without Arcjet protection

[90mstderr[2m | 
tests/property/admin-system-health-fixes/settings-auth.property.test.ts[2m > 
[22m[2mFeature: admin-system-health-fixes, Property 3: Settings Authentication 
Requirement[2m > [22m[2mProperty: Non-admin users are rejected (Requirement 2.6)[2m > 
[22m[2mshould reject requests from non-admin users
[22m[39m[ARCJET] WARNING: Running without Arcjet protection

[90mstderr[2m | 
tests/property/admin-system-health-fixes/settings-auth.property.test.ts[2m > 
[22m[2mFeature: admin-system-health-fixes, Property 3: Settings Authentication 
Requirement[2m > [22m[2mProperty: Non-admin users are rejected (Requirement 2.6)[2m > 
[22m[2mshould reject requests from non-admin users
[22m[39m[ARCJET] WARNING: Running without Arcjet protection

[90mstderr[2m | 
tests/property/admin-system-health-fixes/settings-auth.property.test.ts[2m > 
[22m[2mFeature: admin-system-health-fixes, Property 3: Settings Authentication 
Requirement[2m > [22m[2mProperty: Non-admin users are rejected (Requirement 2.6)[2m > 
[22m[2mshould reject requests from non-admin users
[22m[39m[ARCJET] WARNING: Running without Arcjet protection

[90mstderr[2m | 
tests/property/admin-system-health-fixes/settings-auth.property.test.ts[2m > 
[22m[2mFeature: admin-system-health-fixes, Property 3: Settings Authentication 
Requirement[2m > [22m[2mProperty: Non-admin users are rejected (Requirement 2.6)[2m > 
[22m[2mshould reject requests from non-admin users
[22m[39m[ARCJET] WARNING: Running without Arcjet protection

[90mstderr[2m | 
tests/property/admin-system-health-fixes/settings-auth.property.test.ts[2m > 
[22m[2mFeature: admin-system-health-fixes, Property 3: Settings Authentication 
Requirement[2m > [22m[2mProperty: Non-admin users are rejected (Requirement 2.6)[2m > 
[22m[2mshould reject requests from non-admin users
[22m[39m[ARCJET] WARNING: Running without Arcjet protection

[90mstderr[2m | 
tests/property/admin-system-health-fixes/settings-auth.property.test.ts[2m > 
[22m[2mFeature: admin-system-health-fixes, Property 3: Settings Authentication 
Requirement[2m > [22m[2mProperty: Non-admin users are rejected (Requirement 2.6)[2m > 
[22m[2mshould reject requests from non-admin users
[22m[39m[ARCJET] WARNING: Running without Arcjet protection

[90mstderr[2m | 
tests/property/admin-system-health-fixes/settings-auth.property.test.ts[2m > 
[22m[2mFeature: admin-system-health-fixes, Property 3: Settings Authentication 
Requirement[2m > [22m[2mProperty: Non-admin users are rejected (Requirement 2.6)[2m > 
[22m[2mshould reject requests from non-admin users
[22m[39m[ARCJET] WARNING: Running without Arcjet protection

[90mstderr[2m | 
tests/property/admin-system-health-fixes/settings-auth.property.test.ts[2m > 
[22m[2mFeature: admin-system-health-fixes, Property 3: Settings Authentication 
Requirement[2m > [22m[2mProperty: Non-admin users are rejected (Requirement 2.6)[2m > 
[22m[2mshould reject requests from non-admin users
[22m[39m[ARCJET] WARNING: Running without Arcjet protection

[90mstderr[2m | 
tests/property/admin-system-health-fixes/settings-auth.property.test.ts[2m > 
[22m[2mFeature: admin-system-health-fixes, Property 3: Settings Authentication 
Requirement[2m > [22m[2mProperty: Non-admin users are rejected (Requirement 2.6)[2m > 
[22m[2mshould reject requests from non-admin users
[22m[39m[ARCJET] WARNING: Running without Arcjet protection

[90mstderr[2m | 
tests/property/admin-system-health-fixes/settings-auth.property.test.ts[2m > 
[22m[2mFeature: admin-system-health-fixes, Property 3: Settings Authentication 
Requirement[2m > [22m[2mProperty: Non-admin users are rejected (Requirement 2.6)[2m > 
[22m[2mshould reject requests from non-admin users
[22m[39m[ARCJET] WARNING: Running without Arcjet protection

[90mstdout[2m | tests/property/admin-system-health-fixes/settings-auth.property.test.ts[2m > [22m[2mFeature: admin-system-health-fixes, Property 3: Settings Authentication Requirement[2m > [22m[2mProperty: Non-admin users are rejected (Requirement 2.6)[2m > [22m[2mshould reject requests from non-admin users
[22m[39m[AUTH] Token verification failed: Access token verification failed

[90mstdout[2m | tests/property/admin-system-health-fixes/settings-auth.property.test.ts[2m > [22m[2mFeature: admin-system-health-fixes, Property 3: Settings Authentication Requirement[2m > [22m[2mProperty: Non-admin users are rejected (Requirement 2.6)[2m > [22m[2mshould reject requests from non-admin users
[22m[39m[AUTH] Token verification failed: Access token verification failed

[90mstdout[2m | tests/property/admin-system-health-fixes/settings-auth.property.test.ts[2m > [22m[2mFeature: admin-system-health-fixes, Property 3: Settings Authentication Requirement[2m > [22m[2mProperty: Non-admin users are rejected (Requirement 2.6)[2m > [22m[2mshould reject requests from non-admin users
[22m[39m[AUTH] Token verification failed: Access token verification failed

[90mstdout[2m | tests/property/admin-system-health-fixes/settings-auth.property.test.ts[2m > [22m[2mFeature: admin-system-health-fixes, Property 3: Settings Authentication Requirement[2m > [22m[2mProperty: Non-admin users are rejected (Requirement 2.6)[2m > [22m[2mshould reject requests from non-admin users
[22m[39m[AUTH] Token verification failed: Access token verification failed

[90mstdout[2m | tests/property/admin-system-health-fixes/settings-auth.property.test.ts[2m > [22m[2mFeature: admin-system-health-fixes, Property 3: Settings Authentication Requirement[2m > [22m[2mProperty: Non-admin users are rejected (Requirement 2.6)[2m > [22m[2mshould reject requests from non-admin users
[22m[39m[AUTH] Token verification failed: Access token verification failed

[90mstdout[2m | tests/property/admin-system-health-fixes/settings-auth.property.test.ts[2m > [22m[2mFeature: admin-system-health-fixes, Property 3: Settings Authentication Requirement[2m > [22m[2mProperty: Non-admin users are rejected (Requirement 2.6)[2m > [22m[2mshould reject requests from non-admin users
[22m[39m[AUTH] Token verification failed: Access token verification failed

[90mstdout[2m | tests/property/admin-system-health-fixes/settings-auth.property.test.ts[2m > [22m[2mFeature: admin-system-health-fixes, Property 3: Settings Authentication Requirement[2m > [22m[2mProperty: Non-admin users are rejected (Requirement 2.6)[2m > [22m[2mshould reject requests from non-admin users
[22m[39m[AUTH] Token verification failed: Access token verification failed

[90mstdout[2m | tests/property/admin-system-health-fixes/settings-auth.property.test.ts[2m > [22m[2mFeature: admin-system-health-fixes, Property 3: Settings Authentication Requirement[2m > [22m[2mProperty: Non-admin users are rejected (Requirement 2.6)[2m > [22m[2mshould reject requests from non-admin users
[22m[39m[AUTH] Token verification failed: Access token verification failed

[90mstdout[2m | tests/property/admin-system-health-fixes/settings-auth.property.test.ts[2m > [22m[2mFeature: admin-system-health-fixes, Property 3: Settings Authentication Requirement[2m > [22m[2mProperty: Non-admin users are rejected (Requirement 2.6)[2m > [22m[2mshould reject requests from non-admin users
[22m[39m[AUTH] Token verification failed: Access token verification failed

[90mstdout[2m | tests/property/admin-system-health-fixes/settings-auth.property.test.ts[2m > [22m[2mFeature: admin-system-health-fixes, Property 3: Settings Authentication Requirement[2m > [22m[2mProperty: Non-admin users are rejected (Requirement 2.6)[2m > [22m[2mshould reject requests from non-admin users
[22m[39m[AUTH] Token verification failed: Access token verification failed

[90mstdout[2m | tests/property/admin-system-health-fixes/settings-auth.property.test.ts[2m > [22m[2mFeature: admin-system-health-fixes, Property 3: Settings Authentication Requirement[2m > [22m[2mProperty: Non-admin users are rejected (Requirement 2.6)[2m > [22m[2mshould reject requests from non-admin users
[22m[39m[AUTH] Token verification failed: Access token verification failed

[90mstdout[2m | tests/property/admin-system-health-fixes/settings-auth.property.test.ts[2m > [22m[2mFeature: admin-system-health-fixes, Property 3: Settings Authentication Requirement[2m > [22m[2mProperty: Non-admin users are rejected (Requirement 2.6)[2m > [22m[2mshould reject requests from non-admin users
[22m[39m[AUTH] Token verification failed: Access token verification failed

[90mstderr[2m | 
tests/property/admin-system-health-fixes/settings-auth.property.test.ts[2m > 
[22m[2mFeature: admin-system-health-fixes, Property 3: Settings Authentication 
Requirement[2m > [22m[2mProperty: Non-admin users are rejected (Requirement 2.6)[2m > 
[22m[2mshould reject requests from non-admin users
[22m[39m[ARCJET] WARNING: Running without Arcjet protection

[90mstdout[2m | tests/property/admin-system-health-fixes/settings-auth.property.test.ts[2m > [22m[2mFeature: admin-system-health-fixes, Property 3: Settings Authentication Requirement[2m > [22m[2mProperty: Non-admin users are rejected (Requirement 2.6)[2m > [22m[2mshould reject requests from non-admin users
[22m[39m[AUTH] Token verification failed: Access token verification failed

[90mstderr[2m | 
tests/property/admin-system-health-fixes/settings-auth.property.test.ts[2m > 
[22m[2mFeature: admin-system-health-fixes, Property 3: Settings Authentication 
Requirement[2m > [22m[2mProperty: Non-admin users are rejected (Requirement 2.6)[2m > 
[22m[2mshould reject requests from non-admin users
[22m[39m[ARCJET] WARNING: Running without Arcjet protection

[90mstdout[2m | tests/property/admin-system-health-fixes/settings-auth.property.test.ts[2m > [22m[2mFeature: admin-system-health-fixes, Property 3: Settings Authentication Requirement[2m > [22m[2mProperty: Non-admin users are rejected (Requirement 2.6)[2m > [22m[2mshould reject requests from non-admin users
[22m[39m[AUTH] Token verification failed: Access token verification failed

[90mstdout[2m | tests/property/admin-system-health-fixes/settings-auth.property.test.ts[2m > [22m[2mFeature: admin-system-health-fixes, Property 3: Settings Authentication Requirement[2m > [22m[2mProperty: Non-admin users are rejected (Requirement 2.6)[2m > [22m[2mshould reject requests from non-admin users
[22m[39m[AUTH] Token verification failed: Access token verification failed

[90mstdout[2m | tests/property/admin-system-health-fixes/settings-auth.property.test.ts[2m > [22m[2mFeature: admin-system-health-fixes, Property 3: Settings Authentication Requirement[2m > [22m[2mProperty: Non-admin users are rejected (Requirement 2.6)[2m > [22m[2mshould reject requests from non-admin users
[22m[39m[AUTH] Token verification failed: Access token verification failed

[90mstdout[2m | tests/property/admin-system-health-fixes/settings-auth.property.test.ts[2m > [22m[2mFeature: admin-system-health-fixes, Property 3: Settings Authentication Requirement[2m > [22m[2mProperty: Non-admin users are rejected (Requirement 2.6)[2m > [22m[2mshould reject requests from non-admin users
[22m[39m[AUTH] Token verification failed: Access token verification failed

[90mstdout[2m | tests/property/admin-system-health-fixes/settings-auth.property.test.ts[2m > [22m[2mFeature: admin-system-health-fixes, Property 3: Settings Authentication Requirement[2m > [22m[2mProperty: Non-admin users are rejected (Requirement 2.6)[2m > [22m[2mshould reject requests from non-admin users
[22m[39m[AUTH] Token verification failed: Access token verification failed

[90mstdout[2m | tests/property/admin-system-health-fixes/settings-auth.property.test.ts[2m > [22m[2mFeature: admin-system-health-fixes, Property 3: Settings Authentication Requirement[2m > [22m[2mProperty: Non-admin users are rejected (Requirement 2.6)[2m > [22m[2mshould reject requests from non-admin users
[22m[39m[AUTH] Token verification failed: Access token verification failed

[90mstdout[2m | tests/property/admin-system-health-fixes/settings-auth.property.test.ts[2m > [22m[2mFeature: admin-system-health-fixes, Property 3: Settings Authentication Requirement[2m > [22m[2mProperty: Non-admin users are rejected (Requirement 2.6)[2m > [22m[2mshould reject requests from non-admin users
[22m[39m[AUTH] Token verification failed: Access token verification failed

[90mstdout[2m | tests/property/admin-system-health-fixes/settings-auth.property.test.ts[2m > [22m[2mFeature: admin-system-health-fixes, Property 3: Settings Authentication Requirement[2m > [22m[2mProperty: Non-admin users are rejected (Requirement 2.6)[2m > [22m[2mshould reject requests from non-admin users
[22m[39m[AUTH] Token verification failed: Access token verification failed

[90mstdout[2m | tests/property/admin-system-health-fixes/settings-auth.property.test.ts[2m > [22m[2mFeature: admin-system-health-fixes, Property 3: Settings Authentication Requirement[2m > [22m[2mProperty: Non-admin users are rejected (Requirement 2.6)[2m > [22m[2mshould reject requests from non-admin users
[22m[39m[AUTH] Token verification failed: Access token verification failed

[90mstdout[2m | tests/property/admin-system-health-fixes/settings-auth.property.test.ts[2m > [22m[2mFeature: admin-system-health-fixes, Property 3: Settings Authentication Requirement[2m > [22m[2mProperty: Non-admin users are rejected (Requirement 2.6)[2m > [22m[2mshould reject requests from non-admin users
[22m[39m[AUTH] Token verification failed: Access token verification failed

[90mstdout[2m | tests/property/admin-system-health-fixes/settings-auth.property.test.ts[2m > [22m[2mFeature: admin-system-health-fixes, Property 3: Settings Authentication Requirement[2m > [22m[2mProperty: Non-admin users are rejected (Requirement 2.6)[2m > [22m[2mshould reject requests from non-admin users
[22m[39m[AUTH] Token verification failed: Access token verification failed

[90mstdout[2m | tests/property/admin-system-health-fixes/settings-auth.property.test.ts[2m > [22m[2mFeature: admin-system-health-fixes, Property 3: Settings Authentication Requirement[2m > [22m[2mProperty: Non-admin users are rejected (Requirement 2.6)[2m > [22m[2mshould reject requests from non-admin users
[22m[39m[AUTH] Token verification failed: Access token verification failed
[90mstderr[2m | 
tests/property/admin-system-health-fixes/settings-auth.property.test.ts[2m > 
[22m[2mFeature: admin-system-health-fixes, Property 3: Settings Authentication 
Requirement[2m > [22m[2mProperty: Non-admin users are rejected (Requirement 2.6)[2m > 
[22m[2mshould reject requests from non-admin users
[22m[39m[ARCJET] WARNING: Running without Arcjet protection

[90mstderr[2m | 
tests/property/admin-system-health-fixes/settings-auth.property.test.ts[2m > 
[22m[2mFeature: admin-system-health-fixes, Property 3: Settings Authentication 
Requirement[2m > [22m[2mProperty: Non-admin users are rejected (Requirement 2.6)[2m > 
[22m[2mshould reject requests from non-admin users
[22m[39m[ARCJET] WARNING: Running without Arcjet protection

[90mstderr[2m | 
tests/property/admin-system-health-fixes/settings-auth.property.test.ts[2m > 
[22m[2mFeature: admin-system-health-fixes, Property 3: Settings Authentication 
Requirement[2m > [22m[2mProperty: Non-admin users are rejected (Requirement 2.6)[2m > 
[22m[2mshould reject requests from non-admin users
[22m[39m[ARCJET] WARNING: Running without Arcjet protection

[90mstderr[2m | 
tests/property/admin-system-health-fixes/settings-auth.property.test.ts[2m > 
[22m[2mFeature: admin-system-health-fixes, Property 3: Settings Authentication 
Requirement[2m > [22m[2mProperty: Non-admin users are rejected (Requirement 2.6)[2m > 
[22m[2mshould reject requests from non-admin users
[22m[39m[ARCJET] WARNING: Running without Arcjet protection

[90mstderr[2m | 
tests/property/admin-system-health-fixes/settings-auth.property.test.ts[2m > 
[22m[2mFeature: admin-system-health-fixes, Property 3: Settings Authentication 
Requirement[2m > [22m[2mProperty: Non-admin users are rejected (Requirement 2.6)[2m > 
[22m[2mshould reject requests from non-admin users
[22m[39m[ARCJET] WARNING: Running without Arcjet protection

[90mstderr[2m | 
tests/property/admin-system-health-fixes/settings-auth.property.test.ts[2m > 
[22m[2mFeature: admin-system-health-fixes, Property 3: Settings Authentication 
Requirement[2m > [22m[2mProperty: Non-admin users are rejected (Requirement 2.6)[2m > 
[22m[2mshould reject requests from non-admin users
[22m[39m[ARCJET] WARNING: Running without Arcjet protection

[90mstderr[2m | 
tests/property/admin-system-health-fixes/settings-auth.property.test.ts[2m > 
[22m[2mFeature: admin-system-health-fixes, Property 3: Settings Authentication 
Requirement[2m > [22m[2mProperty: Non-admin users are rejected (Requirement 2.6)[2m > 
[22m[2mshould reject requests from non-admin users
[22m[39m[ARCJET] WARNING: Running without Arcjet protection

[90mstderr[2m | 
tests/property/admin-system-health-fixes/settings-auth.property.test.ts[2m > 
[22m[2mFeature: admin-system-health-fixes, Property 3: Settings Authentication 
Requirement[2m > [22m[2mProperty: Non-admin users are rejected (Requirement 2.6)[2m > 
[22m[2mshould reject requests from non-admin users
[22m[39m[ARCJET] WARNING: Running without Arcjet protection

[90mstderr[2m | 
tests/property/admin-system-health-fixes/settings-auth.property.test.ts[2m > 
[22m[2mFeature: admin-system-health-fixes, Property 3: Settings Authentication 
Requirement[2m > [22m[2mProperty: Non-admin users are rejected (Requirement 2.6)[2m > 
[22m[2mshould reject requests from non-admin users
[22m[39m[ARCJET] WARNING: Running without Arcjet protection

[90mstderr[2m | 
tests/property/admin-system-health-fixes/settings-auth.property.test.ts[2m > 
[22m[2mFeature: admin-system-health-fixes, Property 3: Settings Authentication 
Requirement[2m > [22m[2mProperty: Non-admin users are rejected (Requirement 2.6)[2m > 
[22m[2mshould reject requests from non-admin users
[22m[39m[ARCJET] WARNING: Running without Arcjet protection

[90mstderr[2m | 
tests/property/admin-system-health-fixes/settings-auth.property.test.ts[2m > 
[22m[2mFeature: admin-system-health-fixes, Property 3: Settings Authentication 
Requirement[2m > [22m[2mProperty: Non-admin users are rejected (Requirement 2.6)[2m > 
[22m[2mshould reject requests from non-admin users
[22m[39m[ARCJET] WARNING: Running without Arcjet protection

[90mstderr[2m | 
tests/property/admin-system-health-fixes/settings-auth.property.test.ts[2m > 
[22m[2mFeature: admin-system-health-fixes, Property 3: Settings Authentication 
Requirement[2m > [22m[2mProperty: Non-admin users are rejected (Requirement 2.6)[2m > 
[22m[2mshould reject requests from non-admin users
[22m[39m[ARCJET] WARNING: Running without Arcjet protection

[90mstderr[2m | 
tests/property/admin-system-health-fixes/settings-auth.property.test.ts[2m > 
[22m[2mFeature: admin-system-health-fixes, Property 3: Settings Authentication 
Requirement[2m > [22m[2mProperty: Non-admin users are rejected (Requirement 2.6)[2m > 
[22m[2mshould reject requests from non-admin users
[22m[39m[ARCJET] WARNING: Running without Arcjet protection

[90mstderr[2m | 
tests/property/admin-system-health-fixes/settings-auth.property.test.ts[2m > 
[22m[2mFeature: admin-system-health-fixes, Property 3: Settings Authentication 
Requirement[2m > [22m[2mProperty: Non-admin users are rejected (Requirement 2.6)[2m > 
[22m[2mshould reject requests from non-admin users
[22m[39m[ARCJET] WARNING: Running without Arcjet protection

[90mstderr[2m | 
tests/property/admin-system-health-fixes/settings-auth.property.test.ts[2m > 
[22m[2mFeature: admin-system-health-fixes, Property 3: Settings Authentication 
Requirement[2m > [22m[2mProperty: Non-admin users are rejected (Requirement 2.6)[2m > 
[22m[2mshould reject requests from non-admin users
[22m[39m[ARCJET] WARNING: Running without Arcjet protection

[90mstderr[2m | 
tests/property/admin-system-health-fixes/settings-auth.property.test.ts[2m > 
[22m[2mFeature: admin-system-health-fixes, Property 3: Settings Authentication 
Requirement[2m > [22m[2mProperty: Non-admin users are rejected (Requirement 2.6)[2m > 
[22m[2mshould reject requests from non-admin users
[22m[39m[ARCJET] WARNING: Running without Arcjet protection

[90mstderr[2m | 
tests/property/admin-system-health-fixes/settings-auth.property.test.ts[2m > 
[22m[2mFeature: admin-system-health-fixes, Property 3: Settings Authentication 
Requirement[2m > [22m[2mProperty: Non-admin users are rejected (Requirement 2.6)[2m > 
[22m[2mshould reject requests from non-admin users
[22m[39m[ARCJET] WARNING: Running without Arcjet protection

[90mstderr[2m | 
tests/property/admin-system-health-fixes/settings-auth.property.test.ts[2m > 
[22m[2mFeature: admin-system-health-fixes, Property 3: Settings Authentication 
Requirement[2m > [22m[2mProperty: Non-admin users are rejected (Requirement 2.6)[2m > 
[22m[2mshould reject requests from non-admin users
[22m[39m[ARCJET] WARNING: Running without Arcjet protection

[90mstderr[2m | 
tests/property/admin-system-health-fixes/settings-auth.property.test.ts[2m > 
[22m[2mFeature: admin-system-health-fixes, Property 3: Settings Authentication 
Requirement[2m > [22m[2mProperty: Non-admin users are rejected (Requirement 2.6)[2m > 
[22m[2mshould reject requests from non-admin users
[22m[39m[ARCJET] WARNING: Running without Arcjet protection

[90mstderr[2m | 
tests/property/admin-system-health-fixes/settings-auth.property.test.ts[2m > 
[22m[2mFeature: admin-system-health-fixes, Property 3: Settings Authentication 
Requirement[2m > [22m[2mProperty: Non-admin users are rejected (Requirement 2.6)[2m > 
[22m[2mshould reject requests from non-admin users
[22m[39m[ARCJET] WARNING: Running without Arcjet protection

[90mstderr[2m | 
tests/property/admin-system-health-fixes/settings-auth.property.test.ts[2m > 
[22m[2mFeature: admin-system-health-fixes, Property 3: Settings Authentication 
Requirement[2m > [22m[2mProperty: Non-admin users are rejected (Requirement 2.6)[2m > 
[22m[2mshould reject requests from non-admin users
[22m[39m[ARCJET] WARNING: Running without Arcjet protection

[90mstderr[2m | 
tests/property/admin-system-health-fixes/settings-auth.property.test.ts[2m > 
[22m[2mFeature: admin-system-health-fixes, Property 3: Settings Authentication 
Requirement[2m > [22m[2mProperty: Non-admin users are rejected (Requirement 2.6)[2m > 
[22m[2mshould reject requests from non-admin users
[22m[39m[ARCJET] WARNING: Running without Arcjet protection


[90mstderr[2m | 
tests/property/admin-system-health-fixes/settings-auth.property.test.ts[2m > 
[22m[2mFeature: admin-system-health-fixes, Property 3: Settings Authentication 
Requirement[2m > [22m[2mProperty: Non-admin users are rejected (Requirement 2.6)[2m > 
[22m[2mshould reject requests from non-admin users
[22m[39m[ARCJET] WARNING: Running without Arcjet protection

[90mstderr[2m | 
tests/property/admin-system-health-fixes/settings-auth.property.test.ts[2m > 
[22m[2mFeature: admin-system-health-fixes, Property 3: Settings Authentication 
Requirement[2m > [22m[2mProperty: Non-admin users are rejected (Requirement 2.6)[2m > 
[22m[2mshould reject requests from non-admin users
[22m[39m[ARCJET] WARNING: Running without Arcjet protection

[90mstderr[2m | 
tests/property/admin-system-health-fixes/settings-auth.property.test.ts[2m > 
[22m[2mFeature: admin-system-health-fixes, Property 3: Settings Authentication 
Requirement[2m > [22m[2mProperty: Non-admin users are rejected (Requirement 2.6)[2m > 
[22m[2mshould reject requests from non-admin users
[22m[39m[ARCJET] WARNING: Running without Arcjet protection

[90mstderr[2m | 
tests/property/admin-system-health-fixes/settings-auth.property.test.ts[2m > 
[22m[2mFeature: admin-system-health-fixes, Property 3: Settings Authentication 
Requirement[2m > [22m[2mProperty: Non-admin users are rejected (Requirement 2.6)[2m > 
[22m[2mshould reject requests from non-admin users
[22m[39m[ARCJET] WARNING: Running without Arcjet protection

[90mstderr[2m | 
tests/property/admin-system-health-fixes/settings-auth.property.test.ts[2m > 
[22m[2mFeature: admin-system-health-fixes, Property 3: Settings Authentication 
Requirement[2m > [22m[2mProperty: Non-admin users are rejected (Requirement 2.6)[2m > 
[22m[2mshould reject requests from non-admin users
[22m[39m[ARCJET] WARNING: Running without Arcjet protection

[90mstderr[2m | 
tests/property/admin-system-health-fixes/settings-auth.property.test.ts[2m > 
[22m[2mFeature: admin-system-health-fixes, Property 3: Settings Authentication 
Requirement[2m > [22m[2mProperty: Non-admin users are rejected (Requirement 2.6)[2m > 
[22m[2mshould reject requests from non-admin users
[22m[39m[ARCJET] WARNING: Running without Arcjet protection

[90mstderr[2m | 
tests/property/admin-system-health-fixes/settings-auth.property.test.ts[2m > 
[22m[2mFeature: admin-system-health-fixes, Property 3: Settings Authentication 
Requirement[2m > [22m[2mProperty: Non-admin users are rejected (Requirement 2.6)[2m > 
[22m[2mshould reject requests from non-admin users
[22m[39m[ARCJET] WARNING: Running without Arcjet protection

[90mstderr[2m | 
tests/property/admin-system-health-fixes/settings-auth.property.test.ts[2m > 
[22m[2mFeature: admin-system-health-fixes, Property 3: Settings Authentication 
Requirement[2m > [22m[2mProperty: Non-admin users are rejected (Requirement 2.6)[2m > 
[22m[2mshould reject requests from non-admin users
[22m[39m[ARCJET] WARNING: Running without Arcjet protection

[90mstderr[2m | 
tests/property/admin-system-health-fixes/settings-auth.property.test.ts[2m > 
[22m[2mFeature: admin-system-health-fixes, Property 3: Settings Authentication 
Requirement[2m > [22m[2mProperty: Non-admin users are rejected (Requirement 2.6)[2m > 
[22m[2mshould reject requests from non-admin users
[22m[39m[ARCJET] WARNING: Running without Arcjet protection

[90mstderr[2m | 
tests/property/admin-system-health-fixes/settings-auth.property.test.ts[2m > 
[22m[2mFeature: admin-system-health-fixes, Property 3: Settings Authentication 
Requirement[2m > [22m[2mProperty: Non-admin users are rejected (Requirement 2.6)[2m > 
[22m[2mshould reject requests from non-admin users
[22m[39m[ARCJET] WARNING: Running without Arcjet protection

[90mstdout[2m | tests/property/admin-system-health-fixes/settings-auth.property.test.ts[2m > [22m[2mFeature: admin-system-health-fixes, Property 3: Settings Authentication Requirement[2m > [22m[2mProperty: Non-admin users are rejected (Requirement 2.6)[2m > [22m[2mshould reject requests from non-admin users
[22m[39m[AUTH] Token verification failed: Access token verification failed

[90mstdout[2m | tests/property/admin-system-health-fixes/settings-auth.property.test.ts[2m > [22m[2mFeature: admin-system-health-fixes, Property 3: Settings Authentication Requirement[2m > [22m[2mProperty: Non-admin users are rejected (Requirement 2.6)[2m > [22m[2mshould reject requests from non-admin users
[22m[39m[AUTH] Token verification failed: Access token verification failed

[90mstdout[2m | tests/property/admin-system-health-fixes/settings-auth.property.test.ts[2m > [22m[2mFeature: admin-system-health-fixes, Property 3: Settings Authentication Requirement[2m > [22m[2mProperty: Non-admin users are rejected (Requirement 2.6)[2m > [22m[2mshould reject requests from non-admin users
[22m[39m[AUTH] Token verification failed: Access token verification failed

[90mstdout[2m | tests/property/admin-system-health-fixes/settings-auth.property.test.ts[2m > [22m[2mFeature: admin-system-health-fixes, Property 3: Settings Authentication Requirement[2m > [22m[2mProperty: Non-admin users are rejected (Requirement 2.6)[2m > [22m[2mshould reject requests from non-admin users
[22m[39m[AUTH] Token verification failed: Access token verification failed

[90mstdout[2m | tests/property/admin-system-health-fixes/settings-auth.property.test.ts[2m > [22m[2mFeature: admin-system-health-fixes, Property 3: Settings Authentication Requirement[2m > [22m[2mProperty: Non-admin users are rejected (Requirement 2.6)[2m > [22m[2mshould reject requests from non-admin users
[22m[39m[AUTH] Token verification failed: Access token verification failed

[90mstdout[2m | tests/property/admin-system-health-fixes/settings-auth.property.test.ts[2m > [22m[2mFeature: admin-system-health-fixes, Property 3: Settings Authentication Requirement[2m > [22m[2mProperty: Non-admin users are rejected (Requirement 2.6)[2m > [22m[2mshould reject requests from non-admin users
[22m[39m[AUTH] Token verification failed: Access token verification failed

[90mstdout[2m | tests/property/admin-system-health-fixes/settings-auth.property.test.ts[2m > [22m[2mFeature: admin-system-health-fixes, Property 3: Settings Authentication Requirement[2m > [22m[2mProperty: Non-admin users are rejected (Requirement 2.6)[2m > [22m[2mshould reject requests from non-admin users
[22m[39m[AUTH] Token verification failed: Access token verification failed

[90mstdout[2m | tests/property/admin-system-health-fixes/settings-auth.property.test.ts[2m > [22m[2mFeature: admin-system-health-fixes, Property 3: Settings Authentication Requirement[2m > [22m[2mProperty: Non-admin users are rejected (Requirement 2.6)[2m > [22m[2mshould reject requests from non-admin users
[22m[39m[AUTH] Token verification failed: Access token verification failed

[90mstdout[2m | tests/property/admin-system-health-fixes/settings-auth.property.test.ts[2m > [22m[2mFeature: admin-system-health-fixes, Property 3: Settings Authentication Requirement[2m > [22m[2mProperty: Non-admin users are rejected (Requirement 2.6)[2m > [22m[2mshould reject requests from non-admin users
[22m[39m[AUTH] Token verification failed: Access token verification failed

[90mstdout[2m | tests/property/admin-system-health-fixes/settings-auth.property.test.ts[2m > [22m[2mFeature: admin-system-health-fixes, Property 3: Settings Authentication Requirement[2m > [22m[2mProperty: Non-admin users are rejected (Requirement 2.6)[2m > [22m[2mshould reject requests from non-admin users
[22m[39m[AUTH] Token verification failed: Access token verification failed

[90mstderr[2m | 
tests/property/admin-system-health-fixes/settings-auth.property.test.ts[2m > 
[22m[2mFeature: admin-system-health-fixes, Property 3: Settings Authentication 
Requirement[2m > [22m[2mProperty: Non-admin users are rejected (Requirement 2.6)[2m > 
[22m[2mshould reject requests from non-admin users
[22m[39m[ARCJET] WARNING: Running without Arcjet protection

[90mstderr[2m | 
tests/property/admin-system-health-fixes/settings-auth.property.test.ts[2m > 
[22m[2mFeature: admin-system-health-fixes, Property 3: Settings Authentication 
Requirement[2m > [22m[2mProperty: Non-admin users are rejected (Requirement 2.6)[2m > 
[22m[2mshould reject requests from non-admin users
[22m[39m[ARCJET] WARNING: Running without Arcjet protection

[90mstderr[2m | 
tests/property/admin-system-health-fixes/settings-auth.property.test.ts[2m > 
[22m[2mFeature: admin-system-health-fixes, Property 3: Settings Authentication 
Requirement[2m > [22m[2mProperty: Non-admin users are rejected (Requirement 2.6)[2m > 
[22m[2mshould reject requests from non-admin users
[22m[39m[ARCJET] WARNING: Running without Arcjet protection

[90mstderr[2m | 
tests/property/admin-system-health-fixes/settings-auth.property.test.ts[2m > 
[22m[2mFeature: admin-system-health-fixes, Property 3: Settings Authentication 
Requirement[2m > [22m[2mProperty: Non-admin users are rejected (Requirement 2.6)[2m > 
[22m[2mshould reject requests from non-admin users
[22m[39m[ARCJET] WARNING: Running without Arcjet protection

[90mstderr[2m | 
tests/property/admin-system-health-fixes/settings-auth.property.test.ts[2m > 
[22m[2mFeature: admin-system-health-fixes, Property 3: Settings Authentication 
Requirement[2m > [22m[2mProperty: Non-admin users are rejected (Requirement 2.6)[2m > 
[22m[2mshould reject requests from non-admin users
[22m[39m[ARCJET] WARNING: Running without Arcjet protection

[90mstderr[2m | 
tests/property/admin-system-health-fixes/settings-auth.property.test.ts[2m > 
[22m[2mFeature: admin-system-health-fixes, Property 3: Settings Authentication 
Requirement[2m > [22m[2mProperty: Non-admin users are rejected (Requirement 2.6)[2m > 
[22m[2mshould reject requests from non-admin users
[22m[39m[ARCJET] WARNING: Running without Arcjet protection

[90mstderr[2m | 
tests/property/admin-system-health-fixes/settings-auth.property.test.ts[2m > 
[22m[2mFeature: admin-system-health-fixes, Property 3: Settings Authentication 
Requirement[2m > [22m[2mProperty: Non-admin users are rejected (Requirement 2.6)[2m > 
[22m[2mshould reject requests from non-admin users
[22m[39m[ARCJET] WARNING: Running without Arcjet protection

[90mstderr[2m | 
tests/property/admin-system-health-fixes/settings-auth.property.test.ts[2m > 
[22m[2mFeature: admin-system-health-fixes, Property 3: Settings Authentication 
Requirement[2m > [22m[2mProperty: Non-admin users are rejected (Requirement 2.6)[2m > 
[22m[2mshould reject requests from non-admin users
[22m[39m[ARCJET] WARNING: Running without Arcjet protection

[90mstderr[2m | 
tests/property/admin-system-health-fixes/settings-auth.property.test.ts[2m > 
[22m[2mFeature: admin-system-health-fixes, Property 3: Settings Authentication 
Requirement[2m > [22m[2mProperty: Non-admin users are rejected (Requirement 2.6)[2m > 
[22m[2mshould reject requests from non-admin users
[22m[39m[ARCJET] WARNING: Running without Arcjet protection

[90mstderr[2m | 
tests/property/admin-system-health-fixes/settings-auth.property.test.ts[2m > 
[22m[2mFeature: admin-system-health-fixes, Property 3: Settings Authentication 
Requirement[2m > [22m[2mProperty: Non-admin users are rejected (Requirement 2.6)[2m > 
[22m[2mshould reject requests from non-admin users
[22m[39m[ARCJET] WARNING: Running without Arcjet protection

[90mstdout[2m | tests/property/admin-system-health-fixes/settings-auth.property.test.ts[2m > [22m[2mFeature: admin-system-health-fixes, Property 3: Settings Authentication Requirement[2m > [22m[2mProperty: Non-admin users are rejected (Requirement 2.6)[2m > [22m[2mshould reject requests from non-admin users
[22m[39m[AUTH] Token verification failed: Access token verification failed

[90mstdout[2m | tests/property/admin-system-health-fixes/settings-auth.property.test.ts[2m > [22m[2mFeature: admin-system-health-fixes, Property 3: Settings Authentication Requirement[2m > [22m[2mProperty: Non-admin users are rejected (Requirement 2.6)[2m > [22m[2mshould reject requests from non-admin users
[22m[39m[AUTH] Token verification failed: Access token verification failed

[90mstdout[2m | tests/property/admin-system-health-fixes/settings-auth.property.test.ts[2m > [22m[2mFeature: admin-system-health-fixes, Property 3: Settings Authentication Requirement[2m > [22m[2mProperty: Non-admin users are rejected (Requirement 2.6)[2m > [22m[2mshould reject requests from non-admin users
[22m[39m[AUTH] Token verification failed: Access token verification failed

[90mstdout[2m | tests/property/admin-system-health-fixes/settings-auth.property.test.ts[2m > [22m[2mFeature: admin-system-health-fixes, Property 3: Settings Authentication Requirement[2m > [22m[2mProperty: Non-admin users are rejected (Requirement 2.6)[2m > [22m[2mshould reject requests from non-admin users
[22m[39m[AUTH] Token verification failed: Access token verification failed

[90mstdout[2m | tests/property/admin-system-health-fixes/settings-auth.property.test.ts[2m > [22m[2mFeature: admin-system-health-fixes, Property 3: Settings Authentication Requirement[2m > [22m[2mProperty: Non-admin users are rejected (Requirement 2.6)[2m > [22m[2mshould reject requests from non-admin users
[22m[39m[AUTH] Token verification failed: Access token verification failed

[90mstdout[2m | tests/property/admin-system-health-fixes/settings-auth.property.test.ts[2m > [22m[2mFeature: admin-system-health-fixes, Property 3: Settings Authentication Requirement[2m > [22m[2mProperty: Non-admin users are rejected (Requirement 2.6)[2m > [22m[2mshould reject requests from non-admin users
[22m[39m[AUTH] Token verification failed: Access token verification failed

[90mstdout[2m | tests/property/admin-system-health-fixes/settings-auth.property.test.ts[2m > [22m[2mFeature: admin-system-health-fixes, Property 3: Settings Authentication Requirement[2m > [22m[2mProperty: Non-admin users are rejected (Requirement 2.6)[2m > [22m[2mshould reject requests from non-admin users
[22m[39m[AUTH] Token verification failed: Access token verification failed

[90mstdout[2m | tests/property/admin-system-health-fixes/settings-auth.property.test.ts[2m > [22m[2mFeature: admin-system-health-fixes, Property 3: Settings Authentication Requirement[2m > [22m[2mProperty: Non-admin users are rejected (Requirement 2.6)[2m > [22m[2mshould reject requests from non-admin users
[22m[39m[AUTH] Token verification failed: Access token verification failed

[90mstdout[2m | tests/property/admin-system-health-fixes/settings-auth.property.test.ts[2m > [22m[2mFeature: admin-system-health-fixes, Property 3: Settings Authentication Requirement[2m > [22m[2mProperty: Non-admin users are rejected (Requirement 2.6)[2m > [22m[2mshould reject requests from non-admin users
[22m[39m[AUTH] Token verification failed: Access token verification failed

[90mstdout[2m | tests/property/admin-system-health-fixes/settings-auth.property.test.ts[2m > [22m[2mFeature: admin-system-health-fixes, Property 3: Settings Authentication Requirement[2m > [22m[2mProperty: Non-admin users are rejected (Requirement 2.6)[2m > [22m[2mshould reject requests from non-admin users
[22m[39m[AUTH] Token verification failed: Access token verification failed

[90mstderr[2m | 
tests/property/admin-system-health-fixes/settings-auth.property.test.ts[2m > 
[22m[2mFeature: admin-system-health-fixes, Property 3: Settings Authentication 
Requirement[2m > [22m[2mProperty: Non-admin users are rejected (Requirement 2.6)[2m > 
[22m[2mshould reject requests from non-admin users
[22m[39m[ARCJET] WARNING: Running without Arcjet protection

[90mstderr[2m | 
tests/property/admin-system-health-fixes/settings-auth.property.test.ts[2m > 
[22m[2mFeature: admin-system-health-fixes, Property 3: Settings Authentication 
Requirement[2m > [22m[2mProperty: Non-admin users are rejected (Requirement 2.6)[2m > 
[22m[2mshould reject requests from non-admin users
[22m[39m[ARCJET] WARNING: Running without Arcjet protection

[90mstderr[2m | 
tests/property/admin-system-health-fixes/settings-auth.property.test.ts[2m > 
[22m[2mFeature: admin-system-health-fixes, Property 3: Settings Authentication 
Requirement[2m > [22m[2mProperty: Non-admin users are rejected (Requirement 2.6)[2m > 
[22m[2mshould reject requests from non-admin users
[22m[39m[ARCJET] WARNING: Running without Arcjet protection

[90mstderr[2m | 
tests/property/admin-system-health-fixes/settings-auth.property.test.ts[2m > 
[22m[2mFeature: admin-system-health-fixes, Property 3: Settings Authentication 
Requirement[2m > [22m[2mProperty: Non-admin users are rejected (Requirement 2.6)[2m > 
[22m[2mshould reject requests from non-admin users
[22m[39m[ARCJET] WARNING: Running without Arcjet protection

[90mstderr[2m | 
tests/property/admin-system-health-fixes/settings-auth.property.test.ts[2m > 
[22m[2mFeature: admin-system-health-fixes, Property 3: Settings Authentication 
Requirement[2m > [22m[2mProperty: Non-admin users are rejected (Requirement 2.6)[2m > 
[22m[2mshould reject requests from non-admin users
[22m[39m[ARCJET] WARNING: Running without Arcjet protection

[90mstderr[2m | 
tests/property/admin-system-health-fixes/settings-auth.property.test.ts[2m > 
[22m[2mFeature: admin-system-health-fixes, Property 3: Settings Authentication 
Requirement[2m > [22m[2mProperty: Non-admin users are rejected (Requirement 2.6)[2m > 
[22m[2mshould reject requests from non-admin users
[22m[39m[ARCJET] WARNING: Running without Arcjet protection

[90mstderr[2m | 
tests/property/admin-system-health-fixes/settings-auth.property.test.ts[2m > 
[22m[2mFeature: admin-system-health-fixes, Property 3: Settings Authentication 
Requirement[2m > [22m[2mProperty: Non-admin users are rejected (Requirement 2.6)[2m > 
[22m[2mshould reject requests from non-admin users
[22m[39m[ARCJET] WARNING: Running without Arcjet protection

[90mstderr[2m | 
tests/property/admin-system-health-fixes/settings-auth.property.test.ts[2m > 
[22m[2mFeature: admin-system-health-fixes, Property 3: Settings Authentication 
Requirement[2m > [22m[2mProperty: Non-admin users are rejected (Requirement 2.6)[2m > 
[22m[2mshould reject requests from non-admin users
[22m[39m[ARCJET] WARNING: Running without Arcjet protection

[90mstderr[2m | 
tests/property/admin-system-health-fixes/settings-auth.property.test.ts[2m > 
[22m[2mFeature: admin-system-health-fixes, Property 3: Settings Authentication 
Requirement[2m > [22m[2mProperty: Non-admin users are rejected (Requirement 2.6)[2m > 
[22m[2mshould reject requests from non-admin users
[22m[39m[ARCJET] WARNING: Running without Arcjet protection

[90mstderr[2m | 
tests/property/admin-system-health-fixes/settings-auth.property.test.ts[2m > 
[22m[2mFeature: admin-system-health-fixes, Property 3: Settings Authentication 
Requirement[2m > [22m[2mProperty: Non-admin users are rejected (Requirement 2.6)[2m > 
[22m[2mshould reject requests from non-admin users
[22m[39m[ARCJET] WARNING: Running without Arcjet protection

[90mstderr[2m | 
tests/property/admin-system-health-fixes/settings-auth.property.test.ts[2m > 
[22m[2mFeature: admin-system-health-fixes, Property 3: Settings Authentication 
Requirement[2m > [22m[2mProperty: Non-admin users are rejected (Requirement 2.6)[2m > 
[22m[2mshould reject requests from non-admin users
[22m[39m[ARCJET] WARNING: Running without Arcjet protection

[90mstdout[2m | tests/property/admin-system-health-fixes/settings-auth.property.test.ts[2m > [22m[2mFeature: admin-system-health-fixes, Property 3: Settings Authentication Requirement[2m > [22m[2mProperty: Non-admin users are rejected (Requirement 2.6)[2m > [22m[2mshould reject requests from non-admin users
[22m[39m[AUTH] Token verification failed: Access token verification failed

[90mstdout[2m | tests/property/admin-system-health-fixes/settings-auth.property.test.ts[2m > [22m[2mFeature: admin-system-health-fixes, Property 3: Settings Authentication Requirement[2m > [22m[2mProperty: Non-admin users are rejected (Requirement 2.6)[2m > [22m[2mshould reject requests from non-admin users
[22m[39m[AUTH] Token verification failed: Access token verification failed

[90mstdout[2m | tests/property/admin-system-health-fixes/settings-auth.property.test.ts[2m > [22m[2mFeature: admin-system-health-fixes, Property 3: Settings Authentication Requirement[2m > [22m[2mProperty: Non-admin users are rejected (Requirement 2.6)[2m > [22m[2mshould reject requests from non-admin users
[22m[39m[AUTH] Token verification failed: Access token verification failed

[90mstdout[2m | tests/property/admin-system-health-fixes/settings-auth.property.test.ts[2m > [22m[2mFeature: admin-system-health-fixes, Property 3: Settings Authentication Requirement[2m > [22m[2mProperty: Non-admin users are rejected (Requirement 2.6)[2m > [22m[2mshould reject requests from non-admin users
[22m[39m[AUTH] Token verification failed: Access token verification failed

[90mstdout[2m | tests/property/admin-system-health-fixes/settings-auth.property.test.ts[2m > [22m[2mFeature: admin-system-health-fixes, Property 3: Settings Authentication Requirement[2m > [22m[2mProperty: Non-admin users are rejected (Requirement 2.6)[2m > [22m[2mshould reject requests from non-admin users
[22m[39m[AUTH] Token verification failed: Access token verification failed

[90mstdout[2m | tests/property/admin-system-health-fixes/settings-auth.property.test.ts[2m > [22m[2mFeature: admin-system-health-fixes, Property 3: Settings Authentication Requirement[2m > [22m[2mProperty: Non-admin users are rejected (Requirement 2.6)[2m > [22m[2mshould reject requests from non-admin users
[22m[39m[AUTH] Token verification failed: Access token verification failed

[90mstdout[2m | tests/property/admin-system-health-fixes/settings-auth.property.test.ts[2m > [22m[2mFeature: admin-system-health-fixes, Property 3: Settings Authentication Requirement[2m > [22m[2mProperty: Non-admin users are rejected (Requirement 2.6)[2m > [22m[2mshould reject requests from non-admin users
[22m[39m[AUTH] Token verification failed: Access token verification failed

[90mstdout[2m | tests/property/admin-system-health-fixes/settings-auth.property.test.ts[2m > [22m[2mFeature: admin-system-health-fixes, Property 3: Settings Authentication Requirement[2m > [22m[2mProperty: Non-admin users are rejected (Requirement 2.6)[2m > [22m[2mshould reject requests from non-admin users
[22m[39m[AUTH] Token verification failed: Access token verification failed

[90mstdout[2m | tests/property/admin-system-health-fixes/settings-auth.property.test.ts[2m > [22m[2mFeature: admin-system-health-fixes, Property 3: Settings Authentication Requirement[2m > [22m[2mProperty: Non-admin users are rejected (Requirement 2.6)[2m > [22m[2mshould reject requests from non-admin users
[22m[39m[AUTH] Token verification failed: Access token verification failed

[90mstdout[2m | tests/property/admin-system-health-fixes/settings-auth.property.test.ts[2m > [22m[2mFeature: admin-system-health-fixes, Property 3: Settings Authentication Requirement[2m > [22m[2mProperty: Non-admin users are rejected (Requirement 2.6)[2m > [22m[2mshould reject requests from non-admin users
[22m[39m[AUTH] Token verification failed: Access token verification failed

[90mstdout[2m | tests/property/admin-system-health-fixes/settings-auth.property.test.ts[2m > [22m[2mFeature: admin-system-health-fixes, Property 3: Settings Authentication Requirement[2m > [22m[2mProperty: Non-admin users are rejected (Requirement 2.6)[2m > [22m[2mshould reject requests from non-admin users
[90mstderr[2m | 
tests/property/admin-system-health-fixes/settings-auth.property.test.ts[2m > 
[22m[2mFeature: admin-system-health-fixes, Property 3: Settings Authentication 
Requirement[2m > [22m[2mProperty: Non-admin users are rejected (Requirement 2.6)[2m > 
[22m[2mshould reject requests from non-admin users
[22m[39m[ARCJET] WARNING: Running without Arcjet protection

[90mstderr[2m | 
tests/property/admin-system-health-fixes/settings-auth.property.test.ts[2m > 
[22m[2mFeature: admin-system-health-fixes, Property 3: Settings Authentication 
Requirement[2m > [22m[2mProperty: Non-admin users are rejected (Requirement 2.6)[2m > 
[22m[2mshould reject requests from non-admin users
[22m[39m[ARCJET] WARNING: Running without Arcjet protection

[90mstderr[2m | 
tests/property/admin-system-health-fixes/settings-auth.property.test.ts[2m > 
[22m[2mFeature: admin-system-health-fixes, Property 3: Settings Authentication 
Requirement[2m > [22m[2mProperty: Non-admin users are rejected (Requirement 2.6)[2m > 
[22m[2mshould reject requests from non-admin users
[22m[39m[ARCJET] WARNING: Running without Arcjet protection

[90mstderr[2m | 
tests/property/admin-system-health-fixes/settings-auth.property.test.ts[2m > 
[22m[2mFeature: admin-system-health-fixes, Property 3: Settings Authentication 
Requirement[2m > [22m[2mProperty: Non-admin users are rejected (Requirement 2.6)[2m > 
[22m[2mshould reject requests from non-admin users
[22m[39m[ARCJET] WARNING: Running without Arcjet protection

[90mstderr[2m | 
tests/property/admin-system-health-fixes/settings-auth.property.test.ts[2m > 
[22m[2mFeature: admin-system-health-fixes, Property 3: Settings Authentication 
Requirement[2m > [22m[2mProperty: Error responses have consistent format[2m > 
[22m[2mshould return consistent error format for all auth failures
[22m[39m[ARCJET] WARNING: Running without Arcjet protection

[90mstderr[2m | 
tests/property/admin-system-health-fixes/settings-auth.property.test.ts[2m > 
[22m[2mFeature: admin-system-health-fixes, Property 3: Settings Authentication 
Requirement[2m > [22m[2mProperty: Error responses have consistent format[2m > 
[22m[2mshould return consistent error format for all auth failures
[22m[39m[ARCJET] WARNING: Running without Arcjet protection

[90mstderr[2m | 
tests/property/admin-system-health-fixes/settings-auth.property.test.ts[2m > 
[22m[2mFeature: admin-system-health-fixes, Property 3: Settings Authentication 
Requirement[2m > [22m[2mProperty: Error responses have consistent format[2m > 
[22m[2mshould return consistent error format for all auth failures
[22m[39m[ARCJET] WARNING: Running without Arcjet protection

[90mstderr[2m | 
tests/property/admin-system-health-fixes/settings-auth.property.test.ts[2m > 
[22m[2mFeature: admin-system-health-fixes, Property 3: Settings Authentication 
Requirement[2m > [22m[2mProperty: Error responses have consistent format[2m > 
[22m[2mshould return consistent error format for all auth failures
[22m[39m[ARCJET] WARNING: Running without Arcjet protection

[90mstderr[2m | 
tests/property/admin-system-health-fixes/settings-auth.property.test.ts[2m > 
[22m[2mFeature: admin-system-health-fixes, Property 3: Settings Authentication 
Requirement[2m > [22m[2mProperty: Error responses have consistent format[2m > 
[22m[2mshould return consistent error format for all auth failures
[22m[39m[ARCJET] WARNING: Running without Arcjet protection

[90mstderr[2m | 
tests/property/admin-system-health-fixes/settings-auth.property.test.ts[2m > 
[22m[2mFeature: admin-system-health-fixes, Property 3: Settings Authentication 
Requirement[2m > [22m[2mProperty: Error responses have consistent format[2m > 
[22m[2mshould return consistent error format for all auth failures
[22m[39m[ARCJET] WARNING: Running without Arcjet protection

[90mstderr[2m | 
tests/property/admin-system-health-fixes/settings-auth.property.test.ts[2m > 
[22m[2mFeature: admin-system-health-fixes, Property 3: Settings Authentication 
Requirement[2m > [22m[2mProperty: Error responses have consistent format[2m > 
[22m[2mshould return consistent error format for all auth failures
[22m[39m[ARCJET] WARNING: Running without Arcjet protection

[90mstderr[2m | 
tests/property/admin-system-health-fixes/settings-auth.property.test.ts[2m > 
[22m[2mFeature: admin-system-health-fixes, Property 3: Settings Authentication 
Requirement[2m > [22m[2mProperty: Error responses have consistent format[2m > 
[22m[2mshould return consistent error format for all auth failures
[22m[39m[ARCJET] WARNING: Running without Arcjet protection

[90mstderr[2m | 
tests/property/admin-system-health-fixes/settings-auth.property.test.ts[2m > 
[22m[2mFeature: admin-system-health-fixes, Property 3: Settings Authentication 
Requirement[2m > [22m[2mProperty: Error responses have consistent format[2m > 
[22m[2mshould return consistent error format for all auth failures
[22m[39m[ARCJET] WARNING: Running without Arcjet protection

[90mstderr[2m | 
tests/property/admin-system-health-fixes/settings-auth.property.test.ts[2m > 
[22m[2mFeature: admin-system-health-fixes, Property 3: Settings Authentication 
Requirement[2m > [22m[2mProperty: Error responses have consistent format[2m > 
[22m[2mshould return consistent error format for all auth failures
[22m[39m[ARCJET] WARNING: Running without Arcjet protection

[90mstderr[2m | 
tests/property/admin-system-health-fixes/settings-auth.property.test.ts[2m > 
[22m[2mFeature: admin-system-health-fixes, Property 3: Settings Authentication 
Requirement[2m > [22m[2mProperty: Error responses have consistent format[2m > 
[22m[2mshould return consistent error format for all auth failures
[22m[39m[ARCJET] WARNING: Running without Arcjet protection

[90mstderr[2m | 
tests/property/admin-system-health-fixes/settings-auth.property.test.ts[2m > 
[22m[2mFeature: admin-system-health-fixes, Property 3: Settings Authentication 
Requirement[2m > [22m[2mProperty: Error responses have consistent format[2m > 
[22m[2mshould return consistent error format for all auth failures
[22m[39m[ARCJET] WARNING: Running without Arcjet protection

[90mstderr[2m | 
tests/property/admin-system-health-fixes/settings-auth.property.test.ts[2m > 
[22m[2mFeature: admin-system-health-fixes, Property 3: Settings Authentication 
Requirement[2m > [22m[2mProperty: Error responses have consistent format[2m > 
[22m[2mshould return consistent error format for all auth failures
[22m[39m[ARCJET] WARNING: Running without Arcjet protection

[90mstderr[2m | 
tests/property/admin-system-health-fixes/settings-auth.property.test.ts[2m > 
[22m[2mFeature: admin-system-health-fixes, Property 3: Settings Authentication 
Requirement[2m > [22m[2mProperty: Error responses have consistent format[2m > 
[22m[2mshould return consistent error format for all auth failures
[22m[39m[ARCJET] WARNING: Running without Arcjet protection

[90mstderr[2m | 
tests/property/admin-system-health-fixes/settings-auth.property.test.ts[2m > 
[22m[2mFeature: admin-system-health-fixes, Property 3: Settings Authentication 
Requirement[2m > [22m[2mProperty: Error responses have consistent format[2m > 
[22m[2mshould return consistent error format for all auth failures
[22m[39m[ARCJET] WARNING: Running without Arcjet protection

[90mstderr[2m | 
tests/property/admin-system-health-fixes/settings-auth.property.test.ts[2m > 
[22m[2mFeature: admin-system-health-fixes, Property 3: Settings Authentication 
Requirement[2m > [22m[2mProperty: Error responses have consistent format[2m > 
[22m[2mshould return consistent error format for all auth failures
[22m[39m[ARCJET] WARNING: Running without Arcjet protection

[90mstderr[2m | 
tests/property/admin-system-health-fixes/settings-auth.property.test.ts[2m > 
[22m[2mFeature: admin-system-health-fixes, Property 3: Settings Authentication 
Requirement[2m > [22m[2mProperty: Error responses have consistent format[2m > 
[22m[2mshould return consistent error format for all auth failures
[22m[39m[ARCJET] WARNING: Running without Arcjet protection

[90mstderr[2m | 
tests/property/admin-system-health-fixes/settings-auth.property.test.ts[2m > 
[22m[2mFeature: admin-system-health-fixes, Property 3: Settings Authentication 
Requirement[2m > [22m[2mProperty: Error responses have consistent format[2m > 
[22m[2mshould return consistent error format for all auth failures
[22m[39m[ARCJET] WARNING: Running without Arcjet protection

[22m[39m[AUTH] Token verification failed: Access token verification failed

[90mstdout[2m | tests/property/admin-system-health-fixes/settings-auth.property.test.ts[2m > [22m[2mFeature: admin-system-health-fixes, Property 3: Settings Authentication Requirement[2m > [22m[2mProperty: Non-admin users are rejected (Requirement 2.6)[2m > [22m[2mshould reject requests from non-admin users
[22m[39m[AUTH] Token verification failed: Access token verification failed

[90mstdout[2m | tests/property/admin-system-health-fixes/settings-auth.property.test.ts[2m > [22m[2mFeature: admin-system-health-fixes, Property 3: Settings Authentication Requirement[2m > [22m[2mProperty: Non-admin users are rejected (Requirement 2.6)[2m > [22m[2mshould reject requests from non-admin users
[22m[39m[AUTH] Token verification failed: Access token verification failed

[90mstdout[2m | tests/property/admin-system-health-fixes/settings-auth.property.test.ts[2m > [22m[2mFeature: admin-system-health-fixes, Property 3: Settings Authentication Requirement[2m > [22m[2mProperty: Non-admin users are rejected (Requirement 2.6)[2m > [22m[2mshould reject requests from non-admin users
[22m[39m[AUTH] Token verification failed: Access token verification failed

[90mstdout[2m | tests/property/admin-system-health-fixes/settings-auth.property.test.ts[2m > [22m[2mFeature: admin-system-health-fixes, Property 3: Settings Authentication Requirement[2m > [22m[2mProperty: Non-admin users are rejected (Requirement 2.6)[2m > [22m[2mshould reject requests from non-admin users
[22m[39m[AUTH] Token verification failed: Access token verification failed

[90mstdout[2m | tests/property/admin-system-health-fixes/settings-auth.property.test.ts[2m > [22m[2mFeature: admin-system-health-fixes, Property 3: Settings Authentication Requirement[2m > [22m[2mProperty: Non-admin users are rejected (Requirement 2.6)[2m > [22m[2mshould reject requests from non-admin users
[22m[39m[AUTH] Token verification failed: Access token verification failed

[90mstdout[2m | tests/property/admin-system-health-fixes/settings-auth.property.test.ts[2m > [22m[2mFeature: admin-system-health-fixes, Property 3: Settings Authentication Requirement[2m > [22m[2mProperty: Non-admin users are rejected (Requirement 2.6)[2m > [22m[2mshould reject requests from non-admin users
[22m[39m[AUTH] Token verification failed: Access token verification failed

[90mstdout[2m | tests/property/admin-system-health-fixes/settings-auth.property.test.ts[2m > [22m[2mFeature: admin-system-health-fixes, Property 3: Settings Authentication Requirement[2m > [22m[2mProperty: Non-admin users are rejected (Requirement 2.6)[2m > [22m[2mshould reject requests from non-admin users
[22m[39m[AUTH] Token verification failed: Access token verification failed

[90mstdout[2m | tests/property/admin-system-health-fixes/settings-auth.property.test.ts[2m > [22m[2mFeature: admin-system-health-fixes, Property 3: Settings Authentication Requirement[2m > [22m[2mProperty: Non-admin users are rejected (Requirement 2.6)[2m > [22m[2mshould reject requests from non-admin users
[22m[39m[AUTH] Token verification failed: Access token verification failed

[90mstdout[2m | tests/property/admin-system-health-fixes/settings-auth.property.test.ts[2m > [22m[2mFeature: admin-system-health-fixes, Property 3: Settings Authentication Requirement[2m > [22m[2mProperty: Non-admin users are rejected (Requirement 2.6)[2m > [22m[2mshould reject requests from non-admin users
[22m[39m[AUTH] Token verification failed: Access token verification failed

[90mstdout[2m | tests/property/admin-system-health-fixes/settings-auth.property.test.ts[2m > [22m[2mFeature: admin-system-health-fixes, Property 3: Settings Authentication Requirement[2m > [22m[2mProperty: Non-admin users are rejected (Requirement 2.6)[2m > [22m[2mshould reject requests from non-admin users
[22m[39m[AUTH] Token verification failed: Access token verification failed

[90mstdout[2m | tests/property/admin-system-health-fixes/settings-auth.property.test.ts[2m > [22m[2mFeature: admin-system-health-fixes, Property 3: Settings Authentication Requirement[2m > [22m[2mProperty: Non-admin users are rejected (Requirement 2.6)[2m > [22m[2mshould reject requests from non-admin users
[22m[39m[AUTH] Token verification failed: Access token verification failed

[90mstdout[2m | tests/property/admin-system-health-fixes/settings-auth.property.test.ts[2m > [22m[2mFeature: admin-system-health-fixes, Property 3: Settings Authentication Requirement[2m > [22m[2mProperty: Non-admin users are rejected (Requirement 2.6)[2m > [22m[2mshould reject requests from non-admin users
[22m[39m[AUTH] Token verification failed: Access token verification failed

[90mstdout[2m | tests/property/admin-system-health-fixes/settings-auth.property.test.ts[2m > [22m[2mFeature: admin-system-health-fixes, Property 3: Settings Authentication Requirement[2m > [22m[2mProperty: Non-admin users are rejected (Requirement 2.6)[2m > [22m[2mshould reject requests from non-admin users
[22m[39m[AUTH] Token verification failed: Access token verification failed

[90mstdout[2m | tests/property/admin-system-health-fixes/settings-auth.property.test.ts[2m > [22m[2mFeature: admin-system-health-fixes, Property 3: Settings Authentication Requirement[2m > [22m[2mProperty: Non-admin users are rejected (Requirement 2.6)[2m > [22m[2mshould reject requests from non-admin users
[22m[39m[AUTH] Token verification failed: Access token verification failed

[90mstdout[2m | tests/property/admin-system-health-fixes/settings-auth.property.test.ts[2m > [22m[2mFeature: admin-system-health-fixes, Property 3: Settings Authentication Requirement[2m > [22m[2mProperty: Non-admin users are rejected (Requirement 2.6)[2m > [22m[2mshould reject requests from non-admin users
[22m[39m[AUTH] Token verification failed: Access token verification failed

[33m[39m[32m┬╖[39m[90mstdout[2m | tests/property/admin-system-health-fixes/settings-auth.property.test.ts[2m > [22m[2mFeature: admin-system-health-fixes, Property 3: Settings Authentication Requirement[2m > [22m[2mProperty: Error responses have consistent format[2m > [22m[2mshould return consistent error format for all auth failures
[22m[39m[AUTH] Token verification failed: Access token verification failed

[90mstdout[2m | tests/property/admin-system-health-fixes/settings-auth.property.test.ts[2m > [22m[2mFeature: admin-system-health-fixes, Property 3: Settings Authentication Requirement[2m > [22m[2mProperty: Error responses have consistent format[2m > [22m[2mshould return consistent error format for all auth failures
[22m[39m[AUTH] Token verification failed: Access token verification failed

[90mstdout[2m | tests/property/admin-system-health-fixes/settings-auth.property.test.ts[2m > [22m[2mFeature: admin-system-health-fixes, Property 3: Settings Authentication Requirement[2m > [22m[2mProperty: Error responses have consistent format[2m > [22m[2mshould return consistent error format for all auth failures
[22m[39m[AUTH] Token verification failed: Access token verification failed

[90mstdout[2m | tests/property/admin-system-health-fixes/settings-auth.property.test.ts[2m > [22m[2mFeature: admin-system-health-fixes, Property 3: Settings Authentication Requirement[2m > [22m[2mProperty: Error responses have consistent format[2m > [22m[2mshould return consistent error format for all auth failures
[22m[39m[AUTH] Token verification failed: Access token verification failed

[90mstdout[2m | tests/property/admin-system-health-fixes/settings-auth.property.test.ts[2m > [22m[2mFeature: admin-system-health-fixes, Property 3: Settings Authentication Requirement[2m > [22m[2mProperty: Error responses have consistent format[2m > [22m[2mshould return consistent error format for all auth failures
[22m[39m[AUTH] Token verification failed: Access token verification failed

[90mstdout[2m | tests/property/admin-system-health-fixes/settings-auth.property.test.ts[2m > [22m[2mFeature: admin-system-health-fixes, Property 3: Settings Authentication Requirement[2m > [22m[2mProperty: Error responses have consistent format[2m > [22m[2mshould return consistent error format for all auth failures
[22m[39m[AUTH] Token verification failed: Access token verification failed

[90mstderr[2m | 
tests/property/admin-system-health-fixes/settings-auth.property.test.ts[2m > 
[22m[2mFeature: admin-system-health-fixes, Property 3: Settings Authentication 
Requirement[2m > [22m[2mProperty: Error responses have consistent format[2m > 
[22m[2mshould return consistent error format for all auth failures
[22m[39m[ARCJET] WARNING: Running without Arcjet protection

[90mstderr[2m | 
tests/property/admin-system-health-fixes/settings-auth.property.test.ts[2m > 
[22m[2mFeature: admin-system-health-fixes, Property 3: Settings Authentication 
Requirement[2m > [22m[2mProperty: Error responses have consistent format[2m > 
[22m[2mshould return consistent error format for all auth failures
[22m[39m[ARCJET] WARNING: Running without Arcjet protection

[90mstderr[2m | 
tests/property/admin-system-health-fixes/settings-auth.property.test.ts[2m > 
[22m[2mFeature: admin-system-health-fixes, Property 3: Settings Authentication 
Requirement[2m > [22m[2mProperty: Error responses have consistent format[2m > 
[22m[2mshould return consistent error format for all auth failures
[22m[39m[ARCJET] WARNING: Running without Arcjet protection

[90mstderr[2m | 
tests/property/admin-system-health-fixes/settings-auth.property.test.ts[2m > 
[22m[2mFeature: admin-system-health-fixes, Property 3: Settings Authentication 
Requirement[2m > [22m[2mProperty: Error responses have consistent format[2m > 
[22m[2mshould return consistent error format for all auth failures
[22m[39m[ARCJET] WARNING: Running without Arcjet protection

[90mstderr[2m | 
tests/property/admin-system-health-fixes/settings-auth.property.test.ts[2m > 
[22m[2mFeature: admin-system-health-fixes, Property 3: Settings Authentication 
Requirement[2m > [22m[2mProperty: Error responses have consistent format[2m > 
[22m[2mshould return consistent error format for all auth failures
[22m[39m[ARCJET] WARNING: Running without Arcjet protection

[90mstderr[2m | 
tests/property/admin-system-health-fixes/settings-auth.property.test.ts[2m > 
[22m[2mFeature: admin-system-health-fixes, Property 3: Settings Authentication 
Requirement[2m > [22m[2mProperty: Error responses have consistent format[2m > 
[22m[2mshould return consistent error format for all auth failures
[22m[39m[ARCJET] WARNING: Running without Arcjet protection

[90mstderr[2m | 
tests/property/admin-system-health-fixes/settings-auth.property.test.ts[2m > 
[22m[2mFeature: admin-system-health-fixes, Property 3: Settings Authentication 
Requirement[2m > [22m[2mProperty: Error responses have consistent format[2m > 
[22m[2mshould return consistent error format for all auth failures
[22m[39m[ARCJET] WARNING: Running without Arcjet protection

[90mstderr[2m | 
tests/property/admin-system-health-fixes/settings-auth.property.test.ts[2m > 
[22m[2mFeature: admin-system-health-fixes, Property 3: Settings Authentication 
Requirement[2m > [22m[2mProperty: Error responses have consistent format[2m > 
[22m[2mshould return consistent error format for all auth failures
[22m[39m[ARCJET] WARNING: Running without Arcjet protection

[90mstderr[2m | 
tests/property/admin-system-health-fixes/settings-auth.property.test.ts[2m > 
[22m[2mFeature: admin-system-health-fixes, Property 3: Settings Authentication 
Requirement[2m > [22m[2mProperty: Error responses have consistent format[2m > 
[22m[2mshould return consistent error format for all auth failures
[22m[39m[ARCJET] WARNING: Running without Arcjet protection

[90mstderr[2m | 
tests/property/admin-system-health-fixes/settings-auth.property.test.ts[2m > 
[22m[2mFeature: admin-system-health-fixes, Property 3: Settings Authentication 
Requirement[2m > [22m[2mProperty: Error responses have consistent format[2m > 
[22m[2mshould return consistent error format for all auth failures
[22m[39m[ARCJET] WARNING: Running without Arcjet protection

[90mstderr[2m | 
tests/property/admin-system-health-fixes/settings-auth.property.test.ts[2m > 
[22m[2mFeature: admin-system-health-fixes, Property 3: Settings Authentication 
Requirement[2m > [22m[2mProperty: Error responses have consistent format[2m > 
[22m[2mshould return consistent error format for all auth failures
[22m[39m[ARCJET] WARNING: Running without Arcjet protection

[90mstderr[2m | 
tests/property/admin-system-health-fixes/settings-auth.property.test.ts[2m > 
[22m[2mFeature: admin-system-health-fixes, Property 3: Settings Authentication 
Requirement[2m > [22m[2mProperty: Error responses have consistent format[2m > 
[22m[2mshould return consistent error format for all auth failures
[22m[39m[ARCJET] WARNING: Running without Arcjet protection
[90mstdout[2m | tests/property/admin-system-health-fixes/settings-auth.property.test.ts[2m > [22m[2mFeature: admin-system-health-fixes, Property 3: Settings Authentication Requirement[2m > [22m[2mProperty: Error responses have consistent format[2m > [22m[2mshould return consistent error format for all auth failures
[22m[39m[AUTH] Token verification failed: Access token verification failed

[90mstdout[2m | tests/property/admin-system-health-fixes/settings-auth.property.test.ts[2m > [22m[2mFeature: admin-system-health-fixes, Property 3: Settings Authentication Requirement[2m > [22m[2mProperty: Error responses have consistent format[2m > [22m[2mshould return consistent error format for all auth failures
[22m[39m[AUTH] Token verification failed: Access token verification failed

[90mstdout[2m | tests/property/admin-system-health-fixes/settings-auth.property.test.ts[2m > [22m[2mFeature: admin-system-health-fixes, Property 3: Settings Authentication Requirement[2m > [22m[2mProperty: Error responses have consistent format[2m > [22m[2mshould return consistent error format for all auth failures
[22m[39m[AUTH] Token verification failed: Access token verification failed


[90mstderr[2m | 
tests/property/admin-system-health-fixes/settings-auth.property.test.ts[2m > 
[22m[2mFeature: admin-system-health-fixes, Property 3: Settings Authentication 
Requirement[2m > [22m[2mProperty: Error responses have consistent format[2m > 
[22m[2mshould return consistent error format for all auth failures
[22m[39m[ARCJET] WARNING: Running without Arcjet protection

[90mstderr[2m | 
tests/property/admin-system-health-fixes/settings-auth.property.test.ts[2m > 
[22m[2mFeature: admin-system-health-fixes, Property 3: Settings Authentication 
Requirement[2m > [22m[2mProperty: Error responses have consistent format[2m > 
[22m[2mshould return consistent error format for all auth failures
[22m[39m[ARCJET] WARNING: Running without Arcjet protection

[90mstderr[2m | 
tests/property/admin-system-health-fixes/settings-auth.property.test.ts[2m > 
[22m[2mFeature: admin-system-health-fixes, Property 3: Settings Authentication 
Requirement[2m > [22m[2mProperty: Error responses have consistent format[2m > 
[22m[2mshould return consistent error format for all auth failures
[22m[39m[ARCJET] WARNING: Running without Arcjet protection

[90mstderr[2m | 
tests/property/admin-system-health-fixes/settings-auth.property.test.ts[2m > 
[22m[2mFeature: admin-system-health-fixes, Property 3: Settings Authentication 
Requirement[2m > [22m[2mProperty: Error responses have consistent format[2m > 
[22m[2mshould return consistent error format for all auth failures
[22m[39m[ARCJET] WARNING: Running without Arcjet protection

[90mstderr[2m | 
tests/property/admin-system-health-fixes/settings-auth.property.test.ts[2m > 
[22m[2mFeature: admin-system-health-fixes, Property 3: Settings Authentication 
Requirement[2m > [22m[2mProperty: Error responses have consistent format[2m > 
[22m[2mshould return consistent error format for all auth failures
[22m[39m[ARCJET] WARNING: Running without Arcjet protection

[90mstderr[2m | 
tests/property/admin-system-health-fixes/settings-auth.property.test.ts[2m > 
[22m[2mFeature: admin-system-health-fixes, Property 3: Settings Authentication 
Requirement[2m > [22m[2mProperty: Error responses have consistent format[2m > 
[22m[2mshould return consistent error format for all auth failures
[22m[39m[ARCJET] WARNING: Running without Arcjet protection

[90mstderr[2m | 
tests/property/admin-system-health-fixes/settings-auth.property.test.ts[2m > 
[22m[2mFeature: admin-system-health-fixes, Property 3: Settings Authentication 
Requirement[2m > [22m[2mProperty: Error responses have consistent format[2m > 
[22m[2mshould return consistent error format for all auth failures
[22m[39m[ARCJET] WARNING: Running without Arcjet protection

[90mstderr[2m | 
tests/property/admin-system-health-fixes/settings-auth.property.test.ts[2m > 
[22m[2mFeature: admin-system-health-fixes, Property 3: Settings Authentication 
Requirement[2m > [22m[2mProperty: Error responses have consistent format[2m > 
[22m[2mshould return consistent error format for all auth failures
[22m[39m[ARCJET] WARNING: Running without Arcjet protection

[90mstderr[2m | 
tests/property/admin-system-health-fixes/settings-auth.property.test.ts[2m > 
[22m[2mFeature: admin-system-health-fixes, Property 3: Settings Authentication 
Requirement[2m > [22m[2mProperty: Error responses have consistent format[2m > 
[22m[2mshould return consistent error format for all auth failures
[22m[39m[ARCJET] WARNING: Running without Arcjet protection

[90mstderr[2m | 
tests/property/admin-system-health-fixes/settings-auth.property.test.ts[2m > 
[22m[2mFeature: admin-system-health-fixes, Property 3: Settings Authentication 
Requirement[2m > [22m[2mProperty: Error responses have consistent format[2m > 
[22m[2mshould return consistent error format for all auth failures
[22m[39m[ARCJET] WARNING: Running without Arcjet protection

[90mstderr[2m | 
tests/property/admin-system-health-fixes/settings-auth.property.test.ts[2m > 
[22m[2mFeature: admin-system-health-fixes, Property 3: Settings Authentication 
Requirement[2m > [22m[2mProperty: Error responses have consistent format[2m > 
[22m[2mshould return consistent error format for all auth failures
[22m[39m[ARCJET] WARNING: Running without Arcjet protection

[90mstderr[2m | 
tests/property/admin-system-health-fixes/settings-auth.property.test.ts[2m > 
[22m[2mFeature: admin-system-health-fixes, Property 3: Settings Authentication 
Requirement[2m > [22m[2mProperty: Error responses have consistent format[2m > 
[22m[2mshould return consistent error format for all auth failures
[22m[39m[ARCJET] WARNING: Running without Arcjet protection

[90mstderr[2m | 
tests/property/admin-system-health-fixes/settings-auth.property.test.ts[2m > 
[22m[2mFeature: admin-system-health-fixes, Property 3: Settings Authentication 
Requirement[2m > [22m[2mProperty: Error responses have consistent format[2m > 
[22m[2mshould return consistent error format for all auth failures
[22m[39m[ARCJET] WARNING: Running without Arcjet protection

[90mstderr[2m | 
tests/property/admin-system-health-fixes/settings-auth.property.test.ts[2m > 
[22m[2mFeature: admin-system-health-fixes, Property 3: Settings Authentication 
Requirement[2m > [22m[2mProperty: Error responses have consistent format[2m > 
[22m[2mshould return consistent error format for all auth failures
[22m[39m[ARCJET] WARNING: Running without Arcjet protection

[90mstderr[2m | 
tests/property/admin-system-health-fixes/settings-auth.property.test.ts[2m > 
[22m[2mFeature: admin-system-health-fixes, Property 3: Settings Authentication 
Requirement[2m > [22m[2mProperty: Error responses have consistent format[2m > 
[22m[2mshould return consistent error format for all auth failures
[22m[39m[ARCJET] WARNING: Running without Arcjet protection

[90mstderr[2m | 
tests/property/admin-system-health-fixes/settings-auth.property.test.ts[2m > 
[22m[2mFeature: admin-system-health-fixes, Property 3: Settings Authentication 
Requirement[2m > [22m[2mProperty: Error responses have consistent format[2m > 
[22m[2mshould return consistent error format for all auth failures
[22m[39m[ARCJET] WARNING: Running without Arcjet protection

[90mstderr[2m | 
tests/property/admin-system-health-fixes/settings-auth.property.test.ts[2m > 
[22m[2mFeature: admin-system-health-fixes, Property 3: Settings Authentication 
Requirement[2m > [22m[2mProperty: Error responses have consistent format[2m > 
[22m[2mshould return consistent error format for all auth failures
[22m[39m[ARCJET] WARNING: Running without Arcjet protection

[90mstderr[2m | 
tests/property/admin-system-health-fixes/settings-auth.property.test.ts[2m > 
[22m[2mFeature: admin-system-health-fixes, Property 3: Settings Authentication 
Requirement[2m > [22m[2mProperty: Error responses have consistent format[2m > 
[22m[2mshould return consistent error format for all auth failures
[22m[39m[ARCJET] WARNING: Running without Arcjet protection

[90mstderr[2m | 
tests/property/admin-system-health-fixes/settings-auth.property.test.ts[2m > 
[22m[2mFeature: admin-system-health-fixes, Property 3: Settings Authentication 
Requirement[2m > [22m[2mProperty: Error responses have consistent format[2m > 
[22m[2mshould return consistent error format for all auth failures
[22m[39m[ARCJET] WARNING: Running without Arcjet protection

[90mstderr[2m | 
tests/property/admin-system-health-fixes/settings-auth.property.test.ts[2m > 
[22m[2mFeature: admin-system-health-fixes, Property 3: Settings Authentication 
Requirement[2m > [22m[2mProperty: Error responses have consistent format[2m > 
[22m[2mshould return consistent error format for all auth failures
[22m[39m[ARCJET] WARNING: Running without Arcjet protection

[90mstderr[2m | 
tests/property/admin-system-health-fixes/settings-auth.property.test.ts[2m > 
[22m[2mFeature: admin-system-health-fixes, Property 3: Settings Authentication 
Requirement[2m > [22m[2mProperty: Error responses have consistent format[2m > 
[22m[2mshould return consistent error format for all auth failures
[22m[39m[ARCJET] WARNING: Running without Arcjet protection

[90mstderr[2m | 
tests/property/admin-system-health-fixes/settings-auth.property.test.ts[2m > 
[22m[2mFeature: admin-system-health-fixes, Property 3: Settings Authentication 
Requirement[2m > [22m[2mProperty: Error responses have consistent format[2m > 
[22m[2mshould return consistent error format for all auth failures
[22m[39m[ARCJET] WARNING: Running without Arcjet protection

[90mstderr[2m | 
tests/property/admin-system-health-fixes/settings-auth.property.test.ts[2m > 
[22m[2mFeature: admin-system-health-fixes, Property 3: Settings Authentication 
Requirement[2m > [22m[2mProperty: Error responses have consistent format[2m > 
[22m[2mshould return consistent error format for all auth failures
[22m[39m[ARCJET] WARNING: Running without Arcjet protection

[90mstderr[2m | 
tests/property/admin-system-health-fixes/settings-auth.property.test.ts[2m > 
[22m[2mFeature: admin-system-health-fixes, Property 3: Settings Authentication 
Requirement[2m > [22m[2mProperty: Error responses have consistent format[2m > 
[22m[2mshould return consistent error format for all auth failures
[22m[39m[ARCJET] WARNING: Running without Arcjet protection

[90mstderr[2m | 
tests/property/admin-system-health-fixes/settings-auth.property.test.ts[2m > 
[22m[2mFeature: admin-system-health-fixes, Property 3: Settings Authentication 
Requirement[2m > [22m[2mProperty: Error responses have consistent format[2m > 
[22m[2mshould return consistent error format for all auth failures
[22m[39m[ARCJET] WARNING: Running without Arcjet protection

[90mstderr[2m | 
tests/property/admin-system-health-fixes/settings-auth.property.test.ts[2m > 
[22m[2mFeature: admin-system-health-fixes, Property 3: Settings Authentication 
Requirement[2m > [22m[2mProperty: Error responses have consistent format[2m > 
[22m[2mshould return consistent error format for all auth failures
[22m[39m[ARCJET] WARNING: Running without Arcjet protection

[90mstderr[2m | 
tests/property/admin-system-health-fixes/settings-auth.property.test.ts[2m > 
[22m[2mFeature: admin-system-health-fixes, Property 3: Settings Authentication 
Requirement[2m > [22m[2mProperty: Error responses have consistent format[2m > 
[22m[2mshould return consistent error format for all auth failures
[22m[39m[ARCJET] WARNING: Running without Arcjet protection

[90mstderr[2m | 
tests/property/admin-system-health-fixes/settings-auth.property.test.ts[2m > 
[22m[2mFeature: admin-system-health-fixes, Property 3: Settings Authentication 
Requirement[2m > [22m[2mProperty: Error responses have consistent format[2m > 
[22m[2mshould return consistent error format for all auth failures
[22m[39m[ARCJET] WARNING: Running without Arcjet protection

[90mstderr[2m | 
tests/property/admin-system-health-fixes/settings-auth.property.test.ts[2m > 
[22m[2mFeature: admin-system-health-fixes, Property 3: Settings Authentication 
Requirement[2m > [22m[2mProperty: Error responses have consistent format[2m > 
[22m[2mshould return consistent error format for all auth failures
[22m[39m[ARCJET] WARNING: Running without Arcjet protection

[90mstderr[2m | 
tests/property/admin-system-health-fixes/settings-auth.property.test.ts[2m > 
[22m[2mFeature: admin-system-health-fixes, Property 3: Settings Authentication 
Requirement[2m > [22m[2mProperty: Error responses have consistent format[2m > 
[22m[2mshould return consistent error format for all auth failures
[22m[39m[ARCJET] WARNING: Running without Arcjet protection

[90mstderr[2m | 
tests/property/admin-system-health-fixes/settings-auth.property.test.ts[2m > 
[22m[2mFeature: admin-system-health-fixes, Property 3: Settings Authentication 
Requirement[2m > [22m[2mProperty: Error responses have consistent format[2m > 
[22m[2mshould return consistent error format for all auth failures
[22m[39m[ARCJET] WARNING: Running without Arcjet protection

[90mstderr[2m | 
tests/property/admin-system-health-fixes/settings-auth.property.test.ts[2m > 
[22m[2mFeature: admin-system-health-fixes, Property 3: Settings Authentication 
Requirement[2m > [22m[2mProperty: Error responses have consistent format[2m > 
[22m[2mshould return consistent error format for all auth failures
[22m[39m[ARCJET] WARNING: Running without Arcjet protection

[90mstderr[2m | 
tests/property/admin-system-health-fixes/settings-auth.property.test.ts[2m > 
[22m[2mFeature: admin-system-health-fixes, Property 3: Settings Authentication 
Requirement[2m > [22m[2mProperty: Error responses have consistent format[2m > 
[22m[2mshould return consistent error format for all auth failures
[22m[39m[ARCJET] WARNING: Running without Arcjet protection

[90mstderr[2m | 
tests/property/admin-system-health-fixes/settings-auth.property.test.ts[2m > 
[22m[2mFeature: admin-system-health-fixes, Property 3: Settings Authentication 
Requirement[2m > [22m[2mProperty: Error responses have consistent format[2m > 
[22m[2mshould return consistent error format for all auth failures
[22m[39m[ARCJET] WARNING: Running without Arcjet protection

[90mstderr[2m | 
tests/property/admin-system-health-fixes/settings-auth.property.test.ts[2m > 
[22m[2mFeature: admin-system-health-fixes, Property 3: Settings Authentication 
Requirement[2m > [22m[2mProperty: Error responses have consistent format[2m > 
[22m[2mshould return consistent error format for all auth failures
[22m[39m[ARCJET] WARNING: Running without Arcjet protection

[90mstderr[2m | 
tests/property/admin-system-health-fixes/settings-auth.property.test.ts[2m > 
[22m[2mFeature: admin-system-health-fixes, Property 3: Settings Authentication 
Requirement[2m > [22m[2mProperty: Error responses have consistent format[2m > 
[22m[2mshould return consistent error format for all auth failures
[22m[39m[ARCJET] WARNING: Running without Arcjet protection

[90mstderr[2m | 
tests/property/admin-system-health-fixes/settings-auth.property.test.ts[2m > 
[22m[2mFeature: admin-system-health-fixes, Property 3: Settings Authentication 
Requirement[2m > [22m[2mProperty: Error responses have consistent format[2m > 
[22m[2mshould return consistent error format for all auth failures
[22m[39m[ARCJET] WARNING: Running without Arcjet protection

[90mstderr[2m | 
tests/property/admin-system-health-fixes/settings-auth.property.test.ts[2m > 
[22m[2mFeature: admin-system-health-fixes, Property 3: Settings Authentication 
Requirement[2m > [22m[2mProperty: Error responses have consistent format[2m > 
[22m[2mshould return consistent error format for all auth failures
[22m[39m[ARCJET] WARNING: Running without Arcjet protection

[90mstdout[2m | tests/property/admin-system-health-fixes/settings-auth.property.test.ts[2m > [22m[2mFeature: admin-system-health-fixes, Property 3: Settings Authentication Requirement[2m > [22m[2mProperty: Error responses have consistent format[2m > [22m[2mshould return consistent error format for all auth failures
[22m[39m[AUTH] Token verification failed: Access token verification failed

[90mstdout[2m | tests/property/admin-system-health-fixes/settings-auth.property.test.ts[2m > [22m[2mFeature: admin-system-health-fixes, Property 3: Settings Authentication Requirement[2m > [22m[2mProperty: Error responses have consistent format[2m > [22m[2mshould return consistent error format for all auth failures
[22m[39m[AUTH] Token verification failed: Access token verification failed

[90mstdout[2m | tests/property/admin-system-health-fixes/settings-auth.property.test.ts[2m > [22m[2mFeature: admin-system-health-fixes, Property 3: Settings Authentication Requirement[2m > [22m[2mProperty: Error responses have consistent format[2m > [22m[2mshould return consistent error format for all auth failures
[22m[39m[AUTH] Token verification failed: Access token verification failed

[90mstdout[2m | tests/property/admin-system-health-fixes/settings-auth.property.test.ts[2m > [22m[2mFeature: admin-system-health-fixes, Property 3: Settings Authentication Requirement[2m > [22m[2mProperty: Error responses have consistent format[2m > [22m[2mshould return consistent error format for all auth failures
[22m[39m[AUTH] Token verification failed: Access token verification failed

[90mstdout[2m | tests/property/admin-system-health-fixes/settings-auth.property.test.ts[2m > [22m[2mFeature: admin-system-health-fixes, Property 3: Settings Authentication Requirement[2m > [22m[2mProperty: Error responses have consistent format[2m > [22m[2mshould return consistent error format for all auth failures
[22m[39m[AUTH] Token verification failed: Access token verification failed

[90mstdout[2m | tests/property/admin-system-health-fixes/settings-auth.property.test.ts[2m > [22m[2mFeature: admin-system-health-fixes, Property 3: Settings Authentication Requirement[2m > [22m[2mProperty: Error responses have consistent format[2m > [22m[2mshould return consistent error format for all auth failures
[22m[39m[AUTH] Token verification failed: Access token verification failed

[90mstdout[2m | tests/property/admin-system-health-fixes/settings-auth.property.test.ts[2m > [22m[2mFeature: admin-system-health-fixes, Property 3: Settings Authentication Requirement[2m > [22m[2mProperty: Error responses have consistent format[2m > [22m[2mshould return consistent error format for all auth failures
[22m[39m[AUTH] Token verification failed: Access token verification failed

[90mstdout[2m | tests/property/admin-system-health-fixes/settings-auth.property.test.ts[2m > [22m[2mFeature: admin-system-health-fixes, Property 3: Settings Authentication Requirement[2m > [22m[2mProperty: Error responses have consistent format[2m > [22m[2mshould return consistent error format for all auth failures
[22m[39m[AUTH] Token verification failed: Access token verification failed

[90mstdout[2m | tests/property/admin-system-health-fixes/settings-auth.property.test.ts[2m > [22m[2mFeature: admin-system-health-fixes, Property 3: Settings Authentication Requirement[2m > [22m[2mProperty: Error responses have consistent format[2m > [22m[2mshould return consistent error format for all auth failures
[22m[39m[AUTH] Token verification failed: Access token verification failed

[90mstdout[2m | tests/property/admin-system-health-fixes/settings-auth.property.test.ts[2m > [22m[2mFeature: admin-system-health-fixes, Property 3: Settings Authentication Requirement[2m > [22m[2mProperty: Error responses have consistent format[2m > [22m[2mshould return consistent error format for all auth failures
[22m[39m[AUTH] Token verification failed: Access token verification failed

[90mstdout[2m | tests/property/admin-system-health-fixes/settings-auth.property.test.ts[2m > [22m[2mFeature: admin-system-health-fixes, Property 3: Settings Authentication Requirement[2m > [22m[2mProperty: Error responses have consistent format[2m > [22m[2mshould return consistent error format for all auth failures
[22m[39m[AUTH] Token verification failed: Access token verification failed

[90mstdout[2m | tests/property/admin-system-health-fixes/settings-auth.property.test.ts[2m > [22m[2mFeature: admin-system-health-fixes, Property 3: Settings Authentication Requirement[2m > [22m[2mProperty: Error responses have consistent format[2m > [22m[2mshould return consistent error format for all auth failures
[22m[39m[AUTH] Token verification failed: Access token verification failed

[90mstdout[2m | tests/property/admin-system-health-fixes/settings-auth.property.test.ts[2m > [22m[2mFeature: admin-system-health-fixes, Property 3: Settings Authentication Requirement[2m > [22m[2mProperty: Error responses have consistent format[2m > [22m[2mshould return consistent error format for all auth failures
[22m[39m[AUTH] Token verification failed: Access token verification failed

[90mstdout[2m | tests/property/admin-system-health-fixes/settings-auth.property.test.ts[2m > [22m[2mFeature: admin-system-health-fixes, Property 3: Settings Authentication Requirement[2m > [22m[2mProperty: Error responses have consistent format[2m > [22m[2mshould return consistent error format for all auth failures
[22m[39m[AUTH] Token verification failed: Access token verification failed

[90mstderr[2m | 
tests/property/admin-system-health-fixes/settings-auth.property.test.ts[2m > 
[22m[2mFeature: admin-system-health-fixes, Property 3: Settings Authentication 
Requirement[2m > [22m[2mProperty: Error responses have consistent format[2m > 
[22m[2mshould return consistent error format for all auth failures
[22m[39m[ARCJET] WARNING: Running without Arcjet protection
[90mstdout[2m | tests/property/admin-system-health-fixes/settings-auth.property.test.ts[2m > [22m[2mFeature: admin-system-health-fixes, Property 3: Settings Authentication Requirement[2m > [22m[2mProperty: Error responses have consistent format[2m > [22m[2mshould return consistent error format for all auth failures
[22m[39m[AUTH] Token verification failed: Access token verification failed

[90mstdout[2m | tests/property/admin-system-health-fixes/settings-auth.property.test.ts[2m > [22m[2mFeature: admin-system-health-fixes, Property 3: Settings Authentication Requirement[2m > [22m[2mProperty: Error responses have consistent format[2m > [22m[2mshould return consistent error format for all auth failures
[22m[39m[AUTH] Token verification failed: Access token verification failed


[90mstderr[2m | 
tests/property/admin-system-health-fixes/settings-auth.property.test.ts[2m > 
[22m[2mFeature: admin-system-health-fixes, Property 3: Settings Authentication 
Requirement[2m > [22m[2mProperty: Error responses have consistent format[2m > 
[22m[2mshould return consistent error format for all auth failures
[22m[39m[ARCJET] WARNING: Running without Arcjet protection

[90mstderr[2m | 
tests/property/admin-system-health-fixes/settings-auth.property.test.ts[2m > 
[22m[2mFeature: admin-system-health-fixes, Property 3: Settings Authentication 
Requirement[2m > [22m[2mProperty: Error responses have consistent format[2m > 
[22m[2mshould return consistent error format for all auth failures
[22m[39m[ARCJET] WARNING: Running without Arcjet protection

[90mstderr[2m | 
tests/property/admin-system-health-fixes/settings-auth.property.test.ts[2m > 
[22m[2mFeature: admin-system-health-fixes, Property 3: Settings Authentication 
Requirement[2m > [22m[2mProperty: Error responses have consistent format[2m > 
[22m[2mshould return consistent error format for all auth failures
[22m[39m[ARCJET] WARNING: Running without Arcjet protection

[90mstderr[2m | 
tests/property/admin-system-health-fixes/settings-auth.property.test.ts[2m > 
[22m[2mFeature: admin-system-health-fixes, Property 3: Settings Authentication 
Requirement[2m > [22m[2mProperty: Error responses have consistent format[2m > 
[22m[2mshould return consistent error format for all auth failures
[22m[39m[ARCJET] WARNING: Running without Arcjet protection

[90mstderr[2m | 
tests/property/admin-system-health-fixes/settings-auth.property.test.ts[2m > 
[22m[2mFeature: admin-system-health-fixes, Property 3: Settings Authentication 
Requirement[2m > [22m[2mProperty: Error responses have consistent format[2m > 
[22m[2mshould return consistent error format for all auth failures
[22m[39m[ARCJET] WARNING: Running without Arcjet protection

[90mstderr[2m | 
tests/property/admin-system-health-fixes/settings-auth.property.test.ts[2m > 
[22m[2mFeature: admin-system-health-fixes, Property 3: Settings Authentication 
Requirement[2m > [22m[2mProperty: Error responses have consistent format[2m > 
[22m[2mshould return consistent error format for all auth failures
[22m[39m[ARCJET] WARNING: Running without Arcjet protection

[90mstderr[2m | 
tests/property/admin-system-health-fixes/settings-auth.property.test.ts[2m > 
[22m[2mFeature: admin-system-health-fixes, Property 3: Settings Authentication 
Requirement[2m > [22m[2mProperty: Error responses have consistent format[2m > 
[22m[2mshould return consistent error format for all auth failures
[22m[39m[ARCJET] WARNING: Running without Arcjet protection

[90mstderr[2m | 
tests/property/admin-system-health-fixes/settings-auth.property.test.ts[2m > 
[22m[2mFeature: admin-system-health-fixes, Property 3: Settings Authentication 
Requirement[2m > [22m[2mProperty: Error responses have consistent format[2m > 
[22m[2mshould return consistent error format for all auth failures
[22m[39m[ARCJET] WARNING: Running without Arcjet protection

[90mstderr[2m | 
tests/property/admin-system-health-fixes/settings-auth.property.test.ts[2m > 
[22m[2mFeature: admin-system-health-fixes, Property 3: Settings Authentication 
Requirement[2m > [22m[2mProperty: Error responses have consistent format[2m > 
[22m[2mshould return consistent error format for all auth failures
[22m[39m[ARCJET] WARNING: Running without Arcjet protection

[90mstderr[2m | 
tests/property/admin-system-health-fixes/settings-auth.property.test.ts[2m > 
[22m[2mFeature: admin-system-health-fixes, Property 3: Settings Authentication 
Requirement[2m > [22m[2mProperty: Error responses have consistent format[2m > 
[22m[2mshould return consistent error format for all auth failures
[22m[39m[ARCJET] WARNING: Running without Arcjet protection

[90mstdout[2m | tests/property/admin-system-health-fixes/settings-auth.property.test.ts[2m > [22m[2mFeature: admin-system-health-fixes, Property 3: Settings Authentication Requirement[2m > [22m[2mProperty: Error responses have consistent format[2m > [22m[2mshould return consistent error format for all auth failures
[22m[39m[AUTH] Token verification failed: Access token verification failed

[90mstderr[2m | 
tests/property/admin-system-health-fixes/settings-auth.property.test.ts[2m > 
[22m[2mFeature: admin-system-health-fixes, Property 3: Settings Authentication 
Requirement[2m > [22m[2mProperty: Error responses have consistent format[2m > 
[22m[2mshould return consistent error format for all auth failures
[22m[39m[ARCJET] WARNING: Running without Arcjet protection

[90mstderr[2m | 
tests/property/admin-system-health-fixes/settings-auth.property.test.ts[2m > 
[22m[2mFeature: admin-system-health-fixes, Property 3: Settings Authentication 
Requirement[2m > [22m[2mProperty: Error responses have consistent format[2m > 
[22m[2mshould return consistent error format for all auth failures
[22m[39m[ARCJET] WARNING: Running without Arcjet protection

[90mstderr[2m | 
tests/property/admin-system-health-fixes/settings-auth.property.test.ts[2m > 
[22m[2mFeature: admin-system-health-fixes, Property 3: Settings Authentication 
Requirement[2m > [22m[2mProperty: Error responses have consistent format[2m > 
[22m[2mshould return consistent error format for all auth failures
[22m[39m[ARCJET] WARNING: Running without Arcjet protection

[90mstderr[2m | 
tests/property/admin-system-health-fixes/settings-auth.property.test.ts[2m > 
[22m[2mFeature: admin-system-health-fixes, Property 3: Settings Authentication 
Requirement[2m > [22m[2mProperty: Error responses have consistent format[2m > 
[22m[2mshould return consistent error format for all auth failures
[22m[39m[ARCJET] WARNING: Running without Arcjet protection

[90mstderr[2m | 
tests/property/admin-system-health-fixes/settings-auth.property.test.ts[2m > 
[22m[2mFeature: admin-system-health-fixes, Property 3: Settings Authentication 
Requirement[2m > [22m[2mProperty: Error responses have consistent format[2m > 
[22m[2mshould return consistent error format for all auth failures
[22m[39m[ARCJET] WARNING: Running without Arcjet protection

[90mstderr[2m | 
tests/property/admin-system-health-fixes/settings-auth.property.test.ts[2m > 
[22m[2mFeature: admin-system-health-fixes, Property 3: Settings Authentication 
Requirement[2m > [22m[2mProperty: Error responses have consistent format[2m > 
[22m[2mshould return consistent error format for all auth failures
[22m[39m[ARCJET] WARNING: Running without Arcjet protection

[90mstderr[2m | 
tests/property/admin-system-health-fixes/settings-auth.property.test.ts[2m > 
[22m[2mFeature: admin-system-health-fixes, Property 3: Settings Authentication 
Requirement[2m > [22m[2mProperty: Error responses have consistent format[2m > 
[22m[2mshould return consistent error format for all auth failures
[22m[39m[ARCJET] WARNING: Running without Arcjet protection

[90mstderr[2m | 
tests/property/admin-system-health-fixes/settings-auth.property.test.ts[2m > 
[22m[2mFeature: admin-system-health-fixes, Property 3: Settings Authentication 
Requirement[2m > [22m[2mProperty: Error responses have consistent format[2m > 
[22m[2mshould return consistent error format for all auth failures
[22m[39m[ARCJET] WARNING: Running without Arcjet protection

[90mstderr[2m | 
tests/property/admin-system-health-fixes/settings-auth.property.test.ts[2m > 
[22m[2mFeature: admin-system-health-fixes, Property 3: Settings Authentication 
Requirement[2m > [22m[2mProperty: Error responses have consistent format[2m > 
[22m[2mshould return consistent error format for all auth failures
[22m[39m[ARCJET] WARNING: Running without Arcjet protection

[90mstderr[2m | 
tests/property/admin-system-health-fixes/settings-auth.property.test.ts[2m > 
[22m[2mFeature: admin-system-health-fixes, Property 3: Settings Authentication 
Requirement[2m > [22m[2mProperty: Error responses have consistent format[2m > 
[22m[2mshould return consistent error format for all auth failures
[22m[39m[ARCJET] WARNING: Running without Arcjet protection

[90mstderr[2m | 
tests/property/admin-system-health-fixes/settings-auth.property.test.ts[2m > 
[22m[2mFeature: admin-system-health-fixes, Property 3: Settings Authentication 
Requirement[2m > [22m[2mProperty: Error responses have consistent format[2m > 
[22m[2mshould return consistent error format for all auth failures
[22m[39m[ARCJET] WARNING: Running without Arcjet protection

[90mstderr[2m | 
tests/property/admin-system-health-fixes/settings-auth.property.test.ts[2m > 
[22m[2mFeature: admin-system-health-fixes, Property 3: Settings Authentication 
Requirement[2m > [22m[2mProperty: Error responses have consistent format[2m > 
[22m[2mshould return consistent error format for all auth failures
[22m[39m[ARCJET] WARNING: Running without Arcjet protection

[90mstderr[2m | 
tests/property/admin-system-health-fixes/settings-auth.property.test.ts[2m > 
[22m[2mFeature: admin-system-health-fixes, Property 3: Settings Authentication 
Requirement[2m > [22m[2mProperty: Error responses have consistent format[2m > 
[22m[2mshould return consistent error format for all auth failures
[22m[39m[ARCJET] WARNING: Running without Arcjet protection

[90mstderr[2m | 
tests/property/admin-system-health-fixes/settings-auth.property.test.ts[2m > 
[22m[2mFeature: admin-system-health-fixes, Property 3: Settings Authentication 
Requirement[2m > [22m[2mProperty: Error responses have consistent format[2m > 
[22m[2mshould return consistent error format for all auth failures
[22m[39m[ARCJET] WARNING: Running without Arcjet protection

[90mstderr[2m | 
tests/property/admin-system-health-fixes/settings-auth.property.test.ts[2m > 
[22m[2mFeature: admin-system-health-fixes, Property 3: Settings Authentication 
Requirement[2m > [22m[2mProperty: Error responses have consistent format[2m > 
[22m[2mshould return consistent error format for all auth failures
[22m[39m[ARCJET] WARNING: Running without Arcjet protection

[90mstderr[2m | 
tests/property/admin-system-health-fixes/settings-auth.property.test.ts[2m > 
[22m[2mFeature: admin-system-health-fixes, Property 3: Settings Authentication 
Requirement[2m > [22m[2mProperty: Error responses have consistent format[2m > 
[22m[2mshould return consistent error format for all auth failures
[22m[39m[ARCJET] WARNING: Running without Arcjet protection

[90mstderr[2m | 
tests/property/admin-system-health-fixes/settings-auth.property.test.ts[2m > 
[22m[2mFeature: admin-system-health-fixes, Property 3: Settings Authentication 
Requirement[2m > [22m[2mProperty: Error responses have consistent format[2m > 
[22m[2mshould return consistent error format for all auth failures
[22m[39m[ARCJET] WARNING: Running without Arcjet protection

[90mstderr[2m | 
tests/property/admin-system-health-fixes/settings-auth.property.test.ts[2m > 
[22m[2mFeature: admin-system-health-fixes, Property 3: Settings Authentication 
Requirement[2m > [22m[2mProperty: Error responses have consistent format[2m > 
[22m[2mshould return consistent error format for all auth failures
[22m[39m[ARCJET] WARNING: Running without Arcjet protection

[90mstderr[2m | 
tests/property/admin-system-health-fixes/settings-auth.property.test.ts[2m > 
[22m[2mFeature: admin-system-health-fixes, Property 3: Settings Authentication 
Requirement[2m > [22m[2mProperty: Error responses have consistent format[2m > 
[22m[2mshould return consistent error format for all auth failures
[22m[39m[ARCJET] WARNING: Running without Arcjet protection

[90mstderr[2m | 
tests/property/admin-system-health-fixes/settings-auth.property.test.ts[2m > 
[22m[2mFeature: admin-system-health-fixes, Property 3: Settings Authentication 
Requirement[2m > [22m[2mProperty: Error responses have consistent format[2m > 
[22m[2mshould return consistent error format for all auth failures
[22m[39m[ARCJET] WARNING: Running without Arcjet protection

[90mstderr[2m | 
tests/property/admin-system-health-fixes/settings-auth.property.test.ts[2m > 
[22m[2mFeature: admin-system-health-fixes, Property 3: Settings Authentication 
Requirement[2m > [22m[2mProperty: Error responses have consistent format[2m > 
[22m[2mshould return consistent error format for all auth failures
[22m[39m[ARCJET] WARNING: Running without Arcjet protection

[90mstderr[2m | tests/property/rbac.property.test.ts[2m > [22m[2mEdge Cases[2m > 
[22m[2mInvalid Role Handling[2m > [22m[2mPROPERTY: getPermissionsForRole returns empty 
array for invalid roles
[22m[39m[PERMISSIONS] Unknown role requested: wW,
[PERMISSIONS] Unknown role requested: ref
[PERMISSIONS] Unknown role requested: |,
[PERMISSIONS] Unknown role requested: ("%
[PERMISSIONS] Unknown role requested:  6V;D>ZHGKon
[PERMISSIONS] Unknown role requested: >|K
[PERMISSIONS] Unknown role requested: n)hNUl>jH:%8
[PERMISSIONS] Unknown role requested: %+"A
[PERMISSIONS] Unknown role requested: peOE
[PERMISSIONS] Unknown role requested: Rv%
[PERMISSIONS] Unknown role requested: !
[PERMISSIONS] Unknown role requested: &yq|
[PERMISSIONS] Unknown role requested: I#Zt
[PERMISSIONS] Unknown role requested: O12=g^/
[PERMISSIONS] Unknown role requested: cF
[PERMISSIONS] Unknown role requested: .6m|\
[PERMISSIONS] Unknown role requested: g`e
[PERMISSIONS] Unknown role requested: p"ipqYi$bHH
[PERMISSIONS] Unknown role requested: G9l@
[PERMISSIONS] Unknown role requested: Ga7/|.?s8.B
[PERMISSIONS] Unknown role requested: 2:=AWNc2^
[PERMISSIONS] Unknown role requested: >ypU&]oS(BT@
[PERMISSIONS] Unknown role requested: AL4 QD#DW%
[PERMISSIONS] Unknown role requested: i"dVD+ee*
[PERMISSIONS] Unknown role requested: Hm
[PERMISSIONS] Unknown role requested: FZq7FQv9'EG2
[PERMISSIONS] Unknown role requested: i</l_>:[
[PERMISSIONS] Unknown role requested: L@[refcaldJ#
[PERMISSIONS] Unknown role requested: HB0hf,|1`pQ
[PERMISSIONS] Unknown role requested: WK }-|fF|a
[PERMISSIONS] Unknown role requested: %isProt
[PERMISSIONS] Unknown role requested: E/
[PERMISSIONS] Unknown role requested: /|_8lbsn&ZB
[PERMISSIONS] Unknown role requested: 0GOaWu!X21
[PERMISSIONS] Unknown role requested: J{gq2x~i
[PERMISSIONS] Unknown role requested: J_
[PERMISSIONS] Unknown role requested: TT
[PERMISSIONS] Unknown role requested: "d6
[PERMISSIONS] Unknown role requested: K<`ISkd(>
[PERMISSIONS] Unknown role requested: V,ek
[PERMISSIONS] Unknown role requested: 8~1;
[PERMISSIONS] Unknown role requested: $S9u'ZA=e
[PERMISSIONS] Unknown role requested: YW
[PERMISSIONS] Unknown role requested: 6~jZ{\FraRuV
[PERMISSIONS] Unknown role requested: ![>;w>o
[PERMISSIONS] Unknown role requested: jd(D5Z)
[PERMISSIONS] Unknown role requested: #_=
[PERMISSIONS] Unknown role requested: ~=mYLb"'
[PERMISSIONS] Unknown role requested: ZIqt!^v
[PERMISSIONS] Unknown role requested: ,J[97C
[PERMISSIONS] Unknown role requested: 2R@|}uS
[PERMISSIONS] Unknown role requested: $`](Me$!\Hz^
[PERMISSIONS] Unknown role requested: XD a;2
[PERMISSIONS] Unknown role requested: &O
[PERMISSIONS] Unknown role requested: W
[PERMISSIONS] Unknown role requested: :"+|dQo
[PERMISSIONS] Unknown role requested: 77V"
[PERMISSIONS] Unknown role requested: \#s
[PERMISSIONS] Unknown role requested: pmvsqAD
[PERMISSIONS] Unknown role requested: iJP5(^/h
[PERMISSIONS] Unknown role requested: qtV
[PERMISSIONS] Unknown role requested: {kDyc
[PERMISSIONS] Unknown role requested: }Jl
[PERMISSIONS] Unknown role requested: #mm_
[PERMISSIONS] Unknown role requested: d}
[PERMISSIONS] Unknown role requested: +
[PERMISSIONS] Unknown role requested: %Q3
[PERMISSIONS] Unknown role requested: .+AVq]\N!
[PERMISSIONS] Unknown role requested: x~b;*8
[PERMISSIONS] Unknown role requested: 0%JM 
[PERMISSIONS] Unknown role requested: __de
[PERMISSIONS] Unknown role requested: =bindisProto
[PERMISSIONS] Unknown role requested: pro
[PERMISSIONS] Unknown role requested: 0pro
[PERMISSIONS] Unknown role requested: &(AFalFd9(%l
[PERMISSIONS] Unknown role requested: c" $f~x!
[PERMISSIONS] Unknown role requested: a~gIej
[PERMISSIONS] Unknown role requested: K+q|X&
[PERMISSIONS] Unknown role requested: (Q>D#Fd97-;E
[PERMISSIONS] Unknown role requested: TTJ
[PERMISSIONS] Unknown role requested: "&>#=<'y
[PERMISSIONS] Unknown role requested: ,fh
[PERMISSIONS] Unknown role requested: n,
[PERMISSIONS] Unknown role requested: "93
[PERMISSIONS] Unknown role requested: arguments
[PERMISSIONS] Unknown role requested: 8i,lS!
[PERMISSIONS] Unknown role requested: #9.,)9
[PERMISSIONS] Unknown role requested: 'mcwe"2D
[PERMISSIONS] Unknown role requested: wA<~e.[<:&
[PERMISSIONS] Unknown role requested: PxJY{QG7BC
[PERMISSIONS] Unknown role requested: #
[PERMISSIONS] Unknown role requested: 0
[PERMISSIONS] Unknown role requested: eQ=:LC
[PERMISSIONS] Unknown role requested: GD*f3Gh*
[PERMISSIONS] Unknown role requested: iBY1B6&RZhv
[PERMISSIONS] Unknown role requested: VC8N
[PERMISSIONS] Unknown role requested: AyAG_=2!C
[PERMISSIONS] Unknown role requested: =c%
[PERMISSIONS] Unknown role requested: ]xN"#$xU9
[PERMISSIONS] Unknown role requested: `q!

[90mstderr[2m | tests/property/rbac.property.test.ts[2m > [22m[2mEdge Cases[2m > 
[22m[2mInvalid Role Handling[2m > [22m[2mPROPERTY: Invalid role handling is 
deterministic
[22m[39m[PERMISSIONS] Unknown role requested: i U)b
[PERMISSIONS] Unknown role requested: i U)b
[PERMISSIONS] Unknown role requested: i U)b
[PERMISSIONS] Unknown role requested: i U)b
[PERMISSIONS] Unknown role requested: i U)b
[PERMISSIONS] Unknown role requested: i U)b
[PERMISSIONS] Unknown role requested: i U)b
[PERMISSIONS] Unknown role requested: i U)b
[PERMISSIONS] Unknown role requested: i U)b
[PERMISSIONS] Unknown role requested: i U)b
[PERMISSIONS] Unknown role requested: i
[PERMISSIONS] Unknown role requested: i
[PERMISSIONS] Unknown role requested: i
[PERMISSIONS] Unknown role requested: i
[PERMISSIONS] Unknown role requested: i
[PERMISSIONS] Unknown role requested: i
[PERMISSIONS] Unknown role requested: i
[PERMISSIONS] Unknown role requested: i
[PERMISSIONS] Unknown role requested: i
[PERMISSIONS] Unknown role requested: i
[PERMISSIONS] Unknown role requested: /s2EmZN,[ns
[PERMISSIONS] Unknown role requested: /s2EmZN,[ns
[PERMISSIONS] Unknown role requested: /s2EmZN,[ns
[PERMISSIONS] Unknown role requested: /s2EmZN,[ns
[PERMISSIONS] Unknown role requested: /s2EmZN,[ns
[PERMISSIONS] Unknown role requested: /s2EmZN,[ns
[PERMISSIONS] Unknown role requested: /s2EmZN,[ns
[PERMISSIONS] Unknown role requested: /s2EmZN,[ns
[PERMISSIONS] Unknown role requested: /s2EmZN,[ns
[PERMISSIONS] Unknown role requested: /s2EmZN,[ns
[PERMISSIONS] Unknown role requested: 7%CT,h}@`J!
[PERMISSIONS] Unknown role requested: 7%CT,h}@`J!
[PERMISSIONS] Unknown role requested: 7%CT,h}@`J!
[PERMISSIONS] Unknown role requested: 7%CT,h}@`J!
[PERMISSIONS] Unknown role requested: 7%CT,h}@`J!
[PERMISSIONS] Unknown role requested: 7%CT,h}@`J!
[PERMISSIONS] Unknown role requested: 7%CT,h}@`J!
[PERMISSIONS] Unknown role requested: 7%CT,h}@`J!
[PERMISSIONS] Unknown role requested: 7%CT,h}@`J!
[PERMISSIONS] Unknown role requested: 7%CT,h}@`J!
[PERMISSIONS] Unknown role requested: {Z
[PERMISSIONS] Unknown role requested: {Z
[PERMISSIONS] Unknown role requested: {Z
[PERMISSIONS] Unknown role requested: {Z
[PERMISSIONS] Unknown role requested: {Z
[PERMISSIONS] Unknown role requested: {Z
[PERMISSIONS] Unknown role requested: {Z
[PERMISSIONS] Unknown role requested: {Z
[PERMISSIONS] Unknown role requested: {Z
[PERMISSIONS] Unknown role requested: {Z
[PERMISSIONS] Unknown role requested: f
[PERMISSIONS] Unknown role requested: f
[PERMISSIONS] Unknown role requested: f
[PERMISSIONS] Unknown role requested: f
[PERMISSIONS] Unknown role requested: f
[PERMISSIONS] Unknown role requested: f
[PERMISSIONS] Unknown role requested: f
[PERMISSIONS] Unknown role requested: f
[PERMISSIONS] Unknown role requested: f
[PERMISSIONS] Unknown role requested: f
[PERMISSIONS] Unknown role requested: |
[PERMISSIONS] Unknown role requested: |
[PERMISSIONS] Unknown role requested: |
[PERMISSIONS] Unknown role requested: |
[PERMISSIONS] Unknown role requested: |
[PERMISSIONS] Unknown role requested: |
[PERMISSIONS] Unknown role requested: |
[PERMISSIONS] Unknown role requested: |
[PERMISSIONS] Unknown role requested: |
[PERMISSIONS] Unknown role requested: |
[PERMISSIONS] Unknown role requested: =>&#
[PERMISSIONS] Unknown role requested: =>&#
[PERMISSIONS] Unknown role requested: =>&#
[PERMISSIONS] Unknown role requested: =>&#
[PERMISSIONS] Unknown role requested: =>&#
[PERMISSIONS] Unknown role requested: =>&#
[PERMISSIONS] Unknown role requested: =>&#
[PERMISSIONS] Unknown role requested: =>&#
[PERMISSIONS] Unknown role requested: =>&#
[PERMISSIONS] Unknown role requested: =>&#
[PERMISSIONS] Unknown role requested: 8__lookupGet
[PERMISSIONS] Unknown role requested: 8__lookupGet
[PERMISSIONS] Unknown role requested: 8__lookupGet
[PERMISSIONS] Unknown role requested: 8__lookupGet
[PERMISSIONS] Unknown role requested: 8__lookupGet
[PERMISSIONS] Unknown role requested: 8__lookupGet
[PERMISSIONS] Unknown role requested: 8__lookupGet
[PERMISSIONS] Unknown role requested: 8__lookupGet
[PERMISSIONS] Unknown role requested: 8__lookupGet
[PERMISSIONS] Unknown role requested: 8__lookupGet
[PERMISSIONS] Unknown role requested: &5i]vO
[PERMISSIONS] Unknown role requested: &5i]vO
[PERMISSIONS] Unknown role requested: &5i]vO
[PERMISSIONS] Unknown role requested: &5i]vO
[PERMISSIONS] Unknown role requested: &5i]vO
[PERMISSIONS] Unknown role requested: &5i]vO
[PERMISSIONS] Unknown role requested: &5i]vO
[PERMISSIONS] Unknown role requested: &5i]vO
[PERMISSIONS] Unknown role requested: &5i]vO
[PERMISSIONS] Unknown role requested: &5i]vO
[PERMISSIONS] Unknown role requested: $ 
[PERMISSIONS] Unknown role requested: $ 
[PERMISSIONS] Unknown role requested: $ 
[PERMISSIONS] Unknown role requested: $ 
[PERMISSIONS] Unknown role requested: $ 
[PERMISSIONS] Unknown role requested: $ 
[PERMISSIONS] Unknown role requested: $ 
[PERMISSIONS] Unknown role requested: $ 
[PERMISSIONS] Unknown role requested: $ 
[PERMISSIONS] Unknown role requested: $ 
[PERMISSIONS] Unknown role requested: @
[PERMISSIONS] Unknown role requested: @
[PERMISSIONS] Unknown role requested: @
[PERMISSIONS] Unknown role requested: @
[PERMISSIONS] Unknown role requested: @
[PERMISSIONS] Unknown role requested: @
[PERMISSIONS] Unknown role requested: @
[PERMISSIONS] Unknown role requested: @
[PERMISSIONS] Unknown role requested: @
[PERMISSIONS] Unknown role requested: @
[PERMISSIONS] Unknown role requested: n
[PERMISSIONS] Unknown role requested: n
[PERMISSIONS] Unknown role requested: n
[PERMISSIONS] Unknown role requested: n
[PERMISSIONS] Unknown role requested: n
[PERMISSIONS] Unknown role requested: n
[PERMISSIONS] Unknown role requested: n
[PERMISSIONS] Unknown role requested: n
[PERMISSIONS] Unknown role requested: n
[PERMISSIONS] Unknown role requested: n
[PERMISSIONS] Unknown role requested: %:)YE
[PERMISSIONS] Unknown role requested: %:)YE
[PERMISSIONS] Unknown role requested: %:)YE
[PERMISSIONS] Unknown role requested: %:)YE
[PERMISSIONS] Unknown role requested: %:)YE
[PERMISSIONS] Unknown role requested: %:)YE
[PERMISSIONS] Unknown role requested: %:)YE
[PERMISSIONS] Unknown role requested: %:)YE
[PERMISSIONS] Unknown role requested: %:)YE
[PERMISSIONS] Unknown role requested: %:)YE
[PERMISSIONS] Unknown role requested: }hasOwnP
[PERMISSIONS] Unknown role requested: }hasOwnP
[PERMISSIONS] Unknown role requested: }hasOwnP
[PERMISSIONS] Unknown role requested: }hasOwnP
[PERMISSIONS] Unknown role requested: }hasOwnP
[PERMISSIONS] Unknown role requested: }hasOwnP
[PERMISSIONS] Unknown role requested: }hasOwnP
[PERMISSIONS] Unknown role requested: }hasOwnP
[PERMISSIONS] Unknown role requested: }hasOwnP
[PERMISSIONS] Unknown role requested: }hasOwnP
[PERMISSIONS] Unknown role requested: wDd%%?"F
[PERMISSIONS] Unknown role requested: wDd%%?"F
[PERMISSIONS] Unknown role requested: wDd%%?"F
[PERMISSIONS] Unknown role requested: wDd%%?"F
[PERMISSIONS] Unknown role requested: wDd%%?"F
[PERMISSIONS] Unknown role requested: wDd%%?"F
[PERMISSIONS] Unknown role requested: wDd%%?"F
[PERMISSIONS] Unknown role requested: wDd%%?"F
[PERMISSIONS] Unknown role requested: wDd%%?"F
[PERMISSIONS] Unknown role requested: wDd%%?"F
[PERMISSIONS] Unknown role requested: IJf#Gn8r
[PERMISSIONS] Unknown role requested: IJf#Gn8r
[PERMISSIONS] Unknown role requested: IJf#Gn8r
[PERMISSIONS] Unknown role requested: IJf#Gn8r
[PERMISSIONS] Unknown role requested: IJf#Gn8r
[PERMISSIONS] Unknown role requested: IJf#Gn8r
[PERMISSIONS] Unknown role requested: IJf#Gn8r
[PERMISSIONS] Unknown role requested: IJf#Gn8r
[PERMISSIONS] Unknown role requested: IJf#Gn8r
[PERMISSIONS] Unknown role requested: IJf#Gn8r
[PERMISSIONS] Unknown role requested: 2_
[PERMISSIONS] Unknown role requested: 2_
[PERMISSIONS] Unknown role requested: 2_
[PERMISSIONS] Unknown role requested: 2_
[PERMISSIONS] Unknown role requested: 2_
[PERMISSIONS] Unknown role requested: 2_
[PERMISSIONS] Unknown role requested: 2_
[PERMISSIONS] Unknown role requested: 2_
[PERMISSIONS] Unknown role requested: 2_
[PERMISSIONS] Unknown role requested: 2_
[PERMISSIONS] Unknown role requested: :S
[PERMISSIONS] Unknown role requested: :S
[PERMISSIONS] Unknown role requested: :S
[PERMISSIONS] Unknown role requested: :S
[PERMISSIONS] Unknown role requested: :S
[PERMISSIONS] Unknown role requested: :S
[PERMISSIONS] Unknown role requested: :S
[PERMISSIONS] Unknown role requested: :S
[PERMISSIONS] Unknown role requested: :S
[PERMISSIONS] Unknown role requested: :S
[PERMISSIONS] Unknown role requested: J.>Z
[PERMISSIONS] Unknown role requested: J.>Z
[PERMISSIONS] Unknown role requested: J.>Z
[PERMISSIONS] Unknown role requested: J.>Z
[PERMISSIONS] Unknown role requested: J.>Z
[PERMISSIONS] Unknown role requested: J.>Z
[PERMISSIONS] Unknown role requested: J.>Z
[PERMISSIONS] Unknown role requested: J.>Z
[PERMISSIONS] Unknown role requested: J.>Z
[PERMISSIONS] Unknown role requested: J.>Z
[PERMISSIONS] Unknown role requested: )diWcpSogO
[PERMISSIONS] Unknown role requested: )diWcpSogO
[PERMISSIONS] Unknown role requested: )diWcpSogO
[PERMISSIONS] Unknown role requested: )diWcpSogO
[PERMISSIONS] Unknown role requested: )diWcpSogO
[PERMISSIONS] Unknown role requested: )diWcpSogO
[PERMISSIONS] Unknown role requested: )diWcpSogO
[PERMISSIONS] Unknown role requested: )diWcpSogO
[PERMISSIONS] Unknown role requested: )diWcpSogO
[PERMISSIONS] Unknown role requested: )diWcpSogO
[PERMISSIONS] Unknown role requested: wN`?8
[PERMISSIONS] Unknown role requested: wN`?8
[PERMISSIONS] Unknown role requested: wN`?8
[PERMISSIONS] Unknown role requested: wN`?8
[PERMISSIONS] Unknown role requested: wN`?8
[PERMISSIONS] Unknown role requested: wN`?8
[PERMISSIONS] Unknown role requested: wN`?8
[PERMISSIONS] Unknown role requested: wN`?8
[PERMISSIONS] Unknown role requested: wN`?8
[PERMISSIONS] Unknown role requested: wN`?8
[PERMISSIONS] Unknown role requested: `!A|3z*
[PERMISSIONS] Unknown role requested: `!A|3z*
[PERMISSIONS] Unknown role requested: `!A|3z*
[PERMISSIONS] Unknown role requested: `!A|3z*
[PERMISSIONS] Unknown role requested: `!A|3z*
[PERMISSIONS] Unknown role requested: `!A|3z*
[PERMISSIONS] Unknown role requested: `!A|3z*
[PERMISSIONS] Unknown role requested: `!A|3z*
[PERMISSIONS] Unknown role requested: `!A|3z*
[PERMISSIONS] Unknown role requested: `!A|3z*
[PERMISSIONS] Unknown role requested: u^g
[PERMISSIONS] Unknown role requested: u^g
[PERMISSIONS] Unknown role requested: u^g
[PERMISSIONS] Unknown role requested: u^g
[PERMISSIONS] Unknown role requested: u^g
[PERMISSIONS] Unknown role requested: u^g
[PERMISSIONS] Unknown role requested: u^g
[PERMISSIONS] Unknown role requested: u^g
[PERMISSIONS] Unknown role requested: u^g
[PERMISSIONS] Unknown role requested: u^g
[PERMISSIONS] Unknown role requested:  
[PERMISSIONS] Unknown role requested:  
[PERMISSIONS] Unknown role requested:  
[PERMISSIONS] Unknown role requested:  
[PERMISSIONS] Unknown role requested:  
[PERMISSIONS] Unknown role requested:  
[PERMISSIONS] Unknown role requested:  
[PERMISSIONS] Unknown role requested:  
[PERMISSIONS] Unknown role requested:  
[PERMISSIONS] Unknown role requested:  
[PERMISSIONS] Unknown role requested: __l
[PERMISSIONS] Unknown role requested: __l
[PERMISSIONS] Unknown role requested: __l
[PERMISSIONS] Unknown role requested: __l
[PERMISSIONS] Unknown role requested: __l
[PERMISSIONS] Unknown role requested: __l
[PERMISSIONS] Unknown role requested: __l
[PERMISSIONS] Unknown role requested: __l
[PERMISSIONS] Unknown role requested: __l
[PERMISSIONS] Unknown role requested: __l
[PERMISSIONS] Unknown role requested: call
[PERMISSIONS] Unknown role requested: call
[PERMISSIONS] Unknown role requested: call
[PERMISSIONS] Unknown role requested: call
[PERMISSIONS] Unknown role requested: call
[PERMISSIONS] Unknown role requested: call
[PERMISSIONS] Unknown role requested: call
[PERMISSIONS] Unknown role requested: call
[PERMISSIONS] Unknown role requested: call
[PERMISSIONS] Unknown role requested: call
[PERMISSIONS] Unknown role requested: &_T
[PERMISSIONS] Unknown role requested: &_T
[PERMISSIONS] Unknown role requested: &_T
[PERMISSIONS] Unknown role requested: &_T
[PERMISSIONS] Unknown role requested: &_T
[PERMISSIONS] Unknown role requested: &_T
[PERMISSIONS] Unknown role requested: &_T
[PERMISSIONS] Unknown role requested: &_T
[PERMISSIONS] Unknown role requested: &_T
[PERMISSIONS] Unknown role requested: &_T
[PERMISSIONS] Unknown role requested: &
[PERMISSIONS] Unknown role requested: &
[PERMISSIONS] Unknown role requested: &
[PERMISSIONS] Unknown role requested: &
[PERMISSIONS] Unknown role requested: &
[PERMISSIONS] Unknown role requested: &
[PERMISSIONS] Unknown role requested: &
[PERMISSIONS] Unknown role requested: &
[PERMISSIONS] Unknown role requested: &
[PERMISSIONS] Unknown role requested: &
[PERMISSIONS] Unknown role requested: XrN]-4znj
[PERMISSIONS] Unknown role requested: XrN]-4znj
[PERMISSIONS] Unknown role requested: XrN]-4znj
[PERMISSIONS] Unknown role requested: XrN]-4znj
[PERMISSIONS] Unknown role requested: XrN]-4znj
[PERMISSIONS] Unknown role requested: XrN]-4znj
[PERMISSIONS] Unknown role requested: XrN]-4znj
[PERMISSIONS] Unknown role requested: XrN]-4znj
[PERMISSIONS] Unknown role requested: XrN]-4znj
[PERMISSIONS] Unknown role requested: XrN]-4znj
[PERMISSIONS] Unknown role requested: s`Ye
[PERMISSIONS] Unknown role requested: s`Ye
[PERMISSIONS] Unknown role requested: s`Ye
[PERMISSIONS] Unknown role requested: s`Ye
[PERMISSIONS] Unknown role requested: s`Ye
[PERMISSIONS] Unknown role requested: s`Ye
[PERMISSIONS] Unknown role requested: s`Ye
[PERMISSIONS] Unknown role requested: s`Ye
[PERMISSIONS] Unknown role requested: s`Ye
[PERMISSIONS] Unknown role requested: s`Ye
[PERMISSIONS] Unknown role requested: %}MR#
[PERMISSIONS] Unknown role requested: %}MR#
[PERMISSIONS] Unknown role requested: %}MR#
[PERMISSIONS] Unknown role requested: %}MR#
[PERMISSIONS] Unknown role requested: %}MR#
[PERMISSIONS] Unknown role requested: %}MR#
[PERMISSIONS] Unknown role requested: %}MR#
[PERMISSIONS] Unknown role requested: %}MR#
[PERMISSIONS] Unknown role requested: %}MR#
[PERMISSIONS] Unknown role requested: %}MR#
[PERMISSIONS] Unknown role requested: {y!dCLd=(A_%
[PERMISSIONS] Unknown role requested: {y!dCLd=(A_%
[PERMISSIONS] Unknown role requested: {y!dCLd=(A_%
[PERMISSIONS] Unknown role requested: {y!dCLd=(A_%
[PERMISSIONS] Unknown role requested: {y!dCLd=(A_%
[PERMISSIONS] Unknown role requested: {y!dCLd=(A_%
[PERMISSIONS] Unknown role requested: {y!dCLd=(A_%
[PERMISSIONS] Unknown role requested: {y!dCLd=(A_%
[PERMISSIONS] Unknown role requested: {y!dCLd=(A_%
[PERMISSIONS] Unknown role requested: {y!dCLd=(A_%
[PERMISSIONS] Unknown role requested: XA
[PERMISSIONS] Unknown role requested: XA
[PERMISSIONS] Unknown role requested: XA
[PERMISSIONS] Unknown role requested: XA
[PERMISSIONS] Unknown role requested: XA
[PERMISSIONS] Unknown role requested: XA
[PERMISSIONS] Unknown role requested: XA
[PERMISSIONS] Unknown role requested: XA
[PERMISSIONS] Unknown role requested: XA
[PERMISSIONS] Unknown role requested: XA
[PERMISSIONS] Unknown role requested: rt&??d?qu
[PERMISSIONS] Unknown role requested: rt&??d?qu
[PERMISSIONS] Unknown role requested: rt&??d?qu
[PERMISSIONS] Unknown role requested: rt&??d?qu
[PERMISSIONS] Unknown role requested: rt&??d?qu
[PERMISSIONS] Unknown role requested: rt&??d?qu
[PERMISSIONS] Unknown role requested: rt&??d?qu
[PERMISSIONS] Unknown role requested: rt&??d?qu
[PERMISSIONS] Unknown role requested: rt&??d?qu
[PERMISSIONS] Unknown role requested: rt&??d?qu
[PERMISSIONS] Unknown role requested: S-d4""~"^
[PERMISSIONS] Unknown role requested: S-d4""~"^
[PERMISSIONS] Unknown role requested: S-d4""~"^
[PERMISSIONS] Unknown role requested: S-d4""~"^
[PERMISSIONS] Unknown role requested: S-d4""~"^
[PERMISSIONS] Unknown role requested: S-d4""~"^
[PERMISSIONS] Unknown role requested: S-d4""~"^
[PERMISSIONS] Unknown role requested: S-d4""~"^
[PERMISSIONS] Unknown role requested: S-d4""~"^
[PERMISSIONS] Unknown role requested: S-d4""~"^
[PERMISSIONS] Unknown role requested: '"KY$Jx)?
[PERMISSIONS] Unknown role requested: '"KY$Jx)?
[PERMISSIONS] Unknown role requested: '"KY$Jx)?
[PERMISSIONS] Unknown role requested: '"KY$Jx)?
[PERMISSIONS] Unknown role requested: '"KY$Jx)?
[PERMISSIONS] Unknown role requested: '"KY$Jx)?
[PERMISSIONS] Unknown role requested: '"KY$Jx)?
[PERMISSIONS] Unknown role requested: '"KY$Jx)?
[PERMISSIONS] Unknown role requested: '"KY$Jx)?
[PERMISSIONS] Unknown role requested: '"KY$Jx)?
[PERMISSIONS] Unknown role requested: 50v;
[PERMISSIONS] Unknown role requested: 50v;
[PERMISSIONS] Unknown role requested: 50v;
[PERMISSIONS] Unknown role requested: 50v;
[PERMISSIONS] Unknown role requested: 50v;
[PERMISSIONS] Unknown role requested: 50v;
[PERMISSIONS] Unknown role requested: 50v;
[PERMISSIONS] Unknown role requested: 50v;
[PERMISSIONS] Unknown role requested: 50v;
[PERMISSIONS] Unknown role requested: 50v;
[PERMISSIONS] Unknown role requested: }uzT
[PERMISSIONS] Unknown role requested: }uzT
[PERMISSIONS] Unknown role requested: }uzT
[PERMISSIONS] Unknown role requested: }uzT
[PERMISSIONS] Unknown role requested: }uzT
[PERMISSIONS] Unknown role requested: }uzT
[PERMISSIONS] Unknown role requested: }uzT
[PERMISSIONS] Unknown role requested: }uzT
[PERMISSIONS] Unknown role requested: }uzT
[PERMISSIONS] Unknown role requested: }uzT
[PERMISSIONS] Unknown role requested: }
[PERMISSIONS] Unknown role requested: }
[PERMISSIONS] Unknown role requested: }
[PERMISSIONS] Unknown role requested: }
[PERMISSIONS] Unknown role requested: }
[PERMISSIONS] Unknown role requested: }
[PERMISSIONS] Unknown role requested: }
[PERMISSIONS] Unknown role requested: }
[PERMISSIONS] Unknown role requested: }
[PERMISSIONS] Unknown role requested: }
[PERMISSIONS] Unknown role requested: y
[PERMISSIONS] Unknown role requested: y
[PERMISSIONS] Unknown role requested: y
[PERMISSIONS] Unknown role requested: y
[PERMISSIONS] Unknown role requested: y
[PERMISSIONS] Unknown role requested: y
[PERMISSIONS] Unknown role requested: y
[PERMISSIONS] Unknown role requested: y
[PERMISSIONS] Unknown role requested: y
[PERMISSIONS] Unknown role requested: y
[PERMISSIONS] Unknown role requested:  #n\OfrefM__
[PERMISSIONS] Unknown role requested:  #n\OfrefM__
[PERMISSIONS] Unknown role requested:  #n\OfrefM__
[PERMISSIONS] Unknown role requested:  #n\OfrefM__
[PERMISSIONS] Unknown role requested:  #n\OfrefM__
[PERMISSIONS] Unknown role requested:  #n\OfrefM__
[PERMISSIONS] Unknown role requested:  #n\OfrefM__
[PERMISSIONS] Unknown role requested:  #n\OfrefM__
[PERMISSIONS] Unknown role requested:  #n\OfrefM__
[PERMISSIONS] Unknown role requested:  #n\OfrefM__
[PERMISSIONS] Unknown role requested: i
[PERMISSIONS] Unknown role requested: i
[PERMISSIONS] Unknown role requested: i
[PERMISSIONS] Unknown role requested: i
[PERMISSIONS] Unknown role requested: i
[PERMISSIONS] Unknown role requested: i
[PERMISSIONS] Unknown role requested: i
[PERMISSIONS] Unknown role requested: i
[PERMISSIONS] Unknown role requested: i
[PERMISSIONS] Unknown role requested: i
[PERMISSIONS] Unknown role requested:  
[PERMISSIONS] Unknown role requested:  
[PERMISSIONS] Unknown role requested:  
[PERMISSIONS] Unknown role requested:  
[PERMISSIONS] Unknown role requested:  
[PERMISSIONS] Unknown role requested:  
[PERMISSIONS] Unknown role requested:  
[PERMISSIONS] Unknown role requested:  
[PERMISSIONS] Unknown role requested:  
[PERMISSIONS] Unknown role requested:  
[PERMISSIONS] Unknown role requested: %o
[PERMISSIONS] Unknown role requested: %o
[PERMISSIONS] Unknown role requested: %o
[PERMISSIONS] Unknown role requested: %o
[PERMISSIONS] Unknown role requested: %o
[PERMISSIONS] Unknown role requested: %o
[PERMISSIONS] Unknown role requested: %o
[PERMISSIONS] Unknown role requested: %o
[PERMISSIONS] Unknown role requested: %o
[PERMISSIONS] Unknown role requested: %o
[PERMISSIONS] Unknown role requested: 'kjx6F?[39&i
[PERMISSIONS] Unknown role requested: 'kjx6F?[39&i
[PERMISSIONS] Unknown role requested: 'kjx6F?[39&i
[PERMISSIONS] Unknown role requested: 'kjx6F?[39&i
[PERMISSIONS] Unknown role requested: 'kjx6F?[39&i
[PERMISSIONS] Unknown role requested: 'kjx6F?[39&i
[PERMISSIONS] Unknown role requested: 'kjx6F?[39&i
[PERMISSIONS] Unknown role requested: 'kjx6F?[39&i
[PERMISSIONS] Unknown role requested: 'kjx6F?[39&i
[PERMISSIONS] Unknown role requested: 'kjx6F?[39&i
[PERMISSIONS] Unknown role requested: +  
[PERMISSIONS] Unknown role requested: +  
[PERMISSIONS] Unknown role requested: +  
[PERMISSIONS] Unknown role requested: +  
[PERMISSIONS] Unknown role requested: +  
[PERMISSIONS] Unknown role requested: +  
[PERMISSIONS] Unknown role requested: +  
[PERMISSIONS] Unknown role requested: +  
[PERMISSIONS] Unknown role requested: +  
[PERMISSIONS] Unknown role requested: +  
[PERMISSIONS] Unknown role requested: l=bC}|
[PERMISSIONS] Unknown role requested: l=bC}|
[PERMISSIONS] Unknown role requested: l=bC}|
[PERMISSIONS] Unknown role requested: l=bC}|
[PERMISSIONS] Unknown role requested: l=bC}|
[PERMISSIONS] Unknown role requested: l=bC}|
[PERMISSIONS] Unknown role requested: l=bC}|
[PERMISSIONS] Unknown role requested: l=bC}|
[PERMISSIONS] Unknown role requested: l=bC}|
[PERMISSIONS] Unknown role requested: l=bC}|
[PERMISSIONS] Unknown role requested: iKc
[PERMISSIONS] Unknown role requested: iKc
[PERMISSIONS] Unknown role requested: iKc
[PERMISSIONS] Unknown role requested: iKc
[PERMISSIONS] Unknown role requested: iKc
[PERMISSIONS] Unknown role requested: iKc
[PERMISSIONS] Unknown role requested: iKc
[PERMISSIONS] Unknown role requested: iKc
[PERMISSIONS] Unknown role requested: iKc
[PERMISSIONS] Unknown role requested: iKc
[PERMISSIONS] Unknown role requested: k=4P
[PERMISSIONS] Unknown role requested: k=4P
[PERMISSIONS] Unknown role requested: k=4P
[PERMISSIONS] Unknown role requested: k=4P
[PERMISSIONS] Unknown role requested: k=4P
[PERMISSIONS] Unknown role requested: k=4P
[PERMISSIONS] Unknown role requested: k=4P
[PERMISSIONS] Unknown role requested: k=4P
[PERMISSIONS] Unknown role requested: k=4P
[PERMISSIONS] Unknown role requested: k=4P
[PERMISSIONS] Unknown role requested: qFS|?3H
[PERMISSIONS] Unknown role requested: qFS|?3H
[PERMISSIONS] Unknown role requested: qFS|?3H
[PERMISSIONS] Unknown role requested: qFS|?3H
[PERMISSIONS] Unknown role requested: qFS|?3H
[PERMISSIONS] Unknown role requested: qFS|?3H
[PERMISSIONS] Unknown role requested: qFS|?3H
[PERMISSIONS] Unknown role requested: qFS|?3H
[PERMISSIONS] Unknown role requested: qFS|?3H
[PERMISSIONS] Unknown role requested: qFS|?3H
[PERMISSIONS] Unknown role requested: K`'BKY)
[PERMISSIONS] Unknown role requested: K`'BKY)
[PERMISSIONS] Unknown role requested: K`'BKY)
[PERMISSIONS] Unknown role requested: K`'BKY)
[PERMISSIONS] Unknown role requested: K`'BKY)
[PERMISSIONS] Unknown role requested: K`'BKY)
[PERMISSIONS] Unknown role requested: K`'BKY)
[PERMISSIONS] Unknown role requested: K`'BKY)
[PERMISSIONS] Unknown role requested: K`'BKY)
[PERMISSIONS] Unknown role requested: K`'BKY)
[PERMISSIONS] Unknown role requested: 8{Mjt
[PERMISSIONS] Unknown role requested: 8{Mjt
[PERMISSIONS] Unknown role requested: 8{Mjt
[PERMISSIONS] Unknown role requested: 8{Mjt
[PERMISSIONS] Unknown role requested: 8{Mjt
[PERMISSIONS] Unknown role requested: 8{Mjt
[PERMISSIONS] Unknown role requested: 8{Mjt
[PERMISSIONS] Unknown role requested: 8{Mjt
[PERMISSIONS] Unknown role requested: 8{Mjt
[PERMISSIONS] Unknown role requested: 8{Mjt
[PERMISSIONS] Unknown role requested: VlyW5_|v37
[PERMISSIONS] Unknown role requested: VlyW5_|v37
[PERMISSIONS] Unknown role requested: VlyW5_|v37
[PERMISSIONS] Unknown role requested: VlyW5_|v37
[PERMISSIONS] Unknown role requested: VlyW5_|v37
[PERMISSIONS] Unknown role requested: VlyW5_|v37
[PERMISSIONS] Unknown role requested: VlyW5_|v37
[PERMISSIONS] Unknown role requested: VlyW5_|v37
[PERMISSIONS] Unknown role requested: VlyW5_|v37
[PERMISSIONS] Unknown role requested: VlyW5_|v37
[PERMISSIONS] Unknown role requested: RsL_e
[PERMISSIONS] Unknown role requested: RsL_e
[PERMISSIONS] Unknown role requested: RsL_e
[PERMISSIONS] Unknown role requested: RsL_e
[PERMISSIONS] Unknown role requested: RsL_e
[PERMISSIONS] Unknown role requested: RsL_e
[PERMISSIONS] Unknown role requested: RsL_e
[PERMISSIONS] Unknown role requested: RsL_e
[PERMISSIONS] Unknown role requested: RsL_e
[PERMISSIONS] Unknown role requested: RsL_e
[PERMISSIONS] Unknown role requested: ha
[PERMISSIONS] Unknown role requested: ha
[PERMISSIONS] Unknown role requested: ha
[PERMISSIONS] Unknown role requested: ha
[PERMISSIONS] Unknown role requested: ha
[PERMISSIONS] Unknown role requested: ha
[PERMISSIONS] Unknown role requested: ha
[PERMISSIONS] Unknown role requested: ha
[PERMISSIONS] Unknown role requested: ha
[PERMISSIONS] Unknown role requested: ha
[PERMISSIONS] Unknown role requested: Xuo
[PERMISSIONS] Unknown role requested: Xuo
[PERMISSIONS] Unknown role requested: Xuo
[PERMISSIONS] Unknown role requested: Xuo
[PERMISSIONS] Unknown role requested: Xuo
[PERMISSIONS] Unknown role requested: Xuo
[PERMISSIONS] Unknown role requested: Xuo
[PERMISSIONS] Unknown role requested: Xuo
[PERMISSIONS] Unknown role requested: Xuo
[PERMISSIONS] Unknown role requested: Xuo
[PERMISSIONS] Unknown role requested: b#jGu@#=-
[PERMISSIONS] Unknown role requested: b#jGu@#=-
[PERMISSIONS] Unknown role requested: b#jGu@#=-
[PERMISSIONS] Unknown role requested: b#jGu@#=-
[PERMISSIONS] Unknown role requested: b#jGu@#=-
[PERMISSIONS] Unknown role requested: b#jGu@#=-
[PERMISSIONS] Unknown role requested: b#jGu@#=-
[PERMISSIONS] Unknown role requested: b#jGu@#=-
[PERMISSIONS] Unknown role requested: b#jGu@#=-
[PERMISSIONS] Unknown role requested: b#jGu@#=-
[PERMISSIONS] Unknown role requested: :D0
[PERMISSIONS] Unknown role requested: :D0
[PERMISSIONS] Unknown role requested: :D0
[PERMISSIONS] Unknown role requested: :D0
[PERMISSIONS] Unknown role requested: :D0
[PERMISSIONS] Unknown role requested: :D0
[PERMISSIONS] Unknown role requested: :D0
[PERMISSIONS] Unknown role requested: :D0
[PERMISSIONS] Unknown role requested: :D0
[PERMISSIONS] Unknown role requested: :D0
[PERMISSIONS] Unknown role requested: =&
[PERMISSIONS] Unknown role requested: =&
[PERMISSIONS] Unknown role requested: =&
[PERMISSIONS] Unknown role requested: =&
[PERMISSIONS] Unknown role requested: =&
[PERMISSIONS] Unknown role requested: =&
[PERMISSIONS] Unknown role requested: =&
[PERMISSIONS] Unknown role requested: =&
[PERMISSIONS] Unknown role requested: =&
[PERMISSIONS] Unknown role requested: =&
[PERMISSIONS] Unknown role requested: FMg
[PERMISSIONS] Unknown role requested: FMg
[PERMISSIONS] Unknown role requested: FMg
[PERMISSIONS] Unknown role requested: FMg
[PERMISSIONS] Unknown role requested: FMg
[PERMISSIONS] Unknown role requested: FMg
[PERMISSIONS] Unknown role requested: FMg
[PERMISSIONS] Unknown role requested: FMg
[PERMISSIONS] Unknown role requested: FMg
[PERMISSIONS] Unknown role requested: FMg
[PERMISSIONS] Unknown role requested: dD|i
[PERMISSIONS] Unknown role requested: dD|i
[PERMISSIONS] Unknown role requested: dD|i
[PERMISSIONS] Unknown role requested: dD|i
[PERMISSIONS] Unknown role requested: dD|i
[PERMISSIONS] Unknown role requested: dD|i
[PERMISSIONS] Unknown role requested: dD|i
[PERMISSIONS] Unknown role requested: dD|i
[PERMISSIONS] Unknown role requested: dD|i
[PERMISSIONS] Unknown role requested: dD|i
[PERMISSIONS] Unknown role requested: z!]
[PERMISSIONS] Unknown role requested: z!]
[PERMISSIONS] Unknown role requested: z!]
[PERMISSIONS] Unknown role requested: z!]
[PERMISSIONS] Unknown role requested: z!]
[PERMISSIONS] Unknown role requested: z!]
[PERMISSIONS] Unknown role requested: z!]
[PERMISSIONS] Unknown role requested: z!]
[PERMISSIONS] Unknown role requested: z!]
[PERMISSIONS] Unknown role requested: z!]
[PERMISSIONS] Unknown role requested: ,toStringapp
[PERMISSIONS] Unknown role requested: ,toStringapp
[PERMISSIONS] Unknown role requested: ,toStringapp
[PERMISSIONS] Unknown role requested: ,toStringapp
[PERMISSIONS] Unknown role requested: ,toStringapp
[PERMISSIONS] Unknown role requested: ,toStringapp
[PERMISSIONS] Unknown role requested: ,toStringapp
[PERMISSIONS] Unknown role requested: ,toStringapp
[PERMISSIONS] Unknown role requested: ,toStringapp
[PERMISSIONS] Unknown role requested: ,toStringapp
[PERMISSIONS] Unknown role requested: n7,:G7"
[PERMISSIONS] Unknown role requested: n7,:G7"
[PERMISSIONS] Unknown role requested: n7,:G7"
[PERMISSIONS] Unknown role requested: n7,:G7"
[PERMISSIONS] Unknown role requested: n7,:G7"
[PERMISSIONS] Unknown role requested: n7,:G7"
[PERMISSIONS] Unknown role requested: n7,:G7"
[PERMISSIONS] Unknown role requested: n7,:G7"
[PERMISSIONS] Unknown role requested: n7,:G7"
[PERMISSIONS] Unknown role requested: n7,:G7"
[PERMISSIONS] Unknown role requested: )s
[PERMISSIONS] Unknown role requested: )s
[PERMISSIONS] Unknown role requested: )s
[PERMISSIONS] Unknown role requested: )s
[PERMISSIONS] Unknown role requested: )s
[PERMISSIONS] Unknown role requested: )s
[PERMISSIONS] Unknown role requested: )s
[PERMISSIONS] Unknown role requested: )s
[PERMISSIONS] Unknown role requested: )s
[PERMISSIONS] Unknown role requested: )s
[PERMISSIONS] Unknown role requested: X>hgcDAGg4^G
[PERMISSIONS] Unknown role requested: X>hgcDAGg4^G
[PERMISSIONS] Unknown role requested: X>hgcDAGg4^G
[PERMISSIONS] Unknown role requested: X>hgcDAGg4^G
[PERMISSIONS] Unknown role requested: X>hgcDAGg4^G
[PERMISSIONS] Unknown role requested: X>hgcDAGg4^G
[PERMISSIONS] Unknown role requested: X>hgcDAGg4^G
[PERMISSIONS] Unknown role requested: X>hgcDAGg4^G
[PERMISSIONS] Unknown role requested: X>hgcDAGg4^G
[PERMISSIONS] Unknown role requested: X>hgcDAGg4^G
[PERMISSIONS] Unknown role requested: `/
[PERMISSIONS] Unknown role requested: `/
[PERMISSIONS] Unknown role requested: `/
[PERMISSIONS] Unknown role requested: `/
[PERMISSIONS] Unknown role requested: `/
[PERMISSIONS] Unknown role requested: `/
[PERMISSIONS] Unknown role requested: `/
[PERMISSIONS] Unknown role requested: `/
[PERMISSIONS] Unknown role requested: `/
[PERMISSIONS] Unknown role requested: `/
[PERMISSIONS] Unknown role requested: pG
[PERMISSIONS] Unknown role requested: pG
[PERMISSIONS] Unknown role requested: pG
[PERMISSIONS] Unknown role requested: pG
[PERMISSIONS] Unknown role requested: pG
[PERMISSIONS] Unknown role requested: pG
[PERMISSIONS] Unknown role requested: pG
[PERMISSIONS] Unknown role requested: pG
[PERMISSIONS] Unknown role requested: pG
[PERMISSIONS] Unknown role requested: pG
[PERMISSIONS] Unknown role requested: `fG3_B~giKO
[PERMISSIONS] Unknown role requested: `fG3_B~giKO
[PERMISSIONS] Unknown role requested: `fG3_B~giKO
[PERMISSIONS] Unknown role requested: `fG3_B~giKO
[PERMISSIONS] Unknown role requested: `fG3_B~giKO
[PERMISSIONS] Unknown role requested: `fG3_B~giKO
[PERMISSIONS] Unknown role requested: `fG3_B~giKO
[PERMISSIONS] Unknown role requested: `fG3_B~giKO
[PERMISSIONS] Unknown role requested: `fG3_B~giKO
[PERMISSIONS] Unknown role requested: `fG3_B~giKO
[PERMISSIONS] Unknown role requested: !{a)j4PgJ:M}
[PERMISSIONS] Unknown role requested: !{a)j4PgJ:M}
[PERMISSIONS] Unknown role requested: !{a)j4PgJ:M}
[PERMISSIONS] Unknown role requested: !{a)j4PgJ:M}
[PERMISSIONS] Unknown role requested: !{a)j4PgJ:M}
[PERMISSIONS] Unknown role requested: !{a)j4PgJ:M}
[PERMISSIONS] Unknown role requested: !{a)j4PgJ:M}
[PERMISSIONS] Unknown role requested: !{a)j4PgJ:M}
[PERMISSIONS] Unknown role requested: !{a)j4PgJ:M}
[PERMISSIONS] Unknown role requested: !{a)j4PgJ:M}
[PERMISSIONS] Unknown role requested: vmMz
[PERMISSIONS] Unknown role requested: vmMz
[PERMISSIONS] Unknown role requested: vmMz
[PERMISSIONS] Unknown role requested: vmMz
[PERMISSIONS] Unknown role requested: vmMz
[PERMISSIONS] Unknown role requested: vmMz
[PERMISSIONS] Unknown role requested: vmMz
[PERMISSIONS] Unknown role requested: vmMz
[PERMISSIONS] Unknown role requested: vmMz
[PERMISSIONS] Unknown role requested: vmMz
[PERMISSIONS] Unknown role requested: FbpG|
[PERMISSIONS] Unknown role requested: FbpG|
[PERMISSIONS] Unknown role requested: FbpG|
[PERMISSIONS] Unknown role requested: FbpG|
[PERMISSIONS] Unknown role requested: FbpG|
[PERMISSIONS] Unknown role requested: FbpG|
[PERMISSIONS] Unknown role requested: FbpG|
[PERMISSIONS] Unknown role requested: FbpG|
[PERMISSIONS] Unknown role requested: FbpG|
[PERMISSIONS] Unknown role requested: FbpG|
[PERMISSIONS] Unknown role requested: qpropertyIs
[PERMISSIONS] Unknown role requested: qpropertyIs
[PERMISSIONS] Unknown role requested: qpropertyIs
[PERMISSIONS] Unknown role requested: qpropertyIs
[PERMISSIONS] Unknown role requested: qpropertyIs
[PERMISSIONS] Unknown role requested: qpropertyIs
[PERMISSIONS] Unknown role requested: qpropertyIs
[PERMISSIONS] Unknown role requested: qpropertyIs
[PERMISSIONS] Unknown role requested: qpropertyIs
[PERMISSIONS] Unknown role requested: qpropertyIs
[PERMISSIONS] Unknown role requested: ,p
[PERMISSIONS] Unknown role requested: ,p
[PERMISSIONS] Unknown role requested: ,p
[PERMISSIONS] Unknown role requested: ,p
[PERMISSIONS] Unknown role requested: ,p
[PERMISSIONS] Unknown role requested: ,p
[PERMISSIONS] Unknown role requested: ,p
[PERMISSIONS] Unknown role requested: ,p
[PERMISSIONS] Unknown role requested: ,p
[PERMISSIONS] Unknown role requested: ,p
[PERMISSIONS] Unknown role requested: p0
[PERMISSIONS] Unknown role requested: p0
[PERMISSIONS] Unknown role requested: p0
[PERMISSIONS] Unknown role requested: p0
[PERMISSIONS] Unknown role requested: p0
[PERMISSIONS] Unknown role requested: p0
[PERMISSIONS] Unknown role requested: p0
[PERMISSIONS] Unknown role requested: p0
[PERMISSIONS] Unknown role requested: p0
[PERMISSIONS] Unknown role requested: p0
[PERMISSIONS] Unknown role requested: ,i$ca[>?+4'
[PERMISSIONS] Unknown role requested: ,i$ca[>?+4'
[PERMISSIONS] Unknown role requested: ,i$ca[>?+4'
[PERMISSIONS] Unknown role requested: ,i$ca[>?+4'
[PERMISSIONS] Unknown role requested: ,i$ca[>?+4'
[PERMISSIONS] Unknown role requested: ,i$ca[>?+4'
[PERMISSIONS] Unknown role requested: ,i$ca[>?+4'
[PERMISSIONS] Unknown role requested: ,i$ca[>?+4'
[PERMISSIONS] Unknown role requested: ,i$ca[>?+4'
[PERMISSIONS] Unknown role requested: ,i$ca[>?+4'
[PERMISSIONS] Unknown role requested: v|IRR
[PERMISSIONS] Unknown role requested: v|IRR
[PERMISSIONS] Unknown role requested: v|IRR
[PERMISSIONS] Unknown role requested: v|IRR
[PERMISSIONS] Unknown role requested: v|IRR
[PERMISSIONS] Unknown role requested: v|IRR
[PERMISSIONS] Unknown role requested: v|IRR
[PERMISSIONS] Unknown role requested: v|IRR
[PERMISSIONS] Unknown role requested: v|IRR
[PERMISSIONS] Unknown role requested: v|IRR
[PERMISSIONS] Unknown role requested: kh6TNL5\/g\
[PERMISSIONS] Unknown role requested: kh6TNL5\/g\
[PERMISSIONS] Unknown role requested: kh6TNL5\/g\
[PERMISSIONS] Unknown role requested: kh6TNL5\/g\
[PERMISSIONS] Unknown role requested: kh6TNL5\/g\
[PERMISSIONS] Unknown role requested: kh6TNL5\/g\
[PERMISSIONS] Unknown role requested: kh6TNL5\/g\
[PERMISSIONS] Unknown role requested: kh6TNL5\/g\
[PERMISSIONS] Unknown role requested: kh6TNL5\/g\
[PERMISSIONS] Unknown role requested: kh6TNL5\/g\
[PERMISSIONS] Unknown role requested: :R?$|x>gJu<G
[PERMISSIONS] Unknown role requested: :R?$|x>gJu<G
[PERMISSIONS] Unknown role requested: :R?$|x>gJu<G
[PERMISSIONS] Unknown role requested: :R?$|x>gJu<G
[PERMISSIONS] Unknown role requested: :R?$|x>gJu<G
[PERMISSIONS] Unknown role requested: :R?$|x>gJu<G
[PERMISSIONS] Unknown role requested: :R?$|x>gJu<G
[PERMISSIONS] Unknown role requested: :R?$|x>gJu<G
[PERMISSIONS] Unknown role requested: :R?$|x>gJu<G
[PERMISSIONS] Unknown role requested: :R?$|x>gJu<G
[PERMISSIONS] Unknown role requested: {nqj
[PERMISSIONS] Unknown role requested: {nqj
[PERMISSIONS] Unknown role requested: {nqj
[PERMISSIONS] Unknown role requested: {nqj
[PERMISSIONS] Unknown role requested: {nqj
[PERMISSIONS] Unknown role requested: {nqj
[PERMISSIONS] Unknown role requested: {nqj
[PERMISSIONS] Unknown role requested: {nqj
[PERMISSIONS] Unknown role requested: {nqj
[PERMISSIONS] Unknown role requested: {nqj
[PERMISSIONS] Unknown role requested: d~4-s$CJ!.sT
[PERMISSIONS] Unknown role requested: d~4-s$CJ!.sT
[PERMISSIONS] Unknown role requested: d~4-s$CJ!.sT
[PERMISSIONS] Unknown role requested: d~4-s$CJ!.sT
[PERMISSIONS] Unknown role requested: d~4-s$CJ!.sT
[PERMISSIONS] Unknown role requested: d~4-s$CJ!.sT
[PERMISSIONS] Unknown role requested: d~4-s$CJ!.sT
[PERMISSIONS] Unknown role requested: d~4-s$CJ!.sT
[PERMISSIONS] Unknown role requested: d~4-s$CJ!.sT
[PERMISSIONS] Unknown role requested: d~4-s$CJ!.sT
[PERMISSIONS] Unknown role requested: Ry~_
[PERMISSIONS] Unknown role requested: Ry~_
[PERMISSIONS] Unknown role requested: Ry~_
[PERMISSIONS] Unknown role requested: Ry~_
[PERMISSIONS] Unknown role requested: Ry~_
[PERMISSIONS] Unknown role requested: Ry~_
[PERMISSIONS] Unknown role requested: Ry~_
[PERMISSIONS] Unknown role requested: Ry~_
[PERMISSIONS] Unknown role requested: Ry~_
[PERMISSIONS] Unknown role requested: Ry~_
[PERMISSIONS] Unknown role requested: Cw
[PERMISSIONS] Unknown role requested: Cw
[PERMISSIONS] Unknown role requested: Cw
[PERMISSIONS] Unknown role requested: Cw
[PERMISSIONS] Unknown role requested: Cw
[PERMISSIONS] Unknown role requested: Cw
[PERMISSIONS] Unknown role requested: Cw
[PERMISSIONS] Unknown role requested: Cw
[PERMISSIONS] Unknown role requested: Cw
[PERMISSIONS] Unknown role requested: Cw
[PERMISSIONS] Unknown role requested: w!y1*q&!S&d
[PERMISSIONS] Unknown role requested: w!y1*q&!S&d
[PERMISSIONS] Unknown role requested: w!y1*q&!S&d
[PERMISSIONS] Unknown role requested: w!y1*q&!S&d
[PERMISSIONS] Unknown role requested: w!y1*q&!S&d
[PERMISSIONS] Unknown role requested: w!y1*q&!S&d
[PERMISSIONS] Unknown role requested: w!y1*q&!S&d
[PERMISSIONS] Unknown role requested: w!y1*q&!S&d
[PERMISSIONS] Unknown role requested: w!y1*q&!S&d
[PERMISSIONS] Unknown role requested: w!y1*q&!S&d
[PERMISSIONS] Unknown role requested: "l%,0AG3vDj}
[PERMISSIONS] Unknown role requested: "l%,0AG3vDj}
[PERMISSIONS] Unknown role requested: "l%,0AG3vDj}
[PERMISSIONS] Unknown role requested: "l%,0AG3vDj}
[PERMISSIONS] Unknown role requested: "l%,0AG3vDj}
[PERMISSIONS] Unknown role requested: "l%,0AG3vDj}
[PERMISSIONS] Unknown role requested: "l%,0AG3vDj}
[PERMISSIONS] Unknown role requested: "l%,0AG3vDj}
[PERMISSIONS] Unknown role requested: "l%,0AG3vDj}
[PERMISSIONS] Unknown role requested: "l%,0AG3vDj}
[PERMISSIONS] Unknown role requested: y=
[PERMISSIONS] Unknown role requested: y=
[PERMISSIONS] Unknown role requested: y=
[PERMISSIONS] Unknown role requested: y=
[PERMISSIONS] Unknown role requested: y=
[PERMISSIONS] Unknown role requested: y=
[PERMISSIONS] Unknown role requested: y=
[PERMISSIONS] Unknown role requested: y=
[PERMISSIONS] Unknown role requested: y=
[PERMISSIONS] Unknown role requested: y=
[PERMISSIONS] Unknown role requested: 3Z4b*OlNFVd
[PERMISSIONS] Unknown role requested: 3Z4b*OlNFVd
[PERMISSIONS] Unknown role requested: 3Z4b*OlNFVd
[PERMISSIONS] Unknown role requested: 3Z4b*OlNFVd
[PERMISSIONS] Unknown role requested: 3Z4b*OlNFVd
[PERMISSIONS] Unknown role requested: 3Z4b*OlNFVd
[PERMISSIONS] Unknown role requested: 3Z4b*OlNFVd
[PERMISSIONS] Unknown role requested: 3Z4b*OlNFVd
[PERMISSIONS] Unknown role requested: 3Z4b*OlNFVd
[PERMISSIONS] Unknown role requested: 3Z4b*OlNFVd
[PERMISSIONS] Unknown role requested: (P*7KGRgh\
[PERMISSIONS] Unknown role requested: (P*7KGRgh\
[PERMISSIONS] Unknown role requested: (P*7KGRgh\
[PERMISSIONS] Unknown role requested: (P*7KGRgh\
[PERMISSIONS] Unknown role requested: (P*7KGRgh\
[PERMISSIONS] Unknown role requested: (P*7KGRgh\
[PERMISSIONS] Unknown role requested: (P*7KGRgh\
[PERMISSIONS] Unknown role requested: (P*7KGRgh\
[PERMISSIONS] Unknown role requested: (P*7KGRgh\
[PERMISSIONS] Unknown role requested: (P*7KGRgh\
[PERMISSIONS] Unknown role requested: 1\lhNS6 Wl%g
[PERMISSIONS] Unknown role requested: 1\lhNS6 Wl%g
[PERMISSIONS] Unknown role requested: 1\lhNS6 Wl%g
[PERMISSIONS] Unknown role requested: 1\lhNS6 Wl%g
[PERMISSIONS] Unknown role requested: 1\lhNS6 Wl%g
[PERMISSIONS] Unknown role requested: 1\lhNS6 Wl%g
[PERMISSIONS] Unknown role requested: 1\lhNS6 Wl%g
[PERMISSIONS] Unknown role requested: 1\lhNS6 Wl%g
[PERMISSIONS] Unknown role requested: 1\lhNS6 Wl%g
[PERMISSIONS] Unknown role requested: 1\lhNS6 Wl%g
[PERMISSIONS] Unknown role requested: _X6
[PERMISSIONS] Unknown role requested: _X6
[PERMISSIONS] Unknown role requested: _X6
[PERMISSIONS] Unknown role requested: _X6
[PERMISSIONS] Unknown role requested: _X6
[PERMISSIONS] Unknown role requested: _X6
[PERMISSIONS] Unknown role requested: _X6
[PERMISSIONS] Unknown role requested: _X6
[PERMISSIONS] Unknown role requested: _X6
[PERMISSIONS] Unknown role requested: _X6
[PERMISSIONS] Unknown role requested: 8n&3belMWnS
[PERMISSIONS] Unknown role requested: 8n&3belMWnS
[PERMISSIONS] Unknown role requested: 8n&3belMWnS
[PERMISSIONS] Unknown role requested: 8n&3belMWnS
[PERMISSIONS] Unknown role requested: 8n&3belMWnS
[PERMISSIONS] Unknown role requested: 8n&3belMWnS
[PERMISSIONS] Unknown role requested: 8n&3belMWnS
[PERMISSIONS] Unknown role requested: 8n&3belMWnS
[PERMISSIONS] Unknown role requested: 8n&3belMWnS
[PERMISSIONS] Unknown role requested: 8n&3belMWnS
[PERMISSIONS] Unknown role requested: ?/yQ
[PERMISSIONS] Unknown role requested: ?/yQ
[PERMISSIONS] Unknown role requested: ?/yQ
[PERMISSIONS] Unknown role requested: ?/yQ
[PERMISSIONS] Unknown role requested: ?/yQ
[PERMISSIONS] Unknown role requested: ?/yQ
[PERMISSIONS] Unknown role requested: ?/yQ
[PERMISSIONS] Unknown role requested: ?/yQ
[PERMISSIONS] Unknown role requested: ?/yQ
[PERMISSIONS] Unknown role requested: ?/yQ
[PERMISSIONS] Unknown role requested: IO;@t
[PERMISSIONS] Unknown role requested: IO;@t
[PERMISSIONS] Unknown role requested: IO;@t
[PERMISSIONS] Unknown role requested: IO;@t
[PERMISSIONS] Unknown role requested: IO;@t
[PERMISSIONS] Unknown role requested: IO;@t
[PERMISSIONS] Unknown role requested: IO;@t
[PERMISSIONS] Unknown role requested: IO;@t
[PERMISSIONS] Unknown role requested: IO;@t
[PERMISSIONS] Unknown role requested: IO;@t
[PERMISSIONS] Unknown role requested: Ol@0\0EW@$G~
[PERMISSIONS] Unknown role requested: Ol@0\0EW@$G~
[PERMISSIONS] Unknown role requested: Ol@0\0EW@$G~
[PERMISSIONS] Unknown role requested: Ol@0\0EW@$G~
[PERMISSIONS] Unknown role requested: Ol@0\0EW@$G~
[PERMISSIONS] Unknown role requested: Ol@0\0EW@$G~
[PERMISSIONS] Unknown role requested: Ol@0\0EW@$G~
[PERMISSIONS] Unknown role requested: Ol@0\0EW@$G~
[PERMISSIONS] Unknown role requested: Ol@0\0EW@$G~
[PERMISSIONS] Unknown role requested: Ol@0\0EW@$G~
[PERMISSIONS] Unknown role requested: Nn#jz6Bys7W
[PERMISSIONS] Unknown role requested: Nn#jz6Bys7W
[PERMISSIONS] Unknown role requested: Nn#jz6Bys7W
[PERMISSIONS] Unknown role requested: Nn#jz6Bys7W
[PERMISSIONS] Unknown role requested: Nn#jz6Bys7W
[PERMISSIONS] Unknown role requested: Nn#jz6Bys7W
[PERMISSIONS] Unknown role requested: Nn#jz6Bys7W
[PERMISSIONS] Unknown role requested: Nn#jz6Bys7W
[PERMISSIONS] Unknown role requested: Nn#jz6Bys7W
[PERMISSIONS] Unknown role requested: Nn#jz6Bys7W
[PERMISSIONS] Unknown role requested: {mH&#yref
[PERMISSIONS] Unknown role requested: {mH&#yref
[PERMISSIONS] Unknown role requested: {mH&#yref
[PERMISSIONS] Unknown role requested: {mH&#yref
[PERMISSIONS] Unknown role requested: {mH&#yref
[PERMISSIONS] Unknown role requested: {mH&#yref
[PERMISSIONS] Unknown role requested: {mH&#yref
[PERMISSIONS] Unknown role requested: {mH&#yref
[PERMISSIONS] Unknown role requested: {mH&#yref
[PERMISSIONS] Unknown role requested: {mH&#yref
[PERMISSIONS] Unknown role requested: l8` kT"
[PERMISSIONS] Unknown role requested: l8` kT"
[PERMISSIONS] Unknown role requested: l8` kT"
[PERMISSIONS] Unknown role requested: l8` kT"
[PERMISSIONS] Unknown role requested: l8` kT"
[PERMISSIONS] Unknown role requested: l8` kT"
[PERMISSIONS] Unknown role requested: l8` kT"
[PERMISSIONS] Unknown role requested: l8` kT"
[PERMISSIONS] Unknown role requested: l8` kT"
[PERMISSIONS] Unknown role requested: l8` kT"
[PERMISSIONS] Unknown role requested: f|b
[PERMISSIONS] Unknown role requested: f|b
[PERMISSIONS] Unknown role requested: f|b
[PERMISSIONS] Unknown role requested: f|b
[PERMISSIONS] Unknown role requested: f|b
[PERMISSIONS] Unknown role requested: f|b
[PERMISSIONS] Unknown role requested: f|b
[PERMISSIONS] Unknown role requested: f|b
[PERMISSIONS] Unknown role requested: f|b
[PERMISSIONS] Unknown role requested: f|b
[PERMISSIONS] Unknown role requested: 0C$cD29)I%GE
[PERMISSIONS] Unknown role requested: 0C$cD29)I%GE
[PERMISSIONS] Unknown role requested: 0C$cD29)I%GE
[PERMISSIONS] Unknown role requested: 0C$cD29)I%GE
[PERMISSIONS] Unknown role requested: 0C$cD29)I%GE
[PERMISSIONS] Unknown role requested: 0C$cD29)I%GE
[PERMISSIONS] Unknown role requested: 0C$cD29)I%GE
[PERMISSIONS] Unknown role requested: 0C$cD29)I%GE
[PERMISSIONS] Unknown role requested: 0C$cD29)I%GE
[PERMISSIONS] Unknown role requested: 0C$cD29)I%GE

[90mstderr[2m | tests/property/jsonResponses.property.test.ts[2m > [22m[2mFeature: 
bun-vercel-runtime-forensics, Property 2: API Responses Are Always JSON[2m > 
[22m[2mProperty: handleError always returns JSON for unhandled exceptions (Requirement 
4.5)[2m > [22m[2mshould set Content-Type: application/json header for any exception
[22m[39m[test] Error: X:}W!^iyi
[test] Error: service unavailable
[test] Error: timeout
[test] Error: $#
[test] Error: timeout
[test] Error: unauthorized
[test] Error: service unavailable
[test] Error: ref
[test] Error: U
[test] Error: too many requests
[test] Error: J? _N
[test] Error: service unavailable
[test] Error: validation error
[test] Error: 6A*Wr6
[test] Error: -K!W&{PyM
[test] Error: Unknown error
[test] Error: Unauthorized access
[test] Error: ('
[test] Error: A
[test] Error: <C}K\,1U7
[test] Error: validation error
[test] Error: Resource not found
[test] Error: xxh?q
[test] Error: v@xx$Ozh]2%v
[test] Error: Unauthorized access
[test] Error: c^_{Q0
[test] Error: Resource not found
[test] Error: vp?P
[test] Error: valueOf
[test] Error: Invalid input
[test] Error: Unknown error
[test] Error: service unavailable
[test] Error: m.
[test] Error: +#{$?%u,4*6g
[test] Error: e5)R'U
[test] Error: permission denied
[test] Error: service unavailable
[test] Error: validation error
[test] Error: c
[test] Error: constructor
[test] Error: A
[test] Error: Invalid input
[test] Error: service unavailable
[test] Error: &s
[test] Error: Database connection failed
[test] Error: /w5b5
[test] Error: not found
[test] Error: Resource not found
[test] Error: too many requests
[test] Error: Invalid input
[test] Error: timeout
[test] Error: Resource not found
[test] Error: Invalid input
[test] Error: Unknown error
[test] Error:  4[-%#
[test] Error: Database connection failed
[test] Error: ,hzh&U6zhR's
[test] Error: fgX:9_0o" P
[test] Error: gC/@am
[test] Error: Database connection failed
[test] Error: Unauthorized access
[test] Error: 535kOGABi~D
[test] Error: unauthorized
[test] Error: Unknown error
[test] Error: xJ q$nmRU[
[test] Error: ]IO#5E4r^`
[test] Error: Lfw@a$
[test] Error: pN>Ao6S|.>Ga
[test] Error: validation error
[test] Error: rq@@7&L)M[
[test] Error: %6{|sG
[test] Error: EQ(.-1Ivp@7
[test] Error: service unavailable
[test] Error: too many requests
[test] Error: `S]8A_
[test] Error: Database connection failed
[test] Error: Resource not found
[test] Error: oNH}
[test] Error: z
[test] Error: __l
[test] Error: timeout
[test] Error: apply
[test] Error: rate limit exceeded
[test] Error: permission denied
[test] Error: [F
[test] Error: V4n1S5/Y*t3
[test] Error: #7'*4!6xJ&b3
[test] Error: timeout
[test] Error: sHv06I50'J>+
[test] Error: not found
[test] Error: permission denied
[test] Error: Database connection failed
[test] Error: f<
[test] Error: G;a<0wzC
[test] Error: validation error
[test] Error: %5b
[test] Error: &X~|
[test] Error: Unauthorized access
[test] Error: 9
[test] Error: V::sXUwnh

[90mstderr[2m | tests/property/jsonResponses.property.test.ts[2m > [22m[2mFeature: 
bun-vercel-runtime-forensics, Property 2: API Responses Are Always JSON[2m > 
[22m[2mProperty: handleError always returns JSON for unhandled exceptions (Requirement 
4.5)[2m > [22m[2mshould return valid JSON body for any exception
[22m[39m[test] Error: zz|c# &:%
[test] Error: p
[test] Error: $"
[test] Error: rate limit exceeded
[test] Error: _define
[test] Error: qsn
[test] Error: 4y9M%rB
[test] Error: Unknown error
[test] Error: ;"}u
[test] Error: rate limit exceeded
[test] Error: Access denied
[test] Error: Resource not found
[test] Error: too many requests
[test] Error: 8SR]^
[test] Error: forbidden
[test] Error: .DgA`O9
[test] Error: m4{
[test] Error: Unauthorized access
[test] Error: hJlYC6'6|| @
[test] Error: Unauthorized access
[test] Error: not found
[test] Error: r5
[test] Error: permission denied
[test] Error: Unknown error
[test] Error: r7!w
[test] Error: service unavailable
[test] Error: too many requests
[test] Error: qdO<lBsD
[test] Error: not found
[test] Error: Invalid input
[test] Error: T
[test] Error: 4U_d?7YV
[test] Error: not found
[test] Error: Px]eco@\:<
[test] Error: b
[test] Error: Unknown error
[test] Error: Unknown error
[test] Error: unauthorized
[test] Error: Database connection failed
[test] Error: service unavailable
[test] Error: Resource not found
[test] Error: forbidden
[test] Error: 0RL3y
[test] Error: O
[test] Error: Access denied
[test] Error: Resource not found
[test] Error: c;=(![&BH&m
[test] Error: Unknown error
[test] Error: ?dPoI^
[test] Error: rate limit exceeded
[test] Error: forbidden
[test] Error: unauthorized
[test] Error: validation error
[test] Error: rate limit exceeded
[test] Error: \4FR7C+Jy'
[test] Error: not found
[test] Error: Invalid input
[test] Error: $R+RrI
[test] Error: validation error
[test] Error: <4c0]`<
[test] Error: ggagi
[test] Error: #(:]#z"E/R'
[test] Error: Yo}J
[test] Error: forbidden
[test] Error: Invalid input
[test] Error: w!PFpOEGue
[test] Error: f#&!F# ' RA{
[test] Error: $Qg\)'x]
[test] Error: gS>
[test] Error: wh,|k
[test] Error: unauthorized
[test] Error: `wM>t@U 
[test] Error: &7Yc_
[test] Error: Unauthorized access
[test] Error: +[
[test] Error: Resource not found
[test] Error: Database connection failed
[test] Error: service unavailable
[test] Error: unauthorized
[test] Error: Access denied
[test] Error: *
[test] Error: {ref%)}Obi
[test] Error: EY[UCRm4Mf
[test] Error: ,P'Q3fim
[test] Error: }4
[test] Error: iDjW5cWI
[test] Error: forbidden
[test] Error: too many requests
[test] Error: permission denied
[test] Error: ,MC_
[test] Error: n
[test] Error: nZ}\E
[test] Error: Unauthorized access
[test] Error: Unknown error
[test] Error: unauthorized
[test] Error: validation error
[test] Error: Unauthorized access
[test] Error: ;`uIr0jB'6|*
[test] Error: %aleStr
[test] Error: yFL

[90mstderr[2m | tests/property/jsonResponses.property.test.ts[2m > [22m[2mFeature: 
bun-vercel-runtime-forensics, Property 2: API Responses Are Always JSON[2m > 
[22m[2mProperty: handleError always returns JSON for unhandled exceptions (Requirement 
4.5)[2m > [22m[2mshould return response matching ErrorResponse format for any exception
[22m[39m[test] Error: timeout
[test] Error: Unknown error
[test] Error: validation error
[test] Error: Invalid input
[test] Error: X n}eykey}
[test] Error: Invalid input
[test] Error: #]umk}
[test] Error: Database connection failed
[test] Error: Database connection failed
[test] Error: Invalid input
[test] Error: !} /P#{d)L
[test] Error: +s
[test] Error: fA
[test] Error: Unknown error
[test] Error: ! 5`0
[test] Error: hlKk<MMG#IH
[test] Error: QSK:eUIKZv2V
[test] Error: [!0v
[test] Error: {&b"7t{KQ/
[test] Error: Database connection failed
[test] Error: +H
[test] Error: Unknown error
[test] Error: timeout
[test] Error: Unauthorized access
[test] Error: Unknown error
[test] Error: [t?}vSZk
[test] Error: not found
[test] Error: Invalid input
[test] Error: F_%z)7,CG
[test] Error: Resource not found
[test] Error: not found
[test] Error: !xuL
[test] Error: unauthorized
[test] Error: ~w
[test] Error: Resource not found
[test] Error: forbidden
[test] Error: )OJuaN$l
[test] Error: a_s
[test] Error: Invalid input
[test] Error: Access denied
[test] Error: validation error
[test] Error:  argument
[test] Error: service unavailable
[test] Error: permission denied
[test] Error: Qk.fg g1~iUx
[test] Error: Unknown error
[test] Error: Unknown error
[test] Error: Unauthorized access
[test] Error: forbidden
[test] Error: rate limit exceeded
[test] Error: {>
[test] Error: ]ian
[test] Error: forbidden
[test] Error: forbidden
[test] Error: $#i x#
[test] Error: unauthorized
[test] Error: 1
[test] Error: Y-U5
[test] Error: validation error
[test] Error: ?:Q{
[test] Error: ?b
[test] Error: Unknown error
[test] Error: Invalid input
[test] Error: {}+&
[test] Error: service unavailable
[test] Error: Unknown error
[test] Error: too many requests
[test] Error: ;[8En['/uB!
[test] Error: Resource not found
[test] Error: P^cRx>&Sp=
[test] Error: Unauthorized access
[test] Error: too many requests
[test] Error: Invalid input
[test] Error: p
[test] Error: rate limit exceeded
[test] Error: too many requests
[test] Error: %<g])wJKZQH*
[test] Error: ref
[test] Error: Unknown error
[test] Error: 7`I)y[PHONE]J3e
[test] Error: ((} R#6
[test] Error: Invalid input
[test] Error: rate limit exceeded
[test] Error: $"A(!dzK25ft
[test] Error: not found
[test] Error: unauthorized
[test] Error: &6"Xr
[test] Error: Unknown error
[test] Error: O('ok
[test] Error: E'3e+}
[test] Error: timeout
[test] Error: validation error
[test] Error: B^F%,bS~',
[test] Error: hM&MU
[test] Error: "%
[test] Error: permission denied
[test] Error: *kp~wLusq}3K
[test] Error: timeout
[test] Error: !f$to
[test] Error: b~f

[90mstderr[2m | tests/property/jsonResponses.property.test.ts[2m > [22m[2mFeature: 
bun-vercel-runtime-forensics, Property 2: API Responses Are Always JSON[2m > 
[22m[2mProperty: handleError always returns JSON for unhandled exceptions (Requirement 
4.5)[2m > [22m[2mshould never return HTML for any exception
[22m[39m[test] Error: |`.
[test] Error: GI_G7
[test] Error: K(e
[test] Error: )$
[test] Error: prot
[test] Error: rate limit exceeded
[test] Error: Database connection failed
[test] Error: not found
[test] Error: "
[test] Error: unauthorized
[test] Error: zVc
[test] Error: SJFpjNbEuYs
[test] Error: H#6wDF%h5
[test] Error: permission denied
[test] Error: 3KJj? N%`>F|
[test] Error: (z
[test] Error: too many requests
[test] Error: -x%r
[test] Error: Access denied
[test] Error: }pNDk$3J[w]D
[test] Error: Unknown error
[test] Error: Unknown error
[test] Error: Unknown error
[test] Error: Invalid input
[test] Error: not found
[test] Error: validation error
[test] Error: ]
[test] Error: Resource not found
[test] Error: =/8r%EiSYv@
[test] Error: unauthorized
[test] Error: fi
[test] Error: Access denied
[test] Error: !D%%
[test] Error: Unknown error
[test] Error: permission denied
[test] Error: rate limit exceeded
[test] Error: forbidden
[test] Error: Invalid input
[test] Error: Ec&
[test] Error: F
[test] Error: ">A#p&@ 7}I)
[test] Error: Unknown error
[test] Error: service unavailable
[test] Error: |}6X}S_
[test] Error: |qZR>Ai
[test] Error: validation error
[test] Error: {E
[test] Error: not found
[test] Error: .ECP)8EuD>%o
[test] Error: Database connection failed
[test] Error: +
[test] Error: permission denied
[test] Error: Z3}6
[test] Error: w/=5B8YHt!I
[test] Error: Resource not found
[test] Error: service unavailable
[test] Error: permission denied
[test] Error: Invalid input
[test] Error: I~t
[test] Error: too many requests
[test] Error: 7bin
[test] Error: not found
[test] Error: zTi)N,<e!
[test] Error: gV
[test] Error: CL*
[test] Error: timeout
[test] Error: name
[test] Error: 7@U!wO
[test] Error: Access denied
[test] Error: Invalid input
[test] Error: Database connection failed
[test] Error: j}+&
[test] Error: forbidden
[test] Error: )t%1Mb
[test] Error: validation error
[test] Error: not found
[test] Error: Unknown error
[test] Error: timeout
[test] Error: Unknown error
[test] Error: 4#I
[test] Error: not found
[test] Error: service unavailable
[test] Error: timeout
[test] Error: ^p)m
[test] Error: permission denied
[test] Error: dflX:u8
[test] Error: 12rKP:
[test] Error: too many requests
[test] Error: vE~t!K. 7%
[test] Error: l!
[test] Error: $__look
[test] Error: >nU+SCut8
[test] Error: Resource not found
[test] Error: {H`j
[test] Error: Jsh(FEQf
[test] Error: too many requests
[test] Error: qzA#3IC()2
[test] Error: bI{
[test] Error: Invalid input
[test] Error: unauthorized

[90mstderr[2m | tests/property/jsonResponses.property.test.ts[2m > [22m[2mFeature: 
bun-vercel-runtime-forensics, Property 2: API Responses Are Always JSON[2m > 
[22m[2mProperty: handleError always returns JSON for unhandled exceptions (Requirement 
4.5)[2m > [22m[2mshould handle non-Error objects gracefully
[22m[39m[test] Error: 18
[test] Error: [object Object]
[test] Error: [object Object]
[test] Error: -[PHONE]
[test] Error: -[PHONE]
[test] Error: [object Object]
[test] Error: An error occurred
[test] Error: [object Object]
[test] Error: [object Object]
[test] Error: [object Object]
[test] Error: -[PHONE]
[test] Error: G2j99"
[test] Error: [object Object]
[test] Error: -16
[test] Error: [object Object]
[test] Error: [object Object]
[test] Error: [object Object]
[test] Error: [object Object]
[test] Error: [object Object]
[test] Error: [object Object]
[test] Error: [object Object]
[test] Error: [object Object]
[test] Error: [object Object]
[test] Error: [object Object]
[test] Error: [object Object]
[test] Error: [object Object]
[test] Error: [PHONE]
[test] Error: [object Object]
[test] Error: [object Object]
[test] Error: R$} $%-C%
[test] Error: -[PHONE]
[test] Error: [object Object]
[test] Error: [object Object]
[test] Error: [object Object]
[test] Error: [object Object]
[test] Error: %6:)7%x$@
[test] Error: [object Object]
[test] Error: [object Object]
[test] Error: [object Object]
[test] Error: [object Object]
[test] Error: [object Object]
[test] Error: 9b
[test] Error: N}$;k
[test] Error: [object Object]
[test] Error: [object Object]
[test] Error: \s
[test] Error: [PHONE]
[test] Error: [object Object]
[test] Error: [object Object]
[test] Error: [object Object]
[test] Error: [object Object]
[test] Error: 1y@
[test] Error: [object Object]
[test] Error: [object Object]
[test] Error: [object Object]
[test] Error: [PHONE]
[test] Error: [PHONE]
[test] Error: [object Object]
[test] Error: [object Object]
[test] Error: 15
[test] Error: [object Object]
[test] Error: [object Object]
[test] Error: -[PHONE]
[test] Error: 2hdP
[test] Error: [object Object]
[test] Error: [object Object]
[test] Error: [object Object]
[test] Error: [object Object]
[test] Error: [object Object]
[test] Error: [PHONE]
[test] Error: [object Object]
[test] Error: [object Object]
[test] Error: Xjh
[test] Error: [Z
[test] Error: [object Object]
[test] Error: [PHONE]
[test] Error: -10
[test] Error: [object Object]
[test] Error: [object Object]
[test] Error: ,6)!2
[test] Error: [PHONE]
[test] Error: [object Object]
[test] Error: [object Object]
[test] Error: e}=z,EuC
[test] Error: [object Object]
[test] Error: [object Object]
[test] Error: [object Object]
[test] Error: 13
[test] Error: [PHONE]
[test] Error: -[PHONE]
[test] Error: An error occurred
[test] Error: [PHONE]
[test] Error: [PHONE]
[test] Error: [object Object]
[test] Error: [object Object]
[test] Error: [object Object]
[test] Error: [object Object]
[test] Error: -[PHONE]
[test] Error: [object Object]
[test] Error: [PHONE]

[90mstderr[2m | tests/property/jsonResponses.property.test.ts[2m > [22m[2mFeature: 
bun-vercel-runtime-forensics, Property 2: API Responses Are Always JSON[2m > 
[22m[2mProperty: handleError always returns JSON for unhandled exceptions (Requirement 
4.5)[2m > [22m[2mshould handle null and undefined errors gracefully
[22m[39m[test] Error: null
[test] Error: undefined

[90mstderr[2m | tests/property/jsonResponses.property.test.ts[2m > [22m[2mFeature: 
bun-vercel-runtime-forensics, Property 2: API Responses Are Always JSON[2m > 
[22m[2mProperty: Response format is consistent across all response types[2m > 
[22m[2mshould have consistent structure for handleError responses
[22m[39m[test] Error: forbidden
[test] Error:  h
[test] Error: Access denied
[test] Error: validation error
[test] Error: caller
[test] Error: OKr=kqNv
[test] Error: Access denied
[test] Error: unauthorized
[test] Error: 2[Mq';
[test] Error: L@B"/v^S;[
[test] Error: not found
[test] Error: [re
[test] Error: gsSq
[test] Error: OgX17UN
[test] Error: Resource not found
[test] Error: 12#$~O
[test] Error: Access denied
[test] Error: Access denied
[test] Error: C(q/
[test] Error: rate limit exceeded
[test] Error: not found
[test] Error: BOMYh*~.#
[test] Error: timeout
[test] Error: service unavailable
[test] Error: :28v
[test] Error: ?M?
[test] Error: 8
[test] Error: Invalid input
[test] Error: 4Ug
[test] Error: x&JY
[test] Error: Z\"}
[test] Error: Access denied
[test] Error: ,1zxIpy
[test] Error: unauthorized
[test] Error: unauthorized
[test] Error: W -1RS[S;"j
[test] Error: ,_proueOx
[test] Error: 0!0bZJNkTj!w
[test] Error: permission denied
[test] Error: U3D1{6
[test] Error: Unknown error
[test] Error: not found
[test] Error: Resource not found
[test] Error: Unknown error
[test] Error: permission denied
[test] Error: ~(?QQotfc
[test] Error: rate limit exceeded
[test] Error: M>>LcEX]"U
[test] Error: permission denied
[test] Error: /y".]
[test] Error: X@d|nS1tJ@il
[test] Error: forbidden
[test] Error: Resource not found
[test] Error: #L+39Q'NoUs
[test] Error: Invalid input
[test] Error: rate limit exceeded
[test] Error: Invalid input
[test] Error: !
[test] Error: validation error
[test] Error: Unauthorized access
[test] Error: service unavailable
[test] Error: timeout
[test] Error: 37sl@"KV#
[test] Error: timeout
[test] Error: unauthorized
[test] Error: iF6
[test] Error: >~pG{/>JA{c
[test] Error: Invalid input
[test] Error: =s_))'>
[test] Error: '#%t %}
[test] Error: yI,{
[test] Error: r}0OzJ~?>O
[test] Error: too many requests
[test] Error: Access denied
[test] Error: permission denied
[test] Error: {,`D
[test] Error: 5qg;[hXVZzs]
[test] Error: service unavailable
[test] Error:  
[test] Error: rate limit exceeded
[test] Error: @
[test] Error: ]
[test] Error: sGx
[test] Error: Unauthorized access
[test] Error: # 
[test] Error: M0
[test] Error: Database connection failed
[test] Error: validation error
[test] Error: $7|apo7o
[test] Error: " >%5.$(p>
[test] Error: Unknown error
[test] Error: 9NDNS-;
[test] Error: Resource not found
[test] Error: timeout
[test] Error: Unknown error
[test] Error: Unknown error
[test] Error: service unavailable
[test] Error: Resource not found
[test] Error: r
[test] Error: too many requests

[90mstderr[2m | tests/property/jsonResponses.property.test.ts[2m > [22m[2mFeature: 
bun-vercel-runtime-forensics, Property 2: API Responses Are Always JSON[2m > 
[22m[2mProperty: handleError maps error types to correct status codes[2m > 
[22m[2mshould return 401 for unauthorized errors
[22m[39m[test] Error: unauthorized
[test] Error: Unauthorized access
[test] Error: no authorization header

[90mstderr[2m | tests/property/jsonResponses.property.test.ts[2m > [22m[2mFeature: 
bun-vercel-runtime-forensics, Property 2: API Responses Are Always JSON[2m > 
[22m[2mProperty: handleError maps error types to correct status codes[2m > 
[22m[2mshould return 403 for forbidden errors
[22m[39m[test] Error: forbidden
[test] Error: access denied
[test] Error: permission denied

[90mstderr[2m | tests/property/jsonResponses.property.test.ts[2m > [22m[2mFeature: 
bun-vercel-runtime-forensics, Property 2: API Responses Are Always JSON[2m > 
[22m[2mProperty: handleError maps error types to correct status codes[2m > 
[22m[2mshould return 404 for not found errors
[22m[39m[test] Error: not found
[test] Error: Resource not found

[90mstderr[2m | tests/property/jsonResponses.property.test.ts[2m > [22m[2mFeature: 
bun-vercel-runtime-forensics, Property 2: API Responses Are Always JSON[2m > 
[22m[2mProperty: handleError maps error types to correct status codes[2m > 
[22m[2mshould return 400 for validation errors
[22m[39m[test] Error: validation error
[test] Error: invalid input

[90mstderr[2m | tests/property/jsonResponses.property.test.ts[2m > [22m[2mFeature: 
bun-vercel-runtime-forensics, Property 2: API Responses Are Always JSON[2m > 
[22m[2mProperty: handleError maps error types to correct status codes[2m > 
[22m[2mshould return 429 for rate limit errors
[22m[39m[test] Error: rate limit exceeded
[test] Error: too many requests

[90mstderr[2m | tests/property/jsonResponses.property.test.ts[2m > [22m[2mFeature: 
bun-vercel-runtime-forensics, Property 2: API Responses Are Always JSON[2m > 
[22m[2mProperty: handleError maps error types to correct status codes[2m > 
[22m[2mshould return 503 for service unavailable errors
[22m[39m[test] Error: service unavailable
[test] Error: timeout

[90mstderr[2m | tests/property/jsonResponses.property.test.ts[2m > [22m[2mFeature: 
bun-vercel-runtime-forensics, Property 2: API Responses Are Always JSON[2m > 
[22m[2mProperty: handleError maps error types to correct status codes[2m > 
[22m[2mshould return 500 for unknown errors
[22m[39m[test] Error: something went wrong
[test] Error: unexpected error
[test] Error: database connection failed

[90mstderr[2m | 
tests/property/vercel-production-fixes/error-response.property.test.ts[2m > 
[22m[2mFeature: vercel-production-fixes, Property 4: API Error Responses Are Consistent 
and Safe[2m > [22m[2mProperty: Error responses do not expose internal details 
(Requirement 6.5)[2m > [22m[2mshould not expose stack traces in error responses via 
handleError
[22m[39m[test] Error: !fM7
[test] Error: c
[test] Error: "!!
[test] Error: Na#JO]3Y|":
[test] Error: !%"]$z$#
[test] Error: $<g|
[test] Error: &wzq
[test] Error: <%=
[test] Error: 2k
[test] Error: 4Vn
[test] Error: OyV
[test] Error: hasOwnP
[test] Error: "p4
[test] Error: 15&}M _"
[test] Error: iwm4@S`
[test] Error: OW,8U~:}i,
[test] Error: :jPk04
[test] Error: toString
[test] Error: 0humG@7
[test] Error: &
[test] Error: q|a!L~J|F
[test] Error: W};!WJ
[test] Error: yV 
[test] Error: `:vH
[test] Error: J#
[test] Error: aLGy(l
[test] Error: zn6
[test] Error: uBZ
[test] Error: =Id9%iD~
[test] Error:  !!""#|$
[test] Error: L*($Ti)`i
[test] Error: Dz+Ub
[test] Error: %=^ 2rqg *
[test] Error: _Mj"Lkm2
[test] Error: Y$SfXtzXT
[test] Error: *  o
[test] Error: [;P>Z$,/|j;z
[test] Error: cH|S4N
[test] Error: *
[test] Error:  l
[test] Error: #@wI[PHONE]k
[test] Error: rM3P
[test] Error: 96ACp.M1k2%
[test] Error: H1$ 
[test] Error: eC6G'\
[test] Error: 4q,{rF;209`
[test] Error: AI0BRRon-
[test] Error: :+CJ|>#oT8d
[test] Error: iU
[test] Error:  |7!TV "y"|
[test] Error: Sa_
[test] Error: @$IX
[test] Error: _1N]'`-s
[test] Error: S/N6LsW='e
[test] Error: {
[test] Error: zf%ZXW4}
[test] Error: N$N7(
[test] Error: &u*Qq.&pI}]|
[test] Error:  (_[6
[test] Error: _VJ9J"X?u
[test] Error: 'HI
[test] Error: g3?ha:lZ&!&B
[test] Error: 24FT
[test] Error: 36JY+a+Uan
[test] Error: ]cp(I
[test] Error: 7*;m,a,*
[test] Error: 7&|
[test] Error: `
[test] Error: %0
[test] Error: n`A735
[test] Error: "hxg6 RAj_#
[test] Error: =mS_r
[test] Error: p$
[test] Error: &
[test] Error: ha
[test] Error: V7}*[Z
[test] Error: j'}n-yT\Bek[
[test] Error: `y9toStri
[test] Error: e&,LS
[test] Error: ,G&nJ`
[test] Error: ob_.A[
[test] Error: i
[test] Error: \vZJx*
[test] Error: s-ncm,v
[test] Error: $.p
[test] Error: [N,bh&3%~3n
[test] Error: % 
[test] Error: )|?x!?
[test] Error: ;.U?t
[test] Error: ]jVT3]UXazW
[test] Error: NWc
[test] Error: }&
[test] Error: FK[&9q?c
[test] Error: `+`,8
[test] Error: prototype
[test] Error: 0W2
[test] Error: "n~xa|valueO
[test] Error: __l
[test] Error: Lfm.R2
[test] Error: %WC]L|#W

[90mstderr[2m | 
tests/property/vercel-production-fixes/error-response.property.test.ts[2m > 
[22m[2mFeature: vercel-production-fixes, Property 4: API Error Responses Are Consistent 
and Safe[2m > [22m[2mProperty: Error responses do not expose internal details 
(Requirement 6.5)[2m > [22m[2mshould not expose file paths in error responses via 
handleError
[22m[39m[test] Error: Error in [PATH]
[test] Error: Error in /api/auth.ts
[test] Error: Error in [PATH]
[test] Error: Error in /api/auth.ts
[test] Error: Error in /api/_lib/errorHandler.ts
[test] Error: Error in [PATH]
[test] Error: Error in [PATH]
[test] Error: Error in /api/auth.ts
[test] Error: Error in /api/_lib/errorHandler.ts
[test] Error: Error in /api/_lib/errorHandler.ts
[test] Error: Error in /api/auth.ts
[test] Error: Error in /api/auth.ts
[test] Error: Error in /api/auth.ts
[test] Error: Error in [PATH]
[test] Error: Error in [PATH]
[test] Error: Error in [PATH]
[test] Error: Error in [PATH]
[test] Error: Error in [PATH]
[test] Error: Error in /api/auth.ts
[test] Error: Error in [PATH]
[test] Error: Error in [PATH]
[test] Error: Error in [PATH]
[test] Error: Error in [PATH]
[test] Error: Error in [PATH]
[test] Error: Error in [PATH]
[test] Error: Error in [PATH]
[test] Error: Error in [PATH]
[test] Error: Error in /api/_lib/errorHandler.ts
[test] Error: Error in /api/auth.ts
[test] Error: Error in /api/auth.ts
[test] Error: Error in [PATH]
[test] Error: Error in [PATH]
[test] Error: Error in [PATH]
[test] Error: Error in /api/_lib/errorHandler.ts
[test] Error: Error in [PATH]
[test] Error: Error in /api/_lib/errorHandler.ts
[test] Error: Error in [PATH]
[test] Error: Error in [PATH]
[test] Error: Error in [PATH]
[test] Error: Error in [PATH]
[test] Error: Error in [PATH]
[test] Error: Error in /api/_lib/errorHandler.ts
[test] Error: Error in /api/_lib/errorHandler.ts
[test] Error: Error in /api/_lib/errorHandler.ts
[test] Error: Error in [PATH]
[test] Error: Error in [PATH]
[test] Error: Error in /api/auth.ts
[test] Error: Error in /api/_lib/errorHandler.ts
[test] Error: Error in /api/_lib/errorHandler.ts
[test] Error: Error in /api/auth.ts
[test] Error: Error in [PATH]
[test] Error: Error in /api/_lib/errorHandler.ts
[test] Error: Error in /api/_lib/errorHandler.ts
[test] Error: Error in [PATH]
[test] Error: Error in /api/auth.ts
[test] Error: Error in /api/_lib/errorHandler.ts
[test] Error: Error in [PATH]
[test] Error: Error in /api/auth.ts
[test] Error: Error in [PATH]
[test] Error: Error in [PATH]
[test] Error: Error in /api/auth.ts
[test] Error: Error in /api/_lib/errorHandler.ts
[test] Error: Error in /api/_lib/errorHandler.ts
[test] Error: Error in /api/auth.ts
[test] Error: Error in [PATH]
[test] Error: Error in /api/_lib/errorHandler.ts
[test] Error: Error in [PATH]
[test] Error: Error in /api/auth.ts
[test] Error: Error in /api/_lib/errorHandler.ts
[test] Error: Error in /api/auth.ts
[test] Error: Error in [PATH]
[test] Error: Error in /api/_lib/errorHandler.ts
[test] Error: Error in [PATH]
[test] Error: Error in /api/_lib/errorHandler.ts
[test] Error: Error in [PATH]
[test] Error: Error in /api/_lib/errorHandler.ts
[test] Error: Error in [PATH]
[test] Error: Error in [PATH]
[test] Error: Error in /api/_lib/errorHandler.ts
[test] Error: Error in /api/_lib/errorHandler.ts
[test] Error: Error in [PATH]
[test] Error: Error in /api/_lib/errorHandler.ts
[test] Error: Error in /api/auth.ts
[test] Error: Error in [PATH]
[test] Error: Error in /api/auth.ts
[test] Error: Error in [PATH]
[test] Error: Error in /api/auth.ts
[test] Error: Error in [PATH]
[test] Error: Error in /api/_lib/errorHandler.ts
[test] Error: Error in [PATH]
[test] Error: Error in [PATH]
[test] Error: Error in [PATH]
[test] Error: Error in [PATH]
[test] Error: Error in [PATH]
[test] Error: Error in [PATH]
[test] Error: Error in [PATH]
[test] Error: Error in /api/auth.ts
[test] Error: Error in [PATH]
[test] Error: Error in [PATH]
[test] Error: Error in [PATH]

[90mstderr[2m | 
tests/property/vercel-production-fixes/error-response.property.test.ts[2m > 
[22m[2mFeature: vercel-production-fixes, Property 4: API Error Responses Are Consistent 
and Safe[2m > [22m[2mProperty: handleError maps error types to correct status codes[2m 
> [22m[2mshould return 401 for unauthorized errors
[22m[39m[test] Error: Request Unauthorized access
[test] Error: Request unauthorized
[test] Error: Request unauthorized
[test] Error: Request unauthorized
[test] Error: Request no authorization
[test] Error: Request no authorization
[test] Error: Request unauthorized
[test] Error: Request unauthorized
[test] Error: Request no authorization
[test] Error: Request no authorization
[test] Error: Request Unauthorized access
[test] Error: Request Unauthorized access
[test] Error: Request no authorization
[test] Error: Request Unauthorized access
[test] Error: Request unauthorized
[test] Error: Request unauthorized
[test] Error: Request no authorization
[test] Error: Request unauthorized
[test] Error: Request unauthorized
[test] Error: Request Unauthorized access
[test] Error: Request no authorization
[test] Error: Request unauthorized
[test] Error: Request unauthorized
[test] Error: Request no authorization
[test] Error: Request Unauthorized access
[test] Error: Request unauthorized
[test] Error: Request no authorization
[test] Error: Request no authorization
[test] Error: Request no authorization
[test] Error: Request unauthorized
[test] Error: Request no authorization
[test] Error: Request unauthorized
[test] Error: Request unauthorized
[test] Error: Request Unauthorized access
[test] Error: Request Unauthorized access
[test] Error: Request unauthorized
[test] Error: Request unauthorized
[test] Error: Request no authorization
[test] Error: Request unauthorized
[test] Error: Request unauthorized
[test] Error: Request unauthorized
[test] Error: Request Unauthorized access
[test] Error: Request Unauthorized access
[test] Error: Request no authorization
[test] Error: Request Unauthorized access
[test] Error: Request Unauthorized access
[test] Error: Request no authorization
[test] Error: Request no authorization
[test] Error: Request no authorization
[test] Error: Request unauthorized
[test] Error: Request unauthorized
[test] Error: Request unauthorized
[test] Error: Request Unauthorized access
[test] Error: Request unauthorized
[test] Error: Request Unauthorized access
[test] Error: Request unauthorized
[test] Error: Request Unauthorized access
[test] Error: Request unauthorized
[test] Error: Request unauthorized
[test] Error: Request Unauthorized access
[test] Error: Request no authorization
[test] Error: Request Unauthorized access
[test] Error: Request unauthorized
[test] Error: Request unauthorized
[test] Error: Request no authorization
[test] Error: Request no authorization
[test] Error: Request Unauthorized access
[test] Error: Request no authorization
[test] Error: Request no authorization
[test] Error: Request Unauthorized access
[test] Error: Request Unauthorized access
[test] Error: Request Unauthorized access
[test] Error: Request no authorization
[test] Error: Request Unauthorized access
[test] Error: Request Unauthorized access
[test] Error: Request Unauthorized access
[test] Error: Request Unauthorized access
[test] Error: Request unauthorized
[test] Error: Request no authorization
[test] Error: Request Unauthorized access
[test] Error: Request Unauthorized access
[test] Error: Request Unauthorized access
[test] Error: Request unauthorized
[test] Error: Request unauthorized
[test] Error: Request unauthorized
[test] Error: Request Unauthorized access
[test] Error: Request unauthorized
[test] Error: Request no authorization
[test] Error: Request unauthorized
[test] Error: Request Unauthorized access
[test] Error: Request no authorization
[test] Error: Request unauthorized
[test] Error: Request Unauthorized access
[test] Error: Request unauthorized
[test] Error: Request unauthorized
[test] Error: Request no authorization
[test] Error: Request no authorization
[test] Error: Request Unauthorized access
[test] Error: Request no authorization
[test] Error: Request Unauthorized access

[90mstderr[2m | 
tests/property/vercel-production-fixes/error-response.property.test.ts[2m > 
[22m[2mFeature: vercel-production-fixes, Property 4: API Error Responses Are Consistent 
and Safe[2m > [22m[2mProperty: handleError maps error types to correct status codes[2m 
> [22m[2mshould return 403 for forbidden errors
[22m[39m[test] Error: Request access denied
[test] Error: Request forbidden
[test] Error: Request access denied
[test] Error: Request permission denied
[test] Error: Request permission denied
[test] Error: Request permission denied
[test] Error: Request access denied
[test] Error: Request forbidden
[test] Error: Request forbidden
[test] Error: Request permission denied
[test] Error: Request access denied
[test] Error: Request access denied
[test] Error: Request forbidden
[test] Error: Request permission denied
[test] Error: Request forbidden
[test] Error: Request permission denied
[test] Error: Request permission denied
[test] Error: Request access denied
[test] Error: Request permission denied
[test] Error: Request forbidden
[test] Error: Request permission denied
[test] Error: Request permission denied
[test] Error: Request permission denied
[test] Error: Request access denied
[test] Error: Request access denied
[test] Error: Request forbidden
[test] Error: Request access denied
[test] Error: Request permission denied
[test] Error: Request access denied
[test] Error: Request permission denied
[test] Error: Request access denied
[test] Error: Request access denied
[test] Error: Request access denied
[test] Error: Request access denied
[test] Error: Request access denied
[test] Error: Request permission denied
[test] Error: Request forbidden
[test] Error: Request access denied
[test] Error: Request access denied
[test] Error: Request forbidden
[test] Error: Request permission denied
[test] Error: Request access denied
[test] Error: Request forbidden
[test] Error: Request access denied
[test] Error: Request forbidden
[test] Error: Request forbidden
[test] Error: Request permission denied
[test] Error: Request access denied
[test] Error: Request access denied
[test] Error: Request forbidden
[test] Error: Request forbidden
[test] Error: Request access denied
[test] Error: Request access denied
[test] Error: Request forbidden
[test] Error: Request forbidden
[test] Error: Request permission denied
[test] Error: Request forbidden
[test] Error: Request forbidden
[test] Error: Request permission denied
[test] Error: Request forbidden
[test] Error: Request permission denied
[test] Error: Request access denied
[test] Error: Request access denied
[test] Error: Request access denied
[test] Error: Request access denied
[test] Error: Request forbidden
[test] Error: Request access denied
[test] Error: Request access denied
[test] Error: Request access denied
[test] Error: Request access denied
[test] Error: Request forbidden
[test] Error: Request permission denied
[test] Error: Request permission denied
[test] Error: Request forbidden
[test] Error: Request forbidden
[test] Error: Request access denied
[test] Error: Request permission denied
[test] Error: Request forbidden
[test] Error: Request forbidden
[test] Error: Request permission denied
[test] Error: Request permission denied
[test] Error: Request permission denied
[test] Error: Request permission denied
[test] Error: Request forbidden
[test] Error: Request forbidden
[test] Error: Request access denied
[test] Error: Request forbidden
[test] Error: Request access denied
[test] Error: Request access denied
[test] Error: Request forbidden
[test] Error: Request forbidden
[test] Error: Request permission denied
[test] Error: Request forbidden
[test] Error: Request access denied
[test] Error: Request permission denied
[test] Error: Request permission denied
[test] Error: Request forbidden
[test] Error: Request forbidden
[test] Error: Request forbidden
[test] Error: Request forbidden

[90mstderr[2m | 
tests/property/vercel-production-fixes/error-response.property.test.ts[2m > 
[22m[2mFeature: vercel-production-fixes, Property 4: API Error Responses Are Consistent 
and Safe[2m > [22m[2mProperty: handleError maps error types to correct status codes[2m 
> [22m[2mshould return 404 for not found errors
[22m[39m[test] Error: Resource Not Found
[test] Error: Resource resource not found
[test] Error: Resource resource not found
[test] Error: Resource resource not found
[test] Error: Resource not found
[test] Error: Resource resource not found
[test] Error: Resource resource not found
[test] Error: Resource Not Found
[test] Error: Resource not found
[test] Error: Resource Not Found
[test] Error: Resource resource not found
[test] Error: Resource Not Found
[test] Error: Resource Not Found
[test] Error: Resource Not Found
[test] Error: Resource resource not found
[test] Error: Resource resource not found
[test] Error: Resource Not Found
[test] Error: Resource not found
[test] Error: Resource Not Found
[test] Error: Resource Not Found
[test] Error: Resource not found
[test] Error: Resource not found
[test] Error: Resource resource not found
[test] Error: Resource Not Found
[test] Error: Resource not found
[test] Error: Resource not found
[test] Error: Resource not found
[test] Error: Resource resource not found
[test] Error: Resource resource not found
[test] Error: Resource not found
[test] Error: Resource resource not found
[test] Error: Resource not found
[test] Error: Resource not found
[test] Error: Resource Not Found
[test] Error: Resource resource not found
[test] Error: Resource resource not found
[test] Error: Resource not found
[test] Error: Resource not found
[test] Error: Resource resource not found
[test] Error: Resource Not Found
[test] Error: Resource Not Found
[test] Error: Resource not found
[test] Error: Resource not found
[test] Error: Resource resource not found
[test] Error: Resource resource not found
[test] Error: Resource not found
[test] Error: Resource resource not found
[test] Error: Resource resource not found
[test] Error: Resource not found
[test] Error: Resource resource not found
[test] Error: Resource Not Found
[test] Error: Resource not found
[test] Error: Resource not found
[test] Error: Resource Not Found
[test] Error: Resource Not Found
[test] Error: Resource not found
[test] Error: Resource Not Found
[test] Error: Resource not found
[test] Error: Resource Not Found
[test] Error: Resource not found
[test] Error: Resource not found
[test] Error: Resource resource not found
[test] Error: Resource not found
[test] Error: Resource resource not found
[test] Error: Resource resource not found
[test] Error: Resource resource not found
[test] Error: Resource resource not found
[test] Error: Resource Not Found
[test] Error: Resource Not Found
[test] Error: Resource not found
[test] Error: Resource not found
[test] Error: Resource not found
[test] Error: Resource not found
[test] Error: Resource Not Found
[test] Error: Resource not found
[test] Error: Resource Not Found
[test] Error: Resource not found
[test] Error: Resource not found
[test] Error: Resource not found
[test] Error: Resource resource not found
[test] Error: Resource Not Found
[test] Error: Resource resource not found
[test] Error: Resource not found
[test] Error: Resource not found
[test] Error: Resource resource not found
[test] Error: Resource Not Found
[test] Error: Resource not found
[test] Error: Resource resource not found
[test] Error: Resource resource not found
[test] Error: Resource Not Found
[test] Error: Resource resource not found
[test] Error: Resource not found
[test] Error: Resource Not Found
[test] Error: Resource Not Found
[test] Error: Resource not found
[test] Error: Resource not found
[test] Error: Resource not found
[test] Error: Resource not found
[test] Error: Resource not found
[test] Error: Resource not found

[90mstderr[2m | 
tests/property/vercel-production-fixes/error-response.property.test.ts[2m > 
[22m[2mFeature: vercel-production-fixes, Property 4: API Error Responses Are Consistent 
and Safe[2m > [22m[2mProperty: handleError maps error types to correct status codes[2m 
> [22m[2mshould return 400 for validation errors
[22m[39m[test] Error: Request invalid input
[test] Error: Request invalid input
[test] Error: Request Invalid parameter
[test] Error: Request Invalid parameter
[test] Error: Request invalid input
[test] Error: Request validation failed
[test] Error: Request invalid input
[test] Error: Request Invalid parameter
[test] Error: Request validation failed
[test] Error: Request Invalid parameter
[test] Error: Request invalid input
[test] Error: Request invalid input
[test] Error: Request invalid input
[test] Error: Request invalid input
[test] Error: Request validation failed
[test] Error: Request invalid input
[test] Error: Request validation failed
[test] Error: Request validation failed
[test] Error: Request Invalid parameter
[test] Error: Request validation failed
[test] Error: Request Invalid parameter
[test] Error: Request Invalid parameter
[test] Error: Request validation failed
[test] Error: Request Invalid parameter
[test] Error: Request Invalid parameter
[test] Error: Request validation failed
[test] Error: Request validation failed
[test] Error: Request invalid input
[test] Error: Request invalid input
[test] Error: Request validation failed
[test] Error: Request validation failed
[test] Error: Request Invalid parameter
[test] Error: Request validation failed
[test] Error: Request invalid input
[test] Error: Request validation failed
[test] Error: Request validation failed
[test] Error: Request validation failed
[test] Error: Request invalid input
[test] Error: Request invalid input
[test] Error: Request validation failed
[test] Error: Request invalid input
[test] Error: Request Invalid parameter
[test] Error: Request validation failed
[test] Error: Request validation failed
[test] Error: Request validation failed
[test] Error: Request validation failed
[test] Error: Request Invalid parameter
[test] Error: Request invalid input
[test] Error: Request Invalid parameter
[test] Error: Request Invalid parameter
[test] Error: Request invalid input
[test] Error: Request Invalid parameter
[test] Error: Request Invalid parameter
[test] Error: Request validation failed
[test] Error: Request validation failed
[test] Error: Request invalid input
[test] Error: Request invalid input
[test] Error: Request invalid input
[test] Error: Request Invalid parameter
[test] Error: Request Invalid parameter
[test] Error: Request invalid input
[test] Error: Request Invalid parameter
[test] Error: Request Invalid parameter
[test] Error: Request invalid input
[test] Error: Request Invalid parameter
[test] Error: Request validation failed
[test] Error: Request invalid input
[test] Error: Request invalid input
[test] Error: Request Invalid parameter
[test] Error: Request validation failed
[test] Error: Request validation failed
[test] Error: Request validation failed
[test] Error: Request invalid input
[test] Error: Request invalid input
[test] Error: Request invalid input
[test] Error: Request Invalid parameter
[test] Error: Request Invalid parameter
[test] Error: Request validation failed
[test] Error: Request validation failed
[test] Error: Request Invalid parameter
[test] Error: Request invalid input
[test] Error: Request validation failed
[test] Error: Request validation failed
[test] Error: Request Invalid parameter
[test] Error: Request invalid input
[test] Error: Request validation failed
[test] Error: Request validation failed
[test] Error: Request invalid input
[test] Error: Request Invalid parameter
[test] Error: Request validation failed
[test] Error: Request validation failed
[test] Error: Request invalid input
[test] Error: Request invalid input
[test] Error: Request Invalid parameter
[test] Error: Request invalid input
[test] Error: Request validation failed
[test] Error: Request Invalid parameter
[test] Error: Request validation failed
[test] Error: Request Invalid parameter
[test] Error: Request validation failed

[90mstderr[2m | 
tests/property/vercel-production-fixes/error-response.property.test.ts[2m > 
[22m[2mFeature: vercel-production-fixes, Property 4: API Error Responses Are Consistent 
and Safe[2m > [22m[2mProperty: handleError maps error types to correct status codes[2m 
> [22m[2mshould return 429 for rate limit errors
[22m[39m[test] Error: Request rate limit exceeded
[test] Error: Request Rate Limited
[test] Error: Request too many requests
[test] Error: Request Rate Limited
[test] Error: Request rate limit exceeded
[test] Error: Request too many requests
[test] Error: Request too many requests
[test] Error: Request rate limit exceeded
[test] Error: Request Rate Limited
[test] Error: Request too many requests
[test] Error: Request rate limit exceeded
[test] Error: Request rate limit exceeded
[test] Error: Request too many requests
[test] Error: Request too many requests
[test] Error: Request rate limit exceeded
[test] Error: Request Rate Limited
[test] Error: Request Rate Limited
[test] Error: Request Rate Limited
[test] Error: Request rate limit exceeded
[test] Error: Request too many requests
[test] Error: Request rate limit exceeded
[test] Error: Request Rate Limited
[test] Error: Request too many requests
[test] Error: Request Rate Limited
[test] Error: Request rate limit exceeded
[test] Error: Request too many requests
[test] Error: Request rate limit exceeded
[test] Error: Request Rate Limited
[test] Error: Request too many requests
[test] Error: Request rate limit exceeded
[test] Error: Request rate limit exceeded
[test] Error: Request Rate Limited
[test] Error: Request Rate Limited
[test] Error: Request rate limit exceeded
[test] Error: Request Rate Limited
[test] Error: Request rate limit exceeded
[test] Error: Request Rate Limited
[test] Error: Request rate limit exceeded
[test] Error: Request rate limit exceeded
[test] Error: Request too many requests
[test] Error: Request rate limit exceeded
[test] Error: Request too many requests
[test] Error: Request rate limit exceeded
[test] Error: Request too many requests
[test] Error: Request Rate Limited
[test] Error: Request Rate Limited
[test] Error: Request too many requests
[test] Error: Request rate limit exceeded
[test] Error: Request too many requests
[test] Error: Request too many requests
[test] Error: Request too many requests
[test] Error: Request too many requests
[test] Error: Request too many requests
[test] Error: Request Rate Limited
[test] Error: Request too many requests
[test] Error: Request rate limit exceeded
[test] Error: Request too many requests
[test] Error: Request too many requests
[test] Error: Request rate limit exceeded
[test] Error: Request rate limit exceeded
[test] Error: Request too many requests
[test] Error: Request rate limit exceeded
[test] Error: Request Rate Limited
[test] Error: Request too many requests
[test] Error: Request too many requests
[test] Error: Request too many requests
[test] Error: Request Rate Limited
[test] Error: Request too many requests
[test] Error: Request rate limit exceeded
[test] Error: Request too many requests
[test] Error: Request Rate Limited
[test] Error: Request rate limit exceeded
[test] Error: Request too many requests
[test] Error: Request rate limit exceeded
[test] Error: Request too many requests
[test] Error: Request Rate Limited
[test] Error: Request too many requests
[test] Error: Request rate limit exceeded
[test] Error: Request too many requests
[test] Error: Request rate limit exceeded
[test] Error: Request Rate Limited
[test] Error: Request rate limit exceeded
[test] Error: Request too many requests
[test] Error: Request Rate Limited
[test] Error: Request Rate Limited
[test] Error: Request too many requests
[test] Error: Request too many requests
[test] Error: Request rate limit exceeded
[test] Error: Request rate limit exceeded
[test] Error: Request too many requests
[test] Error: Request rate limit exceeded
[test] Error: Request too many requests
[test] Error: Request rate limit exceeded
[test] Error: Request Rate Limited
[test] Error: Request Rate Limited
[test] Error: Request Rate Limited
[test] Error: Request too many requests
[test] Error: Request too many requests
[test] Error: Request Rate Limited
[test] Error: Request too many requests

[90mstderr[2m | 
tests/property/vercel-production-fixes/error-response.property.test.ts[2m > 
[22m[2mFeature: vercel-production-fixes, Property 4: API Error Responses Are Consistent 
and Safe[2m > [22m[2mProperty: handleError maps error types to correct status codes[2m 
> [22m[2mshould return 500 for unknown errors
[22m[39m[test] Error: $
[test] Error: 0$6aj t
[test] Error: -8m.
[test] Error: V#jC[Bj@O~/!
[test] Error: constructor
[test] Error: constructor
[test] Error: 0{`0mf<!
[test] Error: }#!9A
[test] Error: H6}7$o#
[test] Error: 1
[test] Error: `3Pp;
[test] Error: l*Lm"@gQZ5\
[test] Error: ::-f-S<r
[test] Error: bind
[test] Error: h&x
[test] Error: "sm.3
[test] Error: |w=V6t
[test] Error: L~^cJ. [^'
[test] Error: ~-WgZW7
[test] Error: e,l"
[test] Error: %> 
[test] Error: qE:
[test] Error: defnam
[test] Error: ]!8=
[test] Error: !
[test] Error: b[
[test] Error: AIgDiQF7%+j0
[test] Error: f\]ti?o
[test] Error:  :VLc(7
[test] Error: y3zp9>JO=z~d
[test] Error: :
[test] Error: A
[test] Error:  g
[test] Error: |re!x{&
[test] Error: sIk}>+D\+GsG
[test] Error: )
[test] Error: /6_lRKT 0
[test] Error: BKDA1{Pv@"&
[test] Error: K%
[test] Error: W%m-
[test] Error: F__d
[test] Error: P^<;
[test] Error: !5O$?$m4"`
[test] Error: CPK
[test] Error: 1Y
[test] Error: bind
[test] Error: &_
[test] Error: GD
[test] Error: {k>k
[test] Error: xYxh
[test] Error: H!L&V<AQqL~+
[test] Error: /O}5\ca
[test] Error: yCm;t
[test] Error: xJN``%YP
[test] Error: e}v_\U)
[test] Error: y
[test] Error: es<0sMj
[test] Error: v
[test] Error: q?Z.c
[test] Error: M
[test] Error: GG
[test] Error: hI?fQ
[test] Error:  X
[test] Error: gD
[test] Error: xPV\r|m7#
[test] Error: &}(%@.${w
[test] Error: ^_
[test] Error: q<pqfIE~o
[test] Error: |
[test] Error: T(*H9g\#
[test] Error: @ignO-dN
[test] Error: `&]KU#@
[test] Error: 1D__proto_
[test] Error: X1/{
[test] Error: {Y{
[test] Error: UzZ?46xm
[test] Error: %VQX>C
[test] Error: _Tl
[test] Error: z"O&(|cJi#
[test] Error: 2O9L(t
[test] Error: }M(ZO+m,WFW
[test] Error: 4B7%Q%MO&
[test] Error: c~"}
[test] Error: %
[test] Error: &iLg
[test] Error: y}+@
[test] Error: $"r #%{G46 /
[test] Error: b|@mXj=~
[test] Error: M
[test] Error: oqZ~{!!1!1
[test] Error: ^QZ+!;s5VI
[test] Error: iGrX1G/
[test] Error: qz!6%v|PY;-
[test] Error: Mb6l
[test] Error: %
[test] Error: 09h+K3Wf
[test] Error: Wb#^
[test] Error: M[s,)k
[test] Error: {
[test] Error: Ri6

[33m[39m[32m┬╖[39m[33m[39m[32m┬╖[39m[33m[39m[32m┬╖[39m[33m[39m[32m┬╖[39m[33m[39m[32m┬╖[39m[33m[39m[32m┬╖[39m[33m[39m[32m┬╖[39m[33m[39m[32m┬╖[39m[33m[39m[32m┬╖[39m[33m[39m[32m┬╖[39m[33m[39m[32m┬╖[39m[33m[39m[32m┬╖[39m[33m[39m[32m┬╖[39m[33m[39m[32m┬╖[39m[33m[39m[32m┬╖[39m[33m[39m[32m┬╖[39m[33m[39m[32m┬╖[39m[33m[39m[32m┬╖[39m[33m[39m[32m┬╖[39m[33m[39m[32m┬╖[39m[33m[39m[32m┬╖[39m[33m[39m[32m┬╖[39m[33m[39m[32m┬╖[39m[33m[39m[32m┬╖[39m[33m[39m[32m┬╖[39m[33m[39m[32m┬╖[39m[33m[39m[32m┬╖[39m[33m[39m[32m┬╖[39m[33m[39m[32m┬╖[39m[33m[39m[32m┬╖[39m[33m[39m[32m┬╖[39m[33m[39m[32m┬╖[39m[33m[39m[32m┬╖[39m[33m[39m[32m┬╖[39m[33m[39m[32m┬╖[39m[33m[39m[32m┬╖[39m[33m[39m[32m┬╖[39m[33m[39m[32m┬╖[39m[33m[39m[32m┬╖[39m[33m[39m[32m┬╖[39m[33m[39m[32m┬╖[39m[33m[39m[32m┬╖[39m[33m[39m[32m┬╖[39m[33m[39m[32m┬╖[39m[33m[39m[32m┬╖[39m[33m[39m[32m┬╖[39m[33m[39m[32m┬╖[39m[33m[39m[32m┬╖[39m[33m[39m[32m┬╖[39m[33m[39m[32m┬╖[39m[33m[39m[32m┬╖[39m[33m[39m[32m┬╖[39m[33m[39m[32m┬╖[39m[33m[39m[32m┬╖[39m[33m[39m[32m┬╖[39m[33m[39m[32m┬╖[39m[33m[39m[32m┬╖[39m[33m[39m[32m┬╖[39m[33m[39m[32m┬╖[39m[33m[39m[32m┬╖[39m[33m[39m[32m┬╖[39m[33m[39m[32m┬╖[39m[33m[39m[32m┬╖[39m[33m[39m[32m┬╖[39m[33m[39m[32m┬╖[39m[33m[39m[32m┬╖[39m[33m[39m[32m┬╖[39m[33m[39m[32m┬╖[39m[33m[39m[32m┬╖[39m[33m[39m[32m┬╖[39m[33m[39m[32m┬╖[39m[33m[39m[32m┬╖[39m[33m[39m[32m┬╖[39m[33m[39m[32m┬╖[39m[33m[39m[32m┬╖[39m[33m[39m[32m┬╖[39m[33m[39m[32m┬╖[39m[33m[39m[32m┬╖[39m[33m[39m[32m┬╖[39m[33m[39m[32m┬╖[39m[33m[39m[32m┬╖[39m[33m[39m[32m┬╖[39m[33m[39m[32m┬╖[39m[33m[39m[32m┬╖[39m[33m[39m[32m┬╖[39m[33m[39m[32m┬╖[39m[33m[39m[32m┬╖[39m[33m[39m[32m┬╖[39m[33m[39m[32m┬╖[39m[33m[39m[32m┬╖[39m[33m[39m[32m┬╖[39m[33m[39m[32m┬╖[39m[33m[39m[32m┬╖[39m[33m[39m[32m┬╖[39m[33m[39m[32m┬╖[39m[33m[39m[32m┬╖[39m[33m[39m[32m┬╖[39m[33m[39m[32m┬╖[39m[33m[39m[32m┬╖[39m[33m[39m[32m┬╖[39m[33m[39m[32m┬╖[39m[33m[39m[32m┬╖[39m[33m[39m[32m┬╖[39m[33m[39m[32m┬╖[39m[33m[39m[32m┬╖[39m[33m[39m[32m┬╖[39m[33m[39m[32m┬╖[39m[33m[39m[32m┬╖[39m[33m[39m[32m┬╖[39m[33m[39m[32m┬╖[39m[33m[39m[32m┬╖[39m[33m[39m[32m┬╖[39m[33m[39m[32m┬╖[39m[33m[39m[32m┬╖[39m[33m[39m[32m┬╖[39m[33m[39m[32m┬╖[39m[33m[39m[32m┬╖[39m[33m[39m[32m┬╖[39m[33m[39m[32m┬╖[39m[33m[39m[32m┬╖[39m[33m[39m[32m┬╖[39m[33m[39m[32m┬╖[39m[33m[39m[32m┬╖[39m[33m[39m[32m┬╖[39m[33m[39m[32m┬╖[39m[33m[39m[32m┬╖[39m[33m[39m[32m┬╖[39m[33m[39m[32m┬╖[39m[33m[39m[32m┬╖[39m[33m[39m[32m┬╖[39m[33m[39m[32m┬╖[39m[33m[39m[32m┬╖[39m[33m[39m[32m┬╖[39m[33m[39m[32m┬╖[39m[33m[39m[32m┬╖[39m[33m[39m[32m┬╖[39m[33m[39m[32m┬╖[39m[33m[39m[32m┬╖[39m[33m[39m[32m┬╖[39m[33m[39m[32m┬╖[39m[33m[39m[32m┬╖[39m[33m[39m[32m┬╖[39m[33m[39m[32m┬╖[39m[33m[39m[32m┬╖[39m[33m[39m[32m┬╖[39m[33m[39m[32m┬╖[39m[33m[39m[32m┬╖[39m[33m[39m[32m┬╖[39m[33m[39m[32m┬╖[39m[33m[39m[32m┬╖[39m[33m[39m[32m┬╖[39m[33m[39m[32m┬╖[39m[33m[39m[32m┬╖[39m[33m[39m[32m┬╖[39m[33m[39m[32m┬╖[39m[33m[39m[32m┬╖[39m[33m[39m[32m┬╖[39m[33m[39m[32m┬╖[39m[33m[39m[32m┬╖[39m[33m[39m[32m┬╖[39m[33m[39m[32m┬╖[39m[33m[39m[32m┬╖[39m[33m[39m[32m┬╖[39m[33m[39m[32m┬╖[39m[33m[39m[32m┬╖[39m[33m[39m[32m┬╖[39m[33m[39m[32m┬╖[39m[33m[39m[32m┬╖[39m[33m[39m[32m┬╖[39m[33m[39m[32m┬╖[39m[33m[39m[32m┬╖[39m[33m[39m[32m┬╖[39m[33m[39m[32m┬╖[39m[33m[39m[32m┬╖[39m[33m[39m[32m┬╖[39m[33m[39m[32m┬╖[39m[33m[39m[32m┬╖[39m[33m[39m[32m┬╖[39m[33m[39m[32m┬╖[39m[33m[39m[32m┬╖[39m[33m[39m[32m┬╖[39m[33m[39m[32m┬╖[39m[33m[39m[32m┬╖[39m[33m[39m[32m┬╖[39m[33m[39m[32m┬╖[39m[33m[39m[32m┬╖[39m[33m[39m[32m┬╖[39m[33m[39m[32m┬╖[39m[33m[39m[32m┬╖[39m[33m[39m[32m┬╖[39m[33m[39m[32m┬╖[39m[33m[39m[32m┬╖[39m[33m[39m[32m┬╖[39m[33m[39m[32m┬╖[39m[33m[39m[32m┬╖[39m[33m[39m[32m┬╖[39m[33m[39m[32m┬╖[39m[33m[39m[32m┬╖[39m[33m[39m[32m┬╖[39m[33m[39m[32m┬╖[39m[33m[39m[32m┬╖[39m[33m[39m[32m┬╖[39m[33m[39m[32m┬╖[39m[33m[39m[32m┬╖[39m[33m[39m[32m┬╖[39m[33m[39m[32m┬╖[39m[33m[39m[32m┬╖[39m[33m[39m[32m┬╖[39m[33m[39m[32m┬╖[39m[33m[39m[32m┬╖[39m[33m[39m[32m┬╖[39m[33m[39m[32m┬╖[39m[33m[39m[32m┬╖[39m[33m[39m[32m┬╖[39m[33m[39m[32m┬╖[39m[33m[39m[32m┬╖[39m[33m[39m[32m┬╖[39m[33m[39m[32m┬╖[39m[33m[39m[32m┬╖[39m[33m[39m[32m┬╖[39m[33m[39m[32m┬╖[39m[33m[39m[32m┬╖[39m[33m[39m[32m┬╖[39m[33m[39m[32m┬╖[39m[33m[39m[32m┬╖[39m[33m[39m[32m┬╖[39m[33m[39m[32m┬╖[39m[33m[39m[32m┬╖[39m[33m[39m[32m┬╖[39m[33m[39m[32m┬╖[39m[33m[39m[32m┬╖[39m[33m[39m[32m┬╖[39m[33m[39m[32m┬╖[39m[33m[39m[32m┬╖[39m[33m[39m[32m┬╖[39m[33m[39m[32m┬╖[39m[33m[39m[32m┬╖[39m[33m[39m[32m┬╖[39m[33m[39m[32m┬╖[39m[33m[39m[32m┬╖[39m[33m[39m[32m┬╖[39m[33m[39m[32m┬╖[39m[33m[39m[32m┬╖[39m[33m[39m[32m┬╖[39m[33m[39m[32m┬╖[39m[33m[39m[32m┬╖[39m[33m[39m[32m┬╖[39m[33m[39m[32m┬╖[39m[33m[39m[32m┬╖[39m[33m[39m[32m┬╖[39m[33m[39m[32m┬╖[39m[33m[39m[32m┬╖[39m[33m[39m[32m┬╖[39m[33m[39m[32m┬╖[39m[33m[39m[32m┬╖[39m[33m[39m[32m┬╖[39m[33m[39m[32m┬╖[39m[33m[39m[32m┬╖[39m[33m[39m[32m┬╖[39m[33m[39m[32m┬╖[39m[33m[39m[32m┬╖[39m[33m[39m[32m┬╖[39m[33m[39m[32m┬╖[39m[33m[39m[32m┬╖[39m[33m[39m[32m┬╖[39m[33m[39m[32m┬╖[39m[33m[39m[32m┬╖[39m[33m[39m[32m┬╖[39m[33m[39m[32m┬╖[39m[33m[39m[32m┬╖[39m[33m[39m[32m┬╖[39m[33m[39m[32m┬╖[39m[33m[39m[32m┬╖[39m[33m[39m[32m┬╖[39m[33m[39m[32m┬╖[39m[33m[39m[32m┬╖[39m[33m[39m[32m┬╖[39m[33m[39m[32m┬╖[39m[33m[39m[32m┬╖[39m[33m[39m[32m┬╖[39m[33m[39m[32m┬╖[39m[33m[39m[32m┬╖[39m[33m[39m[32m┬╖[39m[33m[39m[32m┬╖[39m[33m[39m[32m┬╖[39m[33m[39m[32m┬╖[39m[33m[39m[32m┬╖[39m[33m[39m[32m┬╖[39m[33m[39m[32m┬╖[39m[33m[39m[32m┬╖[39m[33m[39m[32m┬╖[39m[33m[39m[32m┬╖[39m[33m[39m[32m┬╖[39m[33m[39m[32m┬╖[39m[33m[39m[32m┬╖[39m[33m[39m[32m┬╖[39m[33m[39m[32m┬╖[39m[33m[39m[32m┬╖[39m[33m[39m[32m┬╖[39m[33m[39m[32m┬╖[39m[33m[39m[32m┬╖[39m[33m[39m[32m┬╖[39m[33m[39m[32m┬╖[39m[33m[39m[32m┬╖[39m[33m[39m[32m┬╖[39m[33m[39m[32m┬╖[39m[33m[39m[32m┬╖[39m[33m[39m[32m┬╖[39m[33m[39m[32m┬╖[39m[33m[39m[32m┬╖[39m[33m[39m[32m┬╖[39m[33m[39m[32m┬╖[39m[33m[39m[32m┬╖[39m[33m[39m[32m┬╖[39m[33m[39m[32m┬╖[39m[33m[39m[32m┬╖[39m[33m[39m[32m┬╖[39m[33m[39m[32m┬╖[39m[33m[39m[32m┬╖[39m[33m[39m[32m┬╖[39m[33m[39m[32m┬╖[39m[33m[39m[32m┬╖[39m[33m[39m[32m┬╖[39m[33m[39m[32m┬╖[39m[33m[39m[32m┬╖[39m[33m[39m[32m┬╖[39m[33m[39m[32m┬╖[39m[33m[39m[32m┬╖[39m[33m[39m[32m┬╖[39m[33m[39m[32m┬╖[39m[33m[39m[32m┬╖[39m[33m[39m[32m┬╖[39m[33m[39m[32m┬╖[39m[33m[39m[32m┬╖[39m[33m[39m[32m┬╖[39m[33m[39m[32m┬╖[39m[33m[39m[32m┬╖[39m[33m[39m[32m┬╖[39m[33m[39m[32m┬╖[39m[33m[39m[32m┬╖[39m[33m[39m[32m┬╖[39m[33m[39m[32m┬╖[39m[33m[39m[32m┬╖[39m[33m[39m[32m┬╖[39m[33m[39m[32m┬╖[39m[33m[39m[32m┬╖[39m[33m[39m[32m┬╖[39m[33m[39m[32m┬╖[39m[33m[39m[32m┬╖[39m[33m[39m[32m┬╖[39m[33m[39m[32m┬╖[39m[33m[39m[32m┬╖[39m[33m[39m[32m┬╖[39m[33m[39m[32m┬╖[39m[33m[39m[32m┬╖[39m[33m[39m[32m┬╖[39m[33m[39m[32m┬╖[39m[33m[39m[32m┬╖[39m[33m[39m[32m┬╖[39m[33m[39m[32m┬╖[39m[33m[39m[32m┬╖[39m[33m[39m[32m┬╖[39m[33m[39m[32m┬╖[39m[33m[39m[32m┬╖[39m[33m[39m[32m┬╖[39m[33m[39m[32m┬╖[39m[33m[39m[32m┬╖[39m[33m[39m[32m┬╖[39m[33m[39m[32m┬╖[39m[33m[39m[32m┬╖[39m[33m[39m[32m┬╖[39m[33m[39m[32m┬╖[39m[33m[39m[32m┬╖[39m[33m[39m[32m┬╖[39m[33m[39m[32m┬╖[39m[33m[39m[32m┬╖[39m[33m[39m[32m┬╖[39m[33m[39m[32m┬╖[39m[33m[39m[32m┬╖[39m[33m[39m[32m┬╖[39m[33m[39m[32m┬╖[39m[33m[39m[32m┬╖[39m[33m[39m[32m┬╖[39m[33m[39m[32m┬╖[39m[33m[39m[32m┬╖[39m[33m[39m[32m┬╖[39m[33m[39m[32m┬╖[39m[33m[39m[32m┬╖[39m[33m[39m[32m┬╖[39m[33m[39m[32m┬╖[39m[33m[39m[32m┬╖[39m[33m[39m[32m┬╖[39m[33m[39m[32m┬╖[39m[33m[39m[32m┬╖[39m[33m[39m[32m┬╖[39m[33m[39m[32m┬╖[39m[33m[39m[32m┬╖[39m[33m[39m[32m┬╖[39m[33m[39m[32m┬╖[39m[33m[39m[32m┬╖[39m[33m[39m[32m┬╖[39m[33m[39m[32m┬╖[39m[33m[39m[32m┬╖[39m[33m[39m[32m┬╖[39m[33m[39m[32m┬╖[39m[33m[39m[32m┬╖[39m[33m[39m[32m┬╖[39m[33m[39m[32m┬╖[39m[33m[39m[32m┬╖[39m[33m[39m[32m┬╖[39m[33m[39m[32m┬╖[39m[33m[39m[32m┬╖[39m[33m[39m[32m┬╖[39m[33m[39m[32m┬╖[39m[33m[39m[32m┬╖[39m[33m[39m[32m┬╖[39m[33m[39m[32m┬╖[39m[33m[39m[32m┬╖[39m[33m[39m[32m┬╖[39m[33m[39m[32m┬╖[39m[33m[39m[32m┬╖[39m[33m[39m[32m┬╖[39m[33m[39m[32m┬╖[39m[33m[39m[32m┬╖[39m[33m[39m[32m┬╖[39m[33m[39m[32m┬╖[39m[33m[39m[32m┬╖[39m[33m[39m[32m┬╖[39m[33m[39m[32m┬╖[39m[33m[39m[32m┬╖[39m[33m[39m[32m┬╖[39m[33m[39m[32m┬╖[39m[33m[39m[32m┬╖[39m[33m[39m[32m┬╖[39m[33m[39m[32m┬╖[39m[33m[39m[32m┬╖[39m[33m[39m[32m┬╖[39m[33m[39m[32m┬╖[39m[33m[39m[32m┬╖[39m[33m[39m[32m┬╖[39m[33m[39m[32m┬╖[39m[33m[39m[32m┬╖[39m[33m[39m[32m┬╖[39m[33m[39m[32m┬╖[39m[33m[39m[32m┬╖[39m[33m[39m[32m┬╖[39m[33m[39m[32m┬╖[39m[33m[39m[32m┬╖[39m[33m[39m[32m┬╖[39m[33m[39m[32m┬╖[39m[33m[39m[32m┬╖[39m[33m[39m[32m┬╖[39m[33m[39m[32m┬╖[39m[33m[39m[32m┬╖[39m[33m[39m[32m┬╖[39m[33m[39m[32m┬╖[39m[33m[39m[32m┬╖[39m[33m[39m[32m┬╖[39m[33m[39m[32m┬╖[39m[33m[39m[32m┬╖[39m[33m[39m[32m┬╖[39m[33m[39m[32m┬╖[39m[33m[39m[32m┬╖[39m[33m[39m[32m┬╖[39m[33m[39m[32m┬╖[39m[33m[39m[32m┬╖[39m[33m[39m[32m┬╖[39m[33m[39m[32m┬╖[39m[33m[39m[32m┬╖[39m[33m[39m[32m┬╖[39m[33m[39m[32m┬╖[39m[33m[39m[32m┬╖[39m[33m[39m[32m┬╖[39m[33m[39m[32m┬╖[39m[33m[39m[32m┬╖[39m[33m[39m[32m┬╖[39m[33m[39m[32m┬╖[39m[33m[39m[32m┬╖[39m[33m[39m[32m┬╖[39m[33m[39m[32m┬╖[39m[33m[39m[32m┬╖[39m[33m[39m[32m┬╖[39m[33m[39m[32m┬╖[39m[33m[39m[32m┬╖[39m[33m[39m[32m┬╖[39m[33m[39m[32m┬╖[39m[33m[39m[32m┬╖[39m[33m[39m[32m┬╖[39m[33m[39m[32m┬╖[39m[33m[39m[32m┬╖[39m[33m[39m[32m┬╖[39m[33m[39m[32m┬╖[39m[33m[39m[32m┬╖[39m[33m[39m[32m┬╖[39m[33m[39m[32m┬╖[39m[33m[39m[32m┬╖[39m[33m[39m[32m┬╖[39m[33m[39m[32m┬╖[39m[33m[39m[32m┬╖[39m[33m[39m[32m┬╖[39m[33m[39m[32m┬╖[39m[33m[39m[32m┬╖[39m[33m[39m[32m┬╖[39m[33m[39m[32m┬╖[39m[33m[39m[32m┬╖[39m[33m[39m[32m┬╖[39m[90mstdout[2m | tests/unit/useDocumentGeneration.test.tsx[2m > [22m[2museDocumentGeneration payload handling[2m > [22m[2mvalidates and generates slip using nested application envelope
[22m[39m[useDocumentGeneration] Starting generation for type: slip

[90mstdout[2m | tests/unit/useDocumentGeneration.test.tsx[2m > [22m[2museDocumentGeneration payload handling[2m > [22m[2mvalidates and generates slip using nested application envelope
[22m[39m[useDocumentGeneration] Application data: {
  application_number: [32m'APP-001'[39m,
  public_tracking_code: [32m'TRK-001'[39m,
  status: [32m'approved'[39m,
  payment_status: [32m'verified'[39m,
  submitted_at: [32m'2026-01-01T00:00:00.000Z'[39m,
  updated_at: [32m'2026-01-02T00:00:00.000Z'[39m,
  program: [32m'Computer Science'[39m,
  intake: [32m'Fall'[39m,
  institution: [32m'MIHAS'[39m,
  full_name: [32m'Jane Doe'[39m,
  email: [32m'jane@example.com'[39m,
  phone: [32m'+260000000000'[39m
}
[useDocumentGeneration] Generating slip PDF...

[90mstdout[2m | tests/unit/useDocumentGeneration.test.tsx[2m > [22m[2museDocumentGeneration payload handling[2m > [22m[2mvalidates and generates slip using nested application envelope
[22m[39m[useDocumentGeneration] Slip PDF generated successfully

Not implemented: navigation to another Document
[33m[39m[32m┬╖[39m[33m[39m[32m┬╖[39m[33m[39m[32m┬╖[39m[90mstdout[2m | tests/unit/useDocumentGeneration.test.tsx[2m > [22m[2museDocumentGeneration payload handling[2m > [22m[2mvalidates and generates acceptance letter using legacy payload envelope
[22m[39m[useDocumentGeneration] Starting generation for type: acceptance

[90mstdout[2m | tests/unit/useDocumentGeneration.test.tsx[2m > [22m[2museDocumentGeneration payload handling[2m > [22m[2mvalidates and generates acceptance letter using legacy payload envelope
[22m[39m[useDocumentGeneration] Application data: {
  application_number: [32m'APP-001'[39m,
  public_tracking_code: [32m'TRK-001'[39m,
  status: [32m'approved'[39m,
  payment_status: [32m'verified'[39m,
  submitted_at: [32m'2026-01-01T00:00:00.000Z'[39m,
  updated_at: [32m'2026-01-02T00:00:00.000Z'[39m,
  program: [32m'Computer Science'[39m,
  intake: [32m'Fall'[39m,
  institution: [32m'MIHAS'[39m,
  full_name: [32m'Jane Doe'[39m,
  email: [32m'jane@example.com'[39m,
  phone: [32m'+260000000000'[39m
}

Not implemented: navigation to another Document
[33m[39m[32m┬╖[39m[90mstdout[2m | tests/unit/useDocumentGeneration.test.tsx[2m > [22m[2museDocumentGeneration payload handling[2m > [22m[2mvalidates and generates receipt path payload before receipt fetch
[22m[39m[useDocumentGeneration] Starting generation for type: receipt

[90mstdout[2m | tests/unit/useDocumentGeneration.test.tsx[2m > [22m[2museDocumentGeneration payload handling[2m > [22m[2mvalidates and generates receipt path payload before receipt fetch
[22m[39m[useDocumentGeneration] Application data: {
  application_number: [32m'APP-001'[39m,
  public_tracking_code: [32m'TRK-001'[39m,
  status: [32m'approved'[39m,
  payment_status: [32m'verified'[39m,
  submitted_at: [32m'2026-01-01T00:00:00.000Z'[39m,
  updated_at: [32m'2026-01-02T00:00:00.000Z'[39m,
  program: [32m'Computer Science'[39m,
  intake: [32m'Fall'[39m,
  institution: [32m'MIHAS'[39m,
  full_name: [32m'Jane Doe'[39m,
  email: [32m'jane@example.com'[39m,
  phone: [32m'+260000000000'[39m
}

Not implemented: navigation to another Document
[33m[39m[32m┬╖[39m[33m[39m[32m┬╖[39m[90mstdout[2m | tests/unit/auth-middleware.test.ts[2m > [22m[2mAuth Middleware[2m > [22m[2mgetAuthUser[2m > [22m[2mshould return null when token verification fails
[22m[39m[AUTH] Token verification failed: Invalid signature

[90mstdout[2m | tests/unit/auth-middleware.test.ts[2m > [22m[2mAuth Middleware[2m > [22m[2mrequireAuth (Requirement 8.5)[2m > [22m[2mshould throw AuthenticationError with TOKEN_EXPIRED code when token is expired
[22m[39m[AUTH] Token verification failed: Access token has expired

[33m[39m[32m┬╖[39m[33m[39m[32m┬╖[39m[33m[39m[32m┬╖[39m[33m[39m[32m┬╖[39m[33m[39m[32m┬╖[39m[33m[39m[32m┬╖[39m[33m[39m[32m┬╖[39m[33m[39m[32m┬╖[39m[90mstdout[2m | tests/unit/auth-middleware.test.ts[2m > [22m[2mAuth Middleware[2m > [22m[2mrequireAuth (Requirement 8.5)[2m > [22m[2mshould throw AuthenticationError with INVALID_TOKEN code when signature is invalid
[22m[39m[AUTH] Token verification failed: Invalid token signature

[90mstdout[2m | tests/unit/auth-middleware.test.ts[2m > [22m[2mAuth Middleware[2m > [22m[2mrequireRole (Requirement 8.6)[2m > [22m[2mshould throw AuthorizationError when user lacks required role
[22m[39m[AUTH] Authorization failed: user role student not in required roles admin, super_admin

[90mstdout[2m | tests/unit/auth-middleware.test.ts[2m > [22m[2mAuth Middleware[2m > [22m[2mrequireRole (Requirement 8.6)[2m > [22m[2mshould throw AuthorizationError when user lacks required role
[22m[39m[AUTH] Authorization failed: user role student not in required roles admin, super_admin

[90mstdout[2m | tests/unit/auth-middleware.test.ts[2m > [22m[2mAuth Middleware[2m > [22m[2mrequirePermission[2m > [22m[2mshould throw AuthorizationError when user lacks required permission
[22m[39m[AUTH] Authorization failed: user lacks permission users:delete

[90mstderr[2m | tests/unit/auth-permissions.test.ts[2m > [22m[2mRole-Based Permissions 
Module[2m > [22m[2mgetPermissionsForRole()[2m > [22m[2mshould return empty array for 
invalid roles
[22m[39m[PERMISSIONS] Unknown role requested: invalid_role

[33m[39m[32m┬╖[39m[33m[39m[32m┬╖[39m[33m[39m[32m┬╖[39m[33m[39m[32m┬╖[39m[33m[39m[32m┬╖[39m[33m[39m[32m┬╖[39m[33m[39m[32m┬╖[39m[33m[39m[32m┬╖[39m[33m[39m[32m┬╖[39m[33m[39m[32m┬╖[39m[33m[39m[32m┬╖[39m[33m[39m[32m┬╖[39m[33m[39m[32m┬╖[39m[33m[39m[32m┬╖[39m[33m[39m[32m┬╖[39m[33m[39m[32m┬╖[39m[33m[39m[32m┬╖[39m[33m[39m[32m┬╖[39m[33m[39m[32m┬╖[39m[33m[39m[32m┬╖[39m[33m[39m[32m┬╖[39m[33m[39m[32m┬╖[39m[33m[39m[32m┬╖[39m[33m[39m[32m┬╖[39m[33m[39m[32m┬╖[39m[33m[39m[32m┬╖[39m[33m[39m[32m┬╖[39m[33m[39m[32m┬╖[39m[33m[39m[32m┬╖[39m[33m[39m[32m┬╖[39m[33m[39m[32m┬╖[39m[33m[39m[32m┬╖[39m[33m[39m[32m┬╖[39m[33m[39m[32m┬╖[39m[33m[39m[32m┬╖[39m[33m[39m[32m┬╖[39m[33m[39m[32m┬╖[39m[33m[39m[32m┬╖[39m[33m[39m[32m┬╖[39m[33m[39m[32m┬╖[39m[33m[39m[32m┬╖[39m[33m[39m[32m┬╖[39m[33m[39m[32m┬╖[39m[33m[39m[32m┬╖[39m[33m[39m[32m┬╖[39m[33m[39m[32m┬╖[39m[33m[39m[32m┬╖[39m[33m[39m[32m┬╖[39m[33m[39m[32m┬╖[39m[33m[39m[32m┬╖[39m[33m[39m[32m┬╖[39m[33m[39m[32m┬╖[39m[33m[39m[32m┬╖[39m[33m[39m[32m┬╖[39m[33m[39m[32m┬╖[39m[33m[39m[32m┬╖[39m[33m[39m[32m┬╖[39m[33m[39m[32m┬╖[39m[33m[39m[32m┬╖[39m[33m[39m[32m┬╖[39m[33m[39m[32m┬╖[39m[33m[39m[32m┬╖[39m[33m[39m[32m┬╖[39m[33m[39m[32m┬╖[39m[33m[39m[32m┬╖[39m[33m[39m[32m┬╖[39m[33m[39m[32m┬╖[39m[33m[39m[32m┬╖[39m[33m[39m[32m┬╖[39m[33m[39m[32m┬╖[39m[33m[39m[32m┬╖[39m[33m[39m[32m┬╖[39m[33m[39m[32m┬╖[39m[33m[39m[32m┬╖[39m[33m[39m[32m┬╖[39m[33m[39m[32m┬╖[39m[33m[39m[32m┬╖[39m[33m[39m[32m┬╖[39m[33m[39m[32m┬╖[39m[33m[39m[32m┬╖[39m[33m[39m[32m┬╖[39m[33m[39m[32m┬╖[39m[33m[39m[32m┬╖[39m[33m[39m[32m┬╖[39m[33m[39m[32m┬╖[39m[33m[39m[32m┬╖[39m[33m[39m[32m┬╖[39m[33m[39m[32m┬╖[39m[33m[39m[32m┬╖[39m[33m[39m[32m┬╖[39m[33m[39m[32m┬╖[39m[33m[39m[32m┬╖[39m[33m[39m[32m┬╖[39m[33m[39m[32m┬╖[39m[33m[39m[32m┬╖[39m[33m[39m[32m┬╖[39m[33m[39m[32m┬╖[39m[33m[39m[32m┬╖[39m[33m[39m[32m┬╖[39m[33m[39m[32m┬╖[39m[33m[39m[32m┬╖[39m[33m[39m[32m┬╖[39m[33m[39m[32m┬╖[39m[33m[39m[32m┬╖[39m[33m[39m[32m┬╖[39m[33m[39m[32m┬╖[39m[33m[39m[32m┬╖[39m[33m[39m[32m┬╖[39m[33m[39m[32m┬╖[39m[33m[39m[32m┬╖[39m[33m[39m[32m┬╖[39m[33m[39m[32m┬╖[39m[33m[39m[32m┬╖[39m[33m[39m[32m┬╖[39m[33m[39m[32m┬╖[39m[33m[39m[32m┬╖[39m[33m[39m[32m┬╖[39m[33m[39m[32m┬╖[39m[33m[39m[32m┬╖[39m[33m[39m[32m┬╖[39m[33m[39m[32m┬╖[39m[33m[39m[32m┬╖[39m[33m[39m[32m┬╖[39m[33m[39m[32m┬╖[39m[33m[39m[32m┬╖[39m[33m[39m[32m┬╖[39m[33m[39m[32m┬╖[39m[33m[39m[32m┬╖[39m[33m[39m[32m┬╖[39m[33m[39m[32m┬╖[39m[33m[39m[32m┬╖[39m[33m[39m[32m┬╖[39m[33m[39m[32m┬╖[39m[33m[39m[32m┬╖[39m[33m[39m[32m┬╖[39m[33m[39m[32m┬╖[39m[33m[39m[32m┬╖[39m[33m[39m[32m┬╖[39m[33m[39m[32m┬╖[39m[33m[39m[32m┬╖[39m[33m[39m[32m┬╖[39m[33m[39m[32m┬╖[39m[33m[39m[32m┬╖[39m[33m[39m[32m┬╖[39m[33m[39m[32m┬╖[39m[33m[39m[32m┬╖[39m[33m[39m[32m┬╖[39m[33m[39m[32m┬╖[39m[33m[39m[32m┬╖[39m[33m[39m[32m┬╖[39m[33m[39m[32m┬╖[39m[33m[39m[32m┬╖[39m[33m[39m[32m┬╖[39m[33m[39m[32m┬╖[39m[33m[39m[32m┬╖[39m[33m[39m[32m┬╖[39m[33m[39m[32m┬╖[39m[33m[39m[31mx[39m[33m[39m[32m┬╖[39m[33m[39m[32m┬╖[39m[33m[39m[32m┬╖[39m[33m[39m[32m┬╖[39m[33m[39m[32m┬╖[39m[33m[39m[32m┬╖[39m[33m[39m[32m┬╖[39m[33m[39m[32m┬╖[39m[33m[39m[32m┬╖[39m[33m[39m[32m┬╖[39m[33m[39m[32m┬╖[39m[33m[39m[32m┬╖[39m[33m[39m[32m┬╖[39m[33m[39m[32m┬╖[39m[33m[39m[32m┬╖[39m[33m[39m[32m┬╖[39m[33m[39m[32m┬╖[39m[33m[39m[32m┬╖[39m[33m[39m[32m┬╖[39m[33m[39m[32m┬╖[39m[33m[39m[32m┬╖[39m[33m[39m[32m┬╖[39m[33m[39m[32m┬╖[39m[33m[39m[32m┬╖[39m[33m[39m[32m┬╖[39m[33m[39m[32m┬╖[39m[33m[39m[32m┬╖[39m[33m[39m[32m┬╖[39m[33m[39m[32m┬╖[39m[33m[39m[32m┬╖[39m[33m[39m[32m┬╖[39m[33m[39m[32m┬╖[39m[33m[39m[32m┬╖[39m[33m[39m[32m┬╖[39m[33m[39m[32m┬╖[39m[33m[39m[32m┬╖[39m[33m[39m[32m┬╖[39m[33m[39m[32m┬╖[39m[33m[39m[32m┬╖[39m[33m[39m[32m┬╖[39m[33m[39m[32m┬╖[39m[33m[39m[32m┬╖[39m[33m[39m[32m┬╖[39m[33m[39m[32m┬╖[39m[33m[39m[32m┬╖[39m[33m[39m[32m┬╖[39m[33m[39m[32m┬╖[39m[33m[39m[32m┬╖[39m[33m[39m[32m┬╖[39m[33m[39m[32m┬╖[39m[33m[39m[32m┬╖[39m[33m[39m[32m┬╖[39m[33m[39m[32m┬╖[39m[33m[39m[32m┬╖[39m[33m[39m[32m┬╖[39m[33m[39m[32m┬╖[39m[33m[39m[32m┬╖[39m[33m[39m[32m┬╖[39m[33m[39m[32m┬╖[39m[33m[39m[32m┬╖[39m[33m[39m[32m┬╖[39m[33m[39m[32m┬╖[39m[33m[39m[32m┬╖[39m[33m[39m[32m┬╖[39m[33m[39m[32m┬╖[39m[33m[39m[32m┬╖[39m[33m[39m[32m┬╖[39m[33m[39m[32m┬╖[39m[33m[39m[32m┬╖[39m[33m[39m[32m┬╖[39m[33m[39m[32m┬╖[39m[33m[39m[32m┬╖[39m[33m[39m[32m┬╖[39m[33m[39m[32m┬╖[39m[33m[39m[32m┬╖[39m[33m[39m[32m┬╖[39m[33m[39m[32m┬╖[39m[33m[39m[32m┬╖[39m[33m[39m[32m┬╖[39m[33m[39m[32m┬╖[39m[33m[39m[32m┬╖[39m[33m[39m[32m┬╖[39m[33m[39m[32m┬╖[39m[33m[39m[32m┬╖[39m[33m[39m[32m┬╖[39m[33m[39m[32m┬╖[39m[33m[39m[32m┬╖[39m[33m[39m[32m┬╖[39m[33m[39m[32m┬╖[39m[33m[39m[32m┬╖[39m[33m[39m[32m┬╖[39m[33m[39m[32m┬╖[39m[33m[39m[32m┬╖[39m[33m[39m[32m┬╖[39m[33m[39m[32m┬╖[39m[33m[39m[32m┬╖[39m[33m[39m[32m┬╖[39m[33m[39m[32m┬╖[39m[33m[39m[32m┬╖[39m[33m[39m[32m┬╖[39m[33m[39m[32m┬╖[39m[33m[39m[32m┬╖[39m[33m[39m[32m┬╖[39m[33m[39m[32m┬╖[39m[33m[39m[32m┬╖[39m[33m[39m[32m┬╖[39m[33m[39m[32m┬╖[39m[33m[39m[32m┬╖[39m[33m[39m[32m┬╖[39m[33m[39m[32m┬╖[39m[33m[39m[32m┬╖[39m[33m[39m[32m┬╖[39m[33m[39m[32m┬╖[39m[33m[39m[32m┬╖[39m[33m[39m[32m┬╖[39m[33m[39m[32m┬╖[39m[33m[39m[32m┬╖[39m[33m[39m[32m┬╖[39m[33m[39m[32m┬╖[39m[33m[39m[32m┬╖[39m[33m[39m[32m┬╖[39m[33m[39m[32m┬╖[39m[33m[39m[32m┬╖[39m[33m[39m[32m┬╖[39m[33m[39m[32m┬╖[39m[33m[39m[32m┬╖[39m[33m[39m[32m┬╖[39m[33m[39m[32m┬╖[39m[33m[39m[32m┬╖[39m[33m[39m[32m┬╖[39m[33m[39m[32m┬╖[39m[33m[39m[32m┬╖[39m[33m[39m[32m┬╖[39m[33m[39m[32m┬╖[39m[33m[39m[32m┬╖[39m[33m[39m[32m┬╖[39m[33m[39m[32m┬╖[39m[33m[39m[32m┬╖[39m[33m[39m[32m┬╖[39m[33m[39m[32m┬╖[39m[33m[39m[32m┬╖[39m[33m[39m[32m┬╖[39m[33m[39m[32m┬╖[39m[33m[39m[32m┬╖[39m[33m[39m[32m┬╖[39m[33m[39m[32m┬╖[39m[33m[39m[32m┬╖[39m[33m[39m[32m┬╖[39m[33m[39m[32m┬╖[39m[33m[39m[32m┬╖[39m[33m[39m[32m┬╖[39m[33m[39m[32m┬╖[39m[33m[39m[32m┬╖[39m[33m[39m[32m┬╖[39m[33m[39m[32m┬╖[39m[33m[39m[32m┬╖[39m[33m[39m[32m┬╖[39m[33m[39m[32m┬╖[39m[33m[39m[32m┬╖[39m[33m[39m[32m┬╖[39m[33m[39m[32m┬╖[39m[33m[39m[32m┬╖[39m[33m[39m[32m┬╖[39m[33m[39m[32m┬╖[39m[33m[39m[32m┬╖[39m[33m[39m[32m┬╖[39m[33m[39m[32m┬╖[39m[33m[39m[32m┬╖[39m[33m[39m[32m┬╖[39m[33m[39m[32m┬╖[39m[33m[39m[32m┬╖[39m[33m[39m[32m┬╖[39m[33m[39m[32m┬╖[39m[33m[39m[32m┬╖[39m[33m[39m[32m┬╖[39m[33m[39m[32m┬╖[39m[33m[39m[32m┬╖[39m[33m[39m[32m┬╖[39m[33m[39m[32m┬╖[39m[33m[39m[32m┬╖[39m[33m[39m[32m┬╖[39m[33m[39m[32m┬╖[39m[33m[39m[32m┬╖[39m[33m[39m[32m┬╖[39m[33m[39m[32m┬╖[39m[33m[39m[32m┬╖[39m[33m[39m[32m┬╖[39m[33m[39m[32m┬╖[39m[33m[39m[32m┬╖[39m[33m[39m[32m┬╖[39m[33m[39m[32m┬╖[39m[33m[39m[32m┬╖[39m[33m[39m[32m┬╖[39m[33m[39m[32m┬╖[39m[33m[39m[32m┬╖[39m[33m[39m[32m┬╖[39m[33m[39m[32m┬╖[39m[33m[39m[32m┬╖[39m[33m[39m[32m┬╖[39m[33m[39m[32m┬╖[39m[33m[39m[32m┬╖[39m[33m[39m[32m┬╖[39m[33m[39m[32m┬╖[39m[33m[39m[32m┬╖[39m[33m[39m[32m┬╖[39m[33m[39m[32m┬╖[39m[33m[39m[32m┬╖[39m[33m[39m[32m┬╖[39m[33m[39m[32m┬╖[39m[33m[39m[32m┬╖[39m[33m[39m[32m┬╖[39m[33m[39m[32m┬╖[39m[33m[39m[32m┬╖[39m[90mstdout[2m | tests/unit/contracts/actionAlignment.test.ts[2m > [22m[2mFrontend-Backend Action Alignment[2m > [22m[2mshould report alignment summary
[22m[39m
=== Action Alignment Summary ===
Total frontend actions found: 46
Aligned (backend case exists): 33
Known mismatches (documented): 13
Unknown mismatches (NEW gaps): 0

Known mismatches (stub/removed features):
  - /api/applications?action=improvement-plans (from src\services\alternativePathwayService.ts)
  - /api/applications?action=pathway-recommendations (from src\services\alternativePathwayService.ts)
  - /api/applications?action=update-plan-progress (from src\services\alternativePathwayService.ts)
  - /api/applications?action=store-pathway-recommendations (from src\services\alternativePathwayService.ts)
  - /api/applications?action=store-improvement-plan (from src\services\alternativePathwayService.ts)
  - /api/applications?action=eligibility-assessments (from src\services\detailedEligibilityService.ts)
  - /api/applications?action=track-recommendation (from src\services\detailedEligibilityService.ts)
  - /api/applications?action=recommendation-actions (from src\services\detailedEligibilityService.ts)
  - /api/applications?action=save-eligibility-assessment (from src\services\detailedEligibilityService.ts)
  - /api/applications?action=track-event (from src\services\metricsTracking.ts)
  - /api/auth?action=verify-email (from src\lib\api\authApi.ts)
  - /api/documents?action=url (from src\lib\storage.ts)
  - /api/documents?action=info (from src\lib\storage.ts)

[33m[39m[32m┬╖[39m[33m[39m[32m┬╖[39m[33m[39m[32m┬╖[39m[33m[39m[32m┬╖[39m[33m[39m[32m┬╖[39m[33m[39m[32m┬╖[39m[33m[39m[32m┬╖[39m[33m[39m[32m┬╖[39m[33m[39m[32m┬╖[39m[33m[39m[32m┬╖[39m[33m[39m[32m┬╖[39m[33m[39m[32m┬╖[39m[33m[39m[32m┬╖[39m[33m[39m[32m┬╖[39m[33m[39m[32m┬╖[39m[33m[39m[32m┬╖[39m[33m[39m[32m┬╖[39m[33m[39m[32m┬╖[39m[33m[39m[32m┬╖[39m[33m[39m[32m┬╖[39m[33m[39m[32m┬╖[39m[33m[39m[32m┬╖[39m[33m[39m[32m┬╖[39m[33m[39m[32m┬╖[39m[33m[39m[32m┬╖[39m[33m[39m[32m┬╖[39m[33m[39m[32m┬╖[39m[33m[39m[32m┬╖[39m[33m[39m[32m┬╖[39m[33m[39m[32m┬╖[39m[33m[39m[32m┬╖[39m[33m[39m[32m┬╖[39m[33m[39m[32m┬╖[39m[33m[39m[32m┬╖[39m[33m[39m[32m┬╖[39m[33m[39m[32m┬╖[39m[33m[39m[32m┬╖[39m[33m[39m[32m┬╖[39m[33m[39m[32m┬╖[39m[33m[39m[32m┬╖[39m[90mstdout[2m | tests/unit/api/applications.status-updates.test.ts[2m > [22m[2mapplications status/payment atomic update flows[2m > [22m[2mapproves application atomically without BEGIN/COMMIT multi-call orchestration
[22m[39m[applications] Status updated: app-1 approved

[90mstdout[2m | tests/unit/api/applications.status-updates.test.ts[2m > [22m[2mapplications status/payment atomic update flows[2m > [22m[2mverifies payment atomically with notification insert
[22m[39m[applications] Payment status updated: app-1 verified

[90mstdout[2m | tests/unit/api/applications.status-updates.test.ts[2m > [22m[2mapplications status/payment atomic update flows[2m > [22m[2mrejects payment atomically with notification insert
[22m[39m[applications] Payment status updated: app-1 rejected

[33m[39m[32m┬╖[39m[33m[39m[32m┬╖[39m[33m[39m[32m┬╖[39m[33m[39m[32m┬╖[39m[33m[39m[32m┬╖[39m[33m[39m[32m┬╖[39m[33m[39m[32m┬╖[39m[33m[39m[32m┬╖[39m[33m[39m[32m┬╖[39m[33m[39m[32m┬╖[39m[33m[39m[32m┬╖[39m[33m[39m[32m┬╖[39m[33m[39m[32m┬╖[39m[33m[39m[32m┬╖[39m[33m[39m[32m┬╖[39m[33m[39m[32m┬╖[39m[33m[39m[32m┬╖[39m[33m[39m[32m┬╖[39m[33m[39m[32m┬╖[39m[33m[39m[32m┬╖[39m[33m[39m[32m┬╖[39m[33m[39m[32m┬╖[39m[33m[39m[32m┬╖[39m[33m[39m[32m┬╖[39m[33m[39m[32m┬╖[39m[33m[39m[32m┬╖[39m[33m[39m[32m┬╖[39m[33m[39m[32m┬╖[39m[33m[39m[32m┬╖[39m[33m[39m[32m┬╖[39m[33m[39m[32m┬╖[39m[33m[39m[32m┬╖[39m[33m[39m[32m┬╖[39m[33m[39m[32m┬╖[39m[33m[39m[32m┬╖[39m[33m[39m[32m┬╖[39m[33m[39m[32m┬╖[39m[33m[39m[32m┬╖[39m[33m[39m[32m┬╖[39m[33m[39m[32m┬╖[39m[33m[39m[32m┬╖[39m[33m[39m[32m┬╖[39m[33m[39m[32m┬╖[39m[33m[39m[32m┬╖[39m[33m[39m[32m┬╖[39m[33m[39m[32m┬╖[39m[33m[39m[32m┬╖[39m[33m[39m[32m┬╖[39m[33m[39m[32m┬╖[39m[33m[39m[32m┬╖[39m[33m[39m[32m┬╖[39m[33m[39m[32m┬╖[39m[33m[39m[32m┬╖[39m[33m[39m[32m┬╖[39m[33m[39m[32m┬╖[39m[33m[39m[32m┬╖[39m[33m[39m[32m┬╖[39m[33m[39m[32m┬╖[39m[33m[39m[32m┬╖[39m[33m[39m[32m┬╖[39m[33m[39m[32m┬╖[39m[33m[39m[32m┬╖[39m[33m[39m[32m┬╖[39m[33m[39m[32m┬╖[39m[33m[39m[32m┬╖[39m[33m[39m[32m┬╖[39m[33m[39m[32m┬╖[39m[33m[39m[32m┬╖[39m[33m[39m[32m┬╖[39m[33m[39m[32m┬╖[39m[33m[39m[32m┬╖[39m[33m[39m[32m┬╖[39m[33m[39m[32m┬╖[39m[33m[39m[32m┬╖[39m[33m[39m[32m┬╖[39m[33m[39m[32m┬╖[39m[33m[39m[32m┬╖[39m[33m[39m[32m┬╖[39m[33m[39m[32m┬╖[39m[33m[39m[32m┬╖[39m[33m[39m[32m┬╖[39m[33m[39m[32m┬╖[39m[33m[39m[32m┬╖[39m[33m[39m[32m┬╖[39m[33m[39m[32m┬╖[39m[33m[39m[32m┬╖[39m[33m[39m[32m┬╖[39m[33m[39m[32m┬╖[39m[33m[39m[32m┬╖[39m[33m[39m[32m┬╖[39m[33m[39m[32m┬╖[39m[33m[39m[32m┬╖[39m[33m[39m[32m┬╖[39m[33m[39m[32m┬╖[39m[33m[39m[32m┬╖[39m[33m[39m[32m┬╖[39m[33m[39m[32m┬╖[39m[33m[39m[32m┬╖[39m[33m[39m[32m┬╖[39m[33m[39m[32m┬╖[39m[33m[39m[32m┬╖[39m[33m[39m[32m┬╖[39m[33m[39m[32m┬╖[39m[33m[39m[32m┬╖[39m[33m[39m[32m┬╖[39m[33m[39m[32m┬╖[39m[33m[39m[32m┬╖[39m[33m[39m[32m┬╖[39m[33m[39m[32m┬╖[39m[33m[39m[32m┬╖[39m[33m[39m[32m┬╖[39m[33m[39m[32m┬╖[39m[33m[39m[32m┬╖[39m[33m[39m[32m┬╖[39m[33m[39m[32m┬╖[39m[33m[39m[32m┬╖[39m[33m[39m[32m┬╖[39m[33m[39m[32m┬╖[39m[33m[39m[32m┬╖[39m[33m[39m[32m┬╖[39m[33m[39m[32m┬╖[39m[33m[39m[32m┬╖[39m[33m[39m[32m┬╖[39m[33m[39m[32m┬╖[39m[33m[39m[32m┬╖[39m[33m[39m[32m┬╖[39m[33m[39m[32m┬╖[39m[33m[39m[32m┬╖[39m[33m[39m[32m┬╖[39m[33m[39m[32m┬╖[39m[33m[39m[32m┬╖[39m[33m[39m[32m┬╖[39m[33m[39m[32m┬╖[39m[33m[39m[32m┬╖[39m[33m[39m[32m┬╖[39m[33m[39m[32m┬╖[39m[33m[39m[32m┬╖[39m[33m[39m[32m┬╖[39m[33m[39m[32m┬╖[39m[33m[39m[32m┬╖[39m[33m[39m[32m┬╖[39m[33m[39m[32m┬╖[39m[33m[39m[32m┬╖[39m[33m[39m[32m┬╖[39m[33m[39m[32m┬╖[39m[33m[39m[32m┬╖[39m[33m[39m[32m┬╖[39m[33m[39m[32m┬╖[39m[33m[39m[32m┬╖[39m[33m[39m[32m┬╖[39m[33m[39m[32m┬╖[39m[33m[39m[32m┬╖[39m[33m[39m[32m┬╖[39m[33m[39m[32m┬╖[39m[33m[39m[32m┬╖[39m[33m[39m[2m[90m-[39m[22m[33m[39m[2m[90m-[39m[22m[33m[39m[2m[90m-[39m[22m[33m[39m[2m[90m-[39m[22m[33m[39m[2m[90m-[39m[22m[33m[39m[2m[90m-[39m[22m[33m[39m[2m[90m-[39m[22m[33m[39m[2m[90m-[39m[22m

[31mΓÄ»ΓÄ»ΓÄ»ΓÄ»ΓÄ»ΓÄ»[39m[1m[41m Failed Suites 2 
[49m[22m[31mΓÄ»ΓÄ»ΓÄ»ΓÄ»ΓÄ»ΓÄ»ΓÄ»[39m

[41m[1m FAIL [22m[49m tests/property/notificationAuditor.property.test.ts[2m [ 
tests/property/notificationAuditor.property.test.ts ][22m
[31m[1mError[22m: Hook timed out in 10000ms.
If this is a long-running hook, pass a timeout value as the last argument or configure it 
globally with "hookTimeout".[39m
[36m [2mΓ¥»[22m tests/property/notificationAuditor.property.test.ts:[2m245:1[22m[39m
    [90m243| [39m})[33m;[39m
    [90m244| [39m
    [90m245| [39m[34mafterAll[39m([35masync[39m () [33m=>[39m {
    [90m   | [39m[31m^[39m
    [90m246| [39m  [90m// Clean up all test fixtures[39m
    [90m247| [39m  [35mtry[39m {

[31m[2mΓÄ»ΓÄ»ΓÄ»ΓÄ»ΓÄ»ΓÄ»ΓÄ»ΓÄ»ΓÄ»ΓÄ»ΓÄ»ΓÄ»ΓÄ»ΓÄ»ΓÄ»ΓÄ»ΓÄ»ΓÄ»ΓÄ»ΓÄ»ΓÄ»ΓÄ»ΓÄ»[1/83]ΓÄ»[22m
[39m

[41m[1m FAIL [22m[49m tests/property/stateVerifier.property.test.ts[2m > [22mProperty 
7: State Handling Verification
[31m[1mError[22m: Hook timed out in 10000ms.
If this is a long-running hook, pass a timeout value as the last argument or configure it 
globally with "hookTimeout".[39m
[36m [2mΓ¥»[22m tests/property/stateVerifier.property.test.ts:[2m359:3[22m[39m
    [90m357| [39m  
    [90m358| [39m  [90m// Clean up all test fixtures after all tests complete[39m
    [90m359| [39m  [34mafterAll[39m([35masync[39m () [33m=>[39m {
    [90m   | [39m  [31m^[39m
    [90m360| [39m    [35mtry[39m {
    [90m361| [39m      [35mawait[39m 
[34mrm[39m([33mTEST_FIXTURES_BASE[39m[33m,[39m { recursive[33m:[39m 
[35mtrue[39m[33m,[39m force[33m:[39m [35mtrue[39m })[33m;[39m

[31m[2mΓÄ»ΓÄ»ΓÄ»ΓÄ»ΓÄ»ΓÄ»ΓÄ»ΓÄ»ΓÄ»ΓÄ»ΓÄ»ΓÄ»ΓÄ»ΓÄ»ΓÄ»ΓÄ»ΓÄ»ΓÄ»ΓÄ»ΓÄ»ΓÄ»ΓÄ»ΓÄ»[2/83]ΓÄ»[22m
[39m


[31mΓÄ»ΓÄ»ΓÄ»ΓÄ»ΓÄ»ΓÄ»[39m[1m[41m Failed Tests 81 
[49m[22m[31mΓÄ»ΓÄ»ΓÄ»ΓÄ»ΓÄ»ΓÄ»ΓÄ»[39m

[41m[1m FAIL [22m[49m tests/integration/mime-types.integration.test.ts[2m > 
[22mFeature: bun-vercel-runtime-forensics, MIME Types[2m > [22mAPI Response Content-Type 
(Requirement 6.3)[2m > [22mshould have errorHandler set Content-Type to application/json
[31m[1mError[22m: ENOENT: no such file or directory, open 
'C:\Users\Administrator\Documents\mihasv3\api\_lib\errorHandler.ts'[39m
[36m [2mΓ¥»[22m tests/integration/mime-types.integration.test.ts:[2m88:31[22m[39m
    [90m 86| [39m    it('should have errorHandler set Content-Type to application/json'ΓÇª
    [90m 87| [39m      const errorHandlerPath = path.join(process.cwd(), 'api/_lib/erroΓÇª
    [90m 88| [39m      [35mconst[39m errorHandler [33m=[39m 
fs[33m.[39m[34mreadFileSync[39m(errorHandlerPath[33m,[39m 
[32m'utf-8'[39m)[33m;[39m
    [90m   | [39m                              [31m^[39m
    [90m 89| [39m
    [90m 90| [39m      [90m// Check that Content-Type is set for error responses[39m

[31m[2mΓÄ»ΓÄ»ΓÄ»ΓÄ»ΓÄ»ΓÄ»ΓÄ»ΓÄ»ΓÄ»ΓÄ»ΓÄ»ΓÄ»ΓÄ»ΓÄ»ΓÄ»ΓÄ»ΓÄ»ΓÄ»ΓÄ»ΓÄ»ΓÄ»ΓÄ»ΓÄ»[3/83]ΓÄ»[22m
[39m

[41m[1m FAIL [22m[49m tests/integration/mime-types.integration.test.ts[2m > 
[22mFeature: bun-vercel-runtime-forensics, MIME Types[2m > [22mAPI Response Content-Type 
(Requirement 6.3)[2m > [22mshould have catch-all 404 handler use sendError (which sets 
Content-Type)
[31m[1mError[22m: ENOENT: no such file or directory, open 
'C:\Users\Administrator\Documents\mihasv3\api\[...path].ts'[39m
[36m [2mΓ¥»[22m tests/integration/mime-types.integration.test.ts:[2m96:27[22m[39m
    [90m 94| [39m    it('should have catch-all 404 handler use sendError (which sets CoΓÇª
    [90m 95| [39m      const catchAllPath = path.join(process.cwd(), 'api/[...path].ts'ΓÇª
    [90m 96| [39m      [35mconst[39m catchAll [33m=[39m 
fs[33m.[39m[34mreadFileSync[39m(catchAllPath[33m,[39m [32m'utf-8'[39m)[33m;[39m
    [90m   | [39m                          [31m^[39m
    [90m 97| [39m
    [90m 98| [39m      // Check that sendError is used (which sets Content-Type to applΓÇª

[31m[2mΓÄ»ΓÄ»ΓÄ»ΓÄ»ΓÄ»ΓÄ»ΓÄ»ΓÄ»ΓÄ»ΓÄ»ΓÄ»ΓÄ»ΓÄ»ΓÄ»ΓÄ»ΓÄ»ΓÄ»ΓÄ»ΓÄ»ΓÄ»ΓÄ»ΓÄ»ΓÄ»[4/83]ΓÄ»[22m
[39m

[41m[1m FAIL [22m[49m tests/integration/mime-types.integration.test.ts[2m > 
[22mFeature: bun-vercel-runtime-forensics, MIME Types[2m > [22mSPA Routing 
Configuration[2m > [22mshould have SPA fallback rewrite configured
[31m[1mAssertionError[22m: expected undefined to be defined[39m
[36m [2mΓ¥»[22m tests/integration/mime-types.integration.test.ts:[2m146:26[22m[39m
    [90m144| [39m      )[33m;[39m
    [90m145| [39m
    [90m146| [39m      
[34mexpect[39m(spaRewrite)[33m.[39m[34mtoBeDefined[39m()[33m;[39m
    [90m   | [39m                         [31m^[39m
    [90m147| [39m    })[33m;[39m
    [90m148| [39m

[31m[2mΓÄ»ΓÄ»ΓÄ»ΓÄ»ΓÄ»ΓÄ»ΓÄ»ΓÄ»ΓÄ»ΓÄ»ΓÄ»ΓÄ»ΓÄ»ΓÄ»ΓÄ»ΓÄ»ΓÄ»ΓÄ»ΓÄ»ΓÄ»ΓÄ»ΓÄ»ΓÄ»[5/83]ΓÄ»[22m
[39m

[41m[1m FAIL [22m[49m tests/integration/mime-types.integration.test.ts[2m > 
[22mFeature: bun-vercel-runtime-forensics, MIME Types[2m > [22mSPA Routing 
Configuration[2m > [22mshould have API routes configured before SPA fallback
[31m[1mAssertionError[22m: expected 0 to be less than -1[39m
[36m [2mΓ¥»[22m tests/integration/mime-types.integration.test.ts:[2m166:31[22m[39m
    [90m164| [39m
    [90m165| [39m      [90m// API routes should come before SPA fallback[39m
    [90m166| [39m      [34mexpect[39m(apiRewriteIndex)[33m.[39m[34mtoBeLessThan[39m(
spaRewriteIndex)[33m;[39m
    [90m   | [39m                              [31m^[39m
    [90m167| [39m    })[33m;[39m
    [90m168| [39m  })[33m;[39m

[31m[2mΓÄ»ΓÄ»ΓÄ»ΓÄ»ΓÄ»ΓÄ»ΓÄ»ΓÄ»ΓÄ»ΓÄ»ΓÄ»ΓÄ»ΓÄ»ΓÄ»ΓÄ»ΓÄ»ΓÄ»ΓÄ»ΓÄ»ΓÄ»ΓÄ»ΓÄ»ΓÄ»[6/83]ΓÄ»[22m
[39m

[41m[1m FAIL [22m[49m tests/integration/mime-types.integration.test.ts[2m > 
[22mFeature: bun-vercel-runtime-forensics, MIME Types[2m > [22mNo text/html for 
JavaScript Modules[2m > [22mshould not serve JavaScript as text/html (prevents MIME type 
errors)
[31m[1mAssertionError[22m: expected '/((?!assets/|images/|sw\.js|manifest\ΓÇª' to be 
'/(.*)' // Object.is equality[39m

Expected: [32m"/(.*)"[39m
Received: [31m"/([7m(?!assets/|images/|sw\.js|manifest\.json|favicon\.ico|robots\.txt|site
map\.xml|offline\.html)[27m.*)"[39m

[36m [2mΓ¥»[22m tests/integration/mime-types.integration.test.ts:[2m183:34[22m[39m
    [90m181| [39m      [35mconst[39m lastRewrite [33m=[39m 
rewrites[rewrites[33m.[39mlength [33m-[39m [34m1[39m][33m;[39m
    [90m182| [39m      
    [90m183| [39m      [34mexpect[39m(lastRewrite[33m.[39msource)[33m.[39m[34mtoBe
[39m([32m'/(.*)'[39m)[33m;[39m
    [90m   | [39m                                 [31m^[39m
    [90m184| [39m      [34mexpect[39m(lastRewrite[33m.[39mdestination)[33m.[39m[34m
toBe[39m([32m'/index.html'[39m)[33m;[39m
    [90m185| [39m

[31m[2mΓÄ»ΓÄ»ΓÄ»ΓÄ»ΓÄ»ΓÄ»ΓÄ»ΓÄ»ΓÄ»ΓÄ»ΓÄ»ΓÄ»ΓÄ»ΓÄ»ΓÄ»ΓÄ»ΓÄ»ΓÄ»ΓÄ»ΓÄ»ΓÄ»ΓÄ»ΓÄ»[7/83]ΓÄ»[22m
[39m

[41m[1m FAIL [22m[49m tests/property/authVerifier.property.test.ts[2m > [22mProperty 
5: Auth Check Verification[2m > [22museAuth pattern detection[2m > [22mPROPERTY: 
useAuth hook usage is correctly detected
[31m[1mError[22m: Test timed out in 30000ms.
If this is a long-running test, pass a timeout value as the last argument or configure it 
globally with "testTimeout".[39m
[36m [2mΓ¥»[22m tests/property/authVerifier.property.test.ts:[2m351:5[22m[39m
    [90m349| [39m
    [90m350| [39m  [34mdescribe[39m([32m'useAuth pattern detection'[39m[33m,[39m () 
[33m=>[39m {
    [90m351| [39m    it('PROPERTY: useAuth hook usage is correctly detected', async () ΓÇª
    [90m   | [39m    [31m^[39m
    [90m352| [39m      [35mconst[39m testDir [33m=[39m 
[34mgetUniqueTestDir[39m()[33m;[39m
    [90m353| [39m      [35mawait[39m [34msetupTestDir[39m(testDir)[33m;[39m

[31m[2mΓÄ»ΓÄ»ΓÄ»ΓÄ»ΓÄ»ΓÄ»ΓÄ»ΓÄ»ΓÄ»ΓÄ»ΓÄ»ΓÄ»ΓÄ»ΓÄ»ΓÄ»ΓÄ»ΓÄ»ΓÄ»ΓÄ»ΓÄ»ΓÄ»ΓÄ»ΓÄ»[8/83]ΓÄ»[22m
[39m

[41m[1m FAIL [22m[49m tests/property/authVerifier.property.test.ts[2m > [22mProperty 
5: Auth Check Verification[2m > [22museAuth pattern detection[2m > [22mPROPERTY: All 
auth hook variants are detected
[31m[1mError[22m: Test timed out in 30000ms.
If this is a long-running test, pass a timeout value as the last argument or configure it 
globally with "testTimeout".[39m
[36m [2mΓ¥»[22m tests/property/authVerifier.property.test.ts:[2m381:5[22m[39m
    [90m379| [39m    })[33m;[39m
    [90m380| [39m
    [90m381| [39m    [34mit[39m([32m'PROPERTY: All auth hook variants are 
detected'[39m[33m,[39m [35masync[39m () [33m=>[39m {
    [90m   | [39m    [31m^[39m
    [90m382| [39m      [35mconst[39m testDir [33m=[39m 
[34mgetUniqueTestDir[39m()[33m;[39m
    [90m383| [39m      [35mawait[39m [34msetupTestDir[39m(testDir)[33m;[39m

[31m[2mΓÄ»ΓÄ»ΓÄ»ΓÄ»ΓÄ»ΓÄ»ΓÄ»ΓÄ»ΓÄ»ΓÄ»ΓÄ»ΓÄ»ΓÄ»ΓÄ»ΓÄ»ΓÄ»ΓÄ»ΓÄ»ΓÄ»ΓÄ»ΓÄ»ΓÄ»ΓÄ»[9/83]ΓÄ»[22m
[39m

[41m[1m FAIL [22m[49m tests/property/contractAuditor.property.test.ts[2m > 
[22mProperty 1: API Call Extraction Completeness[2m > [22mEvery extracted APICallInfo 
has all required fields[2m > [22mPROPERTY: Every extracted APICallInfo has filePath 
(non-empty string)
[31m[1mError[22m: Property failed after 4 tests
{ seed: 1166748958, path: "3:0:0:0:0", endOnFailure: true }
Counterexample: 
[[{"endpoint":"/api/auth","method":"GET","authMechanism":"cookie","callType":"fetch"}]]
Shrunk 4 time(s)

Hint: Enable verbose mode in order to have the list of all failing values encountered 
during the run[39m
[90m [2mΓ¥»[22m buildError 
node_modules/fast-check/lib/check/runner/utils/RunDetailsFormatter.js:[2m156:19[22m[39m
[90m [2mΓ¥»[22m asyncThrowIfFailed 
node_modules/fast-check/lib/check/runner/utils/RunDetailsFormatter.js:[2m170:11[22m[39m

[31m[1mCaused by: Error[22m: ENOENT: no such file or directory, open 'C:\Users\Administra
tor\Documents\mihasv3\.test-fixtures-contract-auditor\src\services\test-service.ts'[39m
[36m [2mΓ¥»[22m writeTestServiceFile 
tests/property/contractAuditor.property.test.ts:[2m235:3[22m[39m
[90m [2mΓ¥»[22m tests/property/contractAuditor.property.test.ts:[2m264:13[22m[39m
[90m [2mΓ¥»[22m AsyncProperty.run 
node_modules/fast-check/lib/check/property/AsyncProperty.generic.js:[2m43:28[22m[39m
[90m [2mΓ¥»[22m asyncRunIt 
node_modules/fast-check/lib/check/runner/Runner.js:[2m24:21[22m[39m
[90m [2mΓ¥»[22m tests/property/contractAuditor.property.test.ts:[2m259:7[22m[39m

[31m[2mΓÄ»ΓÄ»ΓÄ»ΓÄ»ΓÄ»ΓÄ»ΓÄ»ΓÄ»ΓÄ»ΓÄ»ΓÄ»ΓÄ»ΓÄ»ΓÄ»ΓÄ»ΓÄ»ΓÄ»ΓÄ»ΓÄ»ΓÄ»ΓÄ»ΓÄ»ΓÄ»ΓÄ»ΓÄ»ΓÄ»ΓÄ»ΓÄ
»ΓÄ»ΓÄ»[22m[39m
[31m[1mSerialized Error:[22m[39m [90m{ errno: -4058, code: 'ENOENT', syscall: 'open', 
path: 'C:\Users\Administrator\Documents\mihasv3\.test-fixtures-contract-auditor\src\services
\test-service.ts' }[39m
[31m[2mΓÄ»ΓÄ»ΓÄ»ΓÄ»ΓÄ»ΓÄ»ΓÄ»ΓÄ»ΓÄ»ΓÄ»ΓÄ»ΓÄ»ΓÄ»ΓÄ»ΓÄ»ΓÄ»ΓÄ»ΓÄ»ΓÄ»ΓÄ»ΓÄ»ΓÄ»[10/83]ΓÄ»[22m[
39m

[41m[1m FAIL [22m[49m tests/property/contractAuditor.property.test.ts[2m > 
[22mProperty 1: API Call Extraction Completeness[2m > [22mEvery extracted APICallInfo 
has all required fields[2m > [22mPROPERTY: Every extracted APICallInfo has lineNumber 
(positive integer)
[31m[1mError[22m: Test timed out in 30000ms.
If this is a long-running test, pass a timeout value as the last argument or configure it 
globally with "testTimeout".[39m
[36m [2mΓ¥»[22m tests/property/contractAuditor.property.test.ts:[2m279:5[22m[39m
    [90m277| [39m    })[33m;[39m
    [90m278| [39m
    [90m279| [39m    it('PROPERTY: Every extracted APICallInfo has lineNumber (positiveΓÇª
    [90m   | [39m    [31m^[39m
    [90m280| [39m      [35mawait[39m fc[33m.[39m[34massert[39m(
    [90m281| [39m        fc[33m.[39m[34masyncProperty[39m(

[31m[2mΓÄ»ΓÄ»ΓÄ»ΓÄ»ΓÄ»ΓÄ»ΓÄ»ΓÄ»ΓÄ»ΓÄ»ΓÄ»ΓÄ»ΓÄ»ΓÄ»ΓÄ»ΓÄ»ΓÄ»ΓÄ»ΓÄ»ΓÄ»ΓÄ»ΓÄ»[11/83]ΓÄ»[22m[
39m

[41m[1m FAIL [22m[49m tests/property/contractAuditor.property.test.ts[2m > 
[22mProperty 1: API Call Extraction Completeness[2m > [22mEvery extracted APICallInfo 
has all required fields[2m > [22mPROPERTY: Every extracted APICallInfo has endpoint 
(starts with /api or /)
[31m[1mError[22m: Test timed out in 30000ms.
If this is a long-running test, pass a timeout value as the last argument or configure it 
globally with "testTimeout".[39m
[36m [2mΓ¥»[22m tests/property/contractAuditor.property.test.ts:[2m301:5[22m[39m
    [90m299| [39m    })[33m;[39m
    [90m300| [39m
    [90m301| [39m    it('PROPERTY: Every extracted APICallInfo has endpoint (starts witΓÇª
    [90m   | [39m    [31m^[39m
    [90m302| [39m      [35mawait[39m fc[33m.[39m[34massert[39m(
    [90m303| [39m        fc[33m.[39m[34masyncProperty[39m(

[31m[2mΓÄ»ΓÄ»ΓÄ»ΓÄ»ΓÄ»ΓÄ»ΓÄ»ΓÄ»ΓÄ»ΓÄ»ΓÄ»ΓÄ»ΓÄ»ΓÄ»ΓÄ»ΓÄ»ΓÄ»ΓÄ»ΓÄ»ΓÄ»ΓÄ»ΓÄ»[12/83]ΓÄ»[22m[
39m

[41m[1m FAIL [22m[49m tests/property/contractAuditor.property.test.ts[2m > 
[22mProperty 1: API Call Extraction Completeness[2m > [22mEvery extracted APICallInfo 
has all required fields[2m > [22mPROPERTY: Every extracted APICallInfo has valid HTTP 
method (GET, POST, PUT, DELETE, PATCH)
[31m[1mError[22m: Test timed out in 30000ms.
If this is a long-running test, pass a timeout value as the last argument or configure it 
globally with "testTimeout".[39m
[36m [2mΓ¥»[22m tests/property/contractAuditor.property.test.ts:[2m324:5[22m[39m
    [90m322| [39m    })[33m;[39m
    [90m323| [39m
    [90m324| [39m    it('PROPERTY: Every extracted APICallInfo has valid HTTP method (GΓÇª
    [90m   | [39m    [31m^[39m
    [90m325| [39m      [35mawait[39m fc[33m.[39m[34massert[39m(
    [90m326| [39m        fc[33m.[39m[34masyncProperty[39m(

[31m[2mΓÄ»ΓÄ»ΓÄ»ΓÄ»ΓÄ»ΓÄ»ΓÄ»ΓÄ»ΓÄ»ΓÄ»ΓÄ»ΓÄ»ΓÄ»ΓÄ»ΓÄ»ΓÄ»ΓÄ»ΓÄ»ΓÄ»ΓÄ»ΓÄ»ΓÄ»[13/83]ΓÄ»[22m[
39m

[41m[1m FAIL [22m[49m tests/property/contractAuditor.property.test.ts[2m > 
[22mProperty 1: API Call Extraction Completeness[2m > [22mEvery extracted APICallInfo 
has all required fields[2m > [22mPROPERTY: Every extracted APICallInfo has headers 
(object)
[31m[1mError[22m: Test timed out in 30000ms.
If this is a long-running test, pass a timeout value as the last argument or configure it 
globally with "testTimeout".[39m
[36m [2mΓ¥»[22m tests/property/contractAuditor.property.test.ts:[2m346:5[22m[39m
    [90m344| [39m    })[33m;[39m
    [90m345| [39m
    [90m346| [39m    it('PROPERTY: Every extracted APICallInfo has headers (object)', aΓÇª
    [90m   | [39m    [31m^[39m
    [90m347| [39m      [35mawait[39m fc[33m.[39m[34massert[39m(
    [90m348| [39m        fc[33m.[39m[34masyncProperty[39m(

[31m[2mΓÄ»ΓÄ»ΓÄ»ΓÄ»ΓÄ»ΓÄ»ΓÄ»ΓÄ»ΓÄ»ΓÄ»ΓÄ»ΓÄ»ΓÄ»ΓÄ»ΓÄ»ΓÄ»ΓÄ»ΓÄ»ΓÄ»ΓÄ»ΓÄ»ΓÄ»[14/83]ΓÄ»[22m[
39m

[41m[1m FAIL [22m[49m tests/property/contractAuditor.property.test.ts[2m > 
[22mProperty 1: API Call Extraction Completeness[2m > [22mEvery extracted APICallInfo 
has all required fields[2m > [22mPROPERTY: Every extracted APICallInfo has valid 
authMechanism (cookie, bearer, none)
[31m[1mError[22m: Test timed out in 30000ms.
If this is a long-running test, pass a timeout value as the last argument or configure it 
globally with "testTimeout".[39m
[36m [2mΓ¥»[22m tests/property/contractAuditor.property.test.ts:[2m367:5[22m[39m
    [90m365| [39m    })[33m;[39m
    [90m366| [39m
    [90m367| [39m    it('PROPERTY: Every extracted APICallInfo has valid authMechanism ΓÇª
    [90m   | [39m    [31m^[39m
    [90m368| [39m      [35mawait[39m fc[33m.[39m[34massert[39m(
    [90m369| [39m        fc[33m.[39m[34masyncProperty[39m(

[31m[2mΓÄ»ΓÄ»ΓÄ»ΓÄ»ΓÄ»ΓÄ»ΓÄ»ΓÄ»ΓÄ»ΓÄ»ΓÄ»ΓÄ»ΓÄ»ΓÄ»ΓÄ»ΓÄ»ΓÄ»ΓÄ»ΓÄ»ΓÄ»ΓÄ»ΓÄ»[15/83]ΓÄ»[22m[
39m

[41m[1m FAIL [22m[49m tests/property/contractAuditor.property.test.ts[2m > 
[22mProperty 1: API Call Extraction Completeness[2m > [22mLine numbers are always 
positive integers[2m > [22mPROPERTY: Line numbers increase for sequential API calls in 
the same file
[31m[1mError[22m: Test timed out in 30000ms.
If this is a long-running test, pass a timeout value as the last argument or configure it 
globally with "testTimeout".[39m
[36m [2mΓ¥»[22m tests/property/contractAuditor.property.test.ts:[2m391:5[22m[39m
    [90m389| [39m
    [90m390| [39m  [34mdescribe[39m([32m'Line numbers are always positive 
integers'[39m[33m,[39m () [33m=>[39m {
    [90m391| [39m    it('PROPERTY: Line numbers increase for sequential API calls in thΓÇª
    [90m   | [39m    [31m^[39m
    [90m392| [39m      [35mawait[39m fc[33m.[39m[34massert[39m(
    [90m393| [39m        fc[33m.[39m[34masyncProperty[39m(

[31m[2mΓÄ»ΓÄ»ΓÄ»ΓÄ»ΓÄ»ΓÄ»ΓÄ»ΓÄ»ΓÄ»ΓÄ»ΓÄ»ΓÄ»ΓÄ»ΓÄ»ΓÄ»ΓÄ»ΓÄ»ΓÄ»ΓÄ»ΓÄ»ΓÄ»ΓÄ»[16/83]ΓÄ»[22m[
39m

[41m[1m FAIL [22m[49m tests/property/contractAuditor.property.test.ts[2m > 
[22mProperty 1: API Call Extraction Completeness[2m > [22mLine numbers are always 
positive integers[2m > [22mPROPERTY: Line numbers are never zero or negative
[31m[1mError[22m: Test timed out in 30000ms.
If this is a long-running test, pass a timeout value as the last argument or configure it 
globally with "testTimeout".[39m
[36m [2mΓ¥»[22m tests/property/contractAuditor.property.test.ts:[2m421:5[22m[39m
    [90m419| [39m    })[33m;[39m
    [90m420| [39m
    [90m421| [39m    it('PROPERTY: Line numbers are never zero or negative', async () =ΓÇª
    [90m   | [39m    [31m^[39m
    [90m422| [39m      [35mawait[39m fc[33m.[39m[34massert[39m(
    [90m423| [39m        fc[33m.[39m[34masyncProperty[39m(

[31m[2mΓÄ»ΓÄ»ΓÄ»ΓÄ»ΓÄ»ΓÄ»ΓÄ»ΓÄ»ΓÄ»ΓÄ»ΓÄ»ΓÄ»ΓÄ»ΓÄ»ΓÄ»ΓÄ»ΓÄ»ΓÄ»ΓÄ»ΓÄ»ΓÄ»ΓÄ»[17/83]ΓÄ»[22m[
39m

[41m[1m FAIL [22m[49m tests/property/contractAuditor.property.test.ts[2m > 
[22mProperty 1: API Call Extraction Completeness[2m > [22mHTTP methods are valid[2m > 
[22mPROPERTY: Extracted method matches the method in the source code
[31m[1mError[22m: Test timed out in 30000ms.
If this is a long-running test, pass a timeout value as the last argument or configure it 
globally with "testTimeout".[39m
[36m [2mΓ¥»[22m tests/property/contractAuditor.property.test.ts:[2m442:5[22m[39m
    [90m440| [39m
    [90m441| [39m  [34mdescribe[39m([32m'HTTP methods are valid'[39m[33m,[39m () 
[33m=>[39m {
    [90m442| [39m    it('PROPERTY: Extracted method matches the method in the source coΓÇª
    [90m   | [39m    [31m^[39m
    [90m443| [39m      [35mawait[39m fc[33m.[39m[34massert[39m(
    [90m444| [39m        fc[33m.[39m[34masyncProperty[39m(

[31m[2mΓÄ»ΓÄ»ΓÄ»ΓÄ»ΓÄ»ΓÄ»ΓÄ»ΓÄ»ΓÄ»ΓÄ»ΓÄ»ΓÄ»ΓÄ»ΓÄ»ΓÄ»ΓÄ»ΓÄ»ΓÄ»ΓÄ»ΓÄ»ΓÄ»ΓÄ»[18/83]ΓÄ»[22m[
39m

[41m[1m FAIL [22m[49m tests/property/contractAuditor.property.test.ts[2m > 
[22mProperty 1: API Call Extraction Completeness[2m > [22mAuth mechanisms are valid[2m 
> [22mPROPERTY: apiClient calls always have cookie auth mechanism
[31m[1mError[22m: Test timed out in 30000ms.
If this is a long-running test, pass a timeout value as the last argument or configure it 
globally with "testTimeout".[39m
[36m [2mΓ¥»[22m tests/property/contractAuditor.property.test.ts:[2m494:5[22m[39m
    [90m492| [39m
    [90m493| [39m  [34mdescribe[39m([32m'Auth mechanisms are valid'[39m[33m,[39m () 
[33m=>[39m {
    [90m494| [39m    it('PROPERTY: apiClient calls always have cookie auth mechanism', ΓÇª
    [90m   | [39m    [31m^[39m
    [90m495| [39m      [35mawait[39m fc[33m.[39m[34massert[39m(
    [90m496| [39m        fc[33m.[39m[34masyncProperty[39m(

[31m[2mΓÄ»ΓÄ»ΓÄ»ΓÄ»ΓÄ»ΓÄ»ΓÄ»ΓÄ»ΓÄ»ΓÄ»ΓÄ»ΓÄ»ΓÄ»ΓÄ»ΓÄ»ΓÄ»ΓÄ»ΓÄ»ΓÄ»ΓÄ»ΓÄ»ΓÄ»[19/83]ΓÄ»[22m[
39m

[41m[1m FAIL [22m[49m tests/property/contractAuditor.property.test.ts[2m > 
[22mProperty 1: API Call Extraction Completeness[2m > [22mAuth mechanisms are valid[2m 
> [22mPROPERTY: authFetch calls always have cookie auth mechanism
[31m[1mError[22m: Test timed out in 30000ms.
If this is a long-running test, pass a timeout value as the last argument or configure it 
globally with "testTimeout".[39m
[36m [2mΓ¥»[22m tests/property/contractAuditor.property.test.ts:[2m520:5[22m[39m
    [90m518| [39m    })[33m;[39m
    [90m519| [39m
    [90m520| [39m    it('PROPERTY: authFetch calls always have cookie auth mechanism', ΓÇª
    [90m   | [39m    [31m^[39m
    [90m521| [39m      [35mawait[39m fc[33m.[39m[34massert[39m(
    [90m522| [39m        fc[33m.[39m[34masyncProperty[39m(

[31m[2mΓÄ»ΓÄ»ΓÄ»ΓÄ»ΓÄ»ΓÄ»ΓÄ»ΓÄ»ΓÄ»ΓÄ»ΓÄ»ΓÄ»ΓÄ»ΓÄ»ΓÄ»ΓÄ»ΓÄ»ΓÄ»ΓÄ»ΓÄ»ΓÄ»ΓÄ»[20/83]ΓÄ»[22m[
39m

[41m[1m FAIL [22m[49m tests/property/contractAuditor.property.test.ts[2m > 
[22mProperty 1: API Call Extraction Completeness[2m > [22mSummary statistics are 
accurate[2m > [22mPROPERTY: Summary byMethod counts sum to totalCalls
[31m[1mError[22m: Test timed out in 30000ms.
If this is a long-running test, pass a timeout value as the last argument or configure it 
globally with "testTimeout".[39m
[36m [2mΓ¥»[22m tests/property/contractAuditor.property.test.ts:[2m698:5[22m[39m
    [90m696| [39m    })[33m;[39m
    [90m697| [39m
    [90m698| [39m    it('PROPERTY: Summary byMethod counts sum to totalCalls', async ()ΓÇª
    [90m   | [39m    [31m^[39m
    [90m699| [39m      [35mawait[39m fc[33m.[39m[34massert[39m(
    [90m700| [39m        fc[33m.[39m[34masyncProperty[39m(

[31m[2mΓÄ»ΓÄ»ΓÄ»ΓÄ»ΓÄ»ΓÄ»ΓÄ»ΓÄ»ΓÄ»ΓÄ»ΓÄ»ΓÄ»ΓÄ»ΓÄ»ΓÄ»ΓÄ»ΓÄ»ΓÄ»ΓÄ»ΓÄ»ΓÄ»ΓÄ»[21/83]ΓÄ»[22m[
39m

[41m[1m FAIL [22m[49m tests/property/contractAuditor.property.test.ts[2m > 
[22mProperty 1: API Call Extraction Completeness[2m > [22mSummary statistics are 
accurate[2m > [22mPROPERTY: Summary byAuthMechanism counts sum to totalCalls
[31m[1mError[22m: Test timed out in 30000ms.
If this is a long-running test, pass a timeout value as the last argument or configure it 
globally with "testTimeout".[39m
[36m [2mΓ¥»[22m tests/property/contractAuditor.property.test.ts:[2m717:5[22m[39m
    [90m715| [39m    })[33m;[39m
    [90m716| [39m
    [90m717| [39m    it('PROPERTY: Summary byAuthMechanism counts sum to totalCalls', aΓÇª
    [90m   | [39m    [31m^[39m
    [90m718| [39m      [35mawait[39m fc[33m.[39m[34massert[39m(
    [90m719| [39m        fc[33m.[39m[34masyncProperty[39m(

[31m[2mΓÄ»ΓÄ»ΓÄ»ΓÄ»ΓÄ»ΓÄ»ΓÄ»ΓÄ»ΓÄ»ΓÄ»ΓÄ»ΓÄ»ΓÄ»ΓÄ»ΓÄ»ΓÄ»ΓÄ»ΓÄ»ΓÄ»ΓÄ»ΓÄ»ΓÄ»[22/83]ΓÄ»[22m[
39m

[41m[1m FAIL [22m[49m tests/property/contractAuditor.property.test.ts[2m > 
[22mProperty 1: API Call Extraction Completeness[2m > [22mEdge cases[2m > 
[22mPROPERTY: Multiple files are all scanned
[31m[1mError[22m: Test timed out in 30000ms.
If this is a long-running test, pass a timeout value as the last argument or configure it 
globally with "testTimeout".[39m
[36m [2mΓ¥»[22m tests/property/contractAuditor.property.test.ts:[2m782:5[22m[39m
    [90m780| [39m    })[33m;[39m
    [90m781| [39m
    [90m782| [39m    [34mit[39m([32m'PROPERTY: Multiple files are all 
scanned'[39m[33m,[39m [35masync[39m () [33m=>[39m {
    [90m   | [39m    [31m^[39m
    [90m783| [39m      [35mawait[39m fc[33m.[39m[34massert[39m(
    [90m784| [39m        fc[33m.[39m[34masyncProperty[39m(

[31m[2mΓÄ»ΓÄ»ΓÄ»ΓÄ»ΓÄ»ΓÄ»ΓÄ»ΓÄ»ΓÄ»ΓÄ»ΓÄ»ΓÄ»ΓÄ»ΓÄ»ΓÄ»ΓÄ»ΓÄ»ΓÄ»ΓÄ»ΓÄ»ΓÄ»ΓÄ»[23/83]ΓÄ»[22m[
39m

[41m[1m FAIL [22m[49m tests/property/contractAuditor.property.test.ts[2m > 
[22mProperty 1: API Call Extraction Completeness[2m > [22mEdge cases[2m > 
[22mPROPERTY: Results are sorted by file path and line number
[31m[1mError[22m: Test timed out in 30000ms.
If this is a long-running test, pass a timeout value as the last argument or configure it 
globally with "testTimeout".[39m
[36m [2mΓ¥»[22m tests/property/contractAuditor.property.test.ts:[2m812:5[22m[39m
    [90m810| [39m    })[33m;[39m
    [90m811| [39m
    [90m812| [39m    it('PROPERTY: Results are sorted by file path and line number', asΓÇª
    [90m   | [39m    [31m^[39m
    [90m813| [39m      [35mawait[39m fc[33m.[39m[34massert[39m(
    [90m814| [39m        fc[33m.[39m[34masyncProperty[39m(

[31m[2mΓÄ»ΓÄ»ΓÄ»ΓÄ»ΓÄ»ΓÄ»ΓÄ»ΓÄ»ΓÄ»ΓÄ»ΓÄ»ΓÄ»ΓÄ»ΓÄ»ΓÄ»ΓÄ»ΓÄ»ΓÄ»ΓÄ»ΓÄ»ΓÄ»ΓÄ»[24/83]ΓÄ»[22m[
39m

[41m[1m FAIL [22m[49m tests/property/mobileChecker.property.test.ts[2m > [22mProperty 
9: Mobile Responsiveness Verification[2m > [22mTailwind responsive prefix detection[2m > 
[22mPROPERTY: Pages with Tailwind responsive prefixes (sm:, md:, lg:, xl:, 2xl:) are 
detected
[31m[1mError[22m: Test timed out in 30000ms.
If this is a long-running test, pass a timeout value as the last argument or configure it 
globally with "testTimeout".[39m
[36m [2mΓ¥»[22m tests/property/mobileChecker.property.test.ts:[2m577:5[22m[39m
    [90m575| [39m
    [90m576| [39m  [34mdescribe[39m([32m'Tailwind responsive prefix 
detection'[39m[33m,[39m () [33m=>[39m {
    [90m577| [39m    it('PROPERTY: Pages with Tailwind responsive prefixes (sm:, md:, lΓÇª
    [90m   | [39m    [31m^[39m
    [90m578| [39m      [35mconst[39m testDir [33m=[39m 
[34mgetUniqueTestDir[39m()[33m;[39m
    [90m579| [39m      [35mawait[39m [34msetupTestDir[39m(testDir)[33m;[39m

[31m[2mΓÄ»ΓÄ»ΓÄ»ΓÄ»ΓÄ»ΓÄ»ΓÄ»ΓÄ»ΓÄ»ΓÄ»ΓÄ»ΓÄ»ΓÄ»ΓÄ»ΓÄ»ΓÄ»ΓÄ»ΓÄ»ΓÄ»ΓÄ»ΓÄ»ΓÄ»[25/83]ΓÄ»[22m[
39m

[41m[1m FAIL [22m[49m tests/property/notificationAuditor.property.test.ts[2m > 
[22mProperty 18: Notification Trigger Identification[2m > [22mAll notification triggers 
have required fields[2m > [22mPROPERTY: Every NotificationTrigger has event (non-empty 
string)
[31m[1mError[22m: Test timed out in 30000ms.
If this is a long-running test, pass a timeout value as the last argument or configure it 
globally with "testTimeout".[39m
[36m [2mΓ¥»[22m tests/property/notificationAuditor.property.test.ts:[2m273:5[22m[39m
    [90m271| [39m
    [90m272| [39m  [34mdescribe[39m([32m'All notification triggers have required 
fields'[39m[33m,[39m () [33m=>[39m {
    [90m273| [39m    it('PROPERTY: Every NotificationTrigger has event (non-empty strinΓÇª
    [90m   | [39m    [31m^[39m
    [90m274| [39m      [35mawait[39m fc[33m.[39m[34massert[39m(
    [90m275| [39m        fc[33m.[39m[34masyncProperty[39m(

[31m[2mΓÄ»ΓÄ»ΓÄ»ΓÄ»ΓÄ»ΓÄ»ΓÄ»ΓÄ»ΓÄ»ΓÄ»ΓÄ»ΓÄ»ΓÄ»ΓÄ»ΓÄ»ΓÄ»ΓÄ»ΓÄ»ΓÄ»ΓÄ»ΓÄ»ΓÄ»[26/83]ΓÄ»[22m[
39m

[41m[1m FAIL [22m[49m tests/property/notificationAuditor.property.test.ts[2m > 
[22mProperty 18: Notification Trigger Identification[2m > [22mAll notification triggers 
have required fields[2m > [22mPROPERTY: Every NotificationTrigger has filePath (non-empty 
string)
[31m[1mError[22m: Test timed out in 30000ms.
If this is a long-running test, pass a timeout value as the last argument or configure it 
globally with "testTimeout".[39m
[36m [2mΓ¥»[22m tests/property/notificationAuditor.property.test.ts:[2m300:5[22m[39m
    [90m298| [39m    })[33m;[39m
    [90m299| [39m
    [90m300| [39m    it('PROPERTY: Every NotificationTrigger has filePath (non-empty stΓÇª
    [90m   | [39m    [31m^[39m
    [90m301| [39m      [35mawait[39m fc[33m.[39m[34massert[39m(
    [90m302| [39m        fc[33m.[39m[34masyncProperty[39m(

[31m[2mΓÄ»ΓÄ»ΓÄ»ΓÄ»ΓÄ»ΓÄ»ΓÄ»ΓÄ»ΓÄ»ΓÄ»ΓÄ»ΓÄ»ΓÄ»ΓÄ»ΓÄ»ΓÄ»ΓÄ»ΓÄ»ΓÄ»ΓÄ»ΓÄ»ΓÄ»[27/83]ΓÄ»[22m[
39m

[41m[1m FAIL [22m[49m tests/property/notificationAuditor.property.test.ts[2m > 
[22mProperty 18: Notification Trigger Identification[2m > [22mAll notification triggers 
have required fields[2m > [22mPROPERTY: Every NotificationTrigger has lineNumber 
(positive integer)
[31m[1mError[22m: Test timed out in 30000ms.
If this is a long-running test, pass a timeout value as the last argument or configure it 
globally with "testTimeout".[39m
[36m [2mΓ¥»[22m tests/property/notificationAuditor.property.test.ts:[2m326:5[22m[39m
    [90m324| [39m    })[33m;[39m
    [90m325| [39m
    [90m326| [39m    it('PROPERTY: Every NotificationTrigger has lineNumber (positive iΓÇª
    [90m   | [39m    [31m^[39m
    [90m327| [39m      [35mawait[39m fc[33m.[39m[34massert[39m(
    [90m328| [39m        fc[33m.[39m[34masyncProperty[39m(

[31m[2mΓÄ»ΓÄ»ΓÄ»ΓÄ»ΓÄ»ΓÄ»ΓÄ»ΓÄ»ΓÄ»ΓÄ»ΓÄ»ΓÄ»ΓÄ»ΓÄ»ΓÄ»ΓÄ»ΓÄ»ΓÄ»ΓÄ»ΓÄ»ΓÄ»ΓÄ»[28/83]ΓÄ»[22m[
39m

[41m[1m FAIL [22m[49m tests/property/notificationAuditor.property.test.ts[2m > 
[22mProperty 18: Notification Trigger Identification[2m > [22mAll notification triggers 
have required fields[2m > [22mPROPERTY: Every NotificationTrigger has valid 
deliveryMechanism
[31m[1mError[22m: Test timed out in 30000ms.
If this is a long-running test, pass a timeout value as the last argument or configure it 
globally with "testTimeout".[39m
[36m [2mΓ¥»[22m tests/property/notificationAuditor.property.test.ts:[2m354:5[22m[39m
    [90m352| [39m    })[33m;[39m
    [90m353| [39m
    [90m354| [39m    it('PROPERTY: Every NotificationTrigger has valid deliveryMechanisΓÇª
    [90m   | [39m    [31m^[39m
    [90m355| [39m      [35mawait[39m fc[33m.[39m[34massert[39m(
    [90m356| [39m        fc[33m.[39m[34masyncProperty[39m(

[31m[2mΓÄ»ΓÄ»ΓÄ»ΓÄ»ΓÄ»ΓÄ»ΓÄ»ΓÄ»ΓÄ»ΓÄ»ΓÄ»ΓÄ»ΓÄ»ΓÄ»ΓÄ»ΓÄ»ΓÄ»ΓÄ»ΓÄ»ΓÄ»ΓÄ»ΓÄ»[29/83]ΓÄ»[22m[
39m

[41m[1m FAIL [22m[49m tests/property/notificationAuditor.property.test.ts[2m > 
[22mProperty 18: Notification Trigger Identification[2m > [22mAll notification triggers 
have required fields[2m > [22mPROPERTY: Every NotificationTrigger has hasIdempotencyKey 
(boolean)
[31m[1mError[22m: Test timed out in 30000ms.
If this is a long-running test, pass a timeout value as the last argument or configure it 
globally with "testTimeout".[39m
[36m [2mΓ¥»[22m tests/property/notificationAuditor.property.test.ts:[2m381:5[22m[39m
    [90m379| [39m    })[33m;[39m
    [90m380| [39m
    [90m381| [39m    it('PROPERTY: Every NotificationTrigger has hasIdempotencyKey (booΓÇª
    [90m   | [39m    [31m^[39m
    [90m382| [39m      [35mawait[39m fc[33m.[39m[34massert[39m(
    [90m383| [39m        fc[33m.[39m[34masyncProperty[39m(

[31m[2mΓÄ»ΓÄ»ΓÄ»ΓÄ»ΓÄ»ΓÄ»ΓÄ»ΓÄ»ΓÄ»ΓÄ»ΓÄ»ΓÄ»ΓÄ»ΓÄ»ΓÄ»ΓÄ»ΓÄ»ΓÄ»ΓÄ»ΓÄ»ΓÄ»ΓÄ»[30/83]ΓÄ»[22m[
39m

[41m[1m FAIL [22m[49m tests/property/notificationAuditor.property.test.ts[2m > 
[22mProperty 18: Notification Trigger Identification[2m > [22mAll email dispatch points 
have required fields[2m > [22mPROPERTY: Every EmailDispatchPoint has filePath (non-empty 
string)
[31m[1mError[22m: Test timed out in 30000ms.
If this is a long-running test, pass a timeout value as the last argument or configure it 
globally with "testTimeout".[39m
[36m [2mΓ¥»[22m tests/property/notificationAuditor.property.test.ts:[2m413:5[22m[39m
    [90m411| [39m
    [90m412| [39m  [34mdescribe[39m([32m'All email dispatch points have required 
fields'[39m[33m,[39m () [33m=>[39m {
    [90m413| [39m    it('PROPERTY: Every EmailDispatchPoint has filePath (non-empty strΓÇª
    [90m   | [39m    [31m^[39m
    [90m414| [39m      [35mawait[39m fc[33m.[39m[34massert[39m(
    [90m415| [39m        fc[33m.[39m[34masyncProperty[39m(

[31m[2mΓÄ»ΓÄ»ΓÄ»ΓÄ»ΓÄ»ΓÄ»ΓÄ»ΓÄ»ΓÄ»ΓÄ»ΓÄ»ΓÄ»ΓÄ»ΓÄ»ΓÄ»ΓÄ»ΓÄ»ΓÄ»ΓÄ»ΓÄ»ΓÄ»ΓÄ»[31/83]ΓÄ»[22m[
39m

[41m[1m FAIL [22m[49m tests/property/notificationAuditor.property.test.ts[2m > 
[22mProperty 18: Notification Trigger Identification[2m > [22mAll email dispatch points 
have required fields[2m > [22mPROPERTY: Every EmailDispatchPoint has lineNumber (positive 
integer)
[31m[1mError[22m: Test timed out in 30000ms.
If this is a long-running test, pass a timeout value as the last argument or configure it 
globally with "testTimeout".[39m
[36m [2mΓ¥»[22m tests/property/notificationAuditor.property.test.ts:[2m441:5[22m[39m
    [90m439| [39m    })[33m;[39m
    [90m440| [39m
    [90m441| [39m    it('PROPERTY: Every EmailDispatchPoint has lineNumber (positive inΓÇª
    [90m   | [39m    [31m^[39m
    [90m442| [39m      [35mawait[39m fc[33m.[39m[34massert[39m(
    [90m443| [39m        fc[33m.[39m[34masyncProperty[39m(

[31m[2mΓÄ»ΓÄ»ΓÄ»ΓÄ»ΓÄ»ΓÄ»ΓÄ»ΓÄ»ΓÄ»ΓÄ»ΓÄ»ΓÄ»ΓÄ»ΓÄ»ΓÄ»ΓÄ»ΓÄ»ΓÄ»ΓÄ»ΓÄ»ΓÄ»ΓÄ»[32/83]ΓÄ»[22m[
39m

[41m[1m FAIL [22m[49m tests/property/notificationAuditor.property.test.ts[2m > 
[22mProperty 18: Notification Trigger Identification[2m > [22mAll email dispatch points 
have required fields[2m > [22mPROPERTY: Every EmailDispatchPoint has template (string)
[31m[1mError[22m: Test timed out in 30000ms.
If this is a long-running test, pass a timeout value as the last argument or configure it 
globally with "testTimeout".[39m
[36m [2mΓ¥»[22m tests/property/notificationAuditor.property.test.ts:[2m470:5[22m[39m
    [90m468| [39m    })[33m;[39m
    [90m469| [39m
    [90m470| [39m    it('PROPERTY: Every EmailDispatchPoint has template (string)', asyΓÇª
    [90m   | [39m    [31m^[39m
    [90m471| [39m      [35mawait[39m fc[33m.[39m[34massert[39m(
    [90m472| [39m        fc[33m.[39m[34masyncProperty[39m(

[31m[2mΓÄ»ΓÄ»ΓÄ»ΓÄ»ΓÄ»ΓÄ»ΓÄ»ΓÄ»ΓÄ»ΓÄ»ΓÄ»ΓÄ»ΓÄ»ΓÄ»ΓÄ»ΓÄ»ΓÄ»ΓÄ»ΓÄ»ΓÄ»ΓÄ»ΓÄ»[33/83]ΓÄ»[22m[
39m

[41m[1m FAIL [22m[49m tests/property/notificationAuditor.property.test.ts[2m > 
[22mProperty 18: Notification Trigger Identification[2m > [22mAll email dispatch points 
have required fields[2m > [22mPROPERTY: Every EmailDispatchPoint has hasRetry (boolean)
[31m[1mError[22m: Test timed out in 30000ms.
If this is a long-running test, pass a timeout value as the last argument or configure it 
globally with "testTimeout".[39m
[36m [2mΓ¥»[22m tests/property/notificationAuditor.property.test.ts:[2m497:5[22m[39m
    [90m495| [39m    })[33m;[39m
    [90m496| [39m
    [90m497| [39m    it('PROPERTY: Every EmailDispatchPoint has hasRetry (boolean)', asΓÇª
    [90m   | [39m    [31m^[39m
    [90m498| [39m      [35mawait[39m fc[33m.[39m[34massert[39m(
    [90m499| [39m        fc[33m.[39m[34masyncProperty[39m(

[31m[2mΓÄ»ΓÄ»ΓÄ»ΓÄ»ΓÄ»ΓÄ»ΓÄ»ΓÄ»ΓÄ»ΓÄ»ΓÄ»ΓÄ»ΓÄ»ΓÄ»ΓÄ»ΓÄ»ΓÄ»ΓÄ»ΓÄ»ΓÄ»ΓÄ»ΓÄ»[34/83]ΓÄ»[22m[
39m

[41m[1m FAIL [22m[49m tests/property/notificationAuditor.property.test.ts[2m > 
[22mProperty 18: Notification Trigger Identification[2m > [22mAll email dispatch points 
have required fields[2m > [22mPROPERTY: Every EmailDispatchPoint has hasDeduplication 
(boolean)
[31m[1mError[22m: Test timed out in 30000ms.
If this is a long-running test, pass a timeout value as the last argument or configure it 
globally with "testTimeout".[39m
[36m [2mΓ¥»[22m tests/property/notificationAuditor.property.test.ts:[2m524:5[22m[39m
    [90m522| [39m    })[33m;[39m
    [90m523| [39m
    [90m524| [39m    it('PROPERTY: Every EmailDispatchPoint has hasDeduplication (booleΓÇª
    [90m   | [39m    [31m^[39m
    [90m525| [39m      [35mawait[39m fc[33m.[39m[34massert[39m(
    [90m526| [39m        fc[33m.[39m[34masyncProperty[39m(

[31m[2mΓÄ»ΓÄ»ΓÄ»ΓÄ»ΓÄ»ΓÄ»ΓÄ»ΓÄ»ΓÄ»ΓÄ»ΓÄ»ΓÄ»ΓÄ»ΓÄ»ΓÄ»ΓÄ»ΓÄ»ΓÄ»ΓÄ»ΓÄ»ΓÄ»ΓÄ»[35/83]ΓÄ»[22m[
39m

[41m[1m FAIL [22m[49m tests/property/notificationAuditor.property.test.ts[2m > 
[22mProperty 18: Notification Trigger Identification[2m > [22mDelivery mechanisms are 
correctly classified[2m > [22mPROPERTY: Resend email calls are classified as email 
delivery
[31m[1mError[22m: Test timed out in 30000ms.
If this is a long-running test, pass a timeout value as the last argument or configure it 
globally with "testTimeout".[39m
[36m [2mΓ¥»[22m tests/property/notificationAuditor.property.test.ts:[2m558:5[22m[39m
    [90m556| [39m
    [90m557| [39m  [34mdescribe[39m([32m'Delivery mechanisms are correctly 
classified'[39m[33m,[39m () [33m=>[39m {
    [90m558| [39m    it('PROPERTY: Resend email calls are classified as email delivery'ΓÇª
    [90m   | [39m    [31m^[39m
    [90m559| [39m      [35mawait[39m fc[33m.[39m[34massert[39m(
    [90m560| [39m        fc[33m.[39m[34masyncProperty[39m(

[31m[2mΓÄ»ΓÄ»ΓÄ»ΓÄ»ΓÄ»ΓÄ»ΓÄ»ΓÄ»ΓÄ»ΓÄ»ΓÄ»ΓÄ»ΓÄ»ΓÄ»ΓÄ»ΓÄ»ΓÄ»ΓÄ»ΓÄ»ΓÄ»ΓÄ»ΓÄ»[36/83]ΓÄ»[22m[
39m

[41m[1m FAIL [22m[49m tests/property/notificationAuditor.property.test.ts[2m > 
[22mProperty 18: Notification Trigger Identification[2m > [22mDelivery mechanisms are 
correctly classified[2m > [22mPROPERTY: Toast notifications are classified as realtime 
delivery
[31m[1mError[22m: Test timed out in 30000ms.
If this is a long-running test, pass a timeout value as the last argument or configure it 
globally with "testTimeout".[39m
[36m [2mΓ¥»[22m tests/property/notificationAuditor.property.test.ts:[2m585:5[22m[39m
    [90m583| [39m    })[33m;[39m
    [90m584| [39m
    [90m585| [39m    it('PROPERTY: Toast notifications are classified as realtime delivΓÇª
    [90m   | [39m    [31m^[39m
    [90m586| [39m      [35mawait[39m fc[33m.[39m[34massert[39m(
    [90m587| [39m        fc[33m.[39m[34masyncProperty[39m(

[31m[2mΓÄ»ΓÄ»ΓÄ»ΓÄ»ΓÄ»ΓÄ»ΓÄ»ΓÄ»ΓÄ»ΓÄ»ΓÄ»ΓÄ»ΓÄ»ΓÄ»ΓÄ»ΓÄ»ΓÄ»ΓÄ»ΓÄ»ΓÄ»ΓÄ»ΓÄ»[37/83]ΓÄ»[22m[
39m

[41m[1m FAIL [22m[49m tests/property/notificationAuditor.property.test.ts[2m > 
[22mProperty 18: Notification Trigger Identification[2m > [22mDelivery mechanisms are 
correctly classified[2m > [22mPROPERTY: SSE broadcast calls are classified as realtime 
delivery
[31m[1mError[22m: Test timed out in 30000ms.
If this is a long-running test, pass a timeout value as the last argument or configure it 
globally with "testTimeout".[39m
[36m [2mΓ¥»[22m tests/property/notificationAuditor.property.test.ts:[2m612:5[22m[39m
    [90m610| [39m    })[33m;[39m
    [90m611| [39m
    [90m612| [39m    it('PROPERTY: SSE broadcast calls are classified as realtime delivΓÇª
    [90m   | [39m    [31m^[39m
    [90m613| [39m      [35mawait[39m fc[33m.[39m[34massert[39m(
    [90m614| [39m        fc[33m.[39m[34masyncProperty[39m(

[31m[2mΓÄ»ΓÄ»ΓÄ»ΓÄ»ΓÄ»ΓÄ»ΓÄ»ΓÄ»ΓÄ»ΓÄ»ΓÄ»ΓÄ»ΓÄ»ΓÄ»ΓÄ»ΓÄ»ΓÄ»ΓÄ»ΓÄ»ΓÄ»ΓÄ»ΓÄ»[38/83]ΓÄ»[22m[
39m

[41m[1m FAIL [22m[49m tests/property/notificationAuditor.property.test.ts[2m > 
[22mProperty 18: Notification Trigger Identification[2m > [22mDelivery mechanisms are 
correctly classified[2m > [22mPROPERTY: Delivery mechanism is always one of the valid 
values
[31m[1mError[22m: Test timed out in 30000ms.
If this is a long-running test, pass a timeout value as the last argument or configure it 
globally with "testTimeout".[39m
[36m [2mΓ¥»[22m tests/property/notificationAuditor.property.test.ts:[2m639:5[22m[39m
    [90m637| [39m    })[33m;[39m
    [90m638| [39m
    [90m639| [39m    it('PROPERTY: Delivery mechanism is always one of the valid valuesΓÇª
    [90m   | [39m    [31m^[39m
    [90m640| [39m      [35mawait[39m fc[33m.[39m[34massert[39m(
    [90m641| [39m        fc[33m.[39m[34masyncProperty[39m(

[31m[2mΓÄ»ΓÄ»ΓÄ»ΓÄ»ΓÄ»ΓÄ»ΓÄ»ΓÄ»ΓÄ»ΓÄ»ΓÄ»ΓÄ»ΓÄ»ΓÄ»ΓÄ»ΓÄ»ΓÄ»ΓÄ»ΓÄ»ΓÄ»ΓÄ»ΓÄ»[39/83]ΓÄ»[22m[
39m

[41m[1m FAIL [22m[49m tests/property/notificationAuditor.property.test.ts[2m > 
[22mProperty 18: Notification Trigger Identification[2m > [22mSummary statistics are 
accurate[2m > [22mPROPERTY: Summary totalTriggers matches triggers array length
[31m[1mError[22m: Test timed out in 30000ms.
If this is a long-running test, pass a timeout value as the last argument or configure it 
globally with "testTimeout".[39m
[36m [2mΓ¥»[22m tests/property/notificationAuditor.property.test.ts:[2m674:5[22m[39m
    [90m672| [39m
    [90m673| [39m  [34mdescribe[39m([32m'Summary statistics are 
accurate'[39m[33m,[39m () [33m=>[39m {
    [90m674| [39m    it('PROPERTY: Summary totalTriggers matches triggers array length'ΓÇª
    [90m   | [39m    [31m^[39m
    [90m675| [39m      [35mawait[39m fc[33m.[39m[34massert[39m(
    [90m676| [39m        fc[33m.[39m[34masyncProperty[39m(

[31m[2mΓÄ»ΓÄ»ΓÄ»ΓÄ»ΓÄ»ΓÄ»ΓÄ»ΓÄ»ΓÄ»ΓÄ»ΓÄ»ΓÄ»ΓÄ»ΓÄ»ΓÄ»ΓÄ»ΓÄ»ΓÄ»ΓÄ»ΓÄ»ΓÄ»ΓÄ»[40/83]ΓÄ»[22m[
39m

[41m[1m FAIL [22m[49m tests/property/notificationAuditor.property.test.ts[2m > 
[22mProperty 18: Notification Trigger Identification[2m > [22mSummary statistics are 
accurate[2m > [22mPROPERTY: Summary byMechanism counts sum to totalTriggers
[31m[1mError[22m: Test timed out in 30000ms.
If this is a long-running test, pass a timeout value as the last argument or configure it 
globally with "testTimeout".[39m
[36m [2mΓ¥»[22m tests/property/notificationAuditor.property.test.ts:[2m698:5[22m[39m
    [90m696| [39m    })[33m;[39m
    [90m697| [39m
    [90m698| [39m    it('PROPERTY: Summary byMechanism counts sum to totalTriggers', asΓÇª
    [90m   | [39m    [31m^[39m
    [90m699| [39m      [35mawait[39m fc[33m.[39m[34massert[39m(
    [90m700| [39m        fc[33m.[39m[34masyncProperty[39m(

[31m[2mΓÄ»ΓÄ»ΓÄ»ΓÄ»ΓÄ»ΓÄ»ΓÄ»ΓÄ»ΓÄ»ΓÄ»ΓÄ»ΓÄ»ΓÄ»ΓÄ»ΓÄ»ΓÄ»ΓÄ»ΓÄ»ΓÄ»ΓÄ»ΓÄ»ΓÄ»[41/83]ΓÄ»[22m[
39m

[41m[1m FAIL [22m[49m tests/property/notificationAuditor.property.test.ts[2m > 
[22mProperty 18: Notification Trigger Identification[2m > [22mSummary statistics are 
accurate[2m > [22mPROPERTY: Email dispatch summary totalDispatchPoints matches array 
length
[31m[1mError[22m: Test timed out in 30000ms.
If this is a long-running test, pass a timeout value as the last argument or configure it 
globally with "testTimeout".[39m
[36m [2mΓ¥»[22m tests/property/notificationAuditor.property.test.ts:[2m728:5[22m[39m
    [90m726| [39m    })[33m;[39m
    [90m727| [39m
    [90m728| [39m    it('PROPERTY: Email dispatch summary totalDispatchPoints matches aΓÇª
    [90m   | [39m    [31m^[39m
    [90m729| [39m      [35mawait[39m fc[33m.[39m[34massert[39m(
    [90m730| [39m        fc[33m.[39m[34masyncProperty[39m(

[31m[2mΓÄ»ΓÄ»ΓÄ»ΓÄ»ΓÄ»ΓÄ»ΓÄ»ΓÄ»ΓÄ»ΓÄ»ΓÄ»ΓÄ»ΓÄ»ΓÄ»ΓÄ»ΓÄ»ΓÄ»ΓÄ»ΓÄ»ΓÄ»ΓÄ»ΓÄ»[42/83]ΓÄ»[22m[
39m

[41m[1m FAIL [22m[49m tests/property/notificationAuditor.property.test.ts[2m > 
[22mProperty 18: Notification Trigger Identification[2m > [22mSummary statistics are 
accurate[2m > [22mPROPERTY: Email retry stats sum to totalDispatchPoints
[31m[1mError[22m: Test timed out in 30000ms.
If this is a long-running test, pass a timeout value as the last argument or configure it 
globally with "testTimeout".[39m
[36m [2mΓ¥»[22m tests/property/notificationAuditor.property.test.ts:[2m752:5[22m[39m
    [90m750| [39m    })[33m;[39m
    [90m751| [39m
    [90m752| [39m    it('PROPERTY: Email retry stats sum to totalDispatchPoints', asyncΓÇª
    [90m   | [39m    [31m^[39m
    [90m753| [39m      [35mawait[39m fc[33m.[39m[34massert[39m(
    [90m754| [39m        fc[33m.[39m[34masyncProperty[39m(

[31m[2mΓÄ»ΓÄ»ΓÄ»ΓÄ»ΓÄ»ΓÄ»ΓÄ»ΓÄ»ΓÄ»ΓÄ»ΓÄ»ΓÄ»ΓÄ»ΓÄ»ΓÄ»ΓÄ»ΓÄ»ΓÄ»ΓÄ»ΓÄ»ΓÄ»ΓÄ»[43/83]ΓÄ»[22m[
39m

[41m[1m FAIL [22m[49m tests/property/notificationAuditor.property.test.ts[2m > 
[22mProperty 18: Notification Trigger Identification[2m > [22mSummary statistics are 
accurate[2m > [22mPROPERTY: Email deduplication stats sum to totalDispatchPoints
[31m[1mError[22m: Test timed out in 30000ms.
If this is a long-running test, pass a timeout value as the last argument or configure it 
globally with "testTimeout".[39m
[36m [2mΓ¥»[22m tests/property/notificationAuditor.property.test.ts:[2m777:5[22m[39m
    [90m775| [39m    })[33m;[39m
    [90m776| [39m
    [90m777| [39m    it('PROPERTY: Email deduplication stats sum to totalDispatchPointsΓÇª
    [90m   | [39m    [31m^[39m
    [90m778| [39m      [35mawait[39m fc[33m.[39m[34massert[39m(
    [90m779| [39m        fc[33m.[39m[34masyncProperty[39m(

[31m[2mΓÄ»ΓÄ»ΓÄ»ΓÄ»ΓÄ»ΓÄ»ΓÄ»ΓÄ»ΓÄ»ΓÄ»ΓÄ»ΓÄ»ΓÄ»ΓÄ»ΓÄ»ΓÄ»ΓÄ»ΓÄ»ΓÄ»ΓÄ»ΓÄ»ΓÄ»[44/83]ΓÄ»[22m[
39m

[41m[1m FAIL [22m[49m tests/property/notificationAuditor.property.test.ts[2m > 
[22mProperty 18: Notification Trigger Identification[2m > [22mRisk identification 
functions work correctly[2m > [22mPROPERTY: identifyDuplicateRisks returns subset of 
triggers
[31m[1mError[22m: Test timed out in 30000ms.
If this is a long-running test, pass a timeout value as the last argument or configure it 
globally with "testTimeout".[39m
[36m [2mΓ¥»[22m tests/property/notificationAuditor.property.test.ts:[2m810:5[22m[39m
    [90m808| [39m
    [90m809| [39m  [34mdescribe[39m([32m'Risk identification functions work 
correctly'[39m[33m,[39m () [33m=>[39m {
    [90m810| [39m    it('PROPERTY: identifyDuplicateRisks returns subset of triggers', ΓÇª
    [90m   | [39m    [31m^[39m
    [90m811| [39m      [35mawait[39m fc[33m.[39m[34massert[39m(
    [90m812| [39m        fc[33m.[39m[34masyncProperty[39m(

[31m[2mΓÄ»ΓÄ»ΓÄ»ΓÄ»ΓÄ»ΓÄ»ΓÄ»ΓÄ»ΓÄ»ΓÄ»ΓÄ»ΓÄ»ΓÄ»ΓÄ»ΓÄ»ΓÄ»ΓÄ»ΓÄ»ΓÄ»ΓÄ»ΓÄ»ΓÄ»[45/83]ΓÄ»[22m[
39m

[41m[1m FAIL [22m[49m tests/property/notificationAuditor.property.test.ts[2m > 
[22mProperty 18: Notification Trigger Identification[2m > [22mRisk identification 
functions work correctly[2m > [22mPROPERTY: identifyMissingIdempotency returns triggers 
without idempotency
[31m[1mError[22m: Test timed out in 30000ms.
If this is a long-running test, pass a timeout value as the last argument or configure it 
globally with "testTimeout".[39m
[36m [2mΓ¥»[22m tests/property/notificationAuditor.property.test.ts:[2m842:5[22m[39m
    [90m840| [39m    })[33m;[39m
    [90m841| [39m
    [90m842| [39m    it('PROPERTY: identifyMissingIdempotency returns triggers without ΓÇª
    [90m   | [39m    [31m^[39m
    [90m843| [39m      [35mawait[39m fc[33m.[39m[34massert[39m(
    [90m844| [39m        fc[33m.[39m[34masyncProperty[39m(

[31m[2mΓÄ»ΓÄ»ΓÄ»ΓÄ»ΓÄ»ΓÄ»ΓÄ»ΓÄ»ΓÄ»ΓÄ»ΓÄ»ΓÄ»ΓÄ»ΓÄ»ΓÄ»ΓÄ»ΓÄ»ΓÄ»ΓÄ»ΓÄ»ΓÄ»ΓÄ»[46/83]ΓÄ»[22m[
39m

[41m[1m FAIL [22m[49m tests/property/notificationAuditor.property.test.ts[2m > 
[22mProperty 18: Notification Trigger Identification[2m > [22mRisk identification 
functions work correctly[2m > [22mPROPERTY: identifyMissingRetry returns dispatches 
without retry
[31m[1mError[22m: Test timed out in 30000ms.
If this is a long-running test, pass a timeout value as the last argument or configure it 
globally with "testTimeout".[39m
[36m [2mΓ¥»[22m tests/property/notificationAuditor.property.test.ts:[2m868:5[22m[39m
    [90m866| [39m    })[33m;[39m
    [90m867| [39m
    [90m868| [39m    it('PROPERTY: identifyMissingRetry returns dispatches without retrΓÇª
    [90m   | [39m    [31m^[39m
    [90m869| [39m      [35mawait[39m fc[33m.[39m[34massert[39m(
    [90m870| [39m        fc[33m.[39m[34masyncProperty[39m(

[31m[2mΓÄ»ΓÄ»ΓÄ»ΓÄ»ΓÄ»ΓÄ»ΓÄ»ΓÄ»ΓÄ»ΓÄ»ΓÄ»ΓÄ»ΓÄ»ΓÄ»ΓÄ»ΓÄ»ΓÄ»ΓÄ»ΓÄ»ΓÄ»ΓÄ»ΓÄ»[47/83]ΓÄ»[22m[
39m

[41m[1m FAIL [22m[49m tests/property/notificationAuditor.property.test.ts[2m > 
[22mProperty 18: Notification Trigger Identification[2m > [22mRisk identification 
functions work correctly[2m > [22mPROPERTY: identifyMissingDeduplication returns 
dispatches without dedup
[31m[1mError[22m: Test timed out in 30000ms.
If this is a long-running test, pass a timeout value as the last argument or configure it 
globally with "testTimeout".[39m
[36m [2mΓ¥»[22m tests/property/notificationAuditor.property.test.ts:[2m895:5[22m[39m
    [90m893| [39m    })[33m;[39m
    [90m894| [39m
    [90m895| [39m    it('PROPERTY: identifyMissingDeduplication returns dispatches withΓÇª
    [90m   | [39m    [31m^[39m
    [90m896| [39m      [35mawait[39m fc[33m.[39m[34massert[39m(
    [90m897| [39m        fc[33m.[39m[34masyncProperty[39m(

[31m[2mΓÄ»ΓÄ»ΓÄ»ΓÄ»ΓÄ»ΓÄ»ΓÄ»ΓÄ»ΓÄ»ΓÄ»ΓÄ»ΓÄ»ΓÄ»ΓÄ»ΓÄ»ΓÄ»ΓÄ»ΓÄ»ΓÄ»ΓÄ»ΓÄ»ΓÄ»[48/83]ΓÄ»[22m[
39m

[41m[1m FAIL [22m[49m tests/property/notificationAuditor.property.test.ts[2m > 
[22mProperty 18: Notification Trigger Identification[2m > [22mRisk identification 
functions work correctly[2m > [22mPROPERTY: identifyHighRiskDispatches returns dispatches 
missing both
[31m[1mError[22m: Test timed out in 30000ms.
If this is a long-running test, pass a timeout value as the last argument or configure it 
globally with "testTimeout".[39m
[36m [2mΓ¥»[22m tests/property/notificationAuditor.property.test.ts:[2m922:5[22m[39m
    [90m920| [39m    })[33m;[39m
    [90m921| [39m
    [90m922| [39m    it('PROPERTY: identifyHighRiskDispatches returns dispatches missinΓÇª
    [90m   | [39m    [31m^[39m
    [90m923| [39m      [35mawait[39m fc[33m.[39m[34massert[39m(
    [90m924| [39m        fc[33m.[39m[34masyncProperty[39m(

[31m[2mΓÄ»ΓÄ»ΓÄ»ΓÄ»ΓÄ»ΓÄ»ΓÄ»ΓÄ»ΓÄ»ΓÄ»ΓÄ»ΓÄ»ΓÄ»ΓÄ»ΓÄ»ΓÄ»ΓÄ»ΓÄ»ΓÄ»ΓÄ»ΓÄ»ΓÄ»[49/83]ΓÄ»[22m[
39m

[41m[1m FAIL [22m[49m tests/property/notificationAuditor.property.test.ts[2m > 
[22mProperty 18: Notification Trigger Identification[2m > [22mEdge cases[2m > 
[22mPROPERTY: Empty directory returns empty results
[31m[1mError[22m: Test timed out in 30000ms.
If this is a long-running test, pass a timeout value as the last argument or configure it 
globally with "testTimeout".[39m
[36m [2mΓ¥»[22m tests/property/notificationAuditor.property.test.ts:[2m957:5[22m[39m
    [90m955| [39m
    [90m956| [39m  [34mdescribe[39m([32m'Edge cases'[39m[33m,[39m () [33m=>[39m {
    [90m957| [39m    [34mit[39m([32m'PROPERTY: Empty directory returns empty 
results'[39m[33m,[39m [35masync[39m () [33m=>[39m {
    [90m   | [39m    [31m^[39m
    [90m958| [39m      [35mconst[39m testDir [33m=[39m [35mawait[39m 
[34mcreateTestDir[39m()[33m;[39m
    [90m959| [39m      [35mtry[39m {

[31m[2mΓÄ»ΓÄ»ΓÄ»ΓÄ»ΓÄ»ΓÄ»ΓÄ»ΓÄ»ΓÄ»ΓÄ»ΓÄ»ΓÄ»ΓÄ»ΓÄ»ΓÄ»ΓÄ»ΓÄ»ΓÄ»ΓÄ»ΓÄ»ΓÄ»ΓÄ»[50/83]ΓÄ»[22m[
39m

[41m[1m FAIL [22m[49m tests/property/notificationAuditor.property.test.ts[2m > 
[22mProperty 18: Notification Trigger Identification[2m > [22mEdge cases[2m > 
[22mPROPERTY: File with no notification triggers returns empty for that file
[31m[1mError[22m: Test timed out in 30000ms.
If this is a long-running test, pass a timeout value as the last argument or configure it 
globally with "testTimeout".[39m
[36m [2mΓ¥»[22m tests/property/notificationAuditor.property.test.ts:[2m970:5[22m[39m
    [90m968| [39m    })[33m;[39m
    [90m969| [39m
    [90m970| [39m    it('PROPERTY: File with no notification triggers returns empty forΓÇª
    [90m   | [39m    [31m^[39m
    [90m971| [39m      [35mconst[39m testDir [33m=[39m [35mawait[39m 
[34mcreateTestDir[39m()[33m;[39m
    [90m972| [39m      [35mtry[39m {

[31m[2mΓÄ»ΓÄ»ΓÄ»ΓÄ»ΓÄ»ΓÄ»ΓÄ»ΓÄ»ΓÄ»ΓÄ»ΓÄ»ΓÄ»ΓÄ»ΓÄ»ΓÄ»ΓÄ»ΓÄ»ΓÄ»ΓÄ»ΓÄ»ΓÄ»ΓÄ»[51/83]ΓÄ»[22m[
39m

[41m[1m FAIL [22m[49m tests/property/notificationAuditor.property.test.ts[2m > 
[22mProperty 18: Notification Trigger Identification[2m > [22mEdge cases[2m > 
[22mPROPERTY: Multiple files are all scanned
[31m[1mError[22m: Test timed out in 30000ms.
If this is a long-running test, pass a timeout value as the last argument or configure it 
globally with "testTimeout".[39m
[36m [2mΓ¥»[22m tests/property/notificationAuditor.property.test.ts:[2m1014:5[22m[39m
    [90m1012| [39m    })[33m;[39m
    [90m1013| [39m
    [90m1014| [39m    [34mit[39m([32m'PROPERTY: Multiple files are all 
scanned'[39m[33m,[39m [35masync[39m () [33m=>[39m {
    [90m   | [39m    [31m^[39m
    [90m1015| [39m      [35mawait[39m fc[33m.[39m[34massert[39m(
    [90m1016| [39m        fc[33m.[39m[34masyncProperty[39m(

[31m[2mΓÄ»ΓÄ»ΓÄ»ΓÄ»ΓÄ»ΓÄ»ΓÄ»ΓÄ»ΓÄ»ΓÄ»ΓÄ»ΓÄ»ΓÄ»ΓÄ»ΓÄ»ΓÄ»ΓÄ»ΓÄ»ΓÄ»ΓÄ»ΓÄ»ΓÄ»[52/83]ΓÄ»[22m[
39m

[41m[1m FAIL [22m[49m tests/property/notificationAuditor.property.test.ts[2m > 
[22mProperty 18: Notification Trigger Identification[2m > [22mEdge cases[2m > 
[22mPROPERTY: Results are sorted by file path and line number
[31m[1mError[22m: Test timed out in 30000ms.
If this is a long-running test, pass a timeout value as the last argument or configure it 
globally with "testTimeout".[39m
[36m [2mΓ¥»[22m tests/property/notificationAuditor.property.test.ts:[2m1039:5[22m[39m
    [90m1037| [39m    })[33m;[39m
    [90m1038| [39m
    [90m1039| [39m    it('PROPERTY: Results are sorted by file path and line number', 
asΓÇª
    [90m   | [39m    [31m^[39m
    [90m1040| [39m      [35mawait[39m fc[33m.[39m[34massert[39m(
    [90m1041| [39m        fc[33m.[39m[34masyncProperty[39m(

[31m[2mΓÄ»ΓÄ»ΓÄ»ΓÄ»ΓÄ»ΓÄ»ΓÄ»ΓÄ»ΓÄ»ΓÄ»ΓÄ»ΓÄ»ΓÄ»ΓÄ»ΓÄ»ΓÄ»ΓÄ»ΓÄ»ΓÄ»ΓÄ»ΓÄ»ΓÄ»[53/83]ΓÄ»[22m[
39m

[41m[1m FAIL [22m[49m tests/property/password.property.test.ts[2m > [22mProperty 2: 
Password hash round-trip[2m > [22mCore Round-Trip Property[2m > [22mPROPERTY: For any 
valid password, hashing then verifying returns true
[31m[1mError[22m: Test timed out in 30000ms.
If this is a long-running test, pass a timeout value as the last argument or configure it 
globally with "testTimeout".[39m
[36m [2mΓ¥»[22m tests/property/password.property.test.ts:[2m69:5[22m[39m
    [90m 67| [39m   */[39m
    [90m 68| [39m  [34mdescribe[39m([32m'Core Round-Trip Property'[39m[33m,[39m () 
[33m=>[39m {
    [90m 69| [39m    it('PROPERTY: For any valid password, hashing then verifying returΓÇª
    [90m   | [39m    [31m^[39m
    [90m 70| [39m      [35mawait[39m fc[33m.[39m[34massert[39m(
    [90m 71| [39m        fc[33m.[39m[34masyncProperty[39m(

[31m[2mΓÄ»ΓÄ»ΓÄ»ΓÄ»ΓÄ»ΓÄ»ΓÄ»ΓÄ»ΓÄ»ΓÄ»ΓÄ»ΓÄ»ΓÄ»ΓÄ»ΓÄ»ΓÄ»ΓÄ»ΓÄ»ΓÄ»ΓÄ»ΓÄ»ΓÄ»[54/83]ΓÄ»[22m[
39m

[41m[1m FAIL [22m[49m tests/property/password.property.test.ts[2m > [22mProperty 2: 
Password hash round-trip[2m > [22mCore Round-Trip Property[2m > [22mPROPERTY: For any 
password with special characters, hashing then verifying returns true
[31m[1mError[22m: Test timed out in 30000ms.
If this is a long-running test, pass a timeout value as the last argument or configure it 
globally with "testTimeout".[39m
[36m [2mΓ¥»[22m tests/property/password.property.test.ts:[2m88:5[22m[39m
    [90m 86| [39m    })[33m;[39m
    [90m 87| [39m
    [90m 88| [39m    it('PROPERTY: For any password with special characters, hashing thΓÇª
    [90m   | [39m    [31m^[39m
    [90m 89| [39m      [35mawait[39m fc[33m.[39m[34massert[39m(
    [90m 90| [39m        fc[33m.[39m[34masyncProperty[39m(

[31m[2mΓÄ»ΓÄ»ΓÄ»ΓÄ»ΓÄ»ΓÄ»ΓÄ»ΓÄ»ΓÄ»ΓÄ»ΓÄ»ΓÄ»ΓÄ»ΓÄ»ΓÄ»ΓÄ»ΓÄ»ΓÄ»ΓÄ»ΓÄ»ΓÄ»ΓÄ»[55/83]ΓÄ»[22m[
39m

[41m[1m FAIL [22m[49m tests/property/password.property.test.ts[2m > [22mProperty 2: 
Password hash round-trip[2m > [22mCore Round-Trip Property[2m > [22mPROPERTY: For any 
unicode password, hashing then verifying returns true
[31m[1mError[22m: Test timed out in 30000ms.
If this is a long-running test, pass a timeout value as the last argument or configure it 
globally with "testTimeout".[39m
[36m [2mΓ¥»[22m tests/property/password.property.test.ts:[2m103:5[22m[39m
    [90m101| [39m    })[33m;[39m
    [90m102| [39m
    [90m103| [39m    it('PROPERTY: For any unicode password, hashing then verifying retΓÇª
    [90m   | [39m    [31m^[39m
    [90m104| [39m      [35mawait[39m fc[33m.[39m[34massert[39m(
    [90m105| [39m        fc[33m.[39m[34masyncProperty[39m(

[31m[2mΓÄ»ΓÄ»ΓÄ»ΓÄ»ΓÄ»ΓÄ»ΓÄ»ΓÄ»ΓÄ»ΓÄ»ΓÄ»ΓÄ»ΓÄ»ΓÄ»ΓÄ»ΓÄ»ΓÄ»ΓÄ»ΓÄ»ΓÄ»ΓÄ»ΓÄ»[56/83]ΓÄ»[22m[
39m

[41m[1m FAIL [22m[49m tests/property/password.property.test.ts[2m > [22mProperty 2: 
Password hash round-trip[2m > [22mHash Uniqueness Property[2m > [22mPROPERTY: Different 
passwords produce different hashes
[31m[1mError[22m: Test timed out in 30000ms.
If this is a long-running test, pass a timeout value as the last argument or configure it 
globally with "testTimeout".[39m
[36m [2mΓ¥»[22m tests/property/password.property.test.ts:[2m126:5[22m[39m
    [90m124| [39m     * Note: Same password hashed twice will also produce different haΓÇª
    [90m125| [39m     */[39m
    [90m126| [39m    it('PROPERTY: Different passwords produce different hashes', asyncΓÇª
    [90m   | [39m    [31m^[39m
    [90m127| [39m      [35mawait[39m fc[33m.[39m[34massert[39m(
    [90m128| [39m        fc[33m.[39m[34masyncProperty[39m(

[31m[2mΓÄ»ΓÄ»ΓÄ»ΓÄ»ΓÄ»ΓÄ»ΓÄ»ΓÄ»ΓÄ»ΓÄ»ΓÄ»ΓÄ»ΓÄ»ΓÄ»ΓÄ»ΓÄ»ΓÄ»ΓÄ»ΓÄ»ΓÄ»ΓÄ»ΓÄ»[57/83]ΓÄ»[22m[
39m

[41m[1m FAIL [22m[49m tests/property/password.property.test.ts[2m > [22mProperty 2: 
Password hash round-trip[2m > [22mHash Uniqueness Property[2m > [22mPROPERTY: Same 
password hashed twice produces different hashes (due to salt)
[31m[1mError[22m: Test timed out in 30000ms.
If this is a long-running test, pass a timeout value as the last argument or configure it 
globally with "testTimeout".[39m
[36m [2mΓ¥»[22m tests/property/password.property.test.ts:[2m142:5[22m[39m
    [90m140| [39m    })[33m;[39m
    [90m141| [39m
    [90m142| [39m    it('PROPERTY: Same password hashed twice produces different hashesΓÇª
    [90m   | [39m    [31m^[39m
    [90m143| [39m      [35mawait[39m fc[33m.[39m[34massert[39m(
    [90m144| [39m        fc[33m.[39m[34masyncProperty[39m(

[31m[2mΓÄ»ΓÄ»ΓÄ»ΓÄ»ΓÄ»ΓÄ»ΓÄ»ΓÄ»ΓÄ»ΓÄ»ΓÄ»ΓÄ»ΓÄ»ΓÄ»ΓÄ»ΓÄ»ΓÄ»ΓÄ»ΓÄ»ΓÄ»ΓÄ»ΓÄ»[58/83]ΓÄ»[22m[
39m

[41m[1m FAIL [22m[49m tests/property/password.property.test.ts[2m > [22mProperty 2: 
Password hash round-trip[2m > [22mWrong Password Rejection Property[2m > [22mPROPERTY: 
Verification with wrong password returns false
[31m[1mError[22m: Test timed out in 30000ms.
If this is a long-running test, pass a timeout value as the last argument or configure it 
globally with "testTimeout".[39m
[36m [2mΓ¥»[22m tests/property/password.property.test.ts:[2m169:5[22m[39m
    [90m167| [39m     * Verification with wrong password should return false.
    [90m168| [39m     */[39m
    [90m169| [39m    it('PROPERTY: Verification with wrong password returns false', asyΓÇª
    [90m   | [39m    [31m^[39m
    [90m170| [39m      [35mawait[39m fc[33m.[39m[34massert[39m(
    [90m171| [39m        fc[33m.[39m[34masyncProperty[39m(

[31m[2mΓÄ»ΓÄ»ΓÄ»ΓÄ»ΓÄ»ΓÄ»ΓÄ»ΓÄ»ΓÄ»ΓÄ»ΓÄ»ΓÄ»ΓÄ»ΓÄ»ΓÄ»ΓÄ»ΓÄ»ΓÄ»ΓÄ»ΓÄ»ΓÄ»ΓÄ»[59/83]ΓÄ»[22m[
39m

[41m[1m FAIL [22m[49m tests/property/password.property.test.ts[2m > [22mProperty 2: 
Password hash round-trip[2m > [22mWrong Password Rejection Property[2m > [22mPROPERTY: 
Verification with modified password returns false
[31m[1mError[22m: Test timed out in 30000ms.
If this is a long-running test, pass a timeout value as the last argument or configure it 
globally with "testTimeout".[39m
[36m [2mΓ¥»[22m tests/property/password.property.test.ts:[2m189:5[22m[39m
    [90m187| [39m    })[33m;[39m
    [90m188| [39m
    [90m189| [39m    it('PROPERTY: Verification with modified password returns false', ΓÇª
    [90m   | [39m    [31m^[39m
    [90m190| [39m      [35mawait[39m fc[33m.[39m[34massert[39m(
    [90m191| [39m        fc[33m.[39m[34masyncProperty[39m(

[31m[2mΓÄ»ΓÄ»ΓÄ»ΓÄ»ΓÄ»ΓÄ»ΓÄ»ΓÄ»ΓÄ»ΓÄ»ΓÄ»ΓÄ»ΓÄ»ΓÄ»ΓÄ»ΓÄ»ΓÄ»ΓÄ»ΓÄ»ΓÄ»ΓÄ»ΓÄ»[60/83]ΓÄ»[22m[
39m

[41m[1m FAIL [22m[49m tests/property/password.property.test.ts[2m > [22mProperty 2: 
Password hash round-trip[2m > [22mHash Format Property[2m > [22mPROPERTY: Hash format 
is valid bcrypt with 12 rounds
[31m[1mError[22m: Test timed out in 30000ms.
If this is a long-running test, pass a timeout value as the last argument or configure it 
globally with "testTimeout".[39m
[36m [2mΓ¥»[22m tests/property/password.property.test.ts:[2m215:5[22m[39m
    [90m213| [39m     * Bcrypt hashes have a specific format: $2a$, $2b$, or $2y$ folloΓÇª
    [90m214| [39m     */[39m
    [90m215| [39m    it('PROPERTY: Hash format is valid bcrypt with 12 rounds', async (ΓÇª
    [90m   | [39m    [31m^[39m
    [90m216| [39m      [35mawait[39m fc[33m.[39m[34massert[39m(
    [90m217| [39m        fc[33m.[39m[34masyncProperty[39m(

[31m[2mΓÄ»ΓÄ»ΓÄ»ΓÄ»ΓÄ»ΓÄ»ΓÄ»ΓÄ»ΓÄ»ΓÄ»ΓÄ»ΓÄ»ΓÄ»ΓÄ»ΓÄ»ΓÄ»ΓÄ»ΓÄ»ΓÄ»ΓÄ»ΓÄ»ΓÄ»[61/83]ΓÄ»[22m[
39m

[41m[1m FAIL [22m[49m tests/property/password.property.test.ts[2m > [22mProperty 2: 
Password hash round-trip[2m > [22mEdge Cases[2m > [22mPROPERTY: Single character 
passwords hash and verify correctly
[31m[1mError[22m: Test timed out in 30000ms.
If this is a long-running test, pass a timeout value as the last argument or configure it 
globally with "testTimeout".[39m
[36m [2mΓ¥»[22m tests/property/password.property.test.ts:[2m244:5[22m[39m
    [90m242| [39m     * **Validates: Requirements 1.6**
    [90m243| [39m     */[39m
    [90m244| [39m    it('PROPERTY: Single character passwords hash and verify correctlyΓÇª
    [90m   | [39m    [31m^[39m
    [90m245| [39m      [35mawait[39m fc[33m.[39m[34massert[39m(
    [90m246| [39m        fc[33m.[39m[34masyncProperty[39m(

[31m[2mΓÄ»ΓÄ»ΓÄ»ΓÄ»ΓÄ»ΓÄ»ΓÄ»ΓÄ»ΓÄ»ΓÄ»ΓÄ»ΓÄ»ΓÄ»ΓÄ»ΓÄ»ΓÄ»ΓÄ»ΓÄ»ΓÄ»ΓÄ»ΓÄ»ΓÄ»[62/83]ΓÄ»[22m[
39m

[41m[1m FAIL [22m[49m tests/property/password.property.test.ts[2m > [22mProperty 2: 
Password hash round-trip[2m > [22mEdge Cases[2m > [22mPROPERTY: Long passwords (up to 
72 bytes) hash and verify correctly
[31m[1mError[22m: Test timed out in 30000ms.
If this is a long-running test, pass a timeout value as the last argument or configure it 
globally with "testTimeout".[39m
[36m [2mΓ¥»[22m tests/property/password.property.test.ts:[2m259:5[22m[39m
    [90m257| [39m    })[33m;[39m
    [90m258| [39m
    [90m259| [39m    it('PROPERTY: Long passwords (up to 72 bytes) hash and verify corrΓÇª
    [90m   | [39m    [31m^[39m
    [90m260| [39m      [90m// Note: bcrypt has a 72-byte limit, but we test up to 100 
chars[39m
    [90m261| [39m      [90m// The implementation should handle this gracefully[39m

[31m[2mΓÄ»ΓÄ»ΓÄ»ΓÄ»ΓÄ»ΓÄ»ΓÄ»ΓÄ»ΓÄ»ΓÄ»ΓÄ»ΓÄ»ΓÄ»ΓÄ»ΓÄ»ΓÄ»ΓÄ»ΓÄ»ΓÄ»ΓÄ»ΓÄ»ΓÄ»[63/83]ΓÄ»[22m[
39m

[41m[1m FAIL [22m[49m tests/property/password.property.test.ts[2m > [22mProperty 2: 
Password hash round-trip[2m > [22mEdge Cases[2m > [22mPROPERTY: Passwords with only 
whitespace hash and verify correctly
[31m[1mError[22m: Test timed out in 30000ms.
If this is a long-running test, pass a timeout value as the last argument or configure it 
globally with "testTimeout".[39m
[36m [2mΓ¥»[22m tests/property/password.property.test.ts:[2m276:5[22m[39m
    [90m274| [39m    })[33m;[39m
    [90m275| [39m
    [90m276| [39m    it('PROPERTY: Passwords with only whitespace hash and verify correΓÇª
    [90m   | [39m    [31m^[39m
    [90m277| [39m      [35mawait[39m fc[33m.[39m[34massert[39m(
    [90m278| [39m        fc[33m.[39m[34masyncProperty[39m(

[31m[2mΓÄ»ΓÄ»ΓÄ»ΓÄ»ΓÄ»ΓÄ»ΓÄ»ΓÄ»ΓÄ»ΓÄ»ΓÄ»ΓÄ»ΓÄ»ΓÄ»ΓÄ»ΓÄ»ΓÄ»ΓÄ»ΓÄ»ΓÄ»ΓÄ»ΓÄ»[64/83]ΓÄ»[22m[
39m

[41m[1m FAIL [22m[49m tests/property/password.property.test.ts[2m > [22mProperty 2: 
Password hash round-trip[2m > [22mEdge Cases[2m > [22mPROPERTY: Passwords with null 
bytes hash and verify correctly
[31m[1mError[22m: Test timed out in 30000ms.
If this is a long-running test, pass a timeout value as the last argument or configure it 
globally with "testTimeout".[39m
[36m [2mΓ¥»[22m tests/property/password.property.test.ts:[2m291:5[22m[39m
    [90m289| [39m    })[33m;[39m
    [90m290| [39m
    [90m291| [39m    it('PROPERTY: Passwords with null bytes hash and verify correctly'ΓÇª
    [90m   | [39m    [31m^[39m
    [90m292| [39m      [35mawait[39m fc[33m.[39m[34massert[39m(
    [90m293| [39m        fc[33m.[39m[34masyncProperty[39m(

[31m[2mΓÄ»ΓÄ»ΓÄ»ΓÄ»ΓÄ»ΓÄ»ΓÄ»ΓÄ»ΓÄ»ΓÄ»ΓÄ»ΓÄ»ΓÄ»ΓÄ»ΓÄ»ΓÄ»ΓÄ»ΓÄ»ΓÄ»ΓÄ»ΓÄ»ΓÄ»[65/83]ΓÄ»[22m[
39m

[41m[1m FAIL [22m[49m tests/property/password.property.test.ts[2m > [22mProperty 2: 
Password hash round-trip[2m > [22mError Handling[2m > [22mshould return false for empty 
password verification
[31m[1mError[22m: Test timed out in 30000ms.
If this is a long-running test, pass a timeout value as the last argument or configure it 
globally with "testTimeout".[39m
[36m [2mΓ¥»[22m tests/property/password.property.test.ts:[2m320:5[22m[39m
    [90m318| [39m    })[33m;[39m
    [90m319| [39m
    [90m320| [39m    it('should return false for empty password verification', async ()ΓÇª
    [90m   | [39m    [31m^[39m
    [90m321| [39m      [35mconst[39m hash [33m=[39m [35mawait[39m 
[34mhashPassword[39m([32m'validPassword'[39m)[33m;[39m
    [90m322| [39m      [35mconst[39m isValid [33m=[39m [35mawait[39m 
[34mverifyPassword[39m([32m''[39m[33m,[39m hash)[33m;[39m

[31m[2mΓÄ»ΓÄ»ΓÄ»ΓÄ»ΓÄ»ΓÄ»ΓÄ»ΓÄ»ΓÄ»ΓÄ»ΓÄ»ΓÄ»ΓÄ»ΓÄ»ΓÄ»ΓÄ»ΓÄ»ΓÄ»ΓÄ»ΓÄ»ΓÄ»ΓÄ»[66/83]ΓÄ»[22m[
39m

[41m[1m FAIL [22m[49m tests/property/password.property.test.ts[2m > [22mProperty 2: 
Password hash round-trip[2m > [22mSecurity Properties[2m > [22mPROPERTY: Hash does not 
contain the original password
[31m[1mError[22m: Test timed out in 30000ms.
If this is a long-running test, pass a timeout value as the last argument or configure it 
globally with "testTimeout".[39m
[36m [2mΓ¥»[22m tests/property/password.property.test.ts:[2m356:5[22m[39m
    [90m354| [39m     * Additional security-focused property tests.
    [90m355| [39m     */[39m
    [90m356| [39m    it('PROPERTY: Hash does not contain the original password', async ΓÇª
    [90m   | [39m    [31m^[39m
    [90m357| [39m      [35mawait[39m fc[33m.[39m[34massert[39m(
    [90m358| [39m        fc[33m.[39m[34masyncProperty[39m(

[31m[2mΓÄ»ΓÄ»ΓÄ»ΓÄ»ΓÄ»ΓÄ»ΓÄ»ΓÄ»ΓÄ»ΓÄ»ΓÄ»ΓÄ»ΓÄ»ΓÄ»ΓÄ»ΓÄ»ΓÄ»ΓÄ»ΓÄ»ΓÄ»ΓÄ»ΓÄ»[67/83]ΓÄ»[22m[
39m

[41m[1m FAIL [22m[49m tests/property/password.property.test.ts[2m > [22mProperty 2: 
Password hash round-trip[2m > [22mSecurity Properties[2m > [22mPROPERTY: Verification 
is case-sensitive
[31m[1mError[22m: Test timed out in 30000ms.
If this is a long-running test, pass a timeout value as the last argument or configure it 
globally with "testTimeout".[39m
[36m [2mΓ¥»[22m tests/property/password.property.test.ts:[2m371:5[22m[39m
    [90m369| [39m    })[33m;[39m
    [90m370| [39m
    [90m371| [39m    [34mit[39m([32m'PROPERTY: Verification is 
case-sensitive'[39m[33m,[39m [35masync[39m () [33m=>[39m {
    [90m   | [39m    [31m^[39m
    [90m372| [39m      [35mawait[39m fc[33m.[39m[34massert[39m(
    [90m373| [39m        fc[33m.[39m[34masyncProperty[39m(

[31m[2mΓÄ»ΓÄ»ΓÄ»ΓÄ»ΓÄ»ΓÄ»ΓÄ»ΓÄ»ΓÄ»ΓÄ»ΓÄ»ΓÄ»ΓÄ»ΓÄ»ΓÄ»ΓÄ»ΓÄ»ΓÄ»ΓÄ»ΓÄ»ΓÄ»ΓÄ»[68/83]ΓÄ»[22m[
39m

[41m[1m FAIL [22m[49m tests/property/supabase-auth-removal.property.test.ts[2m > 
[22mFeature: supabase-auth-removal, Property Tests[2m > [22mProperty 3: No LocalStorage 
Token Storage (Requirement 5.4)[2m > [22mPROPERTY: Auth hooks should use credentials: 
include for cookie-based auth
[31m[1mAssertionError[22m: expected '/**\n * Session Listener Hook - CookiΓÇª' to 
contain 'credentials: \'include\''[39m

[32m- Expected[39m
[31m+ Received[39m

[32m- credentials: 'include'[39m
[31m+ /**[39m
[31m+  * Session Listener Hook - Cookie-based authentication[39m
[31m+  */[39m
[31m+[39m
[31m+ import { useCallback, useEffect, useState, useRef } from 'react'[39m
[31m+ import { useQueryClient } from '@tanstack/react-query'[39m
[31m+ import type { User, UserProfile, SignInResult, SignUpResult, PasswordResetResult } 
from '@/types/auth'[39m
[31m+ import { authRequest, configureAuthController, logoutWithTwoPhaseClear } from 
'@/services/authController'[39m
[31m+[39m
[31m+ export type { User, UserProfile, SignInResult, SignUpResult, PasswordResetResult } 
from '@/types/auth'[39m
[31m+ export type AuthUser = User[39m
[31m+[39m
[31m+ export function useSessionListener() {[39m
[31m+   const queryClient = useQueryClient()[39m
[31m+   const [user, setUser] = useState<User | null>(null)[39m
[31m+   const [loading, setLoading] = useState(true)[39m
[31m+   const mountedRef = useRef(true)[39m
[31m+[39m
[31m+   useEffect(() => {[39m
[31m+     configureAuthController({[39m
[31m+       clearAuthState: () => setUser(null),[39m
[31m+       clearCaches: () => queryClient.clear(),[39m
[31m+     })[39m
[31m+   }, [queryClient])[39m
[31m+[39m
[31m+   useEffect(() => {[39m
[31m+     mountedRef.current = true[39m
[31m+[39m
[31m+     async function checkSession() {[39m
[31m+       try {[39m
[31m+         const response = await authRequest<{ user?: User 
}>('/api/auth?action=session')[39m
[31m+         if (!mountedRef.current) return[39m
[31m+[39m
[31m+         if (response.success && response.data?.user) {[39m
[31m+           setUser(response.data.user)[39m
[31m+         } else {[39m
[31m+           setUser(null)[39m
[31m+         }[39m
[31m+       } finally {[39m
[31m+         if (mountedRef.current) {[39m
[31m+           setLoading(false)[39m
[31m+         }[39m
[31m+       }[39m
[31m+     }[39m
[31m+[39m
[31m+     checkSession()[39m
[31m+[39m
[31m+     return () => {[39m
[31m+       mountedRef.current = false[39m
[31m+     }[39m
[31m+   }, [])[39m
[31m+[39m
[31m+   const signIn = useCallback(async (email: string, password: string): 
Promise<SignInResult> => {[39m
[31m+     queryClient.clear()[39m
[31m+[39m
[31m+     const result = await authRequest<{ user?: User; profile?: UserProfile }>([39m
[31m+       '/api/auth?action=login',[39m
[31m+       {[39m
[31m+         method: 'POST',[39m
[31m+         body: JSON.stringify({ email, password }),[39m
[31m+       },[39m
[31m+       {[39m
[31m+         attemptRefreshOn401: false,[39m
[31m+         redirectOnUnauthorized: false,[39m
[31m+       },[39m
[31m+     )[39m
[31m+[39m
[31m+     if (!result.success || !result.data?.user) {[39m
[31m+       return { error: result.error || 'Login failed' }[39m
[31m+     }[39m
[31m+[39m
[31m+     const authUser = result.data.user[39m
[31m+     setUser(authUser)[39m
[31m+     queryClient.setQueryData(['auth', 'session'], { user: authUser })[39m
[31m+[39m
[31m+     if (result.data.profile) {[39m
[31m+       queryClient.setQueryData(['user-profile', authUser.id], 
result.data.profile)[39m
[31m+     }[39m
[31m+[39m
[31m+     window.dispatchEvent(new CustomEvent('userLoggedIn', {[39m
[31m+       detail: { userId: authUser.id },[39m
[31m+     }))[39m
[31m+[39m
[31m+     return {[39m
[31m+       user: authUser,[39m
[31m+       profile: result.data.profile,[39m
[31m+     }[39m
[31m+   }, [queryClient])[39m
[31m+[39m
[31m+   const signUp = useCallback(async (email: string, password: string, userData: 
Record<string, any>): Promise<SignUpResult> => {[39m
[31m+     const { confirmPassword, turnstileToken, full_name, ...cleanUserData } = 
userData[39m
[31m+[39m
[31m+     const normalizedFullName = typeof full_name === 'string' ? full_name.trim() : 
''[39m
[31m+     const [firstName, ...lastNameParts] = 
normalizedFullName.split(/\s+/).filter(Boolean)[39m
[31m+     const lastName = lastNameParts.join(' ')[39m
[31m+[39m
[31m+     if (!firstName || !lastName) {[39m
[31m+       return { error: 'Please provide your full name (first and last name).' }[39m
[31m+     }[39m
[31m+[39m
[31m+     const result = await authRequest<{ user?: User }>([39m
[31m+       '/api/auth?action=register',[39m
[31m+       {[39m
[31m+         method: 'POST',[39m
[31m+         body: JSON.stringify({[39m
[31m+           email,[39m
[31m+           password,[39m
[31m+           firstName,[39m
[31m+           lastName,[39m
[31m+           ...cleanUserData,[39m
[31m+         }),[39m
[31m+       },[39m
[31m+       {[39m
[31m+         attemptRefreshOn401: false,[39m
[31m+         redirectOnUnauthorized: false,[39m
[31m+       },[39m
[31m+     )[39m
[31m+[39m
[31m+     if (!result.success) {[39m
[31m+       return { error: result.error || 'Unable to create account' }[39m
[31m+     }[39m
[31m+[39m
[31m+     queryClient.clear()[39m
[31m+[39m
[31m+     const userPayload = result.data?.user[39m
[31m+     if (userPayload) {[39m
[31m+       setUser(userPayload)[39m
[31m+       queryClient.setQueryData(['auth', 'session'], { user: userPayload })[39m
[31m+       window.dispatchEvent(new CustomEvent('userLoggedIn', { detail: { userId: 
userPayload.id } }))[39m
[31m+       return { user: userPayload }[39m
[31m+     }[39m
[31m+[39m
[31m+     return { user: null }[39m
[31m+   }, [queryClient])[39m
[31m+[39m
[31m+   const signOut = useCallback(async () => {[39m
[31m+     await logoutWithTwoPhaseClear()[39m
[31m+     setUser(null)[39m
[31m+   }, [])[39m
[31m+[39m
[31m+   const requestPasswordReset = useCallback(async (email: string): 
Promise<PasswordResetResult> => {[39m
[31m+     const result = await authRequest('/api/auth?action=forgot-password', {[39m
[31m+       method: 'POST',[39m
[31m+       body: JSON.stringify({ email }),[39m
[31m+     }, {[39m
[31m+       attemptRefreshOn401: false,[39m
[31m+       redirectOnUnauthorized: false,[39m
[31m+     })[39m
[31m+[39m
[31m+     return result.success ? {} : { error: result.error || 'Unable to send reset 
instructions' }[39m
[31m+   }, [])[39m
[31m+[39m
[31m+   const updatePassword = useCallback(async (password: string, token?: string): 
Promise<PasswordResetResult> => {[39m
[31m+     const result = await authRequest<{ user?: User 
}>('/api/auth?action=reset-password', {[39m
[31m+       method: 'POST',[39m
[31m+       body: JSON.stringify({ password, token }),[39m
[31m+     }, {[39m
[31m+       attemptRefreshOn401: false,[39m
[31m+       redirectOnUnauthorized: false,[39m
[31m+     })[39m
[31m+[39m
[31m+     if (!result.success) {[39m
[31m+       return { error: result.error || 'Unable to reset password' }[39m
[31m+     }[39m
[31m+[39m
[31m+     if (result.data?.user) {[39m
[31m+       setUser(result.data.user)[39m
[31m+     }[39m
[31m+[39m
[31m+     return {}[39m
[31m+   }, [])[39m
[31m+[39m
[31m+   return {[39m
[31m+     user,[39m
[31m+     loading,[39m
[31m+     signIn,[39m
[31m+     signUp,[39m
[31m+     signOut,[39m
[31m+     requestPasswordReset,[39m
[31m+     updatePassword,[39m
[31m+   }[39m
[31m+ }[39m
[31m+[39m

[36m [2mΓ¥»[22m 
tests/property/supabase-auth-removal.property.test.ts:[2m222:23[22m[39m
    [90m220| [39m      
    [90m221| [39m      [90m// Should have credentials: 'include' for fetch calls[39m
    [90m222| [39m      
[34mexpect[39m(content)[33m.[39m[34mtoContain[39m([32m"credentials: 
'include'"[39m)[33m;[39m
    [90m   | [39m                      [31m^[39m
    [90m223| [39m      
    [90m224| [39m      [90m// Should NOT store tokens in localStorage[39m

[31m[2mΓÄ»ΓÄ»ΓÄ»ΓÄ»ΓÄ»ΓÄ»ΓÄ»ΓÄ»ΓÄ»ΓÄ»ΓÄ»ΓÄ»ΓÄ»ΓÄ»ΓÄ»ΓÄ»ΓÄ»ΓÄ»ΓÄ»ΓÄ»ΓÄ»ΓÄ»[69/83]ΓÄ»[22m[
39m

[41m[1m FAIL [22m[49m tests/unit/auth-permissions.test.ts[2m > [22mRole-Based 
Permissions Module[2m > [22mPermission determinism (Requirement 8.3)[2m > [22mshould 
not require database access for permission checks
[31m[1mAssertionError[22m: expected 687.7757999999958 to be less than 100[39m
[36m [2mΓ¥»[22m tests/unit/auth-permissions.test.ts:[2m451:24[22m[39m
    [90m449| [39m
    [90m450| [39m      [90m// 1000 iterations should complete in under 100ms (no DB 
calls)[39m
    [90m451| [39m      
[34mexpect[39m(duration)[33m.[39m[34mtoBeLessThan[39m([34m100[39m)[33m;[39m
    [90m   | [39m                       [31m^[39m
    [90m452| [39m    })[33m;[39m
    [90m453| [39m

[31m[2mΓÄ»ΓÄ»ΓÄ»ΓÄ»ΓÄ»ΓÄ»ΓÄ»ΓÄ»ΓÄ»ΓÄ»ΓÄ»ΓÄ»ΓÄ»ΓÄ»ΓÄ»ΓÄ»ΓÄ»ΓÄ»ΓÄ»ΓÄ»ΓÄ»ΓÄ»[70/83]ΓÄ»[22m[
39m

[41m[1m FAIL [22m[49m tests/unit/optimized-auth-routes.test.tsx[2m > [22museAuthCheck 
session normalization[2m > [22mnormalizes wrapped session payload and authenticates from 
result.data.user
[31m[1mTypeError[22m: Cannot read properties of undefined (reading 
'isAuthenticated')[39m
[36m [2mΓ¥»[22m tests/unit/optimized-auth-routes.test.tsx:[2m80:19[22m[39m
    [90m 78| [39m    [35mconst[39m result [33m=[39m [34museAuthCheck[39m()
    [90m 79| [39m
    [90m 80| [39m    
[34mexpect[39m(result[33m.[39misAuthenticated)[33m.[39m[34mtoBe[39m([35mtrue[39m)
    [90m   | [39m                  [31m^[39m
    [90m 81| [39m    [34mexpect[39m(result[33m.[39muser[33m?.[39mid)[33m.[39m[34m
toBe[39m([32m'user-123'[39m)
    [90m 82| [39m  })

[31m[2mΓÄ»ΓÄ»ΓÄ»ΓÄ»ΓÄ»ΓÄ»ΓÄ»ΓÄ»ΓÄ»ΓÄ»ΓÄ»ΓÄ»ΓÄ»ΓÄ»ΓÄ»ΓÄ»ΓÄ»ΓÄ»ΓÄ»ΓÄ»ΓÄ»ΓÄ»[71/83]ΓÄ»[22m[
39m

[41m[1m FAIL [22m[49m tests/unit/optimized-auth-routes.test.tsx[2m > [22museAuthCheck 
session normalization[2m > [22mreturns unauthenticated state when wrapped response is 
unsuccessful
[31m[1mTypeError[22m: Cannot read properties of undefined (reading 
'isAuthenticated')[39m
[36m [2mΓ¥»[22m tests/unit/optimized-auth-routes.test.tsx:[2m92:19[22m[39m
    [90m 90| [39m    [35mconst[39m result [33m=[39m [34museAuthCheck[39m()
    [90m 91| [39m
    [90m 92| [39m    
[34mexpect[39m(result[33m.[39misAuthenticated)[33m.[39m[34mtoBe[39m([35mfalse[39m)
    [90m   | [39m                  [31m^[39m
    [90m 93| [39m    
[34mexpect[39m(result[33m.[39muser)[33m.[39m[34mtoBeNull[39m()
    [90m 94| [39m  })

[31m[2mΓÄ»ΓÄ»ΓÄ»ΓÄ»ΓÄ»ΓÄ»ΓÄ»ΓÄ»ΓÄ»ΓÄ»ΓÄ»ΓÄ»ΓÄ»ΓÄ»ΓÄ»ΓÄ»ΓÄ»ΓÄ»ΓÄ»ΓÄ»ΓÄ»ΓÄ»[72/83]ΓÄ»[22m[
39m

[41m[1m FAIL [22m[49m tests/unit/optimized-auth-routes.test.tsx[2m > [22mroute guards 
with normalized session-backed auth state[2m > [22mAdminRoute renders inline loader after 
anti-flicker threshold
[31m[1mTypeError[22m: Cannot read properties of null (reading 'props')[39m
[36m [2mΓ¥»[22m tests/unit/optimized-auth-routes.test.tsx:[2m130:20[22m[39m
    [90m128| [39m    const element = AdminRoute({ children: React.createElement('div', ΓÇª
    [90m129| [39m
    [90m130| [39m    expect(element.props.message).toBe('Verifying administrator accessΓÇª
    [90m   | [39m                   [31m^[39m
    [90m131| [39m  })
    [90m132| [39m

[31m[2mΓÄ»ΓÄ»ΓÄ»ΓÄ»ΓÄ»ΓÄ»ΓÄ»ΓÄ»ΓÄ»ΓÄ»ΓÄ»ΓÄ»ΓÄ»ΓÄ»ΓÄ»ΓÄ»ΓÄ»ΓÄ»ΓÄ»ΓÄ»ΓÄ»ΓÄ»[73/83]ΓÄ»[22m[
39m

[41m[1m FAIL [22m[49m tests/unit/optimized-auth-routes.test.tsx[2m > [22mroute guards 
with normalized session-backed auth state[2m > [22mStudentRoute redirects admins to admin 
dashboard
[31m[1mAssertionError[22m: expected [Function Navigate] to be 'mock-navigate' // 
Object.is equality[39m

[32m- Expected:[39m 
"mock-navigate"

[31m+ Received:[39m 
[Function Navigate]

[36m [2mΓ¥»[22m tests/unit/optimized-auth-routes.test.tsx:[2m158:26[22m[39m
    [90m156| [39m    const element = StudentRoute({ children: React.createElement('div'ΓÇª
    [90m157| [39m
    [90m158| [39m    
[34mexpect[39m(element[33m.[39mtype)[33m.[39m[34mtoBe[39m([32m'mock-navigate'[39m)
    [90m   | [39m                         [31m^[39m
    [90m159| [39m    [34mexpect[39m(element[33m.[39mprops[33m.[39mto)[33m.[39m[34
mtoBe[39m([32m'/admin/dashboard'[39m)
    [90m160| [39m  })

[31m[2mΓÄ»ΓÄ»ΓÄ»ΓÄ»ΓÄ»ΓÄ»ΓÄ»ΓÄ»ΓÄ»ΓÄ»ΓÄ»ΓÄ»ΓÄ»ΓÄ»ΓÄ»ΓÄ»ΓÄ»ΓÄ»ΓÄ»ΓÄ»ΓÄ»ΓÄ»[74/83]ΓÄ»[22m[
39m

[41m[1m FAIL [22m[49m tests/unit/optimized-auth-routes.test.tsx[2m > [22mroute guards 
with normalized session-backed auth state[2m > [22mAdminRoute redirects logged-in 
students to student dashboard
[31m[1mAssertionError[22m: expected [Function Navigate] to be 'mock-navigate' // 
Object.is equality[39m

[32m- Expected:[39m 
"mock-navigate"

[31m+ Received:[39m 
[Function Navigate]

[36m [2mΓ¥»[22m tests/unit/optimized-auth-routes.test.tsx:[2m174:26[22m[39m
    [90m172| [39m    const element = AdminRoute({ children: React.createElement('div', ΓÇª
    [90m173| [39m
    [90m174| [39m    
[34mexpect[39m(element[33m.[39mtype)[33m.[39m[34mtoBe[39m([32m'mock-navigate'[39m)
    [90m   | [39m                         [31m^[39m
    [90m175| [39m    [34mexpect[39m(element[33m.[39mprops[33m.[39mto)[33m.[39m[34
mtoBe[39m([32m'/student/dashboard'[39m)
    [90m176| [39m  })

[31m[2mΓÄ»ΓÄ»ΓÄ»ΓÄ»ΓÄ»ΓÄ»ΓÄ»ΓÄ»ΓÄ»ΓÄ»ΓÄ»ΓÄ»ΓÄ»ΓÄ»ΓÄ»ΓÄ»ΓÄ»ΓÄ»ΓÄ»ΓÄ»ΓÄ»ΓÄ»[75/83]ΓÄ»[22m[
39m

[41m[1m FAIL [22m[49m tests/unit/optimized-auth-routes.test.tsx[2m > [22mroute guards 
with normalized session-backed auth state[2m > [22mAdminRoute redirects unauthenticated 
users to signin
[31m[1mAssertionError[22m: expected [Function Navigate] to be 'mock-navigate' // 
Object.is equality[39m

[32m- Expected:[39m 
"mock-navigate"

[31m+ Received:[39m 
[Function Navigate]

[36m [2mΓ¥»[22m tests/unit/optimized-auth-routes.test.tsx:[2m203:26[22m[39m
    [90m201| [39m    const element = AdminRoute({ children: React.createElement('div', ΓÇª
    [90m202| [39m
    [90m203| [39m    
[34mexpect[39m(element[33m.[39mtype)[33m.[39m[34mtoBe[39m([32m'mock-navigate'[39m)
    [90m   | [39m                         [31m^[39m
    [90m204| [39m    [34mexpect[39m(element[33m.[39mprops[33m.[39mto)[33m.[39m[34
mtoBe[39m([32m'/auth/signin'[39m)
    [90m205| [39m  })

[31m[2mΓÄ»ΓÄ»ΓÄ»ΓÄ»ΓÄ»ΓÄ»ΓÄ»ΓÄ»ΓÄ»ΓÄ»ΓÄ»ΓÄ»ΓÄ»ΓÄ»ΓÄ»ΓÄ»ΓÄ»ΓÄ»ΓÄ»ΓÄ»ΓÄ»ΓÄ»[76/83]ΓÄ»[22m[
39m

[41m[1m FAIL [22m[49m 
tests/property/admin-system-health-fixes/head-method.property.test.ts[2m > [22mFeature: 
admin-system-health-fixes, Property 1: HEAD Method Support for API Endpoints[2m > 
[22mProperty: HEAD requests return 200 without authentication (Requirements 1.1, 1.2, 
1.3)[2m > [22mshould return 200 for HEAD request to any API endpoint
[31m[1mError[22m: Property failed after 2 tests
{ seed: -1620659756, path: "1", endOnFailure: true }
Counterexample: ["sessions"]
Shrunk 0 time(s)

Hint: Enable verbose mode in order to have the list of all failing values encountered 
during the run[39m
[90m [2mΓ¥»[22m buildError 
node_modules/fast-check/lib/check/runner/utils/RunDetailsFormatter.js:[2m156:19[22m[39m
[90m [2mΓ¥»[22m asyncThrowIfFailed 
node_modules/fast-check/lib/check/runner/utils/RunDetailsFormatter.js:[2m170:11[22m[39m

[31m[1mCaused by: AssertionError[22m: expected 401 to be 200 // Object.is equality[39m

[32m- Expected[39m
[31m+ Received[39m

[32m- 200[39m
[31m+ 401[39m

[36m [2mΓ¥»[22m 
tests/property/admin-system-health-fixes/head-method.property.test.ts:[2m144:35[22m[39m
[90m [2mΓ¥»[22m AsyncProperty.run 
node_modules/fast-check/lib/check/property/AsyncProperty.generic.js:[2m43:28[22m[39m
[90m [2mΓ¥»[22m asyncRunIt 
node_modules/fast-check/lib/check/runner/Runner.js:[2m24:21[22m[39m
[90m [2mΓ¥»[22m 
tests/property/admin-system-health-fixes/head-method.property.test.ts:[2m137:7[22m[39m

[31m[2mΓÄ»ΓÄ»ΓÄ»ΓÄ»ΓÄ»ΓÄ»ΓÄ»ΓÄ»ΓÄ»ΓÄ»ΓÄ»ΓÄ»ΓÄ»ΓÄ»ΓÄ»ΓÄ»ΓÄ»ΓÄ»ΓÄ»ΓÄ»ΓÄ»ΓÄ»[77/83]ΓÄ»[22m[
39m

[41m[1m FAIL [22m[49m 
tests/property/admin-system-health-fixes/head-method.property.test.ts[2m > [22mFeature: 
admin-system-health-fixes, Property 1: HEAD Method Support for API Endpoints[2m > 
[22mProperty: HEAD requests return 200 without authentication (Requirements 1.1, 1.2, 
1.3)[2m > [22mshould set CORS headers for HEAD requests
[31m[1mError[22m: Test timed out in 30000ms.
If this is a long-running test, pass a timeout value as the last argument or configure it 
globally with "testTimeout".[39m
[36m [2mΓ¥»[22m 
tests/property/admin-system-health-fixes/head-method.property.test.ts:[2m173:5[22m[39m
    [90m171| [39m    })[33m;[39m
    [90m172| [39m
    [90m173| [39m    [34mit[39m([32m'should set CORS headers for HEAD 
requests'[39m[33m,[39m [35masync[39m () [33m=>[39m {
    [90m   | [39m    [31m^[39m
    [90m174| [39m      [35mawait[39m fc[33m.[39m[34massert[39m(
    [90m175| [39m        fc[33m.[39m[34masyncProperty[39m(

[31m[2mΓÄ»ΓÄ»ΓÄ»ΓÄ»ΓÄ»ΓÄ»ΓÄ»ΓÄ»ΓÄ»ΓÄ»ΓÄ»ΓÄ»ΓÄ»ΓÄ»ΓÄ»ΓÄ»ΓÄ»ΓÄ»ΓÄ»ΓÄ»ΓÄ»ΓÄ»[78/83]ΓÄ»[22m[
39m

[41m[1m FAIL [22m[49m 
tests/property/admin-system-health-fixes/head-method.property.test.ts[2m > [22mFeature: 
admin-system-health-fixes, Property 1: HEAD Method Support for API Endpoints[2m > 
[22mProperty: HEAD requests do not require authentication (Requirement 1.3)[2m > 
[22mshould not require Authorization header for HEAD requests
[31m[1mError[22m: Property failed after 4 tests
{ seed: 510526961, path: "3", endOnFailure: true }
Counterexample: ["sessions"]
Shrunk 0 time(s)

Hint: Enable verbose mode in order to have the list of all failing values encountered 
during the run[39m
[90m [2mΓ¥»[22m buildError 
node_modules/fast-check/lib/check/runner/utils/RunDetailsFormatter.js:[2m156:19[22m[39m
[90m [2mΓ¥»[22m asyncThrowIfFailed 
node_modules/fast-check/lib/check/runner/utils/RunDetailsFormatter.js:[2m170:11[22m[39m

[31m[1mCaused by: AssertionError[22m: expected 401 to be 200 // Object.is equality[39m

[32m- Expected[39m
[31m+ Received[39m

[32m- 200[39m
[31m+ 401[39m

[36m [2mΓ¥»[22m 
tests/property/admin-system-health-fixes/head-method.property.test.ts:[2m209:33[22m[39m
[90m [2mΓ¥»[22m AsyncProperty.run 
node_modules/fast-check/lib/check/property/AsyncProperty.generic.js:[2m43:28[22m[39m
[90m [2mΓ¥»[22m asyncRunIt 
node_modules/fast-check/lib/check/runner/Runner.js:[2m24:21[22m[39m
[90m [2mΓ¥»[22m 
tests/property/admin-system-health-fixes/head-method.property.test.ts:[2m194:7[22m[39m

[31m[2mΓÄ»ΓÄ»ΓÄ»ΓÄ»ΓÄ»ΓÄ»ΓÄ»ΓÄ»ΓÄ»ΓÄ»ΓÄ»ΓÄ»ΓÄ»ΓÄ»ΓÄ»ΓÄ»ΓÄ»ΓÄ»ΓÄ»ΓÄ»ΓÄ»ΓÄ»[79/83]ΓÄ»[22m[
39m

[41m[1m FAIL [22m[49m 
tests/property/admin-system-health-fixes/head-method.property.test.ts[2m > [22mFeature: 
admin-system-health-fixes, Property 1: HEAD Method Support for API Endpoints[2m > 
[22mProperty: HEAD requests do not require authentication (Requirement 1.3)[2m > 
[22mshould bypass authentication check for HEAD requests
[31m[1mError[22m: Property failed after 3 tests
{ seed: -1867902594, path: "2:1", endOnFailure: true }
Counterexample: ["sessions",undefined]
Shrunk 1 time(s)

Hint: Enable verbose mode in order to have the list of all failing values encountered 
during the run[39m
[90m [2mΓ¥»[22m buildError 
node_modules/fast-check/lib/check/runner/utils/RunDetailsFormatter.js:[2m156:19[22m[39m
[90m [2mΓ¥»[22m asyncThrowIfFailed 
node_modules/fast-check/lib/check/runner/utils/RunDetailsFormatter.js:[2m170:11[22m[39m

[31m[1mCaused by: AssertionError[22m: expected 401 to be 200 // Object.is equality[39m

[32m- Expected[39m
[31m+ Received[39m

[32m- 200[39m
[31m+ 401[39m

[36m [2mΓ¥»[22m 
tests/property/admin-system-health-fixes/head-method.property.test.ts:[2m237:33[22m[39m
[90m [2mΓ¥»[22m AsyncProperty.run 
node_modules/fast-check/lib/check/property/AsyncProperty.generic.js:[2m43:28[22m[39m
[90m [2mΓ¥»[22m asyncRunIt 
node_modules/fast-check/lib/check/runner/Runner.js:[2m24:21[22m[39m
[90m [2mΓ¥»[22m 
tests/property/admin-system-health-fixes/head-method.property.test.ts:[2m217:7[22m[39m

[31m[2mΓÄ»ΓÄ»ΓÄ»ΓÄ»ΓÄ»ΓÄ»ΓÄ»ΓÄ»ΓÄ»ΓÄ»ΓÄ»ΓÄ»ΓÄ»ΓÄ»ΓÄ»ΓÄ»ΓÄ»ΓÄ»ΓÄ»ΓÄ»ΓÄ»ΓÄ»[80/83]ΓÄ»[22m[
39m

[41m[1m FAIL [22m[49m 
tests/property/admin-system-health-fixes/head-method.property.test.ts[2m > [22mFeature: 
admin-system-health-fixes, Property 1: HEAD Method Support for API Endpoints[2m > 
[22mProperty: HEAD requests are handled before other logic[2m > [22mshould handle HEAD 
before checking query parameters
[31m[1mError[22m: Property failed after 1 tests
{ seed: 400689327, path: "0:1", endOnFailure: true }
Counterexample: ["auth",{}]
Shrunk 1 time(s)

Hint: Enable verbose mode in order to have the list of all failing values encountered 
during the run[39m
[90m [2mΓ¥»[22m buildError 
node_modules/fast-check/lib/check/runner/utils/RunDetailsFormatter.js:[2m156:19[22m[39m
[90m [2mΓ¥»[22m asyncThrowIfFailed 
node_modules/fast-check/lib/check/runner/utils/RunDetailsFormatter.js:[2m170:11[22m[39m

[31m[1mCaused by: AssertionError[22m: expected 400 to be 200 // Object.is equality[39m

[32m- Expected[39m
[31m+ Received[39m

[32m- 200[39m
[31m+ 400[39m

[36m [2mΓ¥»[22m 
tests/property/admin-system-health-fixes/head-method.property.test.ts:[2m269:33[22m[39m
[90m [2mΓ¥»[22m AsyncProperty.run 
node_modules/fast-check/lib/check/property/AsyncProperty.generic.js:[2m43:28[22m[39m
[90m [2mΓ¥»[22m asyncRunIt 
node_modules/fast-check/lib/check/runner/Runner.js:[2m24:21[22m[39m
[90m [2mΓ¥»[22m 
tests/property/admin-system-health-fixes/head-method.property.test.ts:[2m249:7[22m[39m

[31m[2mΓÄ»ΓÄ»ΓÄ»ΓÄ»ΓÄ»ΓÄ»ΓÄ»ΓÄ»ΓÄ»ΓÄ»ΓÄ»ΓÄ»ΓÄ»ΓÄ»ΓÄ»ΓÄ»ΓÄ»ΓÄ»ΓÄ»ΓÄ»ΓÄ»ΓÄ»[81/83]ΓÄ»[22m[
39m

[41m[1m FAIL [22m[49m 
tests/property/admin-system-health-fixes/head-method.property.test.ts[2m > [22mFeature: 
admin-system-health-fixes, Property 1: HEAD Method Support for API Endpoints[2m > 
[22mProperty: HEAD requests are handled before other logic[2m > [22mshould handle HEAD 
before checking request body
[31m[1mError[22m: Property failed after 8 tests
{ seed: -297166974, path: "7:1", endOnFailure: true }
Counterexample: ["auth",{}]
Shrunk 1 time(s)

Hint: Enable verbose mode in order to have the list of all failing values encountered 
during the run[39m
[90m [2mΓ¥»[22m buildError 
node_modules/fast-check/lib/check/runner/utils/RunDetailsFormatter.js:[2m156:19[22m[39m
[90m [2mΓ¥»[22m asyncThrowIfFailed 
node_modules/fast-check/lib/check/runner/utils/RunDetailsFormatter.js:[2m170:11[22m[39m

[31m[1mCaused by: AssertionError[22m: expected 400 to be 200 // Object.is equality[39m

[32m- Expected[39m
[31m+ Received[39m

[32m- 200[39m
[31m+ 400[39m

[36m [2mΓ¥»[22m 
tests/property/admin-system-health-fixes/head-method.property.test.ts:[2m297:33[22m[39m
[90m [2mΓ¥»[22m AsyncProperty.run 
node_modules/fast-check/lib/check/property/AsyncProperty.generic.js:[2m43:28[22m[39m
[90m [2mΓ¥»[22m asyncRunIt 
node_modules/fast-check/lib/check/runner/Runner.js:[2m24:21[22m[39m
[90m [2mΓ¥»[22m 
tests/property/admin-system-health-fixes/head-method.property.test.ts:[2m277:7[22m[39m

[31m[2mΓÄ»ΓÄ»ΓÄ»ΓÄ»ΓÄ»ΓÄ»ΓÄ»ΓÄ»ΓÄ»ΓÄ»ΓÄ»ΓÄ»ΓÄ»ΓÄ»ΓÄ»ΓÄ»ΓÄ»ΓÄ»ΓÄ»ΓÄ»ΓÄ»ΓÄ»[82/83]ΓÄ»[22m[
39m

[41m[1m FAIL [22m[49m 
tests/property/admin-system-health-fixes/head-method.property.test.ts[2m > [22mFeature: 
admin-system-health-fixes, Property 1: HEAD Method Support for API Endpoints[2m > 
[22mProperty: HEAD response has no body[2m > [22mshould return empty body for all HEAD 
requests
[31m[1mError[22m: Property failed after 4 tests
{ seed: -189016732, path: "3", endOnFailure: true }
Counterexample: ["sessions"]
Shrunk 0 time(s)

Hint: Enable verbose mode in order to have the list of all failing values encountered 
during the run[39m
[90m [2mΓ¥»[22m buildError 
node_modules/fast-check/lib/check/runner/utils/RunDetailsFormatter.js:[2m156:19[22m[39m
[90m [2mΓ¥»[22m asyncThrowIfFailed 
node_modules/fast-check/lib/check/runner/utils/RunDetailsFormatter.js:[2m170:11[22m[39m

[31m[1mCaused by: AssertionError[22m: expected true to be false // Object.is 
equality[39m

[32m- Expected[39m
[31m+ Received[39m

[32m- false[39m
[31m+ true[39m

[36m [2mΓ¥»[22m 
tests/property/admin-system-health-fixes/head-method.property.test.ts:[2m315:36[22m[39m
[90m [2mΓ¥»[22m AsyncProperty.run 
node_modules/fast-check/lib/check/property/AsyncProperty.generic.js:[2m43:28[22m[39m
[90m [2mΓ¥»[22m asyncRunIt 
node_modules/fast-check/lib/check/runner/Runner.js:[2m24:21[22m[39m
[90m [2mΓ¥»[22m 
tests/property/admin-system-health-fixes/head-method.property.test.ts:[2m308:7[22m[39m

[31m[2mΓÄ»ΓÄ»ΓÄ»ΓÄ»ΓÄ»ΓÄ»ΓÄ»ΓÄ»ΓÄ»ΓÄ»ΓÄ»ΓÄ»ΓÄ»ΓÄ»ΓÄ»ΓÄ»ΓÄ»ΓÄ»ΓÄ»ΓÄ»ΓÄ»ΓÄ»[83/83]ΓÄ»[22m[
39m

[31mΓÄ»ΓÄ»ΓÄ»ΓÄ»ΓÄ»ΓÄ»[39m[1m[41m Unhandled Errors 
[49m[22m[31mΓÄ»ΓÄ»ΓÄ»ΓÄ»ΓÄ»ΓÄ»[39m
[31m[1m
Vitest caught 31 unhandled errors during the test run.
This might cause false positive tests. Resolve unhandled errors to make sure your tests are 
not affected.[22m[39m

[31mΓÄ»ΓÄ»ΓÄ»ΓÄ»ΓÄ»ΓÄ»[39m[1m[41m Unhandled Error 
[49m[22m[31mΓÄ»ΓÄ»ΓÄ»ΓÄ»ΓÄ»ΓÄ»ΓÄ»[39m
[31m[1mError[22m: [vitest-pool]: Failed to start forks worker for test files C:/Users/Adm
inistrator/Documents/mihasv3/tests/property/admin-system-health-fixes/health-dashboard-resil
ience.property.test.ts.[39m
[90m [2mΓ¥»[22m node_modules/vitest/dist/chunks/cli-api.B7PN_QUv.js:[2m8046:94[22m[39m
[90m [2mΓ¥»[22m runNextTicks node:internal/process/task_queues:[2m64:5[22m[39m
[90m [2mΓ¥»[22m processTimers node:internal/timers:[2m538:9[22m[39m
[90m [2mΓ¥»[22m Pool.schedule 
node_modules/vitest/dist/chunks/cli-api.B7PN_QUv.js:[2m8046:5[22m[39m

[31m[1mCaused by: Error[22m: [vitest-pool-runner]: Timeout waiting for worker to 
respond[39m
[90m [2mΓ¥»[22m Timeout.<anonymous> 
node_modules/vitest/dist/chunks/cli-api.B7PN_QUv.js:[2m7626:58[22m[39m
[90m [2mΓ¥»[22m listOnTimeout node:internal/timers:[2m605:17[22m[39m
[90m [2mΓ¥»[22m processTimers node:internal/timers:[2m541:7[22m[39m


[31mΓÄ»ΓÄ»ΓÄ»ΓÄ»ΓÄ»ΓÄ»[39m[1m[41m Unhandled Error 
[49m[22m[31mΓÄ»ΓÄ»ΓÄ»ΓÄ»ΓÄ»ΓÄ»ΓÄ»[39m
[31m[1mError[22m: [vitest-pool]: Failed to start forks worker for test files C:/Users/Adm
inistrator/Documents/mihasv3/tests/property/animationScanner.property.test.ts.[39m
[90m [2mΓ¥»[22m node_modules/vitest/dist/chunks/cli-api.B7PN_QUv.js:[2m8046:94[22m[39m
[90m [2mΓ¥»[22m Pool.schedule 
node_modules/vitest/dist/chunks/cli-api.B7PN_QUv.js:[2m8046:5[22m[39m

[31m[1mCaused by: Error[22m: [vitest-pool-runner]: Timeout waiting for worker to 
respond[39m
[90m [2mΓ¥»[22m Timeout.<anonymous> 
node_modules/vitest/dist/chunks/cli-api.B7PN_QUv.js:[2m7626:58[22m[39m
[90m [2mΓ¥»[22m listOnTimeout node:internal/timers:[2m605:17[22m[39m
[90m [2mΓ¥»[22m processTimers node:internal/timers:[2m541:7[22m[39m


[31mΓÄ»ΓÄ»ΓÄ»ΓÄ»ΓÄ»ΓÄ»[39m[1m[41m Unhandled Error 
[49m[22m[31mΓÄ»ΓÄ»ΓÄ»ΓÄ»ΓÄ»ΓÄ»ΓÄ»[39m
[31m[1mError[22m: [vitest-pool]: Failed to start forks worker for test files 
C:/Users/Administrator/Documents/mihasv3/tests/property/sseAuditor.property.test.ts.[39m
[90m [2mΓ¥»[22m node_modules/vitest/dist/chunks/cli-api.B7PN_QUv.js:[2m8046:94[22m[39m
[90m [2mΓ¥»[22m Pool.schedule 
node_modules/vitest/dist/chunks/cli-api.B7PN_QUv.js:[2m8046:5[22m[39m

[31m[1mCaused by: Error[22m: [vitest-pool-runner]: Timeout waiting for worker to 
respond[39m
[90m [2mΓ¥»[22m Timeout.<anonymous> 
node_modules/vitest/dist/chunks/cli-api.B7PN_QUv.js:[2m7626:58[22m[39m
[90m [2mΓ¥»[22m listOnTimeout node:internal/timers:[2m605:17[22m[39m
[90m [2mΓ¥»[22m processTimers node:internal/timers:[2m541:7[22m[39m


[31mΓÄ»ΓÄ»ΓÄ»ΓÄ»ΓÄ»ΓÄ»[39m[1m[41m Unhandled Error 
[49m[22m[31mΓÄ»ΓÄ»ΓÄ»ΓÄ»ΓÄ»ΓÄ»ΓÄ»[39m
[31m[1mError[22m: [vitest-pool]: Failed to start forks worker for test files 
C:/Users/Administrator/Documents/mihasv3/tests/property/roleChecker.property.test.ts.[39m
[90m [2mΓ¥»[22m node_modules/vitest/dist/chunks/cli-api.B7PN_QUv.js:[2m8046:94[22m[39m
[90m [2mΓ¥»[22m Pool.schedule 
node_modules/vitest/dist/chunks/cli-api.B7PN_QUv.js:[2m8046:5[22m[39m

[31m[1mCaused by: Error[22m: [vitest-pool-runner]: Timeout waiting for worker to 
respond[39m
[90m [2mΓ¥»[22m Timeout.<anonymous> 
node_modules/vitest/dist/chunks/cli-api.B7PN_QUv.js:[2m7626:58[22m[39m
[90m [2mΓ¥»[22m listOnTimeout node:internal/timers:[2m605:17[22m[39m
[90m [2mΓ¥»[22m processTimers node:internal/timers:[2m541:7[22m[39m


[31mΓÄ»ΓÄ»ΓÄ»ΓÄ»ΓÄ»ΓÄ»[39m[1m[41m Unhandled Error 
[49m[22m[31mΓÄ»ΓÄ»ΓÄ»ΓÄ»ΓÄ»ΓÄ»ΓÄ»[39m
[31m[1mError[22m: [vitest-pool]: Failed to start forks worker for test files 
C:/Users/Administrator/Documents/mihasv3/tests/property/cookies.property.test.ts.[39m
[90m [2mΓ¥»[22m node_modules/vitest/dist/chunks/cli-api.B7PN_QUv.js:[2m8046:94[22m[39m
[90m [2mΓ¥»[22m Pool.schedule 
node_modules/vitest/dist/chunks/cli-api.B7PN_QUv.js:[2m8046:5[22m[39m

[31m[1mCaused by: Error[22m: [vitest-pool-runner]: Timeout waiting for worker to 
respond[39m
[90m [2mΓ¥»[22m Timeout.<anonymous> 
node_modules/vitest/dist/chunks/cli-api.B7PN_QUv.js:[2m7626:58[22m[39m
[90m [2mΓ¥»[22m listOnTimeout node:internal/timers:[2m605:17[22m[39m
[90m [2mΓ¥»[22m processTimers node:internal/timers:[2m541:7[22m[39m


[31mΓÄ»ΓÄ»ΓÄ»ΓÄ»ΓÄ»ΓÄ»[39m[1m[41m Unhandled Error 
[49m[22m[31mΓÄ»ΓÄ»ΓÄ»ΓÄ»ΓÄ»ΓÄ»ΓÄ»[39m
[31m[1mError[22m: [vitest-pool]: Failed to start forks worker for test files 
C:/Users/Administrator/Documents/mihasv3/tests/unit/api/sessions.test.ts.[39m
[90m [2mΓ¥»[22m node_modules/vitest/dist/chunks/cli-api.B7PN_QUv.js:[2m8046:94[22m[39m
[90m [2mΓ¥»[22m Pool.schedule 
node_modules/vitest/dist/chunks/cli-api.B7PN_QUv.js:[2m8046:5[22m[39m

[31m[1mCaused by: Error[22m: [vitest-pool-runner]: Timeout waiting for worker to 
respond[39m
[90m [2mΓ¥»[22m Timeout.<anonymous> 
node_modules/vitest/dist/chunks/cli-api.B7PN_QUv.js:[2m7626:58[22m[39m
[90m [2mΓ¥»[22m listOnTimeout node:internal/timers:[2m605:17[22m[39m
[90m [2mΓ¥»[22m processTimers node:internal/timers:[2m541:7[22m[39m


[31mΓÄ»ΓÄ»ΓÄ»ΓÄ»ΓÄ»ΓÄ»[39m[1m[41m Unhandled Error 
[49m[22m[31mΓÄ»ΓÄ»ΓÄ»ΓÄ»ΓÄ»ΓÄ»ΓÄ»[39m
[31m[1mError[22m: [vitest-pool]: Failed to start forks worker for test files 
C:/Users/Administrator/Documents/mihasv3/tests/unit/api-auth-login-migration.test.ts.[39m
[90m [2mΓ¥»[22m node_modules/vitest/dist/chunks/cli-api.B7PN_QUv.js:[2m8046:94[22m[39m
[90m [2mΓ¥»[22m Pool.schedule 
node_modules/vitest/dist/chunks/cli-api.B7PN_QUv.js:[2m8046:5[22m[39m

[31m[1mCaused by: Error[22m: [vitest-pool-runner]: Timeout waiting for worker to 
respond[39m
[90m [2mΓ¥»[22m Timeout.<anonymous> 
node_modules/vitest/dist/chunks/cli-api.B7PN_QUv.js:[2m7626:58[22m[39m
[90m [2mΓ¥»[22m listOnTimeout node:internal/timers:[2m605:17[22m[39m
[90m [2mΓ¥»[22m processTimers node:internal/timers:[2m541:7[22m[39m


[31mΓÄ»ΓÄ»ΓÄ»ΓÄ»ΓÄ»ΓÄ»[39m[1m[41m Unhandled Error 
[49m[22m[31mΓÄ»ΓÄ»ΓÄ»ΓÄ»ΓÄ»ΓÄ»ΓÄ»[39m
[31m[1mError[22m: [vitest-pool]: Failed to start forks worker for test files C:/Users/Adm
inistrator/Documents/mihasv3/tests/unit/api-auth-profile-name-fallback.test.ts.[39m
[90m [2mΓ¥»[22m node_modules/vitest/dist/chunks/cli-api.B7PN_QUv.js:[2m8046:94[22m[39m
[90m [2mΓ¥»[22m Pool.schedule 
node_modules/vitest/dist/chunks/cli-api.B7PN_QUv.js:[2m8046:5[22m[39m

[31m[1mCaused by: Error[22m: [vitest-pool-runner]: Timeout waiting for worker to 
respond[39m
[90m [2mΓ¥»[22m Timeout.<anonymous> 
node_modules/vitest/dist/chunks/cli-api.B7PN_QUv.js:[2m7626:58[22m[39m
[90m [2mΓ¥»[22m listOnTimeout node:internal/timers:[2m605:17[22m[39m
[90m [2mΓ¥»[22m processTimers node:internal/timers:[2m541:7[22m[39m


[31mΓÄ»ΓÄ»ΓÄ»ΓÄ»ΓÄ»ΓÄ»[39m[1m[41m Unhandled Error 
[49m[22m[31mΓÄ»ΓÄ»ΓÄ»ΓÄ»ΓÄ»ΓÄ»ΓÄ»[39m
[31m[1mError[22m: [vitest-pool]: Failed to start forks worker for test files 
C:/Users/Administrator/Documents/mihasv3/tests/property/raceDetector.property.test.ts.[39m
[90m [2mΓ¥»[22m node_modules/vitest/dist/chunks/cli-api.B7PN_QUv.js:[2m8046:94[22m[39m
[90m [2mΓ¥»[22m Pool.schedule 
node_modules/vitest/dist/chunks/cli-api.B7PN_QUv.js:[2m8046:5[22m[39m

[31m[1mCaused by: Error[22m: [vitest-pool-runner]: Timeout waiting for worker to 
respond[39m
[90m [2mΓ¥»[22m Timeout.<anonymous> 
node_modules/vitest/dist/chunks/cli-api.B7PN_QUv.js:[2m7626:58[22m[39m
[90m [2mΓ¥»[22m listOnTimeout node:internal/timers:[2m605:17[22m[39m
[90m [2mΓ¥»[22m processTimers node:internal/timers:[2m541:7[22m[39m


[31mΓÄ»ΓÄ»ΓÄ»ΓÄ»ΓÄ»ΓÄ»[39m[1m[41m Unhandled Error 
[49m[22m[31mΓÄ»ΓÄ»ΓÄ»ΓÄ»ΓÄ»ΓÄ»ΓÄ»[39m
[31m[1mError[22m: [vitest-pool]: Failed to start forks worker for test files C:/Users/Adm
inistrator/Documents/mihasv3/tests/property/bundleAnalyzer.property.test.ts.[39m
[90m [2mΓ¥»[22m node_modules/vitest/dist/chunks/cli-api.B7PN_QUv.js:[2m8046:94[22m[39m
[90m [2mΓ¥»[22m Pool.schedule 
node_modules/vitest/dist/chunks/cli-api.B7PN_QUv.js:[2m8046:5[22m[39m

[31m[1mCaused by: Error[22m: [vitest-pool-runner]: Timeout waiting for worker to 
respond[39m
[90m [2mΓ¥»[22m Timeout.<anonymous> 
node_modules/vitest/dist/chunks/cli-api.B7PN_QUv.js:[2m7626:58[22m[39m
[90m [2mΓ¥»[22m listOnTimeout node:internal/timers:[2m605:17[22m[39m
[90m [2mΓ¥»[22m processTimers node:internal/timers:[2m541:7[22m[39m


[31mΓÄ»ΓÄ»ΓÄ»ΓÄ»ΓÄ»ΓÄ»[39m[1m[41m Unhandled Error 
[49m[22m[31mΓÄ»ΓÄ»ΓÄ»ΓÄ»ΓÄ»ΓÄ»ΓÄ»[39m
[31m[1mError[22m: [vitest-pool]: Failed to start forks worker for test files C:/Users/Adm
inistrator/Documents/mihasv3/tests/property/idempotencyChecker.property.test.ts.[39m
[90m [2mΓ¥»[22m node_modules/vitest/dist/chunks/cli-api.B7PN_QUv.js:[2m8046:94[22m[39m
[90m [2mΓ¥»[22m Pool.schedule 
node_modules/vitest/dist/chunks/cli-api.B7PN_QUv.js:[2m8046:5[22m[39m

[31m[1mCaused by: Error[22m: [vitest-pool-runner]: Timeout waiting for worker to 
respond[39m
[90m [2mΓ¥»[22m Timeout.<anonymous> 
node_modules/vitest/dist/chunks/cli-api.B7PN_QUv.js:[2m7626:58[22m[39m
[90m [2mΓ¥»[22m listOnTimeout node:internal/timers:[2m605:17[22m[39m
[90m [2mΓ¥»[22m processTimers node:internal/timers:[2m541:7[22m[39m


[31mΓÄ»ΓÄ»ΓÄ»ΓÄ»ΓÄ»ΓÄ»[39m[1m[41m Unhandled Error 
[49m[22m[31mΓÄ»ΓÄ»ΓÄ»ΓÄ»ΓÄ»ΓÄ»ΓÄ»[39m
[31m[1mError[22m: [vitest-pool]: Failed to start forks worker for test files 
C:/Users/Administrator/Documents/mihasv3/tests/property/errorVerifier.property.test.ts.[39m
[90m [2mΓ¥»[22m node_modules/vitest/dist/chunks/cli-api.B7PN_QUv.js:[2m8046:94[22m[39m
[90m [2mΓ¥»[22m Pool.schedule 
node_modules/vitest/dist/chunks/cli-api.B7PN_QUv.js:[2m8046:5[22m[39m

[31m[1mCaused by: Error[22m: [vitest-pool-runner]: Timeout waiting for worker to 
respond[39m
[90m [2mΓ¥»[22m Timeout.<anonymous> 
node_modules/vitest/dist/chunks/cli-api.B7PN_QUv.js:[2m7626:58[22m[39m
[90m [2mΓ¥»[22m listOnTimeout node:internal/timers:[2m605:17[22m[39m
[90m [2mΓ¥»[22m processTimers node:internal/timers:[2m541:7[22m[39m


[31mΓÄ»ΓÄ»ΓÄ»ΓÄ»ΓÄ»ΓÄ»[39m[1m[41m Unhandled Error 
[49m[22m[31mΓÄ»ΓÄ»ΓÄ»ΓÄ»ΓÄ»ΓÄ»ΓÄ»[39m
[31m[1mError[22m: [vitest-pool]: Failed to start forks worker for test files 
C:/Users/Administrator/Documents/mihasv3/tests/property/pageAuditor.property.test.ts.[39m
[90m [2mΓ¥»[22m node_modules/vitest/dist/chunks/cli-api.B7PN_QUv.js:[2m8046:94[22m[39m
[90m [2mΓ¥»[22m Pool.schedule 
node_modules/vitest/dist/chunks/cli-api.B7PN_QUv.js:[2m8046:5[22m[39m

[31m[1mCaused by: Error[22m: [vitest-pool-runner]: Timeout waiting for worker to 
respond[39m
[90m [2mΓ¥»[22m Timeout.<anonymous> 
node_modules/vitest/dist/chunks/cli-api.B7PN_QUv.js:[2m7626:58[22m[39m
[90m [2mΓ¥»[22m listOnTimeout node:internal/timers:[2m605:17[22m[39m
[90m [2mΓ¥»[22m processTimers node:internal/timers:[2m541:7[22m[39m


[31mΓÄ»ΓÄ»ΓÄ»ΓÄ»ΓÄ»ΓÄ»[39m[1m[41m Unhandled Error 
[49m[22m[31mΓÄ»ΓÄ»ΓÄ»ΓÄ»ΓÄ»ΓÄ»ΓÄ»[39m
[31m[1mError[22m: [vitest-pool]: Failed to start forks worker for test files C:/Users/Adm
inistrator/Documents/mihasv3/tests/property/admin-system-health-fixes/audit-log-actor.proper
ty.test.ts.[39m
[90m [2mΓ¥»[22m node_modules/vitest/dist/chunks/cli-api.B7PN_QUv.js:[2m8046:94[22m[39m
[90m [2mΓ¥»[22m Pool.schedule 
node_modules/vitest/dist/chunks/cli-api.B7PN_QUv.js:[2m8046:5[22m[39m

[31m[1mCaused by: Error[22m: [vitest-pool-runner]: Timeout waiting for worker to 
respond[39m
[90m [2mΓ¥»[22m Timeout.<anonymous> 
node_modules/vitest/dist/chunks/cli-api.B7PN_QUv.js:[2m7626:58[22m[39m
[90m [2mΓ¥»[22m listOnTimeout node:internal/timers:[2m605:17[22m[39m
[90m [2mΓ¥»[22m processTimers node:internal/timers:[2m541:7[22m[39m


[31mΓÄ»ΓÄ»ΓÄ»ΓÄ»ΓÄ»ΓÄ»[39m[1m[41m Unhandled Error 
[49m[22m[31mΓÄ»ΓÄ»ΓÄ»ΓÄ»ΓÄ»ΓÄ»ΓÄ»[39m
[31m[1mError[22m: [vitest-pool]: Failed to start forks worker for test files 
C:/Users/Administrator/Documents/mihasv3/tests/property/reducedMotion.property.test.ts.[39m
[90m [2mΓ¥»[22m node_modules/vitest/dist/chunks/cli-api.B7PN_QUv.js:[2m8046:94[22m[39m
[90m [2mΓ¥»[22m Pool.schedule 
node_modules/vitest/dist/chunks/cli-api.B7PN_QUv.js:[2m8046:5[22m[39m

[31m[1mCaused by: Error[22m: [vitest-pool-runner]: Timeout waiting for worker to 
respond[39m
[90m [2mΓ¥»[22m Timeout.<anonymous> 
node_modules/vitest/dist/chunks/cli-api.B7PN_QUv.js:[2m7626:58[22m[39m
[90m [2mΓ¥»[22m listOnTimeout node:internal/timers:[2m605:17[22m[39m
[90m [2mΓ¥»[22m processTimers node:internal/timers:[2m541:7[22m[39m


[31mΓÄ»ΓÄ»ΓÄ»ΓÄ»ΓÄ»ΓÄ»[39m[1m[41m Unhandled Error 
[49m[22m[31mΓÄ»ΓÄ»ΓÄ»ΓÄ»ΓÄ»ΓÄ»ΓÄ»[39m
[31m[1mError[22m: [vitest-pool]: Failed to start forks worker for test files 
C:/Users/Administrator/Documents/mihasv3/tests/property/offline-sync.property.ts.[39m
[90m [2mΓ¥»[22m node_modules/vitest/dist/chunks/cli-api.B7PN_QUv.js:[2m8046:94[22m[39m
[90m [2mΓ¥»[22m Pool.schedule 
node_modules/vitest/dist/chunks/cli-api.B7PN_QUv.js:[2m8046:5[22m[39m

[31m[1mCaused by: Error[22m: [vitest-pool-runner]: Timeout waiting for worker to 
respond[39m
[90m [2mΓ¥»[22m Timeout.<anonymous> 
node_modules/vitest/dist/chunks/cli-api.B7PN_QUv.js:[2m7626:58[22m[39m
[90m [2mΓ¥»[22m listOnTimeout node:internal/timers:[2m605:17[22m[39m
[90m [2mΓ¥»[22m processTimers node:internal/timers:[2m541:7[22m[39m


[31mΓÄ»ΓÄ»ΓÄ»ΓÄ»ΓÄ»ΓÄ»[39m[1m[41m Unhandled Error 
[49m[22m[31mΓÄ»ΓÄ»ΓÄ»ΓÄ»ΓÄ»ΓÄ»ΓÄ»[39m
[31m[1mError[22m: [vitest-pool]: Failed to start forks worker for test files C:/Users/Adm
inistrator/Documents/mihasv3/tests/property/evidenceGenerator.property.test.ts.[39m
[90m [2mΓ¥»[22m node_modules/vitest/dist/chunks/cli-api.B7PN_QUv.js:[2m8046:94[22m[39m
[90m [2mΓ¥»[22m Pool.schedule 
node_modules/vitest/dist/chunks/cli-api.B7PN_QUv.js:[2m8046:5[22m[39m

[31m[1mCaused by: Error[22m: [vitest-pool-runner]: Timeout waiting for worker to 
respond[39m
[90m [2mΓ¥»[22m Timeout.<anonymous> 
node_modules/vitest/dist/chunks/cli-api.B7PN_QUv.js:[2m7626:58[22m[39m
[90m [2mΓ¥»[22m listOnTimeout node:internal/timers:[2m605:17[22m[39m
[90m [2mΓ¥»[22m processTimers node:internal/timers:[2m541:7[22m[39m


[31mΓÄ»ΓÄ»ΓÄ»ΓÄ»ΓÄ»ΓÄ»[39m[1m[41m Unhandled Error 
[49m[22m[31mΓÄ»ΓÄ»ΓÄ»ΓÄ»ΓÄ»ΓÄ»ΓÄ»[39m
[31m[1mError[22m: [vitest-pool]: Failed to start forks worker for test files C:/Users/Adm
inistrator/Documents/mihasv3/tests/property/supabase-exit-migration.property.test.ts.[39m
[90m [2mΓ¥»[22m node_modules/vitest/dist/chunks/cli-api.B7PN_QUv.js:[2m8046:94[22m[39m
[90m [2mΓ¥»[22m Pool.schedule 
node_modules/vitest/dist/chunks/cli-api.B7PN_QUv.js:[2m8046:5[22m[39m

[31m[1mCaused by: Error[22m: [vitest-pool-runner]: Timeout waiting for worker to 
respond[39m
[90m [2mΓ¥»[22m Timeout.<anonymous> 
node_modules/vitest/dist/chunks/cli-api.B7PN_QUv.js:[2m7626:58[22m[39m
[90m [2mΓ¥»[22m listOnTimeout node:internal/timers:[2m605:17[22m[39m
[90m [2mΓ¥»[22m processTimers node:internal/timers:[2m541:7[22m[39m


[31mΓÄ»ΓÄ»ΓÄ»ΓÄ»ΓÄ»ΓÄ»[39m[1m[41m Unhandled Error 
[49m[22m[31mΓÄ»ΓÄ»ΓÄ»ΓÄ»ΓÄ»ΓÄ»ΓÄ»[39m
[31m[1mError[22m: [vitest-pool]: Failed to start forks worker for test files C:/Users/Adm
inistrator/Documents/mihasv3/tests/property/redirectAnalyzer.property.test.ts.[39m
[90m [2mΓ¥»[22m node_modules/vitest/dist/chunks/cli-api.B7PN_QUv.js:[2m8046:94[22m[39m
[90m [2mΓ¥»[22m Pool.schedule 
node_modules/vitest/dist/chunks/cli-api.B7PN_QUv.js:[2m8046:5[22m[39m

[31m[1mCaused by: Error[22m: [vitest-pool-runner]: Timeout waiting for worker to 
respond[39m
[90m [2mΓ¥»[22m Timeout.<anonymous> 
node_modules/vitest/dist/chunks/cli-api.B7PN_QUv.js:[2m7626:58[22m[39m
[90m [2mΓ¥»[22m listOnTimeout node:internal/timers:[2m605:17[22m[39m
[90m [2mΓ¥»[22m processTimers node:internal/timers:[2m541:7[22m[39m


[31mΓÄ»ΓÄ»ΓÄ»ΓÄ»ΓÄ»ΓÄ»[39m[1m[41m Unhandled Error 
[49m[22m[31mΓÄ»ΓÄ»ΓÄ»ΓÄ»ΓÄ»ΓÄ»ΓÄ»[39m
[31m[1mError[22m: [vitest-pool]: Failed to start forks worker for test files C:/Users/Adm
inistrator/Documents/mihasv3/tests/property/deadCodeAuditor.property.test.ts.[39m
[90m [2mΓ¥»[22m node_modules/vitest/dist/chunks/cli-api.B7PN_QUv.js:[2m8046:94[22m[39m
[90m [2mΓ¥»[22m Pool.schedule 
node_modules/vitest/dist/chunks/cli-api.B7PN_QUv.js:[2m8046:5[22m[39m

[31m[1mCaused by: Error[22m: [vitest-pool-runner]: Timeout waiting for worker to 
respond[39m
[90m [2mΓ¥»[22m Timeout.<anonymous> 
node_modules/vitest/dist/chunks/cli-api.B7PN_QUv.js:[2m7626:58[22m[39m
[90m [2mΓ¥»[22m listOnTimeout node:internal/timers:[2m605:17[22m[39m
[90m [2mΓ¥»[22m processTimers node:internal/timers:[2m541:7[22m[39m


[31mΓÄ»ΓÄ»ΓÄ»ΓÄ»ΓÄ»ΓÄ»[39m[1m[41m Unhandled Error 
[49m[22m[31mΓÄ»ΓÄ»ΓÄ»ΓÄ»ΓÄ»ΓÄ»ΓÄ»[39m
[31m[1mError[22m: [vitest-pool]: Failed to start forks worker for test files C:/Users/Adm
inistrator/Documents/mihasv3/tests/property/vercel-api-bundling-fix/file-transformation.prop
erty.test.ts.[39m
[90m [2mΓ¥»[22m node_modules/vitest/dist/chunks/cli-api.B7PN_QUv.js:[2m8046:94[22m[39m
[90m [2mΓ¥»[22m Pool.schedule 
node_modules/vitest/dist/chunks/cli-api.B7PN_QUv.js:[2m8046:5[22m[39m

[31m[1mCaused by: Error[22m: [vitest-pool-runner]: Timeout waiting for worker to 
respond[39m
[90m [2mΓ¥»[22m Timeout.<anonymous> 
node_modules/vitest/dist/chunks/cli-api.B7PN_QUv.js:[2m7626:58[22m[39m
[90m [2mΓ¥»[22m listOnTimeout node:internal/timers:[2m605:17[22m[39m
[90m [2mΓ¥»[22m processTimers node:internal/timers:[2m541:7[22m[39m


[31mΓÄ»ΓÄ»ΓÄ»ΓÄ»ΓÄ»ΓÄ»[39m[1m[41m Unhandled Error 
[49m[22m[31mΓÄ»ΓÄ»ΓÄ»ΓÄ»ΓÄ»ΓÄ»ΓÄ»[39m
[31m[1mError[22m: [vitest-pool]: Failed to start forks worker for test files 
C:/Users/Administrator/Documents/mihasv3/tests/unit/featureFlagScanner.test.ts.[39m
[90m [2mΓ¥»[22m node_modules/vitest/dist/chunks/cli-api.B7PN_QUv.js:[2m8046:94[22m[39m
[90m [2mΓ¥»[22m Pool.schedule 
node_modules/vitest/dist/chunks/cli-api.B7PN_QUv.js:[2m8046:5[22m[39m

[31m[1mCaused by: Error[22m: [vitest-pool-runner]: Timeout waiting for worker to 
respond[39m
[90m [2mΓ¥»[22m Timeout.<anonymous> 
node_modules/vitest/dist/chunks/cli-api.B7PN_QUv.js:[2m7626:58[22m[39m
[90m [2mΓ¥»[22m listOnTimeout node:internal/timers:[2m605:17[22m[39m
[90m [2mΓ¥»[22m processTimers node:internal/timers:[2m541:7[22m[39m


[31mΓÄ»ΓÄ»ΓÄ»ΓÄ»ΓÄ»ΓÄ»[39m[1m[41m Unhandled Error 
[49m[22m[31mΓÄ»ΓÄ»ΓÄ»ΓÄ»ΓÄ»ΓÄ»ΓÄ»[39m
[31m[1mError[22m: [vitest-pool]: Failed to start forks worker for test files C:/Users/Adm
inistrator/Documents/mihasv3/tests/property/authStateAnalyzer.property.test.ts.[39m
[90m [2mΓ¥»[22m node_modules/vitest/dist/chunks/cli-api.B7PN_QUv.js:[2m8046:94[22m[39m
[90m [2mΓ¥»[22m Pool.schedule 
node_modules/vitest/dist/chunks/cli-api.B7PN_QUv.js:[2m8046:5[22m[39m

[31m[1mCaused by: Error[22m: [vitest-pool-runner]: Timeout waiting for worker to 
respond[39m
[90m [2mΓ¥»[22m Timeout.<anonymous> 
node_modules/vitest/dist/chunks/cli-api.B7PN_QUv.js:[2m7626:58[22m[39m
[90m [2mΓ¥»[22m listOnTimeout node:internal/timers:[2m605:17[22m[39m
[90m [2mΓ¥»[22m processTimers node:internal/timers:[2m541:7[22m[39m


[31mΓÄ»ΓÄ»ΓÄ»ΓÄ»ΓÄ»ΓÄ»[39m[1m[41m Unhandled Error 
[49m[22m[31mΓÄ»ΓÄ»ΓÄ»ΓÄ»ΓÄ»ΓÄ»ΓÄ»[39m
[31m[1mError[22m: [vitest-pool]: Failed to start forks worker for test files C:/Users/Adm
inistrator/Documents/mihasv3/tests/property/vercel-api-bundling-fix/import-resolution.proper
ty.test.ts.[39m
[90m [2mΓ¥»[22m node_modules/vitest/dist/chunks/cli-api.B7PN_QUv.js:[2m8046:94[22m[39m
[90m [2mΓ¥»[22m Pool.schedule 
node_modules/vitest/dist/chunks/cli-api.B7PN_QUv.js:[2m8046:5[22m[39m

[31m[1mCaused by: Error[22m: [vitest-pool-runner]: Timeout waiting for worker to 
respond[39m
[90m [2mΓ¥»[22m Timeout.<anonymous> 
node_modules/vitest/dist/chunks/cli-api.B7PN_QUv.js:[2m7626:58[22m[39m
[90m [2mΓ¥»[22m listOnTimeout node:internal/timers:[2m605:17[22m[39m
[90m [2mΓ¥»[22m processTimers node:internal/timers:[2m541:7[22m[39m


[31mΓÄ»ΓÄ»ΓÄ»ΓÄ»ΓÄ»ΓÄ»[39m[1m[41m Unhandled Error 
[49m[22m[31mΓÄ»ΓÄ»ΓÄ»ΓÄ»ΓÄ»ΓÄ»ΓÄ»[39m
[31m[1mError[22m: [vitest-pool]: Failed to start forks worker for test files C:/Users/Adm
inistrator/Documents/mihasv3/tests/property/pollingConfiguration.property.test.ts.[39m
[90m [2mΓ¥»[22m node_modules/vitest/dist/chunks/cli-api.B7PN_QUv.js:[2m8046:94[22m[39m
[90m [2mΓ¥»[22m Pool.schedule 
node_modules/vitest/dist/chunks/cli-api.B7PN_QUv.js:[2m8046:5[22m[39m

[31m[1mCaused by: Error[22m: [vitest-pool-runner]: Timeout waiting for worker to 
respond[39m
[90m [2mΓ¥»[22m Timeout.<anonymous> 
node_modules/vitest/dist/chunks/cli-api.B7PN_QUv.js:[2m7626:58[22m[39m
[90m [2mΓ¥»[22m listOnTimeout node:internal/timers:[2m605:17[22m[39m
[90m [2mΓ¥»[22m processTimers node:internal/timers:[2m541:7[22m[39m


[31mΓÄ»ΓÄ»ΓÄ»ΓÄ»ΓÄ»ΓÄ»[39m[1m[41m Unhandled Error 
[49m[22m[31mΓÄ»ΓÄ»ΓÄ»ΓÄ»ΓÄ»ΓÄ»ΓÄ»[39m
[31m[1mError[22m: [vitest-pool]: Failed to start forks worker for test files 
C:/Users/Administrator/Documents/mihasv3/tests/auth/authController.integration.test.ts.[39m
[90m [2mΓ¥»[22m node_modules/vitest/dist/chunks/cli-api.B7PN_QUv.js:[2m8046:94[22m[39m
[90m [2mΓ¥»[22m Pool.schedule 
node_modules/vitest/dist/chunks/cli-api.B7PN_QUv.js:[2m8046:5[22m[39m

[31m[1mCaused by: Error[22m: [vitest-pool-runner]: Timeout waiting for worker to 
respond[39m
[90m [2mΓ¥»[22m Timeout.<anonymous> 
node_modules/vitest/dist/chunks/cli-api.B7PN_QUv.js:[2m7626:58[22m[39m
[90m [2mΓ¥»[22m listOnTimeout node:internal/timers:[2m605:17[22m[39m
[90m [2mΓ¥»[22m processTimers node:internal/timers:[2m541:7[22m[39m


[31mΓÄ»ΓÄ»ΓÄ»ΓÄ»ΓÄ»ΓÄ»[39m[1m[41m Unhandled Error 
[49m[22m[31mΓÄ»ΓÄ»ΓÄ»ΓÄ»ΓÄ»ΓÄ»ΓÄ»[39m
[31m[1mError[22m: [vitest-pool]: Failed to start forks worker for test files 
C:/Users/Administrator/Documents/mihasv3/tests/unit/api/catch-all-404.test.ts.[39m
[90m [2mΓ¥»[22m node_modules/vitest/dist/chunks/cli-api.B7PN_QUv.js:[2m8046:94[22m[39m
[90m [2mΓ¥»[22m Pool.schedule 
node_modules/vitest/dist/chunks/cli-api.B7PN_QUv.js:[2m8046:5[22m[39m

[31m[1mCaused by: Error[22m: [vitest-pool-runner]: Timeout waiting for worker to 
respond[39m
[90m [2mΓ¥»[22m Timeout.<anonymous> 
node_modules/vitest/dist/chunks/cli-api.B7PN_QUv.js:[2m7626:58[22m[39m
[90m [2mΓ¥»[22m listOnTimeout node:internal/timers:[2m605:17[22m[39m
[90m [2mΓ¥»[22m processTimers node:internal/timers:[2m541:7[22m[39m


[31mΓÄ»ΓÄ»ΓÄ»ΓÄ»ΓÄ»ΓÄ»[39m[1m[41m Unhandled Error 
[49m[22m[31mΓÄ»ΓÄ»ΓÄ»ΓÄ»ΓÄ»ΓÄ»ΓÄ»[39m
[31m[1mError[22m: [vitest-pool]: Failed to start forks worker for test files 
C:/Users/Administrator/Documents/mihasv3/tests/property/polling-interval.property.ts.[39m
[90m [2mΓ¥»[22m node_modules/vitest/dist/chunks/cli-api.B7PN_QUv.js:[2m8046:94[22m[39m
[90m [2mΓ¥»[22m Pool.schedule 
node_modules/vitest/dist/chunks/cli-api.B7PN_QUv.js:[2m8046:5[22m[39m

[31m[1mCaused by: Error[22m: [vitest-pool-runner]: Timeout waiting for worker to 
respond[39m
[90m [2mΓ¥»[22m Timeout.<anonymous> 
node_modules/vitest/dist/chunks/cli-api.B7PN_QUv.js:[2m7626:58[22m[39m
[90m [2mΓ¥»[22m listOnTimeout node:internal/timers:[2m605:17[22m[39m
[90m [2mΓ¥»[22m processTimers node:internal/timers:[2m541:7[22m[39m


[31mΓÄ»ΓÄ»ΓÄ»ΓÄ»ΓÄ»ΓÄ»[39m[1m[41m Unhandled Error 
[49m[22m[31mΓÄ»ΓÄ»ΓÄ»ΓÄ»ΓÄ»ΓÄ»ΓÄ»[39m
[31m[1mError[22m: [vitest-pool]: Failed to start forks worker for test files 
C:/Users/Administrator/Documents/mihasv3/tests/property/reloadGuard.property.test.ts.[39m
[90m [2mΓ¥»[22m node_modules/vitest/dist/chunks/cli-api.B7PN_QUv.js:[2m8046:94[22m[39m
[90m [2mΓ¥»[22m Pool.schedule 
node_modules/vitest/dist/chunks/cli-api.B7PN_QUv.js:[2m8046:5[22m[39m

[31m[1mCaused by: Error[22m: [vitest-pool-runner]: Timeout waiting for worker to 
respond[39m
[90m [2mΓ¥»[22m Timeout.<anonymous> 
node_modules/vitest/dist/chunks/cli-api.B7PN_QUv.js:[2m7626:58[22m[39m
[90m [2mΓ¥»[22m listOnTimeout node:internal/timers:[2m605:17[22m[39m
[90m [2mΓ¥»[22m processTimers node:internal/timers:[2m541:7[22m[39m


[31mΓÄ»ΓÄ»ΓÄ»ΓÄ»ΓÄ»ΓÄ»[39m[1m[41m Unhandled Error 
[49m[22m[31mΓÄ»ΓÄ»ΓÄ»ΓÄ»ΓÄ»ΓÄ»ΓÄ»[39m
[31m[1mError[22m: [vitest-pool]: Failed to start forks worker for test files 
C:/Users/Administrator/Documents/mihasv3/tests/unit/frontend-auth.test.ts.[39m
[90m [2mΓ¥»[22m node_modules/vitest/dist/chunks/cli-api.B7PN_QUv.js:[2m8046:94[22m[39m
[90m [2mΓ¥»[22m Pool.schedule 
node_modules/vitest/dist/chunks/cli-api.B7PN_QUv.js:[2m8046:5[22m[39m

[31m[1mCaused by: Error[22m: [vitest-pool-runner]: Timeout waiting for worker to 
respond[39m
[90m [2mΓ¥»[22m Timeout.<anonymous> 
node_modules/vitest/dist/chunks/cli-api.B7PN_QUv.js:[2m7626:58[22m[39m
[90m [2mΓ¥»[22m listOnTimeout node:internal/timers:[2m605:17[22m[39m
[90m [2mΓ¥»[22m processTimers node:internal/timers:[2m541:7[22m[39m


[31mΓÄ»ΓÄ»ΓÄ»ΓÄ»ΓÄ»ΓÄ»[39m[1m[41m Unhandled Error 
[49m[22m[31mΓÄ»ΓÄ»ΓÄ»ΓÄ»ΓÄ»ΓÄ»ΓÄ»[39m
[31m[1mError[22m: [vitest-pool]: Failed to start forks worker for test files C:/Users/Adm
inistrator/Documents/mihasv3/tests/property/metricsConsistency.property.test.ts.[39m
[90m [2mΓ¥»[22m node_modules/vitest/dist/chunks/cli-api.B7PN_QUv.js:[2m8046:94[22m[39m
[90m [2mΓ¥»[22m Pool.schedule 
node_modules/vitest/dist/chunks/cli-api.B7PN_QUv.js:[2m8046:5[22m[39m

[31m[1mCaused by: Error[22m: [vitest-pool-runner]: Timeout waiting for worker to 
respond[39m
[90m [2mΓ¥»[22m Timeout.<anonymous> 
node_modules/vitest/dist/chunks/cli-api.B7PN_QUv.js:[2m7626:58[22m[39m
[90m [2mΓ¥»[22m listOnTimeout node:internal/timers:[2m605:17[22m[39m
[90m [2mΓ¥»[22m processTimers node:internal/timers:[2m541:7[22m[39m

[31mΓÄ»ΓÄ»ΓÄ»ΓÄ»ΓÄ»ΓÄ»ΓÄ»ΓÄ»ΓÄ»ΓÄ»ΓÄ»ΓÄ»ΓÄ»ΓÄ»ΓÄ»ΓÄ»ΓÄ»ΓÄ»ΓÄ»ΓÄ»ΓÄ»ΓÄ»ΓÄ»ΓÄ»ΓÄ»ΓÄ»ΓÄ»ΓÄ»ΓÄ»
ΓÄ»[39m


[2m Test Files [22m [1m[31m11 failed[39m[22m[2m | [22m[1m[32m67 passed[39m[22m[2m | [22m[33m1 skipped[39m[90m (79)[39m
[2m      Tests [22m [1m[31m81 failed[39m[22m[2m | [22m[1m[32m1305 passed[39m[22m[2m | [22m[33m8 skipped[39m[90m (1394)[39m
[2m     Errors [22m [1m[31m31 errors[39m[22m
[2m   Start at [22m 08:38:47
[2m   Duration [22m 2871.68s[2m (transform 296.21s, setup 0ms, import 720.14s, tests 3115.92s, environment 1697.98s)[22m

error: script "test" exited with code 1
